[2025-07-22T09:11:29.003+0000] {processor.py:161} INFO - Started process (PID=2346) to work on /opt/airflow/dags/pipeline_meteorologia.py
[2025-07-22T09:11:29.005+0000] {processor.py:830} INFO - Processing file /opt/airflow/dags/pipeline_meteorologia.py for tasks to queue
[2025-07-22T09:11:29.008+0000] {logging_mixin.py:188} INFO - [2025-07-22T09:11:29.007+0000] {dagbag.py:545} INFO - Filling up the DagBag from /opt/airflow/dags/pipeline_meteorologia.py
[2025-07-22T09:11:29.474+0000] {processor.py:840} INFO - DAG(s) 'etl_meteorologia' retrieved from /opt/airflow/dags/pipeline_meteorologia.py
[2025-07-22T09:11:29.501+0000] {logging_mixin.py:188} INFO - [2025-07-22T09:11:29.501+0000] {dag.py:3096} INFO - Sync 1 DAGs
[2025-07-22T09:11:29.534+0000] {logging_mixin.py:188} INFO - [2025-07-22T09:11:29.533+0000] {dag.py:3954} INFO - Setting next_dagrun for etl_meteorologia to 2025-07-22 00:00:00+00:00, run_after=2025-07-23 00:00:00+00:00
[2025-07-22T09:11:29.561+0000] {processor.py:183} INFO - Processing /opt/airflow/dags/pipeline_meteorologia.py took 0.568 seconds
[2025-07-22T09:11:59.737+0000] {processor.py:161} INFO - Started process (PID=2409) to work on /opt/airflow/dags/pipeline_meteorologia.py
[2025-07-22T09:11:59.739+0000] {processor.py:830} INFO - Processing file /opt/airflow/dags/pipeline_meteorologia.py for tasks to queue
[2025-07-22T09:11:59.741+0000] {logging_mixin.py:188} INFO - [2025-07-22T09:11:59.740+0000] {dagbag.py:545} INFO - Filling up the DagBag from /opt/airflow/dags/pipeline_meteorologia.py
[2025-07-22T09:12:00.163+0000] {processor.py:840} INFO - DAG(s) 'etl_meteorologia' retrieved from /opt/airflow/dags/pipeline_meteorologia.py
[2025-07-22T09:12:00.188+0000] {logging_mixin.py:188} INFO - [2025-07-22T09:12:00.188+0000] {dag.py:3096} INFO - Sync 1 DAGs
[2025-07-22T09:12:00.216+0000] {logging_mixin.py:188} INFO - [2025-07-22T09:12:00.216+0000] {dag.py:3954} INFO - Setting next_dagrun for etl_meteorologia to 2025-07-22 00:00:00+00:00, run_after=2025-07-23 00:00:00+00:00
[2025-07-22T09:12:00.242+0000] {processor.py:183} INFO - Processing /opt/airflow/dags/pipeline_meteorologia.py took 0.512 seconds
[2025-07-22T09:12:30.903+0000] {processor.py:161} INFO - Started process (PID=2470) to work on /opt/airflow/dags/pipeline_meteorologia.py
[2025-07-22T09:12:30.905+0000] {processor.py:830} INFO - Processing file /opt/airflow/dags/pipeline_meteorologia.py for tasks to queue
[2025-07-22T09:12:30.907+0000] {logging_mixin.py:188} INFO - [2025-07-22T09:12:30.907+0000] {dagbag.py:545} INFO - Filling up the DagBag from /opt/airflow/dags/pipeline_meteorologia.py
[2025-07-22T09:12:31.320+0000] {processor.py:840} INFO - DAG(s) 'etl_meteorologia' retrieved from /opt/airflow/dags/pipeline_meteorologia.py
[2025-07-22T09:12:31.343+0000] {logging_mixin.py:188} INFO - [2025-07-22T09:12:31.342+0000] {dag.py:3096} INFO - Sync 1 DAGs
[2025-07-22T09:12:31.373+0000] {logging_mixin.py:188} INFO - [2025-07-22T09:12:31.373+0000] {dag.py:3954} INFO - Setting next_dagrun for etl_meteorologia to 2025-07-22 00:00:00+00:00, run_after=2025-07-23 00:00:00+00:00
[2025-07-22T09:12:31.407+0000] {processor.py:183} INFO - Processing /opt/airflow/dags/pipeline_meteorologia.py took 0.512 seconds
[2025-07-22T09:13:02.330+0000] {processor.py:161} INFO - Started process (PID=2532) to work on /opt/airflow/dags/pipeline_meteorologia.py
[2025-07-22T09:13:02.331+0000] {processor.py:830} INFO - Processing file /opt/airflow/dags/pipeline_meteorologia.py for tasks to queue
[2025-07-22T09:13:02.333+0000] {logging_mixin.py:188} INFO - [2025-07-22T09:13:02.333+0000] {dagbag.py:545} INFO - Filling up the DagBag from /opt/airflow/dags/pipeline_meteorologia.py
[2025-07-22T09:13:02.694+0000] {processor.py:840} INFO - DAG(s) 'etl_meteorologia' retrieved from /opt/airflow/dags/pipeline_meteorologia.py
[2025-07-22T09:13:02.713+0000] {logging_mixin.py:188} INFO - [2025-07-22T09:13:02.713+0000] {dag.py:3096} INFO - Sync 1 DAGs
[2025-07-22T09:13:02.737+0000] {logging_mixin.py:188} INFO - [2025-07-22T09:13:02.737+0000] {dag.py:3954} INFO - Setting next_dagrun for etl_meteorologia to 2025-07-22 00:00:00+00:00, run_after=2025-07-23 00:00:00+00:00
[2025-07-22T09:13:02.771+0000] {processor.py:183} INFO - Processing /opt/airflow/dags/pipeline_meteorologia.py took 0.448 seconds
[2025-07-22T09:13:32.845+0000] {processor.py:161} INFO - Started process (PID=2593) to work on /opt/airflow/dags/pipeline_meteorologia.py
[2025-07-22T09:13:32.846+0000] {processor.py:830} INFO - Processing file /opt/airflow/dags/pipeline_meteorologia.py for tasks to queue
[2025-07-22T09:13:32.848+0000] {logging_mixin.py:188} INFO - [2025-07-22T09:13:32.847+0000] {dagbag.py:545} INFO - Filling up the DagBag from /opt/airflow/dags/pipeline_meteorologia.py
[2025-07-22T09:13:33.212+0000] {processor.py:840} INFO - DAG(s) 'etl_meteorologia' retrieved from /opt/airflow/dags/pipeline_meteorologia.py
[2025-07-22T09:13:33.230+0000] {logging_mixin.py:188} INFO - [2025-07-22T09:13:33.229+0000] {dag.py:3096} INFO - Sync 1 DAGs
[2025-07-22T09:13:33.255+0000] {logging_mixin.py:188} INFO - [2025-07-22T09:13:33.255+0000] {dag.py:3954} INFO - Setting next_dagrun for etl_meteorologia to 2025-07-22 00:00:00+00:00, run_after=2025-07-23 00:00:00+00:00
[2025-07-22T09:13:33.277+0000] {processor.py:183} INFO - Processing /opt/airflow/dags/pipeline_meteorologia.py took 0.439 seconds
[2025-07-22T09:14:03.740+0000] {processor.py:161} INFO - Started process (PID=2652) to work on /opt/airflow/dags/pipeline_meteorologia.py
[2025-07-22T09:14:03.741+0000] {processor.py:830} INFO - Processing file /opt/airflow/dags/pipeline_meteorologia.py for tasks to queue
[2025-07-22T09:14:03.743+0000] {logging_mixin.py:188} INFO - [2025-07-22T09:14:03.743+0000] {dagbag.py:545} INFO - Filling up the DagBag from /opt/airflow/dags/pipeline_meteorologia.py
[2025-07-22T09:14:04.134+0000] {processor.py:840} INFO - DAG(s) 'etl_meteorologia' retrieved from /opt/airflow/dags/pipeline_meteorologia.py
[2025-07-22T09:14:04.162+0000] {logging_mixin.py:188} INFO - [2025-07-22T09:14:04.162+0000] {dag.py:3096} INFO - Sync 1 DAGs
[2025-07-22T09:14:04.205+0000] {logging_mixin.py:188} INFO - [2025-07-22T09:14:04.205+0000] {dag.py:3954} INFO - Setting next_dagrun for etl_meteorologia to 2025-07-22 00:00:00+00:00, run_after=2025-07-23 00:00:00+00:00
[2025-07-22T09:14:04.244+0000] {processor.py:183} INFO - Processing /opt/airflow/dags/pipeline_meteorologia.py took 0.511 seconds
[2025-07-22T09:14:34.338+0000] {processor.py:161} INFO - Started process (PID=2716) to work on /opt/airflow/dags/pipeline_meteorologia.py
[2025-07-22T09:14:34.339+0000] {processor.py:830} INFO - Processing file /opt/airflow/dags/pipeline_meteorologia.py for tasks to queue
[2025-07-22T09:14:34.342+0000] {logging_mixin.py:188} INFO - [2025-07-22T09:14:34.342+0000] {dagbag.py:545} INFO - Filling up the DagBag from /opt/airflow/dags/pipeline_meteorologia.py
[2025-07-22T09:14:34.777+0000] {processor.py:840} INFO - DAG(s) 'etl_meteorologia' retrieved from /opt/airflow/dags/pipeline_meteorologia.py
[2025-07-22T09:14:34.799+0000] {logging_mixin.py:188} INFO - [2025-07-22T09:14:34.799+0000] {dag.py:3096} INFO - Sync 1 DAGs
[2025-07-22T09:14:34.826+0000] {logging_mixin.py:188} INFO - [2025-07-22T09:14:34.826+0000] {dag.py:3954} INFO - Setting next_dagrun for etl_meteorologia to 2025-07-22 00:00:00+00:00, run_after=2025-07-23 00:00:00+00:00
[2025-07-22T09:14:34.851+0000] {processor.py:183} INFO - Processing /opt/airflow/dags/pipeline_meteorologia.py took 0.523 seconds
[2025-07-22T09:15:04.919+0000] {processor.py:161} INFO - Started process (PID=2784) to work on /opt/airflow/dags/pipeline_meteorologia.py
[2025-07-22T09:15:04.920+0000] {processor.py:830} INFO - Processing file /opt/airflow/dags/pipeline_meteorologia.py for tasks to queue
[2025-07-22T09:15:04.923+0000] {logging_mixin.py:188} INFO - [2025-07-22T09:15:04.922+0000] {dagbag.py:545} INFO - Filling up the DagBag from /opt/airflow/dags/pipeline_meteorologia.py
[2025-07-22T09:15:05.395+0000] {processor.py:840} INFO - DAG(s) 'etl_meteorologia' retrieved from /opt/airflow/dags/pipeline_meteorologia.py
[2025-07-22T09:15:05.415+0000] {logging_mixin.py:188} INFO - [2025-07-22T09:15:05.414+0000] {dag.py:3096} INFO - Sync 1 DAGs
[2025-07-22T09:15:05.438+0000] {logging_mixin.py:188} INFO - [2025-07-22T09:15:05.437+0000] {dag.py:3954} INFO - Setting next_dagrun for etl_meteorologia to 2025-07-22 00:00:00+00:00, run_after=2025-07-23 00:00:00+00:00
[2025-07-22T09:15:05.460+0000] {processor.py:183} INFO - Processing /opt/airflow/dags/pipeline_meteorologia.py took 0.550 seconds
[2025-07-22T09:15:35.540+0000] {processor.py:161} INFO - Started process (PID=2847) to work on /opt/airflow/dags/pipeline_meteorologia.py
[2025-07-22T09:15:35.542+0000] {processor.py:830} INFO - Processing file /opt/airflow/dags/pipeline_meteorologia.py for tasks to queue
[2025-07-22T09:15:35.544+0000] {logging_mixin.py:188} INFO - [2025-07-22T09:15:35.543+0000] {dagbag.py:545} INFO - Filling up the DagBag from /opt/airflow/dags/pipeline_meteorologia.py
[2025-07-22T09:15:35.919+0000] {processor.py:840} INFO - DAG(s) 'etl_meteorologia' retrieved from /opt/airflow/dags/pipeline_meteorologia.py
[2025-07-22T09:15:35.938+0000] {logging_mixin.py:188} INFO - [2025-07-22T09:15:35.938+0000] {dag.py:3096} INFO - Sync 1 DAGs
[2025-07-22T09:15:35.965+0000] {logging_mixin.py:188} INFO - [2025-07-22T09:15:35.964+0000] {dag.py:3954} INFO - Setting next_dagrun for etl_meteorologia to 2025-07-22 00:00:00+00:00, run_after=2025-07-23 00:00:00+00:00
[2025-07-22T09:15:35.984+0000] {processor.py:183} INFO - Processing /opt/airflow/dags/pipeline_meteorologia.py took 0.451 seconds
[2025-07-22T09:16:06.755+0000] {processor.py:161} INFO - Started process (PID=2907) to work on /opt/airflow/dags/pipeline_meteorologia.py
[2025-07-22T09:16:06.757+0000] {processor.py:830} INFO - Processing file /opt/airflow/dags/pipeline_meteorologia.py for tasks to queue
[2025-07-22T09:16:06.759+0000] {logging_mixin.py:188} INFO - [2025-07-22T09:16:06.759+0000] {dagbag.py:545} INFO - Filling up the DagBag from /opt/airflow/dags/pipeline_meteorologia.py
[2025-07-22T09:16:07.233+0000] {processor.py:840} INFO - DAG(s) 'etl_meteorologia' retrieved from /opt/airflow/dags/pipeline_meteorologia.py
[2025-07-22T09:16:07.254+0000] {logging_mixin.py:188} INFO - [2025-07-22T09:16:07.254+0000] {dag.py:3096} INFO - Sync 1 DAGs
[2025-07-22T09:16:07.286+0000] {logging_mixin.py:188} INFO - [2025-07-22T09:16:07.286+0000] {dag.py:3954} INFO - Setting next_dagrun for etl_meteorologia to 2025-07-22 00:00:00+00:00, run_after=2025-07-23 00:00:00+00:00
[2025-07-22T09:16:07.308+0000] {processor.py:183} INFO - Processing /opt/airflow/dags/pipeline_meteorologia.py took 0.561 seconds
[2025-07-22T09:16:38.201+0000] {processor.py:161} INFO - Started process (PID=2969) to work on /opt/airflow/dags/pipeline_meteorologia.py
[2025-07-22T09:16:38.203+0000] {processor.py:830} INFO - Processing file /opt/airflow/dags/pipeline_meteorologia.py for tasks to queue
[2025-07-22T09:16:38.206+0000] {logging_mixin.py:188} INFO - [2025-07-22T09:16:38.206+0000] {dagbag.py:545} INFO - Filling up the DagBag from /opt/airflow/dags/pipeline_meteorologia.py
[2025-07-22T09:16:38.588+0000] {processor.py:840} INFO - DAG(s) 'etl_meteorologia' retrieved from /opt/airflow/dags/pipeline_meteorologia.py
[2025-07-22T09:16:38.608+0000] {logging_mixin.py:188} INFO - [2025-07-22T09:16:38.608+0000] {dag.py:3096} INFO - Sync 1 DAGs
[2025-07-22T09:16:38.635+0000] {logging_mixin.py:188} INFO - [2025-07-22T09:16:38.635+0000] {dag.py:3954} INFO - Setting next_dagrun for etl_meteorologia to 2025-07-22 00:00:00+00:00, run_after=2025-07-23 00:00:00+00:00
[2025-07-22T09:16:38.659+0000] {processor.py:183} INFO - Processing /opt/airflow/dags/pipeline_meteorologia.py took 0.467 seconds
[2025-07-22T09:17:08.758+0000] {processor.py:161} INFO - Started process (PID=3029) to work on /opt/airflow/dags/pipeline_meteorologia.py
[2025-07-22T09:17:08.760+0000] {processor.py:830} INFO - Processing file /opt/airflow/dags/pipeline_meteorologia.py for tasks to queue
[2025-07-22T09:17:08.762+0000] {logging_mixin.py:188} INFO - [2025-07-22T09:17:08.761+0000] {dagbag.py:545} INFO - Filling up the DagBag from /opt/airflow/dags/pipeline_meteorologia.py
[2025-07-22T09:17:09.207+0000] {processor.py:840} INFO - DAG(s) 'etl_meteorologia' retrieved from /opt/airflow/dags/pipeline_meteorologia.py
[2025-07-22T09:17:09.230+0000] {logging_mixin.py:188} INFO - [2025-07-22T09:17:09.229+0000] {dag.py:3096} INFO - Sync 1 DAGs
[2025-07-22T09:17:09.258+0000] {logging_mixin.py:188} INFO - [2025-07-22T09:17:09.258+0000] {dag.py:3954} INFO - Setting next_dagrun for etl_meteorologia to 2025-07-22 00:00:00+00:00, run_after=2025-07-23 00:00:00+00:00
[2025-07-22T09:17:09.288+0000] {processor.py:183} INFO - Processing /opt/airflow/dags/pipeline_meteorologia.py took 0.537 seconds
[2025-07-22T09:17:39.445+0000] {processor.py:161} INFO - Started process (PID=3092) to work on /opt/airflow/dags/pipeline_meteorologia.py
[2025-07-22T09:17:39.446+0000] {processor.py:830} INFO - Processing file /opt/airflow/dags/pipeline_meteorologia.py for tasks to queue
[2025-07-22T09:17:39.449+0000] {logging_mixin.py:188} INFO - [2025-07-22T09:17:39.449+0000] {dagbag.py:545} INFO - Filling up the DagBag from /opt/airflow/dags/pipeline_meteorologia.py
[2025-07-22T09:17:39.874+0000] {processor.py:840} INFO - DAG(s) 'etl_meteorologia' retrieved from /opt/airflow/dags/pipeline_meteorologia.py
[2025-07-22T09:17:39.899+0000] {logging_mixin.py:188} INFO - [2025-07-22T09:17:39.899+0000] {dag.py:3096} INFO - Sync 1 DAGs
[2025-07-22T09:17:39.928+0000] {logging_mixin.py:188} INFO - [2025-07-22T09:17:39.927+0000] {dag.py:3954} INFO - Setting next_dagrun for etl_meteorologia to 2025-07-22 00:00:00+00:00, run_after=2025-07-23 00:00:00+00:00
[2025-07-22T09:17:39.953+0000] {processor.py:183} INFO - Processing /opt/airflow/dags/pipeline_meteorologia.py took 0.516 seconds
[2025-07-22T09:18:10.202+0000] {processor.py:161} INFO - Started process (PID=3154) to work on /opt/airflow/dags/pipeline_meteorologia.py
[2025-07-22T09:18:10.203+0000] {processor.py:830} INFO - Processing file /opt/airflow/dags/pipeline_meteorologia.py for tasks to queue
[2025-07-22T09:18:10.206+0000] {logging_mixin.py:188} INFO - [2025-07-22T09:18:10.206+0000] {dagbag.py:545} INFO - Filling up the DagBag from /opt/airflow/dags/pipeline_meteorologia.py
[2025-07-22T09:18:10.681+0000] {processor.py:840} INFO - DAG(s) 'etl_meteorologia' retrieved from /opt/airflow/dags/pipeline_meteorologia.py
[2025-07-22T09:18:10.705+0000] {logging_mixin.py:188} INFO - [2025-07-22T09:18:10.705+0000] {dag.py:3096} INFO - Sync 1 DAGs
[2025-07-22T09:18:10.735+0000] {logging_mixin.py:188} INFO - [2025-07-22T09:18:10.735+0000] {dag.py:3954} INFO - Setting next_dagrun for etl_meteorologia to 2025-07-22 00:00:00+00:00, run_after=2025-07-23 00:00:00+00:00
[2025-07-22T09:18:10.762+0000] {processor.py:183} INFO - Processing /opt/airflow/dags/pipeline_meteorologia.py took 0.570 seconds
[2025-07-22T09:18:41.221+0000] {processor.py:161} INFO - Started process (PID=3216) to work on /opt/airflow/dags/pipeline_meteorologia.py
[2025-07-22T09:18:41.222+0000] {processor.py:830} INFO - Processing file /opt/airflow/dags/pipeline_meteorologia.py for tasks to queue
[2025-07-22T09:18:41.225+0000] {logging_mixin.py:188} INFO - [2025-07-22T09:18:41.224+0000] {dagbag.py:545} INFO - Filling up the DagBag from /opt/airflow/dags/pipeline_meteorologia.py
[2025-07-22T09:18:41.650+0000] {processor.py:840} INFO - DAG(s) 'etl_meteorologia' retrieved from /opt/airflow/dags/pipeline_meteorologia.py
[2025-07-22T09:18:41.680+0000] {logging_mixin.py:188} INFO - [2025-07-22T09:18:41.680+0000] {dag.py:3096} INFO - Sync 1 DAGs
[2025-07-22T09:18:41.735+0000] {logging_mixin.py:188} INFO - [2025-07-22T09:18:41.735+0000] {dag.py:3954} INFO - Setting next_dagrun for etl_meteorologia to 2025-07-22 00:00:00+00:00, run_after=2025-07-23 00:00:00+00:00
[2025-07-22T09:18:41.775+0000] {processor.py:183} INFO - Processing /opt/airflow/dags/pipeline_meteorologia.py took 0.562 seconds
[2025-07-22T09:19:12.716+0000] {processor.py:161} INFO - Started process (PID=3276) to work on /opt/airflow/dags/pipeline_meteorologia.py
[2025-07-22T09:19:12.717+0000] {processor.py:830} INFO - Processing file /opt/airflow/dags/pipeline_meteorologia.py for tasks to queue
[2025-07-22T09:19:12.719+0000] {logging_mixin.py:188} INFO - [2025-07-22T09:19:12.719+0000] {dagbag.py:545} INFO - Filling up the DagBag from /opt/airflow/dags/pipeline_meteorologia.py
[2025-07-22T09:19:13.062+0000] {processor.py:840} INFO - DAG(s) 'etl_meteorologia' retrieved from /opt/airflow/dags/pipeline_meteorologia.py
[2025-07-22T09:19:13.081+0000] {logging_mixin.py:188} INFO - [2025-07-22T09:19:13.080+0000] {dag.py:3096} INFO - Sync 1 DAGs
[2025-07-22T09:19:13.104+0000] {logging_mixin.py:188} INFO - [2025-07-22T09:19:13.104+0000] {dag.py:3954} INFO - Setting next_dagrun for etl_meteorologia to 2025-07-22 00:00:00+00:00, run_after=2025-07-23 00:00:00+00:00
[2025-07-22T09:19:13.125+0000] {processor.py:183} INFO - Processing /opt/airflow/dags/pipeline_meteorologia.py took 0.417 seconds
[2025-07-22T09:19:43.255+0000] {processor.py:161} INFO - Started process (PID=3338) to work on /opt/airflow/dags/pipeline_meteorologia.py
[2025-07-22T09:19:43.256+0000] {processor.py:830} INFO - Processing file /opt/airflow/dags/pipeline_meteorologia.py for tasks to queue
[2025-07-22T09:19:43.258+0000] {logging_mixin.py:188} INFO - [2025-07-22T09:19:43.258+0000] {dagbag.py:545} INFO - Filling up the DagBag from /opt/airflow/dags/pipeline_meteorologia.py
[2025-07-22T09:19:43.619+0000] {processor.py:840} INFO - DAG(s) 'etl_meteorologia' retrieved from /opt/airflow/dags/pipeline_meteorologia.py
[2025-07-22T09:19:43.638+0000] {logging_mixin.py:188} INFO - [2025-07-22T09:19:43.637+0000] {dag.py:3096} INFO - Sync 1 DAGs
[2025-07-22T09:19:43.663+0000] {logging_mixin.py:188} INFO - [2025-07-22T09:19:43.662+0000] {dag.py:3954} INFO - Setting next_dagrun for etl_meteorologia to 2025-07-22 00:00:00+00:00, run_after=2025-07-23 00:00:00+00:00
[2025-07-22T09:19:43.685+0000] {processor.py:183} INFO - Processing /opt/airflow/dags/pipeline_meteorologia.py took 0.437 seconds
[2025-07-22T09:20:13.835+0000] {processor.py:161} INFO - Started process (PID=3400) to work on /opt/airflow/dags/pipeline_meteorologia.py
[2025-07-22T09:20:13.836+0000] {processor.py:830} INFO - Processing file /opt/airflow/dags/pipeline_meteorologia.py for tasks to queue
[2025-07-22T09:20:13.838+0000] {logging_mixin.py:188} INFO - [2025-07-22T09:20:13.838+0000] {dagbag.py:545} INFO - Filling up the DagBag from /opt/airflow/dags/pipeline_meteorologia.py
[2025-07-22T09:20:14.336+0000] {processor.py:840} INFO - DAG(s) 'etl_meteorologia' retrieved from /opt/airflow/dags/pipeline_meteorologia.py
[2025-07-22T09:20:14.369+0000] {logging_mixin.py:188} INFO - [2025-07-22T09:20:14.368+0000] {dag.py:3096} INFO - Sync 1 DAGs
[2025-07-22T09:20:14.406+0000] {logging_mixin.py:188} INFO - [2025-07-22T09:20:14.406+0000] {dag.py:3954} INFO - Setting next_dagrun for etl_meteorologia to 2025-07-22 00:00:00+00:00, run_after=2025-07-23 00:00:00+00:00
[2025-07-22T09:20:14.440+0000] {processor.py:183} INFO - Processing /opt/airflow/dags/pipeline_meteorologia.py took 0.612 seconds
[2025-07-22T09:20:45.047+0000] {processor.py:161} INFO - Started process (PID=3461) to work on /opt/airflow/dags/pipeline_meteorologia.py
[2025-07-22T09:20:45.049+0000] {processor.py:830} INFO - Processing file /opt/airflow/dags/pipeline_meteorologia.py for tasks to queue
[2025-07-22T09:20:45.054+0000] {logging_mixin.py:188} INFO - [2025-07-22T09:20:45.053+0000] {dagbag.py:545} INFO - Filling up the DagBag from /opt/airflow/dags/pipeline_meteorologia.py
[2025-07-22T09:20:45.466+0000] {processor.py:840} INFO - DAG(s) 'etl_meteorologia' retrieved from /opt/airflow/dags/pipeline_meteorologia.py
[2025-07-22T09:20:45.487+0000] {logging_mixin.py:188} INFO - [2025-07-22T09:20:45.486+0000] {dag.py:3096} INFO - Sync 1 DAGs
[2025-07-22T09:20:45.515+0000] {logging_mixin.py:188} INFO - [2025-07-22T09:20:45.514+0000] {dag.py:3954} INFO - Setting next_dagrun for etl_meteorologia to 2025-07-22 00:00:00+00:00, run_after=2025-07-23 00:00:00+00:00
[2025-07-22T09:20:45.546+0000] {processor.py:183} INFO - Processing /opt/airflow/dags/pipeline_meteorologia.py took 0.509 seconds
[2025-07-22T09:21:15.788+0000] {processor.py:161} INFO - Started process (PID=3526) to work on /opt/airflow/dags/pipeline_meteorologia.py
[2025-07-22T09:21:15.790+0000] {processor.py:830} INFO - Processing file /opt/airflow/dags/pipeline_meteorologia.py for tasks to queue
[2025-07-22T09:21:15.796+0000] {logging_mixin.py:188} INFO - [2025-07-22T09:21:15.794+0000] {dagbag.py:545} INFO - Filling up the DagBag from /opt/airflow/dags/pipeline_meteorologia.py
[2025-07-22T09:21:16.344+0000] {processor.py:840} INFO - DAG(s) 'etl_meteorologia' retrieved from /opt/airflow/dags/pipeline_meteorologia.py
[2025-07-22T09:21:16.362+0000] {logging_mixin.py:188} INFO - [2025-07-22T09:21:16.361+0000] {dag.py:3096} INFO - Sync 1 DAGs
[2025-07-22T09:21:16.384+0000] {logging_mixin.py:188} INFO - [2025-07-22T09:21:16.384+0000] {dag.py:3954} INFO - Setting next_dagrun for etl_meteorologia to 2025-07-22 00:00:00+00:00, run_after=2025-07-23 00:00:00+00:00
[2025-07-22T09:21:16.421+0000] {processor.py:183} INFO - Processing /opt/airflow/dags/pipeline_meteorologia.py took 0.650 seconds
[2025-07-22T09:21:46.798+0000] {processor.py:161} INFO - Started process (PID=3586) to work on /opt/airflow/dags/pipeline_meteorologia.py
[2025-07-22T09:21:46.800+0000] {processor.py:830} INFO - Processing file /opt/airflow/dags/pipeline_meteorologia.py for tasks to queue
[2025-07-22T09:21:46.802+0000] {logging_mixin.py:188} INFO - [2025-07-22T09:21:46.802+0000] {dagbag.py:545} INFO - Filling up the DagBag from /opt/airflow/dags/pipeline_meteorologia.py
[2025-07-22T09:21:47.249+0000] {processor.py:840} INFO - DAG(s) 'etl_meteorologia' retrieved from /opt/airflow/dags/pipeline_meteorologia.py
[2025-07-22T09:21:47.266+0000] {logging_mixin.py:188} INFO - [2025-07-22T09:21:47.266+0000] {dag.py:3096} INFO - Sync 1 DAGs
[2025-07-22T09:21:47.289+0000] {logging_mixin.py:188} INFO - [2025-07-22T09:21:47.289+0000] {dag.py:3954} INFO - Setting next_dagrun for etl_meteorologia to 2025-07-22 00:00:00+00:00, run_after=2025-07-23 00:00:00+00:00
[2025-07-22T09:21:47.309+0000] {processor.py:183} INFO - Processing /opt/airflow/dags/pipeline_meteorologia.py took 0.519 seconds
[2025-07-22T09:22:18.214+0000] {processor.py:161} INFO - Started process (PID=3647) to work on /opt/airflow/dags/pipeline_meteorologia.py
[2025-07-22T09:22:18.216+0000] {processor.py:830} INFO - Processing file /opt/airflow/dags/pipeline_meteorologia.py for tasks to queue
[2025-07-22T09:22:18.218+0000] {logging_mixin.py:188} INFO - [2025-07-22T09:22:18.218+0000] {dagbag.py:545} INFO - Filling up the DagBag from /opt/airflow/dags/pipeline_meteorologia.py
[2025-07-22T09:22:18.533+0000] {processor.py:840} INFO - DAG(s) 'etl_meteorologia' retrieved from /opt/airflow/dags/pipeline_meteorologia.py
[2025-07-22T09:22:18.552+0000] {logging_mixin.py:188} INFO - [2025-07-22T09:22:18.551+0000] {dag.py:3096} INFO - Sync 1 DAGs
[2025-07-22T09:22:18.574+0000] {logging_mixin.py:188} INFO - [2025-07-22T09:22:18.573+0000] {dag.py:3954} INFO - Setting next_dagrun for etl_meteorologia to 2025-07-22 00:00:00+00:00, run_after=2025-07-23 00:00:00+00:00
[2025-07-22T09:22:18.594+0000] {processor.py:183} INFO - Processing /opt/airflow/dags/pipeline_meteorologia.py took 0.386 seconds
