[0m11:12:38.521959 [debug] [MainThread]: Sending event: {'category': 'dbt', 'action': 'invocation', 'label': 'start', 'context': [<snowplow_tracker.self_describing_json.SelfDescribingJson object at 0x000001F2C24B3510>, <snowplow_tracker.self_describing_json.SelfDescribingJson object at 0x000001F2C24B8790>, <snowplow_tracker.self_describing_json.SelfDescribingJson object at 0x000001F2C24BBCD0>]}


============================== 11:12:38.530992 | c36f8cb1-ec8b-4a76-a699-24fe4919d4ef ==============================
[0m11:12:38.530992 [info ] [MainThread]: Running with dbt=1.10.7
[0m11:12:38.532044 [debug] [MainThread]: running dbt with arguments {'printer_width': '80', 'indirect_selection': 'eager', 'write_json': 'True', 'log_cache_events': 'False', 'partial_parse': 'True', 'cache_selected_only': 'False', 'profiles_dir': 'C:\\Users\\gonca\\.dbt', 'debug': 'False', 'fail_fast': 'False', 'log_path': 'logs', 'version_check': 'True', 'warn_error': 'None', 'use_colors': 'True', 'use_experimental_parser': 'False', 'empty': 'None', 'quiet': 'False', 'no_print': 'None', 'warn_error_options': 'WarnErrorOptionsV2(error=[], warn=[], silence=[])', 'invocation_command': 'dbt init dbt_project', 'static_parser': 'True', 'introspect': 'True', 'target_path': 'None', 'log_format': 'default', 'send_anonymous_usage_stats': 'True'}
[0m11:12:38.617340 [info ] [MainThread]: Creating dbt configuration folder at C:\Users\gonca\.dbt
[0m11:12:38.621339 [debug] [MainThread]: Starter project path: C:\Users\gonca\AppData\Local\Packages\PythonSoftwareFoundation.Python.3.11_qbz5n2kfra8p0\LocalCache\local-packages\Python311\site-packages\dbt\include\starter_project
[0m11:12:38.688018 [info ] [MainThread]: 
Your new dbt project "dbt_project" was created!

For more information on how to configure the profiles.yml file,
please consult the dbt documentation here:

  https://docs.getdbt.com/docs/configure-your-profile

One more thing:

Need help? Don't hesitate to reach out to us via GitHub issues or on Slack:

  https://community.getdbt.com/

Happy modeling!

[0m11:12:38.689017 [info ] [MainThread]: Setting up your profile.
[0m11:13:38.683614 [info ] [MainThread]: Profile dbt_project written to C:\Users\gonca\.dbt\profiles.yml using target's profile_template.yml and your supplied values. Run 'dbt debug' to validate the connection.
[0m11:13:38.687616 [debug] [MainThread]: Command `python -m dbt.cli.main init` succeeded at 11:13:38.686619 after 60.27 seconds
[0m11:13:38.688619 [debug] [MainThread]: Sending event: {'category': 'dbt', 'action': 'invocation', 'label': 'end', 'context': [<snowplow_tracker.self_describing_json.SelfDescribingJson object at 0x000001F2C24B2850>, <snowplow_tracker.self_describing_json.SelfDescribingJson object at 0x000001F2C24B3610>, <snowplow_tracker.self_describing_json.SelfDescribingJson object at 0x000001F2C24B3290>]}
[0m11:13:38.690362 [debug] [MainThread]: Flushing usage events
[0m11:13:39.319751 [debug] [MainThread]: An error was encountered while trying to flush usage events
