[2025-07-22T08:52:09.867+0000] {processor.py:161} INFO - Started process (PID=100) to work on /home/airflow/.local/lib/python3.12/site-packages/airflow/example_dags/example_display_name.py
[2025-07-22T08:52:09.870+0000] {processor.py:830} INFO - Processing file /home/airflow/.local/lib/python3.12/site-packages/airflow/example_dags/example_display_name.py for tasks to queue
[2025-07-22T08:52:09.874+0000] {logging_mixin.py:188} INFO - [2025-07-22T08:52:09.874+0000] {dagbag.py:545} INFO - Filling up the DagBag from /home/airflow/.local/lib/python3.12/site-packages/airflow/example_dags/example_display_name.py
[2025-07-22T08:52:09.885+0000] {processor.py:840} INFO - DAG(s) 'example_display_name' retrieved from /home/airflow/.local/lib/python3.12/site-packages/airflow/example_dags/example_display_name.py
[2025-07-22T08:52:10.058+0000] {logging_mixin.py:188} INFO - [2025-07-22T08:52:10.057+0000] {dag.py:3096} INFO - Sync 1 DAGs
[2025-07-22T08:52:10.075+0000] {logging_mixin.py:188} INFO - [2025-07-22T08:52:10.075+0000] {dag.py:3954} INFO - Setting next_dagrun for example_display_name to None, run_after=None
[2025-07-22T08:52:10.101+0000] {processor.py:183} INFO - Processing /home/airflow/.local/lib/python3.12/site-packages/airflow/example_dags/example_display_name.py took 0.247 seconds
[2025-07-22T08:52:40.378+0000] {processor.py:161} INFO - Started process (PID=158) to work on /home/airflow/.local/lib/python3.12/site-packages/airflow/example_dags/example_display_name.py
[2025-07-22T08:52:40.380+0000] {processor.py:830} INFO - Processing file /home/airflow/.local/lib/python3.12/site-packages/airflow/example_dags/example_display_name.py for tasks to queue
[2025-07-22T08:52:40.383+0000] {logging_mixin.py:188} INFO - [2025-07-22T08:52:40.382+0000] {dagbag.py:545} INFO - Filling up the DagBag from /home/airflow/.local/lib/python3.12/site-packages/airflow/example_dags/example_display_name.py
[2025-07-22T08:52:40.391+0000] {processor.py:840} INFO - DAG(s) 'example_display_name' retrieved from /home/airflow/.local/lib/python3.12/site-packages/airflow/example_dags/example_display_name.py
[2025-07-22T08:52:40.430+0000] {logging_mixin.py:188} INFO - [2025-07-22T08:52:40.427+0000] {dag.py:3096} INFO - Sync 1 DAGs
[2025-07-22T08:52:40.456+0000] {logging_mixin.py:188} INFO - [2025-07-22T08:52:40.456+0000] {dag.py:3954} INFO - Setting next_dagrun for example_display_name to None, run_after=None
[2025-07-22T08:52:40.482+0000] {processor.py:183} INFO - Processing /home/airflow/.local/lib/python3.12/site-packages/airflow/example_dags/example_display_name.py took 0.112 seconds
[2025-07-22T08:53:11.388+0000] {processor.py:161} INFO - Started process (PID=216) to work on /home/airflow/.local/lib/python3.12/site-packages/airflow/example_dags/example_display_name.py
[2025-07-22T08:53:11.390+0000] {processor.py:830} INFO - Processing file /home/airflow/.local/lib/python3.12/site-packages/airflow/example_dags/example_display_name.py for tasks to queue
[2025-07-22T08:53:11.395+0000] {logging_mixin.py:188} INFO - [2025-07-22T08:53:11.393+0000] {dagbag.py:545} INFO - Filling up the DagBag from /home/airflow/.local/lib/python3.12/site-packages/airflow/example_dags/example_display_name.py
[2025-07-22T08:53:11.418+0000] {processor.py:840} INFO - DAG(s) 'example_display_name' retrieved from /home/airflow/.local/lib/python3.12/site-packages/airflow/example_dags/example_display_name.py
[2025-07-22T08:53:11.471+0000] {logging_mixin.py:188} INFO - [2025-07-22T08:53:11.470+0000] {dag.py:3096} INFO - Sync 1 DAGs
[2025-07-22T08:53:11.504+0000] {logging_mixin.py:188} INFO - [2025-07-22T08:53:11.504+0000] {dag.py:3954} INFO - Setting next_dagrun for example_display_name to None, run_after=None
[2025-07-22T08:53:11.550+0000] {processor.py:183} INFO - Processing /home/airflow/.local/lib/python3.12/site-packages/airflow/example_dags/example_display_name.py took 0.178 seconds
[2025-07-22T08:53:42.394+0000] {processor.py:161} INFO - Started process (PID=274) to work on /home/airflow/.local/lib/python3.12/site-packages/airflow/example_dags/example_display_name.py
[2025-07-22T08:53:42.396+0000] {processor.py:830} INFO - Processing file /home/airflow/.local/lib/python3.12/site-packages/airflow/example_dags/example_display_name.py for tasks to queue
[2025-07-22T08:53:42.398+0000] {logging_mixin.py:188} INFO - [2025-07-22T08:53:42.398+0000] {dagbag.py:545} INFO - Filling up the DagBag from /home/airflow/.local/lib/python3.12/site-packages/airflow/example_dags/example_display_name.py
[2025-07-22T08:53:42.408+0000] {processor.py:840} INFO - DAG(s) 'example_display_name' retrieved from /home/airflow/.local/lib/python3.12/site-packages/airflow/example_dags/example_display_name.py
[2025-07-22T08:53:42.439+0000] {logging_mixin.py:188} INFO - [2025-07-22T08:53:42.438+0000] {dag.py:3096} INFO - Sync 1 DAGs
[2025-07-22T08:53:42.462+0000] {logging_mixin.py:188} INFO - [2025-07-22T08:53:42.461+0000] {dag.py:3954} INFO - Setting next_dagrun for example_display_name to None, run_after=None
[2025-07-22T08:53:42.499+0000] {processor.py:183} INFO - Processing /home/airflow/.local/lib/python3.12/site-packages/airflow/example_dags/example_display_name.py took 0.116 seconds
[2025-07-22T08:54:12.561+0000] {processor.py:161} INFO - Started process (PID=332) to work on /home/airflow/.local/lib/python3.12/site-packages/airflow/example_dags/example_display_name.py
[2025-07-22T08:54:12.563+0000] {processor.py:830} INFO - Processing file /home/airflow/.local/lib/python3.12/site-packages/airflow/example_dags/example_display_name.py for tasks to queue
[2025-07-22T08:54:12.565+0000] {logging_mixin.py:188} INFO - [2025-07-22T08:54:12.564+0000] {dagbag.py:545} INFO - Filling up the DagBag from /home/airflow/.local/lib/python3.12/site-packages/airflow/example_dags/example_display_name.py
[2025-07-22T08:54:12.571+0000] {processor.py:840} INFO - DAG(s) 'example_display_name' retrieved from /home/airflow/.local/lib/python3.12/site-packages/airflow/example_dags/example_display_name.py
[2025-07-22T08:54:12.594+0000] {logging_mixin.py:188} INFO - [2025-07-22T08:54:12.594+0000] {dag.py:3096} INFO - Sync 1 DAGs
[2025-07-22T08:54:12.611+0000] {logging_mixin.py:188} INFO - [2025-07-22T08:54:12.611+0000] {dag.py:3954} INFO - Setting next_dagrun for example_display_name to None, run_after=None
[2025-07-22T08:54:12.636+0000] {processor.py:183} INFO - Processing /home/airflow/.local/lib/python3.12/site-packages/airflow/example_dags/example_display_name.py took 0.081 seconds
[2025-07-22T08:54:42.808+0000] {processor.py:161} INFO - Started process (PID=389) to work on /home/airflow/.local/lib/python3.12/site-packages/airflow/example_dags/example_display_name.py
[2025-07-22T08:54:42.810+0000] {processor.py:830} INFO - Processing file /home/airflow/.local/lib/python3.12/site-packages/airflow/example_dags/example_display_name.py for tasks to queue
[2025-07-22T08:54:42.812+0000] {logging_mixin.py:188} INFO - [2025-07-22T08:54:42.812+0000] {dagbag.py:545} INFO - Filling up the DagBag from /home/airflow/.local/lib/python3.12/site-packages/airflow/example_dags/example_display_name.py
[2025-07-22T08:54:42.819+0000] {processor.py:840} INFO - DAG(s) 'example_display_name' retrieved from /home/airflow/.local/lib/python3.12/site-packages/airflow/example_dags/example_display_name.py
[2025-07-22T08:54:42.843+0000] {logging_mixin.py:188} INFO - [2025-07-22T08:54:42.842+0000] {dag.py:3096} INFO - Sync 1 DAGs
[2025-07-22T08:54:42.857+0000] {logging_mixin.py:188} INFO - [2025-07-22T08:54:42.857+0000] {dag.py:3954} INFO - Setting next_dagrun for example_display_name to None, run_after=None
[2025-07-22T08:54:42.881+0000] {processor.py:183} INFO - Processing /home/airflow/.local/lib/python3.12/site-packages/airflow/example_dags/example_display_name.py took 0.080 seconds
[2025-07-22T08:55:13.798+0000] {processor.py:161} INFO - Started process (PID=448) to work on /home/airflow/.local/lib/python3.12/site-packages/airflow/example_dags/example_display_name.py
[2025-07-22T08:55:13.805+0000] {processor.py:830} INFO - Processing file /home/airflow/.local/lib/python3.12/site-packages/airflow/example_dags/example_display_name.py for tasks to queue
[2025-07-22T08:55:13.822+0000] {logging_mixin.py:188} INFO - [2025-07-22T08:55:13.819+0000] {dagbag.py:545} INFO - Filling up the DagBag from /home/airflow/.local/lib/python3.12/site-packages/airflow/example_dags/example_display_name.py
[2025-07-22T08:55:13.834+0000] {processor.py:840} INFO - DAG(s) 'example_display_name' retrieved from /home/airflow/.local/lib/python3.12/site-packages/airflow/example_dags/example_display_name.py
[2025-07-22T08:55:13.865+0000] {logging_mixin.py:188} INFO - [2025-07-22T08:55:13.864+0000] {dag.py:3096} INFO - Sync 1 DAGs
[2025-07-22T08:55:13.887+0000] {logging_mixin.py:188} INFO - [2025-07-22T08:55:13.886+0000] {dag.py:3954} INFO - Setting next_dagrun for example_display_name to None, run_after=None
[2025-07-22T08:55:13.917+0000] {processor.py:183} INFO - Processing /home/airflow/.local/lib/python3.12/site-packages/airflow/example_dags/example_display_name.py took 0.133 seconds
[2025-07-22T08:55:44.809+0000] {processor.py:161} INFO - Started process (PID=506) to work on /home/airflow/.local/lib/python3.12/site-packages/airflow/example_dags/example_display_name.py
[2025-07-22T08:55:44.811+0000] {processor.py:830} INFO - Processing file /home/airflow/.local/lib/python3.12/site-packages/airflow/example_dags/example_display_name.py for tasks to queue
[2025-07-22T08:55:44.813+0000] {logging_mixin.py:188} INFO - [2025-07-22T08:55:44.813+0000] {dagbag.py:545} INFO - Filling up the DagBag from /home/airflow/.local/lib/python3.12/site-packages/airflow/example_dags/example_display_name.py
[2025-07-22T08:55:44.820+0000] {processor.py:840} INFO - DAG(s) 'example_display_name' retrieved from /home/airflow/.local/lib/python3.12/site-packages/airflow/example_dags/example_display_name.py
[2025-07-22T08:55:44.845+0000] {logging_mixin.py:188} INFO - [2025-07-22T08:55:44.845+0000] {dag.py:3096} INFO - Sync 1 DAGs
[2025-07-22T08:55:44.865+0000] {logging_mixin.py:188} INFO - [2025-07-22T08:55:44.864+0000] {dag.py:3954} INFO - Setting next_dagrun for example_display_name to None, run_after=None
[2025-07-22T08:55:44.892+0000] {processor.py:183} INFO - Processing /home/airflow/.local/lib/python3.12/site-packages/airflow/example_dags/example_display_name.py took 0.090 seconds
[2025-07-22T08:56:15.311+0000] {processor.py:161} INFO - Started process (PID=564) to work on /home/airflow/.local/lib/python3.12/site-packages/airflow/example_dags/example_display_name.py
[2025-07-22T08:56:15.313+0000] {processor.py:830} INFO - Processing file /home/airflow/.local/lib/python3.12/site-packages/airflow/example_dags/example_display_name.py for tasks to queue
[2025-07-22T08:56:15.315+0000] {logging_mixin.py:188} INFO - [2025-07-22T08:56:15.314+0000] {dagbag.py:545} INFO - Filling up the DagBag from /home/airflow/.local/lib/python3.12/site-packages/airflow/example_dags/example_display_name.py
[2025-07-22T08:56:15.321+0000] {processor.py:840} INFO - DAG(s) 'example_display_name' retrieved from /home/airflow/.local/lib/python3.12/site-packages/airflow/example_dags/example_display_name.py
[2025-07-22T08:56:15.344+0000] {logging_mixin.py:188} INFO - [2025-07-22T08:56:15.344+0000] {dag.py:3096} INFO - Sync 1 DAGs
[2025-07-22T08:56:15.361+0000] {logging_mixin.py:188} INFO - [2025-07-22T08:56:15.361+0000] {dag.py:3954} INFO - Setting next_dagrun for example_display_name to None, run_after=None
[2025-07-22T08:56:15.389+0000] {processor.py:183} INFO - Processing /home/airflow/.local/lib/python3.12/site-packages/airflow/example_dags/example_display_name.py took 0.085 seconds
[2025-07-22T08:56:45.671+0000] {processor.py:161} INFO - Started process (PID=622) to work on /home/airflow/.local/lib/python3.12/site-packages/airflow/example_dags/example_display_name.py
[2025-07-22T08:56:45.673+0000] {processor.py:830} INFO - Processing file /home/airflow/.local/lib/python3.12/site-packages/airflow/example_dags/example_display_name.py for tasks to queue
[2025-07-22T08:56:45.676+0000] {logging_mixin.py:188} INFO - [2025-07-22T08:56:45.676+0000] {dagbag.py:545} INFO - Filling up the DagBag from /home/airflow/.local/lib/python3.12/site-packages/airflow/example_dags/example_display_name.py
[2025-07-22T08:56:45.684+0000] {processor.py:840} INFO - DAG(s) 'example_display_name' retrieved from /home/airflow/.local/lib/python3.12/site-packages/airflow/example_dags/example_display_name.py
[2025-07-22T08:56:45.713+0000] {logging_mixin.py:188} INFO - [2025-07-22T08:56:45.713+0000] {dag.py:3096} INFO - Sync 1 DAGs
[2025-07-22T08:56:45.730+0000] {logging_mixin.py:188} INFO - [2025-07-22T08:56:45.730+0000] {dag.py:3954} INFO - Setting next_dagrun for example_display_name to None, run_after=None
[2025-07-22T08:56:45.762+0000] {processor.py:183} INFO - Processing /home/airflow/.local/lib/python3.12/site-packages/airflow/example_dags/example_display_name.py took 0.099 seconds
[2025-07-22T08:57:16.142+0000] {processor.py:161} INFO - Started process (PID=682) to work on /home/airflow/.local/lib/python3.12/site-packages/airflow/example_dags/example_display_name.py
[2025-07-22T08:57:16.144+0000] {processor.py:830} INFO - Processing file /home/airflow/.local/lib/python3.12/site-packages/airflow/example_dags/example_display_name.py for tasks to queue
[2025-07-22T08:57:16.147+0000] {logging_mixin.py:188} INFO - [2025-07-22T08:57:16.146+0000] {dagbag.py:545} INFO - Filling up the DagBag from /home/airflow/.local/lib/python3.12/site-packages/airflow/example_dags/example_display_name.py
[2025-07-22T08:57:16.159+0000] {processor.py:840} INFO - DAG(s) 'example_display_name' retrieved from /home/airflow/.local/lib/python3.12/site-packages/airflow/example_dags/example_display_name.py
[2025-07-22T08:57:16.209+0000] {logging_mixin.py:188} INFO - [2025-07-22T08:57:16.208+0000] {dag.py:3096} INFO - Sync 1 DAGs
[2025-07-22T08:57:16.235+0000] {logging_mixin.py:188} INFO - [2025-07-22T08:57:16.235+0000] {dag.py:3954} INFO - Setting next_dagrun for example_display_name to None, run_after=None
[2025-07-22T08:57:16.264+0000] {processor.py:183} INFO - Processing /home/airflow/.local/lib/python3.12/site-packages/airflow/example_dags/example_display_name.py took 0.130 seconds
[2025-07-22T08:57:46.657+0000] {processor.py:161} INFO - Started process (PID=742) to work on /home/airflow/.local/lib/python3.12/site-packages/airflow/example_dags/example_display_name.py
[2025-07-22T08:57:46.658+0000] {processor.py:830} INFO - Processing file /home/airflow/.local/lib/python3.12/site-packages/airflow/example_dags/example_display_name.py for tasks to queue
[2025-07-22T08:57:46.661+0000] {logging_mixin.py:188} INFO - [2025-07-22T08:57:46.661+0000] {dagbag.py:545} INFO - Filling up the DagBag from /home/airflow/.local/lib/python3.12/site-packages/airflow/example_dags/example_display_name.py
[2025-07-22T08:57:46.668+0000] {processor.py:840} INFO - DAG(s) 'example_display_name' retrieved from /home/airflow/.local/lib/python3.12/site-packages/airflow/example_dags/example_display_name.py
[2025-07-22T08:57:46.696+0000] {logging_mixin.py:188} INFO - [2025-07-22T08:57:46.696+0000] {dag.py:3096} INFO - Sync 1 DAGs
[2025-07-22T08:57:46.713+0000] {logging_mixin.py:188} INFO - [2025-07-22T08:57:46.713+0000] {dag.py:3954} INFO - Setting next_dagrun for example_display_name to None, run_after=None
[2025-07-22T08:57:46.739+0000] {processor.py:183} INFO - Processing /home/airflow/.local/lib/python3.12/site-packages/airflow/example_dags/example_display_name.py took 0.089 seconds
[2025-07-22T08:58:17.266+0000] {processor.py:161} INFO - Started process (PID=802) to work on /home/airflow/.local/lib/python3.12/site-packages/airflow/example_dags/example_display_name.py
[2025-07-22T08:58:17.267+0000] {processor.py:830} INFO - Processing file /home/airflow/.local/lib/python3.12/site-packages/airflow/example_dags/example_display_name.py for tasks to queue
[2025-07-22T08:58:17.270+0000] {logging_mixin.py:188} INFO - [2025-07-22T08:58:17.270+0000] {dagbag.py:545} INFO - Filling up the DagBag from /home/airflow/.local/lib/python3.12/site-packages/airflow/example_dags/example_display_name.py
[2025-07-22T08:58:17.278+0000] {processor.py:840} INFO - DAG(s) 'example_display_name' retrieved from /home/airflow/.local/lib/python3.12/site-packages/airflow/example_dags/example_display_name.py
[2025-07-22T08:58:17.309+0000] {logging_mixin.py:188} INFO - [2025-07-22T08:58:17.308+0000] {dag.py:3096} INFO - Sync 1 DAGs
[2025-07-22T08:58:17.329+0000] {logging_mixin.py:188} INFO - [2025-07-22T08:58:17.328+0000] {dag.py:3954} INFO - Setting next_dagrun for example_display_name to None, run_after=None
[2025-07-22T08:58:17.359+0000] {processor.py:183} INFO - Processing /home/airflow/.local/lib/python3.12/site-packages/airflow/example_dags/example_display_name.py took 0.102 seconds
[2025-07-22T08:58:47.972+0000] {processor.py:161} INFO - Started process (PID=862) to work on /home/airflow/.local/lib/python3.12/site-packages/airflow/example_dags/example_display_name.py
[2025-07-22T08:58:47.974+0000] {processor.py:830} INFO - Processing file /home/airflow/.local/lib/python3.12/site-packages/airflow/example_dags/example_display_name.py for tasks to queue
[2025-07-22T08:58:47.977+0000] {logging_mixin.py:188} INFO - [2025-07-22T08:58:47.977+0000] {dagbag.py:545} INFO - Filling up the DagBag from /home/airflow/.local/lib/python3.12/site-packages/airflow/example_dags/example_display_name.py
[2025-07-22T08:58:47.987+0000] {processor.py:840} INFO - DAG(s) 'example_display_name' retrieved from /home/airflow/.local/lib/python3.12/site-packages/airflow/example_dags/example_display_name.py
[2025-07-22T08:58:48.011+0000] {logging_mixin.py:188} INFO - [2025-07-22T08:58:48.011+0000] {dag.py:3096} INFO - Sync 1 DAGs
[2025-07-22T08:58:48.025+0000] {logging_mixin.py:188} INFO - [2025-07-22T08:58:48.024+0000] {dag.py:3954} INFO - Setting next_dagrun for example_display_name to None, run_after=None
[2025-07-22T08:58:48.047+0000] {processor.py:183} INFO - Processing /home/airflow/.local/lib/python3.12/site-packages/airflow/example_dags/example_display_name.py took 0.085 seconds
[2025-07-22T08:59:18.803+0000] {processor.py:161} INFO - Started process (PID=922) to work on /home/airflow/.local/lib/python3.12/site-packages/airflow/example_dags/example_display_name.py
[2025-07-22T08:59:18.804+0000] {processor.py:830} INFO - Processing file /home/airflow/.local/lib/python3.12/site-packages/airflow/example_dags/example_display_name.py for tasks to queue
[2025-07-22T08:59:18.807+0000] {logging_mixin.py:188} INFO - [2025-07-22T08:59:18.806+0000] {dagbag.py:545} INFO - Filling up the DagBag from /home/airflow/.local/lib/python3.12/site-packages/airflow/example_dags/example_display_name.py
[2025-07-22T08:59:18.813+0000] {processor.py:840} INFO - DAG(s) 'example_display_name' retrieved from /home/airflow/.local/lib/python3.12/site-packages/airflow/example_dags/example_display_name.py
[2025-07-22T08:59:18.836+0000] {logging_mixin.py:188} INFO - [2025-07-22T08:59:18.836+0000] {dag.py:3096} INFO - Sync 1 DAGs
[2025-07-22T08:59:18.851+0000] {logging_mixin.py:188} INFO - [2025-07-22T08:59:18.851+0000] {dag.py:3954} INFO - Setting next_dagrun for example_display_name to None, run_after=None
[2025-07-22T08:59:18.878+0000] {processor.py:183} INFO - Processing /home/airflow/.local/lib/python3.12/site-packages/airflow/example_dags/example_display_name.py took 0.082 seconds
[2025-07-22T08:59:49.114+0000] {processor.py:161} INFO - Started process (PID=981) to work on /home/airflow/.local/lib/python3.12/site-packages/airflow/example_dags/example_display_name.py
[2025-07-22T08:59:49.116+0000] {processor.py:830} INFO - Processing file /home/airflow/.local/lib/python3.12/site-packages/airflow/example_dags/example_display_name.py for tasks to queue
[2025-07-22T08:59:49.121+0000] {logging_mixin.py:188} INFO - [2025-07-22T08:59:49.120+0000] {dagbag.py:545} INFO - Filling up the DagBag from /home/airflow/.local/lib/python3.12/site-packages/airflow/example_dags/example_display_name.py
[2025-07-22T08:59:49.129+0000] {processor.py:840} INFO - DAG(s) 'example_display_name' retrieved from /home/airflow/.local/lib/python3.12/site-packages/airflow/example_dags/example_display_name.py
[2025-07-22T08:59:49.164+0000] {logging_mixin.py:188} INFO - [2025-07-22T08:59:49.163+0000] {dag.py:3096} INFO - Sync 1 DAGs
[2025-07-22T08:59:49.183+0000] {logging_mixin.py:188} INFO - [2025-07-22T08:59:49.183+0000] {dag.py:3954} INFO - Setting next_dagrun for example_display_name to None, run_after=None
[2025-07-22T08:59:49.210+0000] {processor.py:183} INFO - Processing /home/airflow/.local/lib/python3.12/site-packages/airflow/example_dags/example_display_name.py took 0.108 seconds
[2025-07-22T09:00:19.809+0000] {processor.py:161} INFO - Started process (PID=1041) to work on /home/airflow/.local/lib/python3.12/site-packages/airflow/example_dags/example_display_name.py
[2025-07-22T09:00:19.811+0000] {processor.py:830} INFO - Processing file /home/airflow/.local/lib/python3.12/site-packages/airflow/example_dags/example_display_name.py for tasks to queue
[2025-07-22T09:00:19.813+0000] {logging_mixin.py:188} INFO - [2025-07-22T09:00:19.813+0000] {dagbag.py:545} INFO - Filling up the DagBag from /home/airflow/.local/lib/python3.12/site-packages/airflow/example_dags/example_display_name.py
[2025-07-22T09:00:19.820+0000] {processor.py:840} INFO - DAG(s) 'example_display_name' retrieved from /home/airflow/.local/lib/python3.12/site-packages/airflow/example_dags/example_display_name.py
[2025-07-22T09:00:19.846+0000] {logging_mixin.py:188} INFO - [2025-07-22T09:00:19.845+0000] {dag.py:3096} INFO - Sync 1 DAGs
[2025-07-22T09:00:19.862+0000] {logging_mixin.py:188} INFO - [2025-07-22T09:00:19.862+0000] {dag.py:3954} INFO - Setting next_dagrun for example_display_name to None, run_after=None
[2025-07-22T09:00:19.899+0000] {processor.py:183} INFO - Processing /home/airflow/.local/lib/python3.12/site-packages/airflow/example_dags/example_display_name.py took 0.098 seconds
[2025-07-22T09:00:50.619+0000] {processor.py:161} INFO - Started process (PID=1101) to work on /home/airflow/.local/lib/python3.12/site-packages/airflow/example_dags/example_display_name.py
[2025-07-22T09:00:50.621+0000] {processor.py:830} INFO - Processing file /home/airflow/.local/lib/python3.12/site-packages/airflow/example_dags/example_display_name.py for tasks to queue
[2025-07-22T09:00:50.624+0000] {logging_mixin.py:188} INFO - [2025-07-22T09:00:50.623+0000] {dagbag.py:545} INFO - Filling up the DagBag from /home/airflow/.local/lib/python3.12/site-packages/airflow/example_dags/example_display_name.py
[2025-07-22T09:00:50.632+0000] {processor.py:840} INFO - DAG(s) 'example_display_name' retrieved from /home/airflow/.local/lib/python3.12/site-packages/airflow/example_dags/example_display_name.py
[2025-07-22T09:00:50.662+0000] {logging_mixin.py:188} INFO - [2025-07-22T09:00:50.661+0000] {dag.py:3096} INFO - Sync 1 DAGs
[2025-07-22T09:00:50.680+0000] {logging_mixin.py:188} INFO - [2025-07-22T09:00:50.680+0000] {dag.py:3954} INFO - Setting next_dagrun for example_display_name to None, run_after=None
[2025-07-22T09:00:50.712+0000] {processor.py:183} INFO - Processing /home/airflow/.local/lib/python3.12/site-packages/airflow/example_dags/example_display_name.py took 0.101 seconds
[2025-07-22T09:01:21.440+0000] {processor.py:161} INFO - Started process (PID=1161) to work on /home/airflow/.local/lib/python3.12/site-packages/airflow/example_dags/example_display_name.py
[2025-07-22T09:01:21.441+0000] {processor.py:830} INFO - Processing file /home/airflow/.local/lib/python3.12/site-packages/airflow/example_dags/example_display_name.py for tasks to queue
[2025-07-22T09:01:21.444+0000] {logging_mixin.py:188} INFO - [2025-07-22T09:01:21.443+0000] {dagbag.py:545} INFO - Filling up the DagBag from /home/airflow/.local/lib/python3.12/site-packages/airflow/example_dags/example_display_name.py
[2025-07-22T09:01:21.454+0000] {processor.py:840} INFO - DAG(s) 'example_display_name' retrieved from /home/airflow/.local/lib/python3.12/site-packages/airflow/example_dags/example_display_name.py
[2025-07-22T09:01:21.480+0000] {logging_mixin.py:188} INFO - [2025-07-22T09:01:21.480+0000] {dag.py:3096} INFO - Sync 1 DAGs
[2025-07-22T09:01:21.501+0000] {logging_mixin.py:188} INFO - [2025-07-22T09:01:21.501+0000] {dag.py:3954} INFO - Setting next_dagrun for example_display_name to None, run_after=None
[2025-07-22T09:01:21.526+0000] {processor.py:183} INFO - Processing /home/airflow/.local/lib/python3.12/site-packages/airflow/example_dags/example_display_name.py took 0.094 seconds
[2025-07-22T09:01:51.707+0000] {processor.py:161} INFO - Started process (PID=1221) to work on /home/airflow/.local/lib/python3.12/site-packages/airflow/example_dags/example_display_name.py
[2025-07-22T09:01:51.708+0000] {processor.py:830} INFO - Processing file /home/airflow/.local/lib/python3.12/site-packages/airflow/example_dags/example_display_name.py for tasks to queue
[2025-07-22T09:01:51.711+0000] {logging_mixin.py:188} INFO - [2025-07-22T09:01:51.710+0000] {dagbag.py:545} INFO - Filling up the DagBag from /home/airflow/.local/lib/python3.12/site-packages/airflow/example_dags/example_display_name.py
[2025-07-22T09:01:51.717+0000] {processor.py:840} INFO - DAG(s) 'example_display_name' retrieved from /home/airflow/.local/lib/python3.12/site-packages/airflow/example_dags/example_display_name.py
[2025-07-22T09:01:51.739+0000] {logging_mixin.py:188} INFO - [2025-07-22T09:01:51.739+0000] {dag.py:3096} INFO - Sync 1 DAGs
[2025-07-22T09:01:51.756+0000] {logging_mixin.py:188} INFO - [2025-07-22T09:01:51.755+0000] {dag.py:3954} INFO - Setting next_dagrun for example_display_name to None, run_after=None
[2025-07-22T09:01:51.781+0000] {processor.py:183} INFO - Processing /home/airflow/.local/lib/python3.12/site-packages/airflow/example_dags/example_display_name.py took 0.081 seconds
[2025-07-22T09:02:21.937+0000] {processor.py:161} INFO - Started process (PID=1281) to work on /home/airflow/.local/lib/python3.12/site-packages/airflow/example_dags/example_display_name.py
[2025-07-22T09:02:21.938+0000] {processor.py:830} INFO - Processing file /home/airflow/.local/lib/python3.12/site-packages/airflow/example_dags/example_display_name.py for tasks to queue
[2025-07-22T09:02:21.940+0000] {logging_mixin.py:188} INFO - [2025-07-22T09:02:21.940+0000] {dagbag.py:545} INFO - Filling up the DagBag from /home/airflow/.local/lib/python3.12/site-packages/airflow/example_dags/example_display_name.py
[2025-07-22T09:02:21.947+0000] {processor.py:840} INFO - DAG(s) 'example_display_name' retrieved from /home/airflow/.local/lib/python3.12/site-packages/airflow/example_dags/example_display_name.py
[2025-07-22T09:02:21.971+0000] {logging_mixin.py:188} INFO - [2025-07-22T09:02:21.971+0000] {dag.py:3096} INFO - Sync 1 DAGs
[2025-07-22T09:02:21.986+0000] {logging_mixin.py:188} INFO - [2025-07-22T09:02:21.986+0000] {dag.py:3954} INFO - Setting next_dagrun for example_display_name to None, run_after=None
[2025-07-22T09:02:22.018+0000] {processor.py:183} INFO - Processing /home/airflow/.local/lib/python3.12/site-packages/airflow/example_dags/example_display_name.py took 0.087 seconds
[2025-07-22T09:02:52.537+0000] {processor.py:161} INFO - Started process (PID=1341) to work on /home/airflow/.local/lib/python3.12/site-packages/airflow/example_dags/example_display_name.py
[2025-07-22T09:02:52.538+0000] {processor.py:830} INFO - Processing file /home/airflow/.local/lib/python3.12/site-packages/airflow/example_dags/example_display_name.py for tasks to queue
[2025-07-22T09:02:52.541+0000] {logging_mixin.py:188} INFO - [2025-07-22T09:02:52.540+0000] {dagbag.py:545} INFO - Filling up the DagBag from /home/airflow/.local/lib/python3.12/site-packages/airflow/example_dags/example_display_name.py
[2025-07-22T09:02:52.547+0000] {processor.py:840} INFO - DAG(s) 'example_display_name' retrieved from /home/airflow/.local/lib/python3.12/site-packages/airflow/example_dags/example_display_name.py
[2025-07-22T09:02:52.568+0000] {logging_mixin.py:188} INFO - [2025-07-22T09:02:52.568+0000] {dag.py:3096} INFO - Sync 1 DAGs
[2025-07-22T09:02:52.581+0000] {logging_mixin.py:188} INFO - [2025-07-22T09:02:52.581+0000] {dag.py:3954} INFO - Setting next_dagrun for example_display_name to None, run_after=None
[2025-07-22T09:02:52.603+0000] {processor.py:183} INFO - Processing /home/airflow/.local/lib/python3.12/site-packages/airflow/example_dags/example_display_name.py took 0.072 seconds
[2025-07-22T09:03:22.962+0000] {processor.py:161} INFO - Started process (PID=1401) to work on /home/airflow/.local/lib/python3.12/site-packages/airflow/example_dags/example_display_name.py
[2025-07-22T09:03:22.964+0000] {processor.py:830} INFO - Processing file /home/airflow/.local/lib/python3.12/site-packages/airflow/example_dags/example_display_name.py for tasks to queue
[2025-07-22T09:03:22.966+0000] {logging_mixin.py:188} INFO - [2025-07-22T09:03:22.966+0000] {dagbag.py:545} INFO - Filling up the DagBag from /home/airflow/.local/lib/python3.12/site-packages/airflow/example_dags/example_display_name.py
[2025-07-22T09:03:22.972+0000] {processor.py:840} INFO - DAG(s) 'example_display_name' retrieved from /home/airflow/.local/lib/python3.12/site-packages/airflow/example_dags/example_display_name.py
[2025-07-22T09:03:22.996+0000] {logging_mixin.py:188} INFO - [2025-07-22T09:03:22.995+0000] {dag.py:3096} INFO - Sync 1 DAGs
[2025-07-22T09:03:23.010+0000] {logging_mixin.py:188} INFO - [2025-07-22T09:03:23.010+0000] {dag.py:3954} INFO - Setting next_dagrun for example_display_name to None, run_after=None
[2025-07-22T09:03:23.035+0000] {processor.py:183} INFO - Processing /home/airflow/.local/lib/python3.12/site-packages/airflow/example_dags/example_display_name.py took 0.079 seconds
[2025-07-22T09:03:53.145+0000] {processor.py:161} INFO - Started process (PID=1461) to work on /home/airflow/.local/lib/python3.12/site-packages/airflow/example_dags/example_display_name.py
[2025-07-22T09:03:53.146+0000] {processor.py:830} INFO - Processing file /home/airflow/.local/lib/python3.12/site-packages/airflow/example_dags/example_display_name.py for tasks to queue
[2025-07-22T09:03:53.148+0000] {logging_mixin.py:188} INFO - [2025-07-22T09:03:53.148+0000] {dagbag.py:545} INFO - Filling up the DagBag from /home/airflow/.local/lib/python3.12/site-packages/airflow/example_dags/example_display_name.py
[2025-07-22T09:03:53.154+0000] {processor.py:840} INFO - DAG(s) 'example_display_name' retrieved from /home/airflow/.local/lib/python3.12/site-packages/airflow/example_dags/example_display_name.py
[2025-07-22T09:03:53.175+0000] {logging_mixin.py:188} INFO - [2025-07-22T09:03:53.175+0000] {dag.py:3096} INFO - Sync 1 DAGs
[2025-07-22T09:03:53.188+0000] {logging_mixin.py:188} INFO - [2025-07-22T09:03:53.188+0000] {dag.py:3954} INFO - Setting next_dagrun for example_display_name to None, run_after=None
[2025-07-22T09:03:53.217+0000] {processor.py:183} INFO - Processing /home/airflow/.local/lib/python3.12/site-packages/airflow/example_dags/example_display_name.py took 0.078 seconds
[2025-07-22T09:04:23.858+0000] {processor.py:161} INFO - Started process (PID=1521) to work on /home/airflow/.local/lib/python3.12/site-packages/airflow/example_dags/example_display_name.py
[2025-07-22T09:04:23.859+0000] {processor.py:830} INFO - Processing file /home/airflow/.local/lib/python3.12/site-packages/airflow/example_dags/example_display_name.py for tasks to queue
[2025-07-22T09:04:23.862+0000] {logging_mixin.py:188} INFO - [2025-07-22T09:04:23.861+0000] {dagbag.py:545} INFO - Filling up the DagBag from /home/airflow/.local/lib/python3.12/site-packages/airflow/example_dags/example_display_name.py
[2025-07-22T09:04:23.869+0000] {processor.py:840} INFO - DAG(s) 'example_display_name' retrieved from /home/airflow/.local/lib/python3.12/site-packages/airflow/example_dags/example_display_name.py
[2025-07-22T09:04:23.894+0000] {logging_mixin.py:188} INFO - [2025-07-22T09:04:23.894+0000] {dag.py:3096} INFO - Sync 1 DAGs
[2025-07-22T09:04:23.912+0000] {logging_mixin.py:188} INFO - [2025-07-22T09:04:23.911+0000] {dag.py:3954} INFO - Setting next_dagrun for example_display_name to None, run_after=None
[2025-07-22T09:04:23.943+0000] {processor.py:183} INFO - Processing /home/airflow/.local/lib/python3.12/site-packages/airflow/example_dags/example_display_name.py took 0.092 seconds
[2025-07-22T09:04:54.280+0000] {processor.py:161} INFO - Started process (PID=1581) to work on /home/airflow/.local/lib/python3.12/site-packages/airflow/example_dags/example_display_name.py
[2025-07-22T09:04:54.282+0000] {processor.py:830} INFO - Processing file /home/airflow/.local/lib/python3.12/site-packages/airflow/example_dags/example_display_name.py for tasks to queue
[2025-07-22T09:04:54.285+0000] {logging_mixin.py:188} INFO - [2025-07-22T09:04:54.285+0000] {dagbag.py:545} INFO - Filling up the DagBag from /home/airflow/.local/lib/python3.12/site-packages/airflow/example_dags/example_display_name.py
[2025-07-22T09:04:54.293+0000] {processor.py:840} INFO - DAG(s) 'example_display_name' retrieved from /home/airflow/.local/lib/python3.12/site-packages/airflow/example_dags/example_display_name.py
[2025-07-22T09:04:54.319+0000] {logging_mixin.py:188} INFO - [2025-07-22T09:04:54.319+0000] {dag.py:3096} INFO - Sync 1 DAGs
[2025-07-22T09:04:54.336+0000] {logging_mixin.py:188} INFO - [2025-07-22T09:04:54.335+0000] {dag.py:3954} INFO - Setting next_dagrun for example_display_name to None, run_after=None
[2025-07-22T09:04:54.359+0000] {processor.py:183} INFO - Processing /home/airflow/.local/lib/python3.12/site-packages/airflow/example_dags/example_display_name.py took 0.086 seconds
[2025-07-22T09:05:25.317+0000] {processor.py:161} INFO - Started process (PID=1641) to work on /home/airflow/.local/lib/python3.12/site-packages/airflow/example_dags/example_display_name.py
[2025-07-22T09:05:25.319+0000] {processor.py:830} INFO - Processing file /home/airflow/.local/lib/python3.12/site-packages/airflow/example_dags/example_display_name.py for tasks to queue
[2025-07-22T09:05:25.321+0000] {logging_mixin.py:188} INFO - [2025-07-22T09:05:25.320+0000] {dagbag.py:545} INFO - Filling up the DagBag from /home/airflow/.local/lib/python3.12/site-packages/airflow/example_dags/example_display_name.py
[2025-07-22T09:05:25.327+0000] {processor.py:840} INFO - DAG(s) 'example_display_name' retrieved from /home/airflow/.local/lib/python3.12/site-packages/airflow/example_dags/example_display_name.py
[2025-07-22T09:05:25.348+0000] {logging_mixin.py:188} INFO - [2025-07-22T09:05:25.348+0000] {dag.py:3096} INFO - Sync 1 DAGs
[2025-07-22T09:05:25.362+0000] {logging_mixin.py:188} INFO - [2025-07-22T09:05:25.362+0000] {dag.py:3954} INFO - Setting next_dagrun for example_display_name to None, run_after=None
[2025-07-22T09:05:25.382+0000] {processor.py:183} INFO - Processing /home/airflow/.local/lib/python3.12/site-packages/airflow/example_dags/example_display_name.py took 0.071 seconds
[2025-07-22T09:05:55.548+0000] {processor.py:161} INFO - Started process (PID=1701) to work on /home/airflow/.local/lib/python3.12/site-packages/airflow/example_dags/example_display_name.py
[2025-07-22T09:05:55.549+0000] {processor.py:830} INFO - Processing file /home/airflow/.local/lib/python3.12/site-packages/airflow/example_dags/example_display_name.py for tasks to queue
[2025-07-22T09:05:55.552+0000] {logging_mixin.py:188} INFO - [2025-07-22T09:05:55.551+0000] {dagbag.py:545} INFO - Filling up the DagBag from /home/airflow/.local/lib/python3.12/site-packages/airflow/example_dags/example_display_name.py
[2025-07-22T09:05:55.559+0000] {processor.py:840} INFO - DAG(s) 'example_display_name' retrieved from /home/airflow/.local/lib/python3.12/site-packages/airflow/example_dags/example_display_name.py
[2025-07-22T09:05:55.585+0000] {logging_mixin.py:188} INFO - [2025-07-22T09:05:55.585+0000] {dag.py:3096} INFO - Sync 1 DAGs
[2025-07-22T09:05:55.601+0000] {logging_mixin.py:188} INFO - [2025-07-22T09:05:55.601+0000] {dag.py:3954} INFO - Setting next_dagrun for example_display_name to None, run_after=None
[2025-07-22T09:05:55.634+0000] {processor.py:183} INFO - Processing /home/airflow/.local/lib/python3.12/site-packages/airflow/example_dags/example_display_name.py took 0.093 seconds
[2025-07-22T09:06:26.065+0000] {processor.py:161} INFO - Started process (PID=1761) to work on /home/airflow/.local/lib/python3.12/site-packages/airflow/example_dags/example_display_name.py
[2025-07-22T09:06:26.066+0000] {processor.py:830} INFO - Processing file /home/airflow/.local/lib/python3.12/site-packages/airflow/example_dags/example_display_name.py for tasks to queue
[2025-07-22T09:06:26.068+0000] {logging_mixin.py:188} INFO - [2025-07-22T09:06:26.068+0000] {dagbag.py:545} INFO - Filling up the DagBag from /home/airflow/.local/lib/python3.12/site-packages/airflow/example_dags/example_display_name.py
[2025-07-22T09:06:26.075+0000] {processor.py:840} INFO - DAG(s) 'example_display_name' retrieved from /home/airflow/.local/lib/python3.12/site-packages/airflow/example_dags/example_display_name.py
[2025-07-22T09:06:26.096+0000] {logging_mixin.py:188} INFO - [2025-07-22T09:06:26.096+0000] {dag.py:3096} INFO - Sync 1 DAGs
[2025-07-22T09:06:26.110+0000] {logging_mixin.py:188} INFO - [2025-07-22T09:06:26.110+0000] {dag.py:3954} INFO - Setting next_dagrun for example_display_name to None, run_after=None
[2025-07-22T09:06:26.135+0000] {processor.py:183} INFO - Processing /home/airflow/.local/lib/python3.12/site-packages/airflow/example_dags/example_display_name.py took 0.077 seconds
[2025-07-22T09:06:56.329+0000] {processor.py:161} INFO - Started process (PID=1821) to work on /home/airflow/.local/lib/python3.12/site-packages/airflow/example_dags/example_display_name.py
[2025-07-22T09:06:56.335+0000] {processor.py:830} INFO - Processing file /home/airflow/.local/lib/python3.12/site-packages/airflow/example_dags/example_display_name.py for tasks to queue
[2025-07-22T09:06:56.347+0000] {logging_mixin.py:188} INFO - [2025-07-22T09:06:56.345+0000] {dagbag.py:545} INFO - Filling up the DagBag from /home/airflow/.local/lib/python3.12/site-packages/airflow/example_dags/example_display_name.py
[2025-07-22T09:06:56.384+0000] {processor.py:840} INFO - DAG(s) 'example_display_name' retrieved from /home/airflow/.local/lib/python3.12/site-packages/airflow/example_dags/example_display_name.py
[2025-07-22T09:06:56.481+0000] {logging_mixin.py:188} INFO - [2025-07-22T09:06:56.481+0000] {dag.py:3096} INFO - Sync 1 DAGs
[2025-07-22T09:06:56.537+0000] {logging_mixin.py:188} INFO - [2025-07-22T09:06:56.537+0000] {dag.py:3954} INFO - Setting next_dagrun for example_display_name to None, run_after=None
[2025-07-22T09:06:56.601+0000] {processor.py:183} INFO - Processing /home/airflow/.local/lib/python3.12/site-packages/airflow/example_dags/example_display_name.py took 0.301 seconds
[2025-07-22T09:07:26.902+0000] {processor.py:161} INFO - Started process (PID=1881) to work on /home/airflow/.local/lib/python3.12/site-packages/airflow/example_dags/example_display_name.py
[2025-07-22T09:07:26.905+0000] {processor.py:830} INFO - Processing file /home/airflow/.local/lib/python3.12/site-packages/airflow/example_dags/example_display_name.py for tasks to queue
[2025-07-22T09:07:26.908+0000] {logging_mixin.py:188} INFO - [2025-07-22T09:07:26.908+0000] {dagbag.py:545} INFO - Filling up the DagBag from /home/airflow/.local/lib/python3.12/site-packages/airflow/example_dags/example_display_name.py
[2025-07-22T09:07:26.918+0000] {processor.py:840} INFO - DAG(s) 'example_display_name' retrieved from /home/airflow/.local/lib/python3.12/site-packages/airflow/example_dags/example_display_name.py
[2025-07-22T09:07:26.945+0000] {logging_mixin.py:188} INFO - [2025-07-22T09:07:26.945+0000] {dag.py:3096} INFO - Sync 1 DAGs
[2025-07-22T09:07:26.964+0000] {logging_mixin.py:188} INFO - [2025-07-22T09:07:26.963+0000] {dag.py:3954} INFO - Setting next_dagrun for example_display_name to None, run_after=None
[2025-07-22T09:07:26.994+0000] {processor.py:183} INFO - Processing /home/airflow/.local/lib/python3.12/site-packages/airflow/example_dags/example_display_name.py took 0.103 seconds
[2025-07-22T09:07:57.582+0000] {processor.py:161} INFO - Started process (PID=1941) to work on /home/airflow/.local/lib/python3.12/site-packages/airflow/example_dags/example_display_name.py
[2025-07-22T09:07:57.583+0000] {processor.py:830} INFO - Processing file /home/airflow/.local/lib/python3.12/site-packages/airflow/example_dags/example_display_name.py for tasks to queue
[2025-07-22T09:07:57.586+0000] {logging_mixin.py:188} INFO - [2025-07-22T09:07:57.585+0000] {dagbag.py:545} INFO - Filling up the DagBag from /home/airflow/.local/lib/python3.12/site-packages/airflow/example_dags/example_display_name.py
[2025-07-22T09:07:57.591+0000] {processor.py:840} INFO - DAG(s) 'example_display_name' retrieved from /home/airflow/.local/lib/python3.12/site-packages/airflow/example_dags/example_display_name.py
[2025-07-22T09:07:57.613+0000] {logging_mixin.py:188} INFO - [2025-07-22T09:07:57.612+0000] {dag.py:3096} INFO - Sync 1 DAGs
[2025-07-22T09:07:57.626+0000] {logging_mixin.py:188} INFO - [2025-07-22T09:07:57.626+0000] {dag.py:3954} INFO - Setting next_dagrun for example_display_name to None, run_after=None
[2025-07-22T09:07:57.649+0000] {processor.py:183} INFO - Processing /home/airflow/.local/lib/python3.12/site-packages/airflow/example_dags/example_display_name.py took 0.074 seconds
[2025-07-22T09:08:28.277+0000] {processor.py:161} INFO - Started process (PID=2001) to work on /home/airflow/.local/lib/python3.12/site-packages/airflow/example_dags/example_display_name.py
[2025-07-22T09:08:28.279+0000] {processor.py:830} INFO - Processing file /home/airflow/.local/lib/python3.12/site-packages/airflow/example_dags/example_display_name.py for tasks to queue
[2025-07-22T09:08:28.282+0000] {logging_mixin.py:188} INFO - [2025-07-22T09:08:28.281+0000] {dagbag.py:545} INFO - Filling up the DagBag from /home/airflow/.local/lib/python3.12/site-packages/airflow/example_dags/example_display_name.py
[2025-07-22T09:08:28.290+0000] {processor.py:840} INFO - DAG(s) 'example_display_name' retrieved from /home/airflow/.local/lib/python3.12/site-packages/airflow/example_dags/example_display_name.py
[2025-07-22T09:08:28.322+0000] {logging_mixin.py:188} INFO - [2025-07-22T09:08:28.321+0000] {dag.py:3096} INFO - Sync 1 DAGs
[2025-07-22T09:08:28.339+0000] {logging_mixin.py:188} INFO - [2025-07-22T09:08:28.339+0000] {dag.py:3954} INFO - Setting next_dagrun for example_display_name to None, run_after=None
[2025-07-22T09:08:28.373+0000] {processor.py:183} INFO - Processing /home/airflow/.local/lib/python3.12/site-packages/airflow/example_dags/example_display_name.py took 0.104 seconds
[2025-07-22T09:08:58.511+0000] {processor.py:161} INFO - Started process (PID=2061) to work on /home/airflow/.local/lib/python3.12/site-packages/airflow/example_dags/example_display_name.py
[2025-07-22T09:08:58.512+0000] {processor.py:830} INFO - Processing file /home/airflow/.local/lib/python3.12/site-packages/airflow/example_dags/example_display_name.py for tasks to queue
[2025-07-22T09:08:58.515+0000] {logging_mixin.py:188} INFO - [2025-07-22T09:08:58.514+0000] {dagbag.py:545} INFO - Filling up the DagBag from /home/airflow/.local/lib/python3.12/site-packages/airflow/example_dags/example_display_name.py
[2025-07-22T09:08:58.521+0000] {processor.py:840} INFO - DAG(s) 'example_display_name' retrieved from /home/airflow/.local/lib/python3.12/site-packages/airflow/example_dags/example_display_name.py
[2025-07-22T09:08:58.542+0000] {logging_mixin.py:188} INFO - [2025-07-22T09:08:58.542+0000] {dag.py:3096} INFO - Sync 1 DAGs
[2025-07-22T09:08:58.557+0000] {logging_mixin.py:188} INFO - [2025-07-22T09:08:58.556+0000] {dag.py:3954} INFO - Setting next_dagrun for example_display_name to None, run_after=None
[2025-07-22T09:08:58.580+0000] {processor.py:183} INFO - Processing /home/airflow/.local/lib/python3.12/site-packages/airflow/example_dags/example_display_name.py took 0.075 seconds
[2025-07-22T09:09:28.718+0000] {processor.py:161} INFO - Started process (PID=2121) to work on /home/airflow/.local/lib/python3.12/site-packages/airflow/example_dags/example_display_name.py
[2025-07-22T09:09:28.719+0000] {processor.py:830} INFO - Processing file /home/airflow/.local/lib/python3.12/site-packages/airflow/example_dags/example_display_name.py for tasks to queue
[2025-07-22T09:09:28.721+0000] {logging_mixin.py:188} INFO - [2025-07-22T09:09:28.721+0000] {dagbag.py:545} INFO - Filling up the DagBag from /home/airflow/.local/lib/python3.12/site-packages/airflow/example_dags/example_display_name.py
[2025-07-22T09:09:28.727+0000] {processor.py:840} INFO - DAG(s) 'example_display_name' retrieved from /home/airflow/.local/lib/python3.12/site-packages/airflow/example_dags/example_display_name.py
[2025-07-22T09:09:28.748+0000] {logging_mixin.py:188} INFO - [2025-07-22T09:09:28.747+0000] {dag.py:3096} INFO - Sync 1 DAGs
[2025-07-22T09:09:28.762+0000] {logging_mixin.py:188} INFO - [2025-07-22T09:09:28.762+0000] {dag.py:3954} INFO - Setting next_dagrun for example_display_name to None, run_after=None
[2025-07-22T09:09:28.786+0000] {processor.py:183} INFO - Processing /home/airflow/.local/lib/python3.12/site-packages/airflow/example_dags/example_display_name.py took 0.075 seconds
[2025-07-22T09:09:59.319+0000] {processor.py:161} INFO - Started process (PID=2181) to work on /home/airflow/.local/lib/python3.12/site-packages/airflow/example_dags/example_display_name.py
[2025-07-22T09:09:59.320+0000] {processor.py:830} INFO - Processing file /home/airflow/.local/lib/python3.12/site-packages/airflow/example_dags/example_display_name.py for tasks to queue
[2025-07-22T09:09:59.322+0000] {logging_mixin.py:188} INFO - [2025-07-22T09:09:59.322+0000] {dagbag.py:545} INFO - Filling up the DagBag from /home/airflow/.local/lib/python3.12/site-packages/airflow/example_dags/example_display_name.py
[2025-07-22T09:09:59.329+0000] {processor.py:840} INFO - DAG(s) 'example_display_name' retrieved from /home/airflow/.local/lib/python3.12/site-packages/airflow/example_dags/example_display_name.py
[2025-07-22T09:09:59.351+0000] {logging_mixin.py:188} INFO - [2025-07-22T09:09:59.351+0000] {dag.py:3096} INFO - Sync 1 DAGs
[2025-07-22T09:09:59.366+0000] {logging_mixin.py:188} INFO - [2025-07-22T09:09:59.366+0000] {dag.py:3954} INFO - Setting next_dagrun for example_display_name to None, run_after=None
[2025-07-22T09:09:59.390+0000] {processor.py:183} INFO - Processing /home/airflow/.local/lib/python3.12/site-packages/airflow/example_dags/example_display_name.py took 0.077 seconds
[2025-07-22T09:10:30.084+0000] {processor.py:161} INFO - Started process (PID=2241) to work on /home/airflow/.local/lib/python3.12/site-packages/airflow/example_dags/example_display_name.py
[2025-07-22T09:10:30.085+0000] {processor.py:830} INFO - Processing file /home/airflow/.local/lib/python3.12/site-packages/airflow/example_dags/example_display_name.py for tasks to queue
[2025-07-22T09:10:30.087+0000] {logging_mixin.py:188} INFO - [2025-07-22T09:10:30.087+0000] {dagbag.py:545} INFO - Filling up the DagBag from /home/airflow/.local/lib/python3.12/site-packages/airflow/example_dags/example_display_name.py
[2025-07-22T09:10:30.093+0000] {processor.py:840} INFO - DAG(s) 'example_display_name' retrieved from /home/airflow/.local/lib/python3.12/site-packages/airflow/example_dags/example_display_name.py
[2025-07-22T09:10:30.116+0000] {logging_mixin.py:188} INFO - [2025-07-22T09:10:30.116+0000] {dag.py:3096} INFO - Sync 1 DAGs
[2025-07-22T09:10:30.131+0000] {logging_mixin.py:188} INFO - [2025-07-22T09:10:30.130+0000] {dag.py:3954} INFO - Setting next_dagrun for example_display_name to None, run_after=None
[2025-07-22T09:10:30.153+0000] {processor.py:183} INFO - Processing /home/airflow/.local/lib/python3.12/site-packages/airflow/example_dags/example_display_name.py took 0.075 seconds
[2025-07-22T09:11:00.501+0000] {processor.py:161} INFO - Started process (PID=2301) to work on /home/airflow/.local/lib/python3.12/site-packages/airflow/example_dags/example_display_name.py
[2025-07-22T09:11:00.503+0000] {processor.py:830} INFO - Processing file /home/airflow/.local/lib/python3.12/site-packages/airflow/example_dags/example_display_name.py for tasks to queue
[2025-07-22T09:11:00.506+0000] {logging_mixin.py:188} INFO - [2025-07-22T09:11:00.506+0000] {dagbag.py:545} INFO - Filling up the DagBag from /home/airflow/.local/lib/python3.12/site-packages/airflow/example_dags/example_display_name.py
[2025-07-22T09:11:00.514+0000] {processor.py:840} INFO - DAG(s) 'example_display_name' retrieved from /home/airflow/.local/lib/python3.12/site-packages/airflow/example_dags/example_display_name.py
[2025-07-22T09:11:00.550+0000] {logging_mixin.py:188} INFO - [2025-07-22T09:11:00.549+0000] {dag.py:3096} INFO - Sync 1 DAGs
[2025-07-22T09:11:00.571+0000] {logging_mixin.py:188} INFO - [2025-07-22T09:11:00.571+0000] {dag.py:3954} INFO - Setting next_dagrun for example_display_name to None, run_after=None
[2025-07-22T09:11:00.610+0000] {processor.py:183} INFO - Processing /home/airflow/.local/lib/python3.12/site-packages/airflow/example_dags/example_display_name.py took 0.117 seconds
[2025-07-22T09:11:31.215+0000] {processor.py:161} INFO - Started process (PID=2361) to work on /home/airflow/.local/lib/python3.12/site-packages/airflow/example_dags/example_display_name.py
[2025-07-22T09:11:31.216+0000] {processor.py:830} INFO - Processing file /home/airflow/.local/lib/python3.12/site-packages/airflow/example_dags/example_display_name.py for tasks to queue
[2025-07-22T09:11:31.219+0000] {logging_mixin.py:188} INFO - [2025-07-22T09:11:31.218+0000] {dagbag.py:545} INFO - Filling up the DagBag from /home/airflow/.local/lib/python3.12/site-packages/airflow/example_dags/example_display_name.py
[2025-07-22T09:11:31.226+0000] {processor.py:840} INFO - DAG(s) 'example_display_name' retrieved from /home/airflow/.local/lib/python3.12/site-packages/airflow/example_dags/example_display_name.py
[2025-07-22T09:11:31.250+0000] {logging_mixin.py:188} INFO - [2025-07-22T09:11:31.250+0000] {dag.py:3096} INFO - Sync 1 DAGs
[2025-07-22T09:11:31.265+0000] {logging_mixin.py:188} INFO - [2025-07-22T09:11:31.265+0000] {dag.py:3954} INFO - Setting next_dagrun for example_display_name to None, run_after=None
[2025-07-22T09:11:31.290+0000] {processor.py:183} INFO - Processing /home/airflow/.local/lib/python3.12/site-packages/airflow/example_dags/example_display_name.py took 0.082 seconds
[2025-07-22T09:12:02.228+0000] {processor.py:161} INFO - Started process (PID=2421) to work on /home/airflow/.local/lib/python3.12/site-packages/airflow/example_dags/example_display_name.py
[2025-07-22T09:12:02.229+0000] {processor.py:830} INFO - Processing file /home/airflow/.local/lib/python3.12/site-packages/airflow/example_dags/example_display_name.py for tasks to queue
[2025-07-22T09:12:02.233+0000] {logging_mixin.py:188} INFO - [2025-07-22T09:12:02.233+0000] {dagbag.py:545} INFO - Filling up the DagBag from /home/airflow/.local/lib/python3.12/site-packages/airflow/example_dags/example_display_name.py
[2025-07-22T09:12:02.243+0000] {processor.py:840} INFO - DAG(s) 'example_display_name' retrieved from /home/airflow/.local/lib/python3.12/site-packages/airflow/example_dags/example_display_name.py
[2025-07-22T09:12:02.281+0000] {logging_mixin.py:188} INFO - [2025-07-22T09:12:02.280+0000] {dag.py:3096} INFO - Sync 1 DAGs
[2025-07-22T09:12:02.307+0000] {logging_mixin.py:188} INFO - [2025-07-22T09:12:02.306+0000] {dag.py:3954} INFO - Setting next_dagrun for example_display_name to None, run_after=None
[2025-07-22T09:12:02.346+0000] {processor.py:183} INFO - Processing /home/airflow/.local/lib/python3.12/site-packages/airflow/example_dags/example_display_name.py took 0.129 seconds
[2025-07-22T09:12:33.390+0000] {processor.py:161} INFO - Started process (PID=2481) to work on /home/airflow/.local/lib/python3.12/site-packages/airflow/example_dags/example_display_name.py
[2025-07-22T09:12:33.391+0000] {processor.py:830} INFO - Processing file /home/airflow/.local/lib/python3.12/site-packages/airflow/example_dags/example_display_name.py for tasks to queue
[2025-07-22T09:12:33.394+0000] {logging_mixin.py:188} INFO - [2025-07-22T09:12:33.394+0000] {dagbag.py:545} INFO - Filling up the DagBag from /home/airflow/.local/lib/python3.12/site-packages/airflow/example_dags/example_display_name.py
[2025-07-22T09:12:33.402+0000] {processor.py:840} INFO - DAG(s) 'example_display_name' retrieved from /home/airflow/.local/lib/python3.12/site-packages/airflow/example_dags/example_display_name.py
[2025-07-22T09:12:33.429+0000] {logging_mixin.py:188} INFO - [2025-07-22T09:12:33.428+0000] {dag.py:3096} INFO - Sync 1 DAGs
[2025-07-22T09:12:33.446+0000] {logging_mixin.py:188} INFO - [2025-07-22T09:12:33.446+0000] {dag.py:3954} INFO - Setting next_dagrun for example_display_name to None, run_after=None
[2025-07-22T09:12:33.480+0000] {processor.py:183} INFO - Processing /home/airflow/.local/lib/python3.12/site-packages/airflow/example_dags/example_display_name.py took 0.099 seconds
[2025-07-22T09:13:04.133+0000] {processor.py:161} INFO - Started process (PID=2541) to work on /home/airflow/.local/lib/python3.12/site-packages/airflow/example_dags/example_display_name.py
[2025-07-22T09:13:04.135+0000] {processor.py:830} INFO - Processing file /home/airflow/.local/lib/python3.12/site-packages/airflow/example_dags/example_display_name.py for tasks to queue
[2025-07-22T09:13:04.140+0000] {logging_mixin.py:188} INFO - [2025-07-22T09:13:04.139+0000] {dagbag.py:545} INFO - Filling up the DagBag from /home/airflow/.local/lib/python3.12/site-packages/airflow/example_dags/example_display_name.py
[2025-07-22T09:13:04.154+0000] {processor.py:840} INFO - DAG(s) 'example_display_name' retrieved from /home/airflow/.local/lib/python3.12/site-packages/airflow/example_dags/example_display_name.py
[2025-07-22T09:13:04.200+0000] {logging_mixin.py:188} INFO - [2025-07-22T09:13:04.199+0000] {dag.py:3096} INFO - Sync 1 DAGs
[2025-07-22T09:13:04.263+0000] {logging_mixin.py:188} INFO - [2025-07-22T09:13:04.263+0000] {dag.py:3954} INFO - Setting next_dagrun for example_display_name to None, run_after=None
[2025-07-22T09:13:04.325+0000] {processor.py:183} INFO - Processing /home/airflow/.local/lib/python3.12/site-packages/airflow/example_dags/example_display_name.py took 0.205 seconds
[2025-07-22T09:13:34.565+0000] {processor.py:161} INFO - Started process (PID=2607) to work on /home/airflow/.local/lib/python3.12/site-packages/airflow/example_dags/example_display_name.py
[2025-07-22T09:13:34.566+0000] {processor.py:830} INFO - Processing file /home/airflow/.local/lib/python3.12/site-packages/airflow/example_dags/example_display_name.py for tasks to queue
[2025-07-22T09:13:34.569+0000] {logging_mixin.py:188} INFO - [2025-07-22T09:13:34.569+0000] {dagbag.py:545} INFO - Filling up the DagBag from /home/airflow/.local/lib/python3.12/site-packages/airflow/example_dags/example_display_name.py
[2025-07-22T09:13:34.577+0000] {processor.py:840} INFO - DAG(s) 'example_display_name' retrieved from /home/airflow/.local/lib/python3.12/site-packages/airflow/example_dags/example_display_name.py
[2025-07-22T09:13:34.603+0000] {logging_mixin.py:188} INFO - [2025-07-22T09:13:34.603+0000] {dag.py:3096} INFO - Sync 1 DAGs
[2025-07-22T09:13:34.620+0000] {logging_mixin.py:188} INFO - [2025-07-22T09:13:34.620+0000] {dag.py:3954} INFO - Setting next_dagrun for example_display_name to None, run_after=None
[2025-07-22T09:13:34.650+0000] {processor.py:183} INFO - Processing /home/airflow/.local/lib/python3.12/site-packages/airflow/example_dags/example_display_name.py took 0.093 seconds
[2025-07-22T09:14:04.726+0000] {processor.py:161} INFO - Started process (PID=2668) to work on /home/airflow/.local/lib/python3.12/site-packages/airflow/example_dags/example_display_name.py
[2025-07-22T09:14:04.727+0000] {processor.py:830} INFO - Processing file /home/airflow/.local/lib/python3.12/site-packages/airflow/example_dags/example_display_name.py for tasks to queue
[2025-07-22T09:14:04.729+0000] {logging_mixin.py:188} INFO - [2025-07-22T09:14:04.729+0000] {dagbag.py:545} INFO - Filling up the DagBag from /home/airflow/.local/lib/python3.12/site-packages/airflow/example_dags/example_display_name.py
[2025-07-22T09:14:04.737+0000] {processor.py:840} INFO - DAG(s) 'example_display_name' retrieved from /home/airflow/.local/lib/python3.12/site-packages/airflow/example_dags/example_display_name.py
[2025-07-22T09:14:04.762+0000] {logging_mixin.py:188} INFO - [2025-07-22T09:14:04.761+0000] {dag.py:3096} INFO - Sync 1 DAGs
[2025-07-22T09:14:04.776+0000] {logging_mixin.py:188} INFO - [2025-07-22T09:14:04.776+0000] {dag.py:3954} INFO - Setting next_dagrun for example_display_name to None, run_after=None
[2025-07-22T09:14:04.807+0000] {processor.py:183} INFO - Processing /home/airflow/.local/lib/python3.12/site-packages/airflow/example_dags/example_display_name.py took 0.089 seconds
[2025-07-22T09:14:34.908+0000] {processor.py:161} INFO - Started process (PID=2728) to work on /home/airflow/.local/lib/python3.12/site-packages/airflow/example_dags/example_display_name.py
[2025-07-22T09:14:34.909+0000] {processor.py:830} INFO - Processing file /home/airflow/.local/lib/python3.12/site-packages/airflow/example_dags/example_display_name.py for tasks to queue
[2025-07-22T09:14:34.912+0000] {logging_mixin.py:188} INFO - [2025-07-22T09:14:34.911+0000] {dagbag.py:545} INFO - Filling up the DagBag from /home/airflow/.local/lib/python3.12/site-packages/airflow/example_dags/example_display_name.py
[2025-07-22T09:14:34.920+0000] {processor.py:840} INFO - DAG(s) 'example_display_name' retrieved from /home/airflow/.local/lib/python3.12/site-packages/airflow/example_dags/example_display_name.py
[2025-07-22T09:14:34.952+0000] {logging_mixin.py:188} INFO - [2025-07-22T09:14:34.951+0000] {dag.py:3096} INFO - Sync 1 DAGs
[2025-07-22T09:14:34.969+0000] {logging_mixin.py:188} INFO - [2025-07-22T09:14:34.968+0000] {dag.py:3954} INFO - Setting next_dagrun for example_display_name to None, run_after=None
[2025-07-22T09:14:34.994+0000] {processor.py:183} INFO - Processing /home/airflow/.local/lib/python3.12/site-packages/airflow/example_dags/example_display_name.py took 0.093 seconds
[2025-07-22T09:15:05.289+0000] {processor.py:161} INFO - Started process (PID=2788) to work on /home/airflow/.local/lib/python3.12/site-packages/airflow/example_dags/example_display_name.py
[2025-07-22T09:15:05.290+0000] {processor.py:830} INFO - Processing file /home/airflow/.local/lib/python3.12/site-packages/airflow/example_dags/example_display_name.py for tasks to queue
[2025-07-22T09:15:05.292+0000] {logging_mixin.py:188} INFO - [2025-07-22T09:15:05.292+0000] {dagbag.py:545} INFO - Filling up the DagBag from /home/airflow/.local/lib/python3.12/site-packages/airflow/example_dags/example_display_name.py
[2025-07-22T09:15:05.299+0000] {processor.py:840} INFO - DAG(s) 'example_display_name' retrieved from /home/airflow/.local/lib/python3.12/site-packages/airflow/example_dags/example_display_name.py
[2025-07-22T09:15:05.321+0000] {logging_mixin.py:188} INFO - [2025-07-22T09:15:05.321+0000] {dag.py:3096} INFO - Sync 1 DAGs
[2025-07-22T09:15:05.337+0000] {logging_mixin.py:188} INFO - [2025-07-22T09:15:05.337+0000] {dag.py:3954} INFO - Setting next_dagrun for example_display_name to None, run_after=None
[2025-07-22T09:15:05.362+0000] {processor.py:183} INFO - Processing /home/airflow/.local/lib/python3.12/site-packages/airflow/example_dags/example_display_name.py took 0.081 seconds
[2025-07-22T09:15:35.423+0000] {processor.py:161} INFO - Started process (PID=2846) to work on /home/airflow/.local/lib/python3.12/site-packages/airflow/example_dags/example_display_name.py
[2025-07-22T09:15:35.424+0000] {processor.py:830} INFO - Processing file /home/airflow/.local/lib/python3.12/site-packages/airflow/example_dags/example_display_name.py for tasks to queue
[2025-07-22T09:15:35.427+0000] {logging_mixin.py:188} INFO - [2025-07-22T09:15:35.427+0000] {dagbag.py:545} INFO - Filling up the DagBag from /home/airflow/.local/lib/python3.12/site-packages/airflow/example_dags/example_display_name.py
[2025-07-22T09:15:35.433+0000] {processor.py:840} INFO - DAG(s) 'example_display_name' retrieved from /home/airflow/.local/lib/python3.12/site-packages/airflow/example_dags/example_display_name.py
[2025-07-22T09:15:35.455+0000] {logging_mixin.py:188} INFO - [2025-07-22T09:15:35.455+0000] {dag.py:3096} INFO - Sync 1 DAGs
[2025-07-22T09:15:35.470+0000] {logging_mixin.py:188} INFO - [2025-07-22T09:15:35.470+0000] {dag.py:3954} INFO - Setting next_dagrun for example_display_name to None, run_after=None
[2025-07-22T09:15:35.492+0000] {processor.py:183} INFO - Processing /home/airflow/.local/lib/python3.12/site-packages/airflow/example_dags/example_display_name.py took 0.076 seconds
[2025-07-22T09:16:05.643+0000] {processor.py:161} INFO - Started process (PID=2906) to work on /home/airflow/.local/lib/python3.12/site-packages/airflow/example_dags/example_display_name.py
[2025-07-22T09:16:05.644+0000] {processor.py:830} INFO - Processing file /home/airflow/.local/lib/python3.12/site-packages/airflow/example_dags/example_display_name.py for tasks to queue
[2025-07-22T09:16:05.646+0000] {logging_mixin.py:188} INFO - [2025-07-22T09:16:05.646+0000] {dagbag.py:545} INFO - Filling up the DagBag from /home/airflow/.local/lib/python3.12/site-packages/airflow/example_dags/example_display_name.py
[2025-07-22T09:16:05.653+0000] {processor.py:840} INFO - DAG(s) 'example_display_name' retrieved from /home/airflow/.local/lib/python3.12/site-packages/airflow/example_dags/example_display_name.py
[2025-07-22T09:16:05.675+0000] {logging_mixin.py:188} INFO - [2025-07-22T09:16:05.675+0000] {dag.py:3096} INFO - Sync 1 DAGs
[2025-07-22T09:16:05.690+0000] {logging_mixin.py:188} INFO - [2025-07-22T09:16:05.690+0000] {dag.py:3954} INFO - Setting next_dagrun for example_display_name to None, run_after=None
[2025-07-22T09:16:05.715+0000] {processor.py:183} INFO - Processing /home/airflow/.local/lib/python3.12/site-packages/airflow/example_dags/example_display_name.py took 0.079 seconds
[2025-07-22T09:16:35.987+0000] {processor.py:161} INFO - Started process (PID=2966) to work on /home/airflow/.local/lib/python3.12/site-packages/airflow/example_dags/example_display_name.py
[2025-07-22T09:16:35.989+0000] {processor.py:830} INFO - Processing file /home/airflow/.local/lib/python3.12/site-packages/airflow/example_dags/example_display_name.py for tasks to queue
[2025-07-22T09:16:35.991+0000] {logging_mixin.py:188} INFO - [2025-07-22T09:16:35.991+0000] {dagbag.py:545} INFO - Filling up the DagBag from /home/airflow/.local/lib/python3.12/site-packages/airflow/example_dags/example_display_name.py
[2025-07-22T09:16:36.000+0000] {processor.py:840} INFO - DAG(s) 'example_display_name' retrieved from /home/airflow/.local/lib/python3.12/site-packages/airflow/example_dags/example_display_name.py
[2025-07-22T09:16:36.026+0000] {logging_mixin.py:188} INFO - [2025-07-22T09:16:36.026+0000] {dag.py:3096} INFO - Sync 1 DAGs
[2025-07-22T09:16:36.045+0000] {logging_mixin.py:188} INFO - [2025-07-22T09:16:36.045+0000] {dag.py:3954} INFO - Setting next_dagrun for example_display_name to None, run_after=None
[2025-07-22T09:16:36.073+0000] {processor.py:183} INFO - Processing /home/airflow/.local/lib/python3.12/site-packages/airflow/example_dags/example_display_name.py took 0.095 seconds
[2025-07-22T09:17:06.552+0000] {processor.py:161} INFO - Started process (PID=3026) to work on /home/airflow/.local/lib/python3.12/site-packages/airflow/example_dags/example_display_name.py
[2025-07-22T09:17:06.553+0000] {processor.py:830} INFO - Processing file /home/airflow/.local/lib/python3.12/site-packages/airflow/example_dags/example_display_name.py for tasks to queue
[2025-07-22T09:17:06.555+0000] {logging_mixin.py:188} INFO - [2025-07-22T09:17:06.555+0000] {dagbag.py:545} INFO - Filling up the DagBag from /home/airflow/.local/lib/python3.12/site-packages/airflow/example_dags/example_display_name.py
[2025-07-22T09:17:06.564+0000] {processor.py:840} INFO - DAG(s) 'example_display_name' retrieved from /home/airflow/.local/lib/python3.12/site-packages/airflow/example_dags/example_display_name.py
[2025-07-22T09:17:06.594+0000] {logging_mixin.py:188} INFO - [2025-07-22T09:17:06.594+0000] {dag.py:3096} INFO - Sync 1 DAGs
[2025-07-22T09:17:06.618+0000] {logging_mixin.py:188} INFO - [2025-07-22T09:17:06.617+0000] {dag.py:3954} INFO - Setting next_dagrun for example_display_name to None, run_after=None
[2025-07-22T09:17:06.649+0000] {processor.py:183} INFO - Processing /home/airflow/.local/lib/python3.12/site-packages/airflow/example_dags/example_display_name.py took 0.108 seconds
[2025-07-22T09:17:36.693+0000] {processor.py:161} INFO - Started process (PID=3086) to work on /home/airflow/.local/lib/python3.12/site-packages/airflow/example_dags/example_display_name.py
[2025-07-22T09:17:36.694+0000] {processor.py:830} INFO - Processing file /home/airflow/.local/lib/python3.12/site-packages/airflow/example_dags/example_display_name.py for tasks to queue
[2025-07-22T09:17:36.697+0000] {logging_mixin.py:188} INFO - [2025-07-22T09:17:36.696+0000] {dagbag.py:545} INFO - Filling up the DagBag from /home/airflow/.local/lib/python3.12/site-packages/airflow/example_dags/example_display_name.py
[2025-07-22T09:17:36.703+0000] {processor.py:840} INFO - DAG(s) 'example_display_name' retrieved from /home/airflow/.local/lib/python3.12/site-packages/airflow/example_dags/example_display_name.py
[2025-07-22T09:17:36.731+0000] {logging_mixin.py:188} INFO - [2025-07-22T09:17:36.731+0000] {dag.py:3096} INFO - Sync 1 DAGs
[2025-07-22T09:17:36.746+0000] {logging_mixin.py:188} INFO - [2025-07-22T09:17:36.746+0000] {dag.py:3954} INFO - Setting next_dagrun for example_display_name to None, run_after=None
[2025-07-22T09:17:36.769+0000] {processor.py:183} INFO - Processing /home/airflow/.local/lib/python3.12/site-packages/airflow/example_dags/example_display_name.py took 0.083 seconds
[2025-07-22T09:18:07.632+0000] {processor.py:161} INFO - Started process (PID=3146) to work on /home/airflow/.local/lib/python3.12/site-packages/airflow/example_dags/example_display_name.py
[2025-07-22T09:18:07.633+0000] {processor.py:830} INFO - Processing file /home/airflow/.local/lib/python3.12/site-packages/airflow/example_dags/example_display_name.py for tasks to queue
[2025-07-22T09:18:07.636+0000] {logging_mixin.py:188} INFO - [2025-07-22T09:18:07.636+0000] {dagbag.py:545} INFO - Filling up the DagBag from /home/airflow/.local/lib/python3.12/site-packages/airflow/example_dags/example_display_name.py
[2025-07-22T09:18:07.644+0000] {processor.py:840} INFO - DAG(s) 'example_display_name' retrieved from /home/airflow/.local/lib/python3.12/site-packages/airflow/example_dags/example_display_name.py
[2025-07-22T09:18:07.669+0000] {logging_mixin.py:188} INFO - [2025-07-22T09:18:07.669+0000] {dag.py:3096} INFO - Sync 1 DAGs
[2025-07-22T09:18:07.688+0000] {logging_mixin.py:188} INFO - [2025-07-22T09:18:07.687+0000] {dag.py:3954} INFO - Setting next_dagrun for example_display_name to None, run_after=None
[2025-07-22T09:18:07.718+0000] {processor.py:183} INFO - Processing /home/airflow/.local/lib/python3.12/site-packages/airflow/example_dags/example_display_name.py took 0.096 seconds
[2025-07-22T09:18:38.452+0000] {processor.py:161} INFO - Started process (PID=3206) to work on /home/airflow/.local/lib/python3.12/site-packages/airflow/example_dags/example_display_name.py
[2025-07-22T09:18:38.453+0000] {processor.py:830} INFO - Processing file /home/airflow/.local/lib/python3.12/site-packages/airflow/example_dags/example_display_name.py for tasks to queue
[2025-07-22T09:18:38.456+0000] {logging_mixin.py:188} INFO - [2025-07-22T09:18:38.456+0000] {dagbag.py:545} INFO - Filling up the DagBag from /home/airflow/.local/lib/python3.12/site-packages/airflow/example_dags/example_display_name.py
[2025-07-22T09:18:38.465+0000] {processor.py:840} INFO - DAG(s) 'example_display_name' retrieved from /home/airflow/.local/lib/python3.12/site-packages/airflow/example_dags/example_display_name.py
[2025-07-22T09:18:38.493+0000] {logging_mixin.py:188} INFO - [2025-07-22T09:18:38.493+0000] {dag.py:3096} INFO - Sync 1 DAGs
[2025-07-22T09:18:38.513+0000] {logging_mixin.py:188} INFO - [2025-07-22T09:18:38.513+0000] {dag.py:3954} INFO - Setting next_dagrun for example_display_name to None, run_after=None
[2025-07-22T09:18:38.544+0000] {processor.py:183} INFO - Processing /home/airflow/.local/lib/python3.12/site-packages/airflow/example_dags/example_display_name.py took 0.102 seconds
[2025-07-22T09:19:08.908+0000] {processor.py:161} INFO - Started process (PID=3266) to work on /home/airflow/.local/lib/python3.12/site-packages/airflow/example_dags/example_display_name.py
[2025-07-22T09:19:08.909+0000] {processor.py:830} INFO - Processing file /home/airflow/.local/lib/python3.12/site-packages/airflow/example_dags/example_display_name.py for tasks to queue
[2025-07-22T09:19:08.912+0000] {logging_mixin.py:188} INFO - [2025-07-22T09:19:08.911+0000] {dagbag.py:545} INFO - Filling up the DagBag from /home/airflow/.local/lib/python3.12/site-packages/airflow/example_dags/example_display_name.py
[2025-07-22T09:19:08.919+0000] {processor.py:840} INFO - DAG(s) 'example_display_name' retrieved from /home/airflow/.local/lib/python3.12/site-packages/airflow/example_dags/example_display_name.py
[2025-07-22T09:19:08.939+0000] {logging_mixin.py:188} INFO - [2025-07-22T09:19:08.939+0000] {dag.py:3096} INFO - Sync 1 DAGs
[2025-07-22T09:19:08.953+0000] {logging_mixin.py:188} INFO - [2025-07-22T09:19:08.953+0000] {dag.py:3954} INFO - Setting next_dagrun for example_display_name to None, run_after=None
[2025-07-22T09:19:08.976+0000] {processor.py:183} INFO - Processing /home/airflow/.local/lib/python3.12/site-packages/airflow/example_dags/example_display_name.py took 0.076 seconds
[2025-07-22T09:19:39.139+0000] {processor.py:161} INFO - Started process (PID=3326) to work on /home/airflow/.local/lib/python3.12/site-packages/airflow/example_dags/example_display_name.py
[2025-07-22T09:19:39.140+0000] {processor.py:830} INFO - Processing file /home/airflow/.local/lib/python3.12/site-packages/airflow/example_dags/example_display_name.py for tasks to queue
[2025-07-22T09:19:39.142+0000] {logging_mixin.py:188} INFO - [2025-07-22T09:19:39.142+0000] {dagbag.py:545} INFO - Filling up the DagBag from /home/airflow/.local/lib/python3.12/site-packages/airflow/example_dags/example_display_name.py
[2025-07-22T09:19:39.149+0000] {processor.py:840} INFO - DAG(s) 'example_display_name' retrieved from /home/airflow/.local/lib/python3.12/site-packages/airflow/example_dags/example_display_name.py
[2025-07-22T09:19:39.172+0000] {logging_mixin.py:188} INFO - [2025-07-22T09:19:39.172+0000] {dag.py:3096} INFO - Sync 1 DAGs
[2025-07-22T09:19:39.187+0000] {logging_mixin.py:188} INFO - [2025-07-22T09:19:39.186+0000] {dag.py:3954} INFO - Setting next_dagrun for example_display_name to None, run_after=None
[2025-07-22T09:19:39.209+0000] {processor.py:183} INFO - Processing /home/airflow/.local/lib/python3.12/site-packages/airflow/example_dags/example_display_name.py took 0.077 seconds
[2025-07-22T09:20:09.519+0000] {processor.py:161} INFO - Started process (PID=3386) to work on /home/airflow/.local/lib/python3.12/site-packages/airflow/example_dags/example_display_name.py
[2025-07-22T09:20:09.520+0000] {processor.py:830} INFO - Processing file /home/airflow/.local/lib/python3.12/site-packages/airflow/example_dags/example_display_name.py for tasks to queue
[2025-07-22T09:20:09.523+0000] {logging_mixin.py:188} INFO - [2025-07-22T09:20:09.523+0000] {dagbag.py:545} INFO - Filling up the DagBag from /home/airflow/.local/lib/python3.12/site-packages/airflow/example_dags/example_display_name.py
[2025-07-22T09:20:09.530+0000] {processor.py:840} INFO - DAG(s) 'example_display_name' retrieved from /home/airflow/.local/lib/python3.12/site-packages/airflow/example_dags/example_display_name.py
[2025-07-22T09:20:09.550+0000] {logging_mixin.py:188} INFO - [2025-07-22T09:20:09.550+0000] {dag.py:3096} INFO - Sync 1 DAGs
[2025-07-22T09:20:09.563+0000] {logging_mixin.py:188} INFO - [2025-07-22T09:20:09.563+0000] {dag.py:3954} INFO - Setting next_dagrun for example_display_name to None, run_after=None
[2025-07-22T09:20:09.585+0000] {processor.py:183} INFO - Processing /home/airflow/.local/lib/python3.12/site-packages/airflow/example_dags/example_display_name.py took 0.072 seconds
[2025-07-22T09:20:39.974+0000] {processor.py:161} INFO - Started process (PID=3446) to work on /home/airflow/.local/lib/python3.12/site-packages/airflow/example_dags/example_display_name.py
[2025-07-22T09:20:39.976+0000] {processor.py:830} INFO - Processing file /home/airflow/.local/lib/python3.12/site-packages/airflow/example_dags/example_display_name.py for tasks to queue
[2025-07-22T09:20:39.978+0000] {logging_mixin.py:188} INFO - [2025-07-22T09:20:39.978+0000] {dagbag.py:545} INFO - Filling up the DagBag from /home/airflow/.local/lib/python3.12/site-packages/airflow/example_dags/example_display_name.py
[2025-07-22T09:20:39.985+0000] {processor.py:840} INFO - DAG(s) 'example_display_name' retrieved from /home/airflow/.local/lib/python3.12/site-packages/airflow/example_dags/example_display_name.py
[2025-07-22T09:20:40.007+0000] {logging_mixin.py:188} INFO - [2025-07-22T09:20:40.006+0000] {dag.py:3096} INFO - Sync 1 DAGs
[2025-07-22T09:20:40.021+0000] {logging_mixin.py:188} INFO - [2025-07-22T09:20:40.020+0000] {dag.py:3954} INFO - Setting next_dagrun for example_display_name to None, run_after=None
[2025-07-22T09:20:40.047+0000] {processor.py:183} INFO - Processing /home/airflow/.local/lib/python3.12/site-packages/airflow/example_dags/example_display_name.py took 0.081 seconds
[2025-07-22T09:21:10.256+0000] {processor.py:161} INFO - Started process (PID=3507) to work on /home/airflow/.local/lib/python3.12/site-packages/airflow/example_dags/example_display_name.py
[2025-07-22T09:21:10.257+0000] {processor.py:830} INFO - Processing file /home/airflow/.local/lib/python3.12/site-packages/airflow/example_dags/example_display_name.py for tasks to queue
[2025-07-22T09:21:10.259+0000] {logging_mixin.py:188} INFO - [2025-07-22T09:21:10.259+0000] {dagbag.py:545} INFO - Filling up the DagBag from /home/airflow/.local/lib/python3.12/site-packages/airflow/example_dags/example_display_name.py
[2025-07-22T09:21:10.265+0000] {processor.py:840} INFO - DAG(s) 'example_display_name' retrieved from /home/airflow/.local/lib/python3.12/site-packages/airflow/example_dags/example_display_name.py
[2025-07-22T09:21:10.286+0000] {logging_mixin.py:188} INFO - [2025-07-22T09:21:10.286+0000] {dag.py:3096} INFO - Sync 1 DAGs
[2025-07-22T09:21:10.300+0000] {logging_mixin.py:188} INFO - [2025-07-22T09:21:10.300+0000] {dag.py:3954} INFO - Setting next_dagrun for example_display_name to None, run_after=None
[2025-07-22T09:21:10.321+0000] {processor.py:183} INFO - Processing /home/airflow/.local/lib/python3.12/site-packages/airflow/example_dags/example_display_name.py took 0.074 seconds
[2025-07-22T09:21:40.579+0000] {processor.py:161} INFO - Started process (PID=3567) to work on /home/airflow/.local/lib/python3.12/site-packages/airflow/example_dags/example_display_name.py
[2025-07-22T09:21:40.581+0000] {processor.py:830} INFO - Processing file /home/airflow/.local/lib/python3.12/site-packages/airflow/example_dags/example_display_name.py for tasks to queue
[2025-07-22T09:21:40.584+0000] {logging_mixin.py:188} INFO - [2025-07-22T09:21:40.584+0000] {dagbag.py:545} INFO - Filling up the DagBag from /home/airflow/.local/lib/python3.12/site-packages/airflow/example_dags/example_display_name.py
[2025-07-22T09:21:40.595+0000] {processor.py:840} INFO - DAG(s) 'example_display_name' retrieved from /home/airflow/.local/lib/python3.12/site-packages/airflow/example_dags/example_display_name.py
[2025-07-22T09:21:40.621+0000] {logging_mixin.py:188} INFO - [2025-07-22T09:21:40.621+0000] {dag.py:3096} INFO - Sync 1 DAGs
[2025-07-22T09:21:40.643+0000] {logging_mixin.py:188} INFO - [2025-07-22T09:21:40.643+0000] {dag.py:3954} INFO - Setting next_dagrun for example_display_name to None, run_after=None
[2025-07-22T09:21:40.674+0000] {processor.py:183} INFO - Processing /home/airflow/.local/lib/python3.12/site-packages/airflow/example_dags/example_display_name.py took 0.102 seconds
[2025-07-22T09:22:10.774+0000] {processor.py:161} INFO - Started process (PID=3627) to work on /home/airflow/.local/lib/python3.12/site-packages/airflow/example_dags/example_display_name.py
[2025-07-22T09:22:10.776+0000] {processor.py:830} INFO - Processing file /home/airflow/.local/lib/python3.12/site-packages/airflow/example_dags/example_display_name.py for tasks to queue
[2025-07-22T09:22:10.778+0000] {logging_mixin.py:188} INFO - [2025-07-22T09:22:10.778+0000] {dagbag.py:545} INFO - Filling up the DagBag from /home/airflow/.local/lib/python3.12/site-packages/airflow/example_dags/example_display_name.py
[2025-07-22T09:22:10.785+0000] {processor.py:840} INFO - DAG(s) 'example_display_name' retrieved from /home/airflow/.local/lib/python3.12/site-packages/airflow/example_dags/example_display_name.py
[2025-07-22T09:22:10.807+0000] {logging_mixin.py:188} INFO - [2025-07-22T09:22:10.807+0000] {dag.py:3096} INFO - Sync 1 DAGs
[2025-07-22T09:22:10.824+0000] {logging_mixin.py:188} INFO - [2025-07-22T09:22:10.823+0000] {dag.py:3954} INFO - Setting next_dagrun for example_display_name to None, run_after=None
[2025-07-22T09:22:10.848+0000] {processor.py:183} INFO - Processing /home/airflow/.local/lib/python3.12/site-packages/airflow/example_dags/example_display_name.py took 0.080 seconds
