[2025-07-22T08:52:12.081+0000] {processor.py:161} INFO - Started process (PID=114) to work on /home/airflow/.local/lib/python3.12/site-packages/airflow/example_dags/example_sensors.py
[2025-07-22T08:52:12.082+0000] {processor.py:830} INFO - Processing file /home/airflow/.local/lib/python3.12/site-packages/airflow/example_dags/example_sensors.py for tasks to queue
[2025-07-22T08:52:12.085+0000] {logging_mixin.py:188} INFO - [2025-07-22T08:52:12.085+0000] {dagbag.py:545} INFO - Filling up the DagBag from /home/airflow/.local/lib/python3.12/site-packages/airflow/example_dags/example_sensors.py
[2025-07-22T08:52:12.097+0000] {processor.py:840} INFO - DAG(s) 'example_sensors' retrieved from /home/airflow/.local/lib/python3.12/site-packages/airflow/example_dags/example_sensors.py
[2025-07-22T08:52:12.248+0000] {logging_mixin.py:188} INFO - [2025-07-22T08:52:12.247+0000] {dag.py:3096} INFO - Sync 1 DAGs
[2025-07-22T08:52:12.261+0000] {logging_mixin.py:188} INFO - [2025-07-22T08:52:12.261+0000] {dag.py:3954} INFO - Setting next_dagrun for example_sensors to None, run_after=None
[2025-07-22T08:52:12.286+0000] {processor.py:183} INFO - Processing /home/airflow/.local/lib/python3.12/site-packages/airflow/example_dags/example_sensors.py took 0.212 seconds
[2025-07-22T08:52:42.402+0000] {processor.py:161} INFO - Started process (PID=172) to work on /home/airflow/.local/lib/python3.12/site-packages/airflow/example_dags/example_sensors.py
[2025-07-22T08:52:42.404+0000] {processor.py:830} INFO - Processing file /home/airflow/.local/lib/python3.12/site-packages/airflow/example_dags/example_sensors.py for tasks to queue
[2025-07-22T08:52:42.406+0000] {logging_mixin.py:188} INFO - [2025-07-22T08:52:42.406+0000] {dagbag.py:545} INFO - Filling up the DagBag from /home/airflow/.local/lib/python3.12/site-packages/airflow/example_dags/example_sensors.py
[2025-07-22T08:52:42.418+0000] {processor.py:840} INFO - DAG(s) 'example_sensors' retrieved from /home/airflow/.local/lib/python3.12/site-packages/airflow/example_dags/example_sensors.py
[2025-07-22T08:52:42.453+0000] {logging_mixin.py:188} INFO - [2025-07-22T08:52:42.453+0000] {dag.py:3096} INFO - Sync 1 DAGs
[2025-07-22T08:52:42.469+0000] {logging_mixin.py:188} INFO - [2025-07-22T08:52:42.469+0000] {dag.py:3954} INFO - Setting next_dagrun for example_sensors to None, run_after=None
[2025-07-22T08:52:42.493+0000] {processor.py:183} INFO - Processing /home/airflow/.local/lib/python3.12/site-packages/airflow/example_dags/example_sensors.py took 0.099 seconds
[2025-07-22T08:53:12.869+0000] {processor.py:161} INFO - Started process (PID=230) to work on /home/airflow/.local/lib/python3.12/site-packages/airflow/example_dags/example_sensors.py
[2025-07-22T08:53:12.870+0000] {processor.py:830} INFO - Processing file /home/airflow/.local/lib/python3.12/site-packages/airflow/example_dags/example_sensors.py for tasks to queue
[2025-07-22T08:53:12.872+0000] {logging_mixin.py:188} INFO - [2025-07-22T08:53:12.872+0000] {dagbag.py:545} INFO - Filling up the DagBag from /home/airflow/.local/lib/python3.12/site-packages/airflow/example_dags/example_sensors.py
[2025-07-22T08:53:12.882+0000] {processor.py:840} INFO - DAG(s) 'example_sensors' retrieved from /home/airflow/.local/lib/python3.12/site-packages/airflow/example_dags/example_sensors.py
[2025-07-22T08:53:12.910+0000] {logging_mixin.py:188} INFO - [2025-07-22T08:53:12.910+0000] {dag.py:3096} INFO - Sync 1 DAGs
[2025-07-22T08:53:12.924+0000] {logging_mixin.py:188} INFO - [2025-07-22T08:53:12.924+0000] {dag.py:3954} INFO - Setting next_dagrun for example_sensors to None, run_after=None
[2025-07-22T08:53:12.945+0000] {processor.py:183} INFO - Processing /home/airflow/.local/lib/python3.12/site-packages/airflow/example_dags/example_sensors.py took 0.084 seconds
[2025-07-22T08:53:44.180+0000] {processor.py:161} INFO - Started process (PID=288) to work on /home/airflow/.local/lib/python3.12/site-packages/airflow/example_dags/example_sensors.py
[2025-07-22T08:53:44.183+0000] {processor.py:830} INFO - Processing file /home/airflow/.local/lib/python3.12/site-packages/airflow/example_dags/example_sensors.py for tasks to queue
[2025-07-22T08:53:44.187+0000] {logging_mixin.py:188} INFO - [2025-07-22T08:53:44.186+0000] {dagbag.py:545} INFO - Filling up the DagBag from /home/airflow/.local/lib/python3.12/site-packages/airflow/example_dags/example_sensors.py
[2025-07-22T08:53:44.208+0000] {processor.py:840} INFO - DAG(s) 'example_sensors' retrieved from /home/airflow/.local/lib/python3.12/site-packages/airflow/example_dags/example_sensors.py
[2025-07-22T08:53:44.273+0000] {logging_mixin.py:188} INFO - [2025-07-22T08:53:44.272+0000] {dag.py:3096} INFO - Sync 1 DAGs
[2025-07-22T08:53:44.300+0000] {logging_mixin.py:188} INFO - [2025-07-22T08:53:44.300+0000] {dag.py:3954} INFO - Setting next_dagrun for example_sensors to None, run_after=None
[2025-07-22T08:53:44.334+0000] {processor.py:183} INFO - Processing /home/airflow/.local/lib/python3.12/site-packages/airflow/example_dags/example_sensors.py took 0.165 seconds
[2025-07-22T08:54:14.444+0000] {processor.py:161} INFO - Started process (PID=346) to work on /home/airflow/.local/lib/python3.12/site-packages/airflow/example_dags/example_sensors.py
[2025-07-22T08:54:14.446+0000] {processor.py:830} INFO - Processing file /home/airflow/.local/lib/python3.12/site-packages/airflow/example_dags/example_sensors.py for tasks to queue
[2025-07-22T08:54:14.449+0000] {logging_mixin.py:188} INFO - [2025-07-22T08:54:14.448+0000] {dagbag.py:545} INFO - Filling up the DagBag from /home/airflow/.local/lib/python3.12/site-packages/airflow/example_dags/example_sensors.py
[2025-07-22T08:54:14.462+0000] {processor.py:840} INFO - DAG(s) 'example_sensors' retrieved from /home/airflow/.local/lib/python3.12/site-packages/airflow/example_dags/example_sensors.py
[2025-07-22T08:54:14.504+0000] {logging_mixin.py:188} INFO - [2025-07-22T08:54:14.504+0000] {dag.py:3096} INFO - Sync 1 DAGs
[2025-07-22T08:54:14.523+0000] {logging_mixin.py:188} INFO - [2025-07-22T08:54:14.523+0000] {dag.py:3954} INFO - Setting next_dagrun for example_sensors to None, run_after=None
[2025-07-22T08:54:14.553+0000] {processor.py:183} INFO - Processing /home/airflow/.local/lib/python3.12/site-packages/airflow/example_dags/example_sensors.py took 0.118 seconds
[2025-07-22T08:54:45.437+0000] {processor.py:161} INFO - Started process (PID=404) to work on /home/airflow/.local/lib/python3.12/site-packages/airflow/example_dags/example_sensors.py
[2025-07-22T08:54:45.438+0000] {processor.py:830} INFO - Processing file /home/airflow/.local/lib/python3.12/site-packages/airflow/example_dags/example_sensors.py for tasks to queue
[2025-07-22T08:54:45.441+0000] {logging_mixin.py:188} INFO - [2025-07-22T08:54:45.441+0000] {dagbag.py:545} INFO - Filling up the DagBag from /home/airflow/.local/lib/python3.12/site-packages/airflow/example_dags/example_sensors.py
[2025-07-22T08:54:45.454+0000] {processor.py:840} INFO - DAG(s) 'example_sensors' retrieved from /home/airflow/.local/lib/python3.12/site-packages/airflow/example_dags/example_sensors.py
[2025-07-22T08:54:45.488+0000] {logging_mixin.py:188} INFO - [2025-07-22T08:54:45.488+0000] {dag.py:3096} INFO - Sync 1 DAGs
[2025-07-22T08:54:45.507+0000] {logging_mixin.py:188} INFO - [2025-07-22T08:54:45.507+0000] {dag.py:3954} INFO - Setting next_dagrun for example_sensors to None, run_after=None
[2025-07-22T08:54:45.536+0000] {processor.py:183} INFO - Processing /home/airflow/.local/lib/python3.12/site-packages/airflow/example_dags/example_sensors.py took 0.109 seconds
[2025-07-22T08:55:16.434+0000] {processor.py:161} INFO - Started process (PID=462) to work on /home/airflow/.local/lib/python3.12/site-packages/airflow/example_dags/example_sensors.py
[2025-07-22T08:55:16.436+0000] {processor.py:830} INFO - Processing file /home/airflow/.local/lib/python3.12/site-packages/airflow/example_dags/example_sensors.py for tasks to queue
[2025-07-22T08:55:16.438+0000] {logging_mixin.py:188} INFO - [2025-07-22T08:55:16.438+0000] {dagbag.py:545} INFO - Filling up the DagBag from /home/airflow/.local/lib/python3.12/site-packages/airflow/example_dags/example_sensors.py
[2025-07-22T08:55:16.452+0000] {processor.py:840} INFO - DAG(s) 'example_sensors' retrieved from /home/airflow/.local/lib/python3.12/site-packages/airflow/example_dags/example_sensors.py
[2025-07-22T08:55:16.487+0000] {logging_mixin.py:188} INFO - [2025-07-22T08:55:16.487+0000] {dag.py:3096} INFO - Sync 1 DAGs
[2025-07-22T08:55:16.503+0000] {logging_mixin.py:188} INFO - [2025-07-22T08:55:16.503+0000] {dag.py:3954} INFO - Setting next_dagrun for example_sensors to None, run_after=None
[2025-07-22T08:55:16.526+0000] {processor.py:183} INFO - Processing /home/airflow/.local/lib/python3.12/site-packages/airflow/example_dags/example_sensors.py took 0.101 seconds
[2025-07-22T08:55:47.042+0000] {processor.py:161} INFO - Started process (PID=520) to work on /home/airflow/.local/lib/python3.12/site-packages/airflow/example_dags/example_sensors.py
[2025-07-22T08:55:47.044+0000] {processor.py:830} INFO - Processing file /home/airflow/.local/lib/python3.12/site-packages/airflow/example_dags/example_sensors.py for tasks to queue
[2025-07-22T08:55:47.046+0000] {logging_mixin.py:188} INFO - [2025-07-22T08:55:47.046+0000] {dagbag.py:545} INFO - Filling up the DagBag from /home/airflow/.local/lib/python3.12/site-packages/airflow/example_dags/example_sensors.py
[2025-07-22T08:55:47.057+0000] {processor.py:840} INFO - DAG(s) 'example_sensors' retrieved from /home/airflow/.local/lib/python3.12/site-packages/airflow/example_dags/example_sensors.py
[2025-07-22T08:55:47.090+0000] {logging_mixin.py:188} INFO - [2025-07-22T08:55:47.090+0000] {dag.py:3096} INFO - Sync 1 DAGs
[2025-07-22T08:55:47.108+0000] {logging_mixin.py:188} INFO - [2025-07-22T08:55:47.107+0000] {dag.py:3954} INFO - Setting next_dagrun for example_sensors to None, run_after=None
[2025-07-22T08:55:47.132+0000] {processor.py:183} INFO - Processing /home/airflow/.local/lib/python3.12/site-packages/airflow/example_dags/example_sensors.py took 0.097 seconds
[2025-07-22T08:56:17.333+0000] {processor.py:161} INFO - Started process (PID=578) to work on /home/airflow/.local/lib/python3.12/site-packages/airflow/example_dags/example_sensors.py
[2025-07-22T08:56:17.335+0000] {processor.py:830} INFO - Processing file /home/airflow/.local/lib/python3.12/site-packages/airflow/example_dags/example_sensors.py for tasks to queue
[2025-07-22T08:56:17.338+0000] {logging_mixin.py:188} INFO - [2025-07-22T08:56:17.337+0000] {dagbag.py:545} INFO - Filling up the DagBag from /home/airflow/.local/lib/python3.12/site-packages/airflow/example_dags/example_sensors.py
[2025-07-22T08:56:17.349+0000] {processor.py:840} INFO - DAG(s) 'example_sensors' retrieved from /home/airflow/.local/lib/python3.12/site-packages/airflow/example_dags/example_sensors.py
[2025-07-22T08:56:17.382+0000] {logging_mixin.py:188} INFO - [2025-07-22T08:56:17.382+0000] {dag.py:3096} INFO - Sync 1 DAGs
[2025-07-22T08:56:17.399+0000] {logging_mixin.py:188} INFO - [2025-07-22T08:56:17.398+0000] {dag.py:3954} INFO - Setting next_dagrun for example_sensors to None, run_after=None
[2025-07-22T08:56:17.428+0000] {processor.py:183} INFO - Processing /home/airflow/.local/lib/python3.12/site-packages/airflow/example_dags/example_sensors.py took 0.103 seconds
[2025-07-22T08:56:48.412+0000] {processor.py:161} INFO - Started process (PID=636) to work on /home/airflow/.local/lib/python3.12/site-packages/airflow/example_dags/example_sensors.py
[2025-07-22T08:56:48.414+0000] {processor.py:830} INFO - Processing file /home/airflow/.local/lib/python3.12/site-packages/airflow/example_dags/example_sensors.py for tasks to queue
[2025-07-22T08:56:48.416+0000] {logging_mixin.py:188} INFO - [2025-07-22T08:56:48.416+0000] {dagbag.py:545} INFO - Filling up the DagBag from /home/airflow/.local/lib/python3.12/site-packages/airflow/example_dags/example_sensors.py
[2025-07-22T08:56:48.427+0000] {processor.py:840} INFO - DAG(s) 'example_sensors' retrieved from /home/airflow/.local/lib/python3.12/site-packages/airflow/example_dags/example_sensors.py
[2025-07-22T08:56:48.460+0000] {logging_mixin.py:188} INFO - [2025-07-22T08:56:48.460+0000] {dag.py:3096} INFO - Sync 1 DAGs
[2025-07-22T08:56:48.477+0000] {logging_mixin.py:188} INFO - [2025-07-22T08:56:48.477+0000] {dag.py:3954} INFO - Setting next_dagrun for example_sensors to None, run_after=None
[2025-07-22T08:56:48.504+0000] {processor.py:183} INFO - Processing /home/airflow/.local/lib/python3.12/site-packages/airflow/example_dags/example_sensors.py took 0.099 seconds
[2025-07-22T08:57:18.597+0000] {processor.py:161} INFO - Started process (PID=696) to work on /home/airflow/.local/lib/python3.12/site-packages/airflow/example_dags/example_sensors.py
[2025-07-22T08:57:18.599+0000] {processor.py:830} INFO - Processing file /home/airflow/.local/lib/python3.12/site-packages/airflow/example_dags/example_sensors.py for tasks to queue
[2025-07-22T08:57:18.602+0000] {logging_mixin.py:188} INFO - [2025-07-22T08:57:18.601+0000] {dagbag.py:545} INFO - Filling up the DagBag from /home/airflow/.local/lib/python3.12/site-packages/airflow/example_dags/example_sensors.py
[2025-07-22T08:57:18.614+0000] {processor.py:840} INFO - DAG(s) 'example_sensors' retrieved from /home/airflow/.local/lib/python3.12/site-packages/airflow/example_dags/example_sensors.py
[2025-07-22T08:57:18.671+0000] {logging_mixin.py:188} INFO - [2025-07-22T08:57:18.671+0000] {dag.py:3096} INFO - Sync 1 DAGs
[2025-07-22T08:57:18.699+0000] {logging_mixin.py:188} INFO - [2025-07-22T08:57:18.699+0000] {dag.py:3954} INFO - Setting next_dagrun for example_sensors to None, run_after=None
[2025-07-22T08:57:18.742+0000] {processor.py:183} INFO - Processing /home/airflow/.local/lib/python3.12/site-packages/airflow/example_dags/example_sensors.py took 0.153 seconds
[2025-07-22T08:57:49.481+0000] {processor.py:161} INFO - Started process (PID=756) to work on /home/airflow/.local/lib/python3.12/site-packages/airflow/example_dags/example_sensors.py
[2025-07-22T08:57:49.482+0000] {processor.py:830} INFO - Processing file /home/airflow/.local/lib/python3.12/site-packages/airflow/example_dags/example_sensors.py for tasks to queue
[2025-07-22T08:57:49.485+0000] {logging_mixin.py:188} INFO - [2025-07-22T08:57:49.485+0000] {dagbag.py:545} INFO - Filling up the DagBag from /home/airflow/.local/lib/python3.12/site-packages/airflow/example_dags/example_sensors.py
[2025-07-22T08:57:49.497+0000] {processor.py:840} INFO - DAG(s) 'example_sensors' retrieved from /home/airflow/.local/lib/python3.12/site-packages/airflow/example_dags/example_sensors.py
[2025-07-22T08:57:49.528+0000] {logging_mixin.py:188} INFO - [2025-07-22T08:57:49.528+0000] {dag.py:3096} INFO - Sync 1 DAGs
[2025-07-22T08:57:49.543+0000] {logging_mixin.py:188} INFO - [2025-07-22T08:57:49.543+0000] {dag.py:3954} INFO - Setting next_dagrun for example_sensors to None, run_after=None
[2025-07-22T08:57:49.566+0000] {processor.py:183} INFO - Processing /home/airflow/.local/lib/python3.12/site-packages/airflow/example_dags/example_sensors.py took 0.092 seconds
[2025-07-22T08:58:20.197+0000] {processor.py:161} INFO - Started process (PID=816) to work on /home/airflow/.local/lib/python3.12/site-packages/airflow/example_dags/example_sensors.py
[2025-07-22T08:58:20.199+0000] {processor.py:830} INFO - Processing file /home/airflow/.local/lib/python3.12/site-packages/airflow/example_dags/example_sensors.py for tasks to queue
[2025-07-22T08:58:20.201+0000] {logging_mixin.py:188} INFO - [2025-07-22T08:58:20.201+0000] {dagbag.py:545} INFO - Filling up the DagBag from /home/airflow/.local/lib/python3.12/site-packages/airflow/example_dags/example_sensors.py
[2025-07-22T08:58:20.212+0000] {processor.py:840} INFO - DAG(s) 'example_sensors' retrieved from /home/airflow/.local/lib/python3.12/site-packages/airflow/example_dags/example_sensors.py
[2025-07-22T08:58:20.247+0000] {logging_mixin.py:188} INFO - [2025-07-22T08:58:20.246+0000] {dag.py:3096} INFO - Sync 1 DAGs
[2025-07-22T08:58:20.264+0000] {logging_mixin.py:188} INFO - [2025-07-22T08:58:20.264+0000] {dag.py:3954} INFO - Setting next_dagrun for example_sensors to None, run_after=None
[2025-07-22T08:58:20.296+0000] {processor.py:183} INFO - Processing /home/airflow/.local/lib/python3.12/site-packages/airflow/example_dags/example_sensors.py took 0.106 seconds
[2025-07-22T08:58:50.938+0000] {processor.py:161} INFO - Started process (PID=876) to work on /home/airflow/.local/lib/python3.12/site-packages/airflow/example_dags/example_sensors.py
[2025-07-22T08:58:50.940+0000] {processor.py:830} INFO - Processing file /home/airflow/.local/lib/python3.12/site-packages/airflow/example_dags/example_sensors.py for tasks to queue
[2025-07-22T08:58:50.942+0000] {logging_mixin.py:188} INFO - [2025-07-22T08:58:50.942+0000] {dagbag.py:545} INFO - Filling up the DagBag from /home/airflow/.local/lib/python3.12/site-packages/airflow/example_dags/example_sensors.py
[2025-07-22T08:58:50.958+0000] {processor.py:840} INFO - DAG(s) 'example_sensors' retrieved from /home/airflow/.local/lib/python3.12/site-packages/airflow/example_dags/example_sensors.py
[2025-07-22T08:58:50.999+0000] {logging_mixin.py:188} INFO - [2025-07-22T08:58:50.999+0000] {dag.py:3096} INFO - Sync 1 DAGs
[2025-07-22T08:58:51.027+0000] {logging_mixin.py:188} INFO - [2025-07-22T08:58:51.027+0000] {dag.py:3954} INFO - Setting next_dagrun for example_sensors to None, run_after=None
[2025-07-22T08:58:51.059+0000] {processor.py:183} INFO - Processing /home/airflow/.local/lib/python3.12/site-packages/airflow/example_dags/example_sensors.py took 0.127 seconds
[2025-07-22T08:59:21.836+0000] {processor.py:161} INFO - Started process (PID=936) to work on /home/airflow/.local/lib/python3.12/site-packages/airflow/example_dags/example_sensors.py
[2025-07-22T08:59:21.838+0000] {processor.py:830} INFO - Processing file /home/airflow/.local/lib/python3.12/site-packages/airflow/example_dags/example_sensors.py for tasks to queue
[2025-07-22T08:59:21.840+0000] {logging_mixin.py:188} INFO - [2025-07-22T08:59:21.839+0000] {dagbag.py:545} INFO - Filling up the DagBag from /home/airflow/.local/lib/python3.12/site-packages/airflow/example_dags/example_sensors.py
[2025-07-22T08:59:21.850+0000] {processor.py:840} INFO - DAG(s) 'example_sensors' retrieved from /home/airflow/.local/lib/python3.12/site-packages/airflow/example_dags/example_sensors.py
[2025-07-22T08:59:21.878+0000] {logging_mixin.py:188} INFO - [2025-07-22T08:59:21.878+0000] {dag.py:3096} INFO - Sync 1 DAGs
[2025-07-22T08:59:21.892+0000] {logging_mixin.py:188} INFO - [2025-07-22T08:59:21.891+0000] {dag.py:3954} INFO - Setting next_dagrun for example_sensors to None, run_after=None
[2025-07-22T08:59:21.913+0000] {processor.py:183} INFO - Processing /home/airflow/.local/lib/python3.12/site-packages/airflow/example_dags/example_sensors.py took 0.083 seconds
[2025-07-22T08:59:52.433+0000] {processor.py:161} INFO - Started process (PID=996) to work on /home/airflow/.local/lib/python3.12/site-packages/airflow/example_dags/example_sensors.py
[2025-07-22T08:59:52.435+0000] {processor.py:830} INFO - Processing file /home/airflow/.local/lib/python3.12/site-packages/airflow/example_dags/example_sensors.py for tasks to queue
[2025-07-22T08:59:52.437+0000] {logging_mixin.py:188} INFO - [2025-07-22T08:59:52.436+0000] {dagbag.py:545} INFO - Filling up the DagBag from /home/airflow/.local/lib/python3.12/site-packages/airflow/example_dags/example_sensors.py
[2025-07-22T08:59:52.446+0000] {processor.py:840} INFO - DAG(s) 'example_sensors' retrieved from /home/airflow/.local/lib/python3.12/site-packages/airflow/example_dags/example_sensors.py
[2025-07-22T08:59:52.475+0000] {logging_mixin.py:188} INFO - [2025-07-22T08:59:52.475+0000] {dag.py:3096} INFO - Sync 1 DAGs
[2025-07-22T08:59:52.488+0000] {logging_mixin.py:188} INFO - [2025-07-22T08:59:52.488+0000] {dag.py:3954} INFO - Setting next_dagrun for example_sensors to None, run_after=None
[2025-07-22T08:59:52.518+0000] {processor.py:183} INFO - Processing /home/airflow/.local/lib/python3.12/site-packages/airflow/example_dags/example_sensors.py took 0.090 seconds
[2025-07-22T09:00:23.243+0000] {processor.py:161} INFO - Started process (PID=1056) to work on /home/airflow/.local/lib/python3.12/site-packages/airflow/example_dags/example_sensors.py
[2025-07-22T09:00:23.247+0000] {processor.py:830} INFO - Processing file /home/airflow/.local/lib/python3.12/site-packages/airflow/example_dags/example_sensors.py for tasks to queue
[2025-07-22T09:00:23.252+0000] {logging_mixin.py:188} INFO - [2025-07-22T09:00:23.252+0000] {dagbag.py:545} INFO - Filling up the DagBag from /home/airflow/.local/lib/python3.12/site-packages/airflow/example_dags/example_sensors.py
[2025-07-22T09:00:23.281+0000] {processor.py:840} INFO - DAG(s) 'example_sensors' retrieved from /home/airflow/.local/lib/python3.12/site-packages/airflow/example_dags/example_sensors.py
[2025-07-22T09:00:23.323+0000] {logging_mixin.py:188} INFO - [2025-07-22T09:00:23.323+0000] {dag.py:3096} INFO - Sync 1 DAGs
[2025-07-22T09:00:23.339+0000] {logging_mixin.py:188} INFO - [2025-07-22T09:00:23.338+0000] {dag.py:3954} INFO - Setting next_dagrun for example_sensors to None, run_after=None
[2025-07-22T09:00:23.362+0000] {processor.py:183} INFO - Processing /home/airflow/.local/lib/python3.12/site-packages/airflow/example_dags/example_sensors.py took 0.131 seconds
[2025-07-22T09:00:53.879+0000] {processor.py:161} INFO - Started process (PID=1116) to work on /home/airflow/.local/lib/python3.12/site-packages/airflow/example_dags/example_sensors.py
[2025-07-22T09:00:53.881+0000] {processor.py:830} INFO - Processing file /home/airflow/.local/lib/python3.12/site-packages/airflow/example_dags/example_sensors.py for tasks to queue
[2025-07-22T09:00:53.883+0000] {logging_mixin.py:188} INFO - [2025-07-22T09:00:53.883+0000] {dagbag.py:545} INFO - Filling up the DagBag from /home/airflow/.local/lib/python3.12/site-packages/airflow/example_dags/example_sensors.py
[2025-07-22T09:00:53.898+0000] {processor.py:840} INFO - DAG(s) 'example_sensors' retrieved from /home/airflow/.local/lib/python3.12/site-packages/airflow/example_dags/example_sensors.py
[2025-07-22T09:00:53.962+0000] {logging_mixin.py:188} INFO - [2025-07-22T09:00:53.961+0000] {dag.py:3096} INFO - Sync 1 DAGs
[2025-07-22T09:00:53.990+0000] {logging_mixin.py:188} INFO - [2025-07-22T09:00:53.990+0000] {dag.py:3954} INFO - Setting next_dagrun for example_sensors to None, run_after=None
[2025-07-22T09:00:54.027+0000] {processor.py:183} INFO - Processing /home/airflow/.local/lib/python3.12/site-packages/airflow/example_dags/example_sensors.py took 0.157 seconds
[2025-07-22T09:01:25.044+0000] {processor.py:161} INFO - Started process (PID=1176) to work on /home/airflow/.local/lib/python3.12/site-packages/airflow/example_dags/example_sensors.py
[2025-07-22T09:01:25.045+0000] {processor.py:830} INFO - Processing file /home/airflow/.local/lib/python3.12/site-packages/airflow/example_dags/example_sensors.py for tasks to queue
[2025-07-22T09:01:25.047+0000] {logging_mixin.py:188} INFO - [2025-07-22T09:01:25.047+0000] {dagbag.py:545} INFO - Filling up the DagBag from /home/airflow/.local/lib/python3.12/site-packages/airflow/example_dags/example_sensors.py
[2025-07-22T09:01:25.057+0000] {processor.py:840} INFO - DAG(s) 'example_sensors' retrieved from /home/airflow/.local/lib/python3.12/site-packages/airflow/example_dags/example_sensors.py
[2025-07-22T09:01:25.087+0000] {logging_mixin.py:188} INFO - [2025-07-22T09:01:25.087+0000] {dag.py:3096} INFO - Sync 1 DAGs
[2025-07-22T09:01:25.102+0000] {logging_mixin.py:188} INFO - [2025-07-22T09:01:25.102+0000] {dag.py:3954} INFO - Setting next_dagrun for example_sensors to None, run_after=None
[2025-07-22T09:01:25.133+0000] {processor.py:183} INFO - Processing /home/airflow/.local/lib/python3.12/site-packages/airflow/example_dags/example_sensors.py took 0.095 seconds
[2025-07-22T09:01:55.855+0000] {processor.py:161} INFO - Started process (PID=1236) to work on /home/airflow/.local/lib/python3.12/site-packages/airflow/example_dags/example_sensors.py
[2025-07-22T09:01:55.857+0000] {processor.py:830} INFO - Processing file /home/airflow/.local/lib/python3.12/site-packages/airflow/example_dags/example_sensors.py for tasks to queue
[2025-07-22T09:01:55.859+0000] {logging_mixin.py:188} INFO - [2025-07-22T09:01:55.859+0000] {dagbag.py:545} INFO - Filling up the DagBag from /home/airflow/.local/lib/python3.12/site-packages/airflow/example_dags/example_sensors.py
[2025-07-22T09:01:55.870+0000] {processor.py:840} INFO - DAG(s) 'example_sensors' retrieved from /home/airflow/.local/lib/python3.12/site-packages/airflow/example_dags/example_sensors.py
[2025-07-22T09:01:55.905+0000] {logging_mixin.py:188} INFO - [2025-07-22T09:01:55.905+0000] {dag.py:3096} INFO - Sync 1 DAGs
[2025-07-22T09:01:55.920+0000] {logging_mixin.py:188} INFO - [2025-07-22T09:01:55.920+0000] {dag.py:3954} INFO - Setting next_dagrun for example_sensors to None, run_after=None
[2025-07-22T09:01:55.943+0000] {processor.py:183} INFO - Processing /home/airflow/.local/lib/python3.12/site-packages/airflow/example_dags/example_sensors.py took 0.095 seconds
[2025-07-22T09:02:26.186+0000] {processor.py:161} INFO - Started process (PID=1296) to work on /home/airflow/.local/lib/python3.12/site-packages/airflow/example_dags/example_sensors.py
[2025-07-22T09:02:26.188+0000] {processor.py:830} INFO - Processing file /home/airflow/.local/lib/python3.12/site-packages/airflow/example_dags/example_sensors.py for tasks to queue
[2025-07-22T09:02:26.190+0000] {logging_mixin.py:188} INFO - [2025-07-22T09:02:26.190+0000] {dagbag.py:545} INFO - Filling up the DagBag from /home/airflow/.local/lib/python3.12/site-packages/airflow/example_dags/example_sensors.py
[2025-07-22T09:02:26.202+0000] {processor.py:840} INFO - DAG(s) 'example_sensors' retrieved from /home/airflow/.local/lib/python3.12/site-packages/airflow/example_dags/example_sensors.py
[2025-07-22T09:02:26.237+0000] {logging_mixin.py:188} INFO - [2025-07-22T09:02:26.237+0000] {dag.py:3096} INFO - Sync 1 DAGs
[2025-07-22T09:02:26.254+0000] {logging_mixin.py:188} INFO - [2025-07-22T09:02:26.253+0000] {dag.py:3954} INFO - Setting next_dagrun for example_sensors to None, run_after=None
[2025-07-22T09:02:26.280+0000] {processor.py:183} INFO - Processing /home/airflow/.local/lib/python3.12/site-packages/airflow/example_dags/example_sensors.py took 0.101 seconds
[2025-07-22T09:02:56.609+0000] {processor.py:161} INFO - Started process (PID=1356) to work on /home/airflow/.local/lib/python3.12/site-packages/airflow/example_dags/example_sensors.py
[2025-07-22T09:02:56.611+0000] {processor.py:830} INFO - Processing file /home/airflow/.local/lib/python3.12/site-packages/airflow/example_dags/example_sensors.py for tasks to queue
[2025-07-22T09:02:56.613+0000] {logging_mixin.py:188} INFO - [2025-07-22T09:02:56.613+0000] {dagbag.py:545} INFO - Filling up the DagBag from /home/airflow/.local/lib/python3.12/site-packages/airflow/example_dags/example_sensors.py
[2025-07-22T09:02:56.624+0000] {processor.py:840} INFO - DAG(s) 'example_sensors' retrieved from /home/airflow/.local/lib/python3.12/site-packages/airflow/example_dags/example_sensors.py
[2025-07-22T09:02:56.657+0000] {logging_mixin.py:188} INFO - [2025-07-22T09:02:56.656+0000] {dag.py:3096} INFO - Sync 1 DAGs
[2025-07-22T09:02:56.673+0000] {logging_mixin.py:188} INFO - [2025-07-22T09:02:56.673+0000] {dag.py:3954} INFO - Setting next_dagrun for example_sensors to None, run_after=None
[2025-07-22T09:02:56.702+0000] {processor.py:183} INFO - Processing /home/airflow/.local/lib/python3.12/site-packages/airflow/example_dags/example_sensors.py took 0.100 seconds
[2025-07-22T09:03:27.132+0000] {processor.py:161} INFO - Started process (PID=1416) to work on /home/airflow/.local/lib/python3.12/site-packages/airflow/example_dags/example_sensors.py
[2025-07-22T09:03:27.133+0000] {processor.py:830} INFO - Processing file /home/airflow/.local/lib/python3.12/site-packages/airflow/example_dags/example_sensors.py for tasks to queue
[2025-07-22T09:03:27.135+0000] {logging_mixin.py:188} INFO - [2025-07-22T09:03:27.135+0000] {dagbag.py:545} INFO - Filling up the DagBag from /home/airflow/.local/lib/python3.12/site-packages/airflow/example_dags/example_sensors.py
[2025-07-22T09:03:27.146+0000] {processor.py:840} INFO - DAG(s) 'example_sensors' retrieved from /home/airflow/.local/lib/python3.12/site-packages/airflow/example_dags/example_sensors.py
[2025-07-22T09:03:27.178+0000] {logging_mixin.py:188} INFO - [2025-07-22T09:03:27.178+0000] {dag.py:3096} INFO - Sync 1 DAGs
[2025-07-22T09:03:27.193+0000] {logging_mixin.py:188} INFO - [2025-07-22T09:03:27.193+0000] {dag.py:3954} INFO - Setting next_dagrun for example_sensors to None, run_after=None
[2025-07-22T09:03:27.216+0000] {processor.py:183} INFO - Processing /home/airflow/.local/lib/python3.12/site-packages/airflow/example_dags/example_sensors.py took 0.091 seconds
[2025-07-22T09:03:57.288+0000] {processor.py:161} INFO - Started process (PID=1476) to work on /home/airflow/.local/lib/python3.12/site-packages/airflow/example_dags/example_sensors.py
[2025-07-22T09:03:57.289+0000] {processor.py:830} INFO - Processing file /home/airflow/.local/lib/python3.12/site-packages/airflow/example_dags/example_sensors.py for tasks to queue
[2025-07-22T09:03:57.291+0000] {logging_mixin.py:188} INFO - [2025-07-22T09:03:57.291+0000] {dagbag.py:545} INFO - Filling up the DagBag from /home/airflow/.local/lib/python3.12/site-packages/airflow/example_dags/example_sensors.py
[2025-07-22T09:03:57.300+0000] {processor.py:840} INFO - DAG(s) 'example_sensors' retrieved from /home/airflow/.local/lib/python3.12/site-packages/airflow/example_dags/example_sensors.py
[2025-07-22T09:03:57.328+0000] {logging_mixin.py:188} INFO - [2025-07-22T09:03:57.328+0000] {dag.py:3096} INFO - Sync 1 DAGs
[2025-07-22T09:03:57.341+0000] {logging_mixin.py:188} INFO - [2025-07-22T09:03:57.341+0000] {dag.py:3954} INFO - Setting next_dagrun for example_sensors to None, run_after=None
[2025-07-22T09:03:57.366+0000] {processor.py:183} INFO - Processing /home/airflow/.local/lib/python3.12/site-packages/airflow/example_dags/example_sensors.py took 0.085 seconds
[2025-07-22T09:04:27.834+0000] {processor.py:161} INFO - Started process (PID=1536) to work on /home/airflow/.local/lib/python3.12/site-packages/airflow/example_dags/example_sensors.py
[2025-07-22T09:04:27.835+0000] {processor.py:830} INFO - Processing file /home/airflow/.local/lib/python3.12/site-packages/airflow/example_dags/example_sensors.py for tasks to queue
[2025-07-22T09:04:27.837+0000] {logging_mixin.py:188} INFO - [2025-07-22T09:04:27.837+0000] {dagbag.py:545} INFO - Filling up the DagBag from /home/airflow/.local/lib/python3.12/site-packages/airflow/example_dags/example_sensors.py
[2025-07-22T09:04:27.847+0000] {processor.py:840} INFO - DAG(s) 'example_sensors' retrieved from /home/airflow/.local/lib/python3.12/site-packages/airflow/example_dags/example_sensors.py
[2025-07-22T09:04:27.876+0000] {logging_mixin.py:188} INFO - [2025-07-22T09:04:27.875+0000] {dag.py:3096} INFO - Sync 1 DAGs
[2025-07-22T09:04:27.889+0000] {logging_mixin.py:188} INFO - [2025-07-22T09:04:27.888+0000] {dag.py:3954} INFO - Setting next_dagrun for example_sensors to None, run_after=None
[2025-07-22T09:04:27.914+0000] {processor.py:183} INFO - Processing /home/airflow/.local/lib/python3.12/site-packages/airflow/example_dags/example_sensors.py took 0.087 seconds
[2025-07-22T09:04:58.291+0000] {processor.py:161} INFO - Started process (PID=1596) to work on /home/airflow/.local/lib/python3.12/site-packages/airflow/example_dags/example_sensors.py
[2025-07-22T09:04:58.292+0000] {processor.py:830} INFO - Processing file /home/airflow/.local/lib/python3.12/site-packages/airflow/example_dags/example_sensors.py for tasks to queue
[2025-07-22T09:04:58.295+0000] {logging_mixin.py:188} INFO - [2025-07-22T09:04:58.294+0000] {dagbag.py:545} INFO - Filling up the DagBag from /home/airflow/.local/lib/python3.12/site-packages/airflow/example_dags/example_sensors.py
[2025-07-22T09:04:58.306+0000] {processor.py:840} INFO - DAG(s) 'example_sensors' retrieved from /home/airflow/.local/lib/python3.12/site-packages/airflow/example_dags/example_sensors.py
[2025-07-22T09:04:58.335+0000] {logging_mixin.py:188} INFO - [2025-07-22T09:04:58.335+0000] {dag.py:3096} INFO - Sync 1 DAGs
[2025-07-22T09:04:58.351+0000] {logging_mixin.py:188} INFO - [2025-07-22T09:04:58.350+0000] {dag.py:3954} INFO - Setting next_dagrun for example_sensors to None, run_after=None
[2025-07-22T09:04:58.375+0000] {processor.py:183} INFO - Processing /home/airflow/.local/lib/python3.12/site-packages/airflow/example_dags/example_sensors.py took 0.090 seconds
[2025-07-22T09:05:28.696+0000] {processor.py:161} INFO - Started process (PID=1656) to work on /home/airflow/.local/lib/python3.12/site-packages/airflow/example_dags/example_sensors.py
[2025-07-22T09:05:28.697+0000] {processor.py:830} INFO - Processing file /home/airflow/.local/lib/python3.12/site-packages/airflow/example_dags/example_sensors.py for tasks to queue
[2025-07-22T09:05:28.699+0000] {logging_mixin.py:188} INFO - [2025-07-22T09:05:28.699+0000] {dagbag.py:545} INFO - Filling up the DagBag from /home/airflow/.local/lib/python3.12/site-packages/airflow/example_dags/example_sensors.py
[2025-07-22T09:05:28.711+0000] {processor.py:840} INFO - DAG(s) 'example_sensors' retrieved from /home/airflow/.local/lib/python3.12/site-packages/airflow/example_dags/example_sensors.py
[2025-07-22T09:05:28.746+0000] {logging_mixin.py:188} INFO - [2025-07-22T09:05:28.746+0000] {dag.py:3096} INFO - Sync 1 DAGs
[2025-07-22T09:05:28.762+0000] {logging_mixin.py:188} INFO - [2025-07-22T09:05:28.761+0000] {dag.py:3954} INFO - Setting next_dagrun for example_sensors to None, run_after=None
[2025-07-22T09:05:28.786+0000] {processor.py:183} INFO - Processing /home/airflow/.local/lib/python3.12/site-packages/airflow/example_dags/example_sensors.py took 0.097 seconds
[2025-07-22T09:05:59.777+0000] {processor.py:161} INFO - Started process (PID=1716) to work on /home/airflow/.local/lib/python3.12/site-packages/airflow/example_dags/example_sensors.py
[2025-07-22T09:05:59.778+0000] {processor.py:830} INFO - Processing file /home/airflow/.local/lib/python3.12/site-packages/airflow/example_dags/example_sensors.py for tasks to queue
[2025-07-22T09:05:59.781+0000] {logging_mixin.py:188} INFO - [2025-07-22T09:05:59.781+0000] {dagbag.py:545} INFO - Filling up the DagBag from /home/airflow/.local/lib/python3.12/site-packages/airflow/example_dags/example_sensors.py
[2025-07-22T09:05:59.792+0000] {processor.py:840} INFO - DAG(s) 'example_sensors' retrieved from /home/airflow/.local/lib/python3.12/site-packages/airflow/example_dags/example_sensors.py
[2025-07-22T09:05:59.827+0000] {logging_mixin.py:188} INFO - [2025-07-22T09:05:59.826+0000] {dag.py:3096} INFO - Sync 1 DAGs
[2025-07-22T09:05:59.845+0000] {logging_mixin.py:188} INFO - [2025-07-22T09:05:59.845+0000] {dag.py:3954} INFO - Setting next_dagrun for example_sensors to None, run_after=None
[2025-07-22T09:05:59.870+0000] {processor.py:183} INFO - Processing /home/airflow/.local/lib/python3.12/site-packages/airflow/example_dags/example_sensors.py took 0.100 seconds
[2025-07-22T09:06:30.023+0000] {processor.py:161} INFO - Started process (PID=1775) to work on /home/airflow/.local/lib/python3.12/site-packages/airflow/example_dags/example_sensors.py
[2025-07-22T09:06:30.025+0000] {processor.py:830} INFO - Processing file /home/airflow/.local/lib/python3.12/site-packages/airflow/example_dags/example_sensors.py for tasks to queue
[2025-07-22T09:06:30.028+0000] {logging_mixin.py:188} INFO - [2025-07-22T09:06:30.027+0000] {dagbag.py:545} INFO - Filling up the DagBag from /home/airflow/.local/lib/python3.12/site-packages/airflow/example_dags/example_sensors.py
[2025-07-22T09:06:30.038+0000] {processor.py:840} INFO - DAG(s) 'example_sensors' retrieved from /home/airflow/.local/lib/python3.12/site-packages/airflow/example_dags/example_sensors.py
[2025-07-22T09:06:30.067+0000] {logging_mixin.py:188} INFO - [2025-07-22T09:06:30.066+0000] {dag.py:3096} INFO - Sync 1 DAGs
[2025-07-22T09:06:30.081+0000] {logging_mixin.py:188} INFO - [2025-07-22T09:06:30.081+0000] {dag.py:3954} INFO - Setting next_dagrun for example_sensors to None, run_after=None
[2025-07-22T09:06:30.104+0000] {processor.py:183} INFO - Processing /home/airflow/.local/lib/python3.12/site-packages/airflow/example_dags/example_sensors.py took 0.087 seconds
[2025-07-22T09:07:00.396+0000] {processor.py:161} INFO - Started process (PID=1835) to work on /home/airflow/.local/lib/python3.12/site-packages/airflow/example_dags/example_sensors.py
[2025-07-22T09:07:00.398+0000] {processor.py:830} INFO - Processing file /home/airflow/.local/lib/python3.12/site-packages/airflow/example_dags/example_sensors.py for tasks to queue
[2025-07-22T09:07:00.401+0000] {logging_mixin.py:188} INFO - [2025-07-22T09:07:00.400+0000] {dagbag.py:545} INFO - Filling up the DagBag from /home/airflow/.local/lib/python3.12/site-packages/airflow/example_dags/example_sensors.py
[2025-07-22T09:07:00.416+0000] {processor.py:840} INFO - DAG(s) 'example_sensors' retrieved from /home/airflow/.local/lib/python3.12/site-packages/airflow/example_dags/example_sensors.py
[2025-07-22T09:07:00.475+0000] {logging_mixin.py:188} INFO - [2025-07-22T09:07:00.474+0000] {dag.py:3096} INFO - Sync 1 DAGs
[2025-07-22T09:07:00.502+0000] {logging_mixin.py:188} INFO - [2025-07-22T09:07:00.501+0000] {dag.py:3954} INFO - Setting next_dagrun for example_sensors to None, run_after=None
[2025-07-22T09:07:00.547+0000] {processor.py:183} INFO - Processing /home/airflow/.local/lib/python3.12/site-packages/airflow/example_dags/example_sensors.py took 0.160 seconds
[2025-07-22T09:07:31.055+0000] {processor.py:161} INFO - Started process (PID=1895) to work on /home/airflow/.local/lib/python3.12/site-packages/airflow/example_dags/example_sensors.py
[2025-07-22T09:07:31.057+0000] {processor.py:830} INFO - Processing file /home/airflow/.local/lib/python3.12/site-packages/airflow/example_dags/example_sensors.py for tasks to queue
[2025-07-22T09:07:31.059+0000] {logging_mixin.py:188} INFO - [2025-07-22T09:07:31.059+0000] {dagbag.py:545} INFO - Filling up the DagBag from /home/airflow/.local/lib/python3.12/site-packages/airflow/example_dags/example_sensors.py
[2025-07-22T09:07:31.070+0000] {processor.py:840} INFO - DAG(s) 'example_sensors' retrieved from /home/airflow/.local/lib/python3.12/site-packages/airflow/example_dags/example_sensors.py
[2025-07-22T09:07:31.104+0000] {logging_mixin.py:188} INFO - [2025-07-22T09:07:31.104+0000] {dag.py:3096} INFO - Sync 1 DAGs
[2025-07-22T09:07:31.120+0000] {logging_mixin.py:188} INFO - [2025-07-22T09:07:31.120+0000] {dag.py:3954} INFO - Setting next_dagrun for example_sensors to None, run_after=None
[2025-07-22T09:07:31.142+0000] {processor.py:183} INFO - Processing /home/airflow/.local/lib/python3.12/site-packages/airflow/example_dags/example_sensors.py took 0.094 seconds
[2025-07-22T09:08:01.335+0000] {processor.py:161} INFO - Started process (PID=1955) to work on /home/airflow/.local/lib/python3.12/site-packages/airflow/example_dags/example_sensors.py
[2025-07-22T09:08:01.337+0000] {processor.py:830} INFO - Processing file /home/airflow/.local/lib/python3.12/site-packages/airflow/example_dags/example_sensors.py for tasks to queue
[2025-07-22T09:08:01.339+0000] {logging_mixin.py:188} INFO - [2025-07-22T09:08:01.339+0000] {dagbag.py:545} INFO - Filling up the DagBag from /home/airflow/.local/lib/python3.12/site-packages/airflow/example_dags/example_sensors.py
[2025-07-22T09:08:01.348+0000] {processor.py:840} INFO - DAG(s) 'example_sensors' retrieved from /home/airflow/.local/lib/python3.12/site-packages/airflow/example_dags/example_sensors.py
[2025-07-22T09:08:01.378+0000] {logging_mixin.py:188} INFO - [2025-07-22T09:08:01.377+0000] {dag.py:3096} INFO - Sync 1 DAGs
[2025-07-22T09:08:01.391+0000] {logging_mixin.py:188} INFO - [2025-07-22T09:08:01.391+0000] {dag.py:3954} INFO - Setting next_dagrun for example_sensors to None, run_after=None
[2025-07-22T09:08:01.420+0000] {processor.py:183} INFO - Processing /home/airflow/.local/lib/python3.12/site-packages/airflow/example_dags/example_sensors.py took 0.091 seconds
[2025-07-22T09:08:31.542+0000] {processor.py:161} INFO - Started process (PID=2015) to work on /home/airflow/.local/lib/python3.12/site-packages/airflow/example_dags/example_sensors.py
[2025-07-22T09:08:31.543+0000] {processor.py:830} INFO - Processing file /home/airflow/.local/lib/python3.12/site-packages/airflow/example_dags/example_sensors.py for tasks to queue
[2025-07-22T09:08:31.545+0000] {logging_mixin.py:188} INFO - [2025-07-22T09:08:31.545+0000] {dagbag.py:545} INFO - Filling up the DagBag from /home/airflow/.local/lib/python3.12/site-packages/airflow/example_dags/example_sensors.py
[2025-07-22T09:08:31.555+0000] {processor.py:840} INFO - DAG(s) 'example_sensors' retrieved from /home/airflow/.local/lib/python3.12/site-packages/airflow/example_dags/example_sensors.py
[2025-07-22T09:08:31.585+0000] {logging_mixin.py:188} INFO - [2025-07-22T09:08:31.584+0000] {dag.py:3096} INFO - Sync 1 DAGs
[2025-07-22T09:08:31.600+0000] {logging_mixin.py:188} INFO - [2025-07-22T09:08:31.600+0000] {dag.py:3954} INFO - Setting next_dagrun for example_sensors to None, run_after=None
[2025-07-22T09:08:31.622+0000] {processor.py:183} INFO - Processing /home/airflow/.local/lib/python3.12/site-packages/airflow/example_dags/example_sensors.py took 0.087 seconds
[2025-07-22T09:09:02.532+0000] {processor.py:161} INFO - Started process (PID=2075) to work on /home/airflow/.local/lib/python3.12/site-packages/airflow/example_dags/example_sensors.py
[2025-07-22T09:09:02.533+0000] {processor.py:830} INFO - Processing file /home/airflow/.local/lib/python3.12/site-packages/airflow/example_dags/example_sensors.py for tasks to queue
[2025-07-22T09:09:02.535+0000] {logging_mixin.py:188} INFO - [2025-07-22T09:09:02.535+0000] {dagbag.py:545} INFO - Filling up the DagBag from /home/airflow/.local/lib/python3.12/site-packages/airflow/example_dags/example_sensors.py
[2025-07-22T09:09:02.545+0000] {processor.py:840} INFO - DAG(s) 'example_sensors' retrieved from /home/airflow/.local/lib/python3.12/site-packages/airflow/example_dags/example_sensors.py
[2025-07-22T09:09:02.573+0000] {logging_mixin.py:188} INFO - [2025-07-22T09:09:02.573+0000] {dag.py:3096} INFO - Sync 1 DAGs
[2025-07-22T09:09:02.586+0000] {logging_mixin.py:188} INFO - [2025-07-22T09:09:02.586+0000] {dag.py:3954} INFO - Setting next_dagrun for example_sensors to None, run_after=None
[2025-07-22T09:09:02.606+0000] {processor.py:183} INFO - Processing /home/airflow/.local/lib/python3.12/site-packages/airflow/example_dags/example_sensors.py took 0.081 seconds
[2025-07-22T09:09:32.820+0000] {processor.py:161} INFO - Started process (PID=2135) to work on /home/airflow/.local/lib/python3.12/site-packages/airflow/example_dags/example_sensors.py
[2025-07-22T09:09:32.821+0000] {processor.py:830} INFO - Processing file /home/airflow/.local/lib/python3.12/site-packages/airflow/example_dags/example_sensors.py for tasks to queue
[2025-07-22T09:09:32.823+0000] {logging_mixin.py:188} INFO - [2025-07-22T09:09:32.823+0000] {dagbag.py:545} INFO - Filling up the DagBag from /home/airflow/.local/lib/python3.12/site-packages/airflow/example_dags/example_sensors.py
[2025-07-22T09:09:32.832+0000] {processor.py:840} INFO - DAG(s) 'example_sensors' retrieved from /home/airflow/.local/lib/python3.12/site-packages/airflow/example_dags/example_sensors.py
[2025-07-22T09:09:32.858+0000] {logging_mixin.py:188} INFO - [2025-07-22T09:09:32.858+0000] {dag.py:3096} INFO - Sync 1 DAGs
[2025-07-22T09:09:32.872+0000] {logging_mixin.py:188} INFO - [2025-07-22T09:09:32.871+0000] {dag.py:3954} INFO - Setting next_dagrun for example_sensors to None, run_after=None
[2025-07-22T09:09:32.891+0000] {processor.py:183} INFO - Processing /home/airflow/.local/lib/python3.12/site-packages/airflow/example_dags/example_sensors.py took 0.078 seconds
[2025-07-22T09:10:03.292+0000] {processor.py:161} INFO - Started process (PID=2195) to work on /home/airflow/.local/lib/python3.12/site-packages/airflow/example_dags/example_sensors.py
[2025-07-22T09:10:03.293+0000] {processor.py:830} INFO - Processing file /home/airflow/.local/lib/python3.12/site-packages/airflow/example_dags/example_sensors.py for tasks to queue
[2025-07-22T09:10:03.295+0000] {logging_mixin.py:188} INFO - [2025-07-22T09:10:03.295+0000] {dagbag.py:545} INFO - Filling up the DagBag from /home/airflow/.local/lib/python3.12/site-packages/airflow/example_dags/example_sensors.py
[2025-07-22T09:10:03.305+0000] {processor.py:840} INFO - DAG(s) 'example_sensors' retrieved from /home/airflow/.local/lib/python3.12/site-packages/airflow/example_dags/example_sensors.py
[2025-07-22T09:10:03.334+0000] {logging_mixin.py:188} INFO - [2025-07-22T09:10:03.334+0000] {dag.py:3096} INFO - Sync 1 DAGs
[2025-07-22T09:10:03.478+0000] {logging_mixin.py:188} INFO - [2025-07-22T09:10:03.478+0000] {dag.py:3954} INFO - Setting next_dagrun for example_sensors to None, run_after=None
[2025-07-22T09:10:03.499+0000] {processor.py:183} INFO - Processing /home/airflow/.local/lib/python3.12/site-packages/airflow/example_dags/example_sensors.py took 0.213 seconds
[2025-07-22T09:10:34.359+0000] {processor.py:161} INFO - Started process (PID=2261) to work on /home/airflow/.local/lib/python3.12/site-packages/airflow/example_dags/example_sensors.py
[2025-07-22T09:10:34.360+0000] {processor.py:830} INFO - Processing file /home/airflow/.local/lib/python3.12/site-packages/airflow/example_dags/example_sensors.py for tasks to queue
[2025-07-22T09:10:34.363+0000] {logging_mixin.py:188} INFO - [2025-07-22T09:10:34.363+0000] {dagbag.py:545} INFO - Filling up the DagBag from /home/airflow/.local/lib/python3.12/site-packages/airflow/example_dags/example_sensors.py
[2025-07-22T09:10:34.376+0000] {processor.py:840} INFO - DAG(s) 'example_sensors' retrieved from /home/airflow/.local/lib/python3.12/site-packages/airflow/example_dags/example_sensors.py
[2025-07-22T09:10:34.409+0000] {logging_mixin.py:188} INFO - [2025-07-22T09:10:34.409+0000] {dag.py:3096} INFO - Sync 1 DAGs
[2025-07-22T09:10:34.425+0000] {logging_mixin.py:188} INFO - [2025-07-22T09:10:34.425+0000] {dag.py:3954} INFO - Setting next_dagrun for example_sensors to None, run_after=None
[2025-07-22T09:10:34.453+0000] {processor.py:183} INFO - Processing /home/airflow/.local/lib/python3.12/site-packages/airflow/example_dags/example_sensors.py took 0.104 seconds
[2025-07-22T09:11:04.694+0000] {processor.py:161} INFO - Started process (PID=2321) to work on /home/airflow/.local/lib/python3.12/site-packages/airflow/example_dags/example_sensors.py
[2025-07-22T09:11:04.696+0000] {processor.py:830} INFO - Processing file /home/airflow/.local/lib/python3.12/site-packages/airflow/example_dags/example_sensors.py for tasks to queue
[2025-07-22T09:11:04.698+0000] {logging_mixin.py:188} INFO - [2025-07-22T09:11:04.698+0000] {dagbag.py:545} INFO - Filling up the DagBag from /home/airflow/.local/lib/python3.12/site-packages/airflow/example_dags/example_sensors.py
[2025-07-22T09:11:04.709+0000] {processor.py:840} INFO - DAG(s) 'example_sensors' retrieved from /home/airflow/.local/lib/python3.12/site-packages/airflow/example_dags/example_sensors.py
[2025-07-22T09:11:04.743+0000] {logging_mixin.py:188} INFO - [2025-07-22T09:11:04.743+0000] {dag.py:3096} INFO - Sync 1 DAGs
[2025-07-22T09:11:04.759+0000] {logging_mixin.py:188} INFO - [2025-07-22T09:11:04.759+0000] {dag.py:3954} INFO - Setting next_dagrun for example_sensors to None, run_after=None
[2025-07-22T09:11:04.781+0000] {processor.py:183} INFO - Processing /home/airflow/.local/lib/python3.12/site-packages/airflow/example_dags/example_sensors.py took 0.095 seconds
[2025-07-22T09:11:35.302+0000] {processor.py:161} INFO - Started process (PID=2381) to work on /home/airflow/.local/lib/python3.12/site-packages/airflow/example_dags/example_sensors.py
[2025-07-22T09:11:35.304+0000] {processor.py:830} INFO - Processing file /home/airflow/.local/lib/python3.12/site-packages/airflow/example_dags/example_sensors.py for tasks to queue
[2025-07-22T09:11:35.306+0000] {logging_mixin.py:188} INFO - [2025-07-22T09:11:35.305+0000] {dagbag.py:545} INFO - Filling up the DagBag from /home/airflow/.local/lib/python3.12/site-packages/airflow/example_dags/example_sensors.py
[2025-07-22T09:11:35.316+0000] {processor.py:840} INFO - DAG(s) 'example_sensors' retrieved from /home/airflow/.local/lib/python3.12/site-packages/airflow/example_dags/example_sensors.py
[2025-07-22T09:11:35.345+0000] {logging_mixin.py:188} INFO - [2025-07-22T09:11:35.345+0000] {dag.py:3096} INFO - Sync 1 DAGs
[2025-07-22T09:11:35.359+0000] {logging_mixin.py:188} INFO - [2025-07-22T09:11:35.359+0000] {dag.py:3954} INFO - Setting next_dagrun for example_sensors to None, run_after=None
[2025-07-22T09:11:35.381+0000] {processor.py:183} INFO - Processing /home/airflow/.local/lib/python3.12/site-packages/airflow/example_dags/example_sensors.py took 0.086 seconds
[2025-07-22T09:12:05.894+0000] {processor.py:161} INFO - Started process (PID=2441) to work on /home/airflow/.local/lib/python3.12/site-packages/airflow/example_dags/example_sensors.py
[2025-07-22T09:12:05.896+0000] {processor.py:830} INFO - Processing file /home/airflow/.local/lib/python3.12/site-packages/airflow/example_dags/example_sensors.py for tasks to queue
[2025-07-22T09:12:05.898+0000] {logging_mixin.py:188} INFO - [2025-07-22T09:12:05.898+0000] {dagbag.py:545} INFO - Filling up the DagBag from /home/airflow/.local/lib/python3.12/site-packages/airflow/example_dags/example_sensors.py
[2025-07-22T09:12:05.913+0000] {processor.py:840} INFO - DAG(s) 'example_sensors' retrieved from /home/airflow/.local/lib/python3.12/site-packages/airflow/example_dags/example_sensors.py
[2025-07-22T09:12:05.956+0000] {logging_mixin.py:188} INFO - [2025-07-22T09:12:05.955+0000] {dag.py:3096} INFO - Sync 1 DAGs
[2025-07-22T09:12:05.973+0000] {logging_mixin.py:188} INFO - [2025-07-22T09:12:05.973+0000] {dag.py:3954} INFO - Setting next_dagrun for example_sensors to None, run_after=None
[2025-07-22T09:12:06.001+0000] {processor.py:183} INFO - Processing /home/airflow/.local/lib/python3.12/site-packages/airflow/example_dags/example_sensors.py took 0.116 seconds
[2025-07-22T09:12:36.636+0000] {processor.py:161} INFO - Started process (PID=2501) to work on /home/airflow/.local/lib/python3.12/site-packages/airflow/example_dags/example_sensors.py
[2025-07-22T09:12:36.638+0000] {processor.py:830} INFO - Processing file /home/airflow/.local/lib/python3.12/site-packages/airflow/example_dags/example_sensors.py for tasks to queue
[2025-07-22T09:12:36.641+0000] {logging_mixin.py:188} INFO - [2025-07-22T09:12:36.640+0000] {dagbag.py:545} INFO - Filling up the DagBag from /home/airflow/.local/lib/python3.12/site-packages/airflow/example_dags/example_sensors.py
[2025-07-22T09:12:36.655+0000] {processor.py:840} INFO - DAG(s) 'example_sensors' retrieved from /home/airflow/.local/lib/python3.12/site-packages/airflow/example_dags/example_sensors.py
[2025-07-22T09:12:36.706+0000] {logging_mixin.py:188} INFO - [2025-07-22T09:12:36.706+0000] {dag.py:3096} INFO - Sync 1 DAGs
[2025-07-22T09:12:36.730+0000] {logging_mixin.py:188} INFO - [2025-07-22T09:12:36.729+0000] {dag.py:3954} INFO - Setting next_dagrun for example_sensors to None, run_after=None
[2025-07-22T09:12:36.765+0000] {processor.py:183} INFO - Processing /home/airflow/.local/lib/python3.12/site-packages/airflow/example_dags/example_sensors.py took 0.140 seconds
[2025-07-22T09:13:07.491+0000] {processor.py:161} INFO - Started process (PID=2561) to work on /home/airflow/.local/lib/python3.12/site-packages/airflow/example_dags/example_sensors.py
[2025-07-22T09:13:07.493+0000] {processor.py:830} INFO - Processing file /home/airflow/.local/lib/python3.12/site-packages/airflow/example_dags/example_sensors.py for tasks to queue
[2025-07-22T09:13:07.496+0000] {logging_mixin.py:188} INFO - [2025-07-22T09:13:07.496+0000] {dagbag.py:545} INFO - Filling up the DagBag from /home/airflow/.local/lib/python3.12/site-packages/airflow/example_dags/example_sensors.py
[2025-07-22T09:13:07.508+0000] {processor.py:840} INFO - DAG(s) 'example_sensors' retrieved from /home/airflow/.local/lib/python3.12/site-packages/airflow/example_dags/example_sensors.py
[2025-07-22T09:13:07.547+0000] {logging_mixin.py:188} INFO - [2025-07-22T09:13:07.546+0000] {dag.py:3096} INFO - Sync 1 DAGs
[2025-07-22T09:13:07.569+0000] {logging_mixin.py:188} INFO - [2025-07-22T09:13:07.569+0000] {dag.py:3954} INFO - Setting next_dagrun for example_sensors to None, run_after=None
[2025-07-22T09:13:07.597+0000] {processor.py:183} INFO - Processing /home/airflow/.local/lib/python3.12/site-packages/airflow/example_dags/example_sensors.py took 0.115 seconds
[2025-07-22T09:13:37.757+0000] {processor.py:161} INFO - Started process (PID=2621) to work on /home/airflow/.local/lib/python3.12/site-packages/airflow/example_dags/example_sensors.py
[2025-07-22T09:13:37.758+0000] {processor.py:830} INFO - Processing file /home/airflow/.local/lib/python3.12/site-packages/airflow/example_dags/example_sensors.py for tasks to queue
[2025-07-22T09:13:37.761+0000] {logging_mixin.py:188} INFO - [2025-07-22T09:13:37.760+0000] {dagbag.py:545} INFO - Filling up the DagBag from /home/airflow/.local/lib/python3.12/site-packages/airflow/example_dags/example_sensors.py
[2025-07-22T09:13:37.771+0000] {processor.py:840} INFO - DAG(s) 'example_sensors' retrieved from /home/airflow/.local/lib/python3.12/site-packages/airflow/example_dags/example_sensors.py
[2025-07-22T09:13:37.804+0000] {logging_mixin.py:188} INFO - [2025-07-22T09:13:37.803+0000] {dag.py:3096} INFO - Sync 1 DAGs
[2025-07-22T09:13:37.819+0000] {logging_mixin.py:188} INFO - [2025-07-22T09:13:37.818+0000] {dag.py:3954} INFO - Setting next_dagrun for example_sensors to None, run_after=None
[2025-07-22T09:13:37.840+0000] {processor.py:183} INFO - Processing /home/airflow/.local/lib/python3.12/site-packages/airflow/example_dags/example_sensors.py took 0.090 seconds
[2025-07-22T09:14:07.949+0000] {processor.py:161} INFO - Started process (PID=2682) to work on /home/airflow/.local/lib/python3.12/site-packages/airflow/example_dags/example_sensors.py
[2025-07-22T09:14:07.950+0000] {processor.py:830} INFO - Processing file /home/airflow/.local/lib/python3.12/site-packages/airflow/example_dags/example_sensors.py for tasks to queue
[2025-07-22T09:14:07.953+0000] {logging_mixin.py:188} INFO - [2025-07-22T09:14:07.952+0000] {dagbag.py:545} INFO - Filling up the DagBag from /home/airflow/.local/lib/python3.12/site-packages/airflow/example_dags/example_sensors.py
[2025-07-22T09:14:07.963+0000] {processor.py:840} INFO - DAG(s) 'example_sensors' retrieved from /home/airflow/.local/lib/python3.12/site-packages/airflow/example_dags/example_sensors.py
[2025-07-22T09:14:07.994+0000] {logging_mixin.py:188} INFO - [2025-07-22T09:14:07.994+0000] {dag.py:3096} INFO - Sync 1 DAGs
[2025-07-22T09:14:08.009+0000] {logging_mixin.py:188} INFO - [2025-07-22T09:14:08.008+0000] {dag.py:3954} INFO - Setting next_dagrun for example_sensors to None, run_after=None
[2025-07-22T09:14:08.034+0000] {processor.py:183} INFO - Processing /home/airflow/.local/lib/python3.12/site-packages/airflow/example_dags/example_sensors.py took 0.091 seconds
[2025-07-22T09:14:38.762+0000] {processor.py:161} INFO - Started process (PID=2742) to work on /home/airflow/.local/lib/python3.12/site-packages/airflow/example_dags/example_sensors.py
[2025-07-22T09:14:38.763+0000] {processor.py:830} INFO - Processing file /home/airflow/.local/lib/python3.12/site-packages/airflow/example_dags/example_sensors.py for tasks to queue
[2025-07-22T09:14:38.766+0000] {logging_mixin.py:188} INFO - [2025-07-22T09:14:38.765+0000] {dagbag.py:545} INFO - Filling up the DagBag from /home/airflow/.local/lib/python3.12/site-packages/airflow/example_dags/example_sensors.py
[2025-07-22T09:14:38.776+0000] {processor.py:840} INFO - DAG(s) 'example_sensors' retrieved from /home/airflow/.local/lib/python3.12/site-packages/airflow/example_dags/example_sensors.py
[2025-07-22T09:14:38.807+0000] {logging_mixin.py:188} INFO - [2025-07-22T09:14:38.807+0000] {dag.py:3096} INFO - Sync 1 DAGs
[2025-07-22T09:14:38.821+0000] {logging_mixin.py:188} INFO - [2025-07-22T09:14:38.821+0000] {dag.py:3954} INFO - Setting next_dagrun for example_sensors to None, run_after=None
[2025-07-22T09:14:38.843+0000] {processor.py:183} INFO - Processing /home/airflow/.local/lib/python3.12/site-packages/airflow/example_dags/example_sensors.py took 0.089 seconds
[2025-07-22T09:15:09.251+0000] {processor.py:161} INFO - Started process (PID=2802) to work on /home/airflow/.local/lib/python3.12/site-packages/airflow/example_dags/example_sensors.py
[2025-07-22T09:15:09.252+0000] {processor.py:830} INFO - Processing file /home/airflow/.local/lib/python3.12/site-packages/airflow/example_dags/example_sensors.py for tasks to queue
[2025-07-22T09:15:09.255+0000] {logging_mixin.py:188} INFO - [2025-07-22T09:15:09.254+0000] {dagbag.py:545} INFO - Filling up the DagBag from /home/airflow/.local/lib/python3.12/site-packages/airflow/example_dags/example_sensors.py
[2025-07-22T09:15:09.266+0000] {processor.py:840} INFO - DAG(s) 'example_sensors' retrieved from /home/airflow/.local/lib/python3.12/site-packages/airflow/example_dags/example_sensors.py
[2025-07-22T09:15:09.299+0000] {logging_mixin.py:188} INFO - [2025-07-22T09:15:09.298+0000] {dag.py:3096} INFO - Sync 1 DAGs
[2025-07-22T09:15:09.330+0000] {logging_mixin.py:188} INFO - [2025-07-22T09:15:09.329+0000] {dag.py:3954} INFO - Setting next_dagrun for example_sensors to None, run_after=None
[2025-07-22T09:15:09.362+0000] {processor.py:183} INFO - Processing /home/airflow/.local/lib/python3.12/site-packages/airflow/example_dags/example_sensors.py took 0.119 seconds
[2025-07-22T09:15:39.565+0000] {processor.py:161} INFO - Started process (PID=2862) to work on /home/airflow/.local/lib/python3.12/site-packages/airflow/example_dags/example_sensors.py
[2025-07-22T09:15:39.566+0000] {processor.py:830} INFO - Processing file /home/airflow/.local/lib/python3.12/site-packages/airflow/example_dags/example_sensors.py for tasks to queue
[2025-07-22T09:15:39.569+0000] {logging_mixin.py:188} INFO - [2025-07-22T09:15:39.568+0000] {dagbag.py:545} INFO - Filling up the DagBag from /home/airflow/.local/lib/python3.12/site-packages/airflow/example_dags/example_sensors.py
[2025-07-22T09:15:39.579+0000] {processor.py:840} INFO - DAG(s) 'example_sensors' retrieved from /home/airflow/.local/lib/python3.12/site-packages/airflow/example_dags/example_sensors.py
[2025-07-22T09:15:39.610+0000] {logging_mixin.py:188} INFO - [2025-07-22T09:15:39.610+0000] {dag.py:3096} INFO - Sync 1 DAGs
[2025-07-22T09:15:39.625+0000] {logging_mixin.py:188} INFO - [2025-07-22T09:15:39.624+0000] {dag.py:3954} INFO - Setting next_dagrun for example_sensors to None, run_after=None
[2025-07-22T09:15:39.647+0000] {processor.py:183} INFO - Processing /home/airflow/.local/lib/python3.12/site-packages/airflow/example_dags/example_sensors.py took 0.091 seconds
[2025-07-22T09:16:10.016+0000] {processor.py:161} INFO - Started process (PID=2922) to work on /home/airflow/.local/lib/python3.12/site-packages/airflow/example_dags/example_sensors.py
[2025-07-22T09:16:10.017+0000] {processor.py:830} INFO - Processing file /home/airflow/.local/lib/python3.12/site-packages/airflow/example_dags/example_sensors.py for tasks to queue
[2025-07-22T09:16:10.020+0000] {logging_mixin.py:188} INFO - [2025-07-22T09:16:10.019+0000] {dagbag.py:545} INFO - Filling up the DagBag from /home/airflow/.local/lib/python3.12/site-packages/airflow/example_dags/example_sensors.py
[2025-07-22T09:16:10.033+0000] {processor.py:840} INFO - DAG(s) 'example_sensors' retrieved from /home/airflow/.local/lib/python3.12/site-packages/airflow/example_dags/example_sensors.py
[2025-07-22T09:16:10.072+0000] {logging_mixin.py:188} INFO - [2025-07-22T09:16:10.072+0000] {dag.py:3096} INFO - Sync 1 DAGs
[2025-07-22T09:16:10.097+0000] {logging_mixin.py:188} INFO - [2025-07-22T09:16:10.096+0000] {dag.py:3954} INFO - Setting next_dagrun for example_sensors to None, run_after=None
[2025-07-22T09:16:10.123+0000] {processor.py:183} INFO - Processing /home/airflow/.local/lib/python3.12/site-packages/airflow/example_dags/example_sensors.py took 0.113 seconds
[2025-07-22T09:16:40.216+0000] {processor.py:161} INFO - Started process (PID=2982) to work on /home/airflow/.local/lib/python3.12/site-packages/airflow/example_dags/example_sensors.py
[2025-07-22T09:16:40.217+0000] {processor.py:830} INFO - Processing file /home/airflow/.local/lib/python3.12/site-packages/airflow/example_dags/example_sensors.py for tasks to queue
[2025-07-22T09:16:40.219+0000] {logging_mixin.py:188} INFO - [2025-07-22T09:16:40.219+0000] {dagbag.py:545} INFO - Filling up the DagBag from /home/airflow/.local/lib/python3.12/site-packages/airflow/example_dags/example_sensors.py
[2025-07-22T09:16:40.229+0000] {processor.py:840} INFO - DAG(s) 'example_sensors' retrieved from /home/airflow/.local/lib/python3.12/site-packages/airflow/example_dags/example_sensors.py
[2025-07-22T09:16:40.259+0000] {logging_mixin.py:188} INFO - [2025-07-22T09:16:40.259+0000] {dag.py:3096} INFO - Sync 1 DAGs
[2025-07-22T09:16:40.274+0000] {logging_mixin.py:188} INFO - [2025-07-22T09:16:40.274+0000] {dag.py:3954} INFO - Setting next_dagrun for example_sensors to None, run_after=None
[2025-07-22T09:16:40.299+0000] {processor.py:183} INFO - Processing /home/airflow/.local/lib/python3.12/site-packages/airflow/example_dags/example_sensors.py took 0.089 seconds
[2025-07-22T09:17:10.917+0000] {processor.py:161} INFO - Started process (PID=3042) to work on /home/airflow/.local/lib/python3.12/site-packages/airflow/example_dags/example_sensors.py
[2025-07-22T09:17:10.919+0000] {processor.py:830} INFO - Processing file /home/airflow/.local/lib/python3.12/site-packages/airflow/example_dags/example_sensors.py for tasks to queue
[2025-07-22T09:17:10.921+0000] {logging_mixin.py:188} INFO - [2025-07-22T09:17:10.921+0000] {dagbag.py:545} INFO - Filling up the DagBag from /home/airflow/.local/lib/python3.12/site-packages/airflow/example_dags/example_sensors.py
[2025-07-22T09:17:10.933+0000] {processor.py:840} INFO - DAG(s) 'example_sensors' retrieved from /home/airflow/.local/lib/python3.12/site-packages/airflow/example_dags/example_sensors.py
[2025-07-22T09:17:10.971+0000] {logging_mixin.py:188} INFO - [2025-07-22T09:17:10.970+0000] {dag.py:3096} INFO - Sync 1 DAGs
[2025-07-22T09:17:10.989+0000] {logging_mixin.py:188} INFO - [2025-07-22T09:17:10.988+0000] {dag.py:3954} INFO - Setting next_dagrun for example_sensors to None, run_after=None
[2025-07-22T09:17:11.016+0000] {processor.py:183} INFO - Processing /home/airflow/.local/lib/python3.12/site-packages/airflow/example_dags/example_sensors.py took 0.107 seconds
[2025-07-22T09:17:41.256+0000] {processor.py:161} INFO - Started process (PID=3102) to work on /home/airflow/.local/lib/python3.12/site-packages/airflow/example_dags/example_sensors.py
[2025-07-22T09:17:41.257+0000] {processor.py:830} INFO - Processing file /home/airflow/.local/lib/python3.12/site-packages/airflow/example_dags/example_sensors.py for tasks to queue
[2025-07-22T09:17:41.260+0000] {logging_mixin.py:188} INFO - [2025-07-22T09:17:41.259+0000] {dagbag.py:545} INFO - Filling up the DagBag from /home/airflow/.local/lib/python3.12/site-packages/airflow/example_dags/example_sensors.py
[2025-07-22T09:17:41.269+0000] {processor.py:840} INFO - DAG(s) 'example_sensors' retrieved from /home/airflow/.local/lib/python3.12/site-packages/airflow/example_dags/example_sensors.py
[2025-07-22T09:17:41.298+0000] {logging_mixin.py:188} INFO - [2025-07-22T09:17:41.298+0000] {dag.py:3096} INFO - Sync 1 DAGs
[2025-07-22T09:17:41.313+0000] {logging_mixin.py:188} INFO - [2025-07-22T09:17:41.312+0000] {dag.py:3954} INFO - Setting next_dagrun for example_sensors to None, run_after=None
[2025-07-22T09:17:41.334+0000] {processor.py:183} INFO - Processing /home/airflow/.local/lib/python3.12/site-packages/airflow/example_dags/example_sensors.py took 0.085 seconds
[2025-07-22T09:18:11.921+0000] {processor.py:161} INFO - Started process (PID=3162) to work on /home/airflow/.local/lib/python3.12/site-packages/airflow/example_dags/example_sensors.py
[2025-07-22T09:18:11.923+0000] {processor.py:830} INFO - Processing file /home/airflow/.local/lib/python3.12/site-packages/airflow/example_dags/example_sensors.py for tasks to queue
[2025-07-22T09:18:11.925+0000] {logging_mixin.py:188} INFO - [2025-07-22T09:18:11.925+0000] {dagbag.py:545} INFO - Filling up the DagBag from /home/airflow/.local/lib/python3.12/site-packages/airflow/example_dags/example_sensors.py
[2025-07-22T09:18:11.939+0000] {processor.py:840} INFO - DAG(s) 'example_sensors' retrieved from /home/airflow/.local/lib/python3.12/site-packages/airflow/example_dags/example_sensors.py
[2025-07-22T09:18:11.973+0000] {logging_mixin.py:188} INFO - [2025-07-22T09:18:11.972+0000] {dag.py:3096} INFO - Sync 1 DAGs
[2025-07-22T09:18:11.989+0000] {logging_mixin.py:188} INFO - [2025-07-22T09:18:11.989+0000] {dag.py:3954} INFO - Setting next_dagrun for example_sensors to None, run_after=None
[2025-07-22T09:18:12.019+0000] {processor.py:183} INFO - Processing /home/airflow/.local/lib/python3.12/site-packages/airflow/example_dags/example_sensors.py took 0.110 seconds
[2025-07-22T09:18:42.114+0000] {processor.py:161} INFO - Started process (PID=3222) to work on /home/airflow/.local/lib/python3.12/site-packages/airflow/example_dags/example_sensors.py
[2025-07-22T09:18:42.116+0000] {processor.py:830} INFO - Processing file /home/airflow/.local/lib/python3.12/site-packages/airflow/example_dags/example_sensors.py for tasks to queue
[2025-07-22T09:18:42.118+0000] {logging_mixin.py:188} INFO - [2025-07-22T09:18:42.118+0000] {dagbag.py:545} INFO - Filling up the DagBag from /home/airflow/.local/lib/python3.12/site-packages/airflow/example_dags/example_sensors.py
[2025-07-22T09:18:42.133+0000] {processor.py:840} INFO - DAG(s) 'example_sensors' retrieved from /home/airflow/.local/lib/python3.12/site-packages/airflow/example_dags/example_sensors.py
[2025-07-22T09:18:42.171+0000] {logging_mixin.py:188} INFO - [2025-07-22T09:18:42.171+0000] {dag.py:3096} INFO - Sync 1 DAGs
[2025-07-22T09:18:42.191+0000] {logging_mixin.py:188} INFO - [2025-07-22T09:18:42.190+0000] {dag.py:3954} INFO - Setting next_dagrun for example_sensors to None, run_after=None
[2025-07-22T09:18:42.222+0000] {processor.py:183} INFO - Processing /home/airflow/.local/lib/python3.12/site-packages/airflow/example_dags/example_sensors.py took 0.117 seconds
[2025-07-22T09:19:13.168+0000] {processor.py:161} INFO - Started process (PID=3282) to work on /home/airflow/.local/lib/python3.12/site-packages/airflow/example_dags/example_sensors.py
[2025-07-22T09:19:13.169+0000] {processor.py:830} INFO - Processing file /home/airflow/.local/lib/python3.12/site-packages/airflow/example_dags/example_sensors.py for tasks to queue
[2025-07-22T09:19:13.171+0000] {logging_mixin.py:188} INFO - [2025-07-22T09:19:13.171+0000] {dagbag.py:545} INFO - Filling up the DagBag from /home/airflow/.local/lib/python3.12/site-packages/airflow/example_dags/example_sensors.py
[2025-07-22T09:19:13.180+0000] {processor.py:840} INFO - DAG(s) 'example_sensors' retrieved from /home/airflow/.local/lib/python3.12/site-packages/airflow/example_dags/example_sensors.py
[2025-07-22T09:19:13.211+0000] {logging_mixin.py:188} INFO - [2025-07-22T09:19:13.211+0000] {dag.py:3096} INFO - Sync 1 DAGs
[2025-07-22T09:19:13.225+0000] {logging_mixin.py:188} INFO - [2025-07-22T09:19:13.225+0000] {dag.py:3954} INFO - Setting next_dagrun for example_sensors to None, run_after=None
[2025-07-22T09:19:13.246+0000] {processor.py:183} INFO - Processing /home/airflow/.local/lib/python3.12/site-packages/airflow/example_dags/example_sensors.py took 0.086 seconds
[2025-07-22T09:19:43.539+0000] {processor.py:161} INFO - Started process (PID=3342) to work on /home/airflow/.local/lib/python3.12/site-packages/airflow/example_dags/example_sensors.py
[2025-07-22T09:19:43.541+0000] {processor.py:830} INFO - Processing file /home/airflow/.local/lib/python3.12/site-packages/airflow/example_dags/example_sensors.py for tasks to queue
[2025-07-22T09:19:43.543+0000] {logging_mixin.py:188} INFO - [2025-07-22T09:19:43.543+0000] {dagbag.py:545} INFO - Filling up the DagBag from /home/airflow/.local/lib/python3.12/site-packages/airflow/example_dags/example_sensors.py
[2025-07-22T09:19:43.554+0000] {processor.py:840} INFO - DAG(s) 'example_sensors' retrieved from /home/airflow/.local/lib/python3.12/site-packages/airflow/example_dags/example_sensors.py
[2025-07-22T09:19:43.585+0000] {logging_mixin.py:188} INFO - [2025-07-22T09:19:43.584+0000] {dag.py:3096} INFO - Sync 1 DAGs
[2025-07-22T09:19:43.599+0000] {logging_mixin.py:188} INFO - [2025-07-22T09:19:43.599+0000] {dag.py:3954} INFO - Setting next_dagrun for example_sensors to None, run_after=None
[2025-07-22T09:19:43.624+0000] {processor.py:183} INFO - Processing /home/airflow/.local/lib/python3.12/site-packages/airflow/example_dags/example_sensors.py took 0.092 seconds
[2025-07-22T09:20:13.841+0000] {processor.py:161} INFO - Started process (PID=3401) to work on /home/airflow/.local/lib/python3.12/site-packages/airflow/example_dags/example_sensors.py
[2025-07-22T09:20:13.842+0000] {processor.py:830} INFO - Processing file /home/airflow/.local/lib/python3.12/site-packages/airflow/example_dags/example_sensors.py for tasks to queue
[2025-07-22T09:20:13.845+0000] {logging_mixin.py:188} INFO - [2025-07-22T09:20:13.845+0000] {dagbag.py:545} INFO - Filling up the DagBag from /home/airflow/.local/lib/python3.12/site-packages/airflow/example_dags/example_sensors.py
[2025-07-22T09:20:13.856+0000] {processor.py:840} INFO - DAG(s) 'example_sensors' retrieved from /home/airflow/.local/lib/python3.12/site-packages/airflow/example_dags/example_sensors.py
[2025-07-22T09:20:13.892+0000] {logging_mixin.py:188} INFO - [2025-07-22T09:20:13.892+0000] {dag.py:3096} INFO - Sync 1 DAGs
[2025-07-22T09:20:13.907+0000] {logging_mixin.py:188} INFO - [2025-07-22T09:20:13.907+0000] {dag.py:3954} INFO - Setting next_dagrun for example_sensors to None, run_after=None
[2025-07-22T09:20:13.933+0000] {processor.py:183} INFO - Processing /home/airflow/.local/lib/python3.12/site-packages/airflow/example_dags/example_sensors.py took 0.099 seconds
[2025-07-22T09:20:44.023+0000] {processor.py:161} INFO - Started process (PID=3460) to work on /home/airflow/.local/lib/python3.12/site-packages/airflow/example_dags/example_sensors.py
[2025-07-22T09:20:44.024+0000] {processor.py:830} INFO - Processing file /home/airflow/.local/lib/python3.12/site-packages/airflow/example_dags/example_sensors.py for tasks to queue
[2025-07-22T09:20:44.026+0000] {logging_mixin.py:188} INFO - [2025-07-22T09:20:44.026+0000] {dagbag.py:545} INFO - Filling up the DagBag from /home/airflow/.local/lib/python3.12/site-packages/airflow/example_dags/example_sensors.py
[2025-07-22T09:20:44.038+0000] {processor.py:840} INFO - DAG(s) 'example_sensors' retrieved from /home/airflow/.local/lib/python3.12/site-packages/airflow/example_dags/example_sensors.py
[2025-07-22T09:20:44.072+0000] {logging_mixin.py:188} INFO - [2025-07-22T09:20:44.072+0000] {dag.py:3096} INFO - Sync 1 DAGs
[2025-07-22T09:20:44.090+0000] {logging_mixin.py:188} INFO - [2025-07-22T09:20:44.090+0000] {dag.py:3954} INFO - Setting next_dagrun for example_sensors to None, run_after=None
[2025-07-22T09:20:44.116+0000] {processor.py:183} INFO - Processing /home/airflow/.local/lib/python3.12/site-packages/airflow/example_dags/example_sensors.py took 0.101 seconds
[2025-07-22T09:21:14.158+0000] {processor.py:161} INFO - Started process (PID=3521) to work on /home/airflow/.local/lib/python3.12/site-packages/airflow/example_dags/example_sensors.py
[2025-07-22T09:21:14.159+0000] {processor.py:830} INFO - Processing file /home/airflow/.local/lib/python3.12/site-packages/airflow/example_dags/example_sensors.py for tasks to queue
[2025-07-22T09:21:14.161+0000] {logging_mixin.py:188} INFO - [2025-07-22T09:21:14.161+0000] {dagbag.py:545} INFO - Filling up the DagBag from /home/airflow/.local/lib/python3.12/site-packages/airflow/example_dags/example_sensors.py
[2025-07-22T09:21:14.171+0000] {processor.py:840} INFO - DAG(s) 'example_sensors' retrieved from /home/airflow/.local/lib/python3.12/site-packages/airflow/example_dags/example_sensors.py
[2025-07-22T09:21:14.203+0000] {logging_mixin.py:188} INFO - [2025-07-22T09:21:14.202+0000] {dag.py:3096} INFO - Sync 1 DAGs
[2025-07-22T09:21:14.218+0000] {logging_mixin.py:188} INFO - [2025-07-22T09:21:14.218+0000] {dag.py:3954} INFO - Setting next_dagrun for example_sensors to None, run_after=None
[2025-07-22T09:21:14.240+0000] {processor.py:183} INFO - Processing /home/airflow/.local/lib/python3.12/site-packages/airflow/example_dags/example_sensors.py took 0.090 seconds
[2025-07-22T09:21:44.453+0000] {processor.py:161} INFO - Started process (PID=3581) to work on /home/airflow/.local/lib/python3.12/site-packages/airflow/example_dags/example_sensors.py
[2025-07-22T09:21:44.457+0000] {processor.py:830} INFO - Processing file /home/airflow/.local/lib/python3.12/site-packages/airflow/example_dags/example_sensors.py for tasks to queue
[2025-07-22T09:21:44.468+0000] {logging_mixin.py:188} INFO - [2025-07-22T09:21:44.466+0000] {dagbag.py:545} INFO - Filling up the DagBag from /home/airflow/.local/lib/python3.12/site-packages/airflow/example_dags/example_sensors.py
[2025-07-22T09:21:44.502+0000] {processor.py:840} INFO - DAG(s) 'example_sensors' retrieved from /home/airflow/.local/lib/python3.12/site-packages/airflow/example_dags/example_sensors.py
[2025-07-22T09:21:44.598+0000] {logging_mixin.py:188} INFO - [2025-07-22T09:21:44.598+0000] {dag.py:3096} INFO - Sync 1 DAGs
[2025-07-22T09:21:44.627+0000] {logging_mixin.py:188} INFO - [2025-07-22T09:21:44.627+0000] {dag.py:3954} INFO - Setting next_dagrun for example_sensors to None, run_after=None
[2025-07-22T09:21:44.663+0000] {processor.py:183} INFO - Processing /home/airflow/.local/lib/python3.12/site-packages/airflow/example_dags/example_sensors.py took 0.232 seconds
[2025-07-22T09:22:14.945+0000] {processor.py:161} INFO - Started process (PID=3641) to work on /home/airflow/.local/lib/python3.12/site-packages/airflow/example_dags/example_sensors.py
[2025-07-22T09:22:14.947+0000] {processor.py:830} INFO - Processing file /home/airflow/.local/lib/python3.12/site-packages/airflow/example_dags/example_sensors.py for tasks to queue
[2025-07-22T09:22:14.951+0000] {logging_mixin.py:188} INFO - [2025-07-22T09:22:14.950+0000] {dagbag.py:545} INFO - Filling up the DagBag from /home/airflow/.local/lib/python3.12/site-packages/airflow/example_dags/example_sensors.py
[2025-07-22T09:22:14.965+0000] {processor.py:840} INFO - DAG(s) 'example_sensors' retrieved from /home/airflow/.local/lib/python3.12/site-packages/airflow/example_dags/example_sensors.py
[2025-07-22T09:22:15.001+0000] {logging_mixin.py:188} INFO - [2025-07-22T09:22:15.001+0000] {dag.py:3096} INFO - Sync 1 DAGs
[2025-07-22T09:22:15.021+0000] {logging_mixin.py:188} INFO - [2025-07-22T09:22:15.020+0000] {dag.py:3954} INFO - Setting next_dagrun for example_sensors to None, run_after=None
[2025-07-22T09:22:15.053+0000] {processor.py:183} INFO - Processing /home/airflow/.local/lib/python3.12/site-packages/airflow/example_dags/example_sensors.py took 0.117 seconds
