[2025-07-22T08:52:07.240+0000] {processor.py:161} INFO - Started process (PID=87) to work on /home/airflow/.local/lib/python3.12/site-packages/airflow/example_dags/example_task_group.py
[2025-07-22T08:52:07.242+0000] {processor.py:830} INFO - Processing file /home/airflow/.local/lib/python3.12/site-packages/airflow/example_dags/example_task_group.py for tasks to queue
[2025-07-22T08:52:07.245+0000] {logging_mixin.py:188} INFO - [2025-07-22T08:52:07.245+0000] {dagbag.py:545} INFO - Filling up the DagBag from /home/airflow/.local/lib/python3.12/site-packages/airflow/example_dags/example_task_group.py
[2025-07-22T08:52:07.257+0000] {processor.py:840} INFO - DAG(s) 'example_task_group' retrieved from /home/airflow/.local/lib/python3.12/site-packages/airflow/example_dags/example_task_group.py
[2025-07-22T08:52:07.422+0000] {logging_mixin.py:188} INFO - [2025-07-22T08:52:07.422+0000] {dag.py:3096} INFO - Sync 1 DAGs
[2025-07-22T08:52:07.455+0000] {logging_mixin.py:188} INFO - [2025-07-22T08:52:07.455+0000] {dag.py:3954} INFO - Setting next_dagrun for example_task_group to 2025-07-21 00:00:00+00:00, run_after=2025-07-22 00:00:00+00:00
[2025-07-22T08:52:07.489+0000] {processor.py:183} INFO - Processing /home/airflow/.local/lib/python3.12/site-packages/airflow/example_dags/example_task_group.py took 0.257 seconds
[2025-07-22T08:52:38.238+0000] {processor.py:161} INFO - Started process (PID=145) to work on /home/airflow/.local/lib/python3.12/site-packages/airflow/example_dags/example_task_group.py
[2025-07-22T08:52:38.239+0000] {processor.py:830} INFO - Processing file /home/airflow/.local/lib/python3.12/site-packages/airflow/example_dags/example_task_group.py for tasks to queue
[2025-07-22T08:52:38.241+0000] {logging_mixin.py:188} INFO - [2025-07-22T08:52:38.241+0000] {dagbag.py:545} INFO - Filling up the DagBag from /home/airflow/.local/lib/python3.12/site-packages/airflow/example_dags/example_task_group.py
[2025-07-22T08:52:38.248+0000] {processor.py:840} INFO - DAG(s) 'example_task_group' retrieved from /home/airflow/.local/lib/python3.12/site-packages/airflow/example_dags/example_task_group.py
[2025-07-22T08:52:38.271+0000] {logging_mixin.py:188} INFO - [2025-07-22T08:52:38.271+0000] {dag.py:3096} INFO - Sync 1 DAGs
[2025-07-22T08:52:38.294+0000] {logging_mixin.py:188} INFO - [2025-07-22T08:52:38.294+0000] {dag.py:3954} INFO - Setting next_dagrun for example_task_group to 2025-07-21 00:00:00+00:00, run_after=2025-07-22 00:00:00+00:00
[2025-07-22T08:52:38.314+0000] {processor.py:183} INFO - Processing /home/airflow/.local/lib/python3.12/site-packages/airflow/example_dags/example_task_group.py took 0.082 seconds
[2025-07-22T08:53:08.855+0000] {processor.py:161} INFO - Started process (PID=203) to work on /home/airflow/.local/lib/python3.12/site-packages/airflow/example_dags/example_task_group.py
[2025-07-22T08:53:08.856+0000] {processor.py:830} INFO - Processing file /home/airflow/.local/lib/python3.12/site-packages/airflow/example_dags/example_task_group.py for tasks to queue
[2025-07-22T08:53:08.859+0000] {logging_mixin.py:188} INFO - [2025-07-22T08:53:08.858+0000] {dagbag.py:545} INFO - Filling up the DagBag from /home/airflow/.local/lib/python3.12/site-packages/airflow/example_dags/example_task_group.py
[2025-07-22T08:53:08.868+0000] {processor.py:840} INFO - DAG(s) 'example_task_group' retrieved from /home/airflow/.local/lib/python3.12/site-packages/airflow/example_dags/example_task_group.py
[2025-07-22T08:53:08.899+0000] {logging_mixin.py:188} INFO - [2025-07-22T08:53:08.899+0000] {dag.py:3096} INFO - Sync 1 DAGs
[2025-07-22T08:53:08.926+0000] {logging_mixin.py:188} INFO - [2025-07-22T08:53:08.925+0000] {dag.py:3954} INFO - Setting next_dagrun for example_task_group to 2025-07-21 00:00:00+00:00, run_after=2025-07-22 00:00:00+00:00
[2025-07-22T08:53:08.948+0000] {processor.py:183} INFO - Processing /home/airflow/.local/lib/python3.12/site-packages/airflow/example_dags/example_task_group.py took 0.100 seconds
[2025-07-22T08:53:39.101+0000] {processor.py:161} INFO - Started process (PID=261) to work on /home/airflow/.local/lib/python3.12/site-packages/airflow/example_dags/example_task_group.py
[2025-07-22T08:53:39.102+0000] {processor.py:830} INFO - Processing file /home/airflow/.local/lib/python3.12/site-packages/airflow/example_dags/example_task_group.py for tasks to queue
[2025-07-22T08:53:39.105+0000] {logging_mixin.py:188} INFO - [2025-07-22T08:53:39.104+0000] {dagbag.py:545} INFO - Filling up the DagBag from /home/airflow/.local/lib/python3.12/site-packages/airflow/example_dags/example_task_group.py
[2025-07-22T08:53:39.115+0000] {processor.py:840} INFO - DAG(s) 'example_task_group' retrieved from /home/airflow/.local/lib/python3.12/site-packages/airflow/example_dags/example_task_group.py
[2025-07-22T08:53:39.150+0000] {logging_mixin.py:188} INFO - [2025-07-22T08:53:39.150+0000] {dag.py:3096} INFO - Sync 1 DAGs
[2025-07-22T08:53:39.182+0000] {logging_mixin.py:188} INFO - [2025-07-22T08:53:39.182+0000] {dag.py:3954} INFO - Setting next_dagrun for example_task_group to 2025-07-21 00:00:00+00:00, run_after=2025-07-22 00:00:00+00:00
[2025-07-22T08:53:39.206+0000] {processor.py:183} INFO - Processing /home/airflow/.local/lib/python3.12/site-packages/airflow/example_dags/example_task_group.py took 0.113 seconds
[2025-07-22T08:54:09.550+0000] {processor.py:161} INFO - Started process (PID=319) to work on /home/airflow/.local/lib/python3.12/site-packages/airflow/example_dags/example_task_group.py
[2025-07-22T08:54:09.551+0000] {processor.py:830} INFO - Processing file /home/airflow/.local/lib/python3.12/site-packages/airflow/example_dags/example_task_group.py for tasks to queue
[2025-07-22T08:54:09.553+0000] {logging_mixin.py:188} INFO - [2025-07-22T08:54:09.553+0000] {dagbag.py:545} INFO - Filling up the DagBag from /home/airflow/.local/lib/python3.12/site-packages/airflow/example_dags/example_task_group.py
[2025-07-22T08:54:09.561+0000] {processor.py:840} INFO - DAG(s) 'example_task_group' retrieved from /home/airflow/.local/lib/python3.12/site-packages/airflow/example_dags/example_task_group.py
[2025-07-22T08:54:09.584+0000] {logging_mixin.py:188} INFO - [2025-07-22T08:54:09.584+0000] {dag.py:3096} INFO - Sync 1 DAGs
[2025-07-22T08:54:09.608+0000] {logging_mixin.py:188} INFO - [2025-07-22T08:54:09.608+0000] {dag.py:3954} INFO - Setting next_dagrun for example_task_group to 2025-07-21 00:00:00+00:00, run_after=2025-07-22 00:00:00+00:00
[2025-07-22T08:54:09.630+0000] {processor.py:183} INFO - Processing /home/airflow/.local/lib/python3.12/site-packages/airflow/example_dags/example_task_group.py took 0.087 seconds
[2025-07-22T08:54:39.797+0000] {processor.py:161} INFO - Started process (PID=377) to work on /home/airflow/.local/lib/python3.12/site-packages/airflow/example_dags/example_task_group.py
[2025-07-22T08:54:39.800+0000] {processor.py:830} INFO - Processing file /home/airflow/.local/lib/python3.12/site-packages/airflow/example_dags/example_task_group.py for tasks to queue
[2025-07-22T08:54:39.804+0000] {logging_mixin.py:188} INFO - [2025-07-22T08:54:39.804+0000] {dagbag.py:545} INFO - Filling up the DagBag from /home/airflow/.local/lib/python3.12/site-packages/airflow/example_dags/example_task_group.py
[2025-07-22T08:54:39.822+0000] {processor.py:840} INFO - DAG(s) 'example_task_group' retrieved from /home/airflow/.local/lib/python3.12/site-packages/airflow/example_dags/example_task_group.py
[2025-07-22T08:54:39.857+0000] {logging_mixin.py:188} INFO - [2025-07-22T08:54:39.856+0000] {dag.py:3096} INFO - Sync 1 DAGs
[2025-07-22T08:54:39.890+0000] {logging_mixin.py:188} INFO - [2025-07-22T08:54:39.890+0000] {dag.py:3954} INFO - Setting next_dagrun for example_task_group to 2025-07-21 00:00:00+00:00, run_after=2025-07-22 00:00:00+00:00
[2025-07-22T08:54:39.920+0000] {processor.py:183} INFO - Processing /home/airflow/.local/lib/python3.12/site-packages/airflow/example_dags/example_task_group.py took 0.137 seconds
[2025-07-22T08:55:10.364+0000] {processor.py:161} INFO - Started process (PID=435) to work on /home/airflow/.local/lib/python3.12/site-packages/airflow/example_dags/example_task_group.py
[2025-07-22T08:55:10.365+0000] {processor.py:830} INFO - Processing file /home/airflow/.local/lib/python3.12/site-packages/airflow/example_dags/example_task_group.py for tasks to queue
[2025-07-22T08:55:10.368+0000] {logging_mixin.py:188} INFO - [2025-07-22T08:55:10.368+0000] {dagbag.py:545} INFO - Filling up the DagBag from /home/airflow/.local/lib/python3.12/site-packages/airflow/example_dags/example_task_group.py
[2025-07-22T08:55:10.376+0000] {processor.py:840} INFO - DAG(s) 'example_task_group' retrieved from /home/airflow/.local/lib/python3.12/site-packages/airflow/example_dags/example_task_group.py
[2025-07-22T08:55:10.401+0000] {logging_mixin.py:188} INFO - [2025-07-22T08:55:10.401+0000] {dag.py:3096} INFO - Sync 1 DAGs
[2025-07-22T08:55:10.425+0000] {logging_mixin.py:188} INFO - [2025-07-22T08:55:10.425+0000] {dag.py:3954} INFO - Setting next_dagrun for example_task_group to 2025-07-21 00:00:00+00:00, run_after=2025-07-22 00:00:00+00:00
[2025-07-22T08:55:10.446+0000] {processor.py:183} INFO - Processing /home/airflow/.local/lib/python3.12/site-packages/airflow/example_dags/example_task_group.py took 0.089 seconds
[2025-07-22T08:55:40.834+0000] {processor.py:161} INFO - Started process (PID=493) to work on /home/airflow/.local/lib/python3.12/site-packages/airflow/example_dags/example_task_group.py
[2025-07-22T08:55:40.836+0000] {processor.py:830} INFO - Processing file /home/airflow/.local/lib/python3.12/site-packages/airflow/example_dags/example_task_group.py for tasks to queue
[2025-07-22T08:55:40.838+0000] {logging_mixin.py:188} INFO - [2025-07-22T08:55:40.838+0000] {dagbag.py:545} INFO - Filling up the DagBag from /home/airflow/.local/lib/python3.12/site-packages/airflow/example_dags/example_task_group.py
[2025-07-22T08:55:40.846+0000] {processor.py:840} INFO - DAG(s) 'example_task_group' retrieved from /home/airflow/.local/lib/python3.12/site-packages/airflow/example_dags/example_task_group.py
[2025-07-22T08:55:40.871+0000] {logging_mixin.py:188} INFO - [2025-07-22T08:55:40.870+0000] {dag.py:3096} INFO - Sync 1 DAGs
[2025-07-22T08:55:40.896+0000] {logging_mixin.py:188} INFO - [2025-07-22T08:55:40.896+0000] {dag.py:3954} INFO - Setting next_dagrun for example_task_group to 2025-07-21 00:00:00+00:00, run_after=2025-07-22 00:00:00+00:00
[2025-07-22T08:55:40.919+0000] {processor.py:183} INFO - Processing /home/airflow/.local/lib/python3.12/site-packages/airflow/example_dags/example_task_group.py took 0.092 seconds
[2025-07-22T08:56:11.114+0000] {processor.py:161} INFO - Started process (PID=551) to work on /home/airflow/.local/lib/python3.12/site-packages/airflow/example_dags/example_task_group.py
[2025-07-22T08:56:11.115+0000] {processor.py:830} INFO - Processing file /home/airflow/.local/lib/python3.12/site-packages/airflow/example_dags/example_task_group.py for tasks to queue
[2025-07-22T08:56:11.117+0000] {logging_mixin.py:188} INFO - [2025-07-22T08:56:11.117+0000] {dagbag.py:545} INFO - Filling up the DagBag from /home/airflow/.local/lib/python3.12/site-packages/airflow/example_dags/example_task_group.py
[2025-07-22T08:56:11.124+0000] {processor.py:840} INFO - DAG(s) 'example_task_group' retrieved from /home/airflow/.local/lib/python3.12/site-packages/airflow/example_dags/example_task_group.py
[2025-07-22T08:56:11.148+0000] {logging_mixin.py:188} INFO - [2025-07-22T08:56:11.148+0000] {dag.py:3096} INFO - Sync 1 DAGs
[2025-07-22T08:56:11.172+0000] {logging_mixin.py:188} INFO - [2025-07-22T08:56:11.172+0000] {dag.py:3954} INFO - Setting next_dagrun for example_task_group to 2025-07-21 00:00:00+00:00, run_after=2025-07-22 00:00:00+00:00
[2025-07-22T08:56:11.197+0000] {processor.py:183} INFO - Processing /home/airflow/.local/lib/python3.12/site-packages/airflow/example_dags/example_task_group.py took 0.089 seconds
[2025-07-22T08:56:41.568+0000] {processor.py:161} INFO - Started process (PID=609) to work on /home/airflow/.local/lib/python3.12/site-packages/airflow/example_dags/example_task_group.py
[2025-07-22T08:56:41.569+0000] {processor.py:830} INFO - Processing file /home/airflow/.local/lib/python3.12/site-packages/airflow/example_dags/example_task_group.py for tasks to queue
[2025-07-22T08:56:41.572+0000] {logging_mixin.py:188} INFO - [2025-07-22T08:56:41.572+0000] {dagbag.py:545} INFO - Filling up the DagBag from /home/airflow/.local/lib/python3.12/site-packages/airflow/example_dags/example_task_group.py
[2025-07-22T08:56:41.580+0000] {processor.py:840} INFO - DAG(s) 'example_task_group' retrieved from /home/airflow/.local/lib/python3.12/site-packages/airflow/example_dags/example_task_group.py
[2025-07-22T08:56:41.607+0000] {logging_mixin.py:188} INFO - [2025-07-22T08:56:41.606+0000] {dag.py:3096} INFO - Sync 1 DAGs
[2025-07-22T08:56:41.632+0000] {logging_mixin.py:188} INFO - [2025-07-22T08:56:41.632+0000] {dag.py:3954} INFO - Setting next_dagrun for example_task_group to 2025-07-21 00:00:00+00:00, run_after=2025-07-22 00:00:00+00:00
[2025-07-22T08:56:41.657+0000] {processor.py:183} INFO - Processing /home/airflow/.local/lib/python3.12/site-packages/airflow/example_dags/example_task_group.py took 0.095 seconds
[2025-07-22T08:57:11.908+0000] {processor.py:161} INFO - Started process (PID=669) to work on /home/airflow/.local/lib/python3.12/site-packages/airflow/example_dags/example_task_group.py
[2025-07-22T08:57:11.910+0000] {processor.py:830} INFO - Processing file /home/airflow/.local/lib/python3.12/site-packages/airflow/example_dags/example_task_group.py for tasks to queue
[2025-07-22T08:57:11.912+0000] {logging_mixin.py:188} INFO - [2025-07-22T08:57:11.912+0000] {dagbag.py:545} INFO - Filling up the DagBag from /home/airflow/.local/lib/python3.12/site-packages/airflow/example_dags/example_task_group.py
[2025-07-22T08:57:11.922+0000] {processor.py:840} INFO - DAG(s) 'example_task_group' retrieved from /home/airflow/.local/lib/python3.12/site-packages/airflow/example_dags/example_task_group.py
[2025-07-22T08:57:11.950+0000] {logging_mixin.py:188} INFO - [2025-07-22T08:57:11.950+0000] {dag.py:3096} INFO - Sync 1 DAGs
[2025-07-22T08:57:11.979+0000] {logging_mixin.py:188} INFO - [2025-07-22T08:57:11.979+0000] {dag.py:3954} INFO - Setting next_dagrun for example_task_group to 2025-07-21 00:00:00+00:00, run_after=2025-07-22 00:00:00+00:00
[2025-07-22T08:57:12.008+0000] {processor.py:183} INFO - Processing /home/airflow/.local/lib/python3.12/site-packages/airflow/example_dags/example_task_group.py took 0.108 seconds
[2025-07-22T08:57:42.118+0000] {processor.py:161} INFO - Started process (PID=729) to work on /home/airflow/.local/lib/python3.12/site-packages/airflow/example_dags/example_task_group.py
[2025-07-22T08:57:42.119+0000] {processor.py:830} INFO - Processing file /home/airflow/.local/lib/python3.12/site-packages/airflow/example_dags/example_task_group.py for tasks to queue
[2025-07-22T08:57:42.121+0000] {logging_mixin.py:188} INFO - [2025-07-22T08:57:42.120+0000] {dagbag.py:545} INFO - Filling up the DagBag from /home/airflow/.local/lib/python3.12/site-packages/airflow/example_dags/example_task_group.py
[2025-07-22T08:57:42.128+0000] {processor.py:840} INFO - DAG(s) 'example_task_group' retrieved from /home/airflow/.local/lib/python3.12/site-packages/airflow/example_dags/example_task_group.py
[2025-07-22T08:57:42.151+0000] {logging_mixin.py:188} INFO - [2025-07-22T08:57:42.151+0000] {dag.py:3096} INFO - Sync 1 DAGs
[2025-07-22T08:57:42.173+0000] {logging_mixin.py:188} INFO - [2025-07-22T08:57:42.173+0000] {dag.py:3954} INFO - Setting next_dagrun for example_task_group to 2025-07-21 00:00:00+00:00, run_after=2025-07-22 00:00:00+00:00
[2025-07-22T08:57:42.194+0000] {processor.py:183} INFO - Processing /home/airflow/.local/lib/python3.12/site-packages/airflow/example_dags/example_task_group.py took 0.082 seconds
[2025-07-22T08:58:12.662+0000] {processor.py:161} INFO - Started process (PID=789) to work on /home/airflow/.local/lib/python3.12/site-packages/airflow/example_dags/example_task_group.py
[2025-07-22T08:58:12.663+0000] {processor.py:830} INFO - Processing file /home/airflow/.local/lib/python3.12/site-packages/airflow/example_dags/example_task_group.py for tasks to queue
[2025-07-22T08:58:12.665+0000] {logging_mixin.py:188} INFO - [2025-07-22T08:58:12.665+0000] {dagbag.py:545} INFO - Filling up the DagBag from /home/airflow/.local/lib/python3.12/site-packages/airflow/example_dags/example_task_group.py
[2025-07-22T08:58:12.673+0000] {processor.py:840} INFO - DAG(s) 'example_task_group' retrieved from /home/airflow/.local/lib/python3.12/site-packages/airflow/example_dags/example_task_group.py
[2025-07-22T08:58:12.698+0000] {logging_mixin.py:188} INFO - [2025-07-22T08:58:12.698+0000] {dag.py:3096} INFO - Sync 1 DAGs
[2025-07-22T08:58:12.723+0000] {logging_mixin.py:188} INFO - [2025-07-22T08:58:12.723+0000] {dag.py:3954} INFO - Setting next_dagrun for example_task_group to 2025-07-21 00:00:00+00:00, run_after=2025-07-22 00:00:00+00:00
[2025-07-22T08:58:12.746+0000] {processor.py:183} INFO - Processing /home/airflow/.local/lib/python3.12/site-packages/airflow/example_dags/example_task_group.py took 0.092 seconds
[2025-07-22T08:58:43.258+0000] {processor.py:161} INFO - Started process (PID=849) to work on /home/airflow/.local/lib/python3.12/site-packages/airflow/example_dags/example_task_group.py
[2025-07-22T08:58:43.259+0000] {processor.py:830} INFO - Processing file /home/airflow/.local/lib/python3.12/site-packages/airflow/example_dags/example_task_group.py for tasks to queue
[2025-07-22T08:58:43.261+0000] {logging_mixin.py:188} INFO - [2025-07-22T08:58:43.261+0000] {dagbag.py:545} INFO - Filling up the DagBag from /home/airflow/.local/lib/python3.12/site-packages/airflow/example_dags/example_task_group.py
[2025-07-22T08:58:43.269+0000] {processor.py:840} INFO - DAG(s) 'example_task_group' retrieved from /home/airflow/.local/lib/python3.12/site-packages/airflow/example_dags/example_task_group.py
[2025-07-22T08:58:43.298+0000] {logging_mixin.py:188} INFO - [2025-07-22T08:58:43.297+0000] {dag.py:3096} INFO - Sync 1 DAGs
[2025-07-22T08:58:43.328+0000] {logging_mixin.py:188} INFO - [2025-07-22T08:58:43.327+0000] {dag.py:3954} INFO - Setting next_dagrun for example_task_group to 2025-07-21 00:00:00+00:00, run_after=2025-07-22 00:00:00+00:00
[2025-07-22T08:58:43.381+0000] {processor.py:183} INFO - Processing /home/airflow/.local/lib/python3.12/site-packages/airflow/example_dags/example_task_group.py took 0.130 seconds
[2025-07-22T08:59:13.692+0000] {processor.py:161} INFO - Started process (PID=909) to work on /home/airflow/.local/lib/python3.12/site-packages/airflow/example_dags/example_task_group.py
[2025-07-22T08:59:13.694+0000] {processor.py:830} INFO - Processing file /home/airflow/.local/lib/python3.12/site-packages/airflow/example_dags/example_task_group.py for tasks to queue
[2025-07-22T08:59:13.699+0000] {logging_mixin.py:188} INFO - [2025-07-22T08:59:13.698+0000] {dagbag.py:545} INFO - Filling up the DagBag from /home/airflow/.local/lib/python3.12/site-packages/airflow/example_dags/example_task_group.py
[2025-07-22T08:59:13.714+0000] {processor.py:840} INFO - DAG(s) 'example_task_group' retrieved from /home/airflow/.local/lib/python3.12/site-packages/airflow/example_dags/example_task_group.py
[2025-07-22T08:59:13.780+0000] {logging_mixin.py:188} INFO - [2025-07-22T08:59:13.779+0000] {dag.py:3096} INFO - Sync 1 DAGs
[2025-07-22T08:59:13.844+0000] {logging_mixin.py:188} INFO - [2025-07-22T08:59:13.844+0000] {dag.py:3954} INFO - Setting next_dagrun for example_task_group to 2025-07-21 00:00:00+00:00, run_after=2025-07-22 00:00:00+00:00
[2025-07-22T08:59:13.879+0000] {processor.py:183} INFO - Processing /home/airflow/.local/lib/python3.12/site-packages/airflow/example_dags/example_task_group.py took 0.203 seconds
[2025-07-22T08:59:44.327+0000] {processor.py:161} INFO - Started process (PID=969) to work on /home/airflow/.local/lib/python3.12/site-packages/airflow/example_dags/example_task_group.py
[2025-07-22T08:59:44.328+0000] {processor.py:830} INFO - Processing file /home/airflow/.local/lib/python3.12/site-packages/airflow/example_dags/example_task_group.py for tasks to queue
[2025-07-22T08:59:44.331+0000] {logging_mixin.py:188} INFO - [2025-07-22T08:59:44.331+0000] {dagbag.py:545} INFO - Filling up the DagBag from /home/airflow/.local/lib/python3.12/site-packages/airflow/example_dags/example_task_group.py
[2025-07-22T08:59:44.341+0000] {processor.py:840} INFO - DAG(s) 'example_task_group' retrieved from /home/airflow/.local/lib/python3.12/site-packages/airflow/example_dags/example_task_group.py
[2025-07-22T08:59:44.370+0000] {logging_mixin.py:188} INFO - [2025-07-22T08:59:44.370+0000] {dag.py:3096} INFO - Sync 1 DAGs
[2025-07-22T08:59:44.397+0000] {logging_mixin.py:188} INFO - [2025-07-22T08:59:44.397+0000] {dag.py:3954} INFO - Setting next_dagrun for example_task_group to 2025-07-21 00:00:00+00:00, run_after=2025-07-22 00:00:00+00:00
[2025-07-22T08:59:44.421+0000] {processor.py:183} INFO - Processing /home/airflow/.local/lib/python3.12/site-packages/airflow/example_dags/example_task_group.py took 0.102 seconds
[2025-07-22T09:00:14.921+0000] {processor.py:161} INFO - Started process (PID=1029) to work on /home/airflow/.local/lib/python3.12/site-packages/airflow/example_dags/example_task_group.py
[2025-07-22T09:00:14.923+0000] {processor.py:830} INFO - Processing file /home/airflow/.local/lib/python3.12/site-packages/airflow/example_dags/example_task_group.py for tasks to queue
[2025-07-22T09:00:14.926+0000] {logging_mixin.py:188} INFO - [2025-07-22T09:00:14.925+0000] {dagbag.py:545} INFO - Filling up the DagBag from /home/airflow/.local/lib/python3.12/site-packages/airflow/example_dags/example_task_group.py
[2025-07-22T09:00:14.939+0000] {processor.py:840} INFO - DAG(s) 'example_task_group' retrieved from /home/airflow/.local/lib/python3.12/site-packages/airflow/example_dags/example_task_group.py
[2025-07-22T09:00:14.970+0000] {logging_mixin.py:188} INFO - [2025-07-22T09:00:14.970+0000] {dag.py:3096} INFO - Sync 1 DAGs
[2025-07-22T09:00:15.003+0000] {logging_mixin.py:188} INFO - [2025-07-22T09:00:15.003+0000] {dag.py:3954} INFO - Setting next_dagrun for example_task_group to 2025-07-21 00:00:00+00:00, run_after=2025-07-22 00:00:00+00:00
[2025-07-22T09:00:15.042+0000] {processor.py:183} INFO - Processing /home/airflow/.local/lib/python3.12/site-packages/airflow/example_dags/example_task_group.py took 0.130 seconds
[2025-07-22T09:00:45.714+0000] {processor.py:161} INFO - Started process (PID=1089) to work on /home/airflow/.local/lib/python3.12/site-packages/airflow/example_dags/example_task_group.py
[2025-07-22T09:00:45.716+0000] {processor.py:830} INFO - Processing file /home/airflow/.local/lib/python3.12/site-packages/airflow/example_dags/example_task_group.py for tasks to queue
[2025-07-22T09:00:45.718+0000] {logging_mixin.py:188} INFO - [2025-07-22T09:00:45.717+0000] {dagbag.py:545} INFO - Filling up the DagBag from /home/airflow/.local/lib/python3.12/site-packages/airflow/example_dags/example_task_group.py
[2025-07-22T09:00:45.726+0000] {processor.py:840} INFO - DAG(s) 'example_task_group' retrieved from /home/airflow/.local/lib/python3.12/site-packages/airflow/example_dags/example_task_group.py
[2025-07-22T09:00:45.757+0000] {logging_mixin.py:188} INFO - [2025-07-22T09:00:45.756+0000] {dag.py:3096} INFO - Sync 1 DAGs
[2025-07-22T09:00:45.789+0000] {logging_mixin.py:188} INFO - [2025-07-22T09:00:45.789+0000] {dag.py:3954} INFO - Setting next_dagrun for example_task_group to 2025-07-21 00:00:00+00:00, run_after=2025-07-22 00:00:00+00:00
[2025-07-22T09:00:45.818+0000] {processor.py:183} INFO - Processing /home/airflow/.local/lib/python3.12/site-packages/airflow/example_dags/example_task_group.py took 0.110 seconds
[2025-07-22T09:01:16.724+0000] {processor.py:161} INFO - Started process (PID=1149) to work on /home/airflow/.local/lib/python3.12/site-packages/airflow/example_dags/example_task_group.py
[2025-07-22T09:01:16.725+0000] {processor.py:830} INFO - Processing file /home/airflow/.local/lib/python3.12/site-packages/airflow/example_dags/example_task_group.py for tasks to queue
[2025-07-22T09:01:16.728+0000] {logging_mixin.py:188} INFO - [2025-07-22T09:01:16.727+0000] {dagbag.py:545} INFO - Filling up the DagBag from /home/airflow/.local/lib/python3.12/site-packages/airflow/example_dags/example_task_group.py
[2025-07-22T09:01:16.736+0000] {processor.py:840} INFO - DAG(s) 'example_task_group' retrieved from /home/airflow/.local/lib/python3.12/site-packages/airflow/example_dags/example_task_group.py
[2025-07-22T09:01:16.765+0000] {logging_mixin.py:188} INFO - [2025-07-22T09:01:16.765+0000] {dag.py:3096} INFO - Sync 1 DAGs
[2025-07-22T09:01:16.793+0000] {logging_mixin.py:188} INFO - [2025-07-22T09:01:16.793+0000] {dag.py:3954} INFO - Setting next_dagrun for example_task_group to 2025-07-21 00:00:00+00:00, run_after=2025-07-22 00:00:00+00:00
[2025-07-22T09:01:16.821+0000] {processor.py:183} INFO - Processing /home/airflow/.local/lib/python3.12/site-packages/airflow/example_dags/example_task_group.py took 0.104 seconds
[2025-07-22T09:01:46.891+0000] {processor.py:161} INFO - Started process (PID=1209) to work on /home/airflow/.local/lib/python3.12/site-packages/airflow/example_dags/example_task_group.py
[2025-07-22T09:01:46.892+0000] {processor.py:830} INFO - Processing file /home/airflow/.local/lib/python3.12/site-packages/airflow/example_dags/example_task_group.py for tasks to queue
[2025-07-22T09:01:46.894+0000] {logging_mixin.py:188} INFO - [2025-07-22T09:01:46.894+0000] {dagbag.py:545} INFO - Filling up the DagBag from /home/airflow/.local/lib/python3.12/site-packages/airflow/example_dags/example_task_group.py
[2025-07-22T09:01:46.902+0000] {processor.py:840} INFO - DAG(s) 'example_task_group' retrieved from /home/airflow/.local/lib/python3.12/site-packages/airflow/example_dags/example_task_group.py
[2025-07-22T09:01:46.926+0000] {logging_mixin.py:188} INFO - [2025-07-22T09:01:46.925+0000] {dag.py:3096} INFO - Sync 1 DAGs
[2025-07-22T09:01:46.948+0000] {logging_mixin.py:188} INFO - [2025-07-22T09:01:46.948+0000] {dag.py:3954} INFO - Setting next_dagrun for example_task_group to 2025-07-21 00:00:00+00:00, run_after=2025-07-22 00:00:00+00:00
[2025-07-22T09:01:46.970+0000] {processor.py:183} INFO - Processing /home/airflow/.local/lib/python3.12/site-packages/airflow/example_dags/example_task_group.py took 0.086 seconds
[2025-07-22T09:02:17.073+0000] {processor.py:161} INFO - Started process (PID=1269) to work on /home/airflow/.local/lib/python3.12/site-packages/airflow/example_dags/example_task_group.py
[2025-07-22T09:02:17.074+0000] {processor.py:830} INFO - Processing file /home/airflow/.local/lib/python3.12/site-packages/airflow/example_dags/example_task_group.py for tasks to queue
[2025-07-22T09:02:17.077+0000] {logging_mixin.py:188} INFO - [2025-07-22T09:02:17.076+0000] {dagbag.py:545} INFO - Filling up the DagBag from /home/airflow/.local/lib/python3.12/site-packages/airflow/example_dags/example_task_group.py
[2025-07-22T09:02:17.084+0000] {processor.py:840} INFO - DAG(s) 'example_task_group' retrieved from /home/airflow/.local/lib/python3.12/site-packages/airflow/example_dags/example_task_group.py
[2025-07-22T09:02:17.109+0000] {logging_mixin.py:188} INFO - [2025-07-22T09:02:17.109+0000] {dag.py:3096} INFO - Sync 1 DAGs
[2025-07-22T09:02:17.131+0000] {logging_mixin.py:188} INFO - [2025-07-22T09:02:17.131+0000] {dag.py:3954} INFO - Setting next_dagrun for example_task_group to 2025-07-21 00:00:00+00:00, run_after=2025-07-22 00:00:00+00:00
[2025-07-22T09:02:17.154+0000] {processor.py:183} INFO - Processing /home/airflow/.local/lib/python3.12/site-packages/airflow/example_dags/example_task_group.py took 0.088 seconds
[2025-07-22T09:02:47.759+0000] {processor.py:161} INFO - Started process (PID=1329) to work on /home/airflow/.local/lib/python3.12/site-packages/airflow/example_dags/example_task_group.py
[2025-07-22T09:02:47.760+0000] {processor.py:830} INFO - Processing file /home/airflow/.local/lib/python3.12/site-packages/airflow/example_dags/example_task_group.py for tasks to queue
[2025-07-22T09:02:47.763+0000] {logging_mixin.py:188} INFO - [2025-07-22T09:02:47.762+0000] {dagbag.py:545} INFO - Filling up the DagBag from /home/airflow/.local/lib/python3.12/site-packages/airflow/example_dags/example_task_group.py
[2025-07-22T09:02:47.771+0000] {processor.py:840} INFO - DAG(s) 'example_task_group' retrieved from /home/airflow/.local/lib/python3.12/site-packages/airflow/example_dags/example_task_group.py
[2025-07-22T09:02:47.798+0000] {logging_mixin.py:188} INFO - [2025-07-22T09:02:47.798+0000] {dag.py:3096} INFO - Sync 1 DAGs
[2025-07-22T09:02:47.827+0000] {logging_mixin.py:188} INFO - [2025-07-22T09:02:47.827+0000] {dag.py:3954} INFO - Setting next_dagrun for example_task_group to 2025-07-21 00:00:00+00:00, run_after=2025-07-22 00:00:00+00:00
[2025-07-22T09:02:47.854+0000] {processor.py:183} INFO - Processing /home/airflow/.local/lib/python3.12/site-packages/airflow/example_dags/example_task_group.py took 0.102 seconds
[2025-07-22T09:03:18.193+0000] {processor.py:161} INFO - Started process (PID=1389) to work on /home/airflow/.local/lib/python3.12/site-packages/airflow/example_dags/example_task_group.py
[2025-07-22T09:03:18.194+0000] {processor.py:830} INFO - Processing file /home/airflow/.local/lib/python3.12/site-packages/airflow/example_dags/example_task_group.py for tasks to queue
[2025-07-22T09:03:18.196+0000] {logging_mixin.py:188} INFO - [2025-07-22T09:03:18.196+0000] {dagbag.py:545} INFO - Filling up the DagBag from /home/airflow/.local/lib/python3.12/site-packages/airflow/example_dags/example_task_group.py
[2025-07-22T09:03:18.204+0000] {processor.py:840} INFO - DAG(s) 'example_task_group' retrieved from /home/airflow/.local/lib/python3.12/site-packages/airflow/example_dags/example_task_group.py
[2025-07-22T09:03:18.230+0000] {logging_mixin.py:188} INFO - [2025-07-22T09:03:18.230+0000] {dag.py:3096} INFO - Sync 1 DAGs
[2025-07-22T09:03:18.253+0000] {logging_mixin.py:188} INFO - [2025-07-22T09:03:18.253+0000] {dag.py:3954} INFO - Setting next_dagrun for example_task_group to 2025-07-21 00:00:00+00:00, run_after=2025-07-22 00:00:00+00:00
[2025-07-22T09:03:18.274+0000] {processor.py:183} INFO - Processing /home/airflow/.local/lib/python3.12/site-packages/airflow/example_dags/example_task_group.py took 0.088 seconds
[2025-07-22T09:03:48.470+0000] {processor.py:161} INFO - Started process (PID=1449) to work on /home/airflow/.local/lib/python3.12/site-packages/airflow/example_dags/example_task_group.py
[2025-07-22T09:03:48.471+0000] {processor.py:830} INFO - Processing file /home/airflow/.local/lib/python3.12/site-packages/airflow/example_dags/example_task_group.py for tasks to queue
[2025-07-22T09:03:48.473+0000] {logging_mixin.py:188} INFO - [2025-07-22T09:03:48.472+0000] {dagbag.py:545} INFO - Filling up the DagBag from /home/airflow/.local/lib/python3.12/site-packages/airflow/example_dags/example_task_group.py
[2025-07-22T09:03:48.480+0000] {processor.py:840} INFO - DAG(s) 'example_task_group' retrieved from /home/airflow/.local/lib/python3.12/site-packages/airflow/example_dags/example_task_group.py
[2025-07-22T09:03:48.503+0000] {logging_mixin.py:188} INFO - [2025-07-22T09:03:48.503+0000] {dag.py:3096} INFO - Sync 1 DAGs
[2025-07-22T09:03:48.526+0000] {logging_mixin.py:188} INFO - [2025-07-22T09:03:48.525+0000] {dag.py:3954} INFO - Setting next_dagrun for example_task_group to 2025-07-21 00:00:00+00:00, run_after=2025-07-22 00:00:00+00:00
[2025-07-22T09:03:48.546+0000] {processor.py:183} INFO - Processing /home/airflow/.local/lib/python3.12/site-packages/airflow/example_dags/example_task_group.py took 0.083 seconds
[2025-07-22T09:04:18.975+0000] {processor.py:161} INFO - Started process (PID=1509) to work on /home/airflow/.local/lib/python3.12/site-packages/airflow/example_dags/example_task_group.py
[2025-07-22T09:04:18.977+0000] {processor.py:830} INFO - Processing file /home/airflow/.local/lib/python3.12/site-packages/airflow/example_dags/example_task_group.py for tasks to queue
[2025-07-22T09:04:18.979+0000] {logging_mixin.py:188} INFO - [2025-07-22T09:04:18.979+0000] {dagbag.py:545} INFO - Filling up the DagBag from /home/airflow/.local/lib/python3.12/site-packages/airflow/example_dags/example_task_group.py
[2025-07-22T09:04:18.989+0000] {processor.py:840} INFO - DAG(s) 'example_task_group' retrieved from /home/airflow/.local/lib/python3.12/site-packages/airflow/example_dags/example_task_group.py
[2025-07-22T09:04:19.020+0000] {logging_mixin.py:188} INFO - [2025-07-22T09:04:19.019+0000] {dag.py:3096} INFO - Sync 1 DAGs
[2025-07-22T09:04:19.053+0000] {logging_mixin.py:188} INFO - [2025-07-22T09:04:19.052+0000] {dag.py:3954} INFO - Setting next_dagrun for example_task_group to 2025-07-21 00:00:00+00:00, run_after=2025-07-22 00:00:00+00:00
[2025-07-22T09:04:19.081+0000] {processor.py:183} INFO - Processing /home/airflow/.local/lib/python3.12/site-packages/airflow/example_dags/example_task_group.py took 0.113 seconds
[2025-07-22T09:04:49.562+0000] {processor.py:161} INFO - Started process (PID=1569) to work on /home/airflow/.local/lib/python3.12/site-packages/airflow/example_dags/example_task_group.py
[2025-07-22T09:04:49.563+0000] {processor.py:830} INFO - Processing file /home/airflow/.local/lib/python3.12/site-packages/airflow/example_dags/example_task_group.py for tasks to queue
[2025-07-22T09:04:49.567+0000] {logging_mixin.py:188} INFO - [2025-07-22T09:04:49.566+0000] {dagbag.py:545} INFO - Filling up the DagBag from /home/airflow/.local/lib/python3.12/site-packages/airflow/example_dags/example_task_group.py
[2025-07-22T09:04:49.578+0000] {processor.py:840} INFO - DAG(s) 'example_task_group' retrieved from /home/airflow/.local/lib/python3.12/site-packages/airflow/example_dags/example_task_group.py
[2025-07-22T09:04:49.610+0000] {logging_mixin.py:188} INFO - [2025-07-22T09:04:49.609+0000] {dag.py:3096} INFO - Sync 1 DAGs
[2025-07-22T09:04:49.642+0000] {logging_mixin.py:188} INFO - [2025-07-22T09:04:49.642+0000] {dag.py:3954} INFO - Setting next_dagrun for example_task_group to 2025-07-21 00:00:00+00:00, run_after=2025-07-22 00:00:00+00:00
[2025-07-22T09:04:49.667+0000] {processor.py:183} INFO - Processing /home/airflow/.local/lib/python3.12/site-packages/airflow/example_dags/example_task_group.py took 0.113 seconds
[2025-07-22T09:05:20.439+0000] {processor.py:161} INFO - Started process (PID=1629) to work on /home/airflow/.local/lib/python3.12/site-packages/airflow/example_dags/example_task_group.py
[2025-07-22T09:05:20.440+0000] {processor.py:830} INFO - Processing file /home/airflow/.local/lib/python3.12/site-packages/airflow/example_dags/example_task_group.py for tasks to queue
[2025-07-22T09:05:20.443+0000] {logging_mixin.py:188} INFO - [2025-07-22T09:05:20.442+0000] {dagbag.py:545} INFO - Filling up the DagBag from /home/airflow/.local/lib/python3.12/site-packages/airflow/example_dags/example_task_group.py
[2025-07-22T09:05:20.452+0000] {processor.py:840} INFO - DAG(s) 'example_task_group' retrieved from /home/airflow/.local/lib/python3.12/site-packages/airflow/example_dags/example_task_group.py
[2025-07-22T09:05:20.483+0000] {logging_mixin.py:188} INFO - [2025-07-22T09:05:20.483+0000] {dag.py:3096} INFO - Sync 1 DAGs
[2025-07-22T09:05:20.514+0000] {logging_mixin.py:188} INFO - [2025-07-22T09:05:20.513+0000] {dag.py:3954} INFO - Setting next_dagrun for example_task_group to 2025-07-21 00:00:00+00:00, run_after=2025-07-22 00:00:00+00:00
[2025-07-22T09:05:20.540+0000] {processor.py:183} INFO - Processing /home/airflow/.local/lib/python3.12/site-packages/airflow/example_dags/example_task_group.py took 0.108 seconds
[2025-07-22T09:05:50.732+0000] {processor.py:161} INFO - Started process (PID=1689) to work on /home/airflow/.local/lib/python3.12/site-packages/airflow/example_dags/example_task_group.py
[2025-07-22T09:05:50.734+0000] {processor.py:830} INFO - Processing file /home/airflow/.local/lib/python3.12/site-packages/airflow/example_dags/example_task_group.py for tasks to queue
[2025-07-22T09:05:50.736+0000] {logging_mixin.py:188} INFO - [2025-07-22T09:05:50.736+0000] {dagbag.py:545} INFO - Filling up the DagBag from /home/airflow/.local/lib/python3.12/site-packages/airflow/example_dags/example_task_group.py
[2025-07-22T09:05:50.745+0000] {processor.py:840} INFO - DAG(s) 'example_task_group' retrieved from /home/airflow/.local/lib/python3.12/site-packages/airflow/example_dags/example_task_group.py
[2025-07-22T09:05:50.775+0000] {logging_mixin.py:188} INFO - [2025-07-22T09:05:50.775+0000] {dag.py:3096} INFO - Sync 1 DAGs
[2025-07-22T09:05:50.800+0000] {logging_mixin.py:188} INFO - [2025-07-22T09:05:50.800+0000] {dag.py:3954} INFO - Setting next_dagrun for example_task_group to 2025-07-21 00:00:00+00:00, run_after=2025-07-22 00:00:00+00:00
[2025-07-22T09:05:50.825+0000] {processor.py:183} INFO - Processing /home/airflow/.local/lib/python3.12/site-packages/airflow/example_dags/example_task_group.py took 0.099 seconds
[2025-07-22T09:06:21.154+0000] {processor.py:161} INFO - Started process (PID=1749) to work on /home/airflow/.local/lib/python3.12/site-packages/airflow/example_dags/example_task_group.py
[2025-07-22T09:06:21.155+0000] {processor.py:830} INFO - Processing file /home/airflow/.local/lib/python3.12/site-packages/airflow/example_dags/example_task_group.py for tasks to queue
[2025-07-22T09:06:21.159+0000] {logging_mixin.py:188} INFO - [2025-07-22T09:06:21.158+0000] {dagbag.py:545} INFO - Filling up the DagBag from /home/airflow/.local/lib/python3.12/site-packages/airflow/example_dags/example_task_group.py
[2025-07-22T09:06:21.171+0000] {processor.py:840} INFO - DAG(s) 'example_task_group' retrieved from /home/airflow/.local/lib/python3.12/site-packages/airflow/example_dags/example_task_group.py
[2025-07-22T09:06:21.205+0000] {logging_mixin.py:188} INFO - [2025-07-22T09:06:21.204+0000] {dag.py:3096} INFO - Sync 1 DAGs
[2025-07-22T09:06:21.236+0000] {logging_mixin.py:188} INFO - [2025-07-22T09:06:21.236+0000] {dag.py:3954} INFO - Setting next_dagrun for example_task_group to 2025-07-21 00:00:00+00:00, run_after=2025-07-22 00:00:00+00:00
[2025-07-22T09:06:21.265+0000] {processor.py:183} INFO - Processing /home/airflow/.local/lib/python3.12/site-packages/airflow/example_dags/example_task_group.py took 0.120 seconds
[2025-07-22T09:06:51.444+0000] {processor.py:161} INFO - Started process (PID=1809) to work on /home/airflow/.local/lib/python3.12/site-packages/airflow/example_dags/example_task_group.py
[2025-07-22T09:06:51.445+0000] {processor.py:830} INFO - Processing file /home/airflow/.local/lib/python3.12/site-packages/airflow/example_dags/example_task_group.py for tasks to queue
[2025-07-22T09:06:51.448+0000] {logging_mixin.py:188} INFO - [2025-07-22T09:06:51.447+0000] {dagbag.py:545} INFO - Filling up the DagBag from /home/airflow/.local/lib/python3.12/site-packages/airflow/example_dags/example_task_group.py
[2025-07-22T09:06:51.459+0000] {processor.py:840} INFO - DAG(s) 'example_task_group' retrieved from /home/airflow/.local/lib/python3.12/site-packages/airflow/example_dags/example_task_group.py
[2025-07-22T09:06:51.487+0000] {logging_mixin.py:188} INFO - [2025-07-22T09:06:51.487+0000] {dag.py:3096} INFO - Sync 1 DAGs
[2025-07-22T09:06:51.517+0000] {logging_mixin.py:188} INFO - [2025-07-22T09:06:51.517+0000] {dag.py:3954} INFO - Setting next_dagrun for example_task_group to 2025-07-21 00:00:00+00:00, run_after=2025-07-22 00:00:00+00:00
[2025-07-22T09:06:51.543+0000] {processor.py:183} INFO - Processing /home/airflow/.local/lib/python3.12/site-packages/airflow/example_dags/example_task_group.py took 0.106 seconds
[2025-07-22T09:07:22.459+0000] {processor.py:161} INFO - Started process (PID=1869) to work on /home/airflow/.local/lib/python3.12/site-packages/airflow/example_dags/example_task_group.py
[2025-07-22T09:07:22.461+0000] {processor.py:830} INFO - Processing file /home/airflow/.local/lib/python3.12/site-packages/airflow/example_dags/example_task_group.py for tasks to queue
[2025-07-22T09:07:22.463+0000] {logging_mixin.py:188} INFO - [2025-07-22T09:07:22.463+0000] {dagbag.py:545} INFO - Filling up the DagBag from /home/airflow/.local/lib/python3.12/site-packages/airflow/example_dags/example_task_group.py
[2025-07-22T09:07:22.473+0000] {processor.py:840} INFO - DAG(s) 'example_task_group' retrieved from /home/airflow/.local/lib/python3.12/site-packages/airflow/example_dags/example_task_group.py
[2025-07-22T09:07:22.504+0000] {logging_mixin.py:188} INFO - [2025-07-22T09:07:22.504+0000] {dag.py:3096} INFO - Sync 1 DAGs
[2025-07-22T09:07:22.535+0000] {logging_mixin.py:188} INFO - [2025-07-22T09:07:22.535+0000] {dag.py:3954} INFO - Setting next_dagrun for example_task_group to 2025-07-21 00:00:00+00:00, run_after=2025-07-22 00:00:00+00:00
[2025-07-22T09:07:22.565+0000] {processor.py:183} INFO - Processing /home/airflow/.local/lib/python3.12/site-packages/airflow/example_dags/example_task_group.py took 0.113 seconds
[2025-07-22T09:07:54.253+0000] {processor.py:161} INFO - Started process (PID=1929) to work on /home/airflow/.local/lib/python3.12/site-packages/airflow/example_dags/example_task_group.py
[2025-07-22T09:07:54.255+0000] {processor.py:830} INFO - Processing file /home/airflow/.local/lib/python3.12/site-packages/airflow/example_dags/example_task_group.py for tasks to queue
[2025-07-22T09:07:54.261+0000] {logging_mixin.py:188} INFO - [2025-07-22T09:07:54.260+0000] {dagbag.py:545} INFO - Filling up the DagBag from /home/airflow/.local/lib/python3.12/site-packages/airflow/example_dags/example_task_group.py
[2025-07-22T09:07:54.275+0000] {processor.py:840} INFO - DAG(s) 'example_task_group' retrieved from /home/airflow/.local/lib/python3.12/site-packages/airflow/example_dags/example_task_group.py
[2025-07-22T09:07:54.305+0000] {logging_mixin.py:188} INFO - [2025-07-22T09:07:54.305+0000] {dag.py:3096} INFO - Sync 1 DAGs
[2025-07-22T09:07:54.343+0000] {logging_mixin.py:188} INFO - [2025-07-22T09:07:54.343+0000] {dag.py:3954} INFO - Setting next_dagrun for example_task_group to 2025-07-21 00:00:00+00:00, run_after=2025-07-22 00:00:00+00:00
[2025-07-22T09:07:54.503+0000] {processor.py:183} INFO - Processing /home/airflow/.local/lib/python3.12/site-packages/airflow/example_dags/example_task_group.py took 0.258 seconds
[2025-07-22T09:08:25.164+0000] {processor.py:161} INFO - Started process (PID=1989) to work on /home/airflow/.local/lib/python3.12/site-packages/airflow/example_dags/example_task_group.py
[2025-07-22T09:08:25.166+0000] {processor.py:830} INFO - Processing file /home/airflow/.local/lib/python3.12/site-packages/airflow/example_dags/example_task_group.py for tasks to queue
[2025-07-22T09:08:25.171+0000] {logging_mixin.py:188} INFO - [2025-07-22T09:08:25.170+0000] {dagbag.py:545} INFO - Filling up the DagBag from /home/airflow/.local/lib/python3.12/site-packages/airflow/example_dags/example_task_group.py
[2025-07-22T09:08:25.184+0000] {processor.py:840} INFO - DAG(s) 'example_task_group' retrieved from /home/airflow/.local/lib/python3.12/site-packages/airflow/example_dags/example_task_group.py
[2025-07-22T09:08:25.233+0000] {logging_mixin.py:188} INFO - [2025-07-22T09:08:25.233+0000] {dag.py:3096} INFO - Sync 1 DAGs
[2025-07-22T09:08:25.278+0000] {logging_mixin.py:188} INFO - [2025-07-22T09:08:25.277+0000] {dag.py:3954} INFO - Setting next_dagrun for example_task_group to 2025-07-21 00:00:00+00:00, run_after=2025-07-22 00:00:00+00:00
[2025-07-22T09:08:25.311+0000] {processor.py:183} INFO - Processing /home/airflow/.local/lib/python3.12/site-packages/airflow/example_dags/example_task_group.py took 0.159 seconds
[2025-07-22T09:08:56.377+0000] {processor.py:161} INFO - Started process (PID=2049) to work on /home/airflow/.local/lib/python3.12/site-packages/airflow/example_dags/example_task_group.py
[2025-07-22T09:08:56.379+0000] {processor.py:830} INFO - Processing file /home/airflow/.local/lib/python3.12/site-packages/airflow/example_dags/example_task_group.py for tasks to queue
[2025-07-22T09:08:56.381+0000] {logging_mixin.py:188} INFO - [2025-07-22T09:08:56.381+0000] {dagbag.py:545} INFO - Filling up the DagBag from /home/airflow/.local/lib/python3.12/site-packages/airflow/example_dags/example_task_group.py
[2025-07-22T09:08:56.391+0000] {processor.py:840} INFO - DAG(s) 'example_task_group' retrieved from /home/airflow/.local/lib/python3.12/site-packages/airflow/example_dags/example_task_group.py
[2025-07-22T09:08:56.417+0000] {logging_mixin.py:188} INFO - [2025-07-22T09:08:56.417+0000] {dag.py:3096} INFO - Sync 1 DAGs
[2025-07-22T09:08:56.451+0000] {logging_mixin.py:188} INFO - [2025-07-22T09:08:56.451+0000] {dag.py:3954} INFO - Setting next_dagrun for example_task_group to 2025-07-21 00:00:00+00:00, run_after=2025-07-22 00:00:00+00:00
[2025-07-22T09:08:56.494+0000] {processor.py:183} INFO - Processing /home/airflow/.local/lib/python3.12/site-packages/airflow/example_dags/example_task_group.py took 0.124 seconds
[2025-07-22T09:09:27.381+0000] {processor.py:161} INFO - Started process (PID=2109) to work on /home/airflow/.local/lib/python3.12/site-packages/airflow/example_dags/example_task_group.py
[2025-07-22T09:09:27.382+0000] {processor.py:830} INFO - Processing file /home/airflow/.local/lib/python3.12/site-packages/airflow/example_dags/example_task_group.py for tasks to queue
[2025-07-22T09:09:27.384+0000] {logging_mixin.py:188} INFO - [2025-07-22T09:09:27.384+0000] {dagbag.py:545} INFO - Filling up the DagBag from /home/airflow/.local/lib/python3.12/site-packages/airflow/example_dags/example_task_group.py
[2025-07-22T09:09:27.392+0000] {processor.py:840} INFO - DAG(s) 'example_task_group' retrieved from /home/airflow/.local/lib/python3.12/site-packages/airflow/example_dags/example_task_group.py
[2025-07-22T09:09:27.423+0000] {logging_mixin.py:188} INFO - [2025-07-22T09:09:27.422+0000] {dag.py:3096} INFO - Sync 1 DAGs
[2025-07-22T09:09:27.636+0000] {logging_mixin.py:188} INFO - [2025-07-22T09:09:27.636+0000] {dag.py:3954} INFO - Setting next_dagrun for example_task_group to 2025-07-21 00:00:00+00:00, run_after=2025-07-22 00:00:00+00:00
[2025-07-22T09:09:27.659+0000] {processor.py:183} INFO - Processing /home/airflow/.local/lib/python3.12/site-packages/airflow/example_dags/example_task_group.py took 0.285 seconds
[2025-07-22T09:09:57.748+0000] {processor.py:161} INFO - Started process (PID=2169) to work on /home/airflow/.local/lib/python3.12/site-packages/airflow/example_dags/example_task_group.py
[2025-07-22T09:09:57.749+0000] {processor.py:830} INFO - Processing file /home/airflow/.local/lib/python3.12/site-packages/airflow/example_dags/example_task_group.py for tasks to queue
[2025-07-22T09:09:57.752+0000] {logging_mixin.py:188} INFO - [2025-07-22T09:09:57.751+0000] {dagbag.py:545} INFO - Filling up the DagBag from /home/airflow/.local/lib/python3.12/site-packages/airflow/example_dags/example_task_group.py
[2025-07-22T09:09:57.759+0000] {processor.py:840} INFO - DAG(s) 'example_task_group' retrieved from /home/airflow/.local/lib/python3.12/site-packages/airflow/example_dags/example_task_group.py
[2025-07-22T09:09:57.783+0000] {logging_mixin.py:188} INFO - [2025-07-22T09:09:57.783+0000] {dag.py:3096} INFO - Sync 1 DAGs
[2025-07-22T09:09:57.806+0000] {logging_mixin.py:188} INFO - [2025-07-22T09:09:57.806+0000] {dag.py:3954} INFO - Setting next_dagrun for example_task_group to 2025-07-21 00:00:00+00:00, run_after=2025-07-22 00:00:00+00:00
[2025-07-22T09:09:57.962+0000] {processor.py:183} INFO - Processing /home/airflow/.local/lib/python3.12/site-packages/airflow/example_dags/example_task_group.py took 0.220 seconds
[2025-07-22T09:10:28.260+0000] {processor.py:161} INFO - Started process (PID=2229) to work on /home/airflow/.local/lib/python3.12/site-packages/airflow/example_dags/example_task_group.py
[2025-07-22T09:10:28.261+0000] {processor.py:830} INFO - Processing file /home/airflow/.local/lib/python3.12/site-packages/airflow/example_dags/example_task_group.py for tasks to queue
[2025-07-22T09:10:28.264+0000] {logging_mixin.py:188} INFO - [2025-07-22T09:10:28.263+0000] {dagbag.py:545} INFO - Filling up the DagBag from /home/airflow/.local/lib/python3.12/site-packages/airflow/example_dags/example_task_group.py
[2025-07-22T09:10:28.271+0000] {processor.py:840} INFO - DAG(s) 'example_task_group' retrieved from /home/airflow/.local/lib/python3.12/site-packages/airflow/example_dags/example_task_group.py
[2025-07-22T09:10:28.294+0000] {logging_mixin.py:188} INFO - [2025-07-22T09:10:28.294+0000] {dag.py:3096} INFO - Sync 1 DAGs
[2025-07-22T09:10:28.316+0000] {logging_mixin.py:188} INFO - [2025-07-22T09:10:28.316+0000] {dag.py:3954} INFO - Setting next_dagrun for example_task_group to 2025-07-21 00:00:00+00:00, run_after=2025-07-22 00:00:00+00:00
[2025-07-22T09:10:28.336+0000] {processor.py:183} INFO - Processing /home/airflow/.local/lib/python3.12/site-packages/airflow/example_dags/example_task_group.py took 0.082 seconds
[2025-07-22T09:10:58.592+0000] {processor.py:161} INFO - Started process (PID=2289) to work on /home/airflow/.local/lib/python3.12/site-packages/airflow/example_dags/example_task_group.py
[2025-07-22T09:10:58.594+0000] {processor.py:830} INFO - Processing file /home/airflow/.local/lib/python3.12/site-packages/airflow/example_dags/example_task_group.py for tasks to queue
[2025-07-22T09:10:58.596+0000] {logging_mixin.py:188} INFO - [2025-07-22T09:10:58.596+0000] {dagbag.py:545} INFO - Filling up the DagBag from /home/airflow/.local/lib/python3.12/site-packages/airflow/example_dags/example_task_group.py
[2025-07-22T09:10:58.605+0000] {processor.py:840} INFO - DAG(s) 'example_task_group' retrieved from /home/airflow/.local/lib/python3.12/site-packages/airflow/example_dags/example_task_group.py
[2025-07-22T09:10:58.629+0000] {logging_mixin.py:188} INFO - [2025-07-22T09:10:58.629+0000] {dag.py:3096} INFO - Sync 1 DAGs
[2025-07-22T09:10:58.653+0000] {logging_mixin.py:188} INFO - [2025-07-22T09:10:58.652+0000] {dag.py:3954} INFO - Setting next_dagrun for example_task_group to 2025-07-21 00:00:00+00:00, run_after=2025-07-22 00:00:00+00:00
[2025-07-22T09:10:58.673+0000] {processor.py:183} INFO - Processing /home/airflow/.local/lib/python3.12/site-packages/airflow/example_dags/example_task_group.py took 0.088 seconds
[2025-07-22T09:11:29.241+0000] {processor.py:161} INFO - Started process (PID=2349) to work on /home/airflow/.local/lib/python3.12/site-packages/airflow/example_dags/example_task_group.py
[2025-07-22T09:11:29.242+0000] {processor.py:830} INFO - Processing file /home/airflow/.local/lib/python3.12/site-packages/airflow/example_dags/example_task_group.py for tasks to queue
[2025-07-22T09:11:29.245+0000] {logging_mixin.py:188} INFO - [2025-07-22T09:11:29.245+0000] {dagbag.py:545} INFO - Filling up the DagBag from /home/airflow/.local/lib/python3.12/site-packages/airflow/example_dags/example_task_group.py
[2025-07-22T09:11:29.255+0000] {processor.py:840} INFO - DAG(s) 'example_task_group' retrieved from /home/airflow/.local/lib/python3.12/site-packages/airflow/example_dags/example_task_group.py
[2025-07-22T09:11:29.291+0000] {logging_mixin.py:188} INFO - [2025-07-22T09:11:29.291+0000] {dag.py:3096} INFO - Sync 1 DAGs
[2025-07-22T09:11:29.327+0000] {logging_mixin.py:188} INFO - [2025-07-22T09:11:29.327+0000] {dag.py:3954} INFO - Setting next_dagrun for example_task_group to 2025-07-21 00:00:00+00:00, run_after=2025-07-22 00:00:00+00:00
[2025-07-22T09:11:29.357+0000] {processor.py:183} INFO - Processing /home/airflow/.local/lib/python3.12/site-packages/airflow/example_dags/example_task_group.py took 0.124 seconds
[2025-07-22T09:11:59.474+0000] {processor.py:161} INFO - Started process (PID=2407) to work on /home/airflow/.local/lib/python3.12/site-packages/airflow/example_dags/example_task_group.py
[2025-07-22T09:11:59.475+0000] {processor.py:830} INFO - Processing file /home/airflow/.local/lib/python3.12/site-packages/airflow/example_dags/example_task_group.py for tasks to queue
[2025-07-22T09:11:59.477+0000] {logging_mixin.py:188} INFO - [2025-07-22T09:11:59.477+0000] {dagbag.py:545} INFO - Filling up the DagBag from /home/airflow/.local/lib/python3.12/site-packages/airflow/example_dags/example_task_group.py
[2025-07-22T09:11:59.485+0000] {processor.py:840} INFO - DAG(s) 'example_task_group' retrieved from /home/airflow/.local/lib/python3.12/site-packages/airflow/example_dags/example_task_group.py
[2025-07-22T09:11:59.511+0000] {logging_mixin.py:188} INFO - [2025-07-22T09:11:59.511+0000] {dag.py:3096} INFO - Sync 1 DAGs
[2025-07-22T09:11:59.536+0000] {logging_mixin.py:188} INFO - [2025-07-22T09:11:59.536+0000] {dag.py:3954} INFO - Setting next_dagrun for example_task_group to 2025-07-21 00:00:00+00:00, run_after=2025-07-22 00:00:00+00:00
[2025-07-22T09:11:59.556+0000] {processor.py:183} INFO - Processing /home/airflow/.local/lib/python3.12/site-packages/airflow/example_dags/example_task_group.py took 0.088 seconds
[2025-07-22T09:12:29.653+0000] {processor.py:161} INFO - Started process (PID=2467) to work on /home/airflow/.local/lib/python3.12/site-packages/airflow/example_dags/example_task_group.py
[2025-07-22T09:12:29.655+0000] {processor.py:830} INFO - Processing file /home/airflow/.local/lib/python3.12/site-packages/airflow/example_dags/example_task_group.py for tasks to queue
[2025-07-22T09:12:29.658+0000] {logging_mixin.py:188} INFO - [2025-07-22T09:12:29.658+0000] {dagbag.py:545} INFO - Filling up the DagBag from /home/airflow/.local/lib/python3.12/site-packages/airflow/example_dags/example_task_group.py
[2025-07-22T09:12:29.668+0000] {processor.py:840} INFO - DAG(s) 'example_task_group' retrieved from /home/airflow/.local/lib/python3.12/site-packages/airflow/example_dags/example_task_group.py
[2025-07-22T09:12:29.699+0000] {logging_mixin.py:188} INFO - [2025-07-22T09:12:29.699+0000] {dag.py:3096} INFO - Sync 1 DAGs
[2025-07-22T09:12:29.730+0000] {logging_mixin.py:188} INFO - [2025-07-22T09:12:29.730+0000] {dag.py:3954} INFO - Setting next_dagrun for example_task_group to 2025-07-21 00:00:00+00:00, run_after=2025-07-22 00:00:00+00:00
[2025-07-22T09:12:29.758+0000] {processor.py:183} INFO - Processing /home/airflow/.local/lib/python3.12/site-packages/airflow/example_dags/example_task_group.py took 0.113 seconds
[2025-07-22T09:12:59.850+0000] {processor.py:161} INFO - Started process (PID=2527) to work on /home/airflow/.local/lib/python3.12/site-packages/airflow/example_dags/example_task_group.py
[2025-07-22T09:12:59.852+0000] {processor.py:830} INFO - Processing file /home/airflow/.local/lib/python3.12/site-packages/airflow/example_dags/example_task_group.py for tasks to queue
[2025-07-22T09:12:59.854+0000] {logging_mixin.py:188} INFO - [2025-07-22T09:12:59.854+0000] {dagbag.py:545} INFO - Filling up the DagBag from /home/airflow/.local/lib/python3.12/site-packages/airflow/example_dags/example_task_group.py
[2025-07-22T09:12:59.862+0000] {processor.py:840} INFO - DAG(s) 'example_task_group' retrieved from /home/airflow/.local/lib/python3.12/site-packages/airflow/example_dags/example_task_group.py
[2025-07-22T09:12:59.885+0000] {logging_mixin.py:188} INFO - [2025-07-22T09:12:59.885+0000] {dag.py:3096} INFO - Sync 1 DAGs
[2025-07-22T09:12:59.910+0000] {logging_mixin.py:188} INFO - [2025-07-22T09:12:59.910+0000] {dag.py:3954} INFO - Setting next_dagrun for example_task_group to 2025-07-21 00:00:00+00:00, run_after=2025-07-22 00:00:00+00:00
[2025-07-22T09:12:59.932+0000] {processor.py:183} INFO - Processing /home/airflow/.local/lib/python3.12/site-packages/airflow/example_dags/example_task_group.py took 0.088 seconds
[2025-07-22T09:13:30.219+0000] {processor.py:161} INFO - Started process (PID=2587) to work on /home/airflow/.local/lib/python3.12/site-packages/airflow/example_dags/example_task_group.py
[2025-07-22T09:13:30.221+0000] {processor.py:830} INFO - Processing file /home/airflow/.local/lib/python3.12/site-packages/airflow/example_dags/example_task_group.py for tasks to queue
[2025-07-22T09:13:30.223+0000] {logging_mixin.py:188} INFO - [2025-07-22T09:13:30.223+0000] {dagbag.py:545} INFO - Filling up the DagBag from /home/airflow/.local/lib/python3.12/site-packages/airflow/example_dags/example_task_group.py
[2025-07-22T09:13:30.233+0000] {processor.py:840} INFO - DAG(s) 'example_task_group' retrieved from /home/airflow/.local/lib/python3.12/site-packages/airflow/example_dags/example_task_group.py
[2025-07-22T09:13:30.262+0000] {logging_mixin.py:188} INFO - [2025-07-22T09:13:30.262+0000] {dag.py:3096} INFO - Sync 1 DAGs
[2025-07-22T09:13:30.294+0000] {logging_mixin.py:188} INFO - [2025-07-22T09:13:30.294+0000] {dag.py:3954} INFO - Setting next_dagrun for example_task_group to 2025-07-21 00:00:00+00:00, run_after=2025-07-22 00:00:00+00:00
[2025-07-22T09:13:30.321+0000] {processor.py:183} INFO - Processing /home/airflow/.local/lib/python3.12/site-packages/airflow/example_dags/example_task_group.py took 0.110 seconds
[2025-07-22T09:14:00.412+0000] {processor.py:161} INFO - Started process (PID=2647) to work on /home/airflow/.local/lib/python3.12/site-packages/airflow/example_dags/example_task_group.py
[2025-07-22T09:14:00.414+0000] {processor.py:830} INFO - Processing file /home/airflow/.local/lib/python3.12/site-packages/airflow/example_dags/example_task_group.py for tasks to queue
[2025-07-22T09:14:00.416+0000] {logging_mixin.py:188} INFO - [2025-07-22T09:14:00.416+0000] {dagbag.py:545} INFO - Filling up the DagBag from /home/airflow/.local/lib/python3.12/site-packages/airflow/example_dags/example_task_group.py
[2025-07-22T09:14:00.424+0000] {processor.py:840} INFO - DAG(s) 'example_task_group' retrieved from /home/airflow/.local/lib/python3.12/site-packages/airflow/example_dags/example_task_group.py
[2025-07-22T09:14:00.450+0000] {logging_mixin.py:188} INFO - [2025-07-22T09:14:00.450+0000] {dag.py:3096} INFO - Sync 1 DAGs
[2025-07-22T09:14:00.476+0000] {logging_mixin.py:188} INFO - [2025-07-22T09:14:00.476+0000] {dag.py:3954} INFO - Setting next_dagrun for example_task_group to 2025-07-21 00:00:00+00:00, run_after=2025-07-22 00:00:00+00:00
[2025-07-22T09:14:00.499+0000] {processor.py:183} INFO - Processing /home/airflow/.local/lib/python3.12/site-packages/airflow/example_dags/example_task_group.py took 0.094 seconds
[2025-07-22T09:14:30.718+0000] {processor.py:161} INFO - Started process (PID=2708) to work on /home/airflow/.local/lib/python3.12/site-packages/airflow/example_dags/example_task_group.py
[2025-07-22T09:14:30.719+0000] {processor.py:830} INFO - Processing file /home/airflow/.local/lib/python3.12/site-packages/airflow/example_dags/example_task_group.py for tasks to queue
[2025-07-22T09:14:30.721+0000] {logging_mixin.py:188} INFO - [2025-07-22T09:14:30.721+0000] {dagbag.py:545} INFO - Filling up the DagBag from /home/airflow/.local/lib/python3.12/site-packages/airflow/example_dags/example_task_group.py
[2025-07-22T09:14:30.729+0000] {processor.py:840} INFO - DAG(s) 'example_task_group' retrieved from /home/airflow/.local/lib/python3.12/site-packages/airflow/example_dags/example_task_group.py
[2025-07-22T09:14:30.753+0000] {logging_mixin.py:188} INFO - [2025-07-22T09:14:30.753+0000] {dag.py:3096} INFO - Sync 1 DAGs
[2025-07-22T09:14:30.778+0000] {logging_mixin.py:188} INFO - [2025-07-22T09:14:30.778+0000] {dag.py:3954} INFO - Setting next_dagrun for example_task_group to 2025-07-21 00:00:00+00:00, run_after=2025-07-22 00:00:00+00:00
[2025-07-22T09:14:30.800+0000] {processor.py:183} INFO - Processing /home/airflow/.local/lib/python3.12/site-packages/airflow/example_dags/example_task_group.py took 0.089 seconds
[2025-07-22T09:15:01.060+0000] {processor.py:161} INFO - Started process (PID=2768) to work on /home/airflow/.local/lib/python3.12/site-packages/airflow/example_dags/example_task_group.py
[2025-07-22T09:15:01.062+0000] {processor.py:830} INFO - Processing file /home/airflow/.local/lib/python3.12/site-packages/airflow/example_dags/example_task_group.py for tasks to queue
[2025-07-22T09:15:01.066+0000] {logging_mixin.py:188} INFO - [2025-07-22T09:15:01.066+0000] {dagbag.py:545} INFO - Filling up the DagBag from /home/airflow/.local/lib/python3.12/site-packages/airflow/example_dags/example_task_group.py
[2025-07-22T09:15:01.077+0000] {processor.py:840} INFO - DAG(s) 'example_task_group' retrieved from /home/airflow/.local/lib/python3.12/site-packages/airflow/example_dags/example_task_group.py
[2025-07-22T09:15:01.101+0000] {logging_mixin.py:188} INFO - [2025-07-22T09:15:01.101+0000] {dag.py:3096} INFO - Sync 1 DAGs
[2025-07-22T09:15:01.128+0000] {logging_mixin.py:188} INFO - [2025-07-22T09:15:01.127+0000] {dag.py:3954} INFO - Setting next_dagrun for example_task_group to 2025-07-21 00:00:00+00:00, run_after=2025-07-22 00:00:00+00:00
[2025-07-22T09:15:01.147+0000] {processor.py:183} INFO - Processing /home/airflow/.local/lib/python3.12/site-packages/airflow/example_dags/example_task_group.py took 0.097 seconds
[2025-07-22T09:15:31.408+0000] {processor.py:161} INFO - Started process (PID=2828) to work on /home/airflow/.local/lib/python3.12/site-packages/airflow/example_dags/example_task_group.py
[2025-07-22T09:15:31.409+0000] {processor.py:830} INFO - Processing file /home/airflow/.local/lib/python3.12/site-packages/airflow/example_dags/example_task_group.py for tasks to queue
[2025-07-22T09:15:31.411+0000] {logging_mixin.py:188} INFO - [2025-07-22T09:15:31.411+0000] {dagbag.py:545} INFO - Filling up the DagBag from /home/airflow/.local/lib/python3.12/site-packages/airflow/example_dags/example_task_group.py
[2025-07-22T09:15:31.420+0000] {processor.py:840} INFO - DAG(s) 'example_task_group' retrieved from /home/airflow/.local/lib/python3.12/site-packages/airflow/example_dags/example_task_group.py
[2025-07-22T09:15:31.445+0000] {logging_mixin.py:188} INFO - [2025-07-22T09:15:31.445+0000] {dag.py:3096} INFO - Sync 1 DAGs
[2025-07-22T09:15:31.472+0000] {logging_mixin.py:188} INFO - [2025-07-22T09:15:31.472+0000] {dag.py:3954} INFO - Setting next_dagrun for example_task_group to 2025-07-21 00:00:00+00:00, run_after=2025-07-22 00:00:00+00:00
[2025-07-22T09:15:31.499+0000] {processor.py:183} INFO - Processing /home/airflow/.local/lib/python3.12/site-packages/airflow/example_dags/example_task_group.py took 0.098 seconds
[2025-07-22T09:16:01.612+0000] {processor.py:161} INFO - Started process (PID=2888) to work on /home/airflow/.local/lib/python3.12/site-packages/airflow/example_dags/example_task_group.py
[2025-07-22T09:16:01.613+0000] {processor.py:830} INFO - Processing file /home/airflow/.local/lib/python3.12/site-packages/airflow/example_dags/example_task_group.py for tasks to queue
[2025-07-22T09:16:01.615+0000] {logging_mixin.py:188} INFO - [2025-07-22T09:16:01.615+0000] {dagbag.py:545} INFO - Filling up the DagBag from /home/airflow/.local/lib/python3.12/site-packages/airflow/example_dags/example_task_group.py
[2025-07-22T09:16:01.624+0000] {processor.py:840} INFO - DAG(s) 'example_task_group' retrieved from /home/airflow/.local/lib/python3.12/site-packages/airflow/example_dags/example_task_group.py
[2025-07-22T09:16:01.653+0000] {logging_mixin.py:188} INFO - [2025-07-22T09:16:01.653+0000] {dag.py:3096} INFO - Sync 1 DAGs
[2025-07-22T09:16:01.682+0000] {logging_mixin.py:188} INFO - [2025-07-22T09:16:01.682+0000] {dag.py:3954} INFO - Setting next_dagrun for example_task_group to 2025-07-21 00:00:00+00:00, run_after=2025-07-22 00:00:00+00:00
[2025-07-22T09:16:01.707+0000] {processor.py:183} INFO - Processing /home/airflow/.local/lib/python3.12/site-packages/airflow/example_dags/example_task_group.py took 0.102 seconds
[2025-07-22T09:16:31.968+0000] {processor.py:161} INFO - Started process (PID=2948) to work on /home/airflow/.local/lib/python3.12/site-packages/airflow/example_dags/example_task_group.py
[2025-07-22T09:16:31.970+0000] {processor.py:830} INFO - Processing file /home/airflow/.local/lib/python3.12/site-packages/airflow/example_dags/example_task_group.py for tasks to queue
[2025-07-22T09:16:31.972+0000] {logging_mixin.py:188} INFO - [2025-07-22T09:16:31.972+0000] {dagbag.py:545} INFO - Filling up the DagBag from /home/airflow/.local/lib/python3.12/site-packages/airflow/example_dags/example_task_group.py
[2025-07-22T09:16:31.982+0000] {processor.py:840} INFO - DAG(s) 'example_task_group' retrieved from /home/airflow/.local/lib/python3.12/site-packages/airflow/example_dags/example_task_group.py
[2025-07-22T09:16:32.010+0000] {logging_mixin.py:188} INFO - [2025-07-22T09:16:32.009+0000] {dag.py:3096} INFO - Sync 1 DAGs
[2025-07-22T09:16:32.041+0000] {logging_mixin.py:188} INFO - [2025-07-22T09:16:32.041+0000] {dag.py:3954} INFO - Setting next_dagrun for example_task_group to 2025-07-21 00:00:00+00:00, run_after=2025-07-22 00:00:00+00:00
[2025-07-22T09:16:32.066+0000] {processor.py:183} INFO - Processing /home/airflow/.local/lib/python3.12/site-packages/airflow/example_dags/example_task_group.py took 0.106 seconds
[2025-07-22T09:17:02.332+0000] {processor.py:161} INFO - Started process (PID=3008) to work on /home/airflow/.local/lib/python3.12/site-packages/airflow/example_dags/example_task_group.py
[2025-07-22T09:17:02.334+0000] {processor.py:830} INFO - Processing file /home/airflow/.local/lib/python3.12/site-packages/airflow/example_dags/example_task_group.py for tasks to queue
[2025-07-22T09:17:02.336+0000] {logging_mixin.py:188} INFO - [2025-07-22T09:17:02.336+0000] {dagbag.py:545} INFO - Filling up the DagBag from /home/airflow/.local/lib/python3.12/site-packages/airflow/example_dags/example_task_group.py
[2025-07-22T09:17:02.346+0000] {processor.py:840} INFO - DAG(s) 'example_task_group' retrieved from /home/airflow/.local/lib/python3.12/site-packages/airflow/example_dags/example_task_group.py
[2025-07-22T09:17:02.384+0000] {logging_mixin.py:188} INFO - [2025-07-22T09:17:02.384+0000] {dag.py:3096} INFO - Sync 1 DAGs
[2025-07-22T09:17:02.424+0000] {logging_mixin.py:188} INFO - [2025-07-22T09:17:02.424+0000] {dag.py:3954} INFO - Setting next_dagrun for example_task_group to 2025-07-21 00:00:00+00:00, run_after=2025-07-22 00:00:00+00:00
[2025-07-22T09:17:02.456+0000] {processor.py:183} INFO - Processing /home/airflow/.local/lib/python3.12/site-packages/airflow/example_dags/example_task_group.py took 0.132 seconds
[2025-07-22T09:17:32.706+0000] {processor.py:161} INFO - Started process (PID=3068) to work on /home/airflow/.local/lib/python3.12/site-packages/airflow/example_dags/example_task_group.py
[2025-07-22T09:17:32.708+0000] {processor.py:830} INFO - Processing file /home/airflow/.local/lib/python3.12/site-packages/airflow/example_dags/example_task_group.py for tasks to queue
[2025-07-22T09:17:32.710+0000] {logging_mixin.py:188} INFO - [2025-07-22T09:17:32.710+0000] {dagbag.py:545} INFO - Filling up the DagBag from /home/airflow/.local/lib/python3.12/site-packages/airflow/example_dags/example_task_group.py
[2025-07-22T09:17:32.721+0000] {processor.py:840} INFO - DAG(s) 'example_task_group' retrieved from /home/airflow/.local/lib/python3.12/site-packages/airflow/example_dags/example_task_group.py
[2025-07-22T09:17:32.753+0000] {logging_mixin.py:188} INFO - [2025-07-22T09:17:32.753+0000] {dag.py:3096} INFO - Sync 1 DAGs
[2025-07-22T09:17:32.779+0000] {logging_mixin.py:188} INFO - [2025-07-22T09:17:32.778+0000] {dag.py:3954} INFO - Setting next_dagrun for example_task_group to 2025-07-21 00:00:00+00:00, run_after=2025-07-22 00:00:00+00:00
[2025-07-22T09:17:32.803+0000] {processor.py:183} INFO - Processing /home/airflow/.local/lib/python3.12/site-packages/airflow/example_dags/example_task_group.py took 0.103 seconds
[2025-07-22T09:18:02.919+0000] {processor.py:161} INFO - Started process (PID=3128) to work on /home/airflow/.local/lib/python3.12/site-packages/airflow/example_dags/example_task_group.py
[2025-07-22T09:18:02.920+0000] {processor.py:830} INFO - Processing file /home/airflow/.local/lib/python3.12/site-packages/airflow/example_dags/example_task_group.py for tasks to queue
[2025-07-22T09:18:02.922+0000] {logging_mixin.py:188} INFO - [2025-07-22T09:18:02.922+0000] {dagbag.py:545} INFO - Filling up the DagBag from /home/airflow/.local/lib/python3.12/site-packages/airflow/example_dags/example_task_group.py
[2025-07-22T09:18:02.930+0000] {processor.py:840} INFO - DAG(s) 'example_task_group' retrieved from /home/airflow/.local/lib/python3.12/site-packages/airflow/example_dags/example_task_group.py
[2025-07-22T09:18:02.955+0000] {logging_mixin.py:188} INFO - [2025-07-22T09:18:02.954+0000] {dag.py:3096} INFO - Sync 1 DAGs
[2025-07-22T09:18:02.979+0000] {logging_mixin.py:188} INFO - [2025-07-22T09:18:02.978+0000] {dag.py:3954} INFO - Setting next_dagrun for example_task_group to 2025-07-21 00:00:00+00:00, run_after=2025-07-22 00:00:00+00:00
[2025-07-22T09:18:03.003+0000] {processor.py:183} INFO - Processing /home/airflow/.local/lib/python3.12/site-packages/airflow/example_dags/example_task_group.py took 0.091 seconds
[2025-07-22T09:18:33.300+0000] {processor.py:161} INFO - Started process (PID=3188) to work on /home/airflow/.local/lib/python3.12/site-packages/airflow/example_dags/example_task_group.py
[2025-07-22T09:18:33.302+0000] {processor.py:830} INFO - Processing file /home/airflow/.local/lib/python3.12/site-packages/airflow/example_dags/example_task_group.py for tasks to queue
[2025-07-22T09:18:33.304+0000] {logging_mixin.py:188} INFO - [2025-07-22T09:18:33.303+0000] {dagbag.py:545} INFO - Filling up the DagBag from /home/airflow/.local/lib/python3.12/site-packages/airflow/example_dags/example_task_group.py
[2025-07-22T09:18:33.312+0000] {processor.py:840} INFO - DAG(s) 'example_task_group' retrieved from /home/airflow/.local/lib/python3.12/site-packages/airflow/example_dags/example_task_group.py
[2025-07-22T09:18:33.338+0000] {logging_mixin.py:188} INFO - [2025-07-22T09:18:33.337+0000] {dag.py:3096} INFO - Sync 1 DAGs
[2025-07-22T09:18:33.365+0000] {logging_mixin.py:188} INFO - [2025-07-22T09:18:33.365+0000] {dag.py:3954} INFO - Setting next_dagrun for example_task_group to 2025-07-21 00:00:00+00:00, run_after=2025-07-22 00:00:00+00:00
[2025-07-22T09:18:33.386+0000] {processor.py:183} INFO - Processing /home/airflow/.local/lib/python3.12/site-packages/airflow/example_dags/example_task_group.py took 0.093 seconds
[2025-07-22T09:19:04.098+0000] {processor.py:161} INFO - Started process (PID=3246) to work on /home/airflow/.local/lib/python3.12/site-packages/airflow/example_dags/example_task_group.py
[2025-07-22T09:19:04.100+0000] {processor.py:830} INFO - Processing file /home/airflow/.local/lib/python3.12/site-packages/airflow/example_dags/example_task_group.py for tasks to queue
[2025-07-22T09:19:04.102+0000] {logging_mixin.py:188} INFO - [2025-07-22T09:19:04.102+0000] {dagbag.py:545} INFO - Filling up the DagBag from /home/airflow/.local/lib/python3.12/site-packages/airflow/example_dags/example_task_group.py
[2025-07-22T09:19:04.111+0000] {processor.py:840} INFO - DAG(s) 'example_task_group' retrieved from /home/airflow/.local/lib/python3.12/site-packages/airflow/example_dags/example_task_group.py
[2025-07-22T09:19:04.139+0000] {logging_mixin.py:188} INFO - [2025-07-22T09:19:04.139+0000] {dag.py:3096} INFO - Sync 1 DAGs
[2025-07-22T09:19:04.170+0000] {logging_mixin.py:188} INFO - [2025-07-22T09:19:04.169+0000] {dag.py:3954} INFO - Setting next_dagrun for example_task_group to 2025-07-21 00:00:00+00:00, run_after=2025-07-22 00:00:00+00:00
[2025-07-22T09:19:04.192+0000] {processor.py:183} INFO - Processing /home/airflow/.local/lib/python3.12/site-packages/airflow/example_dags/example_task_group.py took 0.102 seconds
[2025-07-22T09:19:34.765+0000] {processor.py:161} INFO - Started process (PID=3306) to work on /home/airflow/.local/lib/python3.12/site-packages/airflow/example_dags/example_task_group.py
[2025-07-22T09:19:34.766+0000] {processor.py:830} INFO - Processing file /home/airflow/.local/lib/python3.12/site-packages/airflow/example_dags/example_task_group.py for tasks to queue
[2025-07-22T09:19:34.768+0000] {logging_mixin.py:188} INFO - [2025-07-22T09:19:34.768+0000] {dagbag.py:545} INFO - Filling up the DagBag from /home/airflow/.local/lib/python3.12/site-packages/airflow/example_dags/example_task_group.py
[2025-07-22T09:19:34.777+0000] {processor.py:840} INFO - DAG(s) 'example_task_group' retrieved from /home/airflow/.local/lib/python3.12/site-packages/airflow/example_dags/example_task_group.py
[2025-07-22T09:19:34.805+0000] {logging_mixin.py:188} INFO - [2025-07-22T09:19:34.805+0000] {dag.py:3096} INFO - Sync 1 DAGs
[2025-07-22T09:19:34.832+0000] {logging_mixin.py:188} INFO - [2025-07-22T09:19:34.832+0000] {dag.py:3954} INFO - Setting next_dagrun for example_task_group to 2025-07-21 00:00:00+00:00, run_after=2025-07-22 00:00:00+00:00
[2025-07-22T09:19:34.862+0000] {processor.py:183} INFO - Processing /home/airflow/.local/lib/python3.12/site-packages/airflow/example_dags/example_task_group.py took 0.105 seconds
[2025-07-22T09:20:05.293+0000] {processor.py:161} INFO - Started process (PID=3372) to work on /home/airflow/.local/lib/python3.12/site-packages/airflow/example_dags/example_task_group.py
[2025-07-22T09:20:05.295+0000] {processor.py:830} INFO - Processing file /home/airflow/.local/lib/python3.12/site-packages/airflow/example_dags/example_task_group.py for tasks to queue
[2025-07-22T09:20:05.297+0000] {logging_mixin.py:188} INFO - [2025-07-22T09:20:05.297+0000] {dagbag.py:545} INFO - Filling up the DagBag from /home/airflow/.local/lib/python3.12/site-packages/airflow/example_dags/example_task_group.py
[2025-07-22T09:20:05.312+0000] {processor.py:840} INFO - DAG(s) 'example_task_group' retrieved from /home/airflow/.local/lib/python3.12/site-packages/airflow/example_dags/example_task_group.py
[2025-07-22T09:20:05.343+0000] {logging_mixin.py:188} INFO - [2025-07-22T09:20:05.342+0000] {dag.py:3096} INFO - Sync 1 DAGs
[2025-07-22T09:20:05.373+0000] {logging_mixin.py:188} INFO - [2025-07-22T09:20:05.373+0000] {dag.py:3954} INFO - Setting next_dagrun for example_task_group to 2025-07-21 00:00:00+00:00, run_after=2025-07-22 00:00:00+00:00
[2025-07-22T09:20:05.396+0000] {processor.py:183} INFO - Processing /home/airflow/.local/lib/python3.12/site-packages/airflow/example_dags/example_task_group.py took 0.112 seconds
[2025-07-22T09:20:35.667+0000] {processor.py:161} INFO - Started process (PID=3432) to work on /home/airflow/.local/lib/python3.12/site-packages/airflow/example_dags/example_task_group.py
[2025-07-22T09:20:35.668+0000] {processor.py:830} INFO - Processing file /home/airflow/.local/lib/python3.12/site-packages/airflow/example_dags/example_task_group.py for tasks to queue
[2025-07-22T09:20:35.670+0000] {logging_mixin.py:188} INFO - [2025-07-22T09:20:35.670+0000] {dagbag.py:545} INFO - Filling up the DagBag from /home/airflow/.local/lib/python3.12/site-packages/airflow/example_dags/example_task_group.py
[2025-07-22T09:20:35.679+0000] {processor.py:840} INFO - DAG(s) 'example_task_group' retrieved from /home/airflow/.local/lib/python3.12/site-packages/airflow/example_dags/example_task_group.py
[2025-07-22T09:20:35.704+0000] {logging_mixin.py:188} INFO - [2025-07-22T09:20:35.704+0000] {dag.py:3096} INFO - Sync 1 DAGs
[2025-07-22T09:20:35.731+0000] {logging_mixin.py:188} INFO - [2025-07-22T09:20:35.730+0000] {dag.py:3954} INFO - Setting next_dagrun for example_task_group to 2025-07-21 00:00:00+00:00, run_after=2025-07-22 00:00:00+00:00
[2025-07-22T09:20:35.752+0000] {processor.py:183} INFO - Processing /home/airflow/.local/lib/python3.12/site-packages/airflow/example_dags/example_task_group.py took 0.093 seconds
[2025-07-22T09:21:05.964+0000] {processor.py:161} INFO - Started process (PID=3493) to work on /home/airflow/.local/lib/python3.12/site-packages/airflow/example_dags/example_task_group.py
[2025-07-22T09:21:05.966+0000] {processor.py:830} INFO - Processing file /home/airflow/.local/lib/python3.12/site-packages/airflow/example_dags/example_task_group.py for tasks to queue
[2025-07-22T09:21:05.969+0000] {logging_mixin.py:188} INFO - [2025-07-22T09:21:05.969+0000] {dagbag.py:545} INFO - Filling up the DagBag from /home/airflow/.local/lib/python3.12/site-packages/airflow/example_dags/example_task_group.py
[2025-07-22T09:21:05.980+0000] {processor.py:840} INFO - DAG(s) 'example_task_group' retrieved from /home/airflow/.local/lib/python3.12/site-packages/airflow/example_dags/example_task_group.py
[2025-07-22T09:21:06.008+0000] {logging_mixin.py:188} INFO - [2025-07-22T09:21:06.008+0000] {dag.py:3096} INFO - Sync 1 DAGs
[2025-07-22T09:21:06.046+0000] {logging_mixin.py:188} INFO - [2025-07-22T09:21:06.045+0000] {dag.py:3954} INFO - Setting next_dagrun for example_task_group to 2025-07-21 00:00:00+00:00, run_after=2025-07-22 00:00:00+00:00
[2025-07-22T09:21:06.068+0000] {processor.py:183} INFO - Processing /home/airflow/.local/lib/python3.12/site-packages/airflow/example_dags/example_task_group.py took 0.118 seconds
[2025-07-22T09:21:36.148+0000] {processor.py:161} INFO - Started process (PID=3553) to work on /home/airflow/.local/lib/python3.12/site-packages/airflow/example_dags/example_task_group.py
[2025-07-22T09:21:36.150+0000] {processor.py:830} INFO - Processing file /home/airflow/.local/lib/python3.12/site-packages/airflow/example_dags/example_task_group.py for tasks to queue
[2025-07-22T09:21:36.152+0000] {logging_mixin.py:188} INFO - [2025-07-22T09:21:36.152+0000] {dagbag.py:545} INFO - Filling up the DagBag from /home/airflow/.local/lib/python3.12/site-packages/airflow/example_dags/example_task_group.py
[2025-07-22T09:21:36.160+0000] {processor.py:840} INFO - DAG(s) 'example_task_group' retrieved from /home/airflow/.local/lib/python3.12/site-packages/airflow/example_dags/example_task_group.py
[2025-07-22T09:21:36.185+0000] {logging_mixin.py:188} INFO - [2025-07-22T09:21:36.185+0000] {dag.py:3096} INFO - Sync 1 DAGs
[2025-07-22T09:21:36.212+0000] {logging_mixin.py:188} INFO - [2025-07-22T09:21:36.212+0000] {dag.py:3954} INFO - Setting next_dagrun for example_task_group to 2025-07-21 00:00:00+00:00, run_after=2025-07-22 00:00:00+00:00
[2025-07-22T09:21:36.234+0000] {processor.py:183} INFO - Processing /home/airflow/.local/lib/python3.12/site-packages/airflow/example_dags/example_task_group.py took 0.093 seconds
[2025-07-22T09:22:06.470+0000] {processor.py:161} INFO - Started process (PID=3613) to work on /home/airflow/.local/lib/python3.12/site-packages/airflow/example_dags/example_task_group.py
[2025-07-22T09:22:06.471+0000] {processor.py:830} INFO - Processing file /home/airflow/.local/lib/python3.12/site-packages/airflow/example_dags/example_task_group.py for tasks to queue
[2025-07-22T09:22:06.473+0000] {logging_mixin.py:188} INFO - [2025-07-22T09:22:06.473+0000] {dagbag.py:545} INFO - Filling up the DagBag from /home/airflow/.local/lib/python3.12/site-packages/airflow/example_dags/example_task_group.py
[2025-07-22T09:22:06.481+0000] {processor.py:840} INFO - DAG(s) 'example_task_group' retrieved from /home/airflow/.local/lib/python3.12/site-packages/airflow/example_dags/example_task_group.py
[2025-07-22T09:22:06.505+0000] {logging_mixin.py:188} INFO - [2025-07-22T09:22:06.505+0000] {dag.py:3096} INFO - Sync 1 DAGs
[2025-07-22T09:22:06.531+0000] {logging_mixin.py:188} INFO - [2025-07-22T09:22:06.531+0000] {dag.py:3954} INFO - Setting next_dagrun for example_task_group to 2025-07-21 00:00:00+00:00, run_after=2025-07-22 00:00:00+00:00
[2025-07-22T09:22:06.554+0000] {processor.py:183} INFO - Processing /home/airflow/.local/lib/python3.12/site-packages/airflow/example_dags/example_task_group.py took 0.091 seconds
[2025-07-22T09:22:37.512+0000] {processor.py:161} INFO - Started process (PID=3673) to work on /home/airflow/.local/lib/python3.12/site-packages/airflow/example_dags/example_task_group.py
[2025-07-22T09:22:37.514+0000] {processor.py:830} INFO - Processing file /home/airflow/.local/lib/python3.12/site-packages/airflow/example_dags/example_task_group.py for tasks to queue
[2025-07-22T09:22:37.516+0000] {logging_mixin.py:188} INFO - [2025-07-22T09:22:37.516+0000] {dagbag.py:545} INFO - Filling up the DagBag from /home/airflow/.local/lib/python3.12/site-packages/airflow/example_dags/example_task_group.py
[2025-07-22T09:22:37.526+0000] {processor.py:840} INFO - DAG(s) 'example_task_group' retrieved from /home/airflow/.local/lib/python3.12/site-packages/airflow/example_dags/example_task_group.py
[2025-07-22T09:22:37.556+0000] {logging_mixin.py:188} INFO - [2025-07-22T09:22:37.556+0000] {dag.py:3096} INFO - Sync 1 DAGs
[2025-07-22T09:22:37.592+0000] {logging_mixin.py:188} INFO - [2025-07-22T09:22:37.592+0000] {dag.py:3954} INFO - Setting next_dagrun for example_task_group to 2025-07-21 00:00:00+00:00, run_after=2025-07-22 00:00:00+00:00
[2025-07-22T09:22:37.626+0000] {processor.py:183} INFO - Processing /home/airflow/.local/lib/python3.12/site-packages/airflow/example_dags/example_task_group.py took 0.122 seconds
