[2025-07-22T08:52:04.117+0000] {processor.py:161} INFO - Started process (PID=78) to work on /home/airflow/.local/lib/python3.12/site-packages/airflow/example_dags/example_bash_operator.py
[2025-07-22T08:52:04.120+0000] {processor.py:830} INFO - Processing file /home/airflow/.local/lib/python3.12/site-packages/airflow/example_dags/example_bash_operator.py for tasks to queue
[2025-07-22T08:52:04.134+0000] {logging_mixin.py:188} INFO - [2025-07-22T08:52:04.133+0000] {dagbag.py:545} INFO - Filling up the DagBag from /home/airflow/.local/lib/python3.12/site-packages/airflow/example_dags/example_bash_operator.py
[2025-07-22T08:52:04.193+0000] {processor.py:840} INFO - DAG(s) 'example_bash_operator' retrieved from /home/airflow/.local/lib/python3.12/site-packages/airflow/example_dags/example_bash_operator.py
[2025-07-22T08:52:04.696+0000] {logging_mixin.py:188} INFO - [2025-07-22T08:52:04.695+0000] {dag.py:3096} INFO - Sync 1 DAGs
[2025-07-22T08:52:04.784+0000] {logging_mixin.py:188} INFO - [2025-07-22T08:52:04.783+0000] {dag.py:3954} INFO - Setting next_dagrun for example_bash_operator to 2025-07-21 00:00:00+00:00, run_after=2025-07-22 00:00:00+00:00
[2025-07-22T08:52:04.936+0000] {processor.py:183} INFO - Processing /home/airflow/.local/lib/python3.12/site-packages/airflow/example_dags/example_bash_operator.py took 0.843 seconds
[2025-07-22T08:52:35.681+0000] {processor.py:161} INFO - Started process (PID=136) to work on /home/airflow/.local/lib/python3.12/site-packages/airflow/example_dags/example_bash_operator.py
[2025-07-22T08:52:35.682+0000] {processor.py:830} INFO - Processing file /home/airflow/.local/lib/python3.12/site-packages/airflow/example_dags/example_bash_operator.py for tasks to queue
[2025-07-22T08:52:35.684+0000] {logging_mixin.py:188} INFO - [2025-07-22T08:52:35.684+0000] {dagbag.py:545} INFO - Filling up the DagBag from /home/airflow/.local/lib/python3.12/site-packages/airflow/example_dags/example_bash_operator.py
[2025-07-22T08:52:35.698+0000] {processor.py:840} INFO - DAG(s) 'example_bash_operator' retrieved from /home/airflow/.local/lib/python3.12/site-packages/airflow/example_dags/example_bash_operator.py
[2025-07-22T08:52:35.732+0000] {logging_mixin.py:188} INFO - [2025-07-22T08:52:35.731+0000] {dag.py:3096} INFO - Sync 1 DAGs
[2025-07-22T08:52:35.756+0000] {logging_mixin.py:188} INFO - [2025-07-22T08:52:35.756+0000] {dag.py:3954} INFO - Setting next_dagrun for example_bash_operator to 2025-07-21 00:00:00+00:00, run_after=2025-07-22 00:00:00+00:00
[2025-07-22T08:52:35.778+0000] {processor.py:183} INFO - Processing /home/airflow/.local/lib/python3.12/site-packages/airflow/example_dags/example_bash_operator.py took 0.103 seconds
[2025-07-22T08:53:05.996+0000] {processor.py:161} INFO - Started process (PID=194) to work on /home/airflow/.local/lib/python3.12/site-packages/airflow/example_dags/example_bash_operator.py
[2025-07-22T08:53:05.997+0000] {processor.py:830} INFO - Processing file /home/airflow/.local/lib/python3.12/site-packages/airflow/example_dags/example_bash_operator.py for tasks to queue
[2025-07-22T08:53:06.000+0000] {logging_mixin.py:188} INFO - [2025-07-22T08:53:05.999+0000] {dagbag.py:545} INFO - Filling up the DagBag from /home/airflow/.local/lib/python3.12/site-packages/airflow/example_dags/example_bash_operator.py
[2025-07-22T08:53:06.018+0000] {processor.py:840} INFO - DAG(s) 'example_bash_operator' retrieved from /home/airflow/.local/lib/python3.12/site-packages/airflow/example_dags/example_bash_operator.py
[2025-07-22T08:53:06.058+0000] {logging_mixin.py:188} INFO - [2025-07-22T08:53:06.058+0000] {dag.py:3096} INFO - Sync 1 DAGs
[2025-07-22T08:53:06.093+0000] {logging_mixin.py:188} INFO - [2025-07-22T08:53:06.093+0000] {dag.py:3954} INFO - Setting next_dagrun for example_bash_operator to 2025-07-21 00:00:00+00:00, run_after=2025-07-22 00:00:00+00:00
[2025-07-22T08:53:06.126+0000] {processor.py:183} INFO - Processing /home/airflow/.local/lib/python3.12/site-packages/airflow/example_dags/example_bash_operator.py took 0.137 seconds
[2025-07-22T08:53:36.494+0000] {processor.py:161} INFO - Started process (PID=252) to work on /home/airflow/.local/lib/python3.12/site-packages/airflow/example_dags/example_bash_operator.py
[2025-07-22T08:53:36.496+0000] {processor.py:830} INFO - Processing file /home/airflow/.local/lib/python3.12/site-packages/airflow/example_dags/example_bash_operator.py for tasks to queue
[2025-07-22T08:53:36.499+0000] {logging_mixin.py:188} INFO - [2025-07-22T08:53:36.499+0000] {dagbag.py:545} INFO - Filling up the DagBag from /home/airflow/.local/lib/python3.12/site-packages/airflow/example_dags/example_bash_operator.py
[2025-07-22T08:53:36.512+0000] {processor.py:840} INFO - DAG(s) 'example_bash_operator' retrieved from /home/airflow/.local/lib/python3.12/site-packages/airflow/example_dags/example_bash_operator.py
[2025-07-22T08:53:36.544+0000] {logging_mixin.py:188} INFO - [2025-07-22T08:53:36.544+0000] {dag.py:3096} INFO - Sync 1 DAGs
[2025-07-22T08:53:36.570+0000] {logging_mixin.py:188} INFO - [2025-07-22T08:53:36.570+0000] {dag.py:3954} INFO - Setting next_dagrun for example_bash_operator to 2025-07-21 00:00:00+00:00, run_after=2025-07-22 00:00:00+00:00
[2025-07-22T08:53:36.593+0000] {processor.py:183} INFO - Processing /home/airflow/.local/lib/python3.12/site-packages/airflow/example_dags/example_bash_operator.py took 0.106 seconds
[2025-07-22T08:54:06.786+0000] {processor.py:161} INFO - Started process (PID=310) to work on /home/airflow/.local/lib/python3.12/site-packages/airflow/example_dags/example_bash_operator.py
[2025-07-22T08:54:06.787+0000] {processor.py:830} INFO - Processing file /home/airflow/.local/lib/python3.12/site-packages/airflow/example_dags/example_bash_operator.py for tasks to queue
[2025-07-22T08:54:06.790+0000] {logging_mixin.py:188} INFO - [2025-07-22T08:54:06.790+0000] {dagbag.py:545} INFO - Filling up the DagBag from /home/airflow/.local/lib/python3.12/site-packages/airflow/example_dags/example_bash_operator.py
[2025-07-22T08:54:06.821+0000] {processor.py:840} INFO - DAG(s) 'example_bash_operator' retrieved from /home/airflow/.local/lib/python3.12/site-packages/airflow/example_dags/example_bash_operator.py
[2025-07-22T08:54:06.927+0000] {logging_mixin.py:188} INFO - [2025-07-22T08:54:06.927+0000] {dag.py:3096} INFO - Sync 1 DAGs
[2025-07-22T08:54:06.998+0000] {logging_mixin.py:188} INFO - [2025-07-22T08:54:06.998+0000] {dag.py:3954} INFO - Setting next_dagrun for example_bash_operator to 2025-07-21 00:00:00+00:00, run_after=2025-07-22 00:00:00+00:00
[2025-07-22T08:54:07.050+0000] {processor.py:183} INFO - Processing /home/airflow/.local/lib/python3.12/site-packages/airflow/example_dags/example_bash_operator.py took 0.273 seconds
[2025-07-22T08:54:37.158+0000] {processor.py:161} INFO - Started process (PID=368) to work on /home/airflow/.local/lib/python3.12/site-packages/airflow/example_dags/example_bash_operator.py
[2025-07-22T08:54:37.159+0000] {processor.py:830} INFO - Processing file /home/airflow/.local/lib/python3.12/site-packages/airflow/example_dags/example_bash_operator.py for tasks to queue
[2025-07-22T08:54:37.161+0000] {logging_mixin.py:188} INFO - [2025-07-22T08:54:37.161+0000] {dagbag.py:545} INFO - Filling up the DagBag from /home/airflow/.local/lib/python3.12/site-packages/airflow/example_dags/example_bash_operator.py
[2025-07-22T08:54:37.173+0000] {processor.py:840} INFO - DAG(s) 'example_bash_operator' retrieved from /home/airflow/.local/lib/python3.12/site-packages/airflow/example_dags/example_bash_operator.py
[2025-07-22T08:54:37.204+0000] {logging_mixin.py:188} INFO - [2025-07-22T08:54:37.204+0000] {dag.py:3096} INFO - Sync 1 DAGs
[2025-07-22T08:54:37.227+0000] {logging_mixin.py:188} INFO - [2025-07-22T08:54:37.227+0000] {dag.py:3954} INFO - Setting next_dagrun for example_bash_operator to 2025-07-21 00:00:00+00:00, run_after=2025-07-22 00:00:00+00:00
[2025-07-22T08:54:37.255+0000] {processor.py:183} INFO - Processing /home/airflow/.local/lib/python3.12/site-packages/airflow/example_dags/example_bash_operator.py took 0.103 seconds
[2025-07-22T08:55:07.669+0000] {processor.py:161} INFO - Started process (PID=426) to work on /home/airflow/.local/lib/python3.12/site-packages/airflow/example_dags/example_bash_operator.py
[2025-07-22T08:55:07.671+0000] {processor.py:830} INFO - Processing file /home/airflow/.local/lib/python3.12/site-packages/airflow/example_dags/example_bash_operator.py for tasks to queue
[2025-07-22T08:55:07.674+0000] {logging_mixin.py:188} INFO - [2025-07-22T08:55:07.673+0000] {dagbag.py:545} INFO - Filling up the DagBag from /home/airflow/.local/lib/python3.12/site-packages/airflow/example_dags/example_bash_operator.py
[2025-07-22T08:55:07.693+0000] {processor.py:840} INFO - DAG(s) 'example_bash_operator' retrieved from /home/airflow/.local/lib/python3.12/site-packages/airflow/example_dags/example_bash_operator.py
[2025-07-22T08:55:07.748+0000] {logging_mixin.py:188} INFO - [2025-07-22T08:55:07.748+0000] {dag.py:3096} INFO - Sync 1 DAGs
[2025-07-22T08:55:07.775+0000] {logging_mixin.py:188} INFO - [2025-07-22T08:55:07.775+0000] {dag.py:3954} INFO - Setting next_dagrun for example_bash_operator to 2025-07-21 00:00:00+00:00, run_after=2025-07-22 00:00:00+00:00
[2025-07-22T08:55:07.795+0000] {processor.py:183} INFO - Processing /home/airflow/.local/lib/python3.12/site-packages/airflow/example_dags/example_bash_operator.py took 0.138 seconds
[2025-07-22T08:55:38.038+0000] {processor.py:161} INFO - Started process (PID=484) to work on /home/airflow/.local/lib/python3.12/site-packages/airflow/example_dags/example_bash_operator.py
[2025-07-22T08:55:38.041+0000] {processor.py:830} INFO - Processing file /home/airflow/.local/lib/python3.12/site-packages/airflow/example_dags/example_bash_operator.py for tasks to queue
[2025-07-22T08:55:38.045+0000] {logging_mixin.py:188} INFO - [2025-07-22T08:55:38.045+0000] {dagbag.py:545} INFO - Filling up the DagBag from /home/airflow/.local/lib/python3.12/site-packages/airflow/example_dags/example_bash_operator.py
[2025-07-22T08:55:38.063+0000] {processor.py:840} INFO - DAG(s) 'example_bash_operator' retrieved from /home/airflow/.local/lib/python3.12/site-packages/airflow/example_dags/example_bash_operator.py
[2025-07-22T08:55:38.109+0000] {logging_mixin.py:188} INFO - [2025-07-22T08:55:38.108+0000] {dag.py:3096} INFO - Sync 1 DAGs
[2025-07-22T08:55:38.147+0000] {logging_mixin.py:188} INFO - [2025-07-22T08:55:38.147+0000] {dag.py:3954} INFO - Setting next_dagrun for example_bash_operator to 2025-07-21 00:00:00+00:00, run_after=2025-07-22 00:00:00+00:00
[2025-07-22T08:55:38.184+0000] {processor.py:183} INFO - Processing /home/airflow/.local/lib/python3.12/site-packages/airflow/example_dags/example_bash_operator.py took 0.154 seconds
[2025-07-22T08:56:08.560+0000] {processor.py:161} INFO - Started process (PID=542) to work on /home/airflow/.local/lib/python3.12/site-packages/airflow/example_dags/example_bash_operator.py
[2025-07-22T08:56:08.561+0000] {processor.py:830} INFO - Processing file /home/airflow/.local/lib/python3.12/site-packages/airflow/example_dags/example_bash_operator.py for tasks to queue
[2025-07-22T08:56:08.563+0000] {logging_mixin.py:188} INFO - [2025-07-22T08:56:08.563+0000] {dagbag.py:545} INFO - Filling up the DagBag from /home/airflow/.local/lib/python3.12/site-packages/airflow/example_dags/example_bash_operator.py
[2025-07-22T08:56:08.575+0000] {processor.py:840} INFO - DAG(s) 'example_bash_operator' retrieved from /home/airflow/.local/lib/python3.12/site-packages/airflow/example_dags/example_bash_operator.py
[2025-07-22T08:56:08.605+0000] {logging_mixin.py:188} INFO - [2025-07-22T08:56:08.605+0000] {dag.py:3096} INFO - Sync 1 DAGs
[2025-07-22T08:56:08.629+0000] {logging_mixin.py:188} INFO - [2025-07-22T08:56:08.629+0000] {dag.py:3954} INFO - Setting next_dagrun for example_bash_operator to 2025-07-21 00:00:00+00:00, run_after=2025-07-22 00:00:00+00:00
[2025-07-22T08:56:08.651+0000] {processor.py:183} INFO - Processing /home/airflow/.local/lib/python3.12/site-packages/airflow/example_dags/example_bash_operator.py took 0.098 seconds
[2025-07-22T08:56:38.952+0000] {processor.py:161} INFO - Started process (PID=600) to work on /home/airflow/.local/lib/python3.12/site-packages/airflow/example_dags/example_bash_operator.py
[2025-07-22T08:56:38.953+0000] {processor.py:830} INFO - Processing file /home/airflow/.local/lib/python3.12/site-packages/airflow/example_dags/example_bash_operator.py for tasks to queue
[2025-07-22T08:56:38.955+0000] {logging_mixin.py:188} INFO - [2025-07-22T08:56:38.955+0000] {dagbag.py:545} INFO - Filling up the DagBag from /home/airflow/.local/lib/python3.12/site-packages/airflow/example_dags/example_bash_operator.py
[2025-07-22T08:56:38.967+0000] {processor.py:840} INFO - DAG(s) 'example_bash_operator' retrieved from /home/airflow/.local/lib/python3.12/site-packages/airflow/example_dags/example_bash_operator.py
[2025-07-22T08:56:38.997+0000] {logging_mixin.py:188} INFO - [2025-07-22T08:56:38.996+0000] {dag.py:3096} INFO - Sync 1 DAGs
[2025-07-22T08:56:39.020+0000] {logging_mixin.py:188} INFO - [2025-07-22T08:56:39.020+0000] {dag.py:3954} INFO - Setting next_dagrun for example_bash_operator to 2025-07-21 00:00:00+00:00, run_after=2025-07-22 00:00:00+00:00
[2025-07-22T08:56:39.042+0000] {processor.py:183} INFO - Processing /home/airflow/.local/lib/python3.12/site-packages/airflow/example_dags/example_bash_operator.py took 0.096 seconds
[2025-07-22T08:57:09.224+0000] {processor.py:161} INFO - Started process (PID=660) to work on /home/airflow/.local/lib/python3.12/site-packages/airflow/example_dags/example_bash_operator.py
[2025-07-22T08:57:09.225+0000] {processor.py:830} INFO - Processing file /home/airflow/.local/lib/python3.12/site-packages/airflow/example_dags/example_bash_operator.py for tasks to queue
[2025-07-22T08:57:09.228+0000] {logging_mixin.py:188} INFO - [2025-07-22T08:57:09.228+0000] {dagbag.py:545} INFO - Filling up the DagBag from /home/airflow/.local/lib/python3.12/site-packages/airflow/example_dags/example_bash_operator.py
[2025-07-22T08:57:09.242+0000] {processor.py:840} INFO - DAG(s) 'example_bash_operator' retrieved from /home/airflow/.local/lib/python3.12/site-packages/airflow/example_dags/example_bash_operator.py
[2025-07-22T08:57:09.280+0000] {logging_mixin.py:188} INFO - [2025-07-22T08:57:09.280+0000] {dag.py:3096} INFO - Sync 1 DAGs
[2025-07-22T08:57:09.307+0000] {logging_mixin.py:188} INFO - [2025-07-22T08:57:09.306+0000] {dag.py:3954} INFO - Setting next_dagrun for example_bash_operator to 2025-07-21 00:00:00+00:00, run_after=2025-07-22 00:00:00+00:00
[2025-07-22T08:57:09.337+0000] {processor.py:183} INFO - Processing /home/airflow/.local/lib/python3.12/site-packages/airflow/example_dags/example_bash_operator.py took 0.119 seconds
[2025-07-22T08:57:39.492+0000] {processor.py:161} INFO - Started process (PID=720) to work on /home/airflow/.local/lib/python3.12/site-packages/airflow/example_dags/example_bash_operator.py
[2025-07-22T08:57:39.494+0000] {processor.py:830} INFO - Processing file /home/airflow/.local/lib/python3.12/site-packages/airflow/example_dags/example_bash_operator.py for tasks to queue
[2025-07-22T08:57:39.496+0000] {logging_mixin.py:188} INFO - [2025-07-22T08:57:39.496+0000] {dagbag.py:545} INFO - Filling up the DagBag from /home/airflow/.local/lib/python3.12/site-packages/airflow/example_dags/example_bash_operator.py
[2025-07-22T08:57:39.509+0000] {processor.py:840} INFO - DAG(s) 'example_bash_operator' retrieved from /home/airflow/.local/lib/python3.12/site-packages/airflow/example_dags/example_bash_operator.py
[2025-07-22T08:57:39.542+0000] {logging_mixin.py:188} INFO - [2025-07-22T08:57:39.542+0000] {dag.py:3096} INFO - Sync 1 DAGs
[2025-07-22T08:57:39.574+0000] {logging_mixin.py:188} INFO - [2025-07-22T08:57:39.574+0000] {dag.py:3954} INFO - Setting next_dagrun for example_bash_operator to 2025-07-21 00:00:00+00:00, run_after=2025-07-22 00:00:00+00:00
[2025-07-22T08:57:39.601+0000] {processor.py:183} INFO - Processing /home/airflow/.local/lib/python3.12/site-packages/airflow/example_dags/example_bash_operator.py took 0.115 seconds
[2025-07-22T08:58:10.192+0000] {processor.py:161} INFO - Started process (PID=780) to work on /home/airflow/.local/lib/python3.12/site-packages/airflow/example_dags/example_bash_operator.py
[2025-07-22T08:58:10.194+0000] {processor.py:830} INFO - Processing file /home/airflow/.local/lib/python3.12/site-packages/airflow/example_dags/example_bash_operator.py for tasks to queue
[2025-07-22T08:58:10.196+0000] {logging_mixin.py:188} INFO - [2025-07-22T08:58:10.196+0000] {dagbag.py:545} INFO - Filling up the DagBag from /home/airflow/.local/lib/python3.12/site-packages/airflow/example_dags/example_bash_operator.py
[2025-07-22T08:58:10.208+0000] {processor.py:840} INFO - DAG(s) 'example_bash_operator' retrieved from /home/airflow/.local/lib/python3.12/site-packages/airflow/example_dags/example_bash_operator.py
[2025-07-22T08:58:10.243+0000] {logging_mixin.py:188} INFO - [2025-07-22T08:58:10.243+0000] {dag.py:3096} INFO - Sync 1 DAGs
[2025-07-22T08:58:10.268+0000] {logging_mixin.py:188} INFO - [2025-07-22T08:58:10.267+0000] {dag.py:3954} INFO - Setting next_dagrun for example_bash_operator to 2025-07-21 00:00:00+00:00, run_after=2025-07-22 00:00:00+00:00
[2025-07-22T08:58:10.296+0000] {processor.py:183} INFO - Processing /home/airflow/.local/lib/python3.12/site-packages/airflow/example_dags/example_bash_operator.py took 0.109 seconds
[2025-07-22T08:58:40.792+0000] {processor.py:161} INFO - Started process (PID=840) to work on /home/airflow/.local/lib/python3.12/site-packages/airflow/example_dags/example_bash_operator.py
[2025-07-22T08:58:40.793+0000] {processor.py:830} INFO - Processing file /home/airflow/.local/lib/python3.12/site-packages/airflow/example_dags/example_bash_operator.py for tasks to queue
[2025-07-22T08:58:40.795+0000] {logging_mixin.py:188} INFO - [2025-07-22T08:58:40.795+0000] {dagbag.py:545} INFO - Filling up the DagBag from /home/airflow/.local/lib/python3.12/site-packages/airflow/example_dags/example_bash_operator.py
[2025-07-22T08:58:40.808+0000] {processor.py:840} INFO - DAG(s) 'example_bash_operator' retrieved from /home/airflow/.local/lib/python3.12/site-packages/airflow/example_dags/example_bash_operator.py
[2025-07-22T08:58:40.841+0000] {logging_mixin.py:188} INFO - [2025-07-22T08:58:40.841+0000] {dag.py:3096} INFO - Sync 1 DAGs
[2025-07-22T08:58:40.867+0000] {logging_mixin.py:188} INFO - [2025-07-22T08:58:40.867+0000] {dag.py:3954} INFO - Setting next_dagrun for example_bash_operator to 2025-07-21 00:00:00+00:00, run_after=2025-07-22 00:00:00+00:00
[2025-07-22T08:58:40.905+0000] {processor.py:183} INFO - Processing /home/airflow/.local/lib/python3.12/site-packages/airflow/example_dags/example_bash_operator.py took 0.121 seconds
[2025-07-22T08:59:11.610+0000] {processor.py:161} INFO - Started process (PID=900) to work on /home/airflow/.local/lib/python3.12/site-packages/airflow/example_dags/example_bash_operator.py
[2025-07-22T08:59:11.611+0000] {processor.py:830} INFO - Processing file /home/airflow/.local/lib/python3.12/site-packages/airflow/example_dags/example_bash_operator.py for tasks to queue
[2025-07-22T08:59:11.613+0000] {logging_mixin.py:188} INFO - [2025-07-22T08:59:11.613+0000] {dagbag.py:545} INFO - Filling up the DagBag from /home/airflow/.local/lib/python3.12/site-packages/airflow/example_dags/example_bash_operator.py
[2025-07-22T08:59:11.625+0000] {processor.py:840} INFO - DAG(s) 'example_bash_operator' retrieved from /home/airflow/.local/lib/python3.12/site-packages/airflow/example_dags/example_bash_operator.py
[2025-07-22T08:59:11.657+0000] {logging_mixin.py:188} INFO - [2025-07-22T08:59:11.656+0000] {dag.py:3096} INFO - Sync 1 DAGs
[2025-07-22T08:59:11.680+0000] {logging_mixin.py:188} INFO - [2025-07-22T08:59:11.680+0000] {dag.py:3954} INFO - Setting next_dagrun for example_bash_operator to 2025-07-21 00:00:00+00:00, run_after=2025-07-22 00:00:00+00:00
[2025-07-22T08:59:11.709+0000] {processor.py:183} INFO - Processing /home/airflow/.local/lib/python3.12/site-packages/airflow/example_dags/example_bash_operator.py took 0.105 seconds
[2025-07-22T08:59:42.547+0000] {processor.py:161} INFO - Started process (PID=960) to work on /home/airflow/.local/lib/python3.12/site-packages/airflow/example_dags/example_bash_operator.py
[2025-07-22T08:59:42.548+0000] {processor.py:830} INFO - Processing file /home/airflow/.local/lib/python3.12/site-packages/airflow/example_dags/example_bash_operator.py for tasks to queue
[2025-07-22T08:59:42.550+0000] {logging_mixin.py:188} INFO - [2025-07-22T08:59:42.550+0000] {dagbag.py:545} INFO - Filling up the DagBag from /home/airflow/.local/lib/python3.12/site-packages/airflow/example_dags/example_bash_operator.py
[2025-07-22T08:59:42.562+0000] {processor.py:840} INFO - DAG(s) 'example_bash_operator' retrieved from /home/airflow/.local/lib/python3.12/site-packages/airflow/example_dags/example_bash_operator.py
[2025-07-22T08:59:42.594+0000] {logging_mixin.py:188} INFO - [2025-07-22T08:59:42.594+0000] {dag.py:3096} INFO - Sync 1 DAGs
[2025-07-22T08:59:42.623+0000] {logging_mixin.py:188} INFO - [2025-07-22T08:59:42.622+0000] {dag.py:3954} INFO - Setting next_dagrun for example_bash_operator to 2025-07-21 00:00:00+00:00, run_after=2025-07-22 00:00:00+00:00
[2025-07-22T08:59:42.650+0000] {processor.py:183} INFO - Processing /home/airflow/.local/lib/python3.12/site-packages/airflow/example_dags/example_bash_operator.py took 0.110 seconds
[2025-07-22T09:00:13.108+0000] {processor.py:161} INFO - Started process (PID=1020) to work on /home/airflow/.local/lib/python3.12/site-packages/airflow/example_dags/example_bash_operator.py
[2025-07-22T09:00:13.110+0000] {processor.py:830} INFO - Processing file /home/airflow/.local/lib/python3.12/site-packages/airflow/example_dags/example_bash_operator.py for tasks to queue
[2025-07-22T09:00:13.113+0000] {logging_mixin.py:188} INFO - [2025-07-22T09:00:13.112+0000] {dagbag.py:545} INFO - Filling up the DagBag from /home/airflow/.local/lib/python3.12/site-packages/airflow/example_dags/example_bash_operator.py
[2025-07-22T09:00:13.127+0000] {processor.py:840} INFO - DAG(s) 'example_bash_operator' retrieved from /home/airflow/.local/lib/python3.12/site-packages/airflow/example_dags/example_bash_operator.py
[2025-07-22T09:00:13.161+0000] {logging_mixin.py:188} INFO - [2025-07-22T09:00:13.161+0000] {dag.py:3096} INFO - Sync 1 DAGs
[2025-07-22T09:00:13.190+0000] {logging_mixin.py:188} INFO - [2025-07-22T09:00:13.189+0000] {dag.py:3954} INFO - Setting next_dagrun for example_bash_operator to 2025-07-21 00:00:00+00:00, run_after=2025-07-22 00:00:00+00:00
[2025-07-22T09:00:13.217+0000] {processor.py:183} INFO - Processing /home/airflow/.local/lib/python3.12/site-packages/airflow/example_dags/example_bash_operator.py took 0.117 seconds
[2025-07-22T09:00:44.102+0000] {processor.py:161} INFO - Started process (PID=1080) to work on /home/airflow/.local/lib/python3.12/site-packages/airflow/example_dags/example_bash_operator.py
[2025-07-22T09:00:44.103+0000] {processor.py:830} INFO - Processing file /home/airflow/.local/lib/python3.12/site-packages/airflow/example_dags/example_bash_operator.py for tasks to queue
[2025-07-22T09:00:44.106+0000] {logging_mixin.py:188} INFO - [2025-07-22T09:00:44.105+0000] {dagbag.py:545} INFO - Filling up the DagBag from /home/airflow/.local/lib/python3.12/site-packages/airflow/example_dags/example_bash_operator.py
[2025-07-22T09:00:44.119+0000] {processor.py:840} INFO - DAG(s) 'example_bash_operator' retrieved from /home/airflow/.local/lib/python3.12/site-packages/airflow/example_dags/example_bash_operator.py
[2025-07-22T09:00:44.161+0000] {logging_mixin.py:188} INFO - [2025-07-22T09:00:44.161+0000] {dag.py:3096} INFO - Sync 1 DAGs
[2025-07-22T09:00:44.197+0000] {logging_mixin.py:188} INFO - [2025-07-22T09:00:44.196+0000] {dag.py:3954} INFO - Setting next_dagrun for example_bash_operator to 2025-07-21 00:00:00+00:00, run_after=2025-07-22 00:00:00+00:00
[2025-07-22T09:00:44.224+0000] {processor.py:183} INFO - Processing /home/airflow/.local/lib/python3.12/site-packages/airflow/example_dags/example_bash_operator.py took 0.128 seconds
[2025-07-22T09:01:14.983+0000] {processor.py:161} INFO - Started process (PID=1140) to work on /home/airflow/.local/lib/python3.12/site-packages/airflow/example_dags/example_bash_operator.py
[2025-07-22T09:01:14.984+0000] {processor.py:830} INFO - Processing file /home/airflow/.local/lib/python3.12/site-packages/airflow/example_dags/example_bash_operator.py for tasks to queue
[2025-07-22T09:01:14.986+0000] {logging_mixin.py:188} INFO - [2025-07-22T09:01:14.986+0000] {dagbag.py:545} INFO - Filling up the DagBag from /home/airflow/.local/lib/python3.12/site-packages/airflow/example_dags/example_bash_operator.py
[2025-07-22T09:01:14.998+0000] {processor.py:840} INFO - DAG(s) 'example_bash_operator' retrieved from /home/airflow/.local/lib/python3.12/site-packages/airflow/example_dags/example_bash_operator.py
[2025-07-22T09:01:15.033+0000] {logging_mixin.py:188} INFO - [2025-07-22T09:01:15.032+0000] {dag.py:3096} INFO - Sync 1 DAGs
[2025-07-22T09:01:15.057+0000] {logging_mixin.py:188} INFO - [2025-07-22T09:01:15.057+0000] {dag.py:3954} INFO - Setting next_dagrun for example_bash_operator to 2025-07-21 00:00:00+00:00, run_after=2025-07-22 00:00:00+00:00
[2025-07-22T09:01:15.077+0000] {processor.py:183} INFO - Processing /home/airflow/.local/lib/python3.12/site-packages/airflow/example_dags/example_bash_operator.py took 0.101 seconds
[2025-07-22T09:01:45.208+0000] {processor.py:161} INFO - Started process (PID=1200) to work on /home/airflow/.local/lib/python3.12/site-packages/airflow/example_dags/example_bash_operator.py
[2025-07-22T09:01:45.210+0000] {processor.py:830} INFO - Processing file /home/airflow/.local/lib/python3.12/site-packages/airflow/example_dags/example_bash_operator.py for tasks to queue
[2025-07-22T09:01:45.212+0000] {logging_mixin.py:188} INFO - [2025-07-22T09:01:45.211+0000] {dagbag.py:545} INFO - Filling up the DagBag from /home/airflow/.local/lib/python3.12/site-packages/airflow/example_dags/example_bash_operator.py
[2025-07-22T09:01:45.225+0000] {processor.py:840} INFO - DAG(s) 'example_bash_operator' retrieved from /home/airflow/.local/lib/python3.12/site-packages/airflow/example_dags/example_bash_operator.py
[2025-07-22T09:01:45.259+0000] {logging_mixin.py:188} INFO - [2025-07-22T09:01:45.258+0000] {dag.py:3096} INFO - Sync 1 DAGs
[2025-07-22T09:01:45.283+0000] {logging_mixin.py:188} INFO - [2025-07-22T09:01:45.282+0000] {dag.py:3954} INFO - Setting next_dagrun for example_bash_operator to 2025-07-21 00:00:00+00:00, run_after=2025-07-22 00:00:00+00:00
[2025-07-22T09:01:45.305+0000] {processor.py:183} INFO - Processing /home/airflow/.local/lib/python3.12/site-packages/airflow/example_dags/example_bash_operator.py took 0.104 seconds
[2025-07-22T09:02:15.366+0000] {processor.py:161} INFO - Started process (PID=1260) to work on /home/airflow/.local/lib/python3.12/site-packages/airflow/example_dags/example_bash_operator.py
[2025-07-22T09:02:15.368+0000] {processor.py:830} INFO - Processing file /home/airflow/.local/lib/python3.12/site-packages/airflow/example_dags/example_bash_operator.py for tasks to queue
[2025-07-22T09:02:15.370+0000] {logging_mixin.py:188} INFO - [2025-07-22T09:02:15.370+0000] {dagbag.py:545} INFO - Filling up the DagBag from /home/airflow/.local/lib/python3.12/site-packages/airflow/example_dags/example_bash_operator.py
[2025-07-22T09:02:15.385+0000] {processor.py:840} INFO - DAG(s) 'example_bash_operator' retrieved from /home/airflow/.local/lib/python3.12/site-packages/airflow/example_dags/example_bash_operator.py
[2025-07-22T09:02:15.424+0000] {logging_mixin.py:188} INFO - [2025-07-22T09:02:15.424+0000] {dag.py:3096} INFO - Sync 1 DAGs
[2025-07-22T09:02:15.453+0000] {logging_mixin.py:188} INFO - [2025-07-22T09:02:15.453+0000] {dag.py:3954} INFO - Setting next_dagrun for example_bash_operator to 2025-07-21 00:00:00+00:00, run_after=2025-07-22 00:00:00+00:00
[2025-07-22T09:02:15.477+0000] {processor.py:183} INFO - Processing /home/airflow/.local/lib/python3.12/site-packages/airflow/example_dags/example_bash_operator.py took 0.119 seconds
[2025-07-22T09:02:46.205+0000] {processor.py:161} INFO - Started process (PID=1320) to work on /home/airflow/.local/lib/python3.12/site-packages/airflow/example_dags/example_bash_operator.py
[2025-07-22T09:02:46.207+0000] {processor.py:830} INFO - Processing file /home/airflow/.local/lib/python3.12/site-packages/airflow/example_dags/example_bash_operator.py for tasks to queue
[2025-07-22T09:02:46.209+0000] {logging_mixin.py:188} INFO - [2025-07-22T09:02:46.208+0000] {dagbag.py:545} INFO - Filling up the DagBag from /home/airflow/.local/lib/python3.12/site-packages/airflow/example_dags/example_bash_operator.py
[2025-07-22T09:02:46.222+0000] {processor.py:840} INFO - DAG(s) 'example_bash_operator' retrieved from /home/airflow/.local/lib/python3.12/site-packages/airflow/example_dags/example_bash_operator.py
[2025-07-22T09:02:46.256+0000] {logging_mixin.py:188} INFO - [2025-07-22T09:02:46.255+0000] {dag.py:3096} INFO - Sync 1 DAGs
[2025-07-22T09:02:46.278+0000] {logging_mixin.py:188} INFO - [2025-07-22T09:02:46.278+0000] {dag.py:3954} INFO - Setting next_dagrun for example_bash_operator to 2025-07-21 00:00:00+00:00, run_after=2025-07-22 00:00:00+00:00
[2025-07-22T09:02:46.300+0000] {processor.py:183} INFO - Processing /home/airflow/.local/lib/python3.12/site-packages/airflow/example_dags/example_bash_operator.py took 0.101 seconds
[2025-07-22T09:03:16.587+0000] {processor.py:161} INFO - Started process (PID=1380) to work on /home/airflow/.local/lib/python3.12/site-packages/airflow/example_dags/example_bash_operator.py
[2025-07-22T09:03:16.589+0000] {processor.py:830} INFO - Processing file /home/airflow/.local/lib/python3.12/site-packages/airflow/example_dags/example_bash_operator.py for tasks to queue
[2025-07-22T09:03:16.592+0000] {logging_mixin.py:188} INFO - [2025-07-22T09:03:16.591+0000] {dagbag.py:545} INFO - Filling up the DagBag from /home/airflow/.local/lib/python3.12/site-packages/airflow/example_dags/example_bash_operator.py
[2025-07-22T09:03:16.611+0000] {processor.py:840} INFO - DAG(s) 'example_bash_operator' retrieved from /home/airflow/.local/lib/python3.12/site-packages/airflow/example_dags/example_bash_operator.py
[2025-07-22T09:03:16.654+0000] {logging_mixin.py:188} INFO - [2025-07-22T09:03:16.654+0000] {dag.py:3096} INFO - Sync 1 DAGs
[2025-07-22T09:03:16.684+0000] {logging_mixin.py:188} INFO - [2025-07-22T09:03:16.683+0000] {dag.py:3954} INFO - Setting next_dagrun for example_bash_operator to 2025-07-21 00:00:00+00:00, run_after=2025-07-22 00:00:00+00:00
[2025-07-22T09:03:16.714+0000] {processor.py:183} INFO - Processing /home/airflow/.local/lib/python3.12/site-packages/airflow/example_dags/example_bash_operator.py took 0.135 seconds
[2025-07-22T09:03:46.931+0000] {processor.py:161} INFO - Started process (PID=1440) to work on /home/airflow/.local/lib/python3.12/site-packages/airflow/example_dags/example_bash_operator.py
[2025-07-22T09:03:46.932+0000] {processor.py:830} INFO - Processing file /home/airflow/.local/lib/python3.12/site-packages/airflow/example_dags/example_bash_operator.py for tasks to queue
[2025-07-22T09:03:46.934+0000] {logging_mixin.py:188} INFO - [2025-07-22T09:03:46.934+0000] {dagbag.py:545} INFO - Filling up the DagBag from /home/airflow/.local/lib/python3.12/site-packages/airflow/example_dags/example_bash_operator.py
[2025-07-22T09:03:46.946+0000] {processor.py:840} INFO - DAG(s) 'example_bash_operator' retrieved from /home/airflow/.local/lib/python3.12/site-packages/airflow/example_dags/example_bash_operator.py
[2025-07-22T09:03:46.976+0000] {logging_mixin.py:188} INFO - [2025-07-22T09:03:46.976+0000] {dag.py:3096} INFO - Sync 1 DAGs
[2025-07-22T09:03:47.000+0000] {logging_mixin.py:188} INFO - [2025-07-22T09:03:46.999+0000] {dag.py:3954} INFO - Setting next_dagrun for example_bash_operator to 2025-07-21 00:00:00+00:00, run_after=2025-07-22 00:00:00+00:00
[2025-07-22T09:03:47.021+0000] {processor.py:183} INFO - Processing /home/airflow/.local/lib/python3.12/site-packages/airflow/example_dags/example_bash_operator.py took 0.097 seconds
[2025-07-22T09:04:17.369+0000] {processor.py:161} INFO - Started process (PID=1500) to work on /home/airflow/.local/lib/python3.12/site-packages/airflow/example_dags/example_bash_operator.py
[2025-07-22T09:04:17.370+0000] {processor.py:830} INFO - Processing file /home/airflow/.local/lib/python3.12/site-packages/airflow/example_dags/example_bash_operator.py for tasks to queue
[2025-07-22T09:04:17.372+0000] {logging_mixin.py:188} INFO - [2025-07-22T09:04:17.372+0000] {dagbag.py:545} INFO - Filling up the DagBag from /home/airflow/.local/lib/python3.12/site-packages/airflow/example_dags/example_bash_operator.py
[2025-07-22T09:04:17.384+0000] {processor.py:840} INFO - DAG(s) 'example_bash_operator' retrieved from /home/airflow/.local/lib/python3.12/site-packages/airflow/example_dags/example_bash_operator.py
[2025-07-22T09:04:17.416+0000] {logging_mixin.py:188} INFO - [2025-07-22T09:04:17.415+0000] {dag.py:3096} INFO - Sync 1 DAGs
[2025-07-22T09:04:17.442+0000] {logging_mixin.py:188} INFO - [2025-07-22T09:04:17.441+0000] {dag.py:3954} INFO - Setting next_dagrun for example_bash_operator to 2025-07-21 00:00:00+00:00, run_after=2025-07-22 00:00:00+00:00
[2025-07-22T09:04:17.469+0000] {processor.py:183} INFO - Processing /home/airflow/.local/lib/python3.12/site-packages/airflow/example_dags/example_bash_operator.py took 0.106 seconds
[2025-07-22T09:04:47.983+0000] {processor.py:161} INFO - Started process (PID=1560) to work on /home/airflow/.local/lib/python3.12/site-packages/airflow/example_dags/example_bash_operator.py
[2025-07-22T09:04:47.985+0000] {processor.py:830} INFO - Processing file /home/airflow/.local/lib/python3.12/site-packages/airflow/example_dags/example_bash_operator.py for tasks to queue
[2025-07-22T09:04:47.987+0000] {logging_mixin.py:188} INFO - [2025-07-22T09:04:47.986+0000] {dagbag.py:545} INFO - Filling up the DagBag from /home/airflow/.local/lib/python3.12/site-packages/airflow/example_dags/example_bash_operator.py
[2025-07-22T09:04:47.999+0000] {processor.py:840} INFO - DAG(s) 'example_bash_operator' retrieved from /home/airflow/.local/lib/python3.12/site-packages/airflow/example_dags/example_bash_operator.py
[2025-07-22T09:04:48.030+0000] {logging_mixin.py:188} INFO - [2025-07-22T09:04:48.030+0000] {dag.py:3096} INFO - Sync 1 DAGs
[2025-07-22T09:04:48.056+0000] {logging_mixin.py:188} INFO - [2025-07-22T09:04:48.056+0000] {dag.py:3954} INFO - Setting next_dagrun for example_bash_operator to 2025-07-21 00:00:00+00:00, run_after=2025-07-22 00:00:00+00:00
[2025-07-22T09:04:48.076+0000] {processor.py:183} INFO - Processing /home/airflow/.local/lib/python3.12/site-packages/airflow/example_dags/example_bash_operator.py took 0.100 seconds
[2025-07-22T09:05:18.801+0000] {processor.py:161} INFO - Started process (PID=1620) to work on /home/airflow/.local/lib/python3.12/site-packages/airflow/example_dags/example_bash_operator.py
[2025-07-22T09:05:18.802+0000] {processor.py:830} INFO - Processing file /home/airflow/.local/lib/python3.12/site-packages/airflow/example_dags/example_bash_operator.py for tasks to queue
[2025-07-22T09:05:18.805+0000] {logging_mixin.py:188} INFO - [2025-07-22T09:05:18.805+0000] {dagbag.py:545} INFO - Filling up the DagBag from /home/airflow/.local/lib/python3.12/site-packages/airflow/example_dags/example_bash_operator.py
[2025-07-22T09:05:18.822+0000] {processor.py:840} INFO - DAG(s) 'example_bash_operator' retrieved from /home/airflow/.local/lib/python3.12/site-packages/airflow/example_dags/example_bash_operator.py
[2025-07-22T09:05:18.858+0000] {logging_mixin.py:188} INFO - [2025-07-22T09:05:18.857+0000] {dag.py:3096} INFO - Sync 1 DAGs
[2025-07-22T09:05:18.886+0000] {logging_mixin.py:188} INFO - [2025-07-22T09:05:18.886+0000] {dag.py:3954} INFO - Setting next_dagrun for example_bash_operator to 2025-07-21 00:00:00+00:00, run_after=2025-07-22 00:00:00+00:00
[2025-07-22T09:05:18.910+0000] {processor.py:183} INFO - Processing /home/airflow/.local/lib/python3.12/site-packages/airflow/example_dags/example_bash_operator.py took 0.118 seconds
[2025-07-22T09:05:49.254+0000] {processor.py:161} INFO - Started process (PID=1680) to work on /home/airflow/.local/lib/python3.12/site-packages/airflow/example_dags/example_bash_operator.py
[2025-07-22T09:05:49.255+0000] {processor.py:830} INFO - Processing file /home/airflow/.local/lib/python3.12/site-packages/airflow/example_dags/example_bash_operator.py for tasks to queue
[2025-07-22T09:05:49.258+0000] {logging_mixin.py:188} INFO - [2025-07-22T09:05:49.257+0000] {dagbag.py:545} INFO - Filling up the DagBag from /home/airflow/.local/lib/python3.12/site-packages/airflow/example_dags/example_bash_operator.py
[2025-07-22T09:05:49.273+0000] {processor.py:840} INFO - DAG(s) 'example_bash_operator' retrieved from /home/airflow/.local/lib/python3.12/site-packages/airflow/example_dags/example_bash_operator.py
[2025-07-22T09:05:49.308+0000] {logging_mixin.py:188} INFO - [2025-07-22T09:05:49.308+0000] {dag.py:3096} INFO - Sync 1 DAGs
[2025-07-22T09:05:49.339+0000] {logging_mixin.py:188} INFO - [2025-07-22T09:05:49.338+0000] {dag.py:3954} INFO - Setting next_dagrun for example_bash_operator to 2025-07-21 00:00:00+00:00, run_after=2025-07-22 00:00:00+00:00
[2025-07-22T09:05:49.371+0000] {processor.py:183} INFO - Processing /home/airflow/.local/lib/python3.12/site-packages/airflow/example_dags/example_bash_operator.py took 0.124 seconds
[2025-07-22T09:06:19.419+0000] {processor.py:161} INFO - Started process (PID=1740) to work on /home/airflow/.local/lib/python3.12/site-packages/airflow/example_dags/example_bash_operator.py
[2025-07-22T09:06:19.421+0000] {processor.py:830} INFO - Processing file /home/airflow/.local/lib/python3.12/site-packages/airflow/example_dags/example_bash_operator.py for tasks to queue
[2025-07-22T09:06:19.423+0000] {logging_mixin.py:188} INFO - [2025-07-22T09:06:19.422+0000] {dagbag.py:545} INFO - Filling up the DagBag from /home/airflow/.local/lib/python3.12/site-packages/airflow/example_dags/example_bash_operator.py
[2025-07-22T09:06:19.435+0000] {processor.py:840} INFO - DAG(s) 'example_bash_operator' retrieved from /home/airflow/.local/lib/python3.12/site-packages/airflow/example_dags/example_bash_operator.py
[2025-07-22T09:06:19.465+0000] {logging_mixin.py:188} INFO - [2025-07-22T09:06:19.465+0000] {dag.py:3096} INFO - Sync 1 DAGs
[2025-07-22T09:06:19.489+0000] {logging_mixin.py:188} INFO - [2025-07-22T09:06:19.489+0000] {dag.py:3954} INFO - Setting next_dagrun for example_bash_operator to 2025-07-21 00:00:00+00:00, run_after=2025-07-22 00:00:00+00:00
[2025-07-22T09:06:19.511+0000] {processor.py:183} INFO - Processing /home/airflow/.local/lib/python3.12/site-packages/airflow/example_dags/example_bash_operator.py took 0.098 seconds
[2025-07-22T09:06:50.404+0000] {processor.py:161} INFO - Started process (PID=1799) to work on /home/airflow/.local/lib/python3.12/site-packages/airflow/example_dags/example_bash_operator.py
[2025-07-22T09:06:50.405+0000] {processor.py:830} INFO - Processing file /home/airflow/.local/lib/python3.12/site-packages/airflow/example_dags/example_bash_operator.py for tasks to queue
[2025-07-22T09:06:50.409+0000] {logging_mixin.py:188} INFO - [2025-07-22T09:06:50.408+0000] {dagbag.py:545} INFO - Filling up the DagBag from /home/airflow/.local/lib/python3.12/site-packages/airflow/example_dags/example_bash_operator.py
[2025-07-22T09:06:50.423+0000] {processor.py:840} INFO - DAG(s) 'example_bash_operator' retrieved from /home/airflow/.local/lib/python3.12/site-packages/airflow/example_dags/example_bash_operator.py
[2025-07-22T09:06:50.457+0000] {logging_mixin.py:188} INFO - [2025-07-22T09:06:50.457+0000] {dag.py:3096} INFO - Sync 1 DAGs
[2025-07-22T09:06:50.483+0000] {logging_mixin.py:188} INFO - [2025-07-22T09:06:50.482+0000] {dag.py:3954} INFO - Setting next_dagrun for example_bash_operator to 2025-07-21 00:00:00+00:00, run_after=2025-07-22 00:00:00+00:00
[2025-07-22T09:06:50.507+0000] {processor.py:183} INFO - Processing /home/airflow/.local/lib/python3.12/site-packages/airflow/example_dags/example_bash_operator.py took 0.112 seconds
[2025-07-22T09:07:21.016+0000] {processor.py:161} INFO - Started process (PID=1858) to work on /home/airflow/.local/lib/python3.12/site-packages/airflow/example_dags/example_bash_operator.py
[2025-07-22T09:07:21.018+0000] {processor.py:830} INFO - Processing file /home/airflow/.local/lib/python3.12/site-packages/airflow/example_dags/example_bash_operator.py for tasks to queue
[2025-07-22T09:07:21.021+0000] {logging_mixin.py:188} INFO - [2025-07-22T09:07:21.020+0000] {dagbag.py:545} INFO - Filling up the DagBag from /home/airflow/.local/lib/python3.12/site-packages/airflow/example_dags/example_bash_operator.py
[2025-07-22T09:07:21.042+0000] {processor.py:840} INFO - DAG(s) 'example_bash_operator' retrieved from /home/airflow/.local/lib/python3.12/site-packages/airflow/example_dags/example_bash_operator.py
[2025-07-22T09:07:21.092+0000] {logging_mixin.py:188} INFO - [2025-07-22T09:07:21.092+0000] {dag.py:3096} INFO - Sync 1 DAGs
[2025-07-22T09:07:21.127+0000] {logging_mixin.py:188} INFO - [2025-07-22T09:07:21.127+0000] {dag.py:3954} INFO - Setting next_dagrun for example_bash_operator to 2025-07-21 00:00:00+00:00, run_after=2025-07-22 00:00:00+00:00
[2025-07-22T09:07:21.156+0000] {processor.py:183} INFO - Processing /home/airflow/.local/lib/python3.12/site-packages/airflow/example_dags/example_bash_operator.py took 0.150 seconds
[2025-07-22T09:07:51.440+0000] {processor.py:161} INFO - Started process (PID=1918) to work on /home/airflow/.local/lib/python3.12/site-packages/airflow/example_dags/example_bash_operator.py
[2025-07-22T09:07:51.441+0000] {processor.py:830} INFO - Processing file /home/airflow/.local/lib/python3.12/site-packages/airflow/example_dags/example_bash_operator.py for tasks to queue
[2025-07-22T09:07:51.443+0000] {logging_mixin.py:188} INFO - [2025-07-22T09:07:51.443+0000] {dagbag.py:545} INFO - Filling up the DagBag from /home/airflow/.local/lib/python3.12/site-packages/airflow/example_dags/example_bash_operator.py
[2025-07-22T09:07:51.456+0000] {processor.py:840} INFO - DAG(s) 'example_bash_operator' retrieved from /home/airflow/.local/lib/python3.12/site-packages/airflow/example_dags/example_bash_operator.py
[2025-07-22T09:07:51.492+0000] {logging_mixin.py:188} INFO - [2025-07-22T09:07:51.491+0000] {dag.py:3096} INFO - Sync 1 DAGs
[2025-07-22T09:07:51.518+0000] {logging_mixin.py:188} INFO - [2025-07-22T09:07:51.517+0000] {dag.py:3954} INFO - Setting next_dagrun for example_bash_operator to 2025-07-21 00:00:00+00:00, run_after=2025-07-22 00:00:00+00:00
[2025-07-22T09:07:51.543+0000] {processor.py:183} INFO - Processing /home/airflow/.local/lib/python3.12/site-packages/airflow/example_dags/example_bash_operator.py took 0.110 seconds
[2025-07-22T09:08:21.877+0000] {processor.py:161} INFO - Started process (PID=1978) to work on /home/airflow/.local/lib/python3.12/site-packages/airflow/example_dags/example_bash_operator.py
[2025-07-22T09:08:21.878+0000] {processor.py:830} INFO - Processing file /home/airflow/.local/lib/python3.12/site-packages/airflow/example_dags/example_bash_operator.py for tasks to queue
[2025-07-22T09:08:21.881+0000] {logging_mixin.py:188} INFO - [2025-07-22T09:08:21.881+0000] {dagbag.py:545} INFO - Filling up the DagBag from /home/airflow/.local/lib/python3.12/site-packages/airflow/example_dags/example_bash_operator.py
[2025-07-22T09:08:21.896+0000] {processor.py:840} INFO - DAG(s) 'example_bash_operator' retrieved from /home/airflow/.local/lib/python3.12/site-packages/airflow/example_dags/example_bash_operator.py
[2025-07-22T09:08:21.934+0000] {logging_mixin.py:188} INFO - [2025-07-22T09:08:21.933+0000] {dag.py:3096} INFO - Sync 1 DAGs
[2025-07-22T09:08:21.962+0000] {logging_mixin.py:188} INFO - [2025-07-22T09:08:21.961+0000] {dag.py:3954} INFO - Setting next_dagrun for example_bash_operator to 2025-07-21 00:00:00+00:00, run_after=2025-07-22 00:00:00+00:00
[2025-07-22T09:08:21.986+0000] {processor.py:183} INFO - Processing /home/airflow/.local/lib/python3.12/site-packages/airflow/example_dags/example_bash_operator.py took 0.117 seconds
[2025-07-22T09:08:52.130+0000] {processor.py:161} INFO - Started process (PID=2038) to work on /home/airflow/.local/lib/python3.12/site-packages/airflow/example_dags/example_bash_operator.py
[2025-07-22T09:08:52.131+0000] {processor.py:830} INFO - Processing file /home/airflow/.local/lib/python3.12/site-packages/airflow/example_dags/example_bash_operator.py for tasks to queue
[2025-07-22T09:08:52.134+0000] {logging_mixin.py:188} INFO - [2025-07-22T09:08:52.134+0000] {dagbag.py:545} INFO - Filling up the DagBag from /home/airflow/.local/lib/python3.12/site-packages/airflow/example_dags/example_bash_operator.py
[2025-07-22T09:08:52.147+0000] {processor.py:840} INFO - DAG(s) 'example_bash_operator' retrieved from /home/airflow/.local/lib/python3.12/site-packages/airflow/example_dags/example_bash_operator.py
[2025-07-22T09:08:52.191+0000] {logging_mixin.py:188} INFO - [2025-07-22T09:08:52.191+0000] {dag.py:3096} INFO - Sync 1 DAGs
[2025-07-22T09:08:52.223+0000] {logging_mixin.py:188} INFO - [2025-07-22T09:08:52.223+0000] {dag.py:3954} INFO - Setting next_dagrun for example_bash_operator to 2025-07-21 00:00:00+00:00, run_after=2025-07-22 00:00:00+00:00
[2025-07-22T09:08:52.250+0000] {processor.py:183} INFO - Processing /home/airflow/.local/lib/python3.12/site-packages/airflow/example_dags/example_bash_operator.py took 0.127 seconds
[2025-07-22T09:09:22.836+0000] {processor.py:161} INFO - Started process (PID=2098) to work on /home/airflow/.local/lib/python3.12/site-packages/airflow/example_dags/example_bash_operator.py
[2025-07-22T09:09:22.838+0000] {processor.py:830} INFO - Processing file /home/airflow/.local/lib/python3.12/site-packages/airflow/example_dags/example_bash_operator.py for tasks to queue
[2025-07-22T09:09:22.840+0000] {logging_mixin.py:188} INFO - [2025-07-22T09:09:22.840+0000] {dagbag.py:545} INFO - Filling up the DagBag from /home/airflow/.local/lib/python3.12/site-packages/airflow/example_dags/example_bash_operator.py
[2025-07-22T09:09:22.852+0000] {processor.py:840} INFO - DAG(s) 'example_bash_operator' retrieved from /home/airflow/.local/lib/python3.12/site-packages/airflow/example_dags/example_bash_operator.py
[2025-07-22T09:09:22.884+0000] {logging_mixin.py:188} INFO - [2025-07-22T09:09:22.884+0000] {dag.py:3096} INFO - Sync 1 DAGs
[2025-07-22T09:09:22.908+0000] {logging_mixin.py:188} INFO - [2025-07-22T09:09:22.908+0000] {dag.py:3954} INFO - Setting next_dagrun for example_bash_operator to 2025-07-21 00:00:00+00:00, run_after=2025-07-22 00:00:00+00:00
[2025-07-22T09:09:23.073+0000] {processor.py:183} INFO - Processing /home/airflow/.local/lib/python3.12/site-packages/airflow/example_dags/example_bash_operator.py took 0.243 seconds
[2025-07-22T09:09:53.735+0000] {processor.py:161} INFO - Started process (PID=2158) to work on /home/airflow/.local/lib/python3.12/site-packages/airflow/example_dags/example_bash_operator.py
[2025-07-22T09:09:53.736+0000] {processor.py:830} INFO - Processing file /home/airflow/.local/lib/python3.12/site-packages/airflow/example_dags/example_bash_operator.py for tasks to queue
[2025-07-22T09:09:53.739+0000] {logging_mixin.py:188} INFO - [2025-07-22T09:09:53.738+0000] {dagbag.py:545} INFO - Filling up the DagBag from /home/airflow/.local/lib/python3.12/site-packages/airflow/example_dags/example_bash_operator.py
[2025-07-22T09:09:53.751+0000] {processor.py:840} INFO - DAG(s) 'example_bash_operator' retrieved from /home/airflow/.local/lib/python3.12/site-packages/airflow/example_dags/example_bash_operator.py
[2025-07-22T09:09:53.781+0000] {logging_mixin.py:188} INFO - [2025-07-22T09:09:53.781+0000] {dag.py:3096} INFO - Sync 1 DAGs
[2025-07-22T09:09:53.804+0000] {logging_mixin.py:188} INFO - [2025-07-22T09:09:53.804+0000] {dag.py:3954} INFO - Setting next_dagrun for example_bash_operator to 2025-07-21 00:00:00+00:00, run_after=2025-07-22 00:00:00+00:00
[2025-07-22T09:09:53.825+0000] {processor.py:183} INFO - Processing /home/airflow/.local/lib/python3.12/site-packages/airflow/example_dags/example_bash_operator.py took 0.097 seconds
[2025-07-22T09:10:24.226+0000] {processor.py:161} INFO - Started process (PID=2218) to work on /home/airflow/.local/lib/python3.12/site-packages/airflow/example_dags/example_bash_operator.py
[2025-07-22T09:10:24.228+0000] {processor.py:830} INFO - Processing file /home/airflow/.local/lib/python3.12/site-packages/airflow/example_dags/example_bash_operator.py for tasks to queue
[2025-07-22T09:10:24.230+0000] {logging_mixin.py:188} INFO - [2025-07-22T09:10:24.230+0000] {dagbag.py:545} INFO - Filling up the DagBag from /home/airflow/.local/lib/python3.12/site-packages/airflow/example_dags/example_bash_operator.py
[2025-07-22T09:10:24.458+0000] {processor.py:840} INFO - DAG(s) 'example_bash_operator' retrieved from /home/airflow/.local/lib/python3.12/site-packages/airflow/example_dags/example_bash_operator.py
[2025-07-22T09:10:24.504+0000] {logging_mixin.py:188} INFO - [2025-07-22T09:10:24.504+0000] {dag.py:3096} INFO - Sync 1 DAGs
[2025-07-22T09:10:24.541+0000] {logging_mixin.py:188} INFO - [2025-07-22T09:10:24.540+0000] {dag.py:3954} INFO - Setting next_dagrun for example_bash_operator to 2025-07-21 00:00:00+00:00, run_after=2025-07-22 00:00:00+00:00
[2025-07-22T09:10:24.568+0000] {processor.py:183} INFO - Processing /home/airflow/.local/lib/python3.12/site-packages/airflow/example_dags/example_bash_operator.py took 0.349 seconds
[2025-07-22T09:10:54.864+0000] {processor.py:161} INFO - Started process (PID=2278) to work on /home/airflow/.local/lib/python3.12/site-packages/airflow/example_dags/example_bash_operator.py
[2025-07-22T09:10:54.865+0000] {processor.py:830} INFO - Processing file /home/airflow/.local/lib/python3.12/site-packages/airflow/example_dags/example_bash_operator.py for tasks to queue
[2025-07-22T09:10:54.868+0000] {logging_mixin.py:188} INFO - [2025-07-22T09:10:54.867+0000] {dagbag.py:545} INFO - Filling up the DagBag from /home/airflow/.local/lib/python3.12/site-packages/airflow/example_dags/example_bash_operator.py
[2025-07-22T09:10:54.880+0000] {processor.py:840} INFO - DAG(s) 'example_bash_operator' retrieved from /home/airflow/.local/lib/python3.12/site-packages/airflow/example_dags/example_bash_operator.py
[2025-07-22T09:10:54.912+0000] {logging_mixin.py:188} INFO - [2025-07-22T09:10:54.912+0000] {dag.py:3096} INFO - Sync 1 DAGs
[2025-07-22T09:10:54.938+0000] {logging_mixin.py:188} INFO - [2025-07-22T09:10:54.938+0000] {dag.py:3954} INFO - Setting next_dagrun for example_bash_operator to 2025-07-21 00:00:00+00:00, run_after=2025-07-22 00:00:00+00:00
[2025-07-22T09:10:54.962+0000] {processor.py:183} INFO - Processing /home/airflow/.local/lib/python3.12/site-packages/airflow/example_dags/example_bash_operator.py took 0.105 seconds
[2025-07-22T09:11:25.163+0000] {processor.py:161} INFO - Started process (PID=2338) to work on /home/airflow/.local/lib/python3.12/site-packages/airflow/example_dags/example_bash_operator.py
[2025-07-22T09:11:25.165+0000] {processor.py:830} INFO - Processing file /home/airflow/.local/lib/python3.12/site-packages/airflow/example_dags/example_bash_operator.py for tasks to queue
[2025-07-22T09:11:25.168+0000] {logging_mixin.py:188} INFO - [2025-07-22T09:11:25.167+0000] {dagbag.py:545} INFO - Filling up the DagBag from /home/airflow/.local/lib/python3.12/site-packages/airflow/example_dags/example_bash_operator.py
[2025-07-22T09:11:25.189+0000] {processor.py:840} INFO - DAG(s) 'example_bash_operator' retrieved from /home/airflow/.local/lib/python3.12/site-packages/airflow/example_dags/example_bash_operator.py
[2025-07-22T09:11:25.226+0000] {logging_mixin.py:188} INFO - [2025-07-22T09:11:25.226+0000] {dag.py:3096} INFO - Sync 1 DAGs
[2025-07-22T09:11:25.257+0000] {logging_mixin.py:188} INFO - [2025-07-22T09:11:25.257+0000] {dag.py:3954} INFO - Setting next_dagrun for example_bash_operator to 2025-07-21 00:00:00+00:00, run_after=2025-07-22 00:00:00+00:00
[2025-07-22T09:11:25.283+0000] {processor.py:183} INFO - Processing /home/airflow/.local/lib/python3.12/site-packages/airflow/example_dags/example_bash_operator.py took 0.130 seconds
[2025-07-22T09:11:55.408+0000] {processor.py:161} INFO - Started process (PID=2398) to work on /home/airflow/.local/lib/python3.12/site-packages/airflow/example_dags/example_bash_operator.py
[2025-07-22T09:11:55.409+0000] {processor.py:830} INFO - Processing file /home/airflow/.local/lib/python3.12/site-packages/airflow/example_dags/example_bash_operator.py for tasks to queue
[2025-07-22T09:11:55.411+0000] {logging_mixin.py:188} INFO - [2025-07-22T09:11:55.411+0000] {dagbag.py:545} INFO - Filling up the DagBag from /home/airflow/.local/lib/python3.12/site-packages/airflow/example_dags/example_bash_operator.py
[2025-07-22T09:11:55.425+0000] {processor.py:840} INFO - DAG(s) 'example_bash_operator' retrieved from /home/airflow/.local/lib/python3.12/site-packages/airflow/example_dags/example_bash_operator.py
[2025-07-22T09:11:55.457+0000] {logging_mixin.py:188} INFO - [2025-07-22T09:11:55.457+0000] {dag.py:3096} INFO - Sync 1 DAGs
[2025-07-22T09:11:55.482+0000] {logging_mixin.py:188} INFO - [2025-07-22T09:11:55.482+0000] {dag.py:3954} INFO - Setting next_dagrun for example_bash_operator to 2025-07-21 00:00:00+00:00, run_after=2025-07-22 00:00:00+00:00
[2025-07-22T09:11:55.503+0000] {processor.py:183} INFO - Processing /home/airflow/.local/lib/python3.12/site-packages/airflow/example_dags/example_bash_operator.py took 0.102 seconds
[2025-07-22T09:12:25.824+0000] {processor.py:161} INFO - Started process (PID=2458) to work on /home/airflow/.local/lib/python3.12/site-packages/airflow/example_dags/example_bash_operator.py
[2025-07-22T09:12:25.825+0000] {processor.py:830} INFO - Processing file /home/airflow/.local/lib/python3.12/site-packages/airflow/example_dags/example_bash_operator.py for tasks to queue
[2025-07-22T09:12:25.827+0000] {logging_mixin.py:188} INFO - [2025-07-22T09:12:25.827+0000] {dagbag.py:545} INFO - Filling up the DagBag from /home/airflow/.local/lib/python3.12/site-packages/airflow/example_dags/example_bash_operator.py
[2025-07-22T09:12:25.839+0000] {processor.py:840} INFO - DAG(s) 'example_bash_operator' retrieved from /home/airflow/.local/lib/python3.12/site-packages/airflow/example_dags/example_bash_operator.py
[2025-07-22T09:12:25.872+0000] {logging_mixin.py:188} INFO - [2025-07-22T09:12:25.872+0000] {dag.py:3096} INFO - Sync 1 DAGs
[2025-07-22T09:12:25.897+0000] {logging_mixin.py:188} INFO - [2025-07-22T09:12:25.896+0000] {dag.py:3954} INFO - Setting next_dagrun for example_bash_operator to 2025-07-21 00:00:00+00:00, run_after=2025-07-22 00:00:00+00:00
[2025-07-22T09:12:25.930+0000] {processor.py:183} INFO - Processing /home/airflow/.local/lib/python3.12/site-packages/airflow/example_dags/example_bash_operator.py took 0.113 seconds
[2025-07-22T09:12:56.135+0000] {processor.py:161} INFO - Started process (PID=2518) to work on /home/airflow/.local/lib/python3.12/site-packages/airflow/example_dags/example_bash_operator.py
[2025-07-22T09:12:56.137+0000] {processor.py:830} INFO - Processing file /home/airflow/.local/lib/python3.12/site-packages/airflow/example_dags/example_bash_operator.py for tasks to queue
[2025-07-22T09:12:56.140+0000] {logging_mixin.py:188} INFO - [2025-07-22T09:12:56.140+0000] {dagbag.py:545} INFO - Filling up the DagBag from /home/airflow/.local/lib/python3.12/site-packages/airflow/example_dags/example_bash_operator.py
[2025-07-22T09:12:56.154+0000] {processor.py:840} INFO - DAG(s) 'example_bash_operator' retrieved from /home/airflow/.local/lib/python3.12/site-packages/airflow/example_dags/example_bash_operator.py
[2025-07-22T09:12:56.184+0000] {logging_mixin.py:188} INFO - [2025-07-22T09:12:56.184+0000] {dag.py:3096} INFO - Sync 1 DAGs
[2025-07-22T09:12:56.214+0000] {logging_mixin.py:188} INFO - [2025-07-22T09:12:56.214+0000] {dag.py:3954} INFO - Setting next_dagrun for example_bash_operator to 2025-07-21 00:00:00+00:00, run_after=2025-07-22 00:00:00+00:00
[2025-07-22T09:12:56.243+0000] {processor.py:183} INFO - Processing /home/airflow/.local/lib/python3.12/site-packages/airflow/example_dags/example_bash_operator.py took 0.118 seconds
[2025-07-22T09:13:26.571+0000] {processor.py:161} INFO - Started process (PID=2578) to work on /home/airflow/.local/lib/python3.12/site-packages/airflow/example_dags/example_bash_operator.py
[2025-07-22T09:13:26.573+0000] {processor.py:830} INFO - Processing file /home/airflow/.local/lib/python3.12/site-packages/airflow/example_dags/example_bash_operator.py for tasks to queue
[2025-07-22T09:13:26.575+0000] {logging_mixin.py:188} INFO - [2025-07-22T09:13:26.575+0000] {dagbag.py:545} INFO - Filling up the DagBag from /home/airflow/.local/lib/python3.12/site-packages/airflow/example_dags/example_bash_operator.py
[2025-07-22T09:13:26.587+0000] {processor.py:840} INFO - DAG(s) 'example_bash_operator' retrieved from /home/airflow/.local/lib/python3.12/site-packages/airflow/example_dags/example_bash_operator.py
[2025-07-22T09:13:26.619+0000] {logging_mixin.py:188} INFO - [2025-07-22T09:13:26.618+0000] {dag.py:3096} INFO - Sync 1 DAGs
[2025-07-22T09:13:26.645+0000] {logging_mixin.py:188} INFO - [2025-07-22T09:13:26.644+0000] {dag.py:3954} INFO - Setting next_dagrun for example_bash_operator to 2025-07-21 00:00:00+00:00, run_after=2025-07-22 00:00:00+00:00
[2025-07-22T09:13:26.667+0000] {processor.py:183} INFO - Processing /home/airflow/.local/lib/python3.12/site-packages/airflow/example_dags/example_bash_operator.py took 0.102 seconds
[2025-07-22T09:13:56.887+0000] {processor.py:161} INFO - Started process (PID=2638) to work on /home/airflow/.local/lib/python3.12/site-packages/airflow/example_dags/example_bash_operator.py
[2025-07-22T09:13:56.888+0000] {processor.py:830} INFO - Processing file /home/airflow/.local/lib/python3.12/site-packages/airflow/example_dags/example_bash_operator.py for tasks to queue
[2025-07-22T09:13:56.891+0000] {logging_mixin.py:188} INFO - [2025-07-22T09:13:56.890+0000] {dagbag.py:545} INFO - Filling up the DagBag from /home/airflow/.local/lib/python3.12/site-packages/airflow/example_dags/example_bash_operator.py
[2025-07-22T09:13:56.905+0000] {processor.py:840} INFO - DAG(s) 'example_bash_operator' retrieved from /home/airflow/.local/lib/python3.12/site-packages/airflow/example_dags/example_bash_operator.py
[2025-07-22T09:13:56.939+0000] {logging_mixin.py:188} INFO - [2025-07-22T09:13:56.938+0000] {dag.py:3096} INFO - Sync 1 DAGs
[2025-07-22T09:13:56.967+0000] {logging_mixin.py:188} INFO - [2025-07-22T09:13:56.967+0000] {dag.py:3954} INFO - Setting next_dagrun for example_bash_operator to 2025-07-21 00:00:00+00:00, run_after=2025-07-22 00:00:00+00:00
[2025-07-22T09:13:56.989+0000] {processor.py:183} INFO - Processing /home/airflow/.local/lib/python3.12/site-packages/airflow/example_dags/example_bash_operator.py took 0.108 seconds
[2025-07-22T09:14:27.138+0000] {processor.py:161} INFO - Started process (PID=2699) to work on /home/airflow/.local/lib/python3.12/site-packages/airflow/example_dags/example_bash_operator.py
[2025-07-22T09:14:27.139+0000] {processor.py:830} INFO - Processing file /home/airflow/.local/lib/python3.12/site-packages/airflow/example_dags/example_bash_operator.py for tasks to queue
[2025-07-22T09:14:27.142+0000] {logging_mixin.py:188} INFO - [2025-07-22T09:14:27.141+0000] {dagbag.py:545} INFO - Filling up the DagBag from /home/airflow/.local/lib/python3.12/site-packages/airflow/example_dags/example_bash_operator.py
[2025-07-22T09:14:27.154+0000] {processor.py:840} INFO - DAG(s) 'example_bash_operator' retrieved from /home/airflow/.local/lib/python3.12/site-packages/airflow/example_dags/example_bash_operator.py
[2025-07-22T09:14:27.185+0000] {logging_mixin.py:188} INFO - [2025-07-22T09:14:27.184+0000] {dag.py:3096} INFO - Sync 1 DAGs
[2025-07-22T09:14:27.209+0000] {logging_mixin.py:188} INFO - [2025-07-22T09:14:27.209+0000] {dag.py:3954} INFO - Setting next_dagrun for example_bash_operator to 2025-07-21 00:00:00+00:00, run_after=2025-07-22 00:00:00+00:00
[2025-07-22T09:14:27.231+0000] {processor.py:183} INFO - Processing /home/airflow/.local/lib/python3.12/site-packages/airflow/example_dags/example_bash_operator.py took 0.100 seconds
[2025-07-22T09:14:57.330+0000] {processor.py:161} INFO - Started process (PID=2759) to work on /home/airflow/.local/lib/python3.12/site-packages/airflow/example_dags/example_bash_operator.py
[2025-07-22T09:14:57.331+0000] {processor.py:830} INFO - Processing file /home/airflow/.local/lib/python3.12/site-packages/airflow/example_dags/example_bash_operator.py for tasks to queue
[2025-07-22T09:14:57.333+0000] {logging_mixin.py:188} INFO - [2025-07-22T09:14:57.333+0000] {dagbag.py:545} INFO - Filling up the DagBag from /home/airflow/.local/lib/python3.12/site-packages/airflow/example_dags/example_bash_operator.py
[2025-07-22T09:14:57.345+0000] {processor.py:840} INFO - DAG(s) 'example_bash_operator' retrieved from /home/airflow/.local/lib/python3.12/site-packages/airflow/example_dags/example_bash_operator.py
[2025-07-22T09:14:57.379+0000] {logging_mixin.py:188} INFO - [2025-07-22T09:14:57.379+0000] {dag.py:3096} INFO - Sync 1 DAGs
[2025-07-22T09:14:57.405+0000] {logging_mixin.py:188} INFO - [2025-07-22T09:14:57.405+0000] {dag.py:3954} INFO - Setting next_dagrun for example_bash_operator to 2025-07-21 00:00:00+00:00, run_after=2025-07-22 00:00:00+00:00
[2025-07-22T09:14:57.464+0000] {processor.py:183} INFO - Processing /home/airflow/.local/lib/python3.12/site-packages/airflow/example_dags/example_bash_operator.py took 0.141 seconds
[2025-07-22T09:15:27.573+0000] {processor.py:161} INFO - Started process (PID=2817) to work on /home/airflow/.local/lib/python3.12/site-packages/airflow/example_dags/example_bash_operator.py
[2025-07-22T09:15:27.574+0000] {processor.py:830} INFO - Processing file /home/airflow/.local/lib/python3.12/site-packages/airflow/example_dags/example_bash_operator.py for tasks to queue
[2025-07-22T09:15:27.577+0000] {logging_mixin.py:188} INFO - [2025-07-22T09:15:27.577+0000] {dagbag.py:545} INFO - Filling up the DagBag from /home/airflow/.local/lib/python3.12/site-packages/airflow/example_dags/example_bash_operator.py
[2025-07-22T09:15:27.591+0000] {processor.py:840} INFO - DAG(s) 'example_bash_operator' retrieved from /home/airflow/.local/lib/python3.12/site-packages/airflow/example_dags/example_bash_operator.py
[2025-07-22T09:15:27.627+0000] {logging_mixin.py:188} INFO - [2025-07-22T09:15:27.626+0000] {dag.py:3096} INFO - Sync 1 DAGs
[2025-07-22T09:15:27.653+0000] {logging_mixin.py:188} INFO - [2025-07-22T09:15:27.653+0000] {dag.py:3954} INFO - Setting next_dagrun for example_bash_operator to 2025-07-21 00:00:00+00:00, run_after=2025-07-22 00:00:00+00:00
[2025-07-22T09:15:27.678+0000] {processor.py:183} INFO - Processing /home/airflow/.local/lib/python3.12/site-packages/airflow/example_dags/example_bash_operator.py took 0.111 seconds
[2025-07-22T09:15:57.821+0000] {processor.py:161} INFO - Started process (PID=2877) to work on /home/airflow/.local/lib/python3.12/site-packages/airflow/example_dags/example_bash_operator.py
[2025-07-22T09:15:57.823+0000] {processor.py:830} INFO - Processing file /home/airflow/.local/lib/python3.12/site-packages/airflow/example_dags/example_bash_operator.py for tasks to queue
[2025-07-22T09:15:57.825+0000] {logging_mixin.py:188} INFO - [2025-07-22T09:15:57.825+0000] {dagbag.py:545} INFO - Filling up the DagBag from /home/airflow/.local/lib/python3.12/site-packages/airflow/example_dags/example_bash_operator.py
[2025-07-22T09:15:57.839+0000] {processor.py:840} INFO - DAG(s) 'example_bash_operator' retrieved from /home/airflow/.local/lib/python3.12/site-packages/airflow/example_dags/example_bash_operator.py
[2025-07-22T09:15:57.874+0000] {logging_mixin.py:188} INFO - [2025-07-22T09:15:57.874+0000] {dag.py:3096} INFO - Sync 1 DAGs
[2025-07-22T09:15:57.902+0000] {logging_mixin.py:188} INFO - [2025-07-22T09:15:57.902+0000] {dag.py:3954} INFO - Setting next_dagrun for example_bash_operator to 2025-07-21 00:00:00+00:00, run_after=2025-07-22 00:00:00+00:00
[2025-07-22T09:15:57.926+0000] {processor.py:183} INFO - Processing /home/airflow/.local/lib/python3.12/site-packages/airflow/example_dags/example_bash_operator.py took 0.113 seconds
[2025-07-22T09:16:27.976+0000] {processor.py:161} INFO - Started process (PID=2937) to work on /home/airflow/.local/lib/python3.12/site-packages/airflow/example_dags/example_bash_operator.py
[2025-07-22T09:16:27.978+0000] {processor.py:830} INFO - Processing file /home/airflow/.local/lib/python3.12/site-packages/airflow/example_dags/example_bash_operator.py for tasks to queue
[2025-07-22T09:16:27.980+0000] {logging_mixin.py:188} INFO - [2025-07-22T09:16:27.980+0000] {dagbag.py:545} INFO - Filling up the DagBag from /home/airflow/.local/lib/python3.12/site-packages/airflow/example_dags/example_bash_operator.py
[2025-07-22T09:16:27.994+0000] {processor.py:840} INFO - DAG(s) 'example_bash_operator' retrieved from /home/airflow/.local/lib/python3.12/site-packages/airflow/example_dags/example_bash_operator.py
[2025-07-22T09:16:28.033+0000] {logging_mixin.py:188} INFO - [2025-07-22T09:16:28.033+0000] {dag.py:3096} INFO - Sync 1 DAGs
[2025-07-22T09:16:28.061+0000] {logging_mixin.py:188} INFO - [2025-07-22T09:16:28.061+0000] {dag.py:3954} INFO - Setting next_dagrun for example_bash_operator to 2025-07-21 00:00:00+00:00, run_after=2025-07-22 00:00:00+00:00
[2025-07-22T09:16:28.087+0000] {processor.py:183} INFO - Processing /home/airflow/.local/lib/python3.12/site-packages/airflow/example_dags/example_bash_operator.py took 0.118 seconds
[2025-07-22T09:16:59.101+0000] {processor.py:161} INFO - Started process (PID=2997) to work on /home/airflow/.local/lib/python3.12/site-packages/airflow/example_dags/example_bash_operator.py
[2025-07-22T09:16:59.103+0000] {processor.py:830} INFO - Processing file /home/airflow/.local/lib/python3.12/site-packages/airflow/example_dags/example_bash_operator.py for tasks to queue
[2025-07-22T09:16:59.106+0000] {logging_mixin.py:188} INFO - [2025-07-22T09:16:59.105+0000] {dagbag.py:545} INFO - Filling up the DagBag from /home/airflow/.local/lib/python3.12/site-packages/airflow/example_dags/example_bash_operator.py
[2025-07-22T09:16:59.123+0000] {processor.py:840} INFO - DAG(s) 'example_bash_operator' retrieved from /home/airflow/.local/lib/python3.12/site-packages/airflow/example_dags/example_bash_operator.py
[2025-07-22T09:16:59.163+0000] {logging_mixin.py:188} INFO - [2025-07-22T09:16:59.162+0000] {dag.py:3096} INFO - Sync 1 DAGs
[2025-07-22T09:16:59.193+0000] {logging_mixin.py:188} INFO - [2025-07-22T09:16:59.193+0000] {dag.py:3954} INFO - Setting next_dagrun for example_bash_operator to 2025-07-21 00:00:00+00:00, run_after=2025-07-22 00:00:00+00:00
[2025-07-22T09:16:59.220+0000] {processor.py:183} INFO - Processing /home/airflow/.local/lib/python3.12/site-packages/airflow/example_dags/example_bash_operator.py took 0.126 seconds
[2025-07-22T09:17:29.826+0000] {processor.py:161} INFO - Started process (PID=3057) to work on /home/airflow/.local/lib/python3.12/site-packages/airflow/example_dags/example_bash_operator.py
[2025-07-22T09:17:29.827+0000] {processor.py:830} INFO - Processing file /home/airflow/.local/lib/python3.12/site-packages/airflow/example_dags/example_bash_operator.py for tasks to queue
[2025-07-22T09:17:29.830+0000] {logging_mixin.py:188} INFO - [2025-07-22T09:17:29.830+0000] {dagbag.py:545} INFO - Filling up the DagBag from /home/airflow/.local/lib/python3.12/site-packages/airflow/example_dags/example_bash_operator.py
[2025-07-22T09:17:29.842+0000] {processor.py:840} INFO - DAG(s) 'example_bash_operator' retrieved from /home/airflow/.local/lib/python3.12/site-packages/airflow/example_dags/example_bash_operator.py
[2025-07-22T09:17:29.874+0000] {logging_mixin.py:188} INFO - [2025-07-22T09:17:29.873+0000] {dag.py:3096} INFO - Sync 1 DAGs
[2025-07-22T09:17:29.898+0000] {logging_mixin.py:188} INFO - [2025-07-22T09:17:29.898+0000] {dag.py:3954} INFO - Setting next_dagrun for example_bash_operator to 2025-07-21 00:00:00+00:00, run_after=2025-07-22 00:00:00+00:00
[2025-07-22T09:17:29.922+0000] {processor.py:183} INFO - Processing /home/airflow/.local/lib/python3.12/site-packages/airflow/example_dags/example_bash_operator.py took 0.102 seconds
[2025-07-22T09:18:00.073+0000] {processor.py:161} INFO - Started process (PID=3117) to work on /home/airflow/.local/lib/python3.12/site-packages/airflow/example_dags/example_bash_operator.py
[2025-07-22T09:18:00.074+0000] {processor.py:830} INFO - Processing file /home/airflow/.local/lib/python3.12/site-packages/airflow/example_dags/example_bash_operator.py for tasks to queue
[2025-07-22T09:18:00.076+0000] {logging_mixin.py:188} INFO - [2025-07-22T09:18:00.076+0000] {dagbag.py:545} INFO - Filling up the DagBag from /home/airflow/.local/lib/python3.12/site-packages/airflow/example_dags/example_bash_operator.py
[2025-07-22T09:18:00.088+0000] {processor.py:840} INFO - DAG(s) 'example_bash_operator' retrieved from /home/airflow/.local/lib/python3.12/site-packages/airflow/example_dags/example_bash_operator.py
[2025-07-22T09:18:00.119+0000] {logging_mixin.py:188} INFO - [2025-07-22T09:18:00.119+0000] {dag.py:3096} INFO - Sync 1 DAGs
[2025-07-22T09:18:00.146+0000] {logging_mixin.py:188} INFO - [2025-07-22T09:18:00.145+0000] {dag.py:3954} INFO - Setting next_dagrun for example_bash_operator to 2025-07-21 00:00:00+00:00, run_after=2025-07-22 00:00:00+00:00
[2025-07-22T09:18:00.168+0000] {processor.py:183} INFO - Processing /home/airflow/.local/lib/python3.12/site-packages/airflow/example_dags/example_bash_operator.py took 0.102 seconds
[2025-07-22T09:18:31.003+0000] {processor.py:161} INFO - Started process (PID=3177) to work on /home/airflow/.local/lib/python3.12/site-packages/airflow/example_dags/example_bash_operator.py
[2025-07-22T09:18:31.005+0000] {processor.py:830} INFO - Processing file /home/airflow/.local/lib/python3.12/site-packages/airflow/example_dags/example_bash_operator.py for tasks to queue
[2025-07-22T09:18:31.008+0000] {logging_mixin.py:188} INFO - [2025-07-22T09:18:31.008+0000] {dagbag.py:545} INFO - Filling up the DagBag from /home/airflow/.local/lib/python3.12/site-packages/airflow/example_dags/example_bash_operator.py
[2025-07-22T09:18:31.022+0000] {processor.py:840} INFO - DAG(s) 'example_bash_operator' retrieved from /home/airflow/.local/lib/python3.12/site-packages/airflow/example_dags/example_bash_operator.py
[2025-07-22T09:18:31.058+0000] {logging_mixin.py:188} INFO - [2025-07-22T09:18:31.058+0000] {dag.py:3096} INFO - Sync 1 DAGs
[2025-07-22T09:18:31.086+0000] {logging_mixin.py:188} INFO - [2025-07-22T09:18:31.085+0000] {dag.py:3954} INFO - Setting next_dagrun for example_bash_operator to 2025-07-21 00:00:00+00:00, run_after=2025-07-22 00:00:00+00:00
[2025-07-22T09:18:31.113+0000] {processor.py:183} INFO - Processing /home/airflow/.local/lib/python3.12/site-packages/airflow/example_dags/example_bash_operator.py took 0.116 seconds
[2025-07-22T09:19:01.478+0000] {processor.py:161} INFO - Started process (PID=3237) to work on /home/airflow/.local/lib/python3.12/site-packages/airflow/example_dags/example_bash_operator.py
[2025-07-22T09:19:01.479+0000] {processor.py:830} INFO - Processing file /home/airflow/.local/lib/python3.12/site-packages/airflow/example_dags/example_bash_operator.py for tasks to queue
[2025-07-22T09:19:01.481+0000] {logging_mixin.py:188} INFO - [2025-07-22T09:19:01.481+0000] {dagbag.py:545} INFO - Filling up the DagBag from /home/airflow/.local/lib/python3.12/site-packages/airflow/example_dags/example_bash_operator.py
[2025-07-22T09:19:01.494+0000] {processor.py:840} INFO - DAG(s) 'example_bash_operator' retrieved from /home/airflow/.local/lib/python3.12/site-packages/airflow/example_dags/example_bash_operator.py
[2025-07-22T09:19:01.525+0000] {logging_mixin.py:188} INFO - [2025-07-22T09:19:01.524+0000] {dag.py:3096} INFO - Sync 1 DAGs
[2025-07-22T09:19:01.552+0000] {logging_mixin.py:188} INFO - [2025-07-22T09:19:01.551+0000] {dag.py:3954} INFO - Setting next_dagrun for example_bash_operator to 2025-07-21 00:00:00+00:00, run_after=2025-07-22 00:00:00+00:00
[2025-07-22T09:19:01.574+0000] {processor.py:183} INFO - Processing /home/airflow/.local/lib/python3.12/site-packages/airflow/example_dags/example_bash_operator.py took 0.103 seconds
[2025-07-22T09:19:32.150+0000] {processor.py:161} INFO - Started process (PID=3297) to work on /home/airflow/.local/lib/python3.12/site-packages/airflow/example_dags/example_bash_operator.py
[2025-07-22T09:19:32.151+0000] {processor.py:830} INFO - Processing file /home/airflow/.local/lib/python3.12/site-packages/airflow/example_dags/example_bash_operator.py for tasks to queue
[2025-07-22T09:19:32.153+0000] {logging_mixin.py:188} INFO - [2025-07-22T09:19:32.153+0000] {dagbag.py:545} INFO - Filling up the DagBag from /home/airflow/.local/lib/python3.12/site-packages/airflow/example_dags/example_bash_operator.py
[2025-07-22T09:19:32.170+0000] {processor.py:840} INFO - DAG(s) 'example_bash_operator' retrieved from /home/airflow/.local/lib/python3.12/site-packages/airflow/example_dags/example_bash_operator.py
[2025-07-22T09:19:32.208+0000] {logging_mixin.py:188} INFO - [2025-07-22T09:19:32.208+0000] {dag.py:3096} INFO - Sync 1 DAGs
[2025-07-22T09:19:32.233+0000] {logging_mixin.py:188} INFO - [2025-07-22T09:19:32.233+0000] {dag.py:3954} INFO - Setting next_dagrun for example_bash_operator to 2025-07-21 00:00:00+00:00, run_after=2025-07-22 00:00:00+00:00
[2025-07-22T09:19:32.262+0000] {processor.py:183} INFO - Processing /home/airflow/.local/lib/python3.12/site-packages/airflow/example_dags/example_bash_operator.py took 0.120 seconds
[2025-07-22T09:20:02.667+0000] {processor.py:161} INFO - Started process (PID=3357) to work on /home/airflow/.local/lib/python3.12/site-packages/airflow/example_dags/example_bash_operator.py
[2025-07-22T09:20:02.669+0000] {processor.py:830} INFO - Processing file /home/airflow/.local/lib/python3.12/site-packages/airflow/example_dags/example_bash_operator.py for tasks to queue
[2025-07-22T09:20:02.673+0000] {logging_mixin.py:188} INFO - [2025-07-22T09:20:02.672+0000] {dagbag.py:545} INFO - Filling up the DagBag from /home/airflow/.local/lib/python3.12/site-packages/airflow/example_dags/example_bash_operator.py
[2025-07-22T09:20:02.686+0000] {processor.py:840} INFO - DAG(s) 'example_bash_operator' retrieved from /home/airflow/.local/lib/python3.12/site-packages/airflow/example_dags/example_bash_operator.py
[2025-07-22T09:20:02.717+0000] {logging_mixin.py:188} INFO - [2025-07-22T09:20:02.717+0000] {dag.py:3096} INFO - Sync 1 DAGs
[2025-07-22T09:20:02.742+0000] {logging_mixin.py:188} INFO - [2025-07-22T09:20:02.742+0000] {dag.py:3954} INFO - Setting next_dagrun for example_bash_operator to 2025-07-21 00:00:00+00:00, run_after=2025-07-22 00:00:00+00:00
[2025-07-22T09:20:02.764+0000] {processor.py:183} INFO - Processing /home/airflow/.local/lib/python3.12/site-packages/airflow/example_dags/example_bash_operator.py took 0.108 seconds
[2025-07-22T09:20:33.004+0000] {processor.py:161} INFO - Started process (PID=3417) to work on /home/airflow/.local/lib/python3.12/site-packages/airflow/example_dags/example_bash_operator.py
[2025-07-22T09:20:33.005+0000] {processor.py:830} INFO - Processing file /home/airflow/.local/lib/python3.12/site-packages/airflow/example_dags/example_bash_operator.py for tasks to queue
[2025-07-22T09:20:33.007+0000] {logging_mixin.py:188} INFO - [2025-07-22T09:20:33.007+0000] {dagbag.py:545} INFO - Filling up the DagBag from /home/airflow/.local/lib/python3.12/site-packages/airflow/example_dags/example_bash_operator.py
[2025-07-22T09:20:33.019+0000] {processor.py:840} INFO - DAG(s) 'example_bash_operator' retrieved from /home/airflow/.local/lib/python3.12/site-packages/airflow/example_dags/example_bash_operator.py
[2025-07-22T09:20:33.052+0000] {logging_mixin.py:188} INFO - [2025-07-22T09:20:33.052+0000] {dag.py:3096} INFO - Sync 1 DAGs
[2025-07-22T09:20:33.077+0000] {logging_mixin.py:188} INFO - [2025-07-22T09:20:33.077+0000] {dag.py:3954} INFO - Setting next_dagrun for example_bash_operator to 2025-07-21 00:00:00+00:00, run_after=2025-07-22 00:00:00+00:00
[2025-07-22T09:20:33.098+0000] {processor.py:183} INFO - Processing /home/airflow/.local/lib/python3.12/site-packages/airflow/example_dags/example_bash_operator.py took 0.101 seconds
[2025-07-22T09:21:03.346+0000] {processor.py:161} INFO - Started process (PID=3477) to work on /home/airflow/.local/lib/python3.12/site-packages/airflow/example_dags/example_bash_operator.py
[2025-07-22T09:21:03.348+0000] {processor.py:830} INFO - Processing file /home/airflow/.local/lib/python3.12/site-packages/airflow/example_dags/example_bash_operator.py for tasks to queue
[2025-07-22T09:21:03.350+0000] {logging_mixin.py:188} INFO - [2025-07-22T09:21:03.350+0000] {dagbag.py:545} INFO - Filling up the DagBag from /home/airflow/.local/lib/python3.12/site-packages/airflow/example_dags/example_bash_operator.py
[2025-07-22T09:21:03.363+0000] {processor.py:840} INFO - DAG(s) 'example_bash_operator' retrieved from /home/airflow/.local/lib/python3.12/site-packages/airflow/example_dags/example_bash_operator.py
[2025-07-22T09:21:03.394+0000] {logging_mixin.py:188} INFO - [2025-07-22T09:21:03.393+0000] {dag.py:3096} INFO - Sync 1 DAGs
[2025-07-22T09:21:03.418+0000] {logging_mixin.py:188} INFO - [2025-07-22T09:21:03.418+0000] {dag.py:3954} INFO - Setting next_dagrun for example_bash_operator to 2025-07-21 00:00:00+00:00, run_after=2025-07-22 00:00:00+00:00
[2025-07-22T09:21:03.440+0000] {processor.py:183} INFO - Processing /home/airflow/.local/lib/python3.12/site-packages/airflow/example_dags/example_bash_operator.py took 0.100 seconds
[2025-07-22T09:21:33.541+0000] {processor.py:161} INFO - Started process (PID=3538) to work on /home/airflow/.local/lib/python3.12/site-packages/airflow/example_dags/example_bash_operator.py
[2025-07-22T09:21:33.543+0000] {processor.py:830} INFO - Processing file /home/airflow/.local/lib/python3.12/site-packages/airflow/example_dags/example_bash_operator.py for tasks to queue
[2025-07-22T09:21:33.545+0000] {logging_mixin.py:188} INFO - [2025-07-22T09:21:33.545+0000] {dagbag.py:545} INFO - Filling up the DagBag from /home/airflow/.local/lib/python3.12/site-packages/airflow/example_dags/example_bash_operator.py
[2025-07-22T09:21:33.558+0000] {processor.py:840} INFO - DAG(s) 'example_bash_operator' retrieved from /home/airflow/.local/lib/python3.12/site-packages/airflow/example_dags/example_bash_operator.py
[2025-07-22T09:21:33.592+0000] {logging_mixin.py:188} INFO - [2025-07-22T09:21:33.592+0000] {dag.py:3096} INFO - Sync 1 DAGs
[2025-07-22T09:21:33.618+0000] {logging_mixin.py:188} INFO - [2025-07-22T09:21:33.618+0000] {dag.py:3954} INFO - Setting next_dagrun for example_bash_operator to 2025-07-21 00:00:00+00:00, run_after=2025-07-22 00:00:00+00:00
[2025-07-22T09:21:33.642+0000] {processor.py:183} INFO - Processing /home/airflow/.local/lib/python3.12/site-packages/airflow/example_dags/example_bash_operator.py took 0.108 seconds
[2025-07-22T09:22:03.818+0000] {processor.py:161} INFO - Started process (PID=3598) to work on /home/airflow/.local/lib/python3.12/site-packages/airflow/example_dags/example_bash_operator.py
[2025-07-22T09:22:03.819+0000] {processor.py:830} INFO - Processing file /home/airflow/.local/lib/python3.12/site-packages/airflow/example_dags/example_bash_operator.py for tasks to queue
[2025-07-22T09:22:03.822+0000] {logging_mixin.py:188} INFO - [2025-07-22T09:22:03.822+0000] {dagbag.py:545} INFO - Filling up the DagBag from /home/airflow/.local/lib/python3.12/site-packages/airflow/example_dags/example_bash_operator.py
[2025-07-22T09:22:03.838+0000] {processor.py:840} INFO - DAG(s) 'example_bash_operator' retrieved from /home/airflow/.local/lib/python3.12/site-packages/airflow/example_dags/example_bash_operator.py
[2025-07-22T09:22:03.875+0000] {logging_mixin.py:188} INFO - [2025-07-22T09:22:03.875+0000] {dag.py:3096} INFO - Sync 1 DAGs
[2025-07-22T09:22:03.906+0000] {logging_mixin.py:188} INFO - [2025-07-22T09:22:03.906+0000] {dag.py:3954} INFO - Setting next_dagrun for example_bash_operator to 2025-07-21 00:00:00+00:00, run_after=2025-07-22 00:00:00+00:00
[2025-07-22T09:22:03.940+0000] {processor.py:183} INFO - Processing /home/airflow/.local/lib/python3.12/site-packages/airflow/example_dags/example_bash_operator.py took 0.130 seconds
[2025-07-22T09:22:34.484+0000] {processor.py:161} INFO - Started process (PID=3658) to work on /home/airflow/.local/lib/python3.12/site-packages/airflow/example_dags/example_bash_operator.py
[2025-07-22T09:22:34.487+0000] {processor.py:830} INFO - Processing file /home/airflow/.local/lib/python3.12/site-packages/airflow/example_dags/example_bash_operator.py for tasks to queue
[2025-07-22T09:22:34.496+0000] {logging_mixin.py:188} INFO - [2025-07-22T09:22:34.495+0000] {dagbag.py:545} INFO - Filling up the DagBag from /home/airflow/.local/lib/python3.12/site-packages/airflow/example_dags/example_bash_operator.py
[2025-07-22T09:22:34.543+0000] {processor.py:840} INFO - DAG(s) 'example_bash_operator' retrieved from /home/airflow/.local/lib/python3.12/site-packages/airflow/example_dags/example_bash_operator.py
[2025-07-22T09:22:34.667+0000] {logging_mixin.py:188} INFO - [2025-07-22T09:22:34.666+0000] {dag.py:3096} INFO - Sync 1 DAGs
[2025-07-22T09:22:34.716+0000] {logging_mixin.py:188} INFO - [2025-07-22T09:22:34.716+0000] {dag.py:3954} INFO - Setting next_dagrun for example_bash_operator to 2025-07-21 00:00:00+00:00, run_after=2025-07-22 00:00:00+00:00
[2025-07-22T09:22:34.744+0000] {processor.py:183} INFO - Processing /home/airflow/.local/lib/python3.12/site-packages/airflow/example_dags/example_bash_operator.py took 0.278 seconds
