[2025-07-22T08:52:06.704+0000] {processor.py:161} INFO - Started process (PID=86) to work on /home/airflow/.local/lib/python3.12/site-packages/airflow/example_dags/example_branch_labels.py
[2025-07-22T08:52:06.706+0000] {processor.py:830} INFO - Processing file /home/airflow/.local/lib/python3.12/site-packages/airflow/example_dags/example_branch_labels.py for tasks to queue
[2025-07-22T08:52:06.711+0000] {logging_mixin.py:188} INFO - [2025-07-22T08:52:06.710+0000] {dagbag.py:545} INFO - Filling up the DagBag from /home/airflow/.local/lib/python3.12/site-packages/airflow/example_dags/example_branch_labels.py
[2025-07-22T08:52:06.734+0000] {processor.py:840} INFO - DAG(s) 'example_branch_labels' retrieved from /home/airflow/.local/lib/python3.12/site-packages/airflow/example_dags/example_branch_labels.py
[2025-07-22T08:52:07.073+0000] {logging_mixin.py:188} INFO - [2025-07-22T08:52:07.073+0000] {dag.py:3096} INFO - Sync 1 DAGs
[2025-07-22T08:52:07.128+0000] {logging_mixin.py:188} INFO - [2025-07-22T08:52:07.127+0000] {dag.py:3954} INFO - Setting next_dagrun for example_branch_labels to 2025-07-21 00:00:00+00:00, run_after=2025-07-22 00:00:00+00:00
[2025-07-22T08:52:07.178+0000] {processor.py:183} INFO - Processing /home/airflow/.local/lib/python3.12/site-packages/airflow/example_dags/example_branch_labels.py took 0.487 seconds
[2025-07-22T08:52:38.119+0000] {processor.py:161} INFO - Started process (PID=144) to work on /home/airflow/.local/lib/python3.12/site-packages/airflow/example_dags/example_branch_labels.py
[2025-07-22T08:52:38.120+0000] {processor.py:830} INFO - Processing file /home/airflow/.local/lib/python3.12/site-packages/airflow/example_dags/example_branch_labels.py for tasks to queue
[2025-07-22T08:52:38.122+0000] {logging_mixin.py:188} INFO - [2025-07-22T08:52:38.122+0000] {dagbag.py:545} INFO - Filling up the DagBag from /home/airflow/.local/lib/python3.12/site-packages/airflow/example_dags/example_branch_labels.py
[2025-07-22T08:52:38.130+0000] {processor.py:840} INFO - DAG(s) 'example_branch_labels' retrieved from /home/airflow/.local/lib/python3.12/site-packages/airflow/example_dags/example_branch_labels.py
[2025-07-22T08:52:38.155+0000] {logging_mixin.py:188} INFO - [2025-07-22T08:52:38.155+0000] {dag.py:3096} INFO - Sync 1 DAGs
[2025-07-22T08:52:38.180+0000] {logging_mixin.py:188} INFO - [2025-07-22T08:52:38.180+0000] {dag.py:3954} INFO - Setting next_dagrun for example_branch_labels to 2025-07-21 00:00:00+00:00, run_after=2025-07-22 00:00:00+00:00
[2025-07-22T08:52:38.200+0000] {processor.py:183} INFO - Processing /home/airflow/.local/lib/python3.12/site-packages/airflow/example_dags/example_branch_labels.py took 0.087 seconds
[2025-07-22T08:53:08.721+0000] {processor.py:161} INFO - Started process (PID=202) to work on /home/airflow/.local/lib/python3.12/site-packages/airflow/example_dags/example_branch_labels.py
[2025-07-22T08:53:08.723+0000] {processor.py:830} INFO - Processing file /home/airflow/.local/lib/python3.12/site-packages/airflow/example_dags/example_branch_labels.py for tasks to queue
[2025-07-22T08:53:08.725+0000] {logging_mixin.py:188} INFO - [2025-07-22T08:53:08.725+0000] {dagbag.py:545} INFO - Filling up the DagBag from /home/airflow/.local/lib/python3.12/site-packages/airflow/example_dags/example_branch_labels.py
[2025-07-22T08:53:08.734+0000] {processor.py:840} INFO - DAG(s) 'example_branch_labels' retrieved from /home/airflow/.local/lib/python3.12/site-packages/airflow/example_dags/example_branch_labels.py
[2025-07-22T08:53:08.758+0000] {logging_mixin.py:188} INFO - [2025-07-22T08:53:08.758+0000] {dag.py:3096} INFO - Sync 1 DAGs
[2025-07-22T08:53:08.784+0000] {logging_mixin.py:188} INFO - [2025-07-22T08:53:08.784+0000] {dag.py:3954} INFO - Setting next_dagrun for example_branch_labels to 2025-07-21 00:00:00+00:00, run_after=2025-07-22 00:00:00+00:00
[2025-07-22T08:53:08.813+0000] {processor.py:183} INFO - Processing /home/airflow/.local/lib/python3.12/site-packages/airflow/example_dags/example_branch_labels.py took 0.098 seconds
[2025-07-22T08:53:38.942+0000] {processor.py:161} INFO - Started process (PID=260) to work on /home/airflow/.local/lib/python3.12/site-packages/airflow/example_dags/example_branch_labels.py
[2025-07-22T08:53:38.944+0000] {processor.py:830} INFO - Processing file /home/airflow/.local/lib/python3.12/site-packages/airflow/example_dags/example_branch_labels.py for tasks to queue
[2025-07-22T08:53:38.947+0000] {logging_mixin.py:188} INFO - [2025-07-22T08:53:38.947+0000] {dagbag.py:545} INFO - Filling up the DagBag from /home/airflow/.local/lib/python3.12/site-packages/airflow/example_dags/example_branch_labels.py
[2025-07-22T08:53:38.957+0000] {processor.py:840} INFO - DAG(s) 'example_branch_labels' retrieved from /home/airflow/.local/lib/python3.12/site-packages/airflow/example_dags/example_branch_labels.py
[2025-07-22T08:53:38.983+0000] {logging_mixin.py:188} INFO - [2025-07-22T08:53:38.983+0000] {dag.py:3096} INFO - Sync 1 DAGs
[2025-07-22T08:53:39.027+0000] {logging_mixin.py:188} INFO - [2025-07-22T08:53:39.027+0000] {dag.py:3954} INFO - Setting next_dagrun for example_branch_labels to 2025-07-21 00:00:00+00:00, run_after=2025-07-22 00:00:00+00:00
[2025-07-22T08:53:39.055+0000] {processor.py:183} INFO - Processing /home/airflow/.local/lib/python3.12/site-packages/airflow/example_dags/example_branch_labels.py took 0.120 seconds
[2025-07-22T08:54:09.411+0000] {processor.py:161} INFO - Started process (PID=318) to work on /home/airflow/.local/lib/python3.12/site-packages/airflow/example_dags/example_branch_labels.py
[2025-07-22T08:54:09.412+0000] {processor.py:830} INFO - Processing file /home/airflow/.local/lib/python3.12/site-packages/airflow/example_dags/example_branch_labels.py for tasks to queue
[2025-07-22T08:54:09.414+0000] {logging_mixin.py:188} INFO - [2025-07-22T08:54:09.414+0000] {dagbag.py:545} INFO - Filling up the DagBag from /home/airflow/.local/lib/python3.12/site-packages/airflow/example_dags/example_branch_labels.py
[2025-07-22T08:54:09.424+0000] {processor.py:840} INFO - DAG(s) 'example_branch_labels' retrieved from /home/airflow/.local/lib/python3.12/site-packages/airflow/example_dags/example_branch_labels.py
[2025-07-22T08:54:09.450+0000] {logging_mixin.py:188} INFO - [2025-07-22T08:54:09.450+0000] {dag.py:3096} INFO - Sync 1 DAGs
[2025-07-22T08:54:09.479+0000] {logging_mixin.py:188} INFO - [2025-07-22T08:54:09.479+0000] {dag.py:3954} INFO - Setting next_dagrun for example_branch_labels to 2025-07-21 00:00:00+00:00, run_after=2025-07-22 00:00:00+00:00
[2025-07-22T08:54:09.505+0000] {processor.py:183} INFO - Processing /home/airflow/.local/lib/python3.12/site-packages/airflow/example_dags/example_branch_labels.py took 0.103 seconds
[2025-07-22T08:54:39.605+0000] {processor.py:161} INFO - Started process (PID=376) to work on /home/airflow/.local/lib/python3.12/site-packages/airflow/example_dags/example_branch_labels.py
[2025-07-22T08:54:39.607+0000] {processor.py:830} INFO - Processing file /home/airflow/.local/lib/python3.12/site-packages/airflow/example_dags/example_branch_labels.py for tasks to queue
[2025-07-22T08:54:39.609+0000] {logging_mixin.py:188} INFO - [2025-07-22T08:54:39.609+0000] {dagbag.py:545} INFO - Filling up the DagBag from /home/airflow/.local/lib/python3.12/site-packages/airflow/example_dags/example_branch_labels.py
[2025-07-22T08:54:39.619+0000] {processor.py:840} INFO - DAG(s) 'example_branch_labels' retrieved from /home/airflow/.local/lib/python3.12/site-packages/airflow/example_dags/example_branch_labels.py
[2025-07-22T08:54:39.653+0000] {logging_mixin.py:188} INFO - [2025-07-22T08:54:39.653+0000] {dag.py:3096} INFO - Sync 1 DAGs
[2025-07-22T08:54:39.700+0000] {logging_mixin.py:188} INFO - [2025-07-22T08:54:39.699+0000] {dag.py:3954} INFO - Setting next_dagrun for example_branch_labels to 2025-07-21 00:00:00+00:00, run_after=2025-07-22 00:00:00+00:00
[2025-07-22T08:54:39.734+0000] {processor.py:183} INFO - Processing /home/airflow/.local/lib/python3.12/site-packages/airflow/example_dags/example_branch_labels.py took 0.137 seconds
[2025-07-22T08:55:10.225+0000] {processor.py:161} INFO - Started process (PID=434) to work on /home/airflow/.local/lib/python3.12/site-packages/airflow/example_dags/example_branch_labels.py
[2025-07-22T08:55:10.227+0000] {processor.py:830} INFO - Processing file /home/airflow/.local/lib/python3.12/site-packages/airflow/example_dags/example_branch_labels.py for tasks to queue
[2025-07-22T08:55:10.229+0000] {logging_mixin.py:188} INFO - [2025-07-22T08:55:10.229+0000] {dagbag.py:545} INFO - Filling up the DagBag from /home/airflow/.local/lib/python3.12/site-packages/airflow/example_dags/example_branch_labels.py
[2025-07-22T08:55:10.239+0000] {processor.py:840} INFO - DAG(s) 'example_branch_labels' retrieved from /home/airflow/.local/lib/python3.12/site-packages/airflow/example_dags/example_branch_labels.py
[2025-07-22T08:55:10.268+0000] {logging_mixin.py:188} INFO - [2025-07-22T08:55:10.268+0000] {dag.py:3096} INFO - Sync 1 DAGs
[2025-07-22T08:55:10.299+0000] {logging_mixin.py:188} INFO - [2025-07-22T08:55:10.298+0000] {dag.py:3954} INFO - Setting next_dagrun for example_branch_labels to 2025-07-21 00:00:00+00:00, run_after=2025-07-22 00:00:00+00:00
[2025-07-22T08:55:10.325+0000] {processor.py:183} INFO - Processing /home/airflow/.local/lib/python3.12/site-packages/airflow/example_dags/example_branch_labels.py took 0.107 seconds
[2025-07-22T08:55:40.702+0000] {processor.py:161} INFO - Started process (PID=492) to work on /home/airflow/.local/lib/python3.12/site-packages/airflow/example_dags/example_branch_labels.py
[2025-07-22T08:55:40.706+0000] {processor.py:830} INFO - Processing file /home/airflow/.local/lib/python3.12/site-packages/airflow/example_dags/example_branch_labels.py for tasks to queue
[2025-07-22T08:55:40.708+0000] {logging_mixin.py:188} INFO - [2025-07-22T08:55:40.707+0000] {dagbag.py:545} INFO - Filling up the DagBag from /home/airflow/.local/lib/python3.12/site-packages/airflow/example_dags/example_branch_labels.py
[2025-07-22T08:55:40.716+0000] {processor.py:840} INFO - DAG(s) 'example_branch_labels' retrieved from /home/airflow/.local/lib/python3.12/site-packages/airflow/example_dags/example_branch_labels.py
[2025-07-22T08:55:40.739+0000] {logging_mixin.py:188} INFO - [2025-07-22T08:55:40.739+0000] {dag.py:3096} INFO - Sync 1 DAGs
[2025-07-22T08:55:40.764+0000] {logging_mixin.py:188} INFO - [2025-07-22T08:55:40.763+0000] {dag.py:3954} INFO - Setting next_dagrun for example_branch_labels to 2025-07-21 00:00:00+00:00, run_after=2025-07-22 00:00:00+00:00
[2025-07-22T08:55:40.784+0000] {processor.py:183} INFO - Processing /home/airflow/.local/lib/python3.12/site-packages/airflow/example_dags/example_branch_labels.py took 0.088 seconds
[2025-07-22T08:56:10.993+0000] {processor.py:161} INFO - Started process (PID=550) to work on /home/airflow/.local/lib/python3.12/site-packages/airflow/example_dags/example_branch_labels.py
[2025-07-22T08:56:10.995+0000] {processor.py:830} INFO - Processing file /home/airflow/.local/lib/python3.12/site-packages/airflow/example_dags/example_branch_labels.py for tasks to queue
[2025-07-22T08:56:10.997+0000] {logging_mixin.py:188} INFO - [2025-07-22T08:56:10.997+0000] {dagbag.py:545} INFO - Filling up the DagBag from /home/airflow/.local/lib/python3.12/site-packages/airflow/example_dags/example_branch_labels.py
[2025-07-22T08:56:11.005+0000] {processor.py:840} INFO - DAG(s) 'example_branch_labels' retrieved from /home/airflow/.local/lib/python3.12/site-packages/airflow/example_dags/example_branch_labels.py
[2025-07-22T08:56:11.028+0000] {logging_mixin.py:188} INFO - [2025-07-22T08:56:11.027+0000] {dag.py:3096} INFO - Sync 1 DAGs
[2025-07-22T08:56:11.051+0000] {logging_mixin.py:188} INFO - [2025-07-22T08:56:11.050+0000] {dag.py:3954} INFO - Setting next_dagrun for example_branch_labels to 2025-07-21 00:00:00+00:00, run_after=2025-07-22 00:00:00+00:00
[2025-07-22T08:56:11.072+0000] {processor.py:183} INFO - Processing /home/airflow/.local/lib/python3.12/site-packages/airflow/example_dags/example_branch_labels.py took 0.084 seconds
[2025-07-22T08:56:41.432+0000] {processor.py:161} INFO - Started process (PID=608) to work on /home/airflow/.local/lib/python3.12/site-packages/airflow/example_dags/example_branch_labels.py
[2025-07-22T08:56:41.433+0000] {processor.py:830} INFO - Processing file /home/airflow/.local/lib/python3.12/site-packages/airflow/example_dags/example_branch_labels.py for tasks to queue
[2025-07-22T08:56:41.435+0000] {logging_mixin.py:188} INFO - [2025-07-22T08:56:41.435+0000] {dagbag.py:545} INFO - Filling up the DagBag from /home/airflow/.local/lib/python3.12/site-packages/airflow/example_dags/example_branch_labels.py
[2025-07-22T08:56:41.443+0000] {processor.py:840} INFO - DAG(s) 'example_branch_labels' retrieved from /home/airflow/.local/lib/python3.12/site-packages/airflow/example_dags/example_branch_labels.py
[2025-07-22T08:56:41.467+0000] {logging_mixin.py:188} INFO - [2025-07-22T08:56:41.467+0000] {dag.py:3096} INFO - Sync 1 DAGs
[2025-07-22T08:56:41.493+0000] {logging_mixin.py:188} INFO - [2025-07-22T08:56:41.492+0000] {dag.py:3954} INFO - Setting next_dagrun for example_branch_labels to 2025-07-21 00:00:00+00:00, run_after=2025-07-22 00:00:00+00:00
[2025-07-22T08:56:41.522+0000] {processor.py:183} INFO - Processing /home/airflow/.local/lib/python3.12/site-packages/airflow/example_dags/example_branch_labels.py took 0.096 seconds
[2025-07-22T08:57:11.756+0000] {processor.py:161} INFO - Started process (PID=668) to work on /home/airflow/.local/lib/python3.12/site-packages/airflow/example_dags/example_branch_labels.py
[2025-07-22T08:57:11.758+0000] {processor.py:830} INFO - Processing file /home/airflow/.local/lib/python3.12/site-packages/airflow/example_dags/example_branch_labels.py for tasks to queue
[2025-07-22T08:57:11.760+0000] {logging_mixin.py:188} INFO - [2025-07-22T08:57:11.760+0000] {dagbag.py:545} INFO - Filling up the DagBag from /home/airflow/.local/lib/python3.12/site-packages/airflow/example_dags/example_branch_labels.py
[2025-07-22T08:57:11.769+0000] {processor.py:840} INFO - DAG(s) 'example_branch_labels' retrieved from /home/airflow/.local/lib/python3.12/site-packages/airflow/example_dags/example_branch_labels.py
[2025-07-22T08:57:11.797+0000] {logging_mixin.py:188} INFO - [2025-07-22T08:57:11.796+0000] {dag.py:3096} INFO - Sync 1 DAGs
[2025-07-22T08:57:11.826+0000] {logging_mixin.py:188} INFO - [2025-07-22T08:57:11.825+0000] {dag.py:3954} INFO - Setting next_dagrun for example_branch_labels to 2025-07-21 00:00:00+00:00, run_after=2025-07-22 00:00:00+00:00
[2025-07-22T08:57:11.857+0000] {processor.py:183} INFO - Processing /home/airflow/.local/lib/python3.12/site-packages/airflow/example_dags/example_branch_labels.py took 0.108 seconds
[2025-07-22T08:57:41.991+0000] {processor.py:161} INFO - Started process (PID=728) to work on /home/airflow/.local/lib/python3.12/site-packages/airflow/example_dags/example_branch_labels.py
[2025-07-22T08:57:41.993+0000] {processor.py:830} INFO - Processing file /home/airflow/.local/lib/python3.12/site-packages/airflow/example_dags/example_branch_labels.py for tasks to queue
[2025-07-22T08:57:41.995+0000] {logging_mixin.py:188} INFO - [2025-07-22T08:57:41.994+0000] {dagbag.py:545} INFO - Filling up the DagBag from /home/airflow/.local/lib/python3.12/site-packages/airflow/example_dags/example_branch_labels.py
[2025-07-22T08:57:42.002+0000] {processor.py:840} INFO - DAG(s) 'example_branch_labels' retrieved from /home/airflow/.local/lib/python3.12/site-packages/airflow/example_dags/example_branch_labels.py
[2025-07-22T08:57:42.027+0000] {logging_mixin.py:188} INFO - [2025-07-22T08:57:42.026+0000] {dag.py:3096} INFO - Sync 1 DAGs
[2025-07-22T08:57:42.050+0000] {logging_mixin.py:188} INFO - [2025-07-22T08:57:42.050+0000] {dag.py:3954} INFO - Setting next_dagrun for example_branch_labels to 2025-07-21 00:00:00+00:00, run_after=2025-07-22 00:00:00+00:00
[2025-07-22T08:57:42.079+0000] {processor.py:183} INFO - Processing /home/airflow/.local/lib/python3.12/site-packages/airflow/example_dags/example_branch_labels.py took 0.094 seconds
[2025-07-22T08:58:12.520+0000] {processor.py:161} INFO - Started process (PID=788) to work on /home/airflow/.local/lib/python3.12/site-packages/airflow/example_dags/example_branch_labels.py
[2025-07-22T08:58:12.522+0000] {processor.py:830} INFO - Processing file /home/airflow/.local/lib/python3.12/site-packages/airflow/example_dags/example_branch_labels.py for tasks to queue
[2025-07-22T08:58:12.524+0000] {logging_mixin.py:188} INFO - [2025-07-22T08:58:12.524+0000] {dagbag.py:545} INFO - Filling up the DagBag from /home/airflow/.local/lib/python3.12/site-packages/airflow/example_dags/example_branch_labels.py
[2025-07-22T08:58:12.532+0000] {processor.py:840} INFO - DAG(s) 'example_branch_labels' retrieved from /home/airflow/.local/lib/python3.12/site-packages/airflow/example_dags/example_branch_labels.py
[2025-07-22T08:58:12.556+0000] {logging_mixin.py:188} INFO - [2025-07-22T08:58:12.555+0000] {dag.py:3096} INFO - Sync 1 DAGs
[2025-07-22T08:58:12.590+0000] {logging_mixin.py:188} INFO - [2025-07-22T08:58:12.589+0000] {dag.py:3954} INFO - Setting next_dagrun for example_branch_labels to 2025-07-21 00:00:00+00:00, run_after=2025-07-22 00:00:00+00:00
[2025-07-22T08:58:12.613+0000] {processor.py:183} INFO - Processing /home/airflow/.local/lib/python3.12/site-packages/airflow/example_dags/example_branch_labels.py took 0.098 seconds
[2025-07-22T08:58:43.131+0000] {processor.py:161} INFO - Started process (PID=848) to work on /home/airflow/.local/lib/python3.12/site-packages/airflow/example_dags/example_branch_labels.py
[2025-07-22T08:58:43.132+0000] {processor.py:830} INFO - Processing file /home/airflow/.local/lib/python3.12/site-packages/airflow/example_dags/example_branch_labels.py for tasks to queue
[2025-07-22T08:58:43.135+0000] {logging_mixin.py:188} INFO - [2025-07-22T08:58:43.134+0000] {dagbag.py:545} INFO - Filling up the DagBag from /home/airflow/.local/lib/python3.12/site-packages/airflow/example_dags/example_branch_labels.py
[2025-07-22T08:58:43.142+0000] {processor.py:840} INFO - DAG(s) 'example_branch_labels' retrieved from /home/airflow/.local/lib/python3.12/site-packages/airflow/example_dags/example_branch_labels.py
[2025-07-22T08:58:43.166+0000] {logging_mixin.py:188} INFO - [2025-07-22T08:58:43.166+0000] {dag.py:3096} INFO - Sync 1 DAGs
[2025-07-22T08:58:43.190+0000] {logging_mixin.py:188} INFO - [2025-07-22T08:58:43.190+0000] {dag.py:3954} INFO - Setting next_dagrun for example_branch_labels to 2025-07-21 00:00:00+00:00, run_after=2025-07-22 00:00:00+00:00
[2025-07-22T08:58:43.218+0000] {processor.py:183} INFO - Processing /home/airflow/.local/lib/python3.12/site-packages/airflow/example_dags/example_branch_labels.py took 0.093 seconds
[2025-07-22T08:59:13.382+0000] {processor.py:161} INFO - Started process (PID=908) to work on /home/airflow/.local/lib/python3.12/site-packages/airflow/example_dags/example_branch_labels.py
[2025-07-22T08:59:13.385+0000] {processor.py:830} INFO - Processing file /home/airflow/.local/lib/python3.12/site-packages/airflow/example_dags/example_branch_labels.py for tasks to queue
[2025-07-22T08:59:13.389+0000] {logging_mixin.py:188} INFO - [2025-07-22T08:59:13.388+0000] {dagbag.py:545} INFO - Filling up the DagBag from /home/airflow/.local/lib/python3.12/site-packages/airflow/example_dags/example_branch_labels.py
[2025-07-22T08:59:13.402+0000] {processor.py:840} INFO - DAG(s) 'example_branch_labels' retrieved from /home/airflow/.local/lib/python3.12/site-packages/airflow/example_dags/example_branch_labels.py
[2025-07-22T08:59:13.455+0000] {logging_mixin.py:188} INFO - [2025-07-22T08:59:13.455+0000] {dag.py:3096} INFO - Sync 1 DAGs
[2025-07-22T08:59:13.528+0000] {logging_mixin.py:188} INFO - [2025-07-22T08:59:13.527+0000] {dag.py:3954} INFO - Setting next_dagrun for example_branch_labels to 2025-07-21 00:00:00+00:00, run_after=2025-07-22 00:00:00+00:00
[2025-07-22T08:59:13.585+0000] {processor.py:183} INFO - Processing /home/airflow/.local/lib/python3.12/site-packages/airflow/example_dags/example_branch_labels.py took 0.217 seconds
[2025-07-22T08:59:44.288+0000] {processor.py:161} INFO - Started process (PID=968) to work on /home/airflow/.local/lib/python3.12/site-packages/airflow/example_dags/example_branch_labels.py
[2025-07-22T08:59:44.289+0000] {processor.py:830} INFO - Processing file /home/airflow/.local/lib/python3.12/site-packages/airflow/example_dags/example_branch_labels.py for tasks to queue
[2025-07-22T08:59:44.292+0000] {logging_mixin.py:188} INFO - [2025-07-22T08:59:44.292+0000] {dagbag.py:545} INFO - Filling up the DagBag from /home/airflow/.local/lib/python3.12/site-packages/airflow/example_dags/example_branch_labels.py
[2025-07-22T08:59:44.303+0000] {processor.py:840} INFO - DAG(s) 'example_branch_labels' retrieved from /home/airflow/.local/lib/python3.12/site-packages/airflow/example_dags/example_branch_labels.py
[2025-07-22T08:59:44.332+0000] {logging_mixin.py:188} INFO - [2025-07-22T08:59:44.332+0000] {dag.py:3096} INFO - Sync 1 DAGs
[2025-07-22T08:59:44.362+0000] {logging_mixin.py:188} INFO - [2025-07-22T08:59:44.362+0000] {dag.py:3954} INFO - Setting next_dagrun for example_branch_labels to 2025-07-21 00:00:00+00:00, run_after=2025-07-22 00:00:00+00:00
[2025-07-22T08:59:44.384+0000] {processor.py:183} INFO - Processing /home/airflow/.local/lib/python3.12/site-packages/airflow/example_dags/example_branch_labels.py took 0.105 seconds
[2025-07-22T09:00:14.883+0000] {processor.py:161} INFO - Started process (PID=1028) to work on /home/airflow/.local/lib/python3.12/site-packages/airflow/example_dags/example_branch_labels.py
[2025-07-22T09:00:14.884+0000] {processor.py:830} INFO - Processing file /home/airflow/.local/lib/python3.12/site-packages/airflow/example_dags/example_branch_labels.py for tasks to queue
[2025-07-22T09:00:14.887+0000] {logging_mixin.py:188} INFO - [2025-07-22T09:00:14.887+0000] {dagbag.py:545} INFO - Filling up the DagBag from /home/airflow/.local/lib/python3.12/site-packages/airflow/example_dags/example_branch_labels.py
[2025-07-22T09:00:14.900+0000] {processor.py:840} INFO - DAG(s) 'example_branch_labels' retrieved from /home/airflow/.local/lib/python3.12/site-packages/airflow/example_dags/example_branch_labels.py
[2025-07-22T09:00:14.936+0000] {logging_mixin.py:188} INFO - [2025-07-22T09:00:14.936+0000] {dag.py:3096} INFO - Sync 1 DAGs
[2025-07-22T09:00:14.971+0000] {logging_mixin.py:188} INFO - [2025-07-22T09:00:14.971+0000] {dag.py:3954} INFO - Setting next_dagrun for example_branch_labels to 2025-07-21 00:00:00+00:00, run_after=2025-07-22 00:00:00+00:00
[2025-07-22T09:00:15.002+0000] {processor.py:183} INFO - Processing /home/airflow/.local/lib/python3.12/site-packages/airflow/example_dags/example_branch_labels.py took 0.128 seconds
[2025-07-22T09:00:45.696+0000] {processor.py:161} INFO - Started process (PID=1088) to work on /home/airflow/.local/lib/python3.12/site-packages/airflow/example_dags/example_branch_labels.py
[2025-07-22T09:00:45.697+0000] {processor.py:830} INFO - Processing file /home/airflow/.local/lib/python3.12/site-packages/airflow/example_dags/example_branch_labels.py for tasks to queue
[2025-07-22T09:00:45.700+0000] {logging_mixin.py:188} INFO - [2025-07-22T09:00:45.699+0000] {dagbag.py:545} INFO - Filling up the DagBag from /home/airflow/.local/lib/python3.12/site-packages/airflow/example_dags/example_branch_labels.py
[2025-07-22T09:00:45.708+0000] {processor.py:840} INFO - DAG(s) 'example_branch_labels' retrieved from /home/airflow/.local/lib/python3.12/site-packages/airflow/example_dags/example_branch_labels.py
[2025-07-22T09:00:45.733+0000] {logging_mixin.py:188} INFO - [2025-07-22T09:00:45.733+0000] {dag.py:3096} INFO - Sync 1 DAGs
[2025-07-22T09:00:45.764+0000] {logging_mixin.py:188} INFO - [2025-07-22T09:00:45.764+0000] {dag.py:3954} INFO - Setting next_dagrun for example_branch_labels to 2025-07-21 00:00:00+00:00, run_after=2025-07-22 00:00:00+00:00
[2025-07-22T09:00:45.793+0000] {processor.py:183} INFO - Processing /home/airflow/.local/lib/python3.12/site-packages/airflow/example_dags/example_branch_labels.py took 0.103 seconds
[2025-07-22T09:01:16.609+0000] {processor.py:161} INFO - Started process (PID=1148) to work on /home/airflow/.local/lib/python3.12/site-packages/airflow/example_dags/example_branch_labels.py
[2025-07-22T09:01:16.611+0000] {processor.py:830} INFO - Processing file /home/airflow/.local/lib/python3.12/site-packages/airflow/example_dags/example_branch_labels.py for tasks to queue
[2025-07-22T09:01:16.613+0000] {logging_mixin.py:188} INFO - [2025-07-22T09:01:16.613+0000] {dagbag.py:545} INFO - Filling up the DagBag from /home/airflow/.local/lib/python3.12/site-packages/airflow/example_dags/example_branch_labels.py
[2025-07-22T09:01:16.622+0000] {processor.py:840} INFO - DAG(s) 'example_branch_labels' retrieved from /home/airflow/.local/lib/python3.12/site-packages/airflow/example_dags/example_branch_labels.py
[2025-07-22T09:01:16.648+0000] {logging_mixin.py:188} INFO - [2025-07-22T09:01:16.648+0000] {dag.py:3096} INFO - Sync 1 DAGs
[2025-07-22T09:01:16.677+0000] {logging_mixin.py:188} INFO - [2025-07-22T09:01:16.676+0000] {dag.py:3954} INFO - Setting next_dagrun for example_branch_labels to 2025-07-21 00:00:00+00:00, run_after=2025-07-22 00:00:00+00:00
[2025-07-22T09:01:16.702+0000] {processor.py:183} INFO - Processing /home/airflow/.local/lib/python3.12/site-packages/airflow/example_dags/example_branch_labels.py took 0.100 seconds
[2025-07-22T09:01:46.769+0000] {processor.py:161} INFO - Started process (PID=1208) to work on /home/airflow/.local/lib/python3.12/site-packages/airflow/example_dags/example_branch_labels.py
[2025-07-22T09:01:46.770+0000] {processor.py:830} INFO - Processing file /home/airflow/.local/lib/python3.12/site-packages/airflow/example_dags/example_branch_labels.py for tasks to queue
[2025-07-22T09:01:46.772+0000] {logging_mixin.py:188} INFO - [2025-07-22T09:01:46.772+0000] {dagbag.py:545} INFO - Filling up the DagBag from /home/airflow/.local/lib/python3.12/site-packages/airflow/example_dags/example_branch_labels.py
[2025-07-22T09:01:46.781+0000] {processor.py:840} INFO - DAG(s) 'example_branch_labels' retrieved from /home/airflow/.local/lib/python3.12/site-packages/airflow/example_dags/example_branch_labels.py
[2025-07-22T09:01:46.809+0000] {logging_mixin.py:188} INFO - [2025-07-22T09:01:46.808+0000] {dag.py:3096} INFO - Sync 1 DAGs
[2025-07-22T09:01:46.833+0000] {logging_mixin.py:188} INFO - [2025-07-22T09:01:46.833+0000] {dag.py:3954} INFO - Setting next_dagrun for example_branch_labels to 2025-07-21 00:00:00+00:00, run_after=2025-07-22 00:00:00+00:00
[2025-07-22T09:01:46.854+0000] {processor.py:183} INFO - Processing /home/airflow/.local/lib/python3.12/site-packages/airflow/example_dags/example_branch_labels.py took 0.092 seconds
[2025-07-22T09:02:16.948+0000] {processor.py:161} INFO - Started process (PID=1268) to work on /home/airflow/.local/lib/python3.12/site-packages/airflow/example_dags/example_branch_labels.py
[2025-07-22T09:02:16.950+0000] {processor.py:830} INFO - Processing file /home/airflow/.local/lib/python3.12/site-packages/airflow/example_dags/example_branch_labels.py for tasks to queue
[2025-07-22T09:02:16.953+0000] {logging_mixin.py:188} INFO - [2025-07-22T09:02:16.952+0000] {dagbag.py:545} INFO - Filling up the DagBag from /home/airflow/.local/lib/python3.12/site-packages/airflow/example_dags/example_branch_labels.py
[2025-07-22T09:02:16.961+0000] {processor.py:840} INFO - DAG(s) 'example_branch_labels' retrieved from /home/airflow/.local/lib/python3.12/site-packages/airflow/example_dags/example_branch_labels.py
[2025-07-22T09:02:16.985+0000] {logging_mixin.py:188} INFO - [2025-07-22T09:02:16.985+0000] {dag.py:3096} INFO - Sync 1 DAGs
[2025-07-22T09:02:17.012+0000] {logging_mixin.py:188} INFO - [2025-07-22T09:02:17.012+0000] {dag.py:3954} INFO - Setting next_dagrun for example_branch_labels to 2025-07-21 00:00:00+00:00, run_after=2025-07-22 00:00:00+00:00
[2025-07-22T09:02:17.037+0000] {processor.py:183} INFO - Processing /home/airflow/.local/lib/python3.12/site-packages/airflow/example_dags/example_branch_labels.py took 0.100 seconds
[2025-07-22T09:02:47.728+0000] {processor.py:161} INFO - Started process (PID=1328) to work on /home/airflow/.local/lib/python3.12/site-packages/airflow/example_dags/example_branch_labels.py
[2025-07-22T09:02:47.729+0000] {processor.py:830} INFO - Processing file /home/airflow/.local/lib/python3.12/site-packages/airflow/example_dags/example_branch_labels.py for tasks to queue
[2025-07-22T09:02:47.732+0000] {logging_mixin.py:188} INFO - [2025-07-22T09:02:47.732+0000] {dagbag.py:545} INFO - Filling up the DagBag from /home/airflow/.local/lib/python3.12/site-packages/airflow/example_dags/example_branch_labels.py
[2025-07-22T09:02:47.741+0000] {processor.py:840} INFO - DAG(s) 'example_branch_labels' retrieved from /home/airflow/.local/lib/python3.12/site-packages/airflow/example_dags/example_branch_labels.py
[2025-07-22T09:02:47.766+0000] {logging_mixin.py:188} INFO - [2025-07-22T09:02:47.766+0000] {dag.py:3096} INFO - Sync 1 DAGs
[2025-07-22T09:02:47.794+0000] {logging_mixin.py:188} INFO - [2025-07-22T09:02:47.794+0000] {dag.py:3954} INFO - Setting next_dagrun for example_branch_labels to 2025-07-21 00:00:00+00:00, run_after=2025-07-22 00:00:00+00:00
[2025-07-22T09:02:47.818+0000] {processor.py:183} INFO - Processing /home/airflow/.local/lib/python3.12/site-packages/airflow/example_dags/example_branch_labels.py took 0.098 seconds
[2025-07-22T09:03:18.165+0000] {processor.py:161} INFO - Started process (PID=1388) to work on /home/airflow/.local/lib/python3.12/site-packages/airflow/example_dags/example_branch_labels.py
[2025-07-22T09:03:18.166+0000] {processor.py:830} INFO - Processing file /home/airflow/.local/lib/python3.12/site-packages/airflow/example_dags/example_branch_labels.py for tasks to queue
[2025-07-22T09:03:18.168+0000] {logging_mixin.py:188} INFO - [2025-07-22T09:03:18.168+0000] {dagbag.py:545} INFO - Filling up the DagBag from /home/airflow/.local/lib/python3.12/site-packages/airflow/example_dags/example_branch_labels.py
[2025-07-22T09:03:18.177+0000] {processor.py:840} INFO - DAG(s) 'example_branch_labels' retrieved from /home/airflow/.local/lib/python3.12/site-packages/airflow/example_dags/example_branch_labels.py
[2025-07-22T09:03:18.200+0000] {logging_mixin.py:188} INFO - [2025-07-22T09:03:18.200+0000] {dag.py:3096} INFO - Sync 1 DAGs
[2025-07-22T09:03:18.226+0000] {logging_mixin.py:188} INFO - [2025-07-22T09:03:18.226+0000] {dag.py:3954} INFO - Setting next_dagrun for example_branch_labels to 2025-07-21 00:00:00+00:00, run_after=2025-07-22 00:00:00+00:00
[2025-07-22T09:03:18.249+0000] {processor.py:183} INFO - Processing /home/airflow/.local/lib/python3.12/site-packages/airflow/example_dags/example_branch_labels.py took 0.092 seconds
[2025-07-22T09:03:48.449+0000] {processor.py:161} INFO - Started process (PID=1448) to work on /home/airflow/.local/lib/python3.12/site-packages/airflow/example_dags/example_branch_labels.py
[2025-07-22T09:03:48.450+0000] {processor.py:830} INFO - Processing file /home/airflow/.local/lib/python3.12/site-packages/airflow/example_dags/example_branch_labels.py for tasks to queue
[2025-07-22T09:03:48.452+0000] {logging_mixin.py:188} INFO - [2025-07-22T09:03:48.451+0000] {dagbag.py:545} INFO - Filling up the DagBag from /home/airflow/.local/lib/python3.12/site-packages/airflow/example_dags/example_branch_labels.py
[2025-07-22T09:03:48.460+0000] {processor.py:840} INFO - DAG(s) 'example_branch_labels' retrieved from /home/airflow/.local/lib/python3.12/site-packages/airflow/example_dags/example_branch_labels.py
[2025-07-22T09:03:48.482+0000] {logging_mixin.py:188} INFO - [2025-07-22T09:03:48.482+0000] {dag.py:3096} INFO - Sync 1 DAGs
[2025-07-22T09:03:48.506+0000] {logging_mixin.py:188} INFO - [2025-07-22T09:03:48.505+0000] {dag.py:3954} INFO - Setting next_dagrun for example_branch_labels to 2025-07-21 00:00:00+00:00, run_after=2025-07-22 00:00:00+00:00
[2025-07-22T09:03:48.526+0000] {processor.py:183} INFO - Processing /home/airflow/.local/lib/python3.12/site-packages/airflow/example_dags/example_branch_labels.py took 0.083 seconds
[2025-07-22T09:04:18.944+0000] {processor.py:161} INFO - Started process (PID=1508) to work on /home/airflow/.local/lib/python3.12/site-packages/airflow/example_dags/example_branch_labels.py
[2025-07-22T09:04:18.946+0000] {processor.py:830} INFO - Processing file /home/airflow/.local/lib/python3.12/site-packages/airflow/example_dags/example_branch_labels.py for tasks to queue
[2025-07-22T09:04:18.949+0000] {logging_mixin.py:188} INFO - [2025-07-22T09:04:18.948+0000] {dagbag.py:545} INFO - Filling up the DagBag from /home/airflow/.local/lib/python3.12/site-packages/airflow/example_dags/example_branch_labels.py
[2025-07-22T09:04:18.958+0000] {processor.py:840} INFO - DAG(s) 'example_branch_labels' retrieved from /home/airflow/.local/lib/python3.12/site-packages/airflow/example_dags/example_branch_labels.py
[2025-07-22T09:04:18.983+0000] {logging_mixin.py:188} INFO - [2025-07-22T09:04:18.982+0000] {dag.py:3096} INFO - Sync 1 DAGs
[2025-07-22T09:04:19.015+0000] {logging_mixin.py:188} INFO - [2025-07-22T09:04:19.015+0000] {dag.py:3954} INFO - Setting next_dagrun for example_branch_labels to 2025-07-21 00:00:00+00:00, run_after=2025-07-22 00:00:00+00:00
[2025-07-22T09:04:19.043+0000] {processor.py:183} INFO - Processing /home/airflow/.local/lib/python3.12/site-packages/airflow/example_dags/example_branch_labels.py took 0.109 seconds
[2025-07-22T09:04:49.540+0000] {processor.py:161} INFO - Started process (PID=1568) to work on /home/airflow/.local/lib/python3.12/site-packages/airflow/example_dags/example_branch_labels.py
[2025-07-22T09:04:49.541+0000] {processor.py:830} INFO - Processing file /home/airflow/.local/lib/python3.12/site-packages/airflow/example_dags/example_branch_labels.py for tasks to queue
[2025-07-22T09:04:49.544+0000] {logging_mixin.py:188} INFO - [2025-07-22T09:04:49.544+0000] {dagbag.py:545} INFO - Filling up the DagBag from /home/airflow/.local/lib/python3.12/site-packages/airflow/example_dags/example_branch_labels.py
[2025-07-22T09:04:49.559+0000] {processor.py:840} INFO - DAG(s) 'example_branch_labels' retrieved from /home/airflow/.local/lib/python3.12/site-packages/airflow/example_dags/example_branch_labels.py
[2025-07-22T09:04:49.591+0000] {logging_mixin.py:188} INFO - [2025-07-22T09:04:49.590+0000] {dag.py:3096} INFO - Sync 1 DAGs
[2025-07-22T09:04:49.623+0000] {logging_mixin.py:188} INFO - [2025-07-22T09:04:49.622+0000] {dag.py:3954} INFO - Setting next_dagrun for example_branch_labels to 2025-07-21 00:00:00+00:00, run_after=2025-07-22 00:00:00+00:00
[2025-07-22T09:04:49.649+0000] {processor.py:183} INFO - Processing /home/airflow/.local/lib/python3.12/site-packages/airflow/example_dags/example_branch_labels.py took 0.120 seconds
[2025-07-22T09:05:20.398+0000] {processor.py:161} INFO - Started process (PID=1628) to work on /home/airflow/.local/lib/python3.12/site-packages/airflow/example_dags/example_branch_labels.py
[2025-07-22T09:05:20.400+0000] {processor.py:830} INFO - Processing file /home/airflow/.local/lib/python3.12/site-packages/airflow/example_dags/example_branch_labels.py for tasks to queue
[2025-07-22T09:05:20.403+0000] {logging_mixin.py:188} INFO - [2025-07-22T09:05:20.402+0000] {dagbag.py:545} INFO - Filling up the DagBag from /home/airflow/.local/lib/python3.12/site-packages/airflow/example_dags/example_branch_labels.py
[2025-07-22T09:05:20.416+0000] {processor.py:840} INFO - DAG(s) 'example_branch_labels' retrieved from /home/airflow/.local/lib/python3.12/site-packages/airflow/example_dags/example_branch_labels.py
[2025-07-22T09:05:20.445+0000] {logging_mixin.py:188} INFO - [2025-07-22T09:05:20.444+0000] {dag.py:3096} INFO - Sync 1 DAGs
[2025-07-22T09:05:20.478+0000] {logging_mixin.py:188} INFO - [2025-07-22T09:05:20.477+0000] {dag.py:3954} INFO - Setting next_dagrun for example_branch_labels to 2025-07-21 00:00:00+00:00, run_after=2025-07-22 00:00:00+00:00
[2025-07-22T09:05:20.506+0000] {processor.py:183} INFO - Processing /home/airflow/.local/lib/python3.12/site-packages/airflow/example_dags/example_branch_labels.py took 0.116 seconds
[2025-07-22T09:05:50.698+0000] {processor.py:161} INFO - Started process (PID=1688) to work on /home/airflow/.local/lib/python3.12/site-packages/airflow/example_dags/example_branch_labels.py
[2025-07-22T09:05:50.699+0000] {processor.py:830} INFO - Processing file /home/airflow/.local/lib/python3.12/site-packages/airflow/example_dags/example_branch_labels.py for tasks to queue
[2025-07-22T09:05:50.701+0000] {logging_mixin.py:188} INFO - [2025-07-22T09:05:50.701+0000] {dagbag.py:545} INFO - Filling up the DagBag from /home/airflow/.local/lib/python3.12/site-packages/airflow/example_dags/example_branch_labels.py
[2025-07-22T09:05:50.710+0000] {processor.py:840} INFO - DAG(s) 'example_branch_labels' retrieved from /home/airflow/.local/lib/python3.12/site-packages/airflow/example_dags/example_branch_labels.py
[2025-07-22T09:05:50.734+0000] {logging_mixin.py:188} INFO - [2025-07-22T09:05:50.734+0000] {dag.py:3096} INFO - Sync 1 DAGs
[2025-07-22T09:05:50.766+0000] {logging_mixin.py:188} INFO - [2025-07-22T09:05:50.765+0000] {dag.py:3954} INFO - Setting next_dagrun for example_branch_labels to 2025-07-21 00:00:00+00:00, run_after=2025-07-22 00:00:00+00:00
[2025-07-22T09:05:50.788+0000] {processor.py:183} INFO - Processing /home/airflow/.local/lib/python3.12/site-packages/airflow/example_dags/example_branch_labels.py took 0.096 seconds
[2025-07-22T09:06:21.067+0000] {processor.py:161} INFO - Started process (PID=1748) to work on /home/airflow/.local/lib/python3.12/site-packages/airflow/example_dags/example_branch_labels.py
[2025-07-22T09:06:21.069+0000] {processor.py:830} INFO - Processing file /home/airflow/.local/lib/python3.12/site-packages/airflow/example_dags/example_branch_labels.py for tasks to queue
[2025-07-22T09:06:21.071+0000] {logging_mixin.py:188} INFO - [2025-07-22T09:06:21.071+0000] {dagbag.py:545} INFO - Filling up the DagBag from /home/airflow/.local/lib/python3.12/site-packages/airflow/example_dags/example_branch_labels.py
[2025-07-22T09:06:21.083+0000] {processor.py:840} INFO - DAG(s) 'example_branch_labels' retrieved from /home/airflow/.local/lib/python3.12/site-packages/airflow/example_dags/example_branch_labels.py
[2025-07-22T09:06:21.115+0000] {logging_mixin.py:188} INFO - [2025-07-22T09:06:21.114+0000] {dag.py:3096} INFO - Sync 1 DAGs
[2025-07-22T09:06:21.151+0000] {logging_mixin.py:188} INFO - [2025-07-22T09:06:21.150+0000] {dag.py:3954} INFO - Setting next_dagrun for example_branch_labels to 2025-07-21 00:00:00+00:00, run_after=2025-07-22 00:00:00+00:00
[2025-07-22T09:06:21.179+0000] {processor.py:183} INFO - Processing /home/airflow/.local/lib/python3.12/site-packages/airflow/example_dags/example_branch_labels.py took 0.121 seconds
[2025-07-22T09:06:51.409+0000] {processor.py:161} INFO - Started process (PID=1808) to work on /home/airflow/.local/lib/python3.12/site-packages/airflow/example_dags/example_branch_labels.py
[2025-07-22T09:06:51.410+0000] {processor.py:830} INFO - Processing file /home/airflow/.local/lib/python3.12/site-packages/airflow/example_dags/example_branch_labels.py for tasks to queue
[2025-07-22T09:06:51.412+0000] {logging_mixin.py:188} INFO - [2025-07-22T09:06:51.412+0000] {dagbag.py:545} INFO - Filling up the DagBag from /home/airflow/.local/lib/python3.12/site-packages/airflow/example_dags/example_branch_labels.py
[2025-07-22T09:06:51.421+0000] {processor.py:840} INFO - DAG(s) 'example_branch_labels' retrieved from /home/airflow/.local/lib/python3.12/site-packages/airflow/example_dags/example_branch_labels.py
[2025-07-22T09:06:51.446+0000] {logging_mixin.py:188} INFO - [2025-07-22T09:06:51.446+0000] {dag.py:3096} INFO - Sync 1 DAGs
[2025-07-22T09:06:51.477+0000] {logging_mixin.py:188} INFO - [2025-07-22T09:06:51.477+0000] {dag.py:3954} INFO - Setting next_dagrun for example_branch_labels to 2025-07-21 00:00:00+00:00, run_after=2025-07-22 00:00:00+00:00
[2025-07-22T09:06:51.503+0000] {processor.py:183} INFO - Processing /home/airflow/.local/lib/python3.12/site-packages/airflow/example_dags/example_branch_labels.py took 0.102 seconds
[2025-07-22T09:07:22.425+0000] {processor.py:161} INFO - Started process (PID=1868) to work on /home/airflow/.local/lib/python3.12/site-packages/airflow/example_dags/example_branch_labels.py
[2025-07-22T09:07:22.426+0000] {processor.py:830} INFO - Processing file /home/airflow/.local/lib/python3.12/site-packages/airflow/example_dags/example_branch_labels.py for tasks to queue
[2025-07-22T09:07:22.429+0000] {logging_mixin.py:188} INFO - [2025-07-22T09:07:22.428+0000] {dagbag.py:545} INFO - Filling up the DagBag from /home/airflow/.local/lib/python3.12/site-packages/airflow/example_dags/example_branch_labels.py
[2025-07-22T09:07:22.438+0000] {processor.py:840} INFO - DAG(s) 'example_branch_labels' retrieved from /home/airflow/.local/lib/python3.12/site-packages/airflow/example_dags/example_branch_labels.py
[2025-07-22T09:07:22.468+0000] {logging_mixin.py:188} INFO - [2025-07-22T09:07:22.467+0000] {dag.py:3096} INFO - Sync 1 DAGs
[2025-07-22T09:07:22.502+0000] {logging_mixin.py:188} INFO - [2025-07-22T09:07:22.501+0000] {dag.py:3954} INFO - Setting next_dagrun for example_branch_labels to 2025-07-21 00:00:00+00:00, run_after=2025-07-22 00:00:00+00:00
[2025-07-22T09:07:22.531+0000] {processor.py:183} INFO - Processing /home/airflow/.local/lib/python3.12/site-packages/airflow/example_dags/example_branch_labels.py took 0.115 seconds
[2025-07-22T09:07:53.874+0000] {processor.py:161} INFO - Started process (PID=1928) to work on /home/airflow/.local/lib/python3.12/site-packages/airflow/example_dags/example_branch_labels.py
[2025-07-22T09:07:53.875+0000] {processor.py:830} INFO - Processing file /home/airflow/.local/lib/python3.12/site-packages/airflow/example_dags/example_branch_labels.py for tasks to queue
[2025-07-22T09:07:53.880+0000] {logging_mixin.py:188} INFO - [2025-07-22T09:07:53.879+0000] {dagbag.py:545} INFO - Filling up the DagBag from /home/airflow/.local/lib/python3.12/site-packages/airflow/example_dags/example_branch_labels.py
[2025-07-22T09:07:53.898+0000] {processor.py:840} INFO - DAG(s) 'example_branch_labels' retrieved from /home/airflow/.local/lib/python3.12/site-packages/airflow/example_dags/example_branch_labels.py
[2025-07-22T09:07:53.944+0000] {logging_mixin.py:188} INFO - [2025-07-22T09:07:53.944+0000] {dag.py:3096} INFO - Sync 1 DAGs
[2025-07-22T09:07:53.991+0000] {logging_mixin.py:188} INFO - [2025-07-22T09:07:53.990+0000] {dag.py:3954} INFO - Setting next_dagrun for example_branch_labels to 2025-07-21 00:00:00+00:00, run_after=2025-07-22 00:00:00+00:00
[2025-07-22T09:07:54.195+0000] {processor.py:183} INFO - Processing /home/airflow/.local/lib/python3.12/site-packages/airflow/example_dags/example_branch_labels.py took 0.333 seconds
[2025-07-22T09:08:25.010+0000] {processor.py:161} INFO - Started process (PID=1988) to work on /home/airflow/.local/lib/python3.12/site-packages/airflow/example_dags/example_branch_labels.py
[2025-07-22T09:08:25.011+0000] {processor.py:830} INFO - Processing file /home/airflow/.local/lib/python3.12/site-packages/airflow/example_dags/example_branch_labels.py for tasks to queue
[2025-07-22T09:08:25.015+0000] {logging_mixin.py:188} INFO - [2025-07-22T09:08:25.014+0000] {dagbag.py:545} INFO - Filling up the DagBag from /home/airflow/.local/lib/python3.12/site-packages/airflow/example_dags/example_branch_labels.py
[2025-07-22T09:08:25.037+0000] {processor.py:840} INFO - DAG(s) 'example_branch_labels' retrieved from /home/airflow/.local/lib/python3.12/site-packages/airflow/example_dags/example_branch_labels.py
[2025-07-22T09:08:25.078+0000] {logging_mixin.py:188} INFO - [2025-07-22T09:08:25.077+0000] {dag.py:3096} INFO - Sync 1 DAGs
[2025-07-22T09:08:25.124+0000] {logging_mixin.py:188} INFO - [2025-07-22T09:08:25.123+0000] {dag.py:3954} INFO - Setting next_dagrun for example_branch_labels to 2025-07-21 00:00:00+00:00, run_after=2025-07-22 00:00:00+00:00
[2025-07-22T09:08:25.163+0000] {processor.py:183} INFO - Processing /home/airflow/.local/lib/python3.12/site-packages/airflow/example_dags/example_branch_labels.py took 0.164 seconds
[2025-07-22T09:08:56.311+0000] {processor.py:161} INFO - Started process (PID=2048) to work on /home/airflow/.local/lib/python3.12/site-packages/airflow/example_dags/example_branch_labels.py
[2025-07-22T09:08:56.312+0000] {processor.py:830} INFO - Processing file /home/airflow/.local/lib/python3.12/site-packages/airflow/example_dags/example_branch_labels.py for tasks to queue
[2025-07-22T09:08:56.315+0000] {logging_mixin.py:188} INFO - [2025-07-22T09:08:56.314+0000] {dagbag.py:545} INFO - Filling up the DagBag from /home/airflow/.local/lib/python3.12/site-packages/airflow/example_dags/example_branch_labels.py
[2025-07-22T09:08:56.325+0000] {processor.py:840} INFO - DAG(s) 'example_branch_labels' retrieved from /home/airflow/.local/lib/python3.12/site-packages/airflow/example_dags/example_branch_labels.py
[2025-07-22T09:08:56.354+0000] {logging_mixin.py:188} INFO - [2025-07-22T09:08:56.354+0000] {dag.py:3096} INFO - Sync 1 DAGs
[2025-07-22T09:08:56.383+0000] {logging_mixin.py:188} INFO - [2025-07-22T09:08:56.383+0000] {dag.py:3954} INFO - Setting next_dagrun for example_branch_labels to 2025-07-21 00:00:00+00:00, run_after=2025-07-22 00:00:00+00:00
[2025-07-22T09:08:56.408+0000] {processor.py:183} INFO - Processing /home/airflow/.local/lib/python3.12/site-packages/airflow/example_dags/example_branch_labels.py took 0.105 seconds
[2025-07-22T09:09:27.312+0000] {processor.py:161} INFO - Started process (PID=2108) to work on /home/airflow/.local/lib/python3.12/site-packages/airflow/example_dags/example_branch_labels.py
[2025-07-22T09:09:27.313+0000] {processor.py:830} INFO - Processing file /home/airflow/.local/lib/python3.12/site-packages/airflow/example_dags/example_branch_labels.py for tasks to queue
[2025-07-22T09:09:27.316+0000] {logging_mixin.py:188} INFO - [2025-07-22T09:09:27.316+0000] {dagbag.py:545} INFO - Filling up the DagBag from /home/airflow/.local/lib/python3.12/site-packages/airflow/example_dags/example_branch_labels.py
[2025-07-22T09:09:27.325+0000] {processor.py:840} INFO - DAG(s) 'example_branch_labels' retrieved from /home/airflow/.local/lib/python3.12/site-packages/airflow/example_dags/example_branch_labels.py
[2025-07-22T09:09:27.350+0000] {logging_mixin.py:188} INFO - [2025-07-22T09:09:27.349+0000] {dag.py:3096} INFO - Sync 1 DAGs
[2025-07-22T09:09:27.559+0000] {logging_mixin.py:188} INFO - [2025-07-22T09:09:27.558+0000] {dag.py:3954} INFO - Setting next_dagrun for example_branch_labels to 2025-07-21 00:00:00+00:00, run_after=2025-07-22 00:00:00+00:00
[2025-07-22T09:09:27.596+0000] {processor.py:183} INFO - Processing /home/airflow/.local/lib/python3.12/site-packages/airflow/example_dags/example_branch_labels.py took 0.291 seconds
[2025-07-22T09:09:57.748+0000] {processor.py:161} INFO - Started process (PID=2168) to work on /home/airflow/.local/lib/python3.12/site-packages/airflow/example_dags/example_branch_labels.py
[2025-07-22T09:09:57.749+0000] {processor.py:830} INFO - Processing file /home/airflow/.local/lib/python3.12/site-packages/airflow/example_dags/example_branch_labels.py for tasks to queue
[2025-07-22T09:09:57.752+0000] {logging_mixin.py:188} INFO - [2025-07-22T09:09:57.751+0000] {dagbag.py:545} INFO - Filling up the DagBag from /home/airflow/.local/lib/python3.12/site-packages/airflow/example_dags/example_branch_labels.py
[2025-07-22T09:09:57.760+0000] {processor.py:840} INFO - DAG(s) 'example_branch_labels' retrieved from /home/airflow/.local/lib/python3.12/site-packages/airflow/example_dags/example_branch_labels.py
[2025-07-22T09:09:57.782+0000] {logging_mixin.py:188} INFO - [2025-07-22T09:09:57.782+0000] {dag.py:3096} INFO - Sync 1 DAGs
[2025-07-22T09:09:57.807+0000] {logging_mixin.py:188} INFO - [2025-07-22T09:09:57.807+0000] {dag.py:3954} INFO - Setting next_dagrun for example_branch_labels to 2025-07-21 00:00:00+00:00, run_after=2025-07-22 00:00:00+00:00
[2025-07-22T09:09:57.830+0000] {processor.py:183} INFO - Processing /home/airflow/.local/lib/python3.12/site-packages/airflow/example_dags/example_branch_labels.py took 0.088 seconds
[2025-07-22T09:10:28.260+0000] {processor.py:161} INFO - Started process (PID=2228) to work on /home/airflow/.local/lib/python3.12/site-packages/airflow/example_dags/example_branch_labels.py
[2025-07-22T09:10:28.261+0000] {processor.py:830} INFO - Processing file /home/airflow/.local/lib/python3.12/site-packages/airflow/example_dags/example_branch_labels.py for tasks to queue
[2025-07-22T09:10:28.264+0000] {logging_mixin.py:188} INFO - [2025-07-22T09:10:28.263+0000] {dagbag.py:545} INFO - Filling up the DagBag from /home/airflow/.local/lib/python3.12/site-packages/airflow/example_dags/example_branch_labels.py
[2025-07-22T09:10:28.272+0000] {processor.py:840} INFO - DAG(s) 'example_branch_labels' retrieved from /home/airflow/.local/lib/python3.12/site-packages/airflow/example_dags/example_branch_labels.py
[2025-07-22T09:10:28.294+0000] {logging_mixin.py:188} INFO - [2025-07-22T09:10:28.294+0000] {dag.py:3096} INFO - Sync 1 DAGs
[2025-07-22T09:10:28.317+0000] {logging_mixin.py:188} INFO - [2025-07-22T09:10:28.317+0000] {dag.py:3954} INFO - Setting next_dagrun for example_branch_labels to 2025-07-21 00:00:00+00:00, run_after=2025-07-22 00:00:00+00:00
[2025-07-22T09:10:28.340+0000] {processor.py:183} INFO - Processing /home/airflow/.local/lib/python3.12/site-packages/airflow/example_dags/example_branch_labels.py took 0.086 seconds
[2025-07-22T09:10:58.472+0000] {processor.py:161} INFO - Started process (PID=2287) to work on /home/airflow/.local/lib/python3.12/site-packages/airflow/example_dags/example_branch_labels.py
[2025-07-22T09:10:58.473+0000] {processor.py:830} INFO - Processing file /home/airflow/.local/lib/python3.12/site-packages/airflow/example_dags/example_branch_labels.py for tasks to queue
[2025-07-22T09:10:58.475+0000] {logging_mixin.py:188} INFO - [2025-07-22T09:10:58.475+0000] {dagbag.py:545} INFO - Filling up the DagBag from /home/airflow/.local/lib/python3.12/site-packages/airflow/example_dags/example_branch_labels.py
[2025-07-22T09:10:58.484+0000] {processor.py:840} INFO - DAG(s) 'example_branch_labels' retrieved from /home/airflow/.local/lib/python3.12/site-packages/airflow/example_dags/example_branch_labels.py
[2025-07-22T09:10:58.507+0000] {logging_mixin.py:188} INFO - [2025-07-22T09:10:58.507+0000] {dag.py:3096} INFO - Sync 1 DAGs
[2025-07-22T09:10:58.531+0000] {logging_mixin.py:188} INFO - [2025-07-22T09:10:58.531+0000] {dag.py:3954} INFO - Setting next_dagrun for example_branch_labels to 2025-07-21 00:00:00+00:00, run_after=2025-07-22 00:00:00+00:00
[2025-07-22T09:10:58.551+0000] {processor.py:183} INFO - Processing /home/airflow/.local/lib/python3.12/site-packages/airflow/example_dags/example_branch_labels.py took 0.086 seconds
[2025-07-22T09:11:29.083+0000] {processor.py:161} INFO - Started process (PID=2347) to work on /home/airflow/.local/lib/python3.12/site-packages/airflow/example_dags/example_branch_labels.py
[2025-07-22T09:11:29.084+0000] {processor.py:830} INFO - Processing file /home/airflow/.local/lib/python3.12/site-packages/airflow/example_dags/example_branch_labels.py for tasks to queue
[2025-07-22T09:11:29.087+0000] {logging_mixin.py:188} INFO - [2025-07-22T09:11:29.086+0000] {dagbag.py:545} INFO - Filling up the DagBag from /home/airflow/.local/lib/python3.12/site-packages/airflow/example_dags/example_branch_labels.py
[2025-07-22T09:11:29.098+0000] {processor.py:840} INFO - DAG(s) 'example_branch_labels' retrieved from /home/airflow/.local/lib/python3.12/site-packages/airflow/example_dags/example_branch_labels.py
[2025-07-22T09:11:29.129+0000] {logging_mixin.py:188} INFO - [2025-07-22T09:11:29.128+0000] {dag.py:3096} INFO - Sync 1 DAGs
[2025-07-22T09:11:29.162+0000] {logging_mixin.py:188} INFO - [2025-07-22T09:11:29.161+0000] {dag.py:3954} INFO - Setting next_dagrun for example_branch_labels to 2025-07-21 00:00:00+00:00, run_after=2025-07-22 00:00:00+00:00
[2025-07-22T09:11:29.189+0000] {processor.py:183} INFO - Processing /home/airflow/.local/lib/python3.12/site-packages/airflow/example_dags/example_branch_labels.py took 0.115 seconds
[2025-07-22T09:11:59.332+0000] {processor.py:161} INFO - Started process (PID=2406) to work on /home/airflow/.local/lib/python3.12/site-packages/airflow/example_dags/example_branch_labels.py
[2025-07-22T09:11:59.333+0000] {processor.py:830} INFO - Processing file /home/airflow/.local/lib/python3.12/site-packages/airflow/example_dags/example_branch_labels.py for tasks to queue
[2025-07-22T09:11:59.336+0000] {logging_mixin.py:188} INFO - [2025-07-22T09:11:59.336+0000] {dagbag.py:545} INFO - Filling up the DagBag from /home/airflow/.local/lib/python3.12/site-packages/airflow/example_dags/example_branch_labels.py
[2025-07-22T09:11:59.346+0000] {processor.py:840} INFO - DAG(s) 'example_branch_labels' retrieved from /home/airflow/.local/lib/python3.12/site-packages/airflow/example_dags/example_branch_labels.py
[2025-07-22T09:11:59.372+0000] {logging_mixin.py:188} INFO - [2025-07-22T09:11:59.371+0000] {dag.py:3096} INFO - Sync 1 DAGs
[2025-07-22T09:11:59.400+0000] {logging_mixin.py:188} INFO - [2025-07-22T09:11:59.400+0000] {dag.py:3954} INFO - Setting next_dagrun for example_branch_labels to 2025-07-21 00:00:00+00:00, run_after=2025-07-22 00:00:00+00:00
[2025-07-22T09:11:59.423+0000] {processor.py:183} INFO - Processing /home/airflow/.local/lib/python3.12/site-packages/airflow/example_dags/example_branch_labels.py took 0.099 seconds
[2025-07-22T09:12:29.578+0000] {processor.py:161} INFO - Started process (PID=2466) to work on /home/airflow/.local/lib/python3.12/site-packages/airflow/example_dags/example_branch_labels.py
[2025-07-22T09:12:29.579+0000] {processor.py:830} INFO - Processing file /home/airflow/.local/lib/python3.12/site-packages/airflow/example_dags/example_branch_labels.py for tasks to queue
[2025-07-22T09:12:29.582+0000] {logging_mixin.py:188} INFO - [2025-07-22T09:12:29.582+0000] {dagbag.py:545} INFO - Filling up the DagBag from /home/airflow/.local/lib/python3.12/site-packages/airflow/example_dags/example_branch_labels.py
[2025-07-22T09:12:29.592+0000] {processor.py:840} INFO - DAG(s) 'example_branch_labels' retrieved from /home/airflow/.local/lib/python3.12/site-packages/airflow/example_dags/example_branch_labels.py
[2025-07-22T09:12:29.622+0000] {logging_mixin.py:188} INFO - [2025-07-22T09:12:29.622+0000] {dag.py:3096} INFO - Sync 1 DAGs
[2025-07-22T09:12:29.657+0000] {logging_mixin.py:188} INFO - [2025-07-22T09:12:29.656+0000] {dag.py:3954} INFO - Setting next_dagrun for example_branch_labels to 2025-07-21 00:00:00+00:00, run_after=2025-07-22 00:00:00+00:00
[2025-07-22T09:12:29.683+0000] {processor.py:183} INFO - Processing /home/airflow/.local/lib/python3.12/site-packages/airflow/example_dags/example_branch_labels.py took 0.113 seconds
[2025-07-22T09:12:59.850+0000] {processor.py:161} INFO - Started process (PID=2526) to work on /home/airflow/.local/lib/python3.12/site-packages/airflow/example_dags/example_branch_labels.py
[2025-07-22T09:12:59.852+0000] {processor.py:830} INFO - Processing file /home/airflow/.local/lib/python3.12/site-packages/airflow/example_dags/example_branch_labels.py for tasks to queue
[2025-07-22T09:12:59.854+0000] {logging_mixin.py:188} INFO - [2025-07-22T09:12:59.854+0000] {dagbag.py:545} INFO - Filling up the DagBag from /home/airflow/.local/lib/python3.12/site-packages/airflow/example_dags/example_branch_labels.py
[2025-07-22T09:12:59.862+0000] {processor.py:840} INFO - DAG(s) 'example_branch_labels' retrieved from /home/airflow/.local/lib/python3.12/site-packages/airflow/example_dags/example_branch_labels.py
[2025-07-22T09:12:59.885+0000] {logging_mixin.py:188} INFO - [2025-07-22T09:12:59.885+0000] {dag.py:3096} INFO - Sync 1 DAGs
[2025-07-22T09:12:59.911+0000] {logging_mixin.py:188} INFO - [2025-07-22T09:12:59.911+0000] {dag.py:3954} INFO - Setting next_dagrun for example_branch_labels to 2025-07-21 00:00:00+00:00, run_after=2025-07-22 00:00:00+00:00
[2025-07-22T09:12:59.933+0000] {processor.py:183} INFO - Processing /home/airflow/.local/lib/python3.12/site-packages/airflow/example_dags/example_branch_labels.py took 0.089 seconds
[2025-07-22T09:13:30.163+0000] {processor.py:161} INFO - Started process (PID=2586) to work on /home/airflow/.local/lib/python3.12/site-packages/airflow/example_dags/example_branch_labels.py
[2025-07-22T09:13:30.165+0000] {processor.py:830} INFO - Processing file /home/airflow/.local/lib/python3.12/site-packages/airflow/example_dags/example_branch_labels.py for tasks to queue
[2025-07-22T09:13:30.168+0000] {logging_mixin.py:188} INFO - [2025-07-22T09:13:30.167+0000] {dagbag.py:545} INFO - Filling up the DagBag from /home/airflow/.local/lib/python3.12/site-packages/airflow/example_dags/example_branch_labels.py
[2025-07-22T09:13:30.179+0000] {processor.py:840} INFO - DAG(s) 'example_branch_labels' retrieved from /home/airflow/.local/lib/python3.12/site-packages/airflow/example_dags/example_branch_labels.py
[2025-07-22T09:13:30.209+0000] {logging_mixin.py:188} INFO - [2025-07-22T09:13:30.209+0000] {dag.py:3096} INFO - Sync 1 DAGs
[2025-07-22T09:13:30.241+0000] {logging_mixin.py:188} INFO - [2025-07-22T09:13:30.241+0000] {dag.py:3954} INFO - Setting next_dagrun for example_branch_labels to 2025-07-21 00:00:00+00:00, run_after=2025-07-22 00:00:00+00:00
[2025-07-22T09:13:30.272+0000] {processor.py:183} INFO - Processing /home/airflow/.local/lib/python3.12/site-packages/airflow/example_dags/example_branch_labels.py took 0.116 seconds
[2025-07-22T09:14:00.373+0000] {processor.py:161} INFO - Started process (PID=2646) to work on /home/airflow/.local/lib/python3.12/site-packages/airflow/example_dags/example_branch_labels.py
[2025-07-22T09:14:00.374+0000] {processor.py:830} INFO - Processing file /home/airflow/.local/lib/python3.12/site-packages/airflow/example_dags/example_branch_labels.py for tasks to queue
[2025-07-22T09:14:00.377+0000] {logging_mixin.py:188} INFO - [2025-07-22T09:14:00.377+0000] {dagbag.py:545} INFO - Filling up the DagBag from /home/airflow/.local/lib/python3.12/site-packages/airflow/example_dags/example_branch_labels.py
[2025-07-22T09:14:00.386+0000] {processor.py:840} INFO - DAG(s) 'example_branch_labels' retrieved from /home/airflow/.local/lib/python3.12/site-packages/airflow/example_dags/example_branch_labels.py
[2025-07-22T09:14:00.411+0000] {logging_mixin.py:188} INFO - [2025-07-22T09:14:00.411+0000] {dag.py:3096} INFO - Sync 1 DAGs
[2025-07-22T09:14:00.439+0000] {logging_mixin.py:188} INFO - [2025-07-22T09:14:00.439+0000] {dag.py:3954} INFO - Setting next_dagrun for example_branch_labels to 2025-07-21 00:00:00+00:00, run_after=2025-07-22 00:00:00+00:00
[2025-07-22T09:14:00.463+0000] {processor.py:183} INFO - Processing /home/airflow/.local/lib/python3.12/site-packages/airflow/example_dags/example_branch_labels.py took 0.097 seconds
[2025-07-22T09:14:30.673+0000] {processor.py:161} INFO - Started process (PID=2707) to work on /home/airflow/.local/lib/python3.12/site-packages/airflow/example_dags/example_branch_labels.py
[2025-07-22T09:14:30.675+0000] {processor.py:830} INFO - Processing file /home/airflow/.local/lib/python3.12/site-packages/airflow/example_dags/example_branch_labels.py for tasks to queue
[2025-07-22T09:14:30.677+0000] {logging_mixin.py:188} INFO - [2025-07-22T09:14:30.677+0000] {dagbag.py:545} INFO - Filling up the DagBag from /home/airflow/.local/lib/python3.12/site-packages/airflow/example_dags/example_branch_labels.py
[2025-07-22T09:14:30.686+0000] {processor.py:840} INFO - DAG(s) 'example_branch_labels' retrieved from /home/airflow/.local/lib/python3.12/site-packages/airflow/example_dags/example_branch_labels.py
[2025-07-22T09:14:30.710+0000] {logging_mixin.py:188} INFO - [2025-07-22T09:14:30.710+0000] {dag.py:3096} INFO - Sync 1 DAGs
[2025-07-22T09:14:30.735+0000] {logging_mixin.py:188} INFO - [2025-07-22T09:14:30.735+0000] {dag.py:3954} INFO - Setting next_dagrun for example_branch_labels to 2025-07-21 00:00:00+00:00, run_after=2025-07-22 00:00:00+00:00
[2025-07-22T09:14:30.756+0000] {processor.py:183} INFO - Processing /home/airflow/.local/lib/python3.12/site-packages/airflow/example_dags/example_branch_labels.py took 0.089 seconds
[2025-07-22T09:15:01.002+0000] {processor.py:161} INFO - Started process (PID=2767) to work on /home/airflow/.local/lib/python3.12/site-packages/airflow/example_dags/example_branch_labels.py
[2025-07-22T09:15:01.004+0000] {processor.py:830} INFO - Processing file /home/airflow/.local/lib/python3.12/site-packages/airflow/example_dags/example_branch_labels.py for tasks to queue
[2025-07-22T09:15:01.007+0000] {logging_mixin.py:188} INFO - [2025-07-22T09:15:01.006+0000] {dagbag.py:545} INFO - Filling up the DagBag from /home/airflow/.local/lib/python3.12/site-packages/airflow/example_dags/example_branch_labels.py
[2025-07-22T09:15:01.022+0000] {processor.py:840} INFO - DAG(s) 'example_branch_labels' retrieved from /home/airflow/.local/lib/python3.12/site-packages/airflow/example_dags/example_branch_labels.py
[2025-07-22T09:15:01.057+0000] {logging_mixin.py:188} INFO - [2025-07-22T09:15:01.056+0000] {dag.py:3096} INFO - Sync 1 DAGs
[2025-07-22T09:15:01.091+0000] {logging_mixin.py:188} INFO - [2025-07-22T09:15:01.090+0000] {dag.py:3954} INFO - Setting next_dagrun for example_branch_labels to 2025-07-21 00:00:00+00:00, run_after=2025-07-22 00:00:00+00:00
[2025-07-22T09:15:01.111+0000] {processor.py:183} INFO - Processing /home/airflow/.local/lib/python3.12/site-packages/airflow/example_dags/example_branch_labels.py took 0.119 seconds
[2025-07-22T09:15:31.354+0000] {processor.py:161} INFO - Started process (PID=2827) to work on /home/airflow/.local/lib/python3.12/site-packages/airflow/example_dags/example_branch_labels.py
[2025-07-22T09:15:31.356+0000] {processor.py:830} INFO - Processing file /home/airflow/.local/lib/python3.12/site-packages/airflow/example_dags/example_branch_labels.py for tasks to queue
[2025-07-22T09:15:31.358+0000] {logging_mixin.py:188} INFO - [2025-07-22T09:15:31.358+0000] {dagbag.py:545} INFO - Filling up the DagBag from /home/airflow/.local/lib/python3.12/site-packages/airflow/example_dags/example_branch_labels.py
[2025-07-22T09:15:31.368+0000] {processor.py:840} INFO - DAG(s) 'example_branch_labels' retrieved from /home/airflow/.local/lib/python3.12/site-packages/airflow/example_dags/example_branch_labels.py
[2025-07-22T09:15:31.395+0000] {logging_mixin.py:188} INFO - [2025-07-22T09:15:31.395+0000] {dag.py:3096} INFO - Sync 1 DAGs
[2025-07-22T09:15:31.423+0000] {logging_mixin.py:188} INFO - [2025-07-22T09:15:31.422+0000] {dag.py:3954} INFO - Setting next_dagrun for example_branch_labels to 2025-07-21 00:00:00+00:00, run_after=2025-07-22 00:00:00+00:00
[2025-07-22T09:15:31.447+0000] {processor.py:183} INFO - Processing /home/airflow/.local/lib/python3.12/site-packages/airflow/example_dags/example_branch_labels.py took 0.100 seconds
[2025-07-22T09:16:01.560+0000] {processor.py:161} INFO - Started process (PID=2887) to work on /home/airflow/.local/lib/python3.12/site-packages/airflow/example_dags/example_branch_labels.py
[2025-07-22T09:16:01.562+0000] {processor.py:830} INFO - Processing file /home/airflow/.local/lib/python3.12/site-packages/airflow/example_dags/example_branch_labels.py for tasks to queue
[2025-07-22T09:16:01.564+0000] {logging_mixin.py:188} INFO - [2025-07-22T09:16:01.564+0000] {dagbag.py:545} INFO - Filling up the DagBag from /home/airflow/.local/lib/python3.12/site-packages/airflow/example_dags/example_branch_labels.py
[2025-07-22T09:16:01.573+0000] {processor.py:840} INFO - DAG(s) 'example_branch_labels' retrieved from /home/airflow/.local/lib/python3.12/site-packages/airflow/example_dags/example_branch_labels.py
[2025-07-22T09:16:01.598+0000] {logging_mixin.py:188} INFO - [2025-07-22T09:16:01.597+0000] {dag.py:3096} INFO - Sync 1 DAGs
[2025-07-22T09:16:01.625+0000] {logging_mixin.py:188} INFO - [2025-07-22T09:16:01.625+0000] {dag.py:3954} INFO - Setting next_dagrun for example_branch_labels to 2025-07-21 00:00:00+00:00, run_after=2025-07-22 00:00:00+00:00
[2025-07-22T09:16:01.648+0000] {processor.py:183} INFO - Processing /home/airflow/.local/lib/python3.12/site-packages/airflow/example_dags/example_branch_labels.py took 0.095 seconds
[2025-07-22T09:16:31.910+0000] {processor.py:161} INFO - Started process (PID=2947) to work on /home/airflow/.local/lib/python3.12/site-packages/airflow/example_dags/example_branch_labels.py
[2025-07-22T09:16:31.912+0000] {processor.py:830} INFO - Processing file /home/airflow/.local/lib/python3.12/site-packages/airflow/example_dags/example_branch_labels.py for tasks to queue
[2025-07-22T09:16:31.914+0000] {logging_mixin.py:188} INFO - [2025-07-22T09:16:31.914+0000] {dagbag.py:545} INFO - Filling up the DagBag from /home/airflow/.local/lib/python3.12/site-packages/airflow/example_dags/example_branch_labels.py
[2025-07-22T09:16:31.924+0000] {processor.py:840} INFO - DAG(s) 'example_branch_labels' retrieved from /home/airflow/.local/lib/python3.12/site-packages/airflow/example_dags/example_branch_labels.py
[2025-07-22T09:16:31.954+0000] {logging_mixin.py:188} INFO - [2025-07-22T09:16:31.954+0000] {dag.py:3096} INFO - Sync 1 DAGs
[2025-07-22T09:16:31.985+0000] {logging_mixin.py:188} INFO - [2025-07-22T09:16:31.985+0000] {dag.py:3954} INFO - Setting next_dagrun for example_branch_labels to 2025-07-21 00:00:00+00:00, run_after=2025-07-22 00:00:00+00:00
[2025-07-22T09:16:32.011+0000] {processor.py:183} INFO - Processing /home/airflow/.local/lib/python3.12/site-packages/airflow/example_dags/example_branch_labels.py took 0.109 seconds
[2025-07-22T09:17:02.271+0000] {processor.py:161} INFO - Started process (PID=3007) to work on /home/airflow/.local/lib/python3.12/site-packages/airflow/example_dags/example_branch_labels.py
[2025-07-22T09:17:02.272+0000] {processor.py:830} INFO - Processing file /home/airflow/.local/lib/python3.12/site-packages/airflow/example_dags/example_branch_labels.py for tasks to queue
[2025-07-22T09:17:02.275+0000] {logging_mixin.py:188} INFO - [2025-07-22T09:17:02.274+0000] {dagbag.py:545} INFO - Filling up the DagBag from /home/airflow/.local/lib/python3.12/site-packages/airflow/example_dags/example_branch_labels.py
[2025-07-22T09:17:02.284+0000] {processor.py:840} INFO - DAG(s) 'example_branch_labels' retrieved from /home/airflow/.local/lib/python3.12/site-packages/airflow/example_dags/example_branch_labels.py
[2025-07-22T09:17:02.312+0000] {logging_mixin.py:188} INFO - [2025-07-22T09:17:02.312+0000] {dag.py:3096} INFO - Sync 1 DAGs
[2025-07-22T09:17:02.344+0000] {logging_mixin.py:188} INFO - [2025-07-22T09:17:02.343+0000] {dag.py:3954} INFO - Setting next_dagrun for example_branch_labels to 2025-07-21 00:00:00+00:00, run_after=2025-07-22 00:00:00+00:00
[2025-07-22T09:17:02.380+0000] {processor.py:183} INFO - Processing /home/airflow/.local/lib/python3.12/site-packages/airflow/example_dags/example_branch_labels.py took 0.118 seconds
[2025-07-22T09:17:32.581+0000] {processor.py:161} INFO - Started process (PID=3067) to work on /home/airflow/.local/lib/python3.12/site-packages/airflow/example_dags/example_branch_labels.py
[2025-07-22T09:17:32.582+0000] {processor.py:830} INFO - Processing file /home/airflow/.local/lib/python3.12/site-packages/airflow/example_dags/example_branch_labels.py for tasks to queue
[2025-07-22T09:17:32.584+0000] {logging_mixin.py:188} INFO - [2025-07-22T09:17:32.584+0000] {dagbag.py:545} INFO - Filling up the DagBag from /home/airflow/.local/lib/python3.12/site-packages/airflow/example_dags/example_branch_labels.py
[2025-07-22T09:17:32.592+0000] {processor.py:840} INFO - DAG(s) 'example_branch_labels' retrieved from /home/airflow/.local/lib/python3.12/site-packages/airflow/example_dags/example_branch_labels.py
[2025-07-22T09:17:32.616+0000] {logging_mixin.py:188} INFO - [2025-07-22T09:17:32.616+0000] {dag.py:3096} INFO - Sync 1 DAGs
[2025-07-22T09:17:32.641+0000] {logging_mixin.py:188} INFO - [2025-07-22T09:17:32.641+0000] {dag.py:3954} INFO - Setting next_dagrun for example_branch_labels to 2025-07-21 00:00:00+00:00, run_after=2025-07-22 00:00:00+00:00
[2025-07-22T09:17:32.662+0000] {processor.py:183} INFO - Processing /home/airflow/.local/lib/python3.12/site-packages/airflow/example_dags/example_branch_labels.py took 0.088 seconds
[2025-07-22T09:18:02.787+0000] {processor.py:161} INFO - Started process (PID=3127) to work on /home/airflow/.local/lib/python3.12/site-packages/airflow/example_dags/example_branch_labels.py
[2025-07-22T09:18:02.788+0000] {processor.py:830} INFO - Processing file /home/airflow/.local/lib/python3.12/site-packages/airflow/example_dags/example_branch_labels.py for tasks to queue
[2025-07-22T09:18:02.790+0000] {logging_mixin.py:188} INFO - [2025-07-22T09:18:02.790+0000] {dagbag.py:545} INFO - Filling up the DagBag from /home/airflow/.local/lib/python3.12/site-packages/airflow/example_dags/example_branch_labels.py
[2025-07-22T09:18:02.798+0000] {processor.py:840} INFO - DAG(s) 'example_branch_labels' retrieved from /home/airflow/.local/lib/python3.12/site-packages/airflow/example_dags/example_branch_labels.py
[2025-07-22T09:18:02.822+0000] {logging_mixin.py:188} INFO - [2025-07-22T09:18:02.822+0000] {dag.py:3096} INFO - Sync 1 DAGs
[2025-07-22T09:18:02.848+0000] {logging_mixin.py:188} INFO - [2025-07-22T09:18:02.848+0000] {dag.py:3954} INFO - Setting next_dagrun for example_branch_labels to 2025-07-21 00:00:00+00:00, run_after=2025-07-22 00:00:00+00:00
[2025-07-22T09:18:02.869+0000] {processor.py:183} INFO - Processing /home/airflow/.local/lib/python3.12/site-packages/airflow/example_dags/example_branch_labels.py took 0.089 seconds
[2025-07-22T09:18:33.247+0000] {processor.py:161} INFO - Started process (PID=3187) to work on /home/airflow/.local/lib/python3.12/site-packages/airflow/example_dags/example_branch_labels.py
[2025-07-22T09:18:33.248+0000] {processor.py:830} INFO - Processing file /home/airflow/.local/lib/python3.12/site-packages/airflow/example_dags/example_branch_labels.py for tasks to queue
[2025-07-22T09:18:33.250+0000] {logging_mixin.py:188} INFO - [2025-07-22T09:18:33.250+0000] {dagbag.py:545} INFO - Filling up the DagBag from /home/airflow/.local/lib/python3.12/site-packages/airflow/example_dags/example_branch_labels.py
[2025-07-22T09:18:33.259+0000] {processor.py:840} INFO - DAG(s) 'example_branch_labels' retrieved from /home/airflow/.local/lib/python3.12/site-packages/airflow/example_dags/example_branch_labels.py
[2025-07-22T09:18:33.284+0000] {logging_mixin.py:188} INFO - [2025-07-22T09:18:33.283+0000] {dag.py:3096} INFO - Sync 1 DAGs
[2025-07-22T09:18:33.310+0000] {logging_mixin.py:188} INFO - [2025-07-22T09:18:33.309+0000] {dag.py:3954} INFO - Setting next_dagrun for example_branch_labels to 2025-07-21 00:00:00+00:00, run_after=2025-07-22 00:00:00+00:00
[2025-07-22T09:18:33.334+0000] {processor.py:183} INFO - Processing /home/airflow/.local/lib/python3.12/site-packages/airflow/example_dags/example_branch_labels.py took 0.094 seconds
[2025-07-22T09:19:04.052+0000] {processor.py:161} INFO - Started process (PID=3245) to work on /home/airflow/.local/lib/python3.12/site-packages/airflow/example_dags/example_branch_labels.py
[2025-07-22T09:19:04.053+0000] {processor.py:830} INFO - Processing file /home/airflow/.local/lib/python3.12/site-packages/airflow/example_dags/example_branch_labels.py for tasks to queue
[2025-07-22T09:19:04.056+0000] {logging_mixin.py:188} INFO - [2025-07-22T09:19:04.055+0000] {dagbag.py:545} INFO - Filling up the DagBag from /home/airflow/.local/lib/python3.12/site-packages/airflow/example_dags/example_branch_labels.py
[2025-07-22T09:19:04.064+0000] {processor.py:840} INFO - DAG(s) 'example_branch_labels' retrieved from /home/airflow/.local/lib/python3.12/site-packages/airflow/example_dags/example_branch_labels.py
[2025-07-22T09:19:04.089+0000] {logging_mixin.py:188} INFO - [2025-07-22T09:19:04.089+0000] {dag.py:3096} INFO - Sync 1 DAGs
[2025-07-22T09:19:04.118+0000] {logging_mixin.py:188} INFO - [2025-07-22T09:19:04.118+0000] {dag.py:3954} INFO - Setting next_dagrun for example_branch_labels to 2025-07-21 00:00:00+00:00, run_after=2025-07-22 00:00:00+00:00
[2025-07-22T09:19:04.140+0000] {processor.py:183} INFO - Processing /home/airflow/.local/lib/python3.12/site-packages/airflow/example_dags/example_branch_labels.py took 0.095 seconds
[2025-07-22T09:19:34.712+0000] {processor.py:161} INFO - Started process (PID=3305) to work on /home/airflow/.local/lib/python3.12/site-packages/airflow/example_dags/example_branch_labels.py
[2025-07-22T09:19:34.713+0000] {processor.py:830} INFO - Processing file /home/airflow/.local/lib/python3.12/site-packages/airflow/example_dags/example_branch_labels.py for tasks to queue
[2025-07-22T09:19:34.716+0000] {logging_mixin.py:188} INFO - [2025-07-22T09:19:34.715+0000] {dagbag.py:545} INFO - Filling up the DagBag from /home/airflow/.local/lib/python3.12/site-packages/airflow/example_dags/example_branch_labels.py
[2025-07-22T09:19:34.727+0000] {processor.py:840} INFO - DAG(s) 'example_branch_labels' retrieved from /home/airflow/.local/lib/python3.12/site-packages/airflow/example_dags/example_branch_labels.py
[2025-07-22T09:19:34.753+0000] {logging_mixin.py:188} INFO - [2025-07-22T09:19:34.753+0000] {dag.py:3096} INFO - Sync 1 DAGs
[2025-07-22T09:19:34.781+0000] {logging_mixin.py:188} INFO - [2025-07-22T09:19:34.780+0000] {dag.py:3954} INFO - Setting next_dagrun for example_branch_labels to 2025-07-21 00:00:00+00:00, run_after=2025-07-22 00:00:00+00:00
[2025-07-22T09:19:34.803+0000] {processor.py:183} INFO - Processing /home/airflow/.local/lib/python3.12/site-packages/airflow/example_dags/example_branch_labels.py took 0.098 seconds
[2025-07-22T09:20:05.222+0000] {processor.py:161} INFO - Started process (PID=3365) to work on /home/airflow/.local/lib/python3.12/site-packages/airflow/example_dags/example_branch_labels.py
[2025-07-22T09:20:05.223+0000] {processor.py:830} INFO - Processing file /home/airflow/.local/lib/python3.12/site-packages/airflow/example_dags/example_branch_labels.py for tasks to queue
[2025-07-22T09:20:05.226+0000] {logging_mixin.py:188} INFO - [2025-07-22T09:20:05.225+0000] {dagbag.py:545} INFO - Filling up the DagBag from /home/airflow/.local/lib/python3.12/site-packages/airflow/example_dags/example_branch_labels.py
[2025-07-22T09:20:05.250+0000] {processor.py:840} INFO - DAG(s) 'example_branch_labels' retrieved from /home/airflow/.local/lib/python3.12/site-packages/airflow/example_dags/example_branch_labels.py
[2025-07-22T09:20:05.280+0000] {logging_mixin.py:188} INFO - [2025-07-22T09:20:05.280+0000] {dag.py:3096} INFO - Sync 1 DAGs
[2025-07-22T09:20:05.317+0000] {logging_mixin.py:188} INFO - [2025-07-22T09:20:05.317+0000] {dag.py:3954} INFO - Setting next_dagrun for example_branch_labels to 2025-07-21 00:00:00+00:00, run_after=2025-07-22 00:00:00+00:00
[2025-07-22T09:20:05.343+0000] {processor.py:183} INFO - Processing /home/airflow/.local/lib/python3.12/site-packages/airflow/example_dags/example_branch_labels.py took 0.129 seconds
[2025-07-22T09:20:35.623+0000] {processor.py:161} INFO - Started process (PID=3431) to work on /home/airflow/.local/lib/python3.12/site-packages/airflow/example_dags/example_branch_labels.py
[2025-07-22T09:20:35.624+0000] {processor.py:830} INFO - Processing file /home/airflow/.local/lib/python3.12/site-packages/airflow/example_dags/example_branch_labels.py for tasks to queue
[2025-07-22T09:20:35.627+0000] {logging_mixin.py:188} INFO - [2025-07-22T09:20:35.626+0000] {dagbag.py:545} INFO - Filling up the DagBag from /home/airflow/.local/lib/python3.12/site-packages/airflow/example_dags/example_branch_labels.py
[2025-07-22T09:20:35.637+0000] {processor.py:840} INFO - DAG(s) 'example_branch_labels' retrieved from /home/airflow/.local/lib/python3.12/site-packages/airflow/example_dags/example_branch_labels.py
[2025-07-22T09:20:35.666+0000] {logging_mixin.py:188} INFO - [2025-07-22T09:20:35.665+0000] {dag.py:3096} INFO - Sync 1 DAGs
[2025-07-22T09:20:35.694+0000] {logging_mixin.py:188} INFO - [2025-07-22T09:20:35.693+0000] {dag.py:3954} INFO - Setting next_dagrun for example_branch_labels to 2025-07-21 00:00:00+00:00, run_after=2025-07-22 00:00:00+00:00
[2025-07-22T09:20:35.715+0000] {processor.py:183} INFO - Processing /home/airflow/.local/lib/python3.12/site-packages/airflow/example_dags/example_branch_labels.py took 0.101 seconds
[2025-07-22T09:21:05.908+0000] {processor.py:161} INFO - Started process (PID=3492) to work on /home/airflow/.local/lib/python3.12/site-packages/airflow/example_dags/example_branch_labels.py
[2025-07-22T09:21:05.909+0000] {processor.py:830} INFO - Processing file /home/airflow/.local/lib/python3.12/site-packages/airflow/example_dags/example_branch_labels.py for tasks to queue
[2025-07-22T09:21:05.912+0000] {logging_mixin.py:188} INFO - [2025-07-22T09:21:05.911+0000] {dagbag.py:545} INFO - Filling up the DagBag from /home/airflow/.local/lib/python3.12/site-packages/airflow/example_dags/example_branch_labels.py
[2025-07-22T09:21:05.920+0000] {processor.py:840} INFO - DAG(s) 'example_branch_labels' retrieved from /home/airflow/.local/lib/python3.12/site-packages/airflow/example_dags/example_branch_labels.py
[2025-07-22T09:21:05.945+0000] {logging_mixin.py:188} INFO - [2025-07-22T09:21:05.944+0000] {dag.py:3096} INFO - Sync 1 DAGs
[2025-07-22T09:21:05.985+0000] {logging_mixin.py:188} INFO - [2025-07-22T09:21:05.985+0000] {dag.py:3954} INFO - Setting next_dagrun for example_branch_labels to 2025-07-21 00:00:00+00:00, run_after=2025-07-22 00:00:00+00:00
[2025-07-22T09:21:06.009+0000] {processor.py:183} INFO - Processing /home/airflow/.local/lib/python3.12/site-packages/airflow/example_dags/example_branch_labels.py took 0.108 seconds
[2025-07-22T09:21:36.096+0000] {processor.py:161} INFO - Started process (PID=3552) to work on /home/airflow/.local/lib/python3.12/site-packages/airflow/example_dags/example_branch_labels.py
[2025-07-22T09:21:36.097+0000] {processor.py:830} INFO - Processing file /home/airflow/.local/lib/python3.12/site-packages/airflow/example_dags/example_branch_labels.py for tasks to queue
[2025-07-22T09:21:36.102+0000] {logging_mixin.py:188} INFO - [2025-07-22T09:21:36.102+0000] {dagbag.py:545} INFO - Filling up the DagBag from /home/airflow/.local/lib/python3.12/site-packages/airflow/example_dags/example_branch_labels.py
[2025-07-22T09:21:36.113+0000] {processor.py:840} INFO - DAG(s) 'example_branch_labels' retrieved from /home/airflow/.local/lib/python3.12/site-packages/airflow/example_dags/example_branch_labels.py
[2025-07-22T09:21:36.140+0000] {logging_mixin.py:188} INFO - [2025-07-22T09:21:36.140+0000] {dag.py:3096} INFO - Sync 1 DAGs
[2025-07-22T09:21:36.166+0000] {logging_mixin.py:188} INFO - [2025-07-22T09:21:36.166+0000] {dag.py:3954} INFO - Setting next_dagrun for example_branch_labels to 2025-07-21 00:00:00+00:00, run_after=2025-07-22 00:00:00+00:00
[2025-07-22T09:21:36.191+0000] {processor.py:183} INFO - Processing /home/airflow/.local/lib/python3.12/site-packages/airflow/example_dags/example_branch_labels.py took 0.102 seconds
[2025-07-22T09:22:06.425+0000] {processor.py:161} INFO - Started process (PID=3612) to work on /home/airflow/.local/lib/python3.12/site-packages/airflow/example_dags/example_branch_labels.py
[2025-07-22T09:22:06.426+0000] {processor.py:830} INFO - Processing file /home/airflow/.local/lib/python3.12/site-packages/airflow/example_dags/example_branch_labels.py for tasks to queue
[2025-07-22T09:22:06.429+0000] {logging_mixin.py:188} INFO - [2025-07-22T09:22:06.428+0000] {dagbag.py:545} INFO - Filling up the DagBag from /home/airflow/.local/lib/python3.12/site-packages/airflow/example_dags/example_branch_labels.py
[2025-07-22T09:22:06.437+0000] {processor.py:840} INFO - DAG(s) 'example_branch_labels' retrieved from /home/airflow/.local/lib/python3.12/site-packages/airflow/example_dags/example_branch_labels.py
[2025-07-22T09:22:06.461+0000] {logging_mixin.py:188} INFO - [2025-07-22T09:22:06.461+0000] {dag.py:3096} INFO - Sync 1 DAGs
[2025-07-22T09:22:06.487+0000] {logging_mixin.py:188} INFO - [2025-07-22T09:22:06.486+0000] {dag.py:3954} INFO - Setting next_dagrun for example_branch_labels to 2025-07-21 00:00:00+00:00, run_after=2025-07-22 00:00:00+00:00
[2025-07-22T09:22:06.509+0000] {processor.py:183} INFO - Processing /home/airflow/.local/lib/python3.12/site-packages/airflow/example_dags/example_branch_labels.py took 0.091 seconds
[2025-07-22T09:22:37.433+0000] {processor.py:161} INFO - Started process (PID=3672) to work on /home/airflow/.local/lib/python3.12/site-packages/airflow/example_dags/example_branch_labels.py
[2025-07-22T09:22:37.434+0000] {processor.py:830} INFO - Processing file /home/airflow/.local/lib/python3.12/site-packages/airflow/example_dags/example_branch_labels.py for tasks to queue
[2025-07-22T09:22:37.438+0000] {logging_mixin.py:188} INFO - [2025-07-22T09:22:37.437+0000] {dagbag.py:545} INFO - Filling up the DagBag from /home/airflow/.local/lib/python3.12/site-packages/airflow/example_dags/example_branch_labels.py
[2025-07-22T09:22:37.450+0000] {processor.py:840} INFO - DAG(s) 'example_branch_labels' retrieved from /home/airflow/.local/lib/python3.12/site-packages/airflow/example_dags/example_branch_labels.py
[2025-07-22T09:22:37.487+0000] {logging_mixin.py:188} INFO - [2025-07-22T09:22:37.487+0000] {dag.py:3096} INFO - Sync 1 DAGs
[2025-07-22T09:22:37.522+0000] {logging_mixin.py:188} INFO - [2025-07-22T09:22:37.522+0000] {dag.py:3954} INFO - Setting next_dagrun for example_branch_labels to 2025-07-21 00:00:00+00:00, run_after=2025-07-22 00:00:00+00:00
[2025-07-22T09:22:37.547+0000] {processor.py:183} INFO - Processing /home/airflow/.local/lib/python3.12/site-packages/airflow/example_dags/example_branch_labels.py took 0.124 seconds
