[2025-07-22T08:52:07.554+0000] {processor.py:161} INFO - Started process (PID=88) to work on /home/airflow/.local/lib/python3.12/site-packages/airflow/example_dags/example_branch_day_of_week_operator.py
[2025-07-22T08:52:07.555+0000] {processor.py:830} INFO - Processing file /home/airflow/.local/lib/python3.12/site-packages/airflow/example_dags/example_branch_day_of_week_operator.py for tasks to queue
[2025-07-22T08:52:07.559+0000] {logging_mixin.py:188} INFO - [2025-07-22T08:52:07.558+0000] {dagbag.py:545} INFO - Filling up the DagBag from /home/airflow/.local/lib/python3.12/site-packages/airflow/example_dags/example_branch_day_of_week_operator.py
[2025-07-22T08:52:07.571+0000] {processor.py:840} INFO - DAG(s) 'example_weekday_branch_operator' retrieved from /home/airflow/.local/lib/python3.12/site-packages/airflow/example_dags/example_branch_day_of_week_operator.py
[2025-07-22T08:52:07.778+0000] {logging_mixin.py:188} INFO - [2025-07-22T08:52:07.777+0000] {dag.py:3096} INFO - Sync 1 DAGs
[2025-07-22T08:52:07.808+0000] {logging_mixin.py:188} INFO - [2025-07-22T08:52:07.807+0000] {dag.py:3954} INFO - Setting next_dagrun for example_weekday_branch_operator to 2025-07-21 00:00:00+00:00, run_after=2025-07-22 00:00:00+00:00
[2025-07-22T08:52:07.842+0000] {processor.py:183} INFO - Processing /home/airflow/.local/lib/python3.12/site-packages/airflow/example_dags/example_branch_day_of_week_operator.py took 0.296 seconds
[2025-07-22T08:52:38.351+0000] {processor.py:161} INFO - Started process (PID=146) to work on /home/airflow/.local/lib/python3.12/site-packages/airflow/example_dags/example_branch_day_of_week_operator.py
[2025-07-22T08:52:38.352+0000] {processor.py:830} INFO - Processing file /home/airflow/.local/lib/python3.12/site-packages/airflow/example_dags/example_branch_day_of_week_operator.py for tasks to queue
[2025-07-22T08:52:38.354+0000] {logging_mixin.py:188} INFO - [2025-07-22T08:52:38.354+0000] {dagbag.py:545} INFO - Filling up the DagBag from /home/airflow/.local/lib/python3.12/site-packages/airflow/example_dags/example_branch_day_of_week_operator.py
[2025-07-22T08:52:38.362+0000] {processor.py:840} INFO - DAG(s) 'example_weekday_branch_operator' retrieved from /home/airflow/.local/lib/python3.12/site-packages/airflow/example_dags/example_branch_day_of_week_operator.py
[2025-07-22T08:52:38.385+0000] {logging_mixin.py:188} INFO - [2025-07-22T08:52:38.384+0000] {dag.py:3096} INFO - Sync 1 DAGs
[2025-07-22T08:52:38.408+0000] {logging_mixin.py:188} INFO - [2025-07-22T08:52:38.408+0000] {dag.py:3954} INFO - Setting next_dagrun for example_weekday_branch_operator to 2025-07-21 00:00:00+00:00, run_after=2025-07-22 00:00:00+00:00
[2025-07-22T08:52:38.429+0000] {processor.py:183} INFO - Processing /home/airflow/.local/lib/python3.12/site-packages/airflow/example_dags/example_branch_day_of_week_operator.py took 0.084 seconds
[2025-07-22T08:53:08.883+0000] {processor.py:161} INFO - Started process (PID=204) to work on /home/airflow/.local/lib/python3.12/site-packages/airflow/example_dags/example_branch_day_of_week_operator.py
[2025-07-22T08:53:08.885+0000] {processor.py:830} INFO - Processing file /home/airflow/.local/lib/python3.12/site-packages/airflow/example_dags/example_branch_day_of_week_operator.py for tasks to queue
[2025-07-22T08:53:08.888+0000] {logging_mixin.py:188} INFO - [2025-07-22T08:53:08.887+0000] {dagbag.py:545} INFO - Filling up the DagBag from /home/airflow/.local/lib/python3.12/site-packages/airflow/example_dags/example_branch_day_of_week_operator.py
[2025-07-22T08:53:08.897+0000] {processor.py:840} INFO - DAG(s) 'example_weekday_branch_operator' retrieved from /home/airflow/.local/lib/python3.12/site-packages/airflow/example_dags/example_branch_day_of_week_operator.py
[2025-07-22T08:53:08.924+0000] {logging_mixin.py:188} INFO - [2025-07-22T08:53:08.923+0000] {dag.py:3096} INFO - Sync 1 DAGs
[2025-07-22T08:53:08.951+0000] {logging_mixin.py:188} INFO - [2025-07-22T08:53:08.951+0000] {dag.py:3954} INFO - Setting next_dagrun for example_weekday_branch_operator to 2025-07-21 00:00:00+00:00, run_after=2025-07-22 00:00:00+00:00
[2025-07-22T08:53:08.975+0000] {processor.py:183} INFO - Processing /home/airflow/.local/lib/python3.12/site-packages/airflow/example_dags/example_branch_day_of_week_operator.py took 0.103 seconds
[2025-07-22T08:53:39.119+0000] {processor.py:161} INFO - Started process (PID=262) to work on /home/airflow/.local/lib/python3.12/site-packages/airflow/example_dags/example_branch_day_of_week_operator.py
[2025-07-22T08:53:39.120+0000] {processor.py:830} INFO - Processing file /home/airflow/.local/lib/python3.12/site-packages/airflow/example_dags/example_branch_day_of_week_operator.py for tasks to queue
[2025-07-22T08:53:39.123+0000] {logging_mixin.py:188} INFO - [2025-07-22T08:53:39.123+0000] {dagbag.py:545} INFO - Filling up the DagBag from /home/airflow/.local/lib/python3.12/site-packages/airflow/example_dags/example_branch_day_of_week_operator.py
[2025-07-22T08:53:39.134+0000] {processor.py:840} INFO - DAG(s) 'example_weekday_branch_operator' retrieved from /home/airflow/.local/lib/python3.12/site-packages/airflow/example_dags/example_branch_day_of_week_operator.py
[2025-07-22T08:53:39.164+0000] {logging_mixin.py:188} INFO - [2025-07-22T08:53:39.163+0000] {dag.py:3096} INFO - Sync 1 DAGs
[2025-07-22T08:53:39.195+0000] {logging_mixin.py:188} INFO - [2025-07-22T08:53:39.194+0000] {dag.py:3954} INFO - Setting next_dagrun for example_weekday_branch_operator to 2025-07-21 00:00:00+00:00, run_after=2025-07-22 00:00:00+00:00
[2025-07-22T08:53:39.222+0000] {processor.py:183} INFO - Processing /home/airflow/.local/lib/python3.12/site-packages/airflow/example_dags/example_branch_day_of_week_operator.py took 0.111 seconds
[2025-07-22T08:54:09.668+0000] {processor.py:161} INFO - Started process (PID=320) to work on /home/airflow/.local/lib/python3.12/site-packages/airflow/example_dags/example_branch_day_of_week_operator.py
[2025-07-22T08:54:09.669+0000] {processor.py:830} INFO - Processing file /home/airflow/.local/lib/python3.12/site-packages/airflow/example_dags/example_branch_day_of_week_operator.py for tasks to queue
[2025-07-22T08:54:09.671+0000] {logging_mixin.py:188} INFO - [2025-07-22T08:54:09.671+0000] {dagbag.py:545} INFO - Filling up the DagBag from /home/airflow/.local/lib/python3.12/site-packages/airflow/example_dags/example_branch_day_of_week_operator.py
[2025-07-22T08:54:09.679+0000] {processor.py:840} INFO - DAG(s) 'example_weekday_branch_operator' retrieved from /home/airflow/.local/lib/python3.12/site-packages/airflow/example_dags/example_branch_day_of_week_operator.py
[2025-07-22T08:54:09.703+0000] {logging_mixin.py:188} INFO - [2025-07-22T08:54:09.702+0000] {dag.py:3096} INFO - Sync 1 DAGs
[2025-07-22T08:54:09.729+0000] {logging_mixin.py:188} INFO - [2025-07-22T08:54:09.729+0000] {dag.py:3954} INFO - Setting next_dagrun for example_weekday_branch_operator to 2025-07-21 00:00:00+00:00, run_after=2025-07-22 00:00:00+00:00
[2025-07-22T08:54:09.759+0000] {processor.py:183} INFO - Processing /home/airflow/.local/lib/python3.12/site-packages/airflow/example_dags/example_branch_day_of_week_operator.py took 0.097 seconds
[2025-07-22T08:54:39.976+0000] {processor.py:161} INFO - Started process (PID=378) to work on /home/airflow/.local/lib/python3.12/site-packages/airflow/example_dags/example_branch_day_of_week_operator.py
[2025-07-22T08:54:39.977+0000] {processor.py:830} INFO - Processing file /home/airflow/.local/lib/python3.12/site-packages/airflow/example_dags/example_branch_day_of_week_operator.py for tasks to queue
[2025-07-22T08:54:39.980+0000] {logging_mixin.py:188} INFO - [2025-07-22T08:54:39.980+0000] {dagbag.py:545} INFO - Filling up the DagBag from /home/airflow/.local/lib/python3.12/site-packages/airflow/example_dags/example_branch_day_of_week_operator.py
[2025-07-22T08:54:39.993+0000] {processor.py:840} INFO - DAG(s) 'example_weekday_branch_operator' retrieved from /home/airflow/.local/lib/python3.12/site-packages/airflow/example_dags/example_branch_day_of_week_operator.py
[2025-07-22T08:54:40.023+0000] {logging_mixin.py:188} INFO - [2025-07-22T08:54:40.022+0000] {dag.py:3096} INFO - Sync 1 DAGs
[2025-07-22T08:54:40.059+0000] {logging_mixin.py:188} INFO - [2025-07-22T08:54:40.059+0000] {dag.py:3954} INFO - Setting next_dagrun for example_weekday_branch_operator to 2025-07-21 00:00:00+00:00, run_after=2025-07-22 00:00:00+00:00
[2025-07-22T08:54:40.083+0000] {processor.py:183} INFO - Processing /home/airflow/.local/lib/python3.12/site-packages/airflow/example_dags/example_branch_day_of_week_operator.py took 0.118 seconds
[2025-07-22T08:55:10.488+0000] {processor.py:161} INFO - Started process (PID=436) to work on /home/airflow/.local/lib/python3.12/site-packages/airflow/example_dags/example_branch_day_of_week_operator.py
[2025-07-22T08:55:10.490+0000] {processor.py:830} INFO - Processing file /home/airflow/.local/lib/python3.12/site-packages/airflow/example_dags/example_branch_day_of_week_operator.py for tasks to queue
[2025-07-22T08:55:10.492+0000] {logging_mixin.py:188} INFO - [2025-07-22T08:55:10.492+0000] {dagbag.py:545} INFO - Filling up the DagBag from /home/airflow/.local/lib/python3.12/site-packages/airflow/example_dags/example_branch_day_of_week_operator.py
[2025-07-22T08:55:10.502+0000] {processor.py:840} INFO - DAG(s) 'example_weekday_branch_operator' retrieved from /home/airflow/.local/lib/python3.12/site-packages/airflow/example_dags/example_branch_day_of_week_operator.py
[2025-07-22T08:55:10.526+0000] {logging_mixin.py:188} INFO - [2025-07-22T08:55:10.526+0000] {dag.py:3096} INFO - Sync 1 DAGs
[2025-07-22T08:55:10.554+0000] {logging_mixin.py:188} INFO - [2025-07-22T08:55:10.553+0000] {dag.py:3954} INFO - Setting next_dagrun for example_weekday_branch_operator to 2025-07-21 00:00:00+00:00, run_after=2025-07-22 00:00:00+00:00
[2025-07-22T08:55:10.576+0000] {processor.py:183} INFO - Processing /home/airflow/.local/lib/python3.12/site-packages/airflow/example_dags/example_branch_day_of_week_operator.py took 0.095 seconds
[2025-07-22T08:55:40.963+0000] {processor.py:161} INFO - Started process (PID=494) to work on /home/airflow/.local/lib/python3.12/site-packages/airflow/example_dags/example_branch_day_of_week_operator.py
[2025-07-22T08:55:40.964+0000] {processor.py:830} INFO - Processing file /home/airflow/.local/lib/python3.12/site-packages/airflow/example_dags/example_branch_day_of_week_operator.py for tasks to queue
[2025-07-22T08:55:40.967+0000] {logging_mixin.py:188} INFO - [2025-07-22T08:55:40.966+0000] {dagbag.py:545} INFO - Filling up the DagBag from /home/airflow/.local/lib/python3.12/site-packages/airflow/example_dags/example_branch_day_of_week_operator.py
[2025-07-22T08:55:40.975+0000] {processor.py:840} INFO - DAG(s) 'example_weekday_branch_operator' retrieved from /home/airflow/.local/lib/python3.12/site-packages/airflow/example_dags/example_branch_day_of_week_operator.py
[2025-07-22T08:55:40.998+0000] {logging_mixin.py:188} INFO - [2025-07-22T08:55:40.998+0000] {dag.py:3096} INFO - Sync 1 DAGs
[2025-07-22T08:55:41.024+0000] {logging_mixin.py:188} INFO - [2025-07-22T08:55:41.024+0000] {dag.py:3954} INFO - Setting next_dagrun for example_weekday_branch_operator to 2025-07-21 00:00:00+00:00, run_after=2025-07-22 00:00:00+00:00
[2025-07-22T08:55:41.044+0000] {processor.py:183} INFO - Processing /home/airflow/.local/lib/python3.12/site-packages/airflow/example_dags/example_branch_day_of_week_operator.py took 0.088 seconds
[2025-07-22T08:56:11.240+0000] {processor.py:161} INFO - Started process (PID=552) to work on /home/airflow/.local/lib/python3.12/site-packages/airflow/example_dags/example_branch_day_of_week_operator.py
[2025-07-22T08:56:11.241+0000] {processor.py:830} INFO - Processing file /home/airflow/.local/lib/python3.12/site-packages/airflow/example_dags/example_branch_day_of_week_operator.py for tasks to queue
[2025-07-22T08:56:11.243+0000] {logging_mixin.py:188} INFO - [2025-07-22T08:56:11.243+0000] {dagbag.py:545} INFO - Filling up the DagBag from /home/airflow/.local/lib/python3.12/site-packages/airflow/example_dags/example_branch_day_of_week_operator.py
[2025-07-22T08:56:11.253+0000] {processor.py:840} INFO - DAG(s) 'example_weekday_branch_operator' retrieved from /home/airflow/.local/lib/python3.12/site-packages/airflow/example_dags/example_branch_day_of_week_operator.py
[2025-07-22T08:56:11.277+0000] {logging_mixin.py:188} INFO - [2025-07-22T08:56:11.276+0000] {dag.py:3096} INFO - Sync 1 DAGs
[2025-07-22T08:56:11.301+0000] {logging_mixin.py:188} INFO - [2025-07-22T08:56:11.301+0000] {dag.py:3954} INFO - Setting next_dagrun for example_weekday_branch_operator to 2025-07-21 00:00:00+00:00, run_after=2025-07-22 00:00:00+00:00
[2025-07-22T08:56:11.323+0000] {processor.py:183} INFO - Processing /home/airflow/.local/lib/python3.12/site-packages/airflow/example_dags/example_branch_day_of_week_operator.py took 0.092 seconds
[2025-07-22T08:56:41.715+0000] {processor.py:161} INFO - Started process (PID=610) to work on /home/airflow/.local/lib/python3.12/site-packages/airflow/example_dags/example_branch_day_of_week_operator.py
[2025-07-22T08:56:41.717+0000] {processor.py:830} INFO - Processing file /home/airflow/.local/lib/python3.12/site-packages/airflow/example_dags/example_branch_day_of_week_operator.py for tasks to queue
[2025-07-22T08:56:41.719+0000] {logging_mixin.py:188} INFO - [2025-07-22T08:56:41.719+0000] {dagbag.py:545} INFO - Filling up the DagBag from /home/airflow/.local/lib/python3.12/site-packages/airflow/example_dags/example_branch_day_of_week_operator.py
[2025-07-22T08:56:41.734+0000] {processor.py:840} INFO - DAG(s) 'example_weekday_branch_operator' retrieved from /home/airflow/.local/lib/python3.12/site-packages/airflow/example_dags/example_branch_day_of_week_operator.py
[2025-07-22T08:56:41.763+0000] {logging_mixin.py:188} INFO - [2025-07-22T08:56:41.763+0000] {dag.py:3096} INFO - Sync 1 DAGs
[2025-07-22T08:56:41.797+0000] {logging_mixin.py:188} INFO - [2025-07-22T08:56:41.797+0000] {dag.py:3954} INFO - Setting next_dagrun for example_weekday_branch_operator to 2025-07-21 00:00:00+00:00, run_after=2025-07-22 00:00:00+00:00
[2025-07-22T08:56:41.821+0000] {processor.py:183} INFO - Processing /home/airflow/.local/lib/python3.12/site-packages/airflow/example_dags/example_branch_day_of_week_operator.py took 0.114 seconds
[2025-07-22T08:57:12.059+0000] {processor.py:161} INFO - Started process (PID=670) to work on /home/airflow/.local/lib/python3.12/site-packages/airflow/example_dags/example_branch_day_of_week_operator.py
[2025-07-22T08:57:12.060+0000] {processor.py:830} INFO - Processing file /home/airflow/.local/lib/python3.12/site-packages/airflow/example_dags/example_branch_day_of_week_operator.py for tasks to queue
[2025-07-22T08:57:12.063+0000] {logging_mixin.py:188} INFO - [2025-07-22T08:57:12.062+0000] {dagbag.py:545} INFO - Filling up the DagBag from /home/airflow/.local/lib/python3.12/site-packages/airflow/example_dags/example_branch_day_of_week_operator.py
[2025-07-22T08:57:12.075+0000] {processor.py:840} INFO - DAG(s) 'example_weekday_branch_operator' retrieved from /home/airflow/.local/lib/python3.12/site-packages/airflow/example_dags/example_branch_day_of_week_operator.py
[2025-07-22T08:57:12.107+0000] {logging_mixin.py:188} INFO - [2025-07-22T08:57:12.107+0000] {dag.py:3096} INFO - Sync 1 DAGs
[2025-07-22T08:57:12.135+0000] {logging_mixin.py:188} INFO - [2025-07-22T08:57:12.135+0000] {dag.py:3954} INFO - Setting next_dagrun for example_weekday_branch_operator to 2025-07-21 00:00:00+00:00, run_after=2025-07-22 00:00:00+00:00
[2025-07-22T08:57:12.158+0000] {processor.py:183} INFO - Processing /home/airflow/.local/lib/python3.12/site-packages/airflow/example_dags/example_branch_day_of_week_operator.py took 0.107 seconds
[2025-07-22T08:57:42.237+0000] {processor.py:161} INFO - Started process (PID=730) to work on /home/airflow/.local/lib/python3.12/site-packages/airflow/example_dags/example_branch_day_of_week_operator.py
[2025-07-22T08:57:42.238+0000] {processor.py:830} INFO - Processing file /home/airflow/.local/lib/python3.12/site-packages/airflow/example_dags/example_branch_day_of_week_operator.py for tasks to queue
[2025-07-22T08:57:42.241+0000] {logging_mixin.py:188} INFO - [2025-07-22T08:57:42.240+0000] {dagbag.py:545} INFO - Filling up the DagBag from /home/airflow/.local/lib/python3.12/site-packages/airflow/example_dags/example_branch_day_of_week_operator.py
[2025-07-22T08:57:42.249+0000] {processor.py:840} INFO - DAG(s) 'example_weekday_branch_operator' retrieved from /home/airflow/.local/lib/python3.12/site-packages/airflow/example_dags/example_branch_day_of_week_operator.py
[2025-07-22T08:57:42.285+0000] {logging_mixin.py:188} INFO - [2025-07-22T08:57:42.284+0000] {dag.py:3096} INFO - Sync 1 DAGs
[2025-07-22T08:57:42.339+0000] {logging_mixin.py:188} INFO - [2025-07-22T08:57:42.338+0000] {dag.py:3954} INFO - Setting next_dagrun for example_weekday_branch_operator to 2025-07-21 00:00:00+00:00, run_after=2025-07-22 00:00:00+00:00
[2025-07-22T08:57:42.368+0000] {processor.py:183} INFO - Processing /home/airflow/.local/lib/python3.12/site-packages/airflow/example_dags/example_branch_day_of_week_operator.py took 0.137 seconds
[2025-07-22T08:58:12.788+0000] {processor.py:161} INFO - Started process (PID=790) to work on /home/airflow/.local/lib/python3.12/site-packages/airflow/example_dags/example_branch_day_of_week_operator.py
[2025-07-22T08:58:12.789+0000] {processor.py:830} INFO - Processing file /home/airflow/.local/lib/python3.12/site-packages/airflow/example_dags/example_branch_day_of_week_operator.py for tasks to queue
[2025-07-22T08:58:12.791+0000] {logging_mixin.py:188} INFO - [2025-07-22T08:58:12.791+0000] {dagbag.py:545} INFO - Filling up the DagBag from /home/airflow/.local/lib/python3.12/site-packages/airflow/example_dags/example_branch_day_of_week_operator.py
[2025-07-22T08:58:12.799+0000] {processor.py:840} INFO - DAG(s) 'example_weekday_branch_operator' retrieved from /home/airflow/.local/lib/python3.12/site-packages/airflow/example_dags/example_branch_day_of_week_operator.py
[2025-07-22T08:58:12.822+0000] {logging_mixin.py:188} INFO - [2025-07-22T08:58:12.822+0000] {dag.py:3096} INFO - Sync 1 DAGs
[2025-07-22T08:58:12.847+0000] {logging_mixin.py:188} INFO - [2025-07-22T08:58:12.847+0000] {dag.py:3954} INFO - Setting next_dagrun for example_weekday_branch_operator to 2025-07-21 00:00:00+00:00, run_after=2025-07-22 00:00:00+00:00
[2025-07-22T08:58:12.869+0000] {processor.py:183} INFO - Processing /home/airflow/.local/lib/python3.12/site-packages/airflow/example_dags/example_branch_day_of_week_operator.py took 0.088 seconds
[2025-07-22T08:58:43.468+0000] {processor.py:161} INFO - Started process (PID=850) to work on /home/airflow/.local/lib/python3.12/site-packages/airflow/example_dags/example_branch_day_of_week_operator.py
[2025-07-22T08:58:43.472+0000] {processor.py:830} INFO - Processing file /home/airflow/.local/lib/python3.12/site-packages/airflow/example_dags/example_branch_day_of_week_operator.py for tasks to queue
[2025-07-22T08:58:43.480+0000] {logging_mixin.py:188} INFO - [2025-07-22T08:58:43.480+0000] {dagbag.py:545} INFO - Filling up the DagBag from /home/airflow/.local/lib/python3.12/site-packages/airflow/example_dags/example_branch_day_of_week_operator.py
[2025-07-22T08:58:43.502+0000] {processor.py:840} INFO - DAG(s) 'example_weekday_branch_operator' retrieved from /home/airflow/.local/lib/python3.12/site-packages/airflow/example_dags/example_branch_day_of_week_operator.py
[2025-07-22T08:58:43.558+0000] {logging_mixin.py:188} INFO - [2025-07-22T08:58:43.558+0000] {dag.py:3096} INFO - Sync 1 DAGs
[2025-07-22T08:58:43.617+0000] {logging_mixin.py:188} INFO - [2025-07-22T08:58:43.616+0000] {dag.py:3954} INFO - Setting next_dagrun for example_weekday_branch_operator to 2025-07-21 00:00:00+00:00, run_after=2025-07-22 00:00:00+00:00
[2025-07-22T08:58:43.669+0000] {processor.py:183} INFO - Processing /home/airflow/.local/lib/python3.12/site-packages/airflow/example_dags/example_branch_day_of_week_operator.py took 0.217 seconds
[2025-07-22T08:59:13.949+0000] {processor.py:161} INFO - Started process (PID=910) to work on /home/airflow/.local/lib/python3.12/site-packages/airflow/example_dags/example_branch_day_of_week_operator.py
[2025-07-22T08:59:13.950+0000] {processor.py:830} INFO - Processing file /home/airflow/.local/lib/python3.12/site-packages/airflow/example_dags/example_branch_day_of_week_operator.py for tasks to queue
[2025-07-22T08:59:13.954+0000] {logging_mixin.py:188} INFO - [2025-07-22T08:59:13.954+0000] {dagbag.py:545} INFO - Filling up the DagBag from /home/airflow/.local/lib/python3.12/site-packages/airflow/example_dags/example_branch_day_of_week_operator.py
[2025-07-22T08:59:13.971+0000] {processor.py:840} INFO - DAG(s) 'example_weekday_branch_operator' retrieved from /home/airflow/.local/lib/python3.12/site-packages/airflow/example_dags/example_branch_day_of_week_operator.py
[2025-07-22T08:59:14.006+0000] {logging_mixin.py:188} INFO - [2025-07-22T08:59:14.006+0000] {dag.py:3096} INFO - Sync 1 DAGs
[2025-07-22T08:59:14.045+0000] {logging_mixin.py:188} INFO - [2025-07-22T08:59:14.045+0000] {dag.py:3954} INFO - Setting next_dagrun for example_weekday_branch_operator to 2025-07-21 00:00:00+00:00, run_after=2025-07-22 00:00:00+00:00
[2025-07-22T08:59:14.076+0000] {processor.py:183} INFO - Processing /home/airflow/.local/lib/python3.12/site-packages/airflow/example_dags/example_branch_day_of_week_operator.py took 0.142 seconds
[2025-07-22T08:59:44.425+0000] {processor.py:161} INFO - Started process (PID=970) to work on /home/airflow/.local/lib/python3.12/site-packages/airflow/example_dags/example_branch_day_of_week_operator.py
[2025-07-22T08:59:44.426+0000] {processor.py:830} INFO - Processing file /home/airflow/.local/lib/python3.12/site-packages/airflow/example_dags/example_branch_day_of_week_operator.py for tasks to queue
[2025-07-22T08:59:44.429+0000] {logging_mixin.py:188} INFO - [2025-07-22T08:59:44.428+0000] {dagbag.py:545} INFO - Filling up the DagBag from /home/airflow/.local/lib/python3.12/site-packages/airflow/example_dags/example_branch_day_of_week_operator.py
[2025-07-22T08:59:44.439+0000] {processor.py:840} INFO - DAG(s) 'example_weekday_branch_operator' retrieved from /home/airflow/.local/lib/python3.12/site-packages/airflow/example_dags/example_branch_day_of_week_operator.py
[2025-07-22T08:59:44.465+0000] {logging_mixin.py:188} INFO - [2025-07-22T08:59:44.465+0000] {dag.py:3096} INFO - Sync 1 DAGs
[2025-07-22T08:59:44.492+0000] {logging_mixin.py:188} INFO - [2025-07-22T08:59:44.492+0000] {dag.py:3954} INFO - Setting next_dagrun for example_weekday_branch_operator to 2025-07-21 00:00:00+00:00, run_after=2025-07-22 00:00:00+00:00
[2025-07-22T08:59:44.515+0000] {processor.py:183} INFO - Processing /home/airflow/.local/lib/python3.12/site-packages/airflow/example_dags/example_branch_day_of_week_operator.py took 0.098 seconds
[2025-07-22T09:00:15.058+0000] {processor.py:161} INFO - Started process (PID=1030) to work on /home/airflow/.local/lib/python3.12/site-packages/airflow/example_dags/example_branch_day_of_week_operator.py
[2025-07-22T09:00:15.059+0000] {processor.py:830} INFO - Processing file /home/airflow/.local/lib/python3.12/site-packages/airflow/example_dags/example_branch_day_of_week_operator.py for tasks to queue
[2025-07-22T09:00:15.062+0000] {logging_mixin.py:188} INFO - [2025-07-22T09:00:15.062+0000] {dagbag.py:545} INFO - Filling up the DagBag from /home/airflow/.local/lib/python3.12/site-packages/airflow/example_dags/example_branch_day_of_week_operator.py
[2025-07-22T09:00:15.075+0000] {processor.py:840} INFO - DAG(s) 'example_weekday_branch_operator' retrieved from /home/airflow/.local/lib/python3.12/site-packages/airflow/example_dags/example_branch_day_of_week_operator.py
[2025-07-22T09:00:15.104+0000] {logging_mixin.py:188} INFO - [2025-07-22T09:00:15.104+0000] {dag.py:3096} INFO - Sync 1 DAGs
[2025-07-22T09:00:15.133+0000] {logging_mixin.py:188} INFO - [2025-07-22T09:00:15.133+0000] {dag.py:3954} INFO - Setting next_dagrun for example_weekday_branch_operator to 2025-07-21 00:00:00+00:00, run_after=2025-07-22 00:00:00+00:00
[2025-07-22T09:00:15.156+0000] {processor.py:183} INFO - Processing /home/airflow/.local/lib/python3.12/site-packages/airflow/example_dags/example_branch_day_of_week_operator.py took 0.108 seconds
[2025-07-22T09:00:45.840+0000] {processor.py:161} INFO - Started process (PID=1090) to work on /home/airflow/.local/lib/python3.12/site-packages/airflow/example_dags/example_branch_day_of_week_operator.py
[2025-07-22T09:00:45.842+0000] {processor.py:830} INFO - Processing file /home/airflow/.local/lib/python3.12/site-packages/airflow/example_dags/example_branch_day_of_week_operator.py for tasks to queue
[2025-07-22T09:00:45.846+0000] {logging_mixin.py:188} INFO - [2025-07-22T09:00:45.845+0000] {dagbag.py:545} INFO - Filling up the DagBag from /home/airflow/.local/lib/python3.12/site-packages/airflow/example_dags/example_branch_day_of_week_operator.py
[2025-07-22T09:00:45.856+0000] {processor.py:840} INFO - DAG(s) 'example_weekday_branch_operator' retrieved from /home/airflow/.local/lib/python3.12/site-packages/airflow/example_dags/example_branch_day_of_week_operator.py
[2025-07-22T09:00:45.883+0000] {logging_mixin.py:188} INFO - [2025-07-22T09:00:45.883+0000] {dag.py:3096} INFO - Sync 1 DAGs
[2025-07-22T09:00:45.917+0000] {logging_mixin.py:188} INFO - [2025-07-22T09:00:45.917+0000] {dag.py:3954} INFO - Setting next_dagrun for example_weekday_branch_operator to 2025-07-21 00:00:00+00:00, run_after=2025-07-22 00:00:00+00:00
[2025-07-22T09:00:45.948+0000] {processor.py:183} INFO - Processing /home/airflow/.local/lib/python3.12/site-packages/airflow/example_dags/example_branch_day_of_week_operator.py took 0.117 seconds
[2025-07-22T09:01:16.744+0000] {processor.py:161} INFO - Started process (PID=1150) to work on /home/airflow/.local/lib/python3.12/site-packages/airflow/example_dags/example_branch_day_of_week_operator.py
[2025-07-22T09:01:16.746+0000] {processor.py:830} INFO - Processing file /home/airflow/.local/lib/python3.12/site-packages/airflow/example_dags/example_branch_day_of_week_operator.py for tasks to queue
[2025-07-22T09:01:16.749+0000] {logging_mixin.py:188} INFO - [2025-07-22T09:01:16.749+0000] {dagbag.py:545} INFO - Filling up the DagBag from /home/airflow/.local/lib/python3.12/site-packages/airflow/example_dags/example_branch_day_of_week_operator.py
[2025-07-22T09:01:16.759+0000] {processor.py:840} INFO - DAG(s) 'example_weekday_branch_operator' retrieved from /home/airflow/.local/lib/python3.12/site-packages/airflow/example_dags/example_branch_day_of_week_operator.py
[2025-07-22T09:01:16.789+0000] {logging_mixin.py:188} INFO - [2025-07-22T09:01:16.788+0000] {dag.py:3096} INFO - Sync 1 DAGs
[2025-07-22T09:01:16.820+0000] {logging_mixin.py:188} INFO - [2025-07-22T09:01:16.819+0000] {dag.py:3954} INFO - Setting next_dagrun for example_weekday_branch_operator to 2025-07-21 00:00:00+00:00, run_after=2025-07-22 00:00:00+00:00
[2025-07-22T09:01:16.846+0000] {processor.py:183} INFO - Processing /home/airflow/.local/lib/python3.12/site-packages/airflow/example_dags/example_branch_day_of_week_operator.py took 0.110 seconds
[2025-07-22T09:01:47.020+0000] {processor.py:161} INFO - Started process (PID=1210) to work on /home/airflow/.local/lib/python3.12/site-packages/airflow/example_dags/example_branch_day_of_week_operator.py
[2025-07-22T09:01:47.021+0000] {processor.py:830} INFO - Processing file /home/airflow/.local/lib/python3.12/site-packages/airflow/example_dags/example_branch_day_of_week_operator.py for tasks to queue
[2025-07-22T09:01:47.024+0000] {logging_mixin.py:188} INFO - [2025-07-22T09:01:47.023+0000] {dagbag.py:545} INFO - Filling up the DagBag from /home/airflow/.local/lib/python3.12/site-packages/airflow/example_dags/example_branch_day_of_week_operator.py
[2025-07-22T09:01:47.033+0000] {processor.py:840} INFO - DAG(s) 'example_weekday_branch_operator' retrieved from /home/airflow/.local/lib/python3.12/site-packages/airflow/example_dags/example_branch_day_of_week_operator.py
[2025-07-22T09:01:47.061+0000] {logging_mixin.py:188} INFO - [2025-07-22T09:01:47.061+0000] {dag.py:3096} INFO - Sync 1 DAGs
[2025-07-22T09:01:47.092+0000] {logging_mixin.py:188} INFO - [2025-07-22T09:01:47.092+0000] {dag.py:3954} INFO - Setting next_dagrun for example_weekday_branch_operator to 2025-07-21 00:00:00+00:00, run_after=2025-07-22 00:00:00+00:00
[2025-07-22T09:01:47.112+0000] {processor.py:183} INFO - Processing /home/airflow/.local/lib/python3.12/site-packages/airflow/example_dags/example_branch_day_of_week_operator.py took 0.099 seconds
[2025-07-22T09:02:17.201+0000] {processor.py:161} INFO - Started process (PID=1270) to work on /home/airflow/.local/lib/python3.12/site-packages/airflow/example_dags/example_branch_day_of_week_operator.py
[2025-07-22T09:02:17.203+0000] {processor.py:830} INFO - Processing file /home/airflow/.local/lib/python3.12/site-packages/airflow/example_dags/example_branch_day_of_week_operator.py for tasks to queue
[2025-07-22T09:02:17.205+0000] {logging_mixin.py:188} INFO - [2025-07-22T09:02:17.205+0000] {dagbag.py:545} INFO - Filling up the DagBag from /home/airflow/.local/lib/python3.12/site-packages/airflow/example_dags/example_branch_day_of_week_operator.py
[2025-07-22T09:02:17.213+0000] {processor.py:840} INFO - DAG(s) 'example_weekday_branch_operator' retrieved from /home/airflow/.local/lib/python3.12/site-packages/airflow/example_dags/example_branch_day_of_week_operator.py
[2025-07-22T09:02:17.236+0000] {logging_mixin.py:188} INFO - [2025-07-22T09:02:17.236+0000] {dag.py:3096} INFO - Sync 1 DAGs
[2025-07-22T09:02:17.261+0000] {logging_mixin.py:188} INFO - [2025-07-22T09:02:17.261+0000] {dag.py:3954} INFO - Setting next_dagrun for example_weekday_branch_operator to 2025-07-21 00:00:00+00:00, run_after=2025-07-22 00:00:00+00:00
[2025-07-22T09:02:17.281+0000] {processor.py:183} INFO - Processing /home/airflow/.local/lib/python3.12/site-packages/airflow/example_dags/example_branch_day_of_week_operator.py took 0.087 seconds
[2025-07-22T09:02:47.862+0000] {processor.py:161} INFO - Started process (PID=1330) to work on /home/airflow/.local/lib/python3.12/site-packages/airflow/example_dags/example_branch_day_of_week_operator.py
[2025-07-22T09:02:47.864+0000] {processor.py:830} INFO - Processing file /home/airflow/.local/lib/python3.12/site-packages/airflow/example_dags/example_branch_day_of_week_operator.py for tasks to queue
[2025-07-22T09:02:47.866+0000] {logging_mixin.py:188} INFO - [2025-07-22T09:02:47.866+0000] {dagbag.py:545} INFO - Filling up the DagBag from /home/airflow/.local/lib/python3.12/site-packages/airflow/example_dags/example_branch_day_of_week_operator.py
[2025-07-22T09:02:47.876+0000] {processor.py:840} INFO - DAG(s) 'example_weekday_branch_operator' retrieved from /home/airflow/.local/lib/python3.12/site-packages/airflow/example_dags/example_branch_day_of_week_operator.py
[2025-07-22T09:02:47.906+0000] {logging_mixin.py:188} INFO - [2025-07-22T09:02:47.906+0000] {dag.py:3096} INFO - Sync 1 DAGs
[2025-07-22T09:02:47.936+0000] {logging_mixin.py:188} INFO - [2025-07-22T09:02:47.935+0000] {dag.py:3954} INFO - Setting next_dagrun for example_weekday_branch_operator to 2025-07-21 00:00:00+00:00, run_after=2025-07-22 00:00:00+00:00
[2025-07-22T09:02:47.960+0000] {processor.py:183} INFO - Processing /home/airflow/.local/lib/python3.12/site-packages/airflow/example_dags/example_branch_day_of_week_operator.py took 0.107 seconds
[2025-07-22T09:03:18.287+0000] {processor.py:161} INFO - Started process (PID=1390) to work on /home/airflow/.local/lib/python3.12/site-packages/airflow/example_dags/example_branch_day_of_week_operator.py
[2025-07-22T09:03:18.288+0000] {processor.py:830} INFO - Processing file /home/airflow/.local/lib/python3.12/site-packages/airflow/example_dags/example_branch_day_of_week_operator.py for tasks to queue
[2025-07-22T09:03:18.290+0000] {logging_mixin.py:188} INFO - [2025-07-22T09:03:18.290+0000] {dagbag.py:545} INFO - Filling up the DagBag from /home/airflow/.local/lib/python3.12/site-packages/airflow/example_dags/example_branch_day_of_week_operator.py
[2025-07-22T09:03:18.299+0000] {processor.py:840} INFO - DAG(s) 'example_weekday_branch_operator' retrieved from /home/airflow/.local/lib/python3.12/site-packages/airflow/example_dags/example_branch_day_of_week_operator.py
[2025-07-22T09:03:18.323+0000] {logging_mixin.py:188} INFO - [2025-07-22T09:03:18.323+0000] {dag.py:3096} INFO - Sync 1 DAGs
[2025-07-22T09:03:18.353+0000] {logging_mixin.py:188} INFO - [2025-07-22T09:03:18.352+0000] {dag.py:3954} INFO - Setting next_dagrun for example_weekday_branch_operator to 2025-07-21 00:00:00+00:00, run_after=2025-07-22 00:00:00+00:00
[2025-07-22T09:03:18.375+0000] {processor.py:183} INFO - Processing /home/airflow/.local/lib/python3.12/site-packages/airflow/example_dags/example_branch_day_of_week_operator.py took 0.095 seconds
[2025-07-22T09:03:48.565+0000] {processor.py:161} INFO - Started process (PID=1450) to work on /home/airflow/.local/lib/python3.12/site-packages/airflow/example_dags/example_branch_day_of_week_operator.py
[2025-07-22T09:03:48.566+0000] {processor.py:830} INFO - Processing file /home/airflow/.local/lib/python3.12/site-packages/airflow/example_dags/example_branch_day_of_week_operator.py for tasks to queue
[2025-07-22T09:03:48.568+0000] {logging_mixin.py:188} INFO - [2025-07-22T09:03:48.568+0000] {dagbag.py:545} INFO - Filling up the DagBag from /home/airflow/.local/lib/python3.12/site-packages/airflow/example_dags/example_branch_day_of_week_operator.py
[2025-07-22T09:03:48.576+0000] {processor.py:840} INFO - DAG(s) 'example_weekday_branch_operator' retrieved from /home/airflow/.local/lib/python3.12/site-packages/airflow/example_dags/example_branch_day_of_week_operator.py
[2025-07-22T09:03:48.598+0000] {logging_mixin.py:188} INFO - [2025-07-22T09:03:48.598+0000] {dag.py:3096} INFO - Sync 1 DAGs
[2025-07-22T09:03:48.622+0000] {logging_mixin.py:188} INFO - [2025-07-22T09:03:48.622+0000] {dag.py:3954} INFO - Setting next_dagrun for example_weekday_branch_operator to 2025-07-21 00:00:00+00:00, run_after=2025-07-22 00:00:00+00:00
[2025-07-22T09:03:48.643+0000] {processor.py:183} INFO - Processing /home/airflow/.local/lib/python3.12/site-packages/airflow/example_dags/example_branch_day_of_week_operator.py took 0.085 seconds
[2025-07-22T09:04:19.088+0000] {processor.py:161} INFO - Started process (PID=1510) to work on /home/airflow/.local/lib/python3.12/site-packages/airflow/example_dags/example_branch_day_of_week_operator.py
[2025-07-22T09:04:19.089+0000] {processor.py:830} INFO - Processing file /home/airflow/.local/lib/python3.12/site-packages/airflow/example_dags/example_branch_day_of_week_operator.py for tasks to queue
[2025-07-22T09:04:19.093+0000] {logging_mixin.py:188} INFO - [2025-07-22T09:04:19.092+0000] {dagbag.py:545} INFO - Filling up the DagBag from /home/airflow/.local/lib/python3.12/site-packages/airflow/example_dags/example_branch_day_of_week_operator.py
[2025-07-22T09:04:19.104+0000] {processor.py:840} INFO - DAG(s) 'example_weekday_branch_operator' retrieved from /home/airflow/.local/lib/python3.12/site-packages/airflow/example_dags/example_branch_day_of_week_operator.py
[2025-07-22T09:04:19.132+0000] {logging_mixin.py:188} INFO - [2025-07-22T09:04:19.132+0000] {dag.py:3096} INFO - Sync 1 DAGs
[2025-07-22T09:04:19.162+0000] {logging_mixin.py:188} INFO - [2025-07-22T09:04:19.162+0000] {dag.py:3954} INFO - Setting next_dagrun for example_weekday_branch_operator to 2025-07-21 00:00:00+00:00, run_after=2025-07-22 00:00:00+00:00
[2025-07-22T09:04:19.188+0000] {processor.py:183} INFO - Processing /home/airflow/.local/lib/python3.12/site-packages/airflow/example_dags/example_branch_day_of_week_operator.py took 0.109 seconds
[2025-07-22T09:04:49.690+0000] {processor.py:161} INFO - Started process (PID=1570) to work on /home/airflow/.local/lib/python3.12/site-packages/airflow/example_dags/example_branch_day_of_week_operator.py
[2025-07-22T09:04:49.691+0000] {processor.py:830} INFO - Processing file /home/airflow/.local/lib/python3.12/site-packages/airflow/example_dags/example_branch_day_of_week_operator.py for tasks to queue
[2025-07-22T09:04:49.693+0000] {logging_mixin.py:188} INFO - [2025-07-22T09:04:49.693+0000] {dagbag.py:545} INFO - Filling up the DagBag from /home/airflow/.local/lib/python3.12/site-packages/airflow/example_dags/example_branch_day_of_week_operator.py
[2025-07-22T09:04:49.702+0000] {processor.py:840} INFO - DAG(s) 'example_weekday_branch_operator' retrieved from /home/airflow/.local/lib/python3.12/site-packages/airflow/example_dags/example_branch_day_of_week_operator.py
[2025-07-22T09:04:49.729+0000] {logging_mixin.py:188} INFO - [2025-07-22T09:04:49.728+0000] {dag.py:3096} INFO - Sync 1 DAGs
[2025-07-22T09:04:49.759+0000] {logging_mixin.py:188} INFO - [2025-07-22T09:04:49.759+0000] {dag.py:3954} INFO - Setting next_dagrun for example_weekday_branch_operator to 2025-07-21 00:00:00+00:00, run_after=2025-07-22 00:00:00+00:00
[2025-07-22T09:04:49.784+0000] {processor.py:183} INFO - Processing /home/airflow/.local/lib/python3.12/site-packages/airflow/example_dags/example_branch_day_of_week_operator.py took 0.102 seconds
[2025-07-22T09:05:20.548+0000] {processor.py:161} INFO - Started process (PID=1630) to work on /home/airflow/.local/lib/python3.12/site-packages/airflow/example_dags/example_branch_day_of_week_operator.py
[2025-07-22T09:05:20.550+0000] {processor.py:830} INFO - Processing file /home/airflow/.local/lib/python3.12/site-packages/airflow/example_dags/example_branch_day_of_week_operator.py for tasks to queue
[2025-07-22T09:05:20.552+0000] {logging_mixin.py:188} INFO - [2025-07-22T09:05:20.552+0000] {dagbag.py:545} INFO - Filling up the DagBag from /home/airflow/.local/lib/python3.12/site-packages/airflow/example_dags/example_branch_day_of_week_operator.py
[2025-07-22T09:05:20.562+0000] {processor.py:840} INFO - DAG(s) 'example_weekday_branch_operator' retrieved from /home/airflow/.local/lib/python3.12/site-packages/airflow/example_dags/example_branch_day_of_week_operator.py
[2025-07-22T09:05:20.590+0000] {logging_mixin.py:188} INFO - [2025-07-22T09:05:20.589+0000] {dag.py:3096} INFO - Sync 1 DAGs
[2025-07-22T09:05:20.620+0000] {logging_mixin.py:188} INFO - [2025-07-22T09:05:20.620+0000] {dag.py:3954} INFO - Setting next_dagrun for example_weekday_branch_operator to 2025-07-21 00:00:00+00:00, run_after=2025-07-22 00:00:00+00:00
[2025-07-22T09:05:20.647+0000] {processor.py:183} INFO - Processing /home/airflow/.local/lib/python3.12/site-packages/airflow/example_dags/example_branch_day_of_week_operator.py took 0.106 seconds
[2025-07-22T09:05:50.822+0000] {processor.py:161} INFO - Started process (PID=1690) to work on /home/airflow/.local/lib/python3.12/site-packages/airflow/example_dags/example_branch_day_of_week_operator.py
[2025-07-22T09:05:50.824+0000] {processor.py:830} INFO - Processing file /home/airflow/.local/lib/python3.12/site-packages/airflow/example_dags/example_branch_day_of_week_operator.py for tasks to queue
[2025-07-22T09:05:50.826+0000] {logging_mixin.py:188} INFO - [2025-07-22T09:05:50.826+0000] {dagbag.py:545} INFO - Filling up the DagBag from /home/airflow/.local/lib/python3.12/site-packages/airflow/example_dags/example_branch_day_of_week_operator.py
[2025-07-22T09:05:50.835+0000] {processor.py:840} INFO - DAG(s) 'example_weekday_branch_operator' retrieved from /home/airflow/.local/lib/python3.12/site-packages/airflow/example_dags/example_branch_day_of_week_operator.py
[2025-07-22T09:05:50.857+0000] {logging_mixin.py:188} INFO - [2025-07-22T09:05:50.857+0000] {dag.py:3096} INFO - Sync 1 DAGs
[2025-07-22T09:05:50.882+0000] {logging_mixin.py:188} INFO - [2025-07-22T09:05:50.882+0000] {dag.py:3954} INFO - Setting next_dagrun for example_weekday_branch_operator to 2025-07-21 00:00:00+00:00, run_after=2025-07-22 00:00:00+00:00
[2025-07-22T09:05:50.902+0000] {processor.py:183} INFO - Processing /home/airflow/.local/lib/python3.12/site-packages/airflow/example_dags/example_branch_day_of_week_operator.py took 0.086 seconds
[2025-07-22T09:06:21.225+0000] {processor.py:161} INFO - Started process (PID=1750) to work on /home/airflow/.local/lib/python3.12/site-packages/airflow/example_dags/example_branch_day_of_week_operator.py
[2025-07-22T09:06:21.227+0000] {processor.py:830} INFO - Processing file /home/airflow/.local/lib/python3.12/site-packages/airflow/example_dags/example_branch_day_of_week_operator.py for tasks to queue
[2025-07-22T09:06:21.230+0000] {logging_mixin.py:188} INFO - [2025-07-22T09:06:21.229+0000] {dagbag.py:545} INFO - Filling up the DagBag from /home/airflow/.local/lib/python3.12/site-packages/airflow/example_dags/example_branch_day_of_week_operator.py
[2025-07-22T09:06:21.240+0000] {processor.py:840} INFO - DAG(s) 'example_weekday_branch_operator' retrieved from /home/airflow/.local/lib/python3.12/site-packages/airflow/example_dags/example_branch_day_of_week_operator.py
[2025-07-22T09:06:21.270+0000] {logging_mixin.py:188} INFO - [2025-07-22T09:06:21.269+0000] {dag.py:3096} INFO - Sync 1 DAGs
[2025-07-22T09:06:21.305+0000] {logging_mixin.py:188} INFO - [2025-07-22T09:06:21.304+0000] {dag.py:3954} INFO - Setting next_dagrun for example_weekday_branch_operator to 2025-07-21 00:00:00+00:00, run_after=2025-07-22 00:00:00+00:00
[2025-07-22T09:06:21.334+0000] {processor.py:183} INFO - Processing /home/airflow/.local/lib/python3.12/site-packages/airflow/example_dags/example_branch_day_of_week_operator.py took 0.117 seconds
[2025-07-22T09:06:51.541+0000] {processor.py:161} INFO - Started process (PID=1810) to work on /home/airflow/.local/lib/python3.12/site-packages/airflow/example_dags/example_branch_day_of_week_operator.py
[2025-07-22T09:06:51.542+0000] {processor.py:830} INFO - Processing file /home/airflow/.local/lib/python3.12/site-packages/airflow/example_dags/example_branch_day_of_week_operator.py for tasks to queue
[2025-07-22T09:06:51.545+0000] {logging_mixin.py:188} INFO - [2025-07-22T09:06:51.545+0000] {dagbag.py:545} INFO - Filling up the DagBag from /home/airflow/.local/lib/python3.12/site-packages/airflow/example_dags/example_branch_day_of_week_operator.py
[2025-07-22T09:06:51.558+0000] {processor.py:840} INFO - DAG(s) 'example_weekday_branch_operator' retrieved from /home/airflow/.local/lib/python3.12/site-packages/airflow/example_dags/example_branch_day_of_week_operator.py
[2025-07-22T09:06:51.588+0000] {logging_mixin.py:188} INFO - [2025-07-22T09:06:51.587+0000] {dag.py:3096} INFO - Sync 1 DAGs
[2025-07-22T09:06:51.619+0000] {logging_mixin.py:188} INFO - [2025-07-22T09:06:51.619+0000] {dag.py:3954} INFO - Setting next_dagrun for example_weekday_branch_operator to 2025-07-21 00:00:00+00:00, run_after=2025-07-22 00:00:00+00:00
[2025-07-22T09:06:51.645+0000] {processor.py:183} INFO - Processing /home/airflow/.local/lib/python3.12/site-packages/airflow/example_dags/example_branch_day_of_week_operator.py took 0.111 seconds
[2025-07-22T09:07:22.578+0000] {processor.py:161} INFO - Started process (PID=1870) to work on /home/airflow/.local/lib/python3.12/site-packages/airflow/example_dags/example_branch_day_of_week_operator.py
[2025-07-22T09:07:22.579+0000] {processor.py:830} INFO - Processing file /home/airflow/.local/lib/python3.12/site-packages/airflow/example_dags/example_branch_day_of_week_operator.py for tasks to queue
[2025-07-22T09:07:22.582+0000] {logging_mixin.py:188} INFO - [2025-07-22T09:07:22.582+0000] {dagbag.py:545} INFO - Filling up the DagBag from /home/airflow/.local/lib/python3.12/site-packages/airflow/example_dags/example_branch_day_of_week_operator.py
[2025-07-22T09:07:22.593+0000] {processor.py:840} INFO - DAG(s) 'example_weekday_branch_operator' retrieved from /home/airflow/.local/lib/python3.12/site-packages/airflow/example_dags/example_branch_day_of_week_operator.py
[2025-07-22T09:07:22.619+0000] {logging_mixin.py:188} INFO - [2025-07-22T09:07:22.619+0000] {dag.py:3096} INFO - Sync 1 DAGs
[2025-07-22T09:07:22.649+0000] {logging_mixin.py:188} INFO - [2025-07-22T09:07:22.649+0000] {dag.py:3954} INFO - Setting next_dagrun for example_weekday_branch_operator to 2025-07-21 00:00:00+00:00, run_after=2025-07-22 00:00:00+00:00
[2025-07-22T09:07:22.682+0000] {processor.py:183} INFO - Processing /home/airflow/.local/lib/python3.12/site-packages/airflow/example_dags/example_branch_day_of_week_operator.py took 0.114 seconds
[2025-07-22T09:07:54.554+0000] {processor.py:161} INFO - Started process (PID=1930) to work on /home/airflow/.local/lib/python3.12/site-packages/airflow/example_dags/example_branch_day_of_week_operator.py
[2025-07-22T09:07:54.555+0000] {processor.py:830} INFO - Processing file /home/airflow/.local/lib/python3.12/site-packages/airflow/example_dags/example_branch_day_of_week_operator.py for tasks to queue
[2025-07-22T09:07:54.558+0000] {logging_mixin.py:188} INFO - [2025-07-22T09:07:54.558+0000] {dagbag.py:545} INFO - Filling up the DagBag from /home/airflow/.local/lib/python3.12/site-packages/airflow/example_dags/example_branch_day_of_week_operator.py
[2025-07-22T09:07:54.568+0000] {processor.py:840} INFO - DAG(s) 'example_weekday_branch_operator' retrieved from /home/airflow/.local/lib/python3.12/site-packages/airflow/example_dags/example_branch_day_of_week_operator.py
[2025-07-22T09:07:54.597+0000] {logging_mixin.py:188} INFO - [2025-07-22T09:07:54.597+0000] {dag.py:3096} INFO - Sync 1 DAGs
[2025-07-22T09:07:54.631+0000] {logging_mixin.py:188} INFO - [2025-07-22T09:07:54.631+0000] {dag.py:3954} INFO - Setting next_dagrun for example_weekday_branch_operator to 2025-07-21 00:00:00+00:00, run_after=2025-07-22 00:00:00+00:00
[2025-07-22T09:07:54.858+0000] {processor.py:183} INFO - Processing /home/airflow/.local/lib/python3.12/site-packages/airflow/example_dags/example_branch_day_of_week_operator.py took 0.312 seconds
[2025-07-22T09:08:25.228+0000] {processor.py:161} INFO - Started process (PID=1990) to work on /home/airflow/.local/lib/python3.12/site-packages/airflow/example_dags/example_branch_day_of_week_operator.py
[2025-07-22T09:08:25.231+0000] {processor.py:830} INFO - Processing file /home/airflow/.local/lib/python3.12/site-packages/airflow/example_dags/example_branch_day_of_week_operator.py for tasks to queue
[2025-07-22T09:08:25.235+0000] {logging_mixin.py:188} INFO - [2025-07-22T09:08:25.234+0000] {dagbag.py:545} INFO - Filling up the DagBag from /home/airflow/.local/lib/python3.12/site-packages/airflow/example_dags/example_branch_day_of_week_operator.py
[2025-07-22T09:08:25.253+0000] {processor.py:840} INFO - DAG(s) 'example_weekday_branch_operator' retrieved from /home/airflow/.local/lib/python3.12/site-packages/airflow/example_dags/example_branch_day_of_week_operator.py
[2025-07-22T09:08:25.292+0000] {logging_mixin.py:188} INFO - [2025-07-22T09:08:25.291+0000] {dag.py:3096} INFO - Sync 1 DAGs
[2025-07-22T09:08:25.332+0000] {logging_mixin.py:188} INFO - [2025-07-22T09:08:25.332+0000] {dag.py:3954} INFO - Setting next_dagrun for example_weekday_branch_operator to 2025-07-21 00:00:00+00:00, run_after=2025-07-22 00:00:00+00:00
[2025-07-22T09:08:25.364+0000] {processor.py:183} INFO - Processing /home/airflow/.local/lib/python3.12/site-packages/airflow/example_dags/example_branch_day_of_week_operator.py took 0.148 seconds
[2025-07-22T09:08:56.452+0000] {processor.py:161} INFO - Started process (PID=2050) to work on /home/airflow/.local/lib/python3.12/site-packages/airflow/example_dags/example_branch_day_of_week_operator.py
[2025-07-22T09:08:56.455+0000] {processor.py:830} INFO - Processing file /home/airflow/.local/lib/python3.12/site-packages/airflow/example_dags/example_branch_day_of_week_operator.py for tasks to queue
[2025-07-22T09:08:56.459+0000] {logging_mixin.py:188} INFO - [2025-07-22T09:08:56.459+0000] {dagbag.py:545} INFO - Filling up the DagBag from /home/airflow/.local/lib/python3.12/site-packages/airflow/example_dags/example_branch_day_of_week_operator.py
[2025-07-22T09:08:56.474+0000] {processor.py:840} INFO - DAG(s) 'example_weekday_branch_operator' retrieved from /home/airflow/.local/lib/python3.12/site-packages/airflow/example_dags/example_branch_day_of_week_operator.py
[2025-07-22T09:08:56.516+0000] {logging_mixin.py:188} INFO - [2025-07-22T09:08:56.516+0000] {dag.py:3096} INFO - Sync 1 DAGs
[2025-07-22T09:08:56.566+0000] {logging_mixin.py:188} INFO - [2025-07-22T09:08:56.565+0000] {dag.py:3954} INFO - Setting next_dagrun for example_weekday_branch_operator to 2025-07-21 00:00:00+00:00, run_after=2025-07-22 00:00:00+00:00
[2025-07-22T09:08:56.601+0000] {processor.py:183} INFO - Processing /home/airflow/.local/lib/python3.12/site-packages/airflow/example_dags/example_branch_day_of_week_operator.py took 0.159 seconds
[2025-07-22T09:09:27.642+0000] {processor.py:161} INFO - Started process (PID=2110) to work on /home/airflow/.local/lib/python3.12/site-packages/airflow/example_dags/example_branch_day_of_week_operator.py
[2025-07-22T09:09:27.643+0000] {processor.py:830} INFO - Processing file /home/airflow/.local/lib/python3.12/site-packages/airflow/example_dags/example_branch_day_of_week_operator.py for tasks to queue
[2025-07-22T09:09:27.646+0000] {logging_mixin.py:188} INFO - [2025-07-22T09:09:27.645+0000] {dagbag.py:545} INFO - Filling up the DagBag from /home/airflow/.local/lib/python3.12/site-packages/airflow/example_dags/example_branch_day_of_week_operator.py
[2025-07-22T09:09:27.655+0000] {processor.py:840} INFO - DAG(s) 'example_weekday_branch_operator' retrieved from /home/airflow/.local/lib/python3.12/site-packages/airflow/example_dags/example_branch_day_of_week_operator.py
[2025-07-22T09:09:27.684+0000] {logging_mixin.py:188} INFO - [2025-07-22T09:09:27.684+0000] {dag.py:3096} INFO - Sync 1 DAGs
[2025-07-22T09:09:27.866+0000] {logging_mixin.py:188} INFO - [2025-07-22T09:09:27.865+0000] {dag.py:3954} INFO - Setting next_dagrun for example_weekday_branch_operator to 2025-07-21 00:00:00+00:00, run_after=2025-07-22 00:00:00+00:00
[2025-07-22T09:09:27.895+0000] {processor.py:183} INFO - Processing /home/airflow/.local/lib/python3.12/site-packages/airflow/example_dags/example_branch_day_of_week_operator.py took 0.260 seconds
[2025-07-22T09:09:58.012+0000] {processor.py:161} INFO - Started process (PID=2170) to work on /home/airflow/.local/lib/python3.12/site-packages/airflow/example_dags/example_branch_day_of_week_operator.py
[2025-07-22T09:09:58.013+0000] {processor.py:830} INFO - Processing file /home/airflow/.local/lib/python3.12/site-packages/airflow/example_dags/example_branch_day_of_week_operator.py for tasks to queue
[2025-07-22T09:09:58.015+0000] {logging_mixin.py:188} INFO - [2025-07-22T09:09:58.015+0000] {dagbag.py:545} INFO - Filling up the DagBag from /home/airflow/.local/lib/python3.12/site-packages/airflow/example_dags/example_branch_day_of_week_operator.py
[2025-07-22T09:09:58.023+0000] {processor.py:840} INFO - DAG(s) 'example_weekday_branch_operator' retrieved from /home/airflow/.local/lib/python3.12/site-packages/airflow/example_dags/example_branch_day_of_week_operator.py
[2025-07-22T09:09:58.046+0000] {logging_mixin.py:188} INFO - [2025-07-22T09:09:58.046+0000] {dag.py:3096} INFO - Sync 1 DAGs
[2025-07-22T09:09:58.072+0000] {logging_mixin.py:188} INFO - [2025-07-22T09:09:58.071+0000] {dag.py:3954} INFO - Setting next_dagrun for example_weekday_branch_operator to 2025-07-21 00:00:00+00:00, run_after=2025-07-22 00:00:00+00:00
[2025-07-22T09:09:58.102+0000] {processor.py:183} INFO - Processing /home/airflow/.local/lib/python3.12/site-packages/airflow/example_dags/example_branch_day_of_week_operator.py took 0.097 seconds
[2025-07-22T09:10:28.378+0000] {processor.py:161} INFO - Started process (PID=2230) to work on /home/airflow/.local/lib/python3.12/site-packages/airflow/example_dags/example_branch_day_of_week_operator.py
[2025-07-22T09:10:28.379+0000] {processor.py:830} INFO - Processing file /home/airflow/.local/lib/python3.12/site-packages/airflow/example_dags/example_branch_day_of_week_operator.py for tasks to queue
[2025-07-22T09:10:28.381+0000] {logging_mixin.py:188} INFO - [2025-07-22T09:10:28.381+0000] {dagbag.py:545} INFO - Filling up the DagBag from /home/airflow/.local/lib/python3.12/site-packages/airflow/example_dags/example_branch_day_of_week_operator.py
[2025-07-22T09:10:28.389+0000] {processor.py:840} INFO - DAG(s) 'example_weekday_branch_operator' retrieved from /home/airflow/.local/lib/python3.12/site-packages/airflow/example_dags/example_branch_day_of_week_operator.py
[2025-07-22T09:10:28.411+0000] {logging_mixin.py:188} INFO - [2025-07-22T09:10:28.411+0000] {dag.py:3096} INFO - Sync 1 DAGs
[2025-07-22T09:10:28.434+0000] {logging_mixin.py:188} INFO - [2025-07-22T09:10:28.434+0000] {dag.py:3954} INFO - Setting next_dagrun for example_weekday_branch_operator to 2025-07-21 00:00:00+00:00, run_after=2025-07-22 00:00:00+00:00
[2025-07-22T09:10:28.454+0000] {processor.py:183} INFO - Processing /home/airflow/.local/lib/python3.12/site-packages/airflow/example_dags/example_branch_day_of_week_operator.py took 0.082 seconds
[2025-07-22T09:10:58.719+0000] {processor.py:161} INFO - Started process (PID=2290) to work on /home/airflow/.local/lib/python3.12/site-packages/airflow/example_dags/example_branch_day_of_week_operator.py
[2025-07-22T09:10:58.720+0000] {processor.py:830} INFO - Processing file /home/airflow/.local/lib/python3.12/site-packages/airflow/example_dags/example_branch_day_of_week_operator.py for tasks to queue
[2025-07-22T09:10:58.722+0000] {logging_mixin.py:188} INFO - [2025-07-22T09:10:58.722+0000] {dagbag.py:545} INFO - Filling up the DagBag from /home/airflow/.local/lib/python3.12/site-packages/airflow/example_dags/example_branch_day_of_week_operator.py
[2025-07-22T09:10:58.731+0000] {processor.py:840} INFO - DAG(s) 'example_weekday_branch_operator' retrieved from /home/airflow/.local/lib/python3.12/site-packages/airflow/example_dags/example_branch_day_of_week_operator.py
[2025-07-22T09:10:58.756+0000] {logging_mixin.py:188} INFO - [2025-07-22T09:10:58.756+0000] {dag.py:3096} INFO - Sync 1 DAGs
[2025-07-22T09:10:58.781+0000] {logging_mixin.py:188} INFO - [2025-07-22T09:10:58.781+0000] {dag.py:3954} INFO - Setting next_dagrun for example_weekday_branch_operator to 2025-07-21 00:00:00+00:00, run_after=2025-07-22 00:00:00+00:00
[2025-07-22T09:10:58.802+0000] {processor.py:183} INFO - Processing /home/airflow/.local/lib/python3.12/site-packages/airflow/example_dags/example_branch_day_of_week_operator.py took 0.091 seconds
[2025-07-22T09:11:29.416+0000] {processor.py:161} INFO - Started process (PID=2350) to work on /home/airflow/.local/lib/python3.12/site-packages/airflow/example_dags/example_branch_day_of_week_operator.py
[2025-07-22T09:11:29.417+0000] {processor.py:830} INFO - Processing file /home/airflow/.local/lib/python3.12/site-packages/airflow/example_dags/example_branch_day_of_week_operator.py for tasks to queue
[2025-07-22T09:11:29.420+0000] {logging_mixin.py:188} INFO - [2025-07-22T09:11:29.420+0000] {dagbag.py:545} INFO - Filling up the DagBag from /home/airflow/.local/lib/python3.12/site-packages/airflow/example_dags/example_branch_day_of_week_operator.py
[2025-07-22T09:11:29.433+0000] {processor.py:840} INFO - DAG(s) 'example_weekday_branch_operator' retrieved from /home/airflow/.local/lib/python3.12/site-packages/airflow/example_dags/example_branch_day_of_week_operator.py
[2025-07-22T09:11:29.470+0000] {logging_mixin.py:188} INFO - [2025-07-22T09:11:29.470+0000] {dag.py:3096} INFO - Sync 1 DAGs
[2025-07-22T09:11:29.506+0000] {logging_mixin.py:188} INFO - [2025-07-22T09:11:29.506+0000] {dag.py:3954} INFO - Setting next_dagrun for example_weekday_branch_operator to 2025-07-21 00:00:00+00:00, run_after=2025-07-22 00:00:00+00:00
[2025-07-22T09:11:29.536+0000] {processor.py:183} INFO - Processing /home/airflow/.local/lib/python3.12/site-packages/airflow/example_dags/example_branch_day_of_week_operator.py took 0.130 seconds
[2025-07-22T09:11:59.605+0000] {processor.py:161} INFO - Started process (PID=2408) to work on /home/airflow/.local/lib/python3.12/site-packages/airflow/example_dags/example_branch_day_of_week_operator.py
[2025-07-22T09:11:59.607+0000] {processor.py:830} INFO - Processing file /home/airflow/.local/lib/python3.12/site-packages/airflow/example_dags/example_branch_day_of_week_operator.py for tasks to queue
[2025-07-22T09:11:59.609+0000] {logging_mixin.py:188} INFO - [2025-07-22T09:11:59.609+0000] {dagbag.py:545} INFO - Filling up the DagBag from /home/airflow/.local/lib/python3.12/site-packages/airflow/example_dags/example_branch_day_of_week_operator.py
[2025-07-22T09:11:59.617+0000] {processor.py:840} INFO - DAG(s) 'example_weekday_branch_operator' retrieved from /home/airflow/.local/lib/python3.12/site-packages/airflow/example_dags/example_branch_day_of_week_operator.py
[2025-07-22T09:11:59.642+0000] {logging_mixin.py:188} INFO - [2025-07-22T09:11:59.641+0000] {dag.py:3096} INFO - Sync 1 DAGs
[2025-07-22T09:11:59.667+0000] {logging_mixin.py:188} INFO - [2025-07-22T09:11:59.667+0000] {dag.py:3954} INFO - Setting next_dagrun for example_weekday_branch_operator to 2025-07-21 00:00:00+00:00, run_after=2025-07-22 00:00:00+00:00
[2025-07-22T09:11:59.689+0000] {processor.py:183} INFO - Processing /home/airflow/.local/lib/python3.12/site-packages/airflow/example_dags/example_branch_day_of_week_operator.py took 0.090 seconds
[2025-07-22T09:12:29.739+0000] {processor.py:161} INFO - Started process (PID=2468) to work on /home/airflow/.local/lib/python3.12/site-packages/airflow/example_dags/example_branch_day_of_week_operator.py
[2025-07-22T09:12:29.741+0000] {processor.py:830} INFO - Processing file /home/airflow/.local/lib/python3.12/site-packages/airflow/example_dags/example_branch_day_of_week_operator.py for tasks to queue
[2025-07-22T09:12:29.744+0000] {logging_mixin.py:188} INFO - [2025-07-22T09:12:29.743+0000] {dagbag.py:545} INFO - Filling up the DagBag from /home/airflow/.local/lib/python3.12/site-packages/airflow/example_dags/example_branch_day_of_week_operator.py
[2025-07-22T09:12:29.757+0000] {processor.py:840} INFO - DAG(s) 'example_weekday_branch_operator' retrieved from /home/airflow/.local/lib/python3.12/site-packages/airflow/example_dags/example_branch_day_of_week_operator.py
[2025-07-22T09:12:29.788+0000] {logging_mixin.py:188} INFO - [2025-07-22T09:12:29.787+0000] {dag.py:3096} INFO - Sync 1 DAGs
[2025-07-22T09:12:29.818+0000] {logging_mixin.py:188} INFO - [2025-07-22T09:12:29.818+0000] {dag.py:3954} INFO - Setting next_dagrun for example_weekday_branch_operator to 2025-07-21 00:00:00+00:00, run_after=2025-07-22 00:00:00+00:00
[2025-07-22T09:12:29.840+0000] {processor.py:183} INFO - Processing /home/airflow/.local/lib/python3.12/site-packages/airflow/example_dags/example_branch_day_of_week_operator.py took 0.113 seconds
[2025-07-22T09:12:59.978+0000] {processor.py:161} INFO - Started process (PID=2528) to work on /home/airflow/.local/lib/python3.12/site-packages/airflow/example_dags/example_branch_day_of_week_operator.py
[2025-07-22T09:12:59.980+0000] {processor.py:830} INFO - Processing file /home/airflow/.local/lib/python3.12/site-packages/airflow/example_dags/example_branch_day_of_week_operator.py for tasks to queue
[2025-07-22T09:12:59.982+0000] {logging_mixin.py:188} INFO - [2025-07-22T09:12:59.982+0000] {dagbag.py:545} INFO - Filling up the DagBag from /home/airflow/.local/lib/python3.12/site-packages/airflow/example_dags/example_branch_day_of_week_operator.py
[2025-07-22T09:12:59.991+0000] {processor.py:840} INFO - DAG(s) 'example_weekday_branch_operator' retrieved from /home/airflow/.local/lib/python3.12/site-packages/airflow/example_dags/example_branch_day_of_week_operator.py
[2025-07-22T09:13:00.019+0000] {logging_mixin.py:188} INFO - [2025-07-22T09:13:00.018+0000] {dag.py:3096} INFO - Sync 1 DAGs
[2025-07-22T09:13:00.060+0000] {logging_mixin.py:188} INFO - [2025-07-22T09:13:00.060+0000] {dag.py:3954} INFO - Setting next_dagrun for example_weekday_branch_operator to 2025-07-21 00:00:00+00:00, run_after=2025-07-22 00:00:00+00:00
[2025-07-22T09:13:00.084+0000] {processor.py:183} INFO - Processing /home/airflow/.local/lib/python3.12/site-packages/airflow/example_dags/example_branch_day_of_week_operator.py took 0.113 seconds
[2025-07-22T09:13:30.316+0000] {processor.py:161} INFO - Started process (PID=2588) to work on /home/airflow/.local/lib/python3.12/site-packages/airflow/example_dags/example_branch_day_of_week_operator.py
[2025-07-22T09:13:30.318+0000] {processor.py:830} INFO - Processing file /home/airflow/.local/lib/python3.12/site-packages/airflow/example_dags/example_branch_day_of_week_operator.py for tasks to queue
[2025-07-22T09:13:30.320+0000] {logging_mixin.py:188} INFO - [2025-07-22T09:13:30.320+0000] {dagbag.py:545} INFO - Filling up the DagBag from /home/airflow/.local/lib/python3.12/site-packages/airflow/example_dags/example_branch_day_of_week_operator.py
[2025-07-22T09:13:30.331+0000] {processor.py:840} INFO - DAG(s) 'example_weekday_branch_operator' retrieved from /home/airflow/.local/lib/python3.12/site-packages/airflow/example_dags/example_branch_day_of_week_operator.py
[2025-07-22T09:13:30.364+0000] {logging_mixin.py:188} INFO - [2025-07-22T09:13:30.364+0000] {dag.py:3096} INFO - Sync 1 DAGs
[2025-07-22T09:13:30.398+0000] {logging_mixin.py:188} INFO - [2025-07-22T09:13:30.398+0000] {dag.py:3954} INFO - Setting next_dagrun for example_weekday_branch_operator to 2025-07-21 00:00:00+00:00, run_after=2025-07-22 00:00:00+00:00
[2025-07-22T09:13:30.424+0000] {processor.py:183} INFO - Processing /home/airflow/.local/lib/python3.12/site-packages/airflow/example_dags/example_branch_day_of_week_operator.py took 0.116 seconds
[2025-07-22T09:14:00.503+0000] {processor.py:161} INFO - Started process (PID=2648) to work on /home/airflow/.local/lib/python3.12/site-packages/airflow/example_dags/example_branch_day_of_week_operator.py
[2025-07-22T09:14:00.504+0000] {processor.py:830} INFO - Processing file /home/airflow/.local/lib/python3.12/site-packages/airflow/example_dags/example_branch_day_of_week_operator.py for tasks to queue
[2025-07-22T09:14:00.507+0000] {logging_mixin.py:188} INFO - [2025-07-22T09:14:00.506+0000] {dagbag.py:545} INFO - Filling up the DagBag from /home/airflow/.local/lib/python3.12/site-packages/airflow/example_dags/example_branch_day_of_week_operator.py
[2025-07-22T09:14:00.516+0000] {processor.py:840} INFO - DAG(s) 'example_weekday_branch_operator' retrieved from /home/airflow/.local/lib/python3.12/site-packages/airflow/example_dags/example_branch_day_of_week_operator.py
[2025-07-22T09:14:00.544+0000] {logging_mixin.py:188} INFO - [2025-07-22T09:14:00.544+0000] {dag.py:3096} INFO - Sync 1 DAGs
[2025-07-22T09:14:00.573+0000] {logging_mixin.py:188} INFO - [2025-07-22T09:14:00.573+0000] {dag.py:3954} INFO - Setting next_dagrun for example_weekday_branch_operator to 2025-07-21 00:00:00+00:00, run_after=2025-07-22 00:00:00+00:00
[2025-07-22T09:14:00.597+0000] {processor.py:183} INFO - Processing /home/airflow/.local/lib/python3.12/site-packages/airflow/example_dags/example_branch_day_of_week_operator.py took 0.102 seconds
[2025-07-22T09:14:30.795+0000] {processor.py:161} INFO - Started process (PID=2709) to work on /home/airflow/.local/lib/python3.12/site-packages/airflow/example_dags/example_branch_day_of_week_operator.py
[2025-07-22T09:14:30.796+0000] {processor.py:830} INFO - Processing file /home/airflow/.local/lib/python3.12/site-packages/airflow/example_dags/example_branch_day_of_week_operator.py for tasks to queue
[2025-07-22T09:14:30.799+0000] {logging_mixin.py:188} INFO - [2025-07-22T09:14:30.798+0000] {dagbag.py:545} INFO - Filling up the DagBag from /home/airflow/.local/lib/python3.12/site-packages/airflow/example_dags/example_branch_day_of_week_operator.py
[2025-07-22T09:14:30.809+0000] {processor.py:840} INFO - DAG(s) 'example_weekday_branch_operator' retrieved from /home/airflow/.local/lib/python3.12/site-packages/airflow/example_dags/example_branch_day_of_week_operator.py
[2025-07-22T09:14:30.835+0000] {logging_mixin.py:188} INFO - [2025-07-22T09:14:30.835+0000] {dag.py:3096} INFO - Sync 1 DAGs
[2025-07-22T09:14:30.872+0000] {logging_mixin.py:188} INFO - [2025-07-22T09:14:30.872+0000] {dag.py:3954} INFO - Setting next_dagrun for example_weekday_branch_operator to 2025-07-21 00:00:00+00:00, run_after=2025-07-22 00:00:00+00:00
[2025-07-22T09:14:30.900+0000] {processor.py:183} INFO - Processing /home/airflow/.local/lib/python3.12/site-packages/airflow/example_dags/example_branch_day_of_week_operator.py took 0.113 seconds
[2025-07-22T09:15:01.147+0000] {processor.py:161} INFO - Started process (PID=2769) to work on /home/airflow/.local/lib/python3.12/site-packages/airflow/example_dags/example_branch_day_of_week_operator.py
[2025-07-22T09:15:01.148+0000] {processor.py:830} INFO - Processing file /home/airflow/.local/lib/python3.12/site-packages/airflow/example_dags/example_branch_day_of_week_operator.py for tasks to queue
[2025-07-22T09:15:01.151+0000] {logging_mixin.py:188} INFO - [2025-07-22T09:15:01.150+0000] {dagbag.py:545} INFO - Filling up the DagBag from /home/airflow/.local/lib/python3.12/site-packages/airflow/example_dags/example_branch_day_of_week_operator.py
[2025-07-22T09:15:01.159+0000] {processor.py:840} INFO - DAG(s) 'example_weekday_branch_operator' retrieved from /home/airflow/.local/lib/python3.12/site-packages/airflow/example_dags/example_branch_day_of_week_operator.py
[2025-07-22T09:15:01.182+0000] {logging_mixin.py:188} INFO - [2025-07-22T09:15:01.182+0000] {dag.py:3096} INFO - Sync 1 DAGs
[2025-07-22T09:15:01.211+0000] {logging_mixin.py:188} INFO - [2025-07-22T09:15:01.210+0000] {dag.py:3954} INFO - Setting next_dagrun for example_weekday_branch_operator to 2025-07-21 00:00:00+00:00, run_after=2025-07-22 00:00:00+00:00
[2025-07-22T09:15:01.233+0000] {processor.py:183} INFO - Processing /home/airflow/.local/lib/python3.12/site-packages/airflow/example_dags/example_branch_day_of_week_operator.py took 0.093 seconds
[2025-07-22T09:15:31.488+0000] {processor.py:161} INFO - Started process (PID=2829) to work on /home/airflow/.local/lib/python3.12/site-packages/airflow/example_dags/example_branch_day_of_week_operator.py
[2025-07-22T09:15:31.489+0000] {processor.py:830} INFO - Processing file /home/airflow/.local/lib/python3.12/site-packages/airflow/example_dags/example_branch_day_of_week_operator.py for tasks to queue
[2025-07-22T09:15:31.492+0000] {logging_mixin.py:188} INFO - [2025-07-22T09:15:31.491+0000] {dagbag.py:545} INFO - Filling up the DagBag from /home/airflow/.local/lib/python3.12/site-packages/airflow/example_dags/example_branch_day_of_week_operator.py
[2025-07-22T09:15:31.501+0000] {processor.py:840} INFO - DAG(s) 'example_weekday_branch_operator' retrieved from /home/airflow/.local/lib/python3.12/site-packages/airflow/example_dags/example_branch_day_of_week_operator.py
[2025-07-22T09:15:31.526+0000] {logging_mixin.py:188} INFO - [2025-07-22T09:15:31.526+0000] {dag.py:3096} INFO - Sync 1 DAGs
[2025-07-22T09:15:31.552+0000] {logging_mixin.py:188} INFO - [2025-07-22T09:15:31.552+0000] {dag.py:3954} INFO - Setting next_dagrun for example_weekday_branch_operator to 2025-07-21 00:00:00+00:00, run_after=2025-07-22 00:00:00+00:00
[2025-07-22T09:15:31.575+0000] {processor.py:183} INFO - Processing /home/airflow/.local/lib/python3.12/site-packages/airflow/example_dags/example_branch_day_of_week_operator.py took 0.094 seconds
[2025-07-22T09:16:01.691+0000] {processor.py:161} INFO - Started process (PID=2889) to work on /home/airflow/.local/lib/python3.12/site-packages/airflow/example_dags/example_branch_day_of_week_operator.py
[2025-07-22T09:16:01.693+0000] {processor.py:830} INFO - Processing file /home/airflow/.local/lib/python3.12/site-packages/airflow/example_dags/example_branch_day_of_week_operator.py for tasks to queue
[2025-07-22T09:16:01.695+0000] {logging_mixin.py:188} INFO - [2025-07-22T09:16:01.695+0000] {dagbag.py:545} INFO - Filling up the DagBag from /home/airflow/.local/lib/python3.12/site-packages/airflow/example_dags/example_branch_day_of_week_operator.py
[2025-07-22T09:16:01.704+0000] {processor.py:840} INFO - DAG(s) 'example_weekday_branch_operator' retrieved from /home/airflow/.local/lib/python3.12/site-packages/airflow/example_dags/example_branch_day_of_week_operator.py
[2025-07-22T09:16:01.733+0000] {logging_mixin.py:188} INFO - [2025-07-22T09:16:01.733+0000] {dag.py:3096} INFO - Sync 1 DAGs
[2025-07-22T09:16:01.762+0000] {logging_mixin.py:188} INFO - [2025-07-22T09:16:01.762+0000] {dag.py:3954} INFO - Setting next_dagrun for example_weekday_branch_operator to 2025-07-21 00:00:00+00:00, run_after=2025-07-22 00:00:00+00:00
[2025-07-22T09:16:01.785+0000] {processor.py:183} INFO - Processing /home/airflow/.local/lib/python3.12/site-packages/airflow/example_dags/example_branch_day_of_week_operator.py took 0.102 seconds
[2025-07-22T09:16:32.056+0000] {processor.py:161} INFO - Started process (PID=2949) to work on /home/airflow/.local/lib/python3.12/site-packages/airflow/example_dags/example_branch_day_of_week_operator.py
[2025-07-22T09:16:32.058+0000] {processor.py:830} INFO - Processing file /home/airflow/.local/lib/python3.12/site-packages/airflow/example_dags/example_branch_day_of_week_operator.py for tasks to queue
[2025-07-22T09:16:32.060+0000] {logging_mixin.py:188} INFO - [2025-07-22T09:16:32.060+0000] {dagbag.py:545} INFO - Filling up the DagBag from /home/airflow/.local/lib/python3.12/site-packages/airflow/example_dags/example_branch_day_of_week_operator.py
[2025-07-22T09:16:32.070+0000] {processor.py:840} INFO - DAG(s) 'example_weekday_branch_operator' retrieved from /home/airflow/.local/lib/python3.12/site-packages/airflow/example_dags/example_branch_day_of_week_operator.py
[2025-07-22T09:16:32.099+0000] {logging_mixin.py:188} INFO - [2025-07-22T09:16:32.098+0000] {dag.py:3096} INFO - Sync 1 DAGs
[2025-07-22T09:16:32.128+0000] {logging_mixin.py:188} INFO - [2025-07-22T09:16:32.128+0000] {dag.py:3954} INFO - Setting next_dagrun for example_weekday_branch_operator to 2025-07-21 00:00:00+00:00, run_after=2025-07-22 00:00:00+00:00
[2025-07-22T09:16:32.156+0000] {processor.py:183} INFO - Processing /home/airflow/.local/lib/python3.12/site-packages/airflow/example_dags/example_branch_day_of_week_operator.py took 0.107 seconds
[2025-07-22T09:17:02.442+0000] {processor.py:161} INFO - Started process (PID=3009) to work on /home/airflow/.local/lib/python3.12/site-packages/airflow/example_dags/example_branch_day_of_week_operator.py
[2025-07-22T09:17:02.443+0000] {processor.py:830} INFO - Processing file /home/airflow/.local/lib/python3.12/site-packages/airflow/example_dags/example_branch_day_of_week_operator.py for tasks to queue
[2025-07-22T09:17:02.446+0000] {logging_mixin.py:188} INFO - [2025-07-22T09:17:02.446+0000] {dagbag.py:545} INFO - Filling up the DagBag from /home/airflow/.local/lib/python3.12/site-packages/airflow/example_dags/example_branch_day_of_week_operator.py
[2025-07-22T09:17:02.458+0000] {processor.py:840} INFO - DAG(s) 'example_weekday_branch_operator' retrieved from /home/airflow/.local/lib/python3.12/site-packages/airflow/example_dags/example_branch_day_of_week_operator.py
[2025-07-22T09:17:02.492+0000] {logging_mixin.py:188} INFO - [2025-07-22T09:17:02.492+0000] {dag.py:3096} INFO - Sync 1 DAGs
[2025-07-22T09:17:02.526+0000] {logging_mixin.py:188} INFO - [2025-07-22T09:17:02.526+0000] {dag.py:3954} INFO - Setting next_dagrun for example_weekday_branch_operator to 2025-07-21 00:00:00+00:00, run_after=2025-07-22 00:00:00+00:00
[2025-07-22T09:17:02.555+0000] {processor.py:183} INFO - Processing /home/airflow/.local/lib/python3.12/site-packages/airflow/example_dags/example_branch_day_of_week_operator.py took 0.123 seconds
[2025-07-22T09:17:32.857+0000] {processor.py:161} INFO - Started process (PID=3069) to work on /home/airflow/.local/lib/python3.12/site-packages/airflow/example_dags/example_branch_day_of_week_operator.py
[2025-07-22T09:17:32.858+0000] {processor.py:830} INFO - Processing file /home/airflow/.local/lib/python3.12/site-packages/airflow/example_dags/example_branch_day_of_week_operator.py for tasks to queue
[2025-07-22T09:17:32.861+0000] {logging_mixin.py:188} INFO - [2025-07-22T09:17:32.861+0000] {dagbag.py:545} INFO - Filling up the DagBag from /home/airflow/.local/lib/python3.12/site-packages/airflow/example_dags/example_branch_day_of_week_operator.py
[2025-07-22T09:17:32.871+0000] {processor.py:840} INFO - DAG(s) 'example_weekday_branch_operator' retrieved from /home/airflow/.local/lib/python3.12/site-packages/airflow/example_dags/example_branch_day_of_week_operator.py
[2025-07-22T09:17:32.901+0000] {logging_mixin.py:188} INFO - [2025-07-22T09:17:32.900+0000] {dag.py:3096} INFO - Sync 1 DAGs
[2025-07-22T09:17:32.932+0000] {logging_mixin.py:188} INFO - [2025-07-22T09:17:32.932+0000] {dag.py:3954} INFO - Setting next_dagrun for example_weekday_branch_operator to 2025-07-21 00:00:00+00:00, run_after=2025-07-22 00:00:00+00:00
[2025-07-22T09:17:32.960+0000] {processor.py:183} INFO - Processing /home/airflow/.local/lib/python3.12/site-packages/airflow/example_dags/example_branch_day_of_week_operator.py took 0.111 seconds
[2025-07-22T09:18:03.051+0000] {processor.py:161} INFO - Started process (PID=3129) to work on /home/airflow/.local/lib/python3.12/site-packages/airflow/example_dags/example_branch_day_of_week_operator.py
[2025-07-22T09:18:03.052+0000] {processor.py:830} INFO - Processing file /home/airflow/.local/lib/python3.12/site-packages/airflow/example_dags/example_branch_day_of_week_operator.py for tasks to queue
[2025-07-22T09:18:03.056+0000] {logging_mixin.py:188} INFO - [2025-07-22T09:18:03.056+0000] {dagbag.py:545} INFO - Filling up the DagBag from /home/airflow/.local/lib/python3.12/site-packages/airflow/example_dags/example_branch_day_of_week_operator.py
[2025-07-22T09:18:03.066+0000] {processor.py:840} INFO - DAG(s) 'example_weekday_branch_operator' retrieved from /home/airflow/.local/lib/python3.12/site-packages/airflow/example_dags/example_branch_day_of_week_operator.py
[2025-07-22T09:18:03.095+0000] {logging_mixin.py:188} INFO - [2025-07-22T09:18:03.094+0000] {dag.py:3096} INFO - Sync 1 DAGs
[2025-07-22T09:18:03.120+0000] {logging_mixin.py:188} INFO - [2025-07-22T09:18:03.120+0000] {dag.py:3954} INFO - Setting next_dagrun for example_weekday_branch_operator to 2025-07-21 00:00:00+00:00, run_after=2025-07-22 00:00:00+00:00
[2025-07-22T09:18:03.141+0000] {processor.py:183} INFO - Processing /home/airflow/.local/lib/python3.12/site-packages/airflow/example_dags/example_branch_day_of_week_operator.py took 0.097 seconds
[2025-07-22T09:18:33.376+0000] {processor.py:161} INFO - Started process (PID=3189) to work on /home/airflow/.local/lib/python3.12/site-packages/airflow/example_dags/example_branch_day_of_week_operator.py
[2025-07-22T09:18:33.377+0000] {processor.py:830} INFO - Processing file /home/airflow/.local/lib/python3.12/site-packages/airflow/example_dags/example_branch_day_of_week_operator.py for tasks to queue
[2025-07-22T09:18:33.379+0000] {logging_mixin.py:188} INFO - [2025-07-22T09:18:33.379+0000] {dagbag.py:545} INFO - Filling up the DagBag from /home/airflow/.local/lib/python3.12/site-packages/airflow/example_dags/example_branch_day_of_week_operator.py
[2025-07-22T09:18:33.388+0000] {processor.py:840} INFO - DAG(s) 'example_weekday_branch_operator' retrieved from /home/airflow/.local/lib/python3.12/site-packages/airflow/example_dags/example_branch_day_of_week_operator.py
[2025-07-22T09:18:33.416+0000] {logging_mixin.py:188} INFO - [2025-07-22T09:18:33.416+0000] {dag.py:3096} INFO - Sync 1 DAGs
[2025-07-22T09:18:33.448+0000] {logging_mixin.py:188} INFO - [2025-07-22T09:18:33.448+0000] {dag.py:3954} INFO - Setting next_dagrun for example_weekday_branch_operator to 2025-07-21 00:00:00+00:00, run_after=2025-07-22 00:00:00+00:00
[2025-07-22T09:18:33.474+0000] {processor.py:183} INFO - Processing /home/airflow/.local/lib/python3.12/site-packages/airflow/example_dags/example_branch_day_of_week_operator.py took 0.105 seconds
[2025-07-22T09:19:04.182+0000] {processor.py:161} INFO - Started process (PID=3247) to work on /home/airflow/.local/lib/python3.12/site-packages/airflow/example_dags/example_branch_day_of_week_operator.py
[2025-07-22T09:19:04.183+0000] {processor.py:830} INFO - Processing file /home/airflow/.local/lib/python3.12/site-packages/airflow/example_dags/example_branch_day_of_week_operator.py for tasks to queue
[2025-07-22T09:19:04.185+0000] {logging_mixin.py:188} INFO - [2025-07-22T09:19:04.185+0000] {dagbag.py:545} INFO - Filling up the DagBag from /home/airflow/.local/lib/python3.12/site-packages/airflow/example_dags/example_branch_day_of_week_operator.py
[2025-07-22T09:19:04.194+0000] {processor.py:840} INFO - DAG(s) 'example_weekday_branch_operator' retrieved from /home/airflow/.local/lib/python3.12/site-packages/airflow/example_dags/example_branch_day_of_week_operator.py
[2025-07-22T09:19:04.222+0000] {logging_mixin.py:188} INFO - [2025-07-22T09:19:04.221+0000] {dag.py:3096} INFO - Sync 1 DAGs
[2025-07-22T09:19:04.253+0000] {logging_mixin.py:188} INFO - [2025-07-22T09:19:04.253+0000] {dag.py:3954} INFO - Setting next_dagrun for example_weekday_branch_operator to 2025-07-21 00:00:00+00:00, run_after=2025-07-22 00:00:00+00:00
[2025-07-22T09:19:04.281+0000] {processor.py:183} INFO - Processing /home/airflow/.local/lib/python3.12/site-packages/airflow/example_dags/example_branch_day_of_week_operator.py took 0.107 seconds
[2025-07-22T09:19:34.844+0000] {processor.py:161} INFO - Started process (PID=3307) to work on /home/airflow/.local/lib/python3.12/site-packages/airflow/example_dags/example_branch_day_of_week_operator.py
[2025-07-22T09:19:34.845+0000] {processor.py:830} INFO - Processing file /home/airflow/.local/lib/python3.12/site-packages/airflow/example_dags/example_branch_day_of_week_operator.py for tasks to queue
[2025-07-22T09:19:34.848+0000] {logging_mixin.py:188} INFO - [2025-07-22T09:19:34.848+0000] {dagbag.py:545} INFO - Filling up the DagBag from /home/airflow/.local/lib/python3.12/site-packages/airflow/example_dags/example_branch_day_of_week_operator.py
[2025-07-22T09:19:34.863+0000] {processor.py:840} INFO - DAG(s) 'example_weekday_branch_operator' retrieved from /home/airflow/.local/lib/python3.12/site-packages/airflow/example_dags/example_branch_day_of_week_operator.py
[2025-07-22T09:19:34.904+0000] {logging_mixin.py:188} INFO - [2025-07-22T09:19:34.904+0000] {dag.py:3096} INFO - Sync 1 DAGs
[2025-07-22T09:19:34.945+0000] {logging_mixin.py:188} INFO - [2025-07-22T09:19:34.944+0000] {dag.py:3954} INFO - Setting next_dagrun for example_weekday_branch_operator to 2025-07-21 00:00:00+00:00, run_after=2025-07-22 00:00:00+00:00
[2025-07-22T09:19:34.980+0000] {processor.py:183} INFO - Processing /home/airflow/.local/lib/python3.12/site-packages/airflow/example_dags/example_branch_day_of_week_operator.py took 0.144 seconds
[2025-07-22T09:20:05.383+0000] {processor.py:161} INFO - Started process (PID=3373) to work on /home/airflow/.local/lib/python3.12/site-packages/airflow/example_dags/example_branch_day_of_week_operator.py
[2025-07-22T09:20:05.384+0000] {processor.py:830} INFO - Processing file /home/airflow/.local/lib/python3.12/site-packages/airflow/example_dags/example_branch_day_of_week_operator.py for tasks to queue
[2025-07-22T09:20:05.387+0000] {logging_mixin.py:188} INFO - [2025-07-22T09:20:05.386+0000] {dagbag.py:545} INFO - Filling up the DagBag from /home/airflow/.local/lib/python3.12/site-packages/airflow/example_dags/example_branch_day_of_week_operator.py
[2025-07-22T09:20:05.397+0000] {processor.py:840} INFO - DAG(s) 'example_weekday_branch_operator' retrieved from /home/airflow/.local/lib/python3.12/site-packages/airflow/example_dags/example_branch_day_of_week_operator.py
[2025-07-22T09:20:05.423+0000] {logging_mixin.py:188} INFO - [2025-07-22T09:20:05.423+0000] {dag.py:3096} INFO - Sync 1 DAGs
[2025-07-22T09:20:05.452+0000] {logging_mixin.py:188} INFO - [2025-07-22T09:20:05.452+0000] {dag.py:3954} INFO - Setting next_dagrun for example_weekday_branch_operator to 2025-07-21 00:00:00+00:00, run_after=2025-07-22 00:00:00+00:00
[2025-07-22T09:20:05.479+0000] {processor.py:183} INFO - Processing /home/airflow/.local/lib/python3.12/site-packages/airflow/example_dags/example_branch_day_of_week_operator.py took 0.104 seconds
[2025-07-22T09:20:35.756+0000] {processor.py:161} INFO - Started process (PID=3433) to work on /home/airflow/.local/lib/python3.12/site-packages/airflow/example_dags/example_branch_day_of_week_operator.py
[2025-07-22T09:20:35.757+0000] {processor.py:830} INFO - Processing file /home/airflow/.local/lib/python3.12/site-packages/airflow/example_dags/example_branch_day_of_week_operator.py for tasks to queue
[2025-07-22T09:20:35.760+0000] {logging_mixin.py:188} INFO - [2025-07-22T09:20:35.759+0000] {dagbag.py:545} INFO - Filling up the DagBag from /home/airflow/.local/lib/python3.12/site-packages/airflow/example_dags/example_branch_day_of_week_operator.py
[2025-07-22T09:20:35.769+0000] {processor.py:840} INFO - DAG(s) 'example_weekday_branch_operator' retrieved from /home/airflow/.local/lib/python3.12/site-packages/airflow/example_dags/example_branch_day_of_week_operator.py
[2025-07-22T09:20:35.812+0000] {logging_mixin.py:188} INFO - [2025-07-22T09:20:35.812+0000] {dag.py:3096} INFO - Sync 1 DAGs
[2025-07-22T09:20:35.853+0000] {logging_mixin.py:188} INFO - [2025-07-22T09:20:35.853+0000] {dag.py:3954} INFO - Setting next_dagrun for example_weekday_branch_operator to 2025-07-21 00:00:00+00:00, run_after=2025-07-22 00:00:00+00:00
[2025-07-22T09:20:35.893+0000] {processor.py:183} INFO - Processing /home/airflow/.local/lib/python3.12/site-packages/airflow/example_dags/example_branch_day_of_week_operator.py took 0.144 seconds
[2025-07-22T09:21:06.058+0000] {processor.py:161} INFO - Started process (PID=3494) to work on /home/airflow/.local/lib/python3.12/site-packages/airflow/example_dags/example_branch_day_of_week_operator.py
[2025-07-22T09:21:06.060+0000] {processor.py:830} INFO - Processing file /home/airflow/.local/lib/python3.12/site-packages/airflow/example_dags/example_branch_day_of_week_operator.py for tasks to queue
[2025-07-22T09:21:06.062+0000] {logging_mixin.py:188} INFO - [2025-07-22T09:21:06.061+0000] {dagbag.py:545} INFO - Filling up the DagBag from /home/airflow/.local/lib/python3.12/site-packages/airflow/example_dags/example_branch_day_of_week_operator.py
[2025-07-22T09:21:06.070+0000] {processor.py:840} INFO - DAG(s) 'example_weekday_branch_operator' retrieved from /home/airflow/.local/lib/python3.12/site-packages/airflow/example_dags/example_branch_day_of_week_operator.py
[2025-07-22T09:21:06.095+0000] {logging_mixin.py:188} INFO - [2025-07-22T09:21:06.094+0000] {dag.py:3096} INFO - Sync 1 DAGs
[2025-07-22T09:21:06.131+0000] {logging_mixin.py:188} INFO - [2025-07-22T09:21:06.130+0000] {dag.py:3954} INFO - Setting next_dagrun for example_weekday_branch_operator to 2025-07-21 00:00:00+00:00, run_after=2025-07-22 00:00:00+00:00
[2025-07-22T09:21:06.154+0000] {processor.py:183} INFO - Processing /home/airflow/.local/lib/python3.12/site-packages/airflow/example_dags/example_branch_day_of_week_operator.py took 0.103 seconds
[2025-07-22T09:21:36.229+0000] {processor.py:161} INFO - Started process (PID=3554) to work on /home/airflow/.local/lib/python3.12/site-packages/airflow/example_dags/example_branch_day_of_week_operator.py
[2025-07-22T09:21:36.231+0000] {processor.py:830} INFO - Processing file /home/airflow/.local/lib/python3.12/site-packages/airflow/example_dags/example_branch_day_of_week_operator.py for tasks to queue
[2025-07-22T09:21:36.233+0000] {logging_mixin.py:188} INFO - [2025-07-22T09:21:36.233+0000] {dagbag.py:545} INFO - Filling up the DagBag from /home/airflow/.local/lib/python3.12/site-packages/airflow/example_dags/example_branch_day_of_week_operator.py
[2025-07-22T09:21:36.242+0000] {processor.py:840} INFO - DAG(s) 'example_weekday_branch_operator' retrieved from /home/airflow/.local/lib/python3.12/site-packages/airflow/example_dags/example_branch_day_of_week_operator.py
[2025-07-22T09:21:36.266+0000] {logging_mixin.py:188} INFO - [2025-07-22T09:21:36.266+0000] {dag.py:3096} INFO - Sync 1 DAGs
[2025-07-22T09:21:36.295+0000] {logging_mixin.py:188} INFO - [2025-07-22T09:21:36.294+0000] {dag.py:3954} INFO - Setting next_dagrun for example_weekday_branch_operator to 2025-07-21 00:00:00+00:00, run_after=2025-07-22 00:00:00+00:00
[2025-07-22T09:21:36.316+0000] {processor.py:183} INFO - Processing /home/airflow/.local/lib/python3.12/site-packages/airflow/example_dags/example_branch_day_of_week_operator.py took 0.093 seconds
[2025-07-22T09:22:06.548+0000] {processor.py:161} INFO - Started process (PID=3614) to work on /home/airflow/.local/lib/python3.12/site-packages/airflow/example_dags/example_branch_day_of_week_operator.py
[2025-07-22T09:22:06.549+0000] {processor.py:830} INFO - Processing file /home/airflow/.local/lib/python3.12/site-packages/airflow/example_dags/example_branch_day_of_week_operator.py for tasks to queue
[2025-07-22T09:22:06.551+0000] {logging_mixin.py:188} INFO - [2025-07-22T09:22:06.551+0000] {dagbag.py:545} INFO - Filling up the DagBag from /home/airflow/.local/lib/python3.12/site-packages/airflow/example_dags/example_branch_day_of_week_operator.py
[2025-07-22T09:22:06.560+0000] {processor.py:840} INFO - DAG(s) 'example_weekday_branch_operator' retrieved from /home/airflow/.local/lib/python3.12/site-packages/airflow/example_dags/example_branch_day_of_week_operator.py
[2025-07-22T09:22:06.593+0000] {logging_mixin.py:188} INFO - [2025-07-22T09:22:06.592+0000] {dag.py:3096} INFO - Sync 1 DAGs
[2025-07-22T09:22:06.619+0000] {logging_mixin.py:188} INFO - [2025-07-22T09:22:06.619+0000] {dag.py:3954} INFO - Setting next_dagrun for example_weekday_branch_operator to 2025-07-21 00:00:00+00:00, run_after=2025-07-22 00:00:00+00:00
[2025-07-22T09:22:06.648+0000] {processor.py:183} INFO - Processing /home/airflow/.local/lib/python3.12/site-packages/airflow/example_dags/example_branch_day_of_week_operator.py took 0.108 seconds
[2025-07-22T09:22:37.592+0000] {processor.py:161} INFO - Started process (PID=3674) to work on /home/airflow/.local/lib/python3.12/site-packages/airflow/example_dags/example_branch_day_of_week_operator.py
[2025-07-22T09:22:37.593+0000] {processor.py:830} INFO - Processing file /home/airflow/.local/lib/python3.12/site-packages/airflow/example_dags/example_branch_day_of_week_operator.py for tasks to queue
[2025-07-22T09:22:37.596+0000] {logging_mixin.py:188} INFO - [2025-07-22T09:22:37.596+0000] {dagbag.py:545} INFO - Filling up the DagBag from /home/airflow/.local/lib/python3.12/site-packages/airflow/example_dags/example_branch_day_of_week_operator.py
[2025-07-22T09:22:37.611+0000] {processor.py:840} INFO - DAG(s) 'example_weekday_branch_operator' retrieved from /home/airflow/.local/lib/python3.12/site-packages/airflow/example_dags/example_branch_day_of_week_operator.py
[2025-07-22T09:22:37.650+0000] {logging_mixin.py:188} INFO - [2025-07-22T09:22:37.650+0000] {dag.py:3096} INFO - Sync 1 DAGs
[2025-07-22T09:22:37.692+0000] {logging_mixin.py:188} INFO - [2025-07-22T09:22:37.692+0000] {dag.py:3954} INFO - Setting next_dagrun for example_weekday_branch_operator to 2025-07-21 00:00:00+00:00, run_after=2025-07-22 00:00:00+00:00
[2025-07-22T09:22:37.743+0000] {processor.py:183} INFO - Processing /home/airflow/.local/lib/python3.12/site-packages/airflow/example_dags/example_branch_day_of_week_operator.py took 0.160 seconds
