[2025-07-22T08:52:09.840+0000] {processor.py:161} INFO - Started process (PID=99) to work on /home/airflow/.local/lib/python3.12/site-packages/airflow/example_dags/example_setup_teardown.py
[2025-07-22T08:52:09.842+0000] {processor.py:830} INFO - Processing file /home/airflow/.local/lib/python3.12/site-packages/airflow/example_dags/example_setup_teardown.py for tasks to queue
[2025-07-22T08:52:09.845+0000] {logging_mixin.py:188} INFO - [2025-07-22T08:52:09.844+0000] {dagbag.py:545} INFO - Filling up the DagBag from /home/airflow/.local/lib/python3.12/site-packages/airflow/example_dags/example_setup_teardown.py
[2025-07-22T08:52:09.862+0000] {processor.py:840} INFO - DAG(s) 'example_setup_teardown' retrieved from /home/airflow/.local/lib/python3.12/site-packages/airflow/example_dags/example_setup_teardown.py
[2025-07-22T08:52:10.044+0000] {logging_mixin.py:188} INFO - [2025-07-22T08:52:10.044+0000] {dag.py:3096} INFO - Sync 1 DAGs
[2025-07-22T08:52:10.073+0000] {logging_mixin.py:188} INFO - [2025-07-22T08:52:10.072+0000] {dag.py:3954} INFO - Setting next_dagrun for example_setup_teardown to 2025-07-21 00:00:00+00:00, run_after=2025-07-22 00:00:00+00:00
[2025-07-22T08:52:10.098+0000] {processor.py:183} INFO - Processing /home/airflow/.local/lib/python3.12/site-packages/airflow/example_dags/example_setup_teardown.py took 0.268 seconds
[2025-07-22T08:52:40.378+0000] {processor.py:161} INFO - Started process (PID=157) to work on /home/airflow/.local/lib/python3.12/site-packages/airflow/example_dags/example_setup_teardown.py
[2025-07-22T08:52:40.380+0000] {processor.py:830} INFO - Processing file /home/airflow/.local/lib/python3.12/site-packages/airflow/example_dags/example_setup_teardown.py for tasks to queue
[2025-07-22T08:52:40.383+0000] {logging_mixin.py:188} INFO - [2025-07-22T08:52:40.382+0000] {dagbag.py:545} INFO - Filling up the DagBag from /home/airflow/.local/lib/python3.12/site-packages/airflow/example_dags/example_setup_teardown.py
[2025-07-22T08:52:40.392+0000] {processor.py:840} INFO - DAG(s) 'example_setup_teardown' retrieved from /home/airflow/.local/lib/python3.12/site-packages/airflow/example_dags/example_setup_teardown.py
[2025-07-22T08:52:40.435+0000] {logging_mixin.py:188} INFO - [2025-07-22T08:52:40.434+0000] {dag.py:3096} INFO - Sync 1 DAGs
[2025-07-22T08:52:40.471+0000] {logging_mixin.py:188} INFO - [2025-07-22T08:52:40.471+0000] {dag.py:3954} INFO - Setting next_dagrun for example_setup_teardown to 2025-07-21 00:00:00+00:00, run_after=2025-07-22 00:00:00+00:00
[2025-07-22T08:52:40.495+0000] {processor.py:183} INFO - Processing /home/airflow/.local/lib/python3.12/site-packages/airflow/example_dags/example_setup_teardown.py took 0.125 seconds
[2025-07-22T08:53:11.025+0000] {processor.py:161} INFO - Started process (PID=215) to work on /home/airflow/.local/lib/python3.12/site-packages/airflow/example_dags/example_setup_teardown.py
[2025-07-22T08:53:11.030+0000] {processor.py:830} INFO - Processing file /home/airflow/.local/lib/python3.12/site-packages/airflow/example_dags/example_setup_teardown.py for tasks to queue
[2025-07-22T08:53:11.037+0000] {logging_mixin.py:188} INFO - [2025-07-22T08:53:11.036+0000] {dagbag.py:545} INFO - Filling up the DagBag from /home/airflow/.local/lib/python3.12/site-packages/airflow/example_dags/example_setup_teardown.py
[2025-07-22T08:53:11.065+0000] {processor.py:840} INFO - DAG(s) 'example_setup_teardown' retrieved from /home/airflow/.local/lib/python3.12/site-packages/airflow/example_dags/example_setup_teardown.py
[2025-07-22T08:53:11.135+0000] {logging_mixin.py:188} INFO - [2025-07-22T08:53:11.134+0000] {dag.py:3096} INFO - Sync 1 DAGs
[2025-07-22T08:53:11.215+0000] {logging_mixin.py:188} INFO - [2025-07-22T08:53:11.214+0000] {dag.py:3954} INFO - Setting next_dagrun for example_setup_teardown to 2025-07-21 00:00:00+00:00, run_after=2025-07-22 00:00:00+00:00
[2025-07-22T08:53:11.297+0000] {processor.py:183} INFO - Processing /home/airflow/.local/lib/python3.12/site-packages/airflow/example_dags/example_setup_teardown.py took 0.293 seconds
[2025-07-22T08:53:42.225+0000] {processor.py:161} INFO - Started process (PID=273) to work on /home/airflow/.local/lib/python3.12/site-packages/airflow/example_dags/example_setup_teardown.py
[2025-07-22T08:53:42.227+0000] {processor.py:830} INFO - Processing file /home/airflow/.local/lib/python3.12/site-packages/airflow/example_dags/example_setup_teardown.py for tasks to queue
[2025-07-22T08:53:42.231+0000] {logging_mixin.py:188} INFO - [2025-07-22T08:53:42.230+0000] {dagbag.py:545} INFO - Filling up the DagBag from /home/airflow/.local/lib/python3.12/site-packages/airflow/example_dags/example_setup_teardown.py
[2025-07-22T08:53:42.244+0000] {processor.py:840} INFO - DAG(s) 'example_setup_teardown' retrieved from /home/airflow/.local/lib/python3.12/site-packages/airflow/example_dags/example_setup_teardown.py
[2025-07-22T08:53:42.272+0000] {logging_mixin.py:188} INFO - [2025-07-22T08:53:42.272+0000] {dag.py:3096} INFO - Sync 1 DAGs
[2025-07-22T08:53:42.309+0000] {logging_mixin.py:188} INFO - [2025-07-22T08:53:42.308+0000] {dag.py:3954} INFO - Setting next_dagrun for example_setup_teardown to 2025-07-21 00:00:00+00:00, run_after=2025-07-22 00:00:00+00:00
[2025-07-22T08:53:42.338+0000] {processor.py:183} INFO - Processing /home/airflow/.local/lib/python3.12/site-packages/airflow/example_dags/example_setup_teardown.py took 0.126 seconds
[2025-07-22T08:54:12.435+0000] {processor.py:161} INFO - Started process (PID=330) to work on /home/airflow/.local/lib/python3.12/site-packages/airflow/example_dags/example_setup_teardown.py
[2025-07-22T08:54:12.436+0000] {processor.py:830} INFO - Processing file /home/airflow/.local/lib/python3.12/site-packages/airflow/example_dags/example_setup_teardown.py for tasks to queue
[2025-07-22T08:54:12.439+0000] {logging_mixin.py:188} INFO - [2025-07-22T08:54:12.438+0000] {dagbag.py:545} INFO - Filling up the DagBag from /home/airflow/.local/lib/python3.12/site-packages/airflow/example_dags/example_setup_teardown.py
[2025-07-22T08:54:12.447+0000] {processor.py:840} INFO - DAG(s) 'example_setup_teardown' retrieved from /home/airflow/.local/lib/python3.12/site-packages/airflow/example_dags/example_setup_teardown.py
[2025-07-22T08:54:12.473+0000] {logging_mixin.py:188} INFO - [2025-07-22T08:54:12.472+0000] {dag.py:3096} INFO - Sync 1 DAGs
[2025-07-22T08:54:12.501+0000] {logging_mixin.py:188} INFO - [2025-07-22T08:54:12.500+0000] {dag.py:3954} INFO - Setting next_dagrun for example_setup_teardown to 2025-07-21 00:00:00+00:00, run_after=2025-07-22 00:00:00+00:00
[2025-07-22T08:54:12.522+0000] {processor.py:183} INFO - Processing /home/airflow/.local/lib/python3.12/site-packages/airflow/example_dags/example_setup_teardown.py took 0.095 seconds
[2025-07-22T08:54:42.676+0000] {processor.py:161} INFO - Started process (PID=388) to work on /home/airflow/.local/lib/python3.12/site-packages/airflow/example_dags/example_setup_teardown.py
[2025-07-22T08:54:42.678+0000] {processor.py:830} INFO - Processing file /home/airflow/.local/lib/python3.12/site-packages/airflow/example_dags/example_setup_teardown.py for tasks to queue
[2025-07-22T08:54:42.680+0000] {logging_mixin.py:188} INFO - [2025-07-22T08:54:42.680+0000] {dagbag.py:545} INFO - Filling up the DagBag from /home/airflow/.local/lib/python3.12/site-packages/airflow/example_dags/example_setup_teardown.py
[2025-07-22T08:54:42.688+0000] {processor.py:840} INFO - DAG(s) 'example_setup_teardown' retrieved from /home/airflow/.local/lib/python3.12/site-packages/airflow/example_dags/example_setup_teardown.py
[2025-07-22T08:54:42.714+0000] {logging_mixin.py:188} INFO - [2025-07-22T08:54:42.714+0000] {dag.py:3096} INFO - Sync 1 DAGs
[2025-07-22T08:54:42.740+0000] {logging_mixin.py:188} INFO - [2025-07-22T08:54:42.740+0000] {dag.py:3954} INFO - Setting next_dagrun for example_setup_teardown to 2025-07-21 00:00:00+00:00, run_after=2025-07-22 00:00:00+00:00
[2025-07-22T08:54:42.765+0000] {processor.py:183} INFO - Processing /home/airflow/.local/lib/python3.12/site-packages/airflow/example_dags/example_setup_teardown.py took 0.096 seconds
[2025-07-22T08:55:13.619+0000] {processor.py:161} INFO - Started process (PID=447) to work on /home/airflow/.local/lib/python3.12/site-packages/airflow/example_dags/example_setup_teardown.py
[2025-07-22T08:55:13.621+0000] {processor.py:830} INFO - Processing file /home/airflow/.local/lib/python3.12/site-packages/airflow/example_dags/example_setup_teardown.py for tasks to queue
[2025-07-22T08:55:13.624+0000] {logging_mixin.py:188} INFO - [2025-07-22T08:55:13.624+0000] {dagbag.py:545} INFO - Filling up the DagBag from /home/airflow/.local/lib/python3.12/site-packages/airflow/example_dags/example_setup_teardown.py
[2025-07-22T08:55:13.635+0000] {processor.py:840} INFO - DAG(s) 'example_setup_teardown' retrieved from /home/airflow/.local/lib/python3.12/site-packages/airflow/example_dags/example_setup_teardown.py
[2025-07-22T08:55:13.665+0000] {logging_mixin.py:188} INFO - [2025-07-22T08:55:13.664+0000] {dag.py:3096} INFO - Sync 1 DAGs
[2025-07-22T08:55:13.698+0000] {logging_mixin.py:188} INFO - [2025-07-22T08:55:13.698+0000] {dag.py:3954} INFO - Setting next_dagrun for example_setup_teardown to 2025-07-21 00:00:00+00:00, run_after=2025-07-22 00:00:00+00:00
[2025-07-22T08:55:13.744+0000] {processor.py:183} INFO - Processing /home/airflow/.local/lib/python3.12/site-packages/airflow/example_dags/example_setup_teardown.py took 0.136 seconds
[2025-07-22T08:55:44.689+0000] {processor.py:161} INFO - Started process (PID=505) to work on /home/airflow/.local/lib/python3.12/site-packages/airflow/example_dags/example_setup_teardown.py
[2025-07-22T08:55:44.690+0000] {processor.py:830} INFO - Processing file /home/airflow/.local/lib/python3.12/site-packages/airflow/example_dags/example_setup_teardown.py for tasks to queue
[2025-07-22T08:55:44.692+0000] {logging_mixin.py:188} INFO - [2025-07-22T08:55:44.692+0000] {dagbag.py:545} INFO - Filling up the DagBag from /home/airflow/.local/lib/python3.12/site-packages/airflow/example_dags/example_setup_teardown.py
[2025-07-22T08:55:44.700+0000] {processor.py:840} INFO - DAG(s) 'example_setup_teardown' retrieved from /home/airflow/.local/lib/python3.12/site-packages/airflow/example_dags/example_setup_teardown.py
[2025-07-22T08:55:44.721+0000] {logging_mixin.py:188} INFO - [2025-07-22T08:55:44.721+0000] {dag.py:3096} INFO - Sync 1 DAGs
[2025-07-22T08:55:44.746+0000] {logging_mixin.py:188} INFO - [2025-07-22T08:55:44.745+0000] {dag.py:3954} INFO - Setting next_dagrun for example_setup_teardown to 2025-07-21 00:00:00+00:00, run_after=2025-07-22 00:00:00+00:00
[2025-07-22T08:55:44.772+0000] {processor.py:183} INFO - Processing /home/airflow/.local/lib/python3.12/site-packages/airflow/example_dags/example_setup_teardown.py took 0.090 seconds
[2025-07-22T08:56:14.863+0000] {processor.py:161} INFO - Started process (PID=562) to work on /home/airflow/.local/lib/python3.12/site-packages/airflow/example_dags/example_setup_teardown.py
[2025-07-22T08:56:14.865+0000] {processor.py:830} INFO - Processing file /home/airflow/.local/lib/python3.12/site-packages/airflow/example_dags/example_setup_teardown.py for tasks to queue
[2025-07-22T08:56:14.867+0000] {logging_mixin.py:188} INFO - [2025-07-22T08:56:14.867+0000] {dagbag.py:545} INFO - Filling up the DagBag from /home/airflow/.local/lib/python3.12/site-packages/airflow/example_dags/example_setup_teardown.py
[2025-07-22T08:56:14.875+0000] {processor.py:840} INFO - DAG(s) 'example_setup_teardown' retrieved from /home/airflow/.local/lib/python3.12/site-packages/airflow/example_dags/example_setup_teardown.py
[2025-07-22T08:56:14.898+0000] {logging_mixin.py:188} INFO - [2025-07-22T08:56:14.898+0000] {dag.py:3096} INFO - Sync 1 DAGs
[2025-07-22T08:56:14.922+0000] {logging_mixin.py:188} INFO - [2025-07-22T08:56:14.922+0000] {dag.py:3954} INFO - Setting next_dagrun for example_setup_teardown to 2025-07-21 00:00:00+00:00, run_after=2025-07-22 00:00:00+00:00
[2025-07-22T08:56:14.943+0000] {processor.py:183} INFO - Processing /home/airflow/.local/lib/python3.12/site-packages/airflow/example_dags/example_setup_teardown.py took 0.085 seconds
[2025-07-22T08:56:45.519+0000] {processor.py:161} INFO - Started process (PID=621) to work on /home/airflow/.local/lib/python3.12/site-packages/airflow/example_dags/example_setup_teardown.py
[2025-07-22T08:56:45.521+0000] {processor.py:830} INFO - Processing file /home/airflow/.local/lib/python3.12/site-packages/airflow/example_dags/example_setup_teardown.py for tasks to queue
[2025-07-22T08:56:45.524+0000] {logging_mixin.py:188} INFO - [2025-07-22T08:56:45.523+0000] {dagbag.py:545} INFO - Filling up the DagBag from /home/airflow/.local/lib/python3.12/site-packages/airflow/example_dags/example_setup_teardown.py
[2025-07-22T08:56:45.534+0000] {processor.py:840} INFO - DAG(s) 'example_setup_teardown' retrieved from /home/airflow/.local/lib/python3.12/site-packages/airflow/example_dags/example_setup_teardown.py
[2025-07-22T08:56:45.564+0000] {logging_mixin.py:188} INFO - [2025-07-22T08:56:45.564+0000] {dag.py:3096} INFO - Sync 1 DAGs
[2025-07-22T08:56:45.597+0000] {logging_mixin.py:188} INFO - [2025-07-22T08:56:45.597+0000] {dag.py:3954} INFO - Setting next_dagrun for example_setup_teardown to 2025-07-21 00:00:00+00:00, run_after=2025-07-22 00:00:00+00:00
[2025-07-22T08:56:45.626+0000] {processor.py:183} INFO - Processing /home/airflow/.local/lib/python3.12/site-packages/airflow/example_dags/example_setup_teardown.py took 0.114 seconds
[2025-07-22T08:57:15.986+0000] {processor.py:161} INFO - Started process (PID=681) to work on /home/airflow/.local/lib/python3.12/site-packages/airflow/example_dags/example_setup_teardown.py
[2025-07-22T08:57:15.988+0000] {processor.py:830} INFO - Processing file /home/airflow/.local/lib/python3.12/site-packages/airflow/example_dags/example_setup_teardown.py for tasks to queue
[2025-07-22T08:57:15.991+0000] {logging_mixin.py:188} INFO - [2025-07-22T08:57:15.990+0000] {dagbag.py:545} INFO - Filling up the DagBag from /home/airflow/.local/lib/python3.12/site-packages/airflow/example_dags/example_setup_teardown.py
[2025-07-22T08:57:16.003+0000] {processor.py:840} INFO - DAG(s) 'example_setup_teardown' retrieved from /home/airflow/.local/lib/python3.12/site-packages/airflow/example_dags/example_setup_teardown.py
[2025-07-22T08:57:16.039+0000] {logging_mixin.py:188} INFO - [2025-07-22T08:57:16.038+0000] {dag.py:3096} INFO - Sync 1 DAGs
[2025-07-22T08:57:16.069+0000] {logging_mixin.py:188} INFO - [2025-07-22T08:57:16.069+0000] {dag.py:3954} INFO - Setting next_dagrun for example_setup_teardown to 2025-07-21 00:00:00+00:00, run_after=2025-07-22 00:00:00+00:00
[2025-07-22T08:57:16.098+0000] {processor.py:183} INFO - Processing /home/airflow/.local/lib/python3.12/site-packages/airflow/example_dags/example_setup_teardown.py took 0.121 seconds
[2025-07-22T08:57:46.151+0000] {processor.py:161} INFO - Started process (PID=740) to work on /home/airflow/.local/lib/python3.12/site-packages/airflow/example_dags/example_setup_teardown.py
[2025-07-22T08:57:46.152+0000] {processor.py:830} INFO - Processing file /home/airflow/.local/lib/python3.12/site-packages/airflow/example_dags/example_setup_teardown.py for tasks to queue
[2025-07-22T08:57:46.155+0000] {logging_mixin.py:188} INFO - [2025-07-22T08:57:46.154+0000] {dagbag.py:545} INFO - Filling up the DagBag from /home/airflow/.local/lib/python3.12/site-packages/airflow/example_dags/example_setup_teardown.py
[2025-07-22T08:57:46.163+0000] {processor.py:840} INFO - DAG(s) 'example_setup_teardown' retrieved from /home/airflow/.local/lib/python3.12/site-packages/airflow/example_dags/example_setup_teardown.py
[2025-07-22T08:57:46.189+0000] {logging_mixin.py:188} INFO - [2025-07-22T08:57:46.189+0000] {dag.py:3096} INFO - Sync 1 DAGs
[2025-07-22T08:57:46.219+0000] {logging_mixin.py:188} INFO - [2025-07-22T08:57:46.219+0000] {dag.py:3954} INFO - Setting next_dagrun for example_setup_teardown to 2025-07-21 00:00:00+00:00, run_after=2025-07-22 00:00:00+00:00
[2025-07-22T08:57:46.247+0000] {processor.py:183} INFO - Processing /home/airflow/.local/lib/python3.12/site-packages/airflow/example_dags/example_setup_teardown.py took 0.103 seconds
[2025-07-22T08:58:16.517+0000] {processor.py:161} INFO - Started process (PID=800) to work on /home/airflow/.local/lib/python3.12/site-packages/airflow/example_dags/example_setup_teardown.py
[2025-07-22T08:58:16.519+0000] {processor.py:830} INFO - Processing file /home/airflow/.local/lib/python3.12/site-packages/airflow/example_dags/example_setup_teardown.py for tasks to queue
[2025-07-22T08:58:16.521+0000] {logging_mixin.py:188} INFO - [2025-07-22T08:58:16.521+0000] {dagbag.py:545} INFO - Filling up the DagBag from /home/airflow/.local/lib/python3.12/site-packages/airflow/example_dags/example_setup_teardown.py
[2025-07-22T08:58:16.529+0000] {processor.py:840} INFO - DAG(s) 'example_setup_teardown' retrieved from /home/airflow/.local/lib/python3.12/site-packages/airflow/example_dags/example_setup_teardown.py
[2025-07-22T08:58:16.555+0000] {logging_mixin.py:188} INFO - [2025-07-22T08:58:16.554+0000] {dag.py:3096} INFO - Sync 1 DAGs
[2025-07-22T08:58:16.583+0000] {logging_mixin.py:188} INFO - [2025-07-22T08:58:16.583+0000] {dag.py:3954} INFO - Setting next_dagrun for example_setup_teardown to 2025-07-21 00:00:00+00:00, run_after=2025-07-22 00:00:00+00:00
[2025-07-22T08:58:16.608+0000] {processor.py:183} INFO - Processing /home/airflow/.local/lib/python3.12/site-packages/airflow/example_dags/example_setup_teardown.py took 0.098 seconds
[2025-07-22T08:58:46.813+0000] {processor.py:161} INFO - Started process (PID=860) to work on /home/airflow/.local/lib/python3.12/site-packages/airflow/example_dags/example_setup_teardown.py
[2025-07-22T08:58:46.814+0000] {processor.py:830} INFO - Processing file /home/airflow/.local/lib/python3.12/site-packages/airflow/example_dags/example_setup_teardown.py for tasks to queue
[2025-07-22T08:58:46.817+0000] {logging_mixin.py:188} INFO - [2025-07-22T08:58:46.817+0000] {dagbag.py:545} INFO - Filling up the DagBag from /home/airflow/.local/lib/python3.12/site-packages/airflow/example_dags/example_setup_teardown.py
[2025-07-22T08:58:46.832+0000] {processor.py:840} INFO - DAG(s) 'example_setup_teardown' retrieved from /home/airflow/.local/lib/python3.12/site-packages/airflow/example_dags/example_setup_teardown.py
[2025-07-22T08:58:46.863+0000] {logging_mixin.py:188} INFO - [2025-07-22T08:58:46.863+0000] {dag.py:3096} INFO - Sync 1 DAGs
[2025-07-22T08:58:46.900+0000] {logging_mixin.py:188} INFO - [2025-07-22T08:58:46.900+0000] {dag.py:3954} INFO - Setting next_dagrun for example_setup_teardown to 2025-07-21 00:00:00+00:00, run_after=2025-07-22 00:00:00+00:00
[2025-07-22T08:58:46.926+0000] {processor.py:183} INFO - Processing /home/airflow/.local/lib/python3.12/site-packages/airflow/example_dags/example_setup_teardown.py took 0.122 seconds
[2025-07-22T08:59:17.722+0000] {processor.py:161} INFO - Started process (PID=920) to work on /home/airflow/.local/lib/python3.12/site-packages/airflow/example_dags/example_setup_teardown.py
[2025-07-22T08:59:17.723+0000] {processor.py:830} INFO - Processing file /home/airflow/.local/lib/python3.12/site-packages/airflow/example_dags/example_setup_teardown.py for tasks to queue
[2025-07-22T08:59:17.725+0000] {logging_mixin.py:188} INFO - [2025-07-22T08:59:17.725+0000] {dagbag.py:545} INFO - Filling up the DagBag from /home/airflow/.local/lib/python3.12/site-packages/airflow/example_dags/example_setup_teardown.py
[2025-07-22T08:59:17.732+0000] {processor.py:840} INFO - DAG(s) 'example_setup_teardown' retrieved from /home/airflow/.local/lib/python3.12/site-packages/airflow/example_dags/example_setup_teardown.py
[2025-07-22T08:59:17.755+0000] {logging_mixin.py:188} INFO - [2025-07-22T08:59:17.754+0000] {dag.py:3096} INFO - Sync 1 DAGs
[2025-07-22T08:59:17.778+0000] {logging_mixin.py:188} INFO - [2025-07-22T08:59:17.778+0000] {dag.py:3954} INFO - Setting next_dagrun for example_setup_teardown to 2025-07-21 00:00:00+00:00, run_after=2025-07-22 00:00:00+00:00
[2025-07-22T08:59:17.799+0000] {processor.py:183} INFO - Processing /home/airflow/.local/lib/python3.12/site-packages/airflow/example_dags/example_setup_teardown.py took 0.083 seconds
[2025-07-22T08:59:48.039+0000] {processor.py:161} INFO - Started process (PID=980) to work on /home/airflow/.local/lib/python3.12/site-packages/airflow/example_dags/example_setup_teardown.py
[2025-07-22T08:59:48.041+0000] {processor.py:830} INFO - Processing file /home/airflow/.local/lib/python3.12/site-packages/airflow/example_dags/example_setup_teardown.py for tasks to queue
[2025-07-22T08:59:48.043+0000] {logging_mixin.py:188} INFO - [2025-07-22T08:59:48.043+0000] {dagbag.py:545} INFO - Filling up the DagBag from /home/airflow/.local/lib/python3.12/site-packages/airflow/example_dags/example_setup_teardown.py
[2025-07-22T08:59:48.052+0000] {processor.py:840} INFO - DAG(s) 'example_setup_teardown' retrieved from /home/airflow/.local/lib/python3.12/site-packages/airflow/example_dags/example_setup_teardown.py
[2025-07-22T08:59:48.082+0000] {logging_mixin.py:188} INFO - [2025-07-22T08:59:48.082+0000] {dag.py:3096} INFO - Sync 1 DAGs
[2025-07-22T08:59:48.112+0000] {logging_mixin.py:188} INFO - [2025-07-22T08:59:48.112+0000] {dag.py:3954} INFO - Setting next_dagrun for example_setup_teardown to 2025-07-21 00:00:00+00:00, run_after=2025-07-22 00:00:00+00:00
[2025-07-22T08:59:48.142+0000] {processor.py:183} INFO - Processing /home/airflow/.local/lib/python3.12/site-packages/airflow/example_dags/example_setup_teardown.py took 0.112 seconds
[2025-07-22T09:00:18.745+0000] {processor.py:161} INFO - Started process (PID=1040) to work on /home/airflow/.local/lib/python3.12/site-packages/airflow/example_dags/example_setup_teardown.py
[2025-07-22T09:00:18.746+0000] {processor.py:830} INFO - Processing file /home/airflow/.local/lib/python3.12/site-packages/airflow/example_dags/example_setup_teardown.py for tasks to queue
[2025-07-22T09:00:18.750+0000] {logging_mixin.py:188} INFO - [2025-07-22T09:00:18.749+0000] {dagbag.py:545} INFO - Filling up the DagBag from /home/airflow/.local/lib/python3.12/site-packages/airflow/example_dags/example_setup_teardown.py
[2025-07-22T09:00:18.759+0000] {processor.py:840} INFO - DAG(s) 'example_setup_teardown' retrieved from /home/airflow/.local/lib/python3.12/site-packages/airflow/example_dags/example_setup_teardown.py
[2025-07-22T09:00:18.789+0000] {logging_mixin.py:188} INFO - [2025-07-22T09:00:18.789+0000] {dag.py:3096} INFO - Sync 1 DAGs
[2025-07-22T09:00:18.821+0000] {logging_mixin.py:188} INFO - [2025-07-22T09:00:18.821+0000] {dag.py:3954} INFO - Setting next_dagrun for example_setup_teardown to 2025-07-21 00:00:00+00:00, run_after=2025-07-22 00:00:00+00:00
[2025-07-22T09:00:18.850+0000] {processor.py:183} INFO - Processing /home/airflow/.local/lib/python3.12/site-packages/airflow/example_dags/example_setup_teardown.py took 0.114 seconds
[2025-07-22T09:00:49.566+0000] {processor.py:161} INFO - Started process (PID=1100) to work on /home/airflow/.local/lib/python3.12/site-packages/airflow/example_dags/example_setup_teardown.py
[2025-07-22T09:00:49.568+0000] {processor.py:830} INFO - Processing file /home/airflow/.local/lib/python3.12/site-packages/airflow/example_dags/example_setup_teardown.py for tasks to queue
[2025-07-22T09:00:49.571+0000] {logging_mixin.py:188} INFO - [2025-07-22T09:00:49.570+0000] {dagbag.py:545} INFO - Filling up the DagBag from /home/airflow/.local/lib/python3.12/site-packages/airflow/example_dags/example_setup_teardown.py
[2025-07-22T09:00:49.581+0000] {processor.py:840} INFO - DAG(s) 'example_setup_teardown' retrieved from /home/airflow/.local/lib/python3.12/site-packages/airflow/example_dags/example_setup_teardown.py
[2025-07-22T09:00:49.614+0000] {logging_mixin.py:188} INFO - [2025-07-22T09:00:49.613+0000] {dag.py:3096} INFO - Sync 1 DAGs
[2025-07-22T09:00:49.646+0000] {logging_mixin.py:188} INFO - [2025-07-22T09:00:49.646+0000] {dag.py:3954} INFO - Setting next_dagrun for example_setup_teardown to 2025-07-21 00:00:00+00:00, run_after=2025-07-22 00:00:00+00:00
[2025-07-22T09:00:49.676+0000] {processor.py:183} INFO - Processing /home/airflow/.local/lib/python3.12/site-packages/airflow/example_dags/example_setup_teardown.py took 0.118 seconds
[2025-07-22T09:01:20.374+0000] {processor.py:161} INFO - Started process (PID=1160) to work on /home/airflow/.local/lib/python3.12/site-packages/airflow/example_dags/example_setup_teardown.py
[2025-07-22T09:01:20.375+0000] {processor.py:830} INFO - Processing file /home/airflow/.local/lib/python3.12/site-packages/airflow/example_dags/example_setup_teardown.py for tasks to queue
[2025-07-22T09:01:20.378+0000] {logging_mixin.py:188} INFO - [2025-07-22T09:01:20.377+0000] {dagbag.py:545} INFO - Filling up the DagBag from /home/airflow/.local/lib/python3.12/site-packages/airflow/example_dags/example_setup_teardown.py
[2025-07-22T09:01:20.385+0000] {processor.py:840} INFO - DAG(s) 'example_setup_teardown' retrieved from /home/airflow/.local/lib/python3.12/site-packages/airflow/example_dags/example_setup_teardown.py
[2025-07-22T09:01:20.408+0000] {logging_mixin.py:188} INFO - [2025-07-22T09:01:20.408+0000] {dag.py:3096} INFO - Sync 1 DAGs
[2025-07-22T09:01:20.432+0000] {logging_mixin.py:188} INFO - [2025-07-22T09:01:20.432+0000] {dag.py:3954} INFO - Setting next_dagrun for example_setup_teardown to 2025-07-21 00:00:00+00:00, run_after=2025-07-22 00:00:00+00:00
[2025-07-22T09:01:20.453+0000] {processor.py:183} INFO - Processing /home/airflow/.local/lib/python3.12/site-packages/airflow/example_dags/example_setup_teardown.py took 0.085 seconds
[2025-07-22T09:01:50.652+0000] {processor.py:161} INFO - Started process (PID=1220) to work on /home/airflow/.local/lib/python3.12/site-packages/airflow/example_dags/example_setup_teardown.py
[2025-07-22T09:01:50.654+0000] {processor.py:830} INFO - Processing file /home/airflow/.local/lib/python3.12/site-packages/airflow/example_dags/example_setup_teardown.py for tasks to queue
[2025-07-22T09:01:50.656+0000] {logging_mixin.py:188} INFO - [2025-07-22T09:01:50.656+0000] {dagbag.py:545} INFO - Filling up the DagBag from /home/airflow/.local/lib/python3.12/site-packages/airflow/example_dags/example_setup_teardown.py
[2025-07-22T09:01:50.663+0000] {processor.py:840} INFO - DAG(s) 'example_setup_teardown' retrieved from /home/airflow/.local/lib/python3.12/site-packages/airflow/example_dags/example_setup_teardown.py
[2025-07-22T09:01:50.687+0000] {logging_mixin.py:188} INFO - [2025-07-22T09:01:50.686+0000] {dag.py:3096} INFO - Sync 1 DAGs
[2025-07-22T09:01:50.710+0000] {logging_mixin.py:188} INFO - [2025-07-22T09:01:50.709+0000] {dag.py:3954} INFO - Setting next_dagrun for example_setup_teardown to 2025-07-21 00:00:00+00:00, run_after=2025-07-22 00:00:00+00:00
[2025-07-22T09:01:50.730+0000] {processor.py:183} INFO - Processing /home/airflow/.local/lib/python3.12/site-packages/airflow/example_dags/example_setup_teardown.py took 0.084 seconds
[2025-07-22T09:02:20.856+0000] {processor.py:161} INFO - Started process (PID=1280) to work on /home/airflow/.local/lib/python3.12/site-packages/airflow/example_dags/example_setup_teardown.py
[2025-07-22T09:02:20.857+0000] {processor.py:830} INFO - Processing file /home/airflow/.local/lib/python3.12/site-packages/airflow/example_dags/example_setup_teardown.py for tasks to queue
[2025-07-22T09:02:20.859+0000] {logging_mixin.py:188} INFO - [2025-07-22T09:02:20.859+0000] {dagbag.py:545} INFO - Filling up the DagBag from /home/airflow/.local/lib/python3.12/site-packages/airflow/example_dags/example_setup_teardown.py
[2025-07-22T09:02:20.867+0000] {processor.py:840} INFO - DAG(s) 'example_setup_teardown' retrieved from /home/airflow/.local/lib/python3.12/site-packages/airflow/example_dags/example_setup_teardown.py
[2025-07-22T09:02:20.896+0000] {logging_mixin.py:188} INFO - [2025-07-22T09:02:20.895+0000] {dag.py:3096} INFO - Sync 1 DAGs
[2025-07-22T09:02:20.923+0000] {logging_mixin.py:188} INFO - [2025-07-22T09:02:20.923+0000] {dag.py:3954} INFO - Setting next_dagrun for example_setup_teardown to 2025-07-21 00:00:00+00:00, run_after=2025-07-22 00:00:00+00:00
[2025-07-22T09:02:20.947+0000] {processor.py:183} INFO - Processing /home/airflow/.local/lib/python3.12/site-packages/airflow/example_dags/example_setup_teardown.py took 0.098 seconds
[2025-07-22T09:02:51.473+0000] {processor.py:161} INFO - Started process (PID=1340) to work on /home/airflow/.local/lib/python3.12/site-packages/airflow/example_dags/example_setup_teardown.py
[2025-07-22T09:02:51.474+0000] {processor.py:830} INFO - Processing file /home/airflow/.local/lib/python3.12/site-packages/airflow/example_dags/example_setup_teardown.py for tasks to queue
[2025-07-22T09:02:51.476+0000] {logging_mixin.py:188} INFO - [2025-07-22T09:02:51.476+0000] {dagbag.py:545} INFO - Filling up the DagBag from /home/airflow/.local/lib/python3.12/site-packages/airflow/example_dags/example_setup_teardown.py
[2025-07-22T09:02:51.483+0000] {processor.py:840} INFO - DAG(s) 'example_setup_teardown' retrieved from /home/airflow/.local/lib/python3.12/site-packages/airflow/example_dags/example_setup_teardown.py
[2025-07-22T09:02:51.510+0000] {logging_mixin.py:188} INFO - [2025-07-22T09:02:51.510+0000] {dag.py:3096} INFO - Sync 1 DAGs
[2025-07-22T09:02:51.535+0000] {logging_mixin.py:188} INFO - [2025-07-22T09:02:51.535+0000] {dag.py:3954} INFO - Setting next_dagrun for example_setup_teardown to 2025-07-21 00:00:00+00:00, run_after=2025-07-22 00:00:00+00:00
[2025-07-22T09:02:51.567+0000] {processor.py:183} INFO - Processing /home/airflow/.local/lib/python3.12/site-packages/airflow/example_dags/example_setup_teardown.py took 0.101 seconds
[2025-07-22T09:03:21.889+0000] {processor.py:161} INFO - Started process (PID=1400) to work on /home/airflow/.local/lib/python3.12/site-packages/airflow/example_dags/example_setup_teardown.py
[2025-07-22T09:03:21.891+0000] {processor.py:830} INFO - Processing file /home/airflow/.local/lib/python3.12/site-packages/airflow/example_dags/example_setup_teardown.py for tasks to queue
[2025-07-22T09:03:21.893+0000] {logging_mixin.py:188} INFO - [2025-07-22T09:03:21.892+0000] {dagbag.py:545} INFO - Filling up the DagBag from /home/airflow/.local/lib/python3.12/site-packages/airflow/example_dags/example_setup_teardown.py
[2025-07-22T09:03:21.900+0000] {processor.py:840} INFO - DAG(s) 'example_setup_teardown' retrieved from /home/airflow/.local/lib/python3.12/site-packages/airflow/example_dags/example_setup_teardown.py
[2025-07-22T09:03:21.924+0000] {logging_mixin.py:188} INFO - [2025-07-22T09:03:21.924+0000] {dag.py:3096} INFO - Sync 1 DAGs
[2025-07-22T09:03:21.949+0000] {logging_mixin.py:188} INFO - [2025-07-22T09:03:21.949+0000] {dag.py:3954} INFO - Setting next_dagrun for example_setup_teardown to 2025-07-21 00:00:00+00:00, run_after=2025-07-22 00:00:00+00:00
[2025-07-22T09:03:21.973+0000] {processor.py:183} INFO - Processing /home/airflow/.local/lib/python3.12/site-packages/airflow/example_dags/example_setup_teardown.py took 0.090 seconds
[2025-07-22T09:03:52.104+0000] {processor.py:161} INFO - Started process (PID=1460) to work on /home/airflow/.local/lib/python3.12/site-packages/airflow/example_dags/example_setup_teardown.py
[2025-07-22T09:03:52.105+0000] {processor.py:830} INFO - Processing file /home/airflow/.local/lib/python3.12/site-packages/airflow/example_dags/example_setup_teardown.py for tasks to queue
[2025-07-22T09:03:52.108+0000] {logging_mixin.py:188} INFO - [2025-07-22T09:03:52.107+0000] {dagbag.py:545} INFO - Filling up the DagBag from /home/airflow/.local/lib/python3.12/site-packages/airflow/example_dags/example_setup_teardown.py
[2025-07-22T09:03:52.116+0000] {processor.py:840} INFO - DAG(s) 'example_setup_teardown' retrieved from /home/airflow/.local/lib/python3.12/site-packages/airflow/example_dags/example_setup_teardown.py
[2025-07-22T09:03:52.138+0000] {logging_mixin.py:188} INFO - [2025-07-22T09:03:52.138+0000] {dag.py:3096} INFO - Sync 1 DAGs
[2025-07-22T09:03:52.162+0000] {logging_mixin.py:188} INFO - [2025-07-22T09:03:52.162+0000] {dag.py:3954} INFO - Setting next_dagrun for example_setup_teardown to 2025-07-21 00:00:00+00:00, run_after=2025-07-22 00:00:00+00:00
[2025-07-22T09:03:52.184+0000] {processor.py:183} INFO - Processing /home/airflow/.local/lib/python3.12/site-packages/airflow/example_dags/example_setup_teardown.py took 0.088 seconds
[2025-07-22T09:04:22.833+0000] {processor.py:161} INFO - Started process (PID=1520) to work on /home/airflow/.local/lib/python3.12/site-packages/airflow/example_dags/example_setup_teardown.py
[2025-07-22T09:04:22.836+0000] {processor.py:830} INFO - Processing file /home/airflow/.local/lib/python3.12/site-packages/airflow/example_dags/example_setup_teardown.py for tasks to queue
[2025-07-22T09:04:22.839+0000] {logging_mixin.py:188} INFO - [2025-07-22T09:04:22.839+0000] {dagbag.py:545} INFO - Filling up the DagBag from /home/airflow/.local/lib/python3.12/site-packages/airflow/example_dags/example_setup_teardown.py
[2025-07-22T09:04:22.850+0000] {processor.py:840} INFO - DAG(s) 'example_setup_teardown' retrieved from /home/airflow/.local/lib/python3.12/site-packages/airflow/example_dags/example_setup_teardown.py
[2025-07-22T09:04:22.884+0000] {logging_mixin.py:188} INFO - [2025-07-22T09:04:22.884+0000] {dag.py:3096} INFO - Sync 1 DAGs
[2025-07-22T09:04:22.924+0000] {logging_mixin.py:188} INFO - [2025-07-22T09:04:22.924+0000] {dag.py:3954} INFO - Setting next_dagrun for example_setup_teardown to 2025-07-21 00:00:00+00:00, run_after=2025-07-22 00:00:00+00:00
[2025-07-22T09:04:22.964+0000] {processor.py:183} INFO - Processing /home/airflow/.local/lib/python3.12/site-packages/airflow/example_dags/example_setup_teardown.py took 0.140 seconds
[2025-07-22T09:04:53.207+0000] {processor.py:161} INFO - Started process (PID=1580) to work on /home/airflow/.local/lib/python3.12/site-packages/airflow/example_dags/example_setup_teardown.py
[2025-07-22T09:04:53.208+0000] {processor.py:830} INFO - Processing file /home/airflow/.local/lib/python3.12/site-packages/airflow/example_dags/example_setup_teardown.py for tasks to queue
[2025-07-22T09:04:53.211+0000] {logging_mixin.py:188} INFO - [2025-07-22T09:04:53.210+0000] {dagbag.py:545} INFO - Filling up the DagBag from /home/airflow/.local/lib/python3.12/site-packages/airflow/example_dags/example_setup_teardown.py
[2025-07-22T09:04:53.218+0000] {processor.py:840} INFO - DAG(s) 'example_setup_teardown' retrieved from /home/airflow/.local/lib/python3.12/site-packages/airflow/example_dags/example_setup_teardown.py
[2025-07-22T09:04:53.243+0000] {logging_mixin.py:188} INFO - [2025-07-22T09:04:53.243+0000] {dag.py:3096} INFO - Sync 1 DAGs
[2025-07-22T09:04:53.269+0000] {logging_mixin.py:188} INFO - [2025-07-22T09:04:53.268+0000] {dag.py:3954} INFO - Setting next_dagrun for example_setup_teardown to 2025-07-21 00:00:00+00:00, run_after=2025-07-22 00:00:00+00:00
[2025-07-22T09:04:53.293+0000] {processor.py:183} INFO - Processing /home/airflow/.local/lib/python3.12/site-packages/airflow/example_dags/example_setup_teardown.py took 0.092 seconds
[2025-07-22T09:05:24.255+0000] {processor.py:161} INFO - Started process (PID=1640) to work on /home/airflow/.local/lib/python3.12/site-packages/airflow/example_dags/example_setup_teardown.py
[2025-07-22T09:05:24.256+0000] {processor.py:830} INFO - Processing file /home/airflow/.local/lib/python3.12/site-packages/airflow/example_dags/example_setup_teardown.py for tasks to queue
[2025-07-22T09:05:24.259+0000] {logging_mixin.py:188} INFO - [2025-07-22T09:05:24.258+0000] {dagbag.py:545} INFO - Filling up the DagBag from /home/airflow/.local/lib/python3.12/site-packages/airflow/example_dags/example_setup_teardown.py
[2025-07-22T09:05:24.266+0000] {processor.py:840} INFO - DAG(s) 'example_setup_teardown' retrieved from /home/airflow/.local/lib/python3.12/site-packages/airflow/example_dags/example_setup_teardown.py
[2025-07-22T09:05:24.293+0000] {logging_mixin.py:188} INFO - [2025-07-22T09:05:24.293+0000] {dag.py:3096} INFO - Sync 1 DAGs
[2025-07-22T09:05:24.323+0000] {logging_mixin.py:188} INFO - [2025-07-22T09:05:24.322+0000] {dag.py:3954} INFO - Setting next_dagrun for example_setup_teardown to 2025-07-21 00:00:00+00:00, run_after=2025-07-22 00:00:00+00:00
[2025-07-22T09:05:24.346+0000] {processor.py:183} INFO - Processing /home/airflow/.local/lib/python3.12/site-packages/airflow/example_dags/example_setup_teardown.py took 0.098 seconds
[2025-07-22T09:05:54.445+0000] {processor.py:161} INFO - Started process (PID=1700) to work on /home/airflow/.local/lib/python3.12/site-packages/airflow/example_dags/example_setup_teardown.py
[2025-07-22T09:05:54.447+0000] {processor.py:830} INFO - Processing file /home/airflow/.local/lib/python3.12/site-packages/airflow/example_dags/example_setup_teardown.py for tasks to queue
[2025-07-22T09:05:54.449+0000] {logging_mixin.py:188} INFO - [2025-07-22T09:05:54.449+0000] {dagbag.py:545} INFO - Filling up the DagBag from /home/airflow/.local/lib/python3.12/site-packages/airflow/example_dags/example_setup_teardown.py
[2025-07-22T09:05:54.458+0000] {processor.py:840} INFO - DAG(s) 'example_setup_teardown' retrieved from /home/airflow/.local/lib/python3.12/site-packages/airflow/example_dags/example_setup_teardown.py
[2025-07-22T09:05:54.485+0000] {logging_mixin.py:188} INFO - [2025-07-22T09:05:54.484+0000] {dag.py:3096} INFO - Sync 1 DAGs
[2025-07-22T09:05:54.516+0000] {logging_mixin.py:188} INFO - [2025-07-22T09:05:54.515+0000] {dag.py:3954} INFO - Setting next_dagrun for example_setup_teardown to 2025-07-21 00:00:00+00:00, run_after=2025-07-22 00:00:00+00:00
[2025-07-22T09:05:54.541+0000] {processor.py:183} INFO - Processing /home/airflow/.local/lib/python3.12/site-packages/airflow/example_dags/example_setup_teardown.py took 0.103 seconds
[2025-07-22T09:06:24.993+0000] {processor.py:161} INFO - Started process (PID=1760) to work on /home/airflow/.local/lib/python3.12/site-packages/airflow/example_dags/example_setup_teardown.py
[2025-07-22T09:06:24.994+0000] {processor.py:830} INFO - Processing file /home/airflow/.local/lib/python3.12/site-packages/airflow/example_dags/example_setup_teardown.py for tasks to queue
[2025-07-22T09:06:24.996+0000] {logging_mixin.py:188} INFO - [2025-07-22T09:06:24.996+0000] {dagbag.py:545} INFO - Filling up the DagBag from /home/airflow/.local/lib/python3.12/site-packages/airflow/example_dags/example_setup_teardown.py
[2025-07-22T09:06:25.004+0000] {processor.py:840} INFO - DAG(s) 'example_setup_teardown' retrieved from /home/airflow/.local/lib/python3.12/site-packages/airflow/example_dags/example_setup_teardown.py
[2025-07-22T09:06:25.029+0000] {logging_mixin.py:188} INFO - [2025-07-22T09:06:25.029+0000] {dag.py:3096} INFO - Sync 1 DAGs
[2025-07-22T09:06:25.053+0000] {logging_mixin.py:188} INFO - [2025-07-22T09:06:25.053+0000] {dag.py:3954} INFO - Setting next_dagrun for example_setup_teardown to 2025-07-21 00:00:00+00:00, run_after=2025-07-22 00:00:00+00:00
[2025-07-22T09:06:25.081+0000] {processor.py:183} INFO - Processing /home/airflow/.local/lib/python3.12/site-packages/airflow/example_dags/example_setup_teardown.py took 0.095 seconds
[2025-07-22T09:06:55.236+0000] {processor.py:161} INFO - Started process (PID=1820) to work on /home/airflow/.local/lib/python3.12/site-packages/airflow/example_dags/example_setup_teardown.py
[2025-07-22T09:06:55.239+0000] {processor.py:830} INFO - Processing file /home/airflow/.local/lib/python3.12/site-packages/airflow/example_dags/example_setup_teardown.py for tasks to queue
[2025-07-22T09:06:55.242+0000] {logging_mixin.py:188} INFO - [2025-07-22T09:06:55.241+0000] {dagbag.py:545} INFO - Filling up the DagBag from /home/airflow/.local/lib/python3.12/site-packages/airflow/example_dags/example_setup_teardown.py
[2025-07-22T09:06:55.254+0000] {processor.py:840} INFO - DAG(s) 'example_setup_teardown' retrieved from /home/airflow/.local/lib/python3.12/site-packages/airflow/example_dags/example_setup_teardown.py
[2025-07-22T09:06:55.289+0000] {logging_mixin.py:188} INFO - [2025-07-22T09:06:55.288+0000] {dag.py:3096} INFO - Sync 1 DAGs
[2025-07-22T09:06:55.338+0000] {logging_mixin.py:188} INFO - [2025-07-22T09:06:55.337+0000] {dag.py:3954} INFO - Setting next_dagrun for example_setup_teardown to 2025-07-21 00:00:00+00:00, run_after=2025-07-22 00:00:00+00:00
[2025-07-22T09:06:55.381+0000] {processor.py:183} INFO - Processing /home/airflow/.local/lib/python3.12/site-packages/airflow/example_dags/example_setup_teardown.py took 0.154 seconds
[2025-07-22T09:07:25.571+0000] {processor.py:161} INFO - Started process (PID=1880) to work on /home/airflow/.local/lib/python3.12/site-packages/airflow/example_dags/example_setup_teardown.py
[2025-07-22T09:07:25.575+0000] {processor.py:830} INFO - Processing file /home/airflow/.local/lib/python3.12/site-packages/airflow/example_dags/example_setup_teardown.py for tasks to queue
[2025-07-22T09:07:25.580+0000] {logging_mixin.py:188} INFO - [2025-07-22T09:07:25.579+0000] {dagbag.py:545} INFO - Filling up the DagBag from /home/airflow/.local/lib/python3.12/site-packages/airflow/example_dags/example_setup_teardown.py
[2025-07-22T09:07:25.611+0000] {processor.py:840} INFO - DAG(s) 'example_setup_teardown' retrieved from /home/airflow/.local/lib/python3.12/site-packages/airflow/example_dags/example_setup_teardown.py
[2025-07-22T09:07:25.702+0000] {logging_mixin.py:188} INFO - [2025-07-22T09:07:25.699+0000] {dag.py:3096} INFO - Sync 1 DAGs
[2025-07-22T09:07:25.815+0000] {logging_mixin.py:188} INFO - [2025-07-22T09:07:25.814+0000] {dag.py:3954} INFO - Setting next_dagrun for example_setup_teardown to 2025-07-21 00:00:00+00:00, run_after=2025-07-22 00:00:00+00:00
[2025-07-22T09:07:25.872+0000] {processor.py:183} INFO - Processing /home/airflow/.local/lib/python3.12/site-packages/airflow/example_dags/example_setup_teardown.py took 0.320 seconds
[2025-07-22T09:07:56.480+0000] {processor.py:161} INFO - Started process (PID=1940) to work on /home/airflow/.local/lib/python3.12/site-packages/airflow/example_dags/example_setup_teardown.py
[2025-07-22T09:07:56.482+0000] {processor.py:830} INFO - Processing file /home/airflow/.local/lib/python3.12/site-packages/airflow/example_dags/example_setup_teardown.py for tasks to queue
[2025-07-22T09:07:56.484+0000] {logging_mixin.py:188} INFO - [2025-07-22T09:07:56.484+0000] {dagbag.py:545} INFO - Filling up the DagBag from /home/airflow/.local/lib/python3.12/site-packages/airflow/example_dags/example_setup_teardown.py
[2025-07-22T09:07:56.492+0000] {processor.py:840} INFO - DAG(s) 'example_setup_teardown' retrieved from /home/airflow/.local/lib/python3.12/site-packages/airflow/example_dags/example_setup_teardown.py
[2025-07-22T09:07:56.515+0000] {logging_mixin.py:188} INFO - [2025-07-22T09:07:56.514+0000] {dag.py:3096} INFO - Sync 1 DAGs
[2025-07-22T09:07:56.540+0000] {logging_mixin.py:188} INFO - [2025-07-22T09:07:56.539+0000] {dag.py:3954} INFO - Setting next_dagrun for example_setup_teardown to 2025-07-21 00:00:00+00:00, run_after=2025-07-22 00:00:00+00:00
[2025-07-22T09:07:56.566+0000] {processor.py:183} INFO - Processing /home/airflow/.local/lib/python3.12/site-packages/airflow/example_dags/example_setup_teardown.py took 0.092 seconds
[2025-07-22T09:08:27.202+0000] {processor.py:161} INFO - Started process (PID=2000) to work on /home/airflow/.local/lib/python3.12/site-packages/airflow/example_dags/example_setup_teardown.py
[2025-07-22T09:08:27.204+0000] {processor.py:830} INFO - Processing file /home/airflow/.local/lib/python3.12/site-packages/airflow/example_dags/example_setup_teardown.py for tasks to queue
[2025-07-22T09:08:27.206+0000] {logging_mixin.py:188} INFO - [2025-07-22T09:08:27.206+0000] {dagbag.py:545} INFO - Filling up the DagBag from /home/airflow/.local/lib/python3.12/site-packages/airflow/example_dags/example_setup_teardown.py
[2025-07-22T09:08:27.215+0000] {processor.py:840} INFO - DAG(s) 'example_setup_teardown' retrieved from /home/airflow/.local/lib/python3.12/site-packages/airflow/example_dags/example_setup_teardown.py
[2025-07-22T09:08:27.243+0000] {logging_mixin.py:188} INFO - [2025-07-22T09:08:27.243+0000] {dag.py:3096} INFO - Sync 1 DAGs
[2025-07-22T09:08:27.272+0000] {logging_mixin.py:188} INFO - [2025-07-22T09:08:27.271+0000] {dag.py:3954} INFO - Setting next_dagrun for example_setup_teardown to 2025-07-21 00:00:00+00:00, run_after=2025-07-22 00:00:00+00:00
[2025-07-22T09:08:27.296+0000] {processor.py:183} INFO - Processing /home/airflow/.local/lib/python3.12/site-packages/airflow/example_dags/example_setup_teardown.py took 0.102 seconds
[2025-07-22T09:08:57.361+0000] {processor.py:161} INFO - Started process (PID=2060) to work on /home/airflow/.local/lib/python3.12/site-packages/airflow/example_dags/example_setup_teardown.py
[2025-07-22T09:08:57.363+0000] {processor.py:830} INFO - Processing file /home/airflow/.local/lib/python3.12/site-packages/airflow/example_dags/example_setup_teardown.py for tasks to queue
[2025-07-22T09:08:57.366+0000] {logging_mixin.py:188} INFO - [2025-07-22T09:08:57.365+0000] {dagbag.py:545} INFO - Filling up the DagBag from /home/airflow/.local/lib/python3.12/site-packages/airflow/example_dags/example_setup_teardown.py
[2025-07-22T09:08:57.375+0000] {processor.py:840} INFO - DAG(s) 'example_setup_teardown' retrieved from /home/airflow/.local/lib/python3.12/site-packages/airflow/example_dags/example_setup_teardown.py
[2025-07-22T09:08:57.401+0000] {logging_mixin.py:188} INFO - [2025-07-22T09:08:57.401+0000] {dag.py:3096} INFO - Sync 1 DAGs
[2025-07-22T09:08:57.429+0000] {logging_mixin.py:188} INFO - [2025-07-22T09:08:57.429+0000] {dag.py:3954} INFO - Setting next_dagrun for example_setup_teardown to 2025-07-21 00:00:00+00:00, run_after=2025-07-22 00:00:00+00:00
[2025-07-22T09:08:57.455+0000] {processor.py:183} INFO - Processing /home/airflow/.local/lib/python3.12/site-packages/airflow/example_dags/example_setup_teardown.py took 0.101 seconds
[2025-07-22T09:09:28.673+0000] {processor.py:161} INFO - Started process (PID=2120) to work on /home/airflow/.local/lib/python3.12/site-packages/airflow/example_dags/example_setup_teardown.py
[2025-07-22T09:09:28.674+0000] {processor.py:830} INFO - Processing file /home/airflow/.local/lib/python3.12/site-packages/airflow/example_dags/example_setup_teardown.py for tasks to queue
[2025-07-22T09:09:28.676+0000] {logging_mixin.py:188} INFO - [2025-07-22T09:09:28.676+0000] {dagbag.py:545} INFO - Filling up the DagBag from /home/airflow/.local/lib/python3.12/site-packages/airflow/example_dags/example_setup_teardown.py
[2025-07-22T09:09:28.683+0000] {processor.py:840} INFO - DAG(s) 'example_setup_teardown' retrieved from /home/airflow/.local/lib/python3.12/site-packages/airflow/example_dags/example_setup_teardown.py
[2025-07-22T09:09:28.707+0000] {logging_mixin.py:188} INFO - [2025-07-22T09:09:28.706+0000] {dag.py:3096} INFO - Sync 1 DAGs
[2025-07-22T09:09:28.730+0000] {logging_mixin.py:188} INFO - [2025-07-22T09:09:28.730+0000] {dag.py:3954} INFO - Setting next_dagrun for example_setup_teardown to 2025-07-21 00:00:00+00:00, run_after=2025-07-22 00:00:00+00:00
[2025-07-22T09:09:28.752+0000] {processor.py:183} INFO - Processing /home/airflow/.local/lib/python3.12/site-packages/airflow/example_dags/example_setup_teardown.py took 0.085 seconds
[2025-07-22T09:09:59.262+0000] {processor.py:161} INFO - Started process (PID=2180) to work on /home/airflow/.local/lib/python3.12/site-packages/airflow/example_dags/example_setup_teardown.py
[2025-07-22T09:09:59.264+0000] {processor.py:830} INFO - Processing file /home/airflow/.local/lib/python3.12/site-packages/airflow/example_dags/example_setup_teardown.py for tasks to queue
[2025-07-22T09:09:59.266+0000] {logging_mixin.py:188} INFO - [2025-07-22T09:09:59.266+0000] {dagbag.py:545} INFO - Filling up the DagBag from /home/airflow/.local/lib/python3.12/site-packages/airflow/example_dags/example_setup_teardown.py
[2025-07-22T09:09:59.275+0000] {processor.py:840} INFO - DAG(s) 'example_setup_teardown' retrieved from /home/airflow/.local/lib/python3.12/site-packages/airflow/example_dags/example_setup_teardown.py
[2025-07-22T09:09:59.300+0000] {logging_mixin.py:188} INFO - [2025-07-22T09:09:59.300+0000] {dag.py:3096} INFO - Sync 1 DAGs
[2025-07-22T09:09:59.324+0000] {logging_mixin.py:188} INFO - [2025-07-22T09:09:59.323+0000] {dag.py:3954} INFO - Setting next_dagrun for example_setup_teardown to 2025-07-21 00:00:00+00:00, run_after=2025-07-22 00:00:00+00:00
[2025-07-22T09:09:59.478+0000] {processor.py:183} INFO - Processing /home/airflow/.local/lib/python3.12/site-packages/airflow/example_dags/example_setup_teardown.py took 0.224 seconds
[2025-07-22T09:10:30.021+0000] {processor.py:161} INFO - Started process (PID=2240) to work on /home/airflow/.local/lib/python3.12/site-packages/airflow/example_dags/example_setup_teardown.py
[2025-07-22T09:10:30.022+0000] {processor.py:830} INFO - Processing file /home/airflow/.local/lib/python3.12/site-packages/airflow/example_dags/example_setup_teardown.py for tasks to queue
[2025-07-22T09:10:30.024+0000] {logging_mixin.py:188} INFO - [2025-07-22T09:10:30.024+0000] {dagbag.py:545} INFO - Filling up the DagBag from /home/airflow/.local/lib/python3.12/site-packages/airflow/example_dags/example_setup_teardown.py
[2025-07-22T09:10:30.033+0000] {processor.py:840} INFO - DAG(s) 'example_setup_teardown' retrieved from /home/airflow/.local/lib/python3.12/site-packages/airflow/example_dags/example_setup_teardown.py
[2025-07-22T09:10:30.056+0000] {logging_mixin.py:188} INFO - [2025-07-22T09:10:30.055+0000] {dag.py:3096} INFO - Sync 1 DAGs
[2025-07-22T09:10:30.081+0000] {logging_mixin.py:188} INFO - [2025-07-22T09:10:30.081+0000] {dag.py:3954} INFO - Setting next_dagrun for example_setup_teardown to 2025-07-21 00:00:00+00:00, run_after=2025-07-22 00:00:00+00:00
[2025-07-22T09:10:30.102+0000] {processor.py:183} INFO - Processing /home/airflow/.local/lib/python3.12/site-packages/airflow/example_dags/example_setup_teardown.py took 0.088 seconds
[2025-07-22T09:11:00.424+0000] {processor.py:161} INFO - Started process (PID=2300) to work on /home/airflow/.local/lib/python3.12/site-packages/airflow/example_dags/example_setup_teardown.py
[2025-07-22T09:11:00.426+0000] {processor.py:830} INFO - Processing file /home/airflow/.local/lib/python3.12/site-packages/airflow/example_dags/example_setup_teardown.py for tasks to queue
[2025-07-22T09:11:00.428+0000] {logging_mixin.py:188} INFO - [2025-07-22T09:11:00.428+0000] {dagbag.py:545} INFO - Filling up the DagBag from /home/airflow/.local/lib/python3.12/site-packages/airflow/example_dags/example_setup_teardown.py
[2025-07-22T09:11:00.436+0000] {processor.py:840} INFO - DAG(s) 'example_setup_teardown' retrieved from /home/airflow/.local/lib/python3.12/site-packages/airflow/example_dags/example_setup_teardown.py
[2025-07-22T09:11:00.460+0000] {logging_mixin.py:188} INFO - [2025-07-22T09:11:00.459+0000] {dag.py:3096} INFO - Sync 1 DAGs
[2025-07-22T09:11:00.494+0000] {logging_mixin.py:188} INFO - [2025-07-22T09:11:00.494+0000] {dag.py:3954} INFO - Setting next_dagrun for example_setup_teardown to 2025-07-21 00:00:00+00:00, run_after=2025-07-22 00:00:00+00:00
[2025-07-22T09:11:00.526+0000] {processor.py:183} INFO - Processing /home/airflow/.local/lib/python3.12/site-packages/airflow/example_dags/example_setup_teardown.py took 0.108 seconds
[2025-07-22T09:11:31.144+0000] {processor.py:161} INFO - Started process (PID=2360) to work on /home/airflow/.local/lib/python3.12/site-packages/airflow/example_dags/example_setup_teardown.py
[2025-07-22T09:11:31.145+0000] {processor.py:830} INFO - Processing file /home/airflow/.local/lib/python3.12/site-packages/airflow/example_dags/example_setup_teardown.py for tasks to queue
[2025-07-22T09:11:31.148+0000] {logging_mixin.py:188} INFO - [2025-07-22T09:11:31.147+0000] {dagbag.py:545} INFO - Filling up the DagBag from /home/airflow/.local/lib/python3.12/site-packages/airflow/example_dags/example_setup_teardown.py
[2025-07-22T09:11:31.156+0000] {processor.py:840} INFO - DAG(s) 'example_setup_teardown' retrieved from /home/airflow/.local/lib/python3.12/site-packages/airflow/example_dags/example_setup_teardown.py
[2025-07-22T09:11:31.181+0000] {logging_mixin.py:188} INFO - [2025-07-22T09:11:31.181+0000] {dag.py:3096} INFO - Sync 1 DAGs
[2025-07-22T09:11:31.208+0000] {logging_mixin.py:188} INFO - [2025-07-22T09:11:31.208+0000] {dag.py:3954} INFO - Setting next_dagrun for example_setup_teardown to 2025-07-21 00:00:00+00:00, run_after=2025-07-22 00:00:00+00:00
[2025-07-22T09:11:31.231+0000] {processor.py:183} INFO - Processing /home/airflow/.local/lib/python3.12/site-packages/airflow/example_dags/example_setup_teardown.py took 0.094 seconds
[2025-07-22T09:12:02.032+0000] {processor.py:161} INFO - Started process (PID=2420) to work on /home/airflow/.local/lib/python3.12/site-packages/airflow/example_dags/example_setup_teardown.py
[2025-07-22T09:12:02.034+0000] {processor.py:830} INFO - Processing file /home/airflow/.local/lib/python3.12/site-packages/airflow/example_dags/example_setup_teardown.py for tasks to queue
[2025-07-22T09:12:02.037+0000] {logging_mixin.py:188} INFO - [2025-07-22T09:12:02.036+0000] {dagbag.py:545} INFO - Filling up the DagBag from /home/airflow/.local/lib/python3.12/site-packages/airflow/example_dags/example_setup_teardown.py
[2025-07-22T09:12:02.047+0000] {processor.py:840} INFO - DAG(s) 'example_setup_teardown' retrieved from /home/airflow/.local/lib/python3.12/site-packages/airflow/example_dags/example_setup_teardown.py
[2025-07-22T09:12:02.091+0000] {logging_mixin.py:188} INFO - [2025-07-22T09:12:02.090+0000] {dag.py:3096} INFO - Sync 1 DAGs
[2025-07-22T09:12:02.131+0000] {logging_mixin.py:188} INFO - [2025-07-22T09:12:02.131+0000] {dag.py:3954} INFO - Setting next_dagrun for example_setup_teardown to 2025-07-21 00:00:00+00:00, run_after=2025-07-22 00:00:00+00:00
[2025-07-22T09:12:02.165+0000] {processor.py:183} INFO - Processing /home/airflow/.local/lib/python3.12/site-packages/airflow/example_dags/example_setup_teardown.py took 0.143 seconds
[2025-07-22T09:12:33.207+0000] {processor.py:161} INFO - Started process (PID=2480) to work on /home/airflow/.local/lib/python3.12/site-packages/airflow/example_dags/example_setup_teardown.py
[2025-07-22T09:12:33.208+0000] {processor.py:830} INFO - Processing file /home/airflow/.local/lib/python3.12/site-packages/airflow/example_dags/example_setup_teardown.py for tasks to queue
[2025-07-22T09:12:33.213+0000] {logging_mixin.py:188} INFO - [2025-07-22T09:12:33.212+0000] {dagbag.py:545} INFO - Filling up the DagBag from /home/airflow/.local/lib/python3.12/site-packages/airflow/example_dags/example_setup_teardown.py
[2025-07-22T09:12:33.225+0000] {processor.py:840} INFO - DAG(s) 'example_setup_teardown' retrieved from /home/airflow/.local/lib/python3.12/site-packages/airflow/example_dags/example_setup_teardown.py
[2025-07-22T09:12:33.254+0000] {logging_mixin.py:188} INFO - [2025-07-22T09:12:33.254+0000] {dag.py:3096} INFO - Sync 1 DAGs
[2025-07-22T09:12:33.287+0000] {logging_mixin.py:188} INFO - [2025-07-22T09:12:33.287+0000] {dag.py:3954} INFO - Setting next_dagrun for example_setup_teardown to 2025-07-21 00:00:00+00:00, run_after=2025-07-22 00:00:00+00:00
[2025-07-22T09:12:33.319+0000] {processor.py:183} INFO - Processing /home/airflow/.local/lib/python3.12/site-packages/airflow/example_dags/example_setup_teardown.py took 0.120 seconds
[2025-07-22T09:13:03.963+0000] {processor.py:161} INFO - Started process (PID=2540) to work on /home/airflow/.local/lib/python3.12/site-packages/airflow/example_dags/example_setup_teardown.py
[2025-07-22T09:13:03.964+0000] {processor.py:830} INFO - Processing file /home/airflow/.local/lib/python3.12/site-packages/airflow/example_dags/example_setup_teardown.py for tasks to queue
[2025-07-22T09:13:03.967+0000] {logging_mixin.py:188} INFO - [2025-07-22T09:13:03.967+0000] {dagbag.py:545} INFO - Filling up the DagBag from /home/airflow/.local/lib/python3.12/site-packages/airflow/example_dags/example_setup_teardown.py
[2025-07-22T09:13:03.975+0000] {processor.py:840} INFO - DAG(s) 'example_setup_teardown' retrieved from /home/airflow/.local/lib/python3.12/site-packages/airflow/example_dags/example_setup_teardown.py
[2025-07-22T09:13:04.000+0000] {logging_mixin.py:188} INFO - [2025-07-22T09:13:04.000+0000] {dag.py:3096} INFO - Sync 1 DAGs
[2025-07-22T09:13:04.034+0000] {logging_mixin.py:188} INFO - [2025-07-22T09:13:04.034+0000] {dag.py:3954} INFO - Setting next_dagrun for example_setup_teardown to 2025-07-21 00:00:00+00:00, run_after=2025-07-22 00:00:00+00:00
[2025-07-22T09:13:04.062+0000] {processor.py:183} INFO - Processing /home/airflow/.local/lib/python3.12/site-packages/airflow/example_dags/example_setup_teardown.py took 0.107 seconds
[2025-07-22T09:13:34.414+0000] {processor.py:161} INFO - Started process (PID=2606) to work on /home/airflow/.local/lib/python3.12/site-packages/airflow/example_dags/example_setup_teardown.py
[2025-07-22T09:13:34.415+0000] {processor.py:830} INFO - Processing file /home/airflow/.local/lib/python3.12/site-packages/airflow/example_dags/example_setup_teardown.py for tasks to queue
[2025-07-22T09:13:34.417+0000] {logging_mixin.py:188} INFO - [2025-07-22T09:13:34.417+0000] {dagbag.py:545} INFO - Filling up the DagBag from /home/airflow/.local/lib/python3.12/site-packages/airflow/example_dags/example_setup_teardown.py
[2025-07-22T09:13:34.425+0000] {processor.py:840} INFO - DAG(s) 'example_setup_teardown' retrieved from /home/airflow/.local/lib/python3.12/site-packages/airflow/example_dags/example_setup_teardown.py
[2025-07-22T09:13:34.454+0000] {logging_mixin.py:188} INFO - [2025-07-22T09:13:34.454+0000] {dag.py:3096} INFO - Sync 1 DAGs
[2025-07-22T09:13:34.486+0000] {logging_mixin.py:188} INFO - [2025-07-22T09:13:34.486+0000] {dag.py:3954} INFO - Setting next_dagrun for example_setup_teardown to 2025-07-21 00:00:00+00:00, run_after=2025-07-22 00:00:00+00:00
[2025-07-22T09:13:34.510+0000] {processor.py:183} INFO - Processing /home/airflow/.local/lib/python3.12/site-packages/airflow/example_dags/example_setup_teardown.py took 0.104 seconds
[2025-07-22T09:14:04.588+0000] {processor.py:161} INFO - Started process (PID=2667) to work on /home/airflow/.local/lib/python3.12/site-packages/airflow/example_dags/example_setup_teardown.py
[2025-07-22T09:14:04.589+0000] {processor.py:830} INFO - Processing file /home/airflow/.local/lib/python3.12/site-packages/airflow/example_dags/example_setup_teardown.py for tasks to queue
[2025-07-22T09:14:04.592+0000] {logging_mixin.py:188} INFO - [2025-07-22T09:14:04.591+0000] {dagbag.py:545} INFO - Filling up the DagBag from /home/airflow/.local/lib/python3.12/site-packages/airflow/example_dags/example_setup_teardown.py
[2025-07-22T09:14:04.600+0000] {processor.py:840} INFO - DAG(s) 'example_setup_teardown' retrieved from /home/airflow/.local/lib/python3.12/site-packages/airflow/example_dags/example_setup_teardown.py
[2025-07-22T09:14:04.625+0000] {logging_mixin.py:188} INFO - [2025-07-22T09:14:04.625+0000] {dag.py:3096} INFO - Sync 1 DAGs
[2025-07-22T09:14:04.653+0000] {logging_mixin.py:188} INFO - [2025-07-22T09:14:04.652+0000] {dag.py:3954} INFO - Setting next_dagrun for example_setup_teardown to 2025-07-21 00:00:00+00:00, run_after=2025-07-22 00:00:00+00:00
[2025-07-22T09:14:04.675+0000] {processor.py:183} INFO - Processing /home/airflow/.local/lib/python3.12/site-packages/airflow/example_dags/example_setup_teardown.py took 0.096 seconds
[2025-07-22T09:14:34.896+0000] {processor.py:161} INFO - Started process (PID=2727) to work on /home/airflow/.local/lib/python3.12/site-packages/airflow/example_dags/example_setup_teardown.py
[2025-07-22T09:14:34.898+0000] {processor.py:830} INFO - Processing file /home/airflow/.local/lib/python3.12/site-packages/airflow/example_dags/example_setup_teardown.py for tasks to queue
[2025-07-22T09:14:34.900+0000] {logging_mixin.py:188} INFO - [2025-07-22T09:14:34.900+0000] {dagbag.py:545} INFO - Filling up the DagBag from /home/airflow/.local/lib/python3.12/site-packages/airflow/example_dags/example_setup_teardown.py
[2025-07-22T09:14:34.908+0000] {processor.py:840} INFO - DAG(s) 'example_setup_teardown' retrieved from /home/airflow/.local/lib/python3.12/site-packages/airflow/example_dags/example_setup_teardown.py
[2025-07-22T09:14:34.941+0000] {logging_mixin.py:188} INFO - [2025-07-22T09:14:34.941+0000] {dag.py:3096} INFO - Sync 1 DAGs
[2025-07-22T09:14:34.971+0000] {logging_mixin.py:188} INFO - [2025-07-22T09:14:34.971+0000] {dag.py:3954} INFO - Setting next_dagrun for example_setup_teardown to 2025-07-21 00:00:00+00:00, run_after=2025-07-22 00:00:00+00:00
[2025-07-22T09:14:34.995+0000] {processor.py:183} INFO - Processing /home/airflow/.local/lib/python3.12/site-packages/airflow/example_dags/example_setup_teardown.py took 0.108 seconds
[2025-07-22T09:15:05.151+0000] {processor.py:161} INFO - Started process (PID=2787) to work on /home/airflow/.local/lib/python3.12/site-packages/airflow/example_dags/example_setup_teardown.py
[2025-07-22T09:15:05.152+0000] {processor.py:830} INFO - Processing file /home/airflow/.local/lib/python3.12/site-packages/airflow/example_dags/example_setup_teardown.py for tasks to queue
[2025-07-22T09:15:05.154+0000] {logging_mixin.py:188} INFO - [2025-07-22T09:15:05.154+0000] {dagbag.py:545} INFO - Filling up the DagBag from /home/airflow/.local/lib/python3.12/site-packages/airflow/example_dags/example_setup_teardown.py
[2025-07-22T09:15:05.163+0000] {processor.py:840} INFO - DAG(s) 'example_setup_teardown' retrieved from /home/airflow/.local/lib/python3.12/site-packages/airflow/example_dags/example_setup_teardown.py
[2025-07-22T09:15:05.191+0000] {logging_mixin.py:188} INFO - [2025-07-22T09:15:05.190+0000] {dag.py:3096} INFO - Sync 1 DAGs
[2025-07-22T09:15:05.220+0000] {logging_mixin.py:188} INFO - [2025-07-22T09:15:05.219+0000] {dag.py:3954} INFO - Setting next_dagrun for example_setup_teardown to 2025-07-21 00:00:00+00:00, run_after=2025-07-22 00:00:00+00:00
[2025-07-22T09:15:05.244+0000] {processor.py:183} INFO - Processing /home/airflow/.local/lib/python3.12/site-packages/airflow/example_dags/example_setup_teardown.py took 0.101 seconds
[2025-07-22T09:15:35.345+0000] {processor.py:161} INFO - Started process (PID=2845) to work on /home/airflow/.local/lib/python3.12/site-packages/airflow/example_dags/example_setup_teardown.py
[2025-07-22T09:15:35.346+0000] {processor.py:830} INFO - Processing file /home/airflow/.local/lib/python3.12/site-packages/airflow/example_dags/example_setup_teardown.py for tasks to queue
[2025-07-22T09:15:35.349+0000] {logging_mixin.py:188} INFO - [2025-07-22T09:15:35.349+0000] {dagbag.py:545} INFO - Filling up the DagBag from /home/airflow/.local/lib/python3.12/site-packages/airflow/example_dags/example_setup_teardown.py
[2025-07-22T09:15:35.360+0000] {processor.py:840} INFO - DAG(s) 'example_setup_teardown' retrieved from /home/airflow/.local/lib/python3.12/site-packages/airflow/example_dags/example_setup_teardown.py
[2025-07-22T09:15:35.389+0000] {logging_mixin.py:188} INFO - [2025-07-22T09:15:35.389+0000] {dag.py:3096} INFO - Sync 1 DAGs
[2025-07-22T09:15:35.422+0000] {logging_mixin.py:188} INFO - [2025-07-22T09:15:35.421+0000] {dag.py:3954} INFO - Setting next_dagrun for example_setup_teardown to 2025-07-21 00:00:00+00:00, run_after=2025-07-22 00:00:00+00:00
[2025-07-22T09:15:35.444+0000] {processor.py:183} INFO - Processing /home/airflow/.local/lib/python3.12/site-packages/airflow/example_dags/example_setup_teardown.py took 0.107 seconds
[2025-07-22T09:16:05.617+0000] {processor.py:161} INFO - Started process (PID=2905) to work on /home/airflow/.local/lib/python3.12/site-packages/airflow/example_dags/example_setup_teardown.py
[2025-07-22T09:16:05.618+0000] {processor.py:830} INFO - Processing file /home/airflow/.local/lib/python3.12/site-packages/airflow/example_dags/example_setup_teardown.py for tasks to queue
[2025-07-22T09:16:05.620+0000] {logging_mixin.py:188} INFO - [2025-07-22T09:16:05.620+0000] {dagbag.py:545} INFO - Filling up the DagBag from /home/airflow/.local/lib/python3.12/site-packages/airflow/example_dags/example_setup_teardown.py
[2025-07-22T09:16:05.628+0000] {processor.py:840} INFO - DAG(s) 'example_setup_teardown' retrieved from /home/airflow/.local/lib/python3.12/site-packages/airflow/example_dags/example_setup_teardown.py
[2025-07-22T09:16:05.651+0000] {logging_mixin.py:188} INFO - [2025-07-22T09:16:05.650+0000] {dag.py:3096} INFO - Sync 1 DAGs
[2025-07-22T09:16:05.675+0000] {logging_mixin.py:188} INFO - [2025-07-22T09:16:05.675+0000] {dag.py:3954} INFO - Setting next_dagrun for example_setup_teardown to 2025-07-21 00:00:00+00:00, run_after=2025-07-22 00:00:00+00:00
[2025-07-22T09:16:05.700+0000] {processor.py:183} INFO - Processing /home/airflow/.local/lib/python3.12/site-packages/airflow/example_dags/example_setup_teardown.py took 0.090 seconds
[2025-07-22T09:16:35.970+0000] {processor.py:161} INFO - Started process (PID=2965) to work on /home/airflow/.local/lib/python3.12/site-packages/airflow/example_dags/example_setup_teardown.py
[2025-07-22T09:16:35.971+0000] {processor.py:830} INFO - Processing file /home/airflow/.local/lib/python3.12/site-packages/airflow/example_dags/example_setup_teardown.py for tasks to queue
[2025-07-22T09:16:35.974+0000] {logging_mixin.py:188} INFO - [2025-07-22T09:16:35.973+0000] {dagbag.py:545} INFO - Filling up the DagBag from /home/airflow/.local/lib/python3.12/site-packages/airflow/example_dags/example_setup_teardown.py
[2025-07-22T09:16:35.982+0000] {processor.py:840} INFO - DAG(s) 'example_setup_teardown' retrieved from /home/airflow/.local/lib/python3.12/site-packages/airflow/example_dags/example_setup_teardown.py
[2025-07-22T09:16:36.010+0000] {logging_mixin.py:188} INFO - [2025-07-22T09:16:36.010+0000] {dag.py:3096} INFO - Sync 1 DAGs
[2025-07-22T09:16:36.042+0000] {logging_mixin.py:188} INFO - [2025-07-22T09:16:36.042+0000] {dag.py:3954} INFO - Setting next_dagrun for example_setup_teardown to 2025-07-21 00:00:00+00:00, run_after=2025-07-22 00:00:00+00:00
[2025-07-22T09:16:36.068+0000] {processor.py:183} INFO - Processing /home/airflow/.local/lib/python3.12/site-packages/airflow/example_dags/example_setup_teardown.py took 0.105 seconds
[2025-07-22T09:17:06.386+0000] {processor.py:161} INFO - Started process (PID=3025) to work on /home/airflow/.local/lib/python3.12/site-packages/airflow/example_dags/example_setup_teardown.py
[2025-07-22T09:17:06.387+0000] {processor.py:830} INFO - Processing file /home/airflow/.local/lib/python3.12/site-packages/airflow/example_dags/example_setup_teardown.py for tasks to queue
[2025-07-22T09:17:06.394+0000] {logging_mixin.py:188} INFO - [2025-07-22T09:17:06.393+0000] {dagbag.py:545} INFO - Filling up the DagBag from /home/airflow/.local/lib/python3.12/site-packages/airflow/example_dags/example_setup_teardown.py
[2025-07-22T09:17:06.415+0000] {processor.py:840} INFO - DAG(s) 'example_setup_teardown' retrieved from /home/airflow/.local/lib/python3.12/site-packages/airflow/example_dags/example_setup_teardown.py
[2025-07-22T09:17:06.452+0000] {logging_mixin.py:188} INFO - [2025-07-22T09:17:06.451+0000] {dag.py:3096} INFO - Sync 1 DAGs
[2025-07-22T09:17:06.492+0000] {logging_mixin.py:188} INFO - [2025-07-22T09:17:06.491+0000] {dag.py:3954} INFO - Setting next_dagrun for example_setup_teardown to 2025-07-21 00:00:00+00:00, run_after=2025-07-22 00:00:00+00:00
[2025-07-22T09:17:06.530+0000] {processor.py:183} INFO - Processing /home/airflow/.local/lib/python3.12/site-packages/airflow/example_dags/example_setup_teardown.py took 0.155 seconds
[2025-07-22T09:17:36.593+0000] {processor.py:161} INFO - Started process (PID=3085) to work on /home/airflow/.local/lib/python3.12/site-packages/airflow/example_dags/example_setup_teardown.py
[2025-07-22T09:17:36.595+0000] {processor.py:830} INFO - Processing file /home/airflow/.local/lib/python3.12/site-packages/airflow/example_dags/example_setup_teardown.py for tasks to queue
[2025-07-22T09:17:36.597+0000] {logging_mixin.py:188} INFO - [2025-07-22T09:17:36.597+0000] {dagbag.py:545} INFO - Filling up the DagBag from /home/airflow/.local/lib/python3.12/site-packages/airflow/example_dags/example_setup_teardown.py
[2025-07-22T09:17:36.605+0000] {processor.py:840} INFO - DAG(s) 'example_setup_teardown' retrieved from /home/airflow/.local/lib/python3.12/site-packages/airflow/example_dags/example_setup_teardown.py
[2025-07-22T09:17:36.627+0000] {logging_mixin.py:188} INFO - [2025-07-22T09:17:36.627+0000] {dag.py:3096} INFO - Sync 1 DAGs
[2025-07-22T09:17:36.651+0000] {logging_mixin.py:188} INFO - [2025-07-22T09:17:36.651+0000] {dag.py:3954} INFO - Setting next_dagrun for example_setup_teardown to 2025-07-21 00:00:00+00:00, run_after=2025-07-22 00:00:00+00:00
[2025-07-22T09:17:36.673+0000] {processor.py:183} INFO - Processing /home/airflow/.local/lib/python3.12/site-packages/airflow/example_dags/example_setup_teardown.py took 0.087 seconds
[2025-07-22T09:18:07.523+0000] {processor.py:161} INFO - Started process (PID=3145) to work on /home/airflow/.local/lib/python3.12/site-packages/airflow/example_dags/example_setup_teardown.py
[2025-07-22T09:18:07.525+0000] {processor.py:830} INFO - Processing file /home/airflow/.local/lib/python3.12/site-packages/airflow/example_dags/example_setup_teardown.py for tasks to queue
[2025-07-22T09:18:07.527+0000] {logging_mixin.py:188} INFO - [2025-07-22T09:18:07.527+0000] {dagbag.py:545} INFO - Filling up the DagBag from /home/airflow/.local/lib/python3.12/site-packages/airflow/example_dags/example_setup_teardown.py
[2025-07-22T09:18:07.535+0000] {processor.py:840} INFO - DAG(s) 'example_setup_teardown' retrieved from /home/airflow/.local/lib/python3.12/site-packages/airflow/example_dags/example_setup_teardown.py
[2025-07-22T09:18:07.562+0000] {logging_mixin.py:188} INFO - [2025-07-22T09:18:07.562+0000] {dag.py:3096} INFO - Sync 1 DAGs
[2025-07-22T09:18:07.592+0000] {logging_mixin.py:188} INFO - [2025-07-22T09:18:07.592+0000] {dag.py:3954} INFO - Setting next_dagrun for example_setup_teardown to 2025-07-21 00:00:00+00:00, run_after=2025-07-22 00:00:00+00:00
[2025-07-22T09:18:07.619+0000] {processor.py:183} INFO - Processing /home/airflow/.local/lib/python3.12/site-packages/airflow/example_dags/example_setup_teardown.py took 0.103 seconds
[2025-07-22T09:18:38.311+0000] {processor.py:161} INFO - Started process (PID=3205) to work on /home/airflow/.local/lib/python3.12/site-packages/airflow/example_dags/example_setup_teardown.py
[2025-07-22T09:18:38.313+0000] {processor.py:830} INFO - Processing file /home/airflow/.local/lib/python3.12/site-packages/airflow/example_dags/example_setup_teardown.py for tasks to queue
[2025-07-22T09:18:38.315+0000] {logging_mixin.py:188} INFO - [2025-07-22T09:18:38.315+0000] {dagbag.py:545} INFO - Filling up the DagBag from /home/airflow/.local/lib/python3.12/site-packages/airflow/example_dags/example_setup_teardown.py
[2025-07-22T09:18:38.326+0000] {processor.py:840} INFO - DAG(s) 'example_setup_teardown' retrieved from /home/airflow/.local/lib/python3.12/site-packages/airflow/example_dags/example_setup_teardown.py
[2025-07-22T09:18:38.357+0000] {logging_mixin.py:188} INFO - [2025-07-22T09:18:38.357+0000] {dag.py:3096} INFO - Sync 1 DAGs
[2025-07-22T09:18:38.388+0000] {logging_mixin.py:188} INFO - [2025-07-22T09:18:38.387+0000] {dag.py:3954} INFO - Setting next_dagrun for example_setup_teardown to 2025-07-21 00:00:00+00:00, run_after=2025-07-22 00:00:00+00:00
[2025-07-22T09:18:38.419+0000] {processor.py:183} INFO - Processing /home/airflow/.local/lib/python3.12/site-packages/airflow/example_dags/example_setup_teardown.py took 0.117 seconds
[2025-07-22T09:19:08.809+0000] {processor.py:161} INFO - Started process (PID=3265) to work on /home/airflow/.local/lib/python3.12/site-packages/airflow/example_dags/example_setup_teardown.py
[2025-07-22T09:19:08.810+0000] {processor.py:830} INFO - Processing file /home/airflow/.local/lib/python3.12/site-packages/airflow/example_dags/example_setup_teardown.py for tasks to queue
[2025-07-22T09:19:08.813+0000] {logging_mixin.py:188} INFO - [2025-07-22T09:19:08.812+0000] {dagbag.py:545} INFO - Filling up the DagBag from /home/airflow/.local/lib/python3.12/site-packages/airflow/example_dags/example_setup_teardown.py
[2025-07-22T09:19:08.821+0000] {processor.py:840} INFO - DAG(s) 'example_setup_teardown' retrieved from /home/airflow/.local/lib/python3.12/site-packages/airflow/example_dags/example_setup_teardown.py
[2025-07-22T09:19:08.846+0000] {logging_mixin.py:188} INFO - [2025-07-22T09:19:08.846+0000] {dag.py:3096} INFO - Sync 1 DAGs
[2025-07-22T09:19:08.873+0000] {logging_mixin.py:188} INFO - [2025-07-22T09:19:08.873+0000] {dag.py:3954} INFO - Setting next_dagrun for example_setup_teardown to 2025-07-21 00:00:00+00:00, run_after=2025-07-22 00:00:00+00:00
[2025-07-22T09:19:08.897+0000] {processor.py:183} INFO - Processing /home/airflow/.local/lib/python3.12/site-packages/airflow/example_dags/example_setup_teardown.py took 0.095 seconds
[2025-07-22T09:19:39.110+0000] {processor.py:161} INFO - Started process (PID=3325) to work on /home/airflow/.local/lib/python3.12/site-packages/airflow/example_dags/example_setup_teardown.py
[2025-07-22T09:19:39.112+0000] {processor.py:830} INFO - Processing file /home/airflow/.local/lib/python3.12/site-packages/airflow/example_dags/example_setup_teardown.py for tasks to queue
[2025-07-22T09:19:39.114+0000] {logging_mixin.py:188} INFO - [2025-07-22T09:19:39.114+0000] {dagbag.py:545} INFO - Filling up the DagBag from /home/airflow/.local/lib/python3.12/site-packages/airflow/example_dags/example_setup_teardown.py
[2025-07-22T09:19:39.122+0000] {processor.py:840} INFO - DAG(s) 'example_setup_teardown' retrieved from /home/airflow/.local/lib/python3.12/site-packages/airflow/example_dags/example_setup_teardown.py
[2025-07-22T09:19:39.145+0000] {logging_mixin.py:188} INFO - [2025-07-22T09:19:39.144+0000] {dag.py:3096} INFO - Sync 1 DAGs
[2025-07-22T09:19:39.171+0000] {logging_mixin.py:188} INFO - [2025-07-22T09:19:39.170+0000] {dag.py:3954} INFO - Setting next_dagrun for example_setup_teardown to 2025-07-21 00:00:00+00:00, run_after=2025-07-22 00:00:00+00:00
[2025-07-22T09:19:39.193+0000] {processor.py:183} INFO - Processing /home/airflow/.local/lib/python3.12/site-packages/airflow/example_dags/example_setup_teardown.py took 0.090 seconds
[2025-07-22T09:20:09.430+0000] {processor.py:161} INFO - Started process (PID=3385) to work on /home/airflow/.local/lib/python3.12/site-packages/airflow/example_dags/example_setup_teardown.py
[2025-07-22T09:20:09.431+0000] {processor.py:830} INFO - Processing file /home/airflow/.local/lib/python3.12/site-packages/airflow/example_dags/example_setup_teardown.py for tasks to queue
[2025-07-22T09:20:09.433+0000] {logging_mixin.py:188} INFO - [2025-07-22T09:20:09.433+0000] {dagbag.py:545} INFO - Filling up the DagBag from /home/airflow/.local/lib/python3.12/site-packages/airflow/example_dags/example_setup_teardown.py
[2025-07-22T09:20:09.440+0000] {processor.py:840} INFO - DAG(s) 'example_setup_teardown' retrieved from /home/airflow/.local/lib/python3.12/site-packages/airflow/example_dags/example_setup_teardown.py
[2025-07-22T09:20:09.464+0000] {logging_mixin.py:188} INFO - [2025-07-22T09:20:09.464+0000] {dag.py:3096} INFO - Sync 1 DAGs
[2025-07-22T09:20:09.488+0000] {logging_mixin.py:188} INFO - [2025-07-22T09:20:09.488+0000] {dag.py:3954} INFO - Setting next_dagrun for example_setup_teardown to 2025-07-21 00:00:00+00:00, run_after=2025-07-22 00:00:00+00:00
[2025-07-22T09:20:09.511+0000] {processor.py:183} INFO - Processing /home/airflow/.local/lib/python3.12/site-packages/airflow/example_dags/example_setup_teardown.py took 0.088 seconds
[2025-07-22T09:20:39.873+0000] {processor.py:161} INFO - Started process (PID=3445) to work on /home/airflow/.local/lib/python3.12/site-packages/airflow/example_dags/example_setup_teardown.py
[2025-07-22T09:20:39.875+0000] {processor.py:830} INFO - Processing file /home/airflow/.local/lib/python3.12/site-packages/airflow/example_dags/example_setup_teardown.py for tasks to queue
[2025-07-22T09:20:39.877+0000] {logging_mixin.py:188} INFO - [2025-07-22T09:20:39.877+0000] {dagbag.py:545} INFO - Filling up the DagBag from /home/airflow/.local/lib/python3.12/site-packages/airflow/example_dags/example_setup_teardown.py
[2025-07-22T09:20:39.885+0000] {processor.py:840} INFO - DAG(s) 'example_setup_teardown' retrieved from /home/airflow/.local/lib/python3.12/site-packages/airflow/example_dags/example_setup_teardown.py
[2025-07-22T09:20:39.911+0000] {logging_mixin.py:188} INFO - [2025-07-22T09:20:39.910+0000] {dag.py:3096} INFO - Sync 1 DAGs
[2025-07-22T09:20:39.937+0000] {logging_mixin.py:188} INFO - [2025-07-22T09:20:39.936+0000] {dag.py:3954} INFO - Setting next_dagrun for example_setup_teardown to 2025-07-21 00:00:00+00:00, run_after=2025-07-22 00:00:00+00:00
[2025-07-22T09:20:39.960+0000] {processor.py:183} INFO - Processing /home/airflow/.local/lib/python3.12/site-packages/airflow/example_dags/example_setup_teardown.py took 0.094 seconds
[2025-07-22T09:21:10.158+0000] {processor.py:161} INFO - Started process (PID=3506) to work on /home/airflow/.local/lib/python3.12/site-packages/airflow/example_dags/example_setup_teardown.py
[2025-07-22T09:21:10.159+0000] {processor.py:830} INFO - Processing file /home/airflow/.local/lib/python3.12/site-packages/airflow/example_dags/example_setup_teardown.py for tasks to queue
[2025-07-22T09:21:10.162+0000] {logging_mixin.py:188} INFO - [2025-07-22T09:21:10.161+0000] {dagbag.py:545} INFO - Filling up the DagBag from /home/airflow/.local/lib/python3.12/site-packages/airflow/example_dags/example_setup_teardown.py
[2025-07-22T09:21:10.169+0000] {processor.py:840} INFO - DAG(s) 'example_setup_teardown' retrieved from /home/airflow/.local/lib/python3.12/site-packages/airflow/example_dags/example_setup_teardown.py
[2025-07-22T09:21:10.194+0000] {logging_mixin.py:188} INFO - [2025-07-22T09:21:10.193+0000] {dag.py:3096} INFO - Sync 1 DAGs
[2025-07-22T09:21:10.221+0000] {logging_mixin.py:188} INFO - [2025-07-22T09:21:10.221+0000] {dag.py:3954} INFO - Setting next_dagrun for example_setup_teardown to 2025-07-21 00:00:00+00:00, run_after=2025-07-22 00:00:00+00:00
[2025-07-22T09:21:10.245+0000] {processor.py:183} INFO - Processing /home/airflow/.local/lib/python3.12/site-packages/airflow/example_dags/example_setup_teardown.py took 0.102 seconds
[2025-07-22T09:21:40.452+0000] {processor.py:161} INFO - Started process (PID=3566) to work on /home/airflow/.local/lib/python3.12/site-packages/airflow/example_dags/example_setup_teardown.py
[2025-07-22T09:21:40.453+0000] {processor.py:830} INFO - Processing file /home/airflow/.local/lib/python3.12/site-packages/airflow/example_dags/example_setup_teardown.py for tasks to queue
[2025-07-22T09:21:40.455+0000] {logging_mixin.py:188} INFO - [2025-07-22T09:21:40.455+0000] {dagbag.py:545} INFO - Filling up the DagBag from /home/airflow/.local/lib/python3.12/site-packages/airflow/example_dags/example_setup_teardown.py
[2025-07-22T09:21:40.462+0000] {processor.py:840} INFO - DAG(s) 'example_setup_teardown' retrieved from /home/airflow/.local/lib/python3.12/site-packages/airflow/example_dags/example_setup_teardown.py
[2025-07-22T09:21:40.484+0000] {logging_mixin.py:188} INFO - [2025-07-22T09:21:40.484+0000] {dag.py:3096} INFO - Sync 1 DAGs
[2025-07-22T09:21:40.507+0000] {logging_mixin.py:188} INFO - [2025-07-22T09:21:40.507+0000] {dag.py:3954} INFO - Setting next_dagrun for example_setup_teardown to 2025-07-21 00:00:00+00:00, run_after=2025-07-22 00:00:00+00:00
[2025-07-22T09:21:40.530+0000] {processor.py:183} INFO - Processing /home/airflow/.local/lib/python3.12/site-packages/airflow/example_dags/example_setup_teardown.py took 0.085 seconds
[2025-07-22T09:22:10.686+0000] {processor.py:161} INFO - Started process (PID=3626) to work on /home/airflow/.local/lib/python3.12/site-packages/airflow/example_dags/example_setup_teardown.py
[2025-07-22T09:22:10.688+0000] {processor.py:830} INFO - Processing file /home/airflow/.local/lib/python3.12/site-packages/airflow/example_dags/example_setup_teardown.py for tasks to queue
[2025-07-22T09:22:10.690+0000] {logging_mixin.py:188} INFO - [2025-07-22T09:22:10.690+0000] {dagbag.py:545} INFO - Filling up the DagBag from /home/airflow/.local/lib/python3.12/site-packages/airflow/example_dags/example_setup_teardown.py
[2025-07-22T09:22:10.698+0000] {processor.py:840} INFO - DAG(s) 'example_setup_teardown' retrieved from /home/airflow/.local/lib/python3.12/site-packages/airflow/example_dags/example_setup_teardown.py
[2025-07-22T09:22:10.721+0000] {logging_mixin.py:188} INFO - [2025-07-22T09:22:10.721+0000] {dag.py:3096} INFO - Sync 1 DAGs
[2025-07-22T09:22:10.746+0000] {logging_mixin.py:188} INFO - [2025-07-22T09:22:10.746+0000] {dag.py:3954} INFO - Setting next_dagrun for example_setup_teardown to 2025-07-21 00:00:00+00:00, run_after=2025-07-22 00:00:00+00:00
[2025-07-22T09:22:10.768+0000] {processor.py:183} INFO - Processing /home/airflow/.local/lib/python3.12/site-packages/airflow/example_dags/example_setup_teardown.py took 0.089 seconds
