[2025-07-22T08:52:10.732+0000] {processor.py:161} INFO - Started process (PID=104) to work on /home/airflow/.local/lib/python3.12/site-packages/airflow/example_dags/example_skip_dag.py
[2025-07-22T08:52:10.734+0000] {processor.py:830} INFO - Processing file /home/airflow/.local/lib/python3.12/site-packages/airflow/example_dags/example_skip_dag.py for tasks to queue
[2025-07-22T08:52:10.736+0000] {logging_mixin.py:188} INFO - [2025-07-22T08:52:10.736+0000] {dagbag.py:545} INFO - Filling up the DagBag from /home/airflow/.local/lib/python3.12/site-packages/airflow/example_dags/example_skip_dag.py
[2025-07-22T08:52:10.746+0000] {processor.py:840} INFO - DAG(s) 'example_skip_dag' retrieved from /home/airflow/.local/lib/python3.12/site-packages/airflow/example_dags/example_skip_dag.py
[2025-07-22T08:52:10.894+0000] {logging_mixin.py:188} INFO - [2025-07-22T08:52:10.893+0000] {dag.py:3096} INFO - Sync 1 DAGs
[2025-07-22T08:52:10.926+0000] {logging_mixin.py:188} INFO - [2025-07-22T08:52:10.925+0000] {dag.py:3954} INFO - Setting next_dagrun for example_skip_dag to 2025-07-21 00:00:00+00:00, run_after=2025-07-22 00:00:00+00:00
[2025-07-22T08:52:10.953+0000] {processor.py:183} INFO - Processing /home/airflow/.local/lib/python3.12/site-packages/airflow/example_dags/example_skip_dag.py took 0.228 seconds
[2025-07-22T08:52:41.667+0000] {processor.py:161} INFO - Started process (PID=162) to work on /home/airflow/.local/lib/python3.12/site-packages/airflow/example_dags/example_skip_dag.py
[2025-07-22T08:52:41.669+0000] {processor.py:830} INFO - Processing file /home/airflow/.local/lib/python3.12/site-packages/airflow/example_dags/example_skip_dag.py for tasks to queue
[2025-07-22T08:52:41.671+0000] {logging_mixin.py:188} INFO - [2025-07-22T08:52:41.671+0000] {dagbag.py:545} INFO - Filling up the DagBag from /home/airflow/.local/lib/python3.12/site-packages/airflow/example_dags/example_skip_dag.py
[2025-07-22T08:52:41.679+0000] {processor.py:840} INFO - DAG(s) 'example_skip_dag' retrieved from /home/airflow/.local/lib/python3.12/site-packages/airflow/example_dags/example_skip_dag.py
[2025-07-22T08:52:41.704+0000] {logging_mixin.py:188} INFO - [2025-07-22T08:52:41.704+0000] {dag.py:3096} INFO - Sync 1 DAGs
[2025-07-22T08:52:41.731+0000] {logging_mixin.py:188} INFO - [2025-07-22T08:52:41.731+0000] {dag.py:3954} INFO - Setting next_dagrun for example_skip_dag to 2025-07-21 00:00:00+00:00, run_after=2025-07-22 00:00:00+00:00
[2025-07-22T08:52:41.756+0000] {processor.py:183} INFO - Processing /home/airflow/.local/lib/python3.12/site-packages/airflow/example_dags/example_skip_dag.py took 0.096 seconds
[2025-07-22T08:53:11.874+0000] {processor.py:161} INFO - Started process (PID=220) to work on /home/airflow/.local/lib/python3.12/site-packages/airflow/example_dags/example_skip_dag.py
[2025-07-22T08:53:11.875+0000] {processor.py:830} INFO - Processing file /home/airflow/.local/lib/python3.12/site-packages/airflow/example_dags/example_skip_dag.py for tasks to queue
[2025-07-22T08:53:11.877+0000] {logging_mixin.py:188} INFO - [2025-07-22T08:53:11.877+0000] {dagbag.py:545} INFO - Filling up the DagBag from /home/airflow/.local/lib/python3.12/site-packages/airflow/example_dags/example_skip_dag.py
[2025-07-22T08:53:11.887+0000] {processor.py:840} INFO - DAG(s) 'example_skip_dag' retrieved from /home/airflow/.local/lib/python3.12/site-packages/airflow/example_dags/example_skip_dag.py
[2025-07-22T08:53:11.918+0000] {logging_mixin.py:188} INFO - [2025-07-22T08:53:11.917+0000] {dag.py:3096} INFO - Sync 1 DAGs
[2025-07-22T08:53:11.947+0000] {logging_mixin.py:188} INFO - [2025-07-22T08:53:11.946+0000] {dag.py:3954} INFO - Setting next_dagrun for example_skip_dag to 2025-07-21 00:00:00+00:00, run_after=2025-07-22 00:00:00+00:00
[2025-07-22T08:53:11.972+0000] {processor.py:183} INFO - Processing /home/airflow/.local/lib/python3.12/site-packages/airflow/example_dags/example_skip_dag.py took 0.106 seconds
[2025-07-22T08:53:42.946+0000] {processor.py:161} INFO - Started process (PID=278) to work on /home/airflow/.local/lib/python3.12/site-packages/airflow/example_dags/example_skip_dag.py
[2025-07-22T08:53:42.949+0000] {processor.py:830} INFO - Processing file /home/airflow/.local/lib/python3.12/site-packages/airflow/example_dags/example_skip_dag.py for tasks to queue
[2025-07-22T08:53:42.953+0000] {logging_mixin.py:188} INFO - [2025-07-22T08:53:42.952+0000] {dagbag.py:545} INFO - Filling up the DagBag from /home/airflow/.local/lib/python3.12/site-packages/airflow/example_dags/example_skip_dag.py
[2025-07-22T08:53:42.966+0000] {processor.py:840} INFO - DAG(s) 'example_skip_dag' retrieved from /home/airflow/.local/lib/python3.12/site-packages/airflow/example_dags/example_skip_dag.py
[2025-07-22T08:53:43.012+0000] {logging_mixin.py:188} INFO - [2025-07-22T08:53:43.011+0000] {dag.py:3096} INFO - Sync 1 DAGs
[2025-07-22T08:53:43.054+0000] {logging_mixin.py:188} INFO - [2025-07-22T08:53:43.054+0000] {dag.py:3954} INFO - Setting next_dagrun for example_skip_dag to 2025-07-21 00:00:00+00:00, run_after=2025-07-22 00:00:00+00:00
[2025-07-22T08:53:43.091+0000] {processor.py:183} INFO - Processing /home/airflow/.local/lib/python3.12/site-packages/airflow/example_dags/example_skip_dag.py took 0.156 seconds
[2025-07-22T08:54:13.292+0000] {processor.py:161} INFO - Started process (PID=336) to work on /home/airflow/.local/lib/python3.12/site-packages/airflow/example_dags/example_skip_dag.py
[2025-07-22T08:54:13.293+0000] {processor.py:830} INFO - Processing file /home/airflow/.local/lib/python3.12/site-packages/airflow/example_dags/example_skip_dag.py for tasks to queue
[2025-07-22T08:54:13.296+0000] {logging_mixin.py:188} INFO - [2025-07-22T08:54:13.296+0000] {dagbag.py:545} INFO - Filling up the DagBag from /home/airflow/.local/lib/python3.12/site-packages/airflow/example_dags/example_skip_dag.py
[2025-07-22T08:54:13.304+0000] {processor.py:840} INFO - DAG(s) 'example_skip_dag' retrieved from /home/airflow/.local/lib/python3.12/site-packages/airflow/example_dags/example_skip_dag.py
[2025-07-22T08:54:13.340+0000] {logging_mixin.py:188} INFO - [2025-07-22T08:54:13.340+0000] {dag.py:3096} INFO - Sync 1 DAGs
[2025-07-22T08:54:13.373+0000] {logging_mixin.py:188} INFO - [2025-07-22T08:54:13.373+0000] {dag.py:3954} INFO - Setting next_dagrun for example_skip_dag to 2025-07-21 00:00:00+00:00, run_after=2025-07-22 00:00:00+00:00
[2025-07-22T08:54:13.402+0000] {processor.py:183} INFO - Processing /home/airflow/.local/lib/python3.12/site-packages/airflow/example_dags/example_skip_dag.py took 0.123 seconds
[2025-07-22T08:54:43.533+0000] {processor.py:161} INFO - Started process (PID=394) to work on /home/airflow/.local/lib/python3.12/site-packages/airflow/example_dags/example_skip_dag.py
[2025-07-22T08:54:43.534+0000] {processor.py:830} INFO - Processing file /home/airflow/.local/lib/python3.12/site-packages/airflow/example_dags/example_skip_dag.py for tasks to queue
[2025-07-22T08:54:43.536+0000] {logging_mixin.py:188} INFO - [2025-07-22T08:54:43.536+0000] {dagbag.py:545} INFO - Filling up the DagBag from /home/airflow/.local/lib/python3.12/site-packages/airflow/example_dags/example_skip_dag.py
[2025-07-22T08:54:43.545+0000] {processor.py:840} INFO - DAG(s) 'example_skip_dag' retrieved from /home/airflow/.local/lib/python3.12/site-packages/airflow/example_dags/example_skip_dag.py
[2025-07-22T08:54:43.573+0000] {logging_mixin.py:188} INFO - [2025-07-22T08:54:43.573+0000] {dag.py:3096} INFO - Sync 1 DAGs
[2025-07-22T08:54:43.601+0000] {logging_mixin.py:188} INFO - [2025-07-22T08:54:43.600+0000] {dag.py:3954} INFO - Setting next_dagrun for example_skip_dag to 2025-07-21 00:00:00+00:00, run_after=2025-07-22 00:00:00+00:00
[2025-07-22T08:54:43.629+0000] {processor.py:183} INFO - Processing /home/airflow/.local/lib/python3.12/site-packages/airflow/example_dags/example_skip_dag.py took 0.104 seconds
[2025-07-22T08:55:14.300+0000] {processor.py:161} INFO - Started process (PID=452) to work on /home/airflow/.local/lib/python3.12/site-packages/airflow/example_dags/example_skip_dag.py
[2025-07-22T08:55:14.302+0000] {processor.py:830} INFO - Processing file /home/airflow/.local/lib/python3.12/site-packages/airflow/example_dags/example_skip_dag.py for tasks to queue
[2025-07-22T08:55:14.305+0000] {logging_mixin.py:188} INFO - [2025-07-22T08:55:14.304+0000] {dagbag.py:545} INFO - Filling up the DagBag from /home/airflow/.local/lib/python3.12/site-packages/airflow/example_dags/example_skip_dag.py
[2025-07-22T08:55:14.313+0000] {processor.py:840} INFO - DAG(s) 'example_skip_dag' retrieved from /home/airflow/.local/lib/python3.12/site-packages/airflow/example_dags/example_skip_dag.py
[2025-07-22T08:55:14.343+0000] {logging_mixin.py:188} INFO - [2025-07-22T08:55:14.342+0000] {dag.py:3096} INFO - Sync 1 DAGs
[2025-07-22T08:55:14.374+0000] {logging_mixin.py:188} INFO - [2025-07-22T08:55:14.374+0000] {dag.py:3954} INFO - Setting next_dagrun for example_skip_dag to 2025-07-21 00:00:00+00:00, run_after=2025-07-22 00:00:00+00:00
[2025-07-22T08:55:14.403+0000] {processor.py:183} INFO - Processing /home/airflow/.local/lib/python3.12/site-packages/airflow/example_dags/example_skip_dag.py took 0.110 seconds
[2025-07-22T08:55:45.223+0000] {processor.py:161} INFO - Started process (PID=510) to work on /home/airflow/.local/lib/python3.12/site-packages/airflow/example_dags/example_skip_dag.py
[2025-07-22T08:55:45.225+0000] {processor.py:830} INFO - Processing file /home/airflow/.local/lib/python3.12/site-packages/airflow/example_dags/example_skip_dag.py for tasks to queue
[2025-07-22T08:55:45.227+0000] {logging_mixin.py:188} INFO - [2025-07-22T08:55:45.227+0000] {dagbag.py:545} INFO - Filling up the DagBag from /home/airflow/.local/lib/python3.12/site-packages/airflow/example_dags/example_skip_dag.py
[2025-07-22T08:55:45.234+0000] {processor.py:840} INFO - DAG(s) 'example_skip_dag' retrieved from /home/airflow/.local/lib/python3.12/site-packages/airflow/example_dags/example_skip_dag.py
[2025-07-22T08:55:45.256+0000] {logging_mixin.py:188} INFO - [2025-07-22T08:55:45.256+0000] {dag.py:3096} INFO - Sync 1 DAGs
[2025-07-22T08:55:45.278+0000] {logging_mixin.py:188} INFO - [2025-07-22T08:55:45.278+0000] {dag.py:3954} INFO - Setting next_dagrun for example_skip_dag to 2025-07-21 00:00:00+00:00, run_after=2025-07-22 00:00:00+00:00
[2025-07-22T08:55:45.301+0000] {processor.py:183} INFO - Processing /home/airflow/.local/lib/python3.12/site-packages/airflow/example_dags/example_skip_dag.py took 0.084 seconds
[2025-07-22T08:56:15.566+0000] {processor.py:161} INFO - Started process (PID=568) to work on /home/airflow/.local/lib/python3.12/site-packages/airflow/example_dags/example_skip_dag.py
[2025-07-22T08:56:15.567+0000] {processor.py:830} INFO - Processing file /home/airflow/.local/lib/python3.12/site-packages/airflow/example_dags/example_skip_dag.py for tasks to queue
[2025-07-22T08:56:15.570+0000] {logging_mixin.py:188} INFO - [2025-07-22T08:56:15.569+0000] {dagbag.py:545} INFO - Filling up the DagBag from /home/airflow/.local/lib/python3.12/site-packages/airflow/example_dags/example_skip_dag.py
[2025-07-22T08:56:15.577+0000] {processor.py:840} INFO - DAG(s) 'example_skip_dag' retrieved from /home/airflow/.local/lib/python3.12/site-packages/airflow/example_dags/example_skip_dag.py
[2025-07-22T08:56:15.627+0000] {logging_mixin.py:188} INFO - [2025-07-22T08:56:15.627+0000] {dag.py:3096} INFO - Sync 1 DAGs
[2025-07-22T08:56:15.680+0000] {logging_mixin.py:188} INFO - [2025-07-22T08:56:15.680+0000] {dag.py:3954} INFO - Setting next_dagrun for example_skip_dag to 2025-07-21 00:00:00+00:00, run_after=2025-07-22 00:00:00+00:00
[2025-07-22T08:56:15.710+0000] {processor.py:183} INFO - Processing /home/airflow/.local/lib/python3.12/site-packages/airflow/example_dags/example_skip_dag.py took 0.151 seconds
[2025-07-22T08:56:46.164+0000] {processor.py:161} INFO - Started process (PID=626) to work on /home/airflow/.local/lib/python3.12/site-packages/airflow/example_dags/example_skip_dag.py
[2025-07-22T08:56:46.167+0000] {processor.py:830} INFO - Processing file /home/airflow/.local/lib/python3.12/site-packages/airflow/example_dags/example_skip_dag.py for tasks to queue
[2025-07-22T08:56:46.171+0000] {logging_mixin.py:188} INFO - [2025-07-22T08:56:46.170+0000] {dagbag.py:545} INFO - Filling up the DagBag from /home/airflow/.local/lib/python3.12/site-packages/airflow/example_dags/example_skip_dag.py
[2025-07-22T08:56:46.185+0000] {processor.py:840} INFO - DAG(s) 'example_skip_dag' retrieved from /home/airflow/.local/lib/python3.12/site-packages/airflow/example_dags/example_skip_dag.py
[2025-07-22T08:56:46.234+0000] {logging_mixin.py:188} INFO - [2025-07-22T08:56:46.233+0000] {dag.py:3096} INFO - Sync 1 DAGs
[2025-07-22T08:56:46.312+0000] {logging_mixin.py:188} INFO - [2025-07-22T08:56:46.311+0000] {dag.py:3954} INFO - Setting next_dagrun for example_skip_dag to 2025-07-21 00:00:00+00:00, run_after=2025-07-22 00:00:00+00:00
[2025-07-22T08:56:46.358+0000] {processor.py:183} INFO - Processing /home/airflow/.local/lib/python3.12/site-packages/airflow/example_dags/example_skip_dag.py took 0.205 seconds
[2025-07-22T08:57:16.654+0000] {processor.py:161} INFO - Started process (PID=686) to work on /home/airflow/.local/lib/python3.12/site-packages/airflow/example_dags/example_skip_dag.py
[2025-07-22T08:57:16.656+0000] {processor.py:830} INFO - Processing file /home/airflow/.local/lib/python3.12/site-packages/airflow/example_dags/example_skip_dag.py for tasks to queue
[2025-07-22T08:57:16.659+0000] {logging_mixin.py:188} INFO - [2025-07-22T08:57:16.658+0000] {dagbag.py:545} INFO - Filling up the DagBag from /home/airflow/.local/lib/python3.12/site-packages/airflow/example_dags/example_skip_dag.py
[2025-07-22T08:57:16.668+0000] {processor.py:840} INFO - DAG(s) 'example_skip_dag' retrieved from /home/airflow/.local/lib/python3.12/site-packages/airflow/example_dags/example_skip_dag.py
[2025-07-22T08:57:16.696+0000] {logging_mixin.py:188} INFO - [2025-07-22T08:57:16.696+0000] {dag.py:3096} INFO - Sync 1 DAGs
[2025-07-22T08:57:16.725+0000] {logging_mixin.py:188} INFO - [2025-07-22T08:57:16.724+0000] {dag.py:3954} INFO - Setting next_dagrun for example_skip_dag to 2025-07-21 00:00:00+00:00, run_after=2025-07-22 00:00:00+00:00
[2025-07-22T08:57:16.751+0000] {processor.py:183} INFO - Processing /home/airflow/.local/lib/python3.12/site-packages/airflow/example_dags/example_skip_dag.py took 0.105 seconds
[2025-07-22T08:57:46.894+0000] {processor.py:161} INFO - Started process (PID=746) to work on /home/airflow/.local/lib/python3.12/site-packages/airflow/example_dags/example_skip_dag.py
[2025-07-22T08:57:46.896+0000] {processor.py:830} INFO - Processing file /home/airflow/.local/lib/python3.12/site-packages/airflow/example_dags/example_skip_dag.py for tasks to queue
[2025-07-22T08:57:46.898+0000] {logging_mixin.py:188} INFO - [2025-07-22T08:57:46.898+0000] {dagbag.py:545} INFO - Filling up the DagBag from /home/airflow/.local/lib/python3.12/site-packages/airflow/example_dags/example_skip_dag.py
[2025-07-22T08:57:46.905+0000] {processor.py:840} INFO - DAG(s) 'example_skip_dag' retrieved from /home/airflow/.local/lib/python3.12/site-packages/airflow/example_dags/example_skip_dag.py
[2025-07-22T08:57:46.930+0000] {logging_mixin.py:188} INFO - [2025-07-22T08:57:46.930+0000] {dag.py:3096} INFO - Sync 1 DAGs
[2025-07-22T08:57:46.956+0000] {logging_mixin.py:188} INFO - [2025-07-22T08:57:46.956+0000] {dag.py:3954} INFO - Setting next_dagrun for example_skip_dag to 2025-07-21 00:00:00+00:00, run_after=2025-07-22 00:00:00+00:00
[2025-07-22T08:57:46.977+0000] {processor.py:183} INFO - Processing /home/airflow/.local/lib/python3.12/site-packages/airflow/example_dags/example_skip_dag.py took 0.089 seconds
[2025-07-22T08:58:17.587+0000] {processor.py:161} INFO - Started process (PID=806) to work on /home/airflow/.local/lib/python3.12/site-packages/airflow/example_dags/example_skip_dag.py
[2025-07-22T08:58:17.589+0000] {processor.py:830} INFO - Processing file /home/airflow/.local/lib/python3.12/site-packages/airflow/example_dags/example_skip_dag.py for tasks to queue
[2025-07-22T08:58:17.592+0000] {logging_mixin.py:188} INFO - [2025-07-22T08:58:17.591+0000] {dagbag.py:545} INFO - Filling up the DagBag from /home/airflow/.local/lib/python3.12/site-packages/airflow/example_dags/example_skip_dag.py
[2025-07-22T08:58:17.602+0000] {processor.py:840} INFO - DAG(s) 'example_skip_dag' retrieved from /home/airflow/.local/lib/python3.12/site-packages/airflow/example_dags/example_skip_dag.py
[2025-07-22T08:58:17.629+0000] {logging_mixin.py:188} INFO - [2025-07-22T08:58:17.628+0000] {dag.py:3096} INFO - Sync 1 DAGs
[2025-07-22T08:58:17.655+0000] {logging_mixin.py:188} INFO - [2025-07-22T08:58:17.655+0000] {dag.py:3954} INFO - Setting next_dagrun for example_skip_dag to 2025-07-21 00:00:00+00:00, run_after=2025-07-22 00:00:00+00:00
[2025-07-22T08:58:17.677+0000] {processor.py:183} INFO - Processing /home/airflow/.local/lib/python3.12/site-packages/airflow/example_dags/example_skip_dag.py took 0.099 seconds
[2025-07-22T08:58:48.344+0000] {processor.py:161} INFO - Started process (PID=866) to work on /home/airflow/.local/lib/python3.12/site-packages/airflow/example_dags/example_skip_dag.py
[2025-07-22T08:58:48.345+0000] {processor.py:830} INFO - Processing file /home/airflow/.local/lib/python3.12/site-packages/airflow/example_dags/example_skip_dag.py for tasks to queue
[2025-07-22T08:58:48.347+0000] {logging_mixin.py:188} INFO - [2025-07-22T08:58:48.347+0000] {dagbag.py:545} INFO - Filling up the DagBag from /home/airflow/.local/lib/python3.12/site-packages/airflow/example_dags/example_skip_dag.py
[2025-07-22T08:58:48.354+0000] {processor.py:840} INFO - DAG(s) 'example_skip_dag' retrieved from /home/airflow/.local/lib/python3.12/site-packages/airflow/example_dags/example_skip_dag.py
[2025-07-22T08:58:48.378+0000] {logging_mixin.py:188} INFO - [2025-07-22T08:58:48.378+0000] {dag.py:3096} INFO - Sync 1 DAGs
[2025-07-22T08:58:48.403+0000] {logging_mixin.py:188} INFO - [2025-07-22T08:58:48.403+0000] {dag.py:3954} INFO - Setting next_dagrun for example_skip_dag to 2025-07-21 00:00:00+00:00, run_after=2025-07-22 00:00:00+00:00
[2025-07-22T08:58:48.428+0000] {processor.py:183} INFO - Processing /home/airflow/.local/lib/python3.12/site-packages/airflow/example_dags/example_skip_dag.py took 0.091 seconds
[2025-07-22T08:59:19.217+0000] {processor.py:161} INFO - Started process (PID=926) to work on /home/airflow/.local/lib/python3.12/site-packages/airflow/example_dags/example_skip_dag.py
[2025-07-22T08:59:19.218+0000] {processor.py:830} INFO - Processing file /home/airflow/.local/lib/python3.12/site-packages/airflow/example_dags/example_skip_dag.py for tasks to queue
[2025-07-22T08:59:19.221+0000] {logging_mixin.py:188} INFO - [2025-07-22T08:59:19.220+0000] {dagbag.py:545} INFO - Filling up the DagBag from /home/airflow/.local/lib/python3.12/site-packages/airflow/example_dags/example_skip_dag.py
[2025-07-22T08:59:19.228+0000] {processor.py:840} INFO - DAG(s) 'example_skip_dag' retrieved from /home/airflow/.local/lib/python3.12/site-packages/airflow/example_dags/example_skip_dag.py
[2025-07-22T08:59:19.255+0000] {logging_mixin.py:188} INFO - [2025-07-22T08:59:19.255+0000] {dag.py:3096} INFO - Sync 1 DAGs
[2025-07-22T08:59:19.286+0000] {logging_mixin.py:188} INFO - [2025-07-22T08:59:19.285+0000] {dag.py:3954} INFO - Setting next_dagrun for example_skip_dag to 2025-07-21 00:00:00+00:00, run_after=2025-07-22 00:00:00+00:00
[2025-07-22T08:59:19.313+0000] {processor.py:183} INFO - Processing /home/airflow/.local/lib/python3.12/site-packages/airflow/example_dags/example_skip_dag.py took 0.104 seconds
[2025-07-22T08:59:49.633+0000] {processor.py:161} INFO - Started process (PID=986) to work on /home/airflow/.local/lib/python3.12/site-packages/airflow/example_dags/example_skip_dag.py
[2025-07-22T08:59:49.634+0000] {processor.py:830} INFO - Processing file /home/airflow/.local/lib/python3.12/site-packages/airflow/example_dags/example_skip_dag.py for tasks to queue
[2025-07-22T08:59:49.637+0000] {logging_mixin.py:188} INFO - [2025-07-22T08:59:49.636+0000] {dagbag.py:545} INFO - Filling up the DagBag from /home/airflow/.local/lib/python3.12/site-packages/airflow/example_dags/example_skip_dag.py
[2025-07-22T08:59:49.646+0000] {processor.py:840} INFO - DAG(s) 'example_skip_dag' retrieved from /home/airflow/.local/lib/python3.12/site-packages/airflow/example_dags/example_skip_dag.py
[2025-07-22T08:59:49.678+0000] {logging_mixin.py:188} INFO - [2025-07-22T08:59:49.677+0000] {dag.py:3096} INFO - Sync 1 DAGs
[2025-07-22T08:59:49.709+0000] {logging_mixin.py:188} INFO - [2025-07-22T08:59:49.709+0000] {dag.py:3954} INFO - Setting next_dagrun for example_skip_dag to 2025-07-21 00:00:00+00:00, run_after=2025-07-22 00:00:00+00:00
[2025-07-22T08:59:49.751+0000] {processor.py:183} INFO - Processing /home/airflow/.local/lib/python3.12/site-packages/airflow/example_dags/example_skip_dag.py took 0.126 seconds
[2025-07-22T09:00:20.056+0000] {processor.py:161} INFO - Started process (PID=1045) to work on /home/airflow/.local/lib/python3.12/site-packages/airflow/example_dags/example_skip_dag.py
[2025-07-22T09:00:20.057+0000] {processor.py:830} INFO - Processing file /home/airflow/.local/lib/python3.12/site-packages/airflow/example_dags/example_skip_dag.py for tasks to queue
[2025-07-22T09:00:20.059+0000] {logging_mixin.py:188} INFO - [2025-07-22T09:00:20.059+0000] {dagbag.py:545} INFO - Filling up the DagBag from /home/airflow/.local/lib/python3.12/site-packages/airflow/example_dags/example_skip_dag.py
[2025-07-22T09:00:20.066+0000] {processor.py:840} INFO - DAG(s) 'example_skip_dag' retrieved from /home/airflow/.local/lib/python3.12/site-packages/airflow/example_dags/example_skip_dag.py
[2025-07-22T09:00:20.089+0000] {logging_mixin.py:188} INFO - [2025-07-22T09:00:20.089+0000] {dag.py:3096} INFO - Sync 1 DAGs
[2025-07-22T09:00:20.113+0000] {logging_mixin.py:188} INFO - [2025-07-22T09:00:20.113+0000] {dag.py:3954} INFO - Setting next_dagrun for example_skip_dag to 2025-07-21 00:00:00+00:00, run_after=2025-07-22 00:00:00+00:00
[2025-07-22T09:00:20.134+0000] {processor.py:183} INFO - Processing /home/airflow/.local/lib/python3.12/site-packages/airflow/example_dags/example_skip_dag.py took 0.085 seconds
[2025-07-22T09:00:50.906+0000] {processor.py:161} INFO - Started process (PID=1105) to work on /home/airflow/.local/lib/python3.12/site-packages/airflow/example_dags/example_skip_dag.py
[2025-07-22T09:00:50.908+0000] {processor.py:830} INFO - Processing file /home/airflow/.local/lib/python3.12/site-packages/airflow/example_dags/example_skip_dag.py for tasks to queue
[2025-07-22T09:00:50.911+0000] {logging_mixin.py:188} INFO - [2025-07-22T09:00:50.910+0000] {dagbag.py:545} INFO - Filling up the DagBag from /home/airflow/.local/lib/python3.12/site-packages/airflow/example_dags/example_skip_dag.py
[2025-07-22T09:00:50.921+0000] {processor.py:840} INFO - DAG(s) 'example_skip_dag' retrieved from /home/airflow/.local/lib/python3.12/site-packages/airflow/example_dags/example_skip_dag.py
[2025-07-22T09:00:50.958+0000] {logging_mixin.py:188} INFO - [2025-07-22T09:00:50.957+0000] {dag.py:3096} INFO - Sync 1 DAGs
[2025-07-22T09:00:50.990+0000] {logging_mixin.py:188} INFO - [2025-07-22T09:00:50.989+0000] {dag.py:3954} INFO - Setting next_dagrun for example_skip_dag to 2025-07-21 00:00:00+00:00, run_after=2025-07-22 00:00:00+00:00
[2025-07-22T09:00:51.018+0000] {processor.py:183} INFO - Processing /home/airflow/.local/lib/python3.12/site-packages/airflow/example_dags/example_skip_dag.py took 0.120 seconds
[2025-07-22T09:01:21.720+0000] {processor.py:161} INFO - Started process (PID=1165) to work on /home/airflow/.local/lib/python3.12/site-packages/airflow/example_dags/example_skip_dag.py
[2025-07-22T09:01:21.721+0000] {processor.py:830} INFO - Processing file /home/airflow/.local/lib/python3.12/site-packages/airflow/example_dags/example_skip_dag.py for tasks to queue
[2025-07-22T09:01:21.724+0000] {logging_mixin.py:188} INFO - [2025-07-22T09:01:21.724+0000] {dagbag.py:545} INFO - Filling up the DagBag from /home/airflow/.local/lib/python3.12/site-packages/airflow/example_dags/example_skip_dag.py
[2025-07-22T09:01:21.733+0000] {processor.py:840} INFO - DAG(s) 'example_skip_dag' retrieved from /home/airflow/.local/lib/python3.12/site-packages/airflow/example_dags/example_skip_dag.py
[2025-07-22T09:01:21.762+0000] {logging_mixin.py:188} INFO - [2025-07-22T09:01:21.761+0000] {dag.py:3096} INFO - Sync 1 DAGs
[2025-07-22T09:01:21.792+0000] {logging_mixin.py:188} INFO - [2025-07-22T09:01:21.791+0000] {dag.py:3954} INFO - Setting next_dagrun for example_skip_dag to 2025-07-21 00:00:00+00:00, run_after=2025-07-22 00:00:00+00:00
[2025-07-22T09:01:21.817+0000] {processor.py:183} INFO - Processing /home/airflow/.local/lib/python3.12/site-packages/airflow/example_dags/example_skip_dag.py took 0.105 seconds
[2025-07-22T09:01:51.960+0000] {processor.py:161} INFO - Started process (PID=1225) to work on /home/airflow/.local/lib/python3.12/site-packages/airflow/example_dags/example_skip_dag.py
[2025-07-22T09:01:51.962+0000] {processor.py:830} INFO - Processing file /home/airflow/.local/lib/python3.12/site-packages/airflow/example_dags/example_skip_dag.py for tasks to queue
[2025-07-22T09:01:51.965+0000] {logging_mixin.py:188} INFO - [2025-07-22T09:01:51.964+0000] {dagbag.py:545} INFO - Filling up the DagBag from /home/airflow/.local/lib/python3.12/site-packages/airflow/example_dags/example_skip_dag.py
[2025-07-22T09:01:51.972+0000] {processor.py:840} INFO - DAG(s) 'example_skip_dag' retrieved from /home/airflow/.local/lib/python3.12/site-packages/airflow/example_dags/example_skip_dag.py
[2025-07-22T09:01:51.995+0000] {logging_mixin.py:188} INFO - [2025-07-22T09:01:51.995+0000] {dag.py:3096} INFO - Sync 1 DAGs
[2025-07-22T09:01:52.027+0000] {logging_mixin.py:188} INFO - [2025-07-22T09:01:52.027+0000] {dag.py:3954} INFO - Setting next_dagrun for example_skip_dag to 2025-07-21 00:00:00+00:00, run_after=2025-07-22 00:00:00+00:00
[2025-07-22T09:01:52.052+0000] {processor.py:183} INFO - Processing /home/airflow/.local/lib/python3.12/site-packages/airflow/example_dags/example_skip_dag.py took 0.098 seconds
[2025-07-22T09:02:22.202+0000] {processor.py:161} INFO - Started process (PID=1285) to work on /home/airflow/.local/lib/python3.12/site-packages/airflow/example_dags/example_skip_dag.py
[2025-07-22T09:02:22.203+0000] {processor.py:830} INFO - Processing file /home/airflow/.local/lib/python3.12/site-packages/airflow/example_dags/example_skip_dag.py for tasks to queue
[2025-07-22T09:02:22.206+0000] {logging_mixin.py:188} INFO - [2025-07-22T09:02:22.205+0000] {dagbag.py:545} INFO - Filling up the DagBag from /home/airflow/.local/lib/python3.12/site-packages/airflow/example_dags/example_skip_dag.py
[2025-07-22T09:02:22.215+0000] {processor.py:840} INFO - DAG(s) 'example_skip_dag' retrieved from /home/airflow/.local/lib/python3.12/site-packages/airflow/example_dags/example_skip_dag.py
[2025-07-22T09:02:22.254+0000] {logging_mixin.py:188} INFO - [2025-07-22T09:02:22.254+0000] {dag.py:3096} INFO - Sync 1 DAGs
[2025-07-22T09:02:22.285+0000] {logging_mixin.py:188} INFO - [2025-07-22T09:02:22.285+0000] {dag.py:3954} INFO - Setting next_dagrun for example_skip_dag to 2025-07-21 00:00:00+00:00, run_after=2025-07-22 00:00:00+00:00
[2025-07-22T09:02:22.308+0000] {processor.py:183} INFO - Processing /home/airflow/.local/lib/python3.12/site-packages/airflow/example_dags/example_skip_dag.py took 0.118 seconds
[2025-07-22T09:02:52.760+0000] {processor.py:161} INFO - Started process (PID=1345) to work on /home/airflow/.local/lib/python3.12/site-packages/airflow/example_dags/example_skip_dag.py
[2025-07-22T09:02:52.761+0000] {processor.py:830} INFO - Processing file /home/airflow/.local/lib/python3.12/site-packages/airflow/example_dags/example_skip_dag.py for tasks to queue
[2025-07-22T09:02:52.764+0000] {logging_mixin.py:188} INFO - [2025-07-22T09:02:52.763+0000] {dagbag.py:545} INFO - Filling up the DagBag from /home/airflow/.local/lib/python3.12/site-packages/airflow/example_dags/example_skip_dag.py
[2025-07-22T09:02:52.771+0000] {processor.py:840} INFO - DAG(s) 'example_skip_dag' retrieved from /home/airflow/.local/lib/python3.12/site-packages/airflow/example_dags/example_skip_dag.py
[2025-07-22T09:02:52.796+0000] {logging_mixin.py:188} INFO - [2025-07-22T09:02:52.796+0000] {dag.py:3096} INFO - Sync 1 DAGs
[2025-07-22T09:02:52.824+0000] {logging_mixin.py:188} INFO - [2025-07-22T09:02:52.824+0000] {dag.py:3954} INFO - Setting next_dagrun for example_skip_dag to 2025-07-21 00:00:00+00:00, run_after=2025-07-22 00:00:00+00:00
[2025-07-22T09:02:52.849+0000] {processor.py:183} INFO - Processing /home/airflow/.local/lib/python3.12/site-packages/airflow/example_dags/example_skip_dag.py took 0.096 seconds
[2025-07-22T09:03:23.213+0000] {processor.py:161} INFO - Started process (PID=1405) to work on /home/airflow/.local/lib/python3.12/site-packages/airflow/example_dags/example_skip_dag.py
[2025-07-22T09:03:23.215+0000] {processor.py:830} INFO - Processing file /home/airflow/.local/lib/python3.12/site-packages/airflow/example_dags/example_skip_dag.py for tasks to queue
[2025-07-22T09:03:23.217+0000] {logging_mixin.py:188} INFO - [2025-07-22T09:03:23.217+0000] {dagbag.py:545} INFO - Filling up the DagBag from /home/airflow/.local/lib/python3.12/site-packages/airflow/example_dags/example_skip_dag.py
[2025-07-22T09:03:23.226+0000] {processor.py:840} INFO - DAG(s) 'example_skip_dag' retrieved from /home/airflow/.local/lib/python3.12/site-packages/airflow/example_dags/example_skip_dag.py
[2025-07-22T09:03:23.254+0000] {logging_mixin.py:188} INFO - [2025-07-22T09:03:23.253+0000] {dag.py:3096} INFO - Sync 1 DAGs
[2025-07-22T09:03:23.282+0000] {logging_mixin.py:188} INFO - [2025-07-22T09:03:23.282+0000] {dag.py:3954} INFO - Setting next_dagrun for example_skip_dag to 2025-07-21 00:00:00+00:00, run_after=2025-07-22 00:00:00+00:00
[2025-07-22T09:03:23.307+0000] {processor.py:183} INFO - Processing /home/airflow/.local/lib/python3.12/site-packages/airflow/example_dags/example_skip_dag.py took 0.101 seconds
[2025-07-22T09:03:53.368+0000] {processor.py:161} INFO - Started process (PID=1465) to work on /home/airflow/.local/lib/python3.12/site-packages/airflow/example_dags/example_skip_dag.py
[2025-07-22T09:03:53.370+0000] {processor.py:830} INFO - Processing file /home/airflow/.local/lib/python3.12/site-packages/airflow/example_dags/example_skip_dag.py for tasks to queue
[2025-07-22T09:03:53.372+0000] {logging_mixin.py:188} INFO - [2025-07-22T09:03:53.371+0000] {dagbag.py:545} INFO - Filling up the DagBag from /home/airflow/.local/lib/python3.12/site-packages/airflow/example_dags/example_skip_dag.py
[2025-07-22T09:03:53.379+0000] {processor.py:840} INFO - DAG(s) 'example_skip_dag' retrieved from /home/airflow/.local/lib/python3.12/site-packages/airflow/example_dags/example_skip_dag.py
[2025-07-22T09:03:53.404+0000] {logging_mixin.py:188} INFO - [2025-07-22T09:03:53.404+0000] {dag.py:3096} INFO - Sync 1 DAGs
[2025-07-22T09:03:53.428+0000] {logging_mixin.py:188} INFO - [2025-07-22T09:03:53.428+0000] {dag.py:3954} INFO - Setting next_dagrun for example_skip_dag to 2025-07-21 00:00:00+00:00, run_after=2025-07-22 00:00:00+00:00
[2025-07-22T09:03:53.449+0000] {processor.py:183} INFO - Processing /home/airflow/.local/lib/python3.12/site-packages/airflow/example_dags/example_skip_dag.py took 0.087 seconds
[2025-07-22T09:04:24.128+0000] {processor.py:161} INFO - Started process (PID=1525) to work on /home/airflow/.local/lib/python3.12/site-packages/airflow/example_dags/example_skip_dag.py
[2025-07-22T09:04:24.130+0000] {processor.py:830} INFO - Processing file /home/airflow/.local/lib/python3.12/site-packages/airflow/example_dags/example_skip_dag.py for tasks to queue
[2025-07-22T09:04:24.133+0000] {logging_mixin.py:188} INFO - [2025-07-22T09:04:24.132+0000] {dagbag.py:545} INFO - Filling up the DagBag from /home/airflow/.local/lib/python3.12/site-packages/airflow/example_dags/example_skip_dag.py
[2025-07-22T09:04:24.143+0000] {processor.py:840} INFO - DAG(s) 'example_skip_dag' retrieved from /home/airflow/.local/lib/python3.12/site-packages/airflow/example_dags/example_skip_dag.py
[2025-07-22T09:04:24.172+0000] {logging_mixin.py:188} INFO - [2025-07-22T09:04:24.172+0000] {dag.py:3096} INFO - Sync 1 DAGs
[2025-07-22T09:04:24.200+0000] {logging_mixin.py:188} INFO - [2025-07-22T09:04:24.200+0000] {dag.py:3954} INFO - Setting next_dagrun for example_skip_dag to 2025-07-21 00:00:00+00:00, run_after=2025-07-22 00:00:00+00:00
[2025-07-22T09:04:24.225+0000] {processor.py:183} INFO - Processing /home/airflow/.local/lib/python3.12/site-packages/airflow/example_dags/example_skip_dag.py took 0.109 seconds
[2025-07-22T09:04:54.532+0000] {processor.py:161} INFO - Started process (PID=1585) to work on /home/airflow/.local/lib/python3.12/site-packages/airflow/example_dags/example_skip_dag.py
[2025-07-22T09:04:54.533+0000] {processor.py:830} INFO - Processing file /home/airflow/.local/lib/python3.12/site-packages/airflow/example_dags/example_skip_dag.py for tasks to queue
[2025-07-22T09:04:54.536+0000] {logging_mixin.py:188} INFO - [2025-07-22T09:04:54.536+0000] {dagbag.py:545} INFO - Filling up the DagBag from /home/airflow/.local/lib/python3.12/site-packages/airflow/example_dags/example_skip_dag.py
[2025-07-22T09:04:54.545+0000] {processor.py:840} INFO - DAG(s) 'example_skip_dag' retrieved from /home/airflow/.local/lib/python3.12/site-packages/airflow/example_dags/example_skip_dag.py
[2025-07-22T09:04:54.574+0000] {logging_mixin.py:188} INFO - [2025-07-22T09:04:54.574+0000] {dag.py:3096} INFO - Sync 1 DAGs
[2025-07-22T09:04:54.600+0000] {logging_mixin.py:188} INFO - [2025-07-22T09:04:54.599+0000] {dag.py:3954} INFO - Setting next_dagrun for example_skip_dag to 2025-07-21 00:00:00+00:00, run_after=2025-07-22 00:00:00+00:00
[2025-07-22T09:04:54.623+0000] {processor.py:183} INFO - Processing /home/airflow/.local/lib/python3.12/site-packages/airflow/example_dags/example_skip_dag.py took 0.099 seconds
[2025-07-22T09:05:25.530+0000] {processor.py:161} INFO - Started process (PID=1645) to work on /home/airflow/.local/lib/python3.12/site-packages/airflow/example_dags/example_skip_dag.py
[2025-07-22T09:05:25.532+0000] {processor.py:830} INFO - Processing file /home/airflow/.local/lib/python3.12/site-packages/airflow/example_dags/example_skip_dag.py for tasks to queue
[2025-07-22T09:05:25.534+0000] {logging_mixin.py:188} INFO - [2025-07-22T09:05:25.534+0000] {dagbag.py:545} INFO - Filling up the DagBag from /home/airflow/.local/lib/python3.12/site-packages/airflow/example_dags/example_skip_dag.py
[2025-07-22T09:05:25.541+0000] {processor.py:840} INFO - DAG(s) 'example_skip_dag' retrieved from /home/airflow/.local/lib/python3.12/site-packages/airflow/example_dags/example_skip_dag.py
[2025-07-22T09:05:25.566+0000] {logging_mixin.py:188} INFO - [2025-07-22T09:05:25.566+0000] {dag.py:3096} INFO - Sync 1 DAGs
[2025-07-22T09:05:25.593+0000] {logging_mixin.py:188} INFO - [2025-07-22T09:05:25.592+0000] {dag.py:3954} INFO - Setting next_dagrun for example_skip_dag to 2025-07-21 00:00:00+00:00, run_after=2025-07-22 00:00:00+00:00
[2025-07-22T09:05:25.617+0000] {processor.py:183} INFO - Processing /home/airflow/.local/lib/python3.12/site-packages/airflow/example_dags/example_skip_dag.py took 0.093 seconds
[2025-07-22T09:05:55.865+0000] {processor.py:161} INFO - Started process (PID=1705) to work on /home/airflow/.local/lib/python3.12/site-packages/airflow/example_dags/example_skip_dag.py
[2025-07-22T09:05:55.866+0000] {processor.py:830} INFO - Processing file /home/airflow/.local/lib/python3.12/site-packages/airflow/example_dags/example_skip_dag.py for tasks to queue
[2025-07-22T09:05:55.871+0000] {logging_mixin.py:188} INFO - [2025-07-22T09:05:55.869+0000] {dagbag.py:545} INFO - Filling up the DagBag from /home/airflow/.local/lib/python3.12/site-packages/airflow/example_dags/example_skip_dag.py
[2025-07-22T09:05:55.886+0000] {processor.py:840} INFO - DAG(s) 'example_skip_dag' retrieved from /home/airflow/.local/lib/python3.12/site-packages/airflow/example_dags/example_skip_dag.py
[2025-07-22T09:05:55.917+0000] {logging_mixin.py:188} INFO - [2025-07-22T09:05:55.917+0000] {dag.py:3096} INFO - Sync 1 DAGs
[2025-07-22T09:05:55.951+0000] {logging_mixin.py:188} INFO - [2025-07-22T09:05:55.951+0000] {dag.py:3954} INFO - Setting next_dagrun for example_skip_dag to 2025-07-21 00:00:00+00:00, run_after=2025-07-22 00:00:00+00:00
[2025-07-22T09:05:55.972+0000] {processor.py:183} INFO - Processing /home/airflow/.local/lib/python3.12/site-packages/airflow/example_dags/example_skip_dag.py took 0.116 seconds
[2025-07-22T09:06:26.361+0000] {processor.py:161} INFO - Started process (PID=1765) to work on /home/airflow/.local/lib/python3.12/site-packages/airflow/example_dags/example_skip_dag.py
[2025-07-22T09:06:26.362+0000] {processor.py:830} INFO - Processing file /home/airflow/.local/lib/python3.12/site-packages/airflow/example_dags/example_skip_dag.py for tasks to queue
[2025-07-22T09:06:26.365+0000] {logging_mixin.py:188} INFO - [2025-07-22T09:06:26.365+0000] {dagbag.py:545} INFO - Filling up the DagBag from /home/airflow/.local/lib/python3.12/site-packages/airflow/example_dags/example_skip_dag.py
[2025-07-22T09:06:26.374+0000] {processor.py:840} INFO - DAG(s) 'example_skip_dag' retrieved from /home/airflow/.local/lib/python3.12/site-packages/airflow/example_dags/example_skip_dag.py
[2025-07-22T09:06:26.400+0000] {logging_mixin.py:188} INFO - [2025-07-22T09:06:26.400+0000] {dag.py:3096} INFO - Sync 1 DAGs
[2025-07-22T09:06:26.438+0000] {logging_mixin.py:188} INFO - [2025-07-22T09:06:26.438+0000] {dag.py:3954} INFO - Setting next_dagrun for example_skip_dag to 2025-07-21 00:00:00+00:00, run_after=2025-07-22 00:00:00+00:00
[2025-07-22T09:06:26.463+0000] {processor.py:183} INFO - Processing /home/airflow/.local/lib/python3.12/site-packages/airflow/example_dags/example_skip_dag.py took 0.111 seconds
[2025-07-22T09:06:56.916+0000] {processor.py:161} INFO - Started process (PID=1825) to work on /home/airflow/.local/lib/python3.12/site-packages/airflow/example_dags/example_skip_dag.py
[2025-07-22T09:06:56.919+0000] {processor.py:830} INFO - Processing file /home/airflow/.local/lib/python3.12/site-packages/airflow/example_dags/example_skip_dag.py for tasks to queue
[2025-07-22T09:06:56.923+0000] {logging_mixin.py:188} INFO - [2025-07-22T09:06:56.922+0000] {dagbag.py:545} INFO - Filling up the DagBag from /home/airflow/.local/lib/python3.12/site-packages/airflow/example_dags/example_skip_dag.py
[2025-07-22T09:06:56.939+0000] {processor.py:840} INFO - DAG(s) 'example_skip_dag' retrieved from /home/airflow/.local/lib/python3.12/site-packages/airflow/example_dags/example_skip_dag.py
[2025-07-22T09:06:57.004+0000] {logging_mixin.py:188} INFO - [2025-07-22T09:06:57.003+0000] {dag.py:3096} INFO - Sync 1 DAGs
[2025-07-22T09:06:57.067+0000] {logging_mixin.py:188} INFO - [2025-07-22T09:06:57.067+0000] {dag.py:3954} INFO - Setting next_dagrun for example_skip_dag to 2025-07-21 00:00:00+00:00, run_after=2025-07-22 00:00:00+00:00
[2025-07-22T09:06:57.133+0000] {processor.py:183} INFO - Processing /home/airflow/.local/lib/python3.12/site-packages/airflow/example_dags/example_skip_dag.py took 0.231 seconds
[2025-07-22T09:07:27.444+0000] {processor.py:161} INFO - Started process (PID=1885) to work on /home/airflow/.local/lib/python3.12/site-packages/airflow/example_dags/example_skip_dag.py
[2025-07-22T09:07:27.448+0000] {processor.py:830} INFO - Processing file /home/airflow/.local/lib/python3.12/site-packages/airflow/example_dags/example_skip_dag.py for tasks to queue
[2025-07-22T09:07:27.454+0000] {logging_mixin.py:188} INFO - [2025-07-22T09:07:27.453+0000] {dagbag.py:545} INFO - Filling up the DagBag from /home/airflow/.local/lib/python3.12/site-packages/airflow/example_dags/example_skip_dag.py
[2025-07-22T09:07:27.473+0000] {processor.py:840} INFO - DAG(s) 'example_skip_dag' retrieved from /home/airflow/.local/lib/python3.12/site-packages/airflow/example_dags/example_skip_dag.py
[2025-07-22T09:07:27.502+0000] {logging_mixin.py:188} INFO - [2025-07-22T09:07:27.501+0000] {dag.py:3096} INFO - Sync 1 DAGs
[2025-07-22T09:07:27.537+0000] {logging_mixin.py:188} INFO - [2025-07-22T09:07:27.536+0000] {dag.py:3954} INFO - Setting next_dagrun for example_skip_dag to 2025-07-21 00:00:00+00:00, run_after=2025-07-22 00:00:00+00:00
[2025-07-22T09:07:27.565+0000] {processor.py:183} INFO - Processing /home/airflow/.local/lib/python3.12/site-packages/airflow/example_dags/example_skip_dag.py took 0.145 seconds
[2025-07-22T09:07:57.807+0000] {processor.py:161} INFO - Started process (PID=1945) to work on /home/airflow/.local/lib/python3.12/site-packages/airflow/example_dags/example_skip_dag.py
[2025-07-22T09:07:57.808+0000] {processor.py:830} INFO - Processing file /home/airflow/.local/lib/python3.12/site-packages/airflow/example_dags/example_skip_dag.py for tasks to queue
[2025-07-22T09:07:57.811+0000] {logging_mixin.py:188} INFO - [2025-07-22T09:07:57.810+0000] {dagbag.py:545} INFO - Filling up the DagBag from /home/airflow/.local/lib/python3.12/site-packages/airflow/example_dags/example_skip_dag.py
[2025-07-22T09:07:57.819+0000] {processor.py:840} INFO - DAG(s) 'example_skip_dag' retrieved from /home/airflow/.local/lib/python3.12/site-packages/airflow/example_dags/example_skip_dag.py
[2025-07-22T09:07:57.844+0000] {logging_mixin.py:188} INFO - [2025-07-22T09:07:57.844+0000] {dag.py:3096} INFO - Sync 1 DAGs
[2025-07-22T09:07:57.870+0000] {logging_mixin.py:188} INFO - [2025-07-22T09:07:57.870+0000] {dag.py:3954} INFO - Setting next_dagrun for example_skip_dag to 2025-07-21 00:00:00+00:00, run_after=2025-07-22 00:00:00+00:00
[2025-07-22T09:07:57.891+0000] {processor.py:183} INFO - Processing /home/airflow/.local/lib/python3.12/site-packages/airflow/example_dags/example_skip_dag.py took 0.092 seconds
[2025-07-22T09:08:28.586+0000] {processor.py:161} INFO - Started process (PID=2005) to work on /home/airflow/.local/lib/python3.12/site-packages/airflow/example_dags/example_skip_dag.py
[2025-07-22T09:08:28.588+0000] {processor.py:830} INFO - Processing file /home/airflow/.local/lib/python3.12/site-packages/airflow/example_dags/example_skip_dag.py for tasks to queue
[2025-07-22T09:08:28.593+0000] {logging_mixin.py:188} INFO - [2025-07-22T09:08:28.592+0000] {dagbag.py:545} INFO - Filling up the DagBag from /home/airflow/.local/lib/python3.12/site-packages/airflow/example_dags/example_skip_dag.py
[2025-07-22T09:08:28.605+0000] {processor.py:840} INFO - DAG(s) 'example_skip_dag' retrieved from /home/airflow/.local/lib/python3.12/site-packages/airflow/example_dags/example_skip_dag.py
[2025-07-22T09:08:28.635+0000] {logging_mixin.py:188} INFO - [2025-07-22T09:08:28.635+0000] {dag.py:3096} INFO - Sync 1 DAGs
[2025-07-22T09:08:28.666+0000] {logging_mixin.py:188} INFO - [2025-07-22T09:08:28.666+0000] {dag.py:3954} INFO - Setting next_dagrun for example_skip_dag to 2025-07-21 00:00:00+00:00, run_after=2025-07-22 00:00:00+00:00
[2025-07-22T09:08:28.690+0000] {processor.py:183} INFO - Processing /home/airflow/.local/lib/python3.12/site-packages/airflow/example_dags/example_skip_dag.py took 0.114 seconds
[2025-07-22T09:08:58.744+0000] {processor.py:161} INFO - Started process (PID=2065) to work on /home/airflow/.local/lib/python3.12/site-packages/airflow/example_dags/example_skip_dag.py
[2025-07-22T09:08:58.745+0000] {processor.py:830} INFO - Processing file /home/airflow/.local/lib/python3.12/site-packages/airflow/example_dags/example_skip_dag.py for tasks to queue
[2025-07-22T09:08:58.747+0000] {logging_mixin.py:188} INFO - [2025-07-22T09:08:58.747+0000] {dagbag.py:545} INFO - Filling up the DagBag from /home/airflow/.local/lib/python3.12/site-packages/airflow/example_dags/example_skip_dag.py
[2025-07-22T09:08:58.754+0000] {processor.py:840} INFO - DAG(s) 'example_skip_dag' retrieved from /home/airflow/.local/lib/python3.12/site-packages/airflow/example_dags/example_skip_dag.py
[2025-07-22T09:08:58.781+0000] {logging_mixin.py:188} INFO - [2025-07-22T09:08:58.781+0000] {dag.py:3096} INFO - Sync 1 DAGs
[2025-07-22T09:08:58.806+0000] {logging_mixin.py:188} INFO - [2025-07-22T09:08:58.806+0000] {dag.py:3954} INFO - Setting next_dagrun for example_skip_dag to 2025-07-21 00:00:00+00:00, run_after=2025-07-22 00:00:00+00:00
[2025-07-22T09:08:58.830+0000] {processor.py:183} INFO - Processing /home/airflow/.local/lib/python3.12/site-packages/airflow/example_dags/example_skip_dag.py took 0.092 seconds
[2025-07-22T09:09:29.141+0000] {processor.py:161} INFO - Started process (PID=2125) to work on /home/airflow/.local/lib/python3.12/site-packages/airflow/example_dags/example_skip_dag.py
[2025-07-22T09:09:29.142+0000] {processor.py:830} INFO - Processing file /home/airflow/.local/lib/python3.12/site-packages/airflow/example_dags/example_skip_dag.py for tasks to queue
[2025-07-22T09:09:29.144+0000] {logging_mixin.py:188} INFO - [2025-07-22T09:09:29.144+0000] {dagbag.py:545} INFO - Filling up the DagBag from /home/airflow/.local/lib/python3.12/site-packages/airflow/example_dags/example_skip_dag.py
[2025-07-22T09:09:29.151+0000] {processor.py:840} INFO - DAG(s) 'example_skip_dag' retrieved from /home/airflow/.local/lib/python3.12/site-packages/airflow/example_dags/example_skip_dag.py
[2025-07-22T09:09:29.174+0000] {logging_mixin.py:188} INFO - [2025-07-22T09:09:29.174+0000] {dag.py:3096} INFO - Sync 1 DAGs
[2025-07-22T09:09:29.199+0000] {logging_mixin.py:188} INFO - [2025-07-22T09:09:29.199+0000] {dag.py:3954} INFO - Setting next_dagrun for example_skip_dag to 2025-07-21 00:00:00+00:00, run_after=2025-07-22 00:00:00+00:00
[2025-07-22T09:09:29.220+0000] {processor.py:183} INFO - Processing /home/airflow/.local/lib/python3.12/site-packages/airflow/example_dags/example_skip_dag.py took 0.085 seconds
[2025-07-22T09:09:59.800+0000] {processor.py:161} INFO - Started process (PID=2185) to work on /home/airflow/.local/lib/python3.12/site-packages/airflow/example_dags/example_skip_dag.py
[2025-07-22T09:09:59.801+0000] {processor.py:830} INFO - Processing file /home/airflow/.local/lib/python3.12/site-packages/airflow/example_dags/example_skip_dag.py for tasks to queue
[2025-07-22T09:09:59.803+0000] {logging_mixin.py:188} INFO - [2025-07-22T09:09:59.803+0000] {dagbag.py:545} INFO - Filling up the DagBag from /home/airflow/.local/lib/python3.12/site-packages/airflow/example_dags/example_skip_dag.py
[2025-07-22T09:09:59.811+0000] {processor.py:840} INFO - DAG(s) 'example_skip_dag' retrieved from /home/airflow/.local/lib/python3.12/site-packages/airflow/example_dags/example_skip_dag.py
[2025-07-22T09:09:59.837+0000] {logging_mixin.py:188} INFO - [2025-07-22T09:09:59.836+0000] {dag.py:3096} INFO - Sync 1 DAGs
[2025-07-22T09:10:00.020+0000] {logging_mixin.py:188} INFO - [2025-07-22T09:10:00.019+0000] {dag.py:3954} INFO - Setting next_dagrun for example_skip_dag to 2025-07-21 00:00:00+00:00, run_after=2025-07-22 00:00:00+00:00
[2025-07-22T09:10:00.051+0000] {processor.py:183} INFO - Processing /home/airflow/.local/lib/python3.12/site-packages/airflow/example_dags/example_skip_dag.py took 0.258 seconds
[2025-07-22T09:10:30.475+0000] {processor.py:161} INFO - Started process (PID=2245) to work on /home/airflow/.local/lib/python3.12/site-packages/airflow/example_dags/example_skip_dag.py
[2025-07-22T09:10:30.476+0000] {processor.py:830} INFO - Processing file /home/airflow/.local/lib/python3.12/site-packages/airflow/example_dags/example_skip_dag.py for tasks to queue
[2025-07-22T09:10:30.478+0000] {logging_mixin.py:188} INFO - [2025-07-22T09:10:30.478+0000] {dagbag.py:545} INFO - Filling up the DagBag from /home/airflow/.local/lib/python3.12/site-packages/airflow/example_dags/example_skip_dag.py
[2025-07-22T09:10:30.485+0000] {processor.py:840} INFO - DAG(s) 'example_skip_dag' retrieved from /home/airflow/.local/lib/python3.12/site-packages/airflow/example_dags/example_skip_dag.py
[2025-07-22T09:10:30.507+0000] {logging_mixin.py:188} INFO - [2025-07-22T09:10:30.507+0000] {dag.py:3096} INFO - Sync 1 DAGs
[2025-07-22T09:10:30.531+0000] {logging_mixin.py:188} INFO - [2025-07-22T09:10:30.530+0000] {dag.py:3954} INFO - Setting next_dagrun for example_skip_dag to 2025-07-21 00:00:00+00:00, run_after=2025-07-22 00:00:00+00:00
[2025-07-22T09:10:30.550+0000] {processor.py:183} INFO - Processing /home/airflow/.local/lib/python3.12/site-packages/airflow/example_dags/example_skip_dag.py took 0.082 seconds
[2025-07-22T09:11:00.915+0000] {processor.py:161} INFO - Started process (PID=2305) to work on /home/airflow/.local/lib/python3.12/site-packages/airflow/example_dags/example_skip_dag.py
[2025-07-22T09:11:00.917+0000] {processor.py:830} INFO - Processing file /home/airflow/.local/lib/python3.12/site-packages/airflow/example_dags/example_skip_dag.py for tasks to queue
[2025-07-22T09:11:00.919+0000] {logging_mixin.py:188} INFO - [2025-07-22T09:11:00.919+0000] {dagbag.py:545} INFO - Filling up the DagBag from /home/airflow/.local/lib/python3.12/site-packages/airflow/example_dags/example_skip_dag.py
[2025-07-22T09:11:00.930+0000] {processor.py:840} INFO - DAG(s) 'example_skip_dag' retrieved from /home/airflow/.local/lib/python3.12/site-packages/airflow/example_dags/example_skip_dag.py
[2025-07-22T09:11:00.961+0000] {logging_mixin.py:188} INFO - [2025-07-22T09:11:00.961+0000] {dag.py:3096} INFO - Sync 1 DAGs
[2025-07-22T09:11:00.997+0000] {logging_mixin.py:188} INFO - [2025-07-22T09:11:00.996+0000] {dag.py:3954} INFO - Setting next_dagrun for example_skip_dag to 2025-07-21 00:00:00+00:00, run_after=2025-07-22 00:00:00+00:00
[2025-07-22T09:11:01.028+0000] {processor.py:183} INFO - Processing /home/airflow/.local/lib/python3.12/site-packages/airflow/example_dags/example_skip_dag.py took 0.119 seconds
[2025-07-22T09:11:31.461+0000] {processor.py:161} INFO - Started process (PID=2365) to work on /home/airflow/.local/lib/python3.12/site-packages/airflow/example_dags/example_skip_dag.py
[2025-07-22T09:11:31.462+0000] {processor.py:830} INFO - Processing file /home/airflow/.local/lib/python3.12/site-packages/airflow/example_dags/example_skip_dag.py for tasks to queue
[2025-07-22T09:11:31.466+0000] {logging_mixin.py:188} INFO - [2025-07-22T09:11:31.465+0000] {dagbag.py:545} INFO - Filling up the DagBag from /home/airflow/.local/lib/python3.12/site-packages/airflow/example_dags/example_skip_dag.py
[2025-07-22T09:11:31.474+0000] {processor.py:840} INFO - DAG(s) 'example_skip_dag' retrieved from /home/airflow/.local/lib/python3.12/site-packages/airflow/example_dags/example_skip_dag.py
[2025-07-22T09:11:31.502+0000] {logging_mixin.py:188} INFO - [2025-07-22T09:11:31.501+0000] {dag.py:3096} INFO - Sync 1 DAGs
[2025-07-22T09:11:31.530+0000] {logging_mixin.py:188} INFO - [2025-07-22T09:11:31.530+0000] {dag.py:3954} INFO - Setting next_dagrun for example_skip_dag to 2025-07-21 00:00:00+00:00, run_after=2025-07-22 00:00:00+00:00
[2025-07-22T09:11:31.557+0000] {processor.py:183} INFO - Processing /home/airflow/.local/lib/python3.12/site-packages/airflow/example_dags/example_skip_dag.py took 0.105 seconds
[2025-07-22T09:12:02.726+0000] {processor.py:161} INFO - Started process (PID=2425) to work on /home/airflow/.local/lib/python3.12/site-packages/airflow/example_dags/example_skip_dag.py
[2025-07-22T09:12:02.728+0000] {processor.py:830} INFO - Processing file /home/airflow/.local/lib/python3.12/site-packages/airflow/example_dags/example_skip_dag.py for tasks to queue
[2025-07-22T09:12:02.732+0000] {logging_mixin.py:188} INFO - [2025-07-22T09:12:02.732+0000] {dagbag.py:545} INFO - Filling up the DagBag from /home/airflow/.local/lib/python3.12/site-packages/airflow/example_dags/example_skip_dag.py
[2025-07-22T09:12:02.744+0000] {processor.py:840} INFO - DAG(s) 'example_skip_dag' retrieved from /home/airflow/.local/lib/python3.12/site-packages/airflow/example_dags/example_skip_dag.py
[2025-07-22T09:12:02.781+0000] {logging_mixin.py:188} INFO - [2025-07-22T09:12:02.781+0000] {dag.py:3096} INFO - Sync 1 DAGs
[2025-07-22T09:12:02.833+0000] {logging_mixin.py:188} INFO - [2025-07-22T09:12:02.832+0000] {dag.py:3954} INFO - Setting next_dagrun for example_skip_dag to 2025-07-21 00:00:00+00:00, run_after=2025-07-22 00:00:00+00:00
[2025-07-22T09:12:02.865+0000] {processor.py:183} INFO - Processing /home/airflow/.local/lib/python3.12/site-packages/airflow/example_dags/example_skip_dag.py took 0.153 seconds
[2025-07-22T09:12:33.691+0000] {processor.py:161} INFO - Started process (PID=2485) to work on /home/airflow/.local/lib/python3.12/site-packages/airflow/example_dags/example_skip_dag.py
[2025-07-22T09:12:33.692+0000] {processor.py:830} INFO - Processing file /home/airflow/.local/lib/python3.12/site-packages/airflow/example_dags/example_skip_dag.py for tasks to queue
[2025-07-22T09:12:33.696+0000] {logging_mixin.py:188} INFO - [2025-07-22T09:12:33.695+0000] {dagbag.py:545} INFO - Filling up the DagBag from /home/airflow/.local/lib/python3.12/site-packages/airflow/example_dags/example_skip_dag.py
[2025-07-22T09:12:33.705+0000] {processor.py:840} INFO - DAG(s) 'example_skip_dag' retrieved from /home/airflow/.local/lib/python3.12/site-packages/airflow/example_dags/example_skip_dag.py
[2025-07-22T09:12:33.736+0000] {logging_mixin.py:188} INFO - [2025-07-22T09:12:33.736+0000] {dag.py:3096} INFO - Sync 1 DAGs
[2025-07-22T09:12:33.768+0000] {logging_mixin.py:188} INFO - [2025-07-22T09:12:33.768+0000] {dag.py:3954} INFO - Setting next_dagrun for example_skip_dag to 2025-07-21 00:00:00+00:00, run_after=2025-07-22 00:00:00+00:00
[2025-07-22T09:12:33.795+0000] {processor.py:183} INFO - Processing /home/airflow/.local/lib/python3.12/site-packages/airflow/example_dags/example_skip_dag.py took 0.113 seconds
[2025-07-22T09:13:04.647+0000] {processor.py:161} INFO - Started process (PID=2551) to work on /home/airflow/.local/lib/python3.12/site-packages/airflow/example_dags/example_skip_dag.py
[2025-07-22T09:13:04.650+0000] {processor.py:830} INFO - Processing file /home/airflow/.local/lib/python3.12/site-packages/airflow/example_dags/example_skip_dag.py for tasks to queue
[2025-07-22T09:13:04.655+0000] {logging_mixin.py:188} INFO - [2025-07-22T09:13:04.653+0000] {dagbag.py:545} INFO - Filling up the DagBag from /home/airflow/.local/lib/python3.12/site-packages/airflow/example_dags/example_skip_dag.py
[2025-07-22T09:13:04.669+0000] {processor.py:840} INFO - DAG(s) 'example_skip_dag' retrieved from /home/airflow/.local/lib/python3.12/site-packages/airflow/example_dags/example_skip_dag.py
[2025-07-22T09:13:04.722+0000] {logging_mixin.py:188} INFO - [2025-07-22T09:13:04.721+0000] {dag.py:3096} INFO - Sync 1 DAGs
[2025-07-22T09:13:04.772+0000] {logging_mixin.py:188} INFO - [2025-07-22T09:13:04.772+0000] {dag.py:3954} INFO - Setting next_dagrun for example_skip_dag to 2025-07-21 00:00:00+00:00, run_after=2025-07-22 00:00:00+00:00
[2025-07-22T09:13:04.806+0000] {processor.py:183} INFO - Processing /home/airflow/.local/lib/python3.12/site-packages/airflow/example_dags/example_skip_dag.py took 0.172 seconds
[2025-07-22T09:13:34.905+0000] {processor.py:161} INFO - Started process (PID=2611) to work on /home/airflow/.local/lib/python3.12/site-packages/airflow/example_dags/example_skip_dag.py
[2025-07-22T09:13:34.908+0000] {processor.py:830} INFO - Processing file /home/airflow/.local/lib/python3.12/site-packages/airflow/example_dags/example_skip_dag.py for tasks to queue
[2025-07-22T09:13:34.916+0000] {logging_mixin.py:188} INFO - [2025-07-22T09:13:34.915+0000] {dagbag.py:545} INFO - Filling up the DagBag from /home/airflow/.local/lib/python3.12/site-packages/airflow/example_dags/example_skip_dag.py
[2025-07-22T09:13:34.937+0000] {processor.py:840} INFO - DAG(s) 'example_skip_dag' retrieved from /home/airflow/.local/lib/python3.12/site-packages/airflow/example_dags/example_skip_dag.py
[2025-07-22T09:13:34.997+0000] {logging_mixin.py:188} INFO - [2025-07-22T09:13:34.997+0000] {dag.py:3096} INFO - Sync 1 DAGs
[2025-07-22T09:13:35.041+0000] {logging_mixin.py:188} INFO - [2025-07-22T09:13:35.040+0000] {dag.py:3954} INFO - Setting next_dagrun for example_skip_dag to 2025-07-21 00:00:00+00:00, run_after=2025-07-22 00:00:00+00:00
[2025-07-22T09:13:35.075+0000] {processor.py:183} INFO - Processing /home/airflow/.local/lib/python3.12/site-packages/airflow/example_dags/example_skip_dag.py took 0.189 seconds
[2025-07-22T09:14:05.221+0000] {processor.py:161} INFO - Started process (PID=2672) to work on /home/airflow/.local/lib/python3.12/site-packages/airflow/example_dags/example_skip_dag.py
[2025-07-22T09:14:05.222+0000] {processor.py:830} INFO - Processing file /home/airflow/.local/lib/python3.12/site-packages/airflow/example_dags/example_skip_dag.py for tasks to queue
[2025-07-22T09:14:05.225+0000] {logging_mixin.py:188} INFO - [2025-07-22T09:14:05.224+0000] {dagbag.py:545} INFO - Filling up the DagBag from /home/airflow/.local/lib/python3.12/site-packages/airflow/example_dags/example_skip_dag.py
[2025-07-22T09:14:05.234+0000] {processor.py:840} INFO - DAG(s) 'example_skip_dag' retrieved from /home/airflow/.local/lib/python3.12/site-packages/airflow/example_dags/example_skip_dag.py
[2025-07-22T09:14:05.265+0000] {logging_mixin.py:188} INFO - [2025-07-22T09:14:05.265+0000] {dag.py:3096} INFO - Sync 1 DAGs
[2025-07-22T09:14:05.301+0000] {logging_mixin.py:188} INFO - [2025-07-22T09:14:05.301+0000] {dag.py:3954} INFO - Setting next_dagrun for example_skip_dag to 2025-07-21 00:00:00+00:00, run_after=2025-07-22 00:00:00+00:00
[2025-07-22T09:14:05.326+0000] {processor.py:183} INFO - Processing /home/airflow/.local/lib/python3.12/site-packages/airflow/example_dags/example_skip_dag.py took 0.114 seconds
[2025-07-22T09:14:36.103+0000] {processor.py:161} INFO - Started process (PID=2732) to work on /home/airflow/.local/lib/python3.12/site-packages/airflow/example_dags/example_skip_dag.py
[2025-07-22T09:14:36.105+0000] {processor.py:830} INFO - Processing file /home/airflow/.local/lib/python3.12/site-packages/airflow/example_dags/example_skip_dag.py for tasks to queue
[2025-07-22T09:14:36.107+0000] {logging_mixin.py:188} INFO - [2025-07-22T09:14:36.106+0000] {dagbag.py:545} INFO - Filling up the DagBag from /home/airflow/.local/lib/python3.12/site-packages/airflow/example_dags/example_skip_dag.py
[2025-07-22T09:14:36.114+0000] {processor.py:840} INFO - DAG(s) 'example_skip_dag' retrieved from /home/airflow/.local/lib/python3.12/site-packages/airflow/example_dags/example_skip_dag.py
[2025-07-22T09:14:36.137+0000] {logging_mixin.py:188} INFO - [2025-07-22T09:14:36.137+0000] {dag.py:3096} INFO - Sync 1 DAGs
[2025-07-22T09:14:36.161+0000] {logging_mixin.py:188} INFO - [2025-07-22T09:14:36.161+0000] {dag.py:3954} INFO - Setting next_dagrun for example_skip_dag to 2025-07-21 00:00:00+00:00, run_after=2025-07-22 00:00:00+00:00
[2025-07-22T09:14:36.183+0000] {processor.py:183} INFO - Processing /home/airflow/.local/lib/python3.12/site-packages/airflow/example_dags/example_skip_dag.py took 0.087 seconds
[2025-07-22T09:15:06.577+0000] {processor.py:161} INFO - Started process (PID=2792) to work on /home/airflow/.local/lib/python3.12/site-packages/airflow/example_dags/example_skip_dag.py
[2025-07-22T09:15:06.578+0000] {processor.py:830} INFO - Processing file /home/airflow/.local/lib/python3.12/site-packages/airflow/example_dags/example_skip_dag.py for tasks to queue
[2025-07-22T09:15:06.581+0000] {logging_mixin.py:188} INFO - [2025-07-22T09:15:06.580+0000] {dagbag.py:545} INFO - Filling up the DagBag from /home/airflow/.local/lib/python3.12/site-packages/airflow/example_dags/example_skip_dag.py
[2025-07-22T09:15:06.588+0000] {processor.py:840} INFO - DAG(s) 'example_skip_dag' retrieved from /home/airflow/.local/lib/python3.12/site-packages/airflow/example_dags/example_skip_dag.py
[2025-07-22T09:15:06.613+0000] {logging_mixin.py:188} INFO - [2025-07-22T09:15:06.613+0000] {dag.py:3096} INFO - Sync 1 DAGs
[2025-07-22T09:15:06.638+0000] {logging_mixin.py:188} INFO - [2025-07-22T09:15:06.637+0000] {dag.py:3954} INFO - Setting next_dagrun for example_skip_dag to 2025-07-21 00:00:00+00:00, run_after=2025-07-22 00:00:00+00:00
[2025-07-22T09:15:06.660+0000] {processor.py:183} INFO - Processing /home/airflow/.local/lib/python3.12/site-packages/airflow/example_dags/example_skip_dag.py took 0.089 seconds
[2025-07-22T09:15:36.856+0000] {processor.py:161} INFO - Started process (PID=2852) to work on /home/airflow/.local/lib/python3.12/site-packages/airflow/example_dags/example_skip_dag.py
[2025-07-22T09:15:36.857+0000] {processor.py:830} INFO - Processing file /home/airflow/.local/lib/python3.12/site-packages/airflow/example_dags/example_skip_dag.py for tasks to queue
[2025-07-22T09:15:36.859+0000] {logging_mixin.py:188} INFO - [2025-07-22T09:15:36.859+0000] {dagbag.py:545} INFO - Filling up the DagBag from /home/airflow/.local/lib/python3.12/site-packages/airflow/example_dags/example_skip_dag.py
[2025-07-22T09:15:36.869+0000] {processor.py:840} INFO - DAG(s) 'example_skip_dag' retrieved from /home/airflow/.local/lib/python3.12/site-packages/airflow/example_dags/example_skip_dag.py
[2025-07-22T09:15:36.892+0000] {logging_mixin.py:188} INFO - [2025-07-22T09:15:36.892+0000] {dag.py:3096} INFO - Sync 1 DAGs
[2025-07-22T09:15:36.927+0000] {logging_mixin.py:188} INFO - [2025-07-22T09:15:36.927+0000] {dag.py:3954} INFO - Setting next_dagrun for example_skip_dag to 2025-07-21 00:00:00+00:00, run_after=2025-07-22 00:00:00+00:00
[2025-07-22T09:15:36.951+0000] {processor.py:183} INFO - Processing /home/airflow/.local/lib/python3.12/site-packages/airflow/example_dags/example_skip_dag.py took 0.102 seconds
[2025-07-22T09:16:07.302+0000] {processor.py:161} INFO - Started process (PID=2912) to work on /home/airflow/.local/lib/python3.12/site-packages/airflow/example_dags/example_skip_dag.py
[2025-07-22T09:16:07.304+0000] {processor.py:830} INFO - Processing file /home/airflow/.local/lib/python3.12/site-packages/airflow/example_dags/example_skip_dag.py for tasks to queue
[2025-07-22T09:16:07.306+0000] {logging_mixin.py:188} INFO - [2025-07-22T09:16:07.306+0000] {dagbag.py:545} INFO - Filling up the DagBag from /home/airflow/.local/lib/python3.12/site-packages/airflow/example_dags/example_skip_dag.py
[2025-07-22T09:16:07.314+0000] {processor.py:840} INFO - DAG(s) 'example_skip_dag' retrieved from /home/airflow/.local/lib/python3.12/site-packages/airflow/example_dags/example_skip_dag.py
[2025-07-22T09:16:07.342+0000] {logging_mixin.py:188} INFO - [2025-07-22T09:16:07.342+0000] {dag.py:3096} INFO - Sync 1 DAGs
[2025-07-22T09:16:07.371+0000] {logging_mixin.py:188} INFO - [2025-07-22T09:16:07.370+0000] {dag.py:3954} INFO - Setting next_dagrun for example_skip_dag to 2025-07-21 00:00:00+00:00, run_after=2025-07-22 00:00:00+00:00
[2025-07-22T09:16:07.394+0000] {processor.py:183} INFO - Processing /home/airflow/.local/lib/python3.12/site-packages/airflow/example_dags/example_skip_dag.py took 0.099 seconds
[2025-07-22T09:16:38.372+0000] {processor.py:161} INFO - Started process (PID=2972) to work on /home/airflow/.local/lib/python3.12/site-packages/airflow/example_dags/example_skip_dag.py
[2025-07-22T09:16:38.373+0000] {processor.py:830} INFO - Processing file /home/airflow/.local/lib/python3.12/site-packages/airflow/example_dags/example_skip_dag.py for tasks to queue
[2025-07-22T09:16:38.375+0000] {logging_mixin.py:188} INFO - [2025-07-22T09:16:38.375+0000] {dagbag.py:545} INFO - Filling up the DagBag from /home/airflow/.local/lib/python3.12/site-packages/airflow/example_dags/example_skip_dag.py
[2025-07-22T09:16:38.382+0000] {processor.py:840} INFO - DAG(s) 'example_skip_dag' retrieved from /home/airflow/.local/lib/python3.12/site-packages/airflow/example_dags/example_skip_dag.py
[2025-07-22T09:16:38.408+0000] {logging_mixin.py:188} INFO - [2025-07-22T09:16:38.408+0000] {dag.py:3096} INFO - Sync 1 DAGs
[2025-07-22T09:16:38.434+0000] {logging_mixin.py:188} INFO - [2025-07-22T09:16:38.434+0000] {dag.py:3954} INFO - Setting next_dagrun for example_skip_dag to 2025-07-21 00:00:00+00:00, run_after=2025-07-22 00:00:00+00:00
[2025-07-22T09:16:38.459+0000] {processor.py:183} INFO - Processing /home/airflow/.local/lib/python3.12/site-packages/airflow/example_dags/example_skip_dag.py took 0.095 seconds
[2025-07-22T09:17:08.949+0000] {processor.py:161} INFO - Started process (PID=3032) to work on /home/airflow/.local/lib/python3.12/site-packages/airflow/example_dags/example_skip_dag.py
[2025-07-22T09:17:08.951+0000] {processor.py:830} INFO - Processing file /home/airflow/.local/lib/python3.12/site-packages/airflow/example_dags/example_skip_dag.py for tasks to queue
[2025-07-22T09:17:08.954+0000] {logging_mixin.py:188} INFO - [2025-07-22T09:17:08.953+0000] {dagbag.py:545} INFO - Filling up the DagBag from /home/airflow/.local/lib/python3.12/site-packages/airflow/example_dags/example_skip_dag.py
[2025-07-22T09:17:08.963+0000] {processor.py:840} INFO - DAG(s) 'example_skip_dag' retrieved from /home/airflow/.local/lib/python3.12/site-packages/airflow/example_dags/example_skip_dag.py
[2025-07-22T09:17:08.991+0000] {logging_mixin.py:188} INFO - [2025-07-22T09:17:08.991+0000] {dag.py:3096} INFO - Sync 1 DAGs
[2025-07-22T09:17:09.024+0000] {logging_mixin.py:188} INFO - [2025-07-22T09:17:09.024+0000] {dag.py:3954} INFO - Setting next_dagrun for example_skip_dag to 2025-07-21 00:00:00+00:00, run_after=2025-07-22 00:00:00+00:00
[2025-07-22T09:17:09.050+0000] {processor.py:183} INFO - Processing /home/airflow/.local/lib/python3.12/site-packages/airflow/example_dags/example_skip_dag.py took 0.109 seconds
[2025-07-22T09:17:39.168+0000] {processor.py:161} INFO - Started process (PID=3090) to work on /home/airflow/.local/lib/python3.12/site-packages/airflow/example_dags/example_skip_dag.py
[2025-07-22T09:17:39.169+0000] {processor.py:830} INFO - Processing file /home/airflow/.local/lib/python3.12/site-packages/airflow/example_dags/example_skip_dag.py for tasks to queue
[2025-07-22T09:17:39.172+0000] {logging_mixin.py:188} INFO - [2025-07-22T09:17:39.171+0000] {dagbag.py:545} INFO - Filling up the DagBag from /home/airflow/.local/lib/python3.12/site-packages/airflow/example_dags/example_skip_dag.py
[2025-07-22T09:17:39.180+0000] {processor.py:840} INFO - DAG(s) 'example_skip_dag' retrieved from /home/airflow/.local/lib/python3.12/site-packages/airflow/example_dags/example_skip_dag.py
[2025-07-22T09:17:39.207+0000] {logging_mixin.py:188} INFO - [2025-07-22T09:17:39.207+0000] {dag.py:3096} INFO - Sync 1 DAGs
[2025-07-22T09:17:39.233+0000] {logging_mixin.py:188} INFO - [2025-07-22T09:17:39.233+0000] {dag.py:3954} INFO - Setting next_dagrun for example_skip_dag to 2025-07-21 00:00:00+00:00, run_after=2025-07-22 00:00:00+00:00
[2025-07-22T09:17:39.258+0000] {processor.py:183} INFO - Processing /home/airflow/.local/lib/python3.12/site-packages/airflow/example_dags/example_skip_dag.py took 0.097 seconds
[2025-07-22T09:18:09.852+0000] {processor.py:161} INFO - Started process (PID=3150) to work on /home/airflow/.local/lib/python3.12/site-packages/airflow/example_dags/example_skip_dag.py
[2025-07-22T09:18:09.854+0000] {processor.py:830} INFO - Processing file /home/airflow/.local/lib/python3.12/site-packages/airflow/example_dags/example_skip_dag.py for tasks to queue
[2025-07-22T09:18:09.857+0000] {logging_mixin.py:188} INFO - [2025-07-22T09:18:09.856+0000] {dagbag.py:545} INFO - Filling up the DagBag from /home/airflow/.local/lib/python3.12/site-packages/airflow/example_dags/example_skip_dag.py
[2025-07-22T09:18:09.865+0000] {processor.py:840} INFO - DAG(s) 'example_skip_dag' retrieved from /home/airflow/.local/lib/python3.12/site-packages/airflow/example_dags/example_skip_dag.py
[2025-07-22T09:18:09.891+0000] {logging_mixin.py:188} INFO - [2025-07-22T09:18:09.891+0000] {dag.py:3096} INFO - Sync 1 DAGs
[2025-07-22T09:18:09.916+0000] {logging_mixin.py:188} INFO - [2025-07-22T09:18:09.916+0000] {dag.py:3954} INFO - Setting next_dagrun for example_skip_dag to 2025-07-21 00:00:00+00:00, run_after=2025-07-22 00:00:00+00:00
[2025-07-22T09:18:09.940+0000] {processor.py:183} INFO - Processing /home/airflow/.local/lib/python3.12/site-packages/airflow/example_dags/example_skip_dag.py took 0.101 seconds
[2025-07-22T09:18:40.664+0000] {processor.py:161} INFO - Started process (PID=3210) to work on /home/airflow/.local/lib/python3.12/site-packages/airflow/example_dags/example_skip_dag.py
[2025-07-22T09:18:40.665+0000] {processor.py:830} INFO - Processing file /home/airflow/.local/lib/python3.12/site-packages/airflow/example_dags/example_skip_dag.py for tasks to queue
[2025-07-22T09:18:40.670+0000] {logging_mixin.py:188} INFO - [2025-07-22T09:18:40.669+0000] {dagbag.py:545} INFO - Filling up the DagBag from /home/airflow/.local/lib/python3.12/site-packages/airflow/example_dags/example_skip_dag.py
[2025-07-22T09:18:40.683+0000] {processor.py:840} INFO - DAG(s) 'example_skip_dag' retrieved from /home/airflow/.local/lib/python3.12/site-packages/airflow/example_dags/example_skip_dag.py
[2025-07-22T09:18:40.725+0000] {logging_mixin.py:188} INFO - [2025-07-22T09:18:40.724+0000] {dag.py:3096} INFO - Sync 1 DAGs
[2025-07-22T09:18:40.765+0000] {logging_mixin.py:188} INFO - [2025-07-22T09:18:40.765+0000] {dag.py:3954} INFO - Setting next_dagrun for example_skip_dag to 2025-07-21 00:00:00+00:00, run_after=2025-07-22 00:00:00+00:00
[2025-07-22T09:18:40.795+0000] {processor.py:183} INFO - Processing /home/airflow/.local/lib/python3.12/site-packages/airflow/example_dags/example_skip_dag.py took 0.142 seconds
[2025-07-22T09:19:11.136+0000] {processor.py:161} INFO - Started process (PID=3270) to work on /home/airflow/.local/lib/python3.12/site-packages/airflow/example_dags/example_skip_dag.py
[2025-07-22T09:19:11.138+0000] {processor.py:830} INFO - Processing file /home/airflow/.local/lib/python3.12/site-packages/airflow/example_dags/example_skip_dag.py for tasks to queue
[2025-07-22T09:19:11.140+0000] {logging_mixin.py:188} INFO - [2025-07-22T09:19:11.140+0000] {dagbag.py:545} INFO - Filling up the DagBag from /home/airflow/.local/lib/python3.12/site-packages/airflow/example_dags/example_skip_dag.py
[2025-07-22T09:19:11.147+0000] {processor.py:840} INFO - DAG(s) 'example_skip_dag' retrieved from /home/airflow/.local/lib/python3.12/site-packages/airflow/example_dags/example_skip_dag.py
[2025-07-22T09:19:11.172+0000] {logging_mixin.py:188} INFO - [2025-07-22T09:19:11.172+0000] {dag.py:3096} INFO - Sync 1 DAGs
[2025-07-22T09:19:11.197+0000] {logging_mixin.py:188} INFO - [2025-07-22T09:19:11.197+0000] {dag.py:3954} INFO - Setting next_dagrun for example_skip_dag to 2025-07-21 00:00:00+00:00, run_after=2025-07-22 00:00:00+00:00
[2025-07-22T09:19:11.225+0000] {processor.py:183} INFO - Processing /home/airflow/.local/lib/python3.12/site-packages/airflow/example_dags/example_skip_dag.py took 0.095 seconds
[2025-07-22T09:19:41.421+0000] {processor.py:161} INFO - Started process (PID=3330) to work on /home/airflow/.local/lib/python3.12/site-packages/airflow/example_dags/example_skip_dag.py
[2025-07-22T09:19:41.423+0000] {processor.py:830} INFO - Processing file /home/airflow/.local/lib/python3.12/site-packages/airflow/example_dags/example_skip_dag.py for tasks to queue
[2025-07-22T09:19:41.426+0000] {logging_mixin.py:188} INFO - [2025-07-22T09:19:41.426+0000] {dagbag.py:545} INFO - Filling up the DagBag from /home/airflow/.local/lib/python3.12/site-packages/airflow/example_dags/example_skip_dag.py
[2025-07-22T09:19:41.437+0000] {processor.py:840} INFO - DAG(s) 'example_skip_dag' retrieved from /home/airflow/.local/lib/python3.12/site-packages/airflow/example_dags/example_skip_dag.py
[2025-07-22T09:19:41.470+0000] {logging_mixin.py:188} INFO - [2025-07-22T09:19:41.469+0000] {dag.py:3096} INFO - Sync 1 DAGs
[2025-07-22T09:19:41.502+0000] {logging_mixin.py:188} INFO - [2025-07-22T09:19:41.502+0000] {dag.py:3954} INFO - Setting next_dagrun for example_skip_dag to 2025-07-21 00:00:00+00:00, run_after=2025-07-22 00:00:00+00:00
[2025-07-22T09:19:41.538+0000] {processor.py:183} INFO - Processing /home/airflow/.local/lib/python3.12/site-packages/airflow/example_dags/example_skip_dag.py took 0.126 seconds
[2025-07-22T09:20:11.784+0000] {processor.py:161} INFO - Started process (PID=3390) to work on /home/airflow/.local/lib/python3.12/site-packages/airflow/example_dags/example_skip_dag.py
[2025-07-22T09:20:11.786+0000] {processor.py:830} INFO - Processing file /home/airflow/.local/lib/python3.12/site-packages/airflow/example_dags/example_skip_dag.py for tasks to queue
[2025-07-22T09:20:11.788+0000] {logging_mixin.py:188} INFO - [2025-07-22T09:20:11.788+0000] {dagbag.py:545} INFO - Filling up the DagBag from /home/airflow/.local/lib/python3.12/site-packages/airflow/example_dags/example_skip_dag.py
[2025-07-22T09:20:11.798+0000] {processor.py:840} INFO - DAG(s) 'example_skip_dag' retrieved from /home/airflow/.local/lib/python3.12/site-packages/airflow/example_dags/example_skip_dag.py
[2025-07-22T09:20:11.828+0000] {logging_mixin.py:188} INFO - [2025-07-22T09:20:11.828+0000] {dag.py:3096} INFO - Sync 1 DAGs
[2025-07-22T09:20:11.859+0000] {logging_mixin.py:188} INFO - [2025-07-22T09:20:11.858+0000] {dag.py:3954} INFO - Setting next_dagrun for example_skip_dag to 2025-07-21 00:00:00+00:00, run_after=2025-07-22 00:00:00+00:00
[2025-07-22T09:20:11.888+0000] {processor.py:183} INFO - Processing /home/airflow/.local/lib/python3.12/site-packages/airflow/example_dags/example_skip_dag.py took 0.112 seconds
[2025-07-22T09:20:42.144+0000] {processor.py:161} INFO - Started process (PID=3450) to work on /home/airflow/.local/lib/python3.12/site-packages/airflow/example_dags/example_skip_dag.py
[2025-07-22T09:20:42.145+0000] {processor.py:830} INFO - Processing file /home/airflow/.local/lib/python3.12/site-packages/airflow/example_dags/example_skip_dag.py for tasks to queue
[2025-07-22T09:20:42.148+0000] {logging_mixin.py:188} INFO - [2025-07-22T09:20:42.147+0000] {dagbag.py:545} INFO - Filling up the DagBag from /home/airflow/.local/lib/python3.12/site-packages/airflow/example_dags/example_skip_dag.py
[2025-07-22T09:20:42.155+0000] {processor.py:840} INFO - DAG(s) 'example_skip_dag' retrieved from /home/airflow/.local/lib/python3.12/site-packages/airflow/example_dags/example_skip_dag.py
[2025-07-22T09:20:42.179+0000] {logging_mixin.py:188} INFO - [2025-07-22T09:20:42.178+0000] {dag.py:3096} INFO - Sync 1 DAGs
[2025-07-22T09:20:42.202+0000] {logging_mixin.py:188} INFO - [2025-07-22T09:20:42.202+0000] {dag.py:3954} INFO - Setting next_dagrun for example_skip_dag to 2025-07-21 00:00:00+00:00, run_after=2025-07-22 00:00:00+00:00
[2025-07-22T09:20:42.223+0000] {processor.py:183} INFO - Processing /home/airflow/.local/lib/python3.12/site-packages/airflow/example_dags/example_skip_dag.py took 0.086 seconds
[2025-07-22T09:21:12.443+0000] {processor.py:161} INFO - Started process (PID=3511) to work on /home/airflow/.local/lib/python3.12/site-packages/airflow/example_dags/example_skip_dag.py
[2025-07-22T09:21:12.444+0000] {processor.py:830} INFO - Processing file /home/airflow/.local/lib/python3.12/site-packages/airflow/example_dags/example_skip_dag.py for tasks to queue
[2025-07-22T09:21:12.447+0000] {logging_mixin.py:188} INFO - [2025-07-22T09:21:12.446+0000] {dagbag.py:545} INFO - Filling up the DagBag from /home/airflow/.local/lib/python3.12/site-packages/airflow/example_dags/example_skip_dag.py
[2025-07-22T09:21:12.454+0000] {processor.py:840} INFO - DAG(s) 'example_skip_dag' retrieved from /home/airflow/.local/lib/python3.12/site-packages/airflow/example_dags/example_skip_dag.py
[2025-07-22T09:21:12.478+0000] {logging_mixin.py:188} INFO - [2025-07-22T09:21:12.478+0000] {dag.py:3096} INFO - Sync 1 DAGs
[2025-07-22T09:21:12.503+0000] {logging_mixin.py:188} INFO - [2025-07-22T09:21:12.502+0000] {dag.py:3954} INFO - Setting next_dagrun for example_skip_dag to 2025-07-21 00:00:00+00:00, run_after=2025-07-22 00:00:00+00:00
[2025-07-22T09:21:12.525+0000] {processor.py:183} INFO - Processing /home/airflow/.local/lib/python3.12/site-packages/airflow/example_dags/example_skip_dag.py took 0.089 seconds
[2025-07-22T09:21:42.759+0000] {processor.py:161} INFO - Started process (PID=3571) to work on /home/airflow/.local/lib/python3.12/site-packages/airflow/example_dags/example_skip_dag.py
[2025-07-22T09:21:42.761+0000] {processor.py:830} INFO - Processing file /home/airflow/.local/lib/python3.12/site-packages/airflow/example_dags/example_skip_dag.py for tasks to queue
[2025-07-22T09:21:42.763+0000] {logging_mixin.py:188} INFO - [2025-07-22T09:21:42.762+0000] {dagbag.py:545} INFO - Filling up the DagBag from /home/airflow/.local/lib/python3.12/site-packages/airflow/example_dags/example_skip_dag.py
[2025-07-22T09:21:42.770+0000] {processor.py:840} INFO - DAG(s) 'example_skip_dag' retrieved from /home/airflow/.local/lib/python3.12/site-packages/airflow/example_dags/example_skip_dag.py
[2025-07-22T09:21:42.793+0000] {logging_mixin.py:188} INFO - [2025-07-22T09:21:42.793+0000] {dag.py:3096} INFO - Sync 1 DAGs
[2025-07-22T09:21:42.817+0000] {logging_mixin.py:188} INFO - [2025-07-22T09:21:42.817+0000] {dag.py:3954} INFO - Setting next_dagrun for example_skip_dag to 2025-07-21 00:00:00+00:00, run_after=2025-07-22 00:00:00+00:00
[2025-07-22T09:21:42.839+0000] {processor.py:183} INFO - Processing /home/airflow/.local/lib/python3.12/site-packages/airflow/example_dags/example_skip_dag.py took 0.086 seconds
[2025-07-22T09:22:12.968+0000] {processor.py:161} INFO - Started process (PID=3631) to work on /home/airflow/.local/lib/python3.12/site-packages/airflow/example_dags/example_skip_dag.py
[2025-07-22T09:22:12.970+0000] {processor.py:830} INFO - Processing file /home/airflow/.local/lib/python3.12/site-packages/airflow/example_dags/example_skip_dag.py for tasks to queue
[2025-07-22T09:22:12.972+0000] {logging_mixin.py:188} INFO - [2025-07-22T09:22:12.972+0000] {dagbag.py:545} INFO - Filling up the DagBag from /home/airflow/.local/lib/python3.12/site-packages/airflow/example_dags/example_skip_dag.py
[2025-07-22T09:22:12.979+0000] {processor.py:840} INFO - DAG(s) 'example_skip_dag' retrieved from /home/airflow/.local/lib/python3.12/site-packages/airflow/example_dags/example_skip_dag.py
[2025-07-22T09:22:13.004+0000] {logging_mixin.py:188} INFO - [2025-07-22T09:22:13.004+0000] {dag.py:3096} INFO - Sync 1 DAGs
[2025-07-22T09:22:13.032+0000] {logging_mixin.py:188} INFO - [2025-07-22T09:22:13.031+0000] {dag.py:3954} INFO - Setting next_dagrun for example_skip_dag to 2025-07-21 00:00:00+00:00, run_after=2025-07-22 00:00:00+00:00
[2025-07-22T09:22:13.055+0000] {processor.py:183} INFO - Processing /home/airflow/.local/lib/python3.12/site-packages/airflow/example_dags/example_skip_dag.py took 0.094 seconds
