[2025-07-22T08:52:06.702+0000] {processor.py:161} INFO - Started process (PID=85) to work on /home/airflow/.local/lib/python3.12/site-packages/airflow/example_dags/example_complex.py
[2025-07-22T08:52:06.704+0000] {processor.py:830} INFO - Processing file /home/airflow/.local/lib/python3.12/site-packages/airflow/example_dags/example_complex.py for tasks to queue
[2025-07-22T08:52:06.709+0000] {logging_mixin.py:188} INFO - [2025-07-22T08:52:06.708+0000] {dagbag.py:545} INFO - Filling up the DagBag from /home/airflow/.local/lib/python3.12/site-packages/airflow/example_dags/example_complex.py
[2025-07-22T08:52:06.746+0000] {processor.py:840} INFO - DAG(s) 'example_complex' retrieved from /home/airflow/.local/lib/python3.12/site-packages/airflow/example_dags/example_complex.py
[2025-07-22T08:52:07.122+0000] {logging_mixin.py:188} INFO - [2025-07-22T08:52:07.122+0000] {dag.py:3096} INFO - Sync 1 DAGs
[2025-07-22T08:52:07.144+0000] {logging_mixin.py:188} INFO - [2025-07-22T08:52:07.143+0000] {dag.py:3954} INFO - Setting next_dagrun for example_complex to None, run_after=None
[2025-07-22T08:52:07.195+0000] {processor.py:183} INFO - Processing /home/airflow/.local/lib/python3.12/site-packages/airflow/example_dags/example_complex.py took 0.504 seconds
[2025-07-22T08:52:38.119+0000] {processor.py:161} INFO - Started process (PID=143) to work on /home/airflow/.local/lib/python3.12/site-packages/airflow/example_dags/example_complex.py
[2025-07-22T08:52:38.120+0000] {processor.py:830} INFO - Processing file /home/airflow/.local/lib/python3.12/site-packages/airflow/example_dags/example_complex.py for tasks to queue
[2025-07-22T08:52:38.122+0000] {logging_mixin.py:188} INFO - [2025-07-22T08:52:38.122+0000] {dagbag.py:545} INFO - Filling up the DagBag from /home/airflow/.local/lib/python3.12/site-packages/airflow/example_dags/example_complex.py
[2025-07-22T08:52:38.134+0000] {processor.py:840} INFO - DAG(s) 'example_complex' retrieved from /home/airflow/.local/lib/python3.12/site-packages/airflow/example_dags/example_complex.py
[2025-07-22T08:52:38.173+0000] {logging_mixin.py:188} INFO - [2025-07-22T08:52:38.173+0000] {dag.py:3096} INFO - Sync 1 DAGs
[2025-07-22T08:52:38.186+0000] {logging_mixin.py:188} INFO - [2025-07-22T08:52:38.186+0000] {dag.py:3954} INFO - Setting next_dagrun for example_complex to None, run_after=None
[2025-07-22T08:52:38.207+0000] {processor.py:183} INFO - Processing /home/airflow/.local/lib/python3.12/site-packages/airflow/example_dags/example_complex.py took 0.094 seconds
[2025-07-22T08:53:08.722+0000] {processor.py:161} INFO - Started process (PID=201) to work on /home/airflow/.local/lib/python3.12/site-packages/airflow/example_dags/example_complex.py
[2025-07-22T08:53:08.723+0000] {processor.py:830} INFO - Processing file /home/airflow/.local/lib/python3.12/site-packages/airflow/example_dags/example_complex.py for tasks to queue
[2025-07-22T08:53:08.725+0000] {logging_mixin.py:188} INFO - [2025-07-22T08:53:08.725+0000] {dagbag.py:545} INFO - Filling up the DagBag from /home/airflow/.local/lib/python3.12/site-packages/airflow/example_dags/example_complex.py
[2025-07-22T08:53:08.737+0000] {processor.py:840} INFO - DAG(s) 'example_complex' retrieved from /home/airflow/.local/lib/python3.12/site-packages/airflow/example_dags/example_complex.py
[2025-07-22T08:53:08.776+0000] {logging_mixin.py:188} INFO - [2025-07-22T08:53:08.776+0000] {dag.py:3096} INFO - Sync 1 DAGs
[2025-07-22T08:53:08.791+0000] {logging_mixin.py:188} INFO - [2025-07-22T08:53:08.791+0000] {dag.py:3954} INFO - Setting next_dagrun for example_complex to None, run_after=None
[2025-07-22T08:53:08.836+0000] {processor.py:183} INFO - Processing /home/airflow/.local/lib/python3.12/site-packages/airflow/example_dags/example_complex.py took 0.122 seconds
[2025-07-22T08:53:38.942+0000] {processor.py:161} INFO - Started process (PID=259) to work on /home/airflow/.local/lib/python3.12/site-packages/airflow/example_dags/example_complex.py
[2025-07-22T08:53:38.944+0000] {processor.py:830} INFO - Processing file /home/airflow/.local/lib/python3.12/site-packages/airflow/example_dags/example_complex.py for tasks to queue
[2025-07-22T08:53:38.947+0000] {logging_mixin.py:188} INFO - [2025-07-22T08:53:38.947+0000] {dagbag.py:545} INFO - Filling up the DagBag from /home/airflow/.local/lib/python3.12/site-packages/airflow/example_dags/example_complex.py
[2025-07-22T08:53:38.966+0000] {processor.py:840} INFO - DAG(s) 'example_complex' retrieved from /home/airflow/.local/lib/python3.12/site-packages/airflow/example_dags/example_complex.py
[2025-07-22T08:53:39.025+0000] {logging_mixin.py:188} INFO - [2025-07-22T08:53:39.024+0000] {dag.py:3096} INFO - Sync 1 DAGs
[2025-07-22T08:53:39.044+0000] {logging_mixin.py:188} INFO - [2025-07-22T08:53:39.044+0000] {dag.py:3954} INFO - Setting next_dagrun for example_complex to None, run_after=None
[2025-07-22T08:53:39.079+0000] {processor.py:183} INFO - Processing /home/airflow/.local/lib/python3.12/site-packages/airflow/example_dags/example_complex.py took 0.144 seconds
[2025-07-22T08:54:09.409+0000] {processor.py:161} INFO - Started process (PID=317) to work on /home/airflow/.local/lib/python3.12/site-packages/airflow/example_dags/example_complex.py
[2025-07-22T08:54:09.411+0000] {processor.py:830} INFO - Processing file /home/airflow/.local/lib/python3.12/site-packages/airflow/example_dags/example_complex.py for tasks to queue
[2025-07-22T08:54:09.413+0000] {logging_mixin.py:188} INFO - [2025-07-22T08:54:09.413+0000] {dagbag.py:545} INFO - Filling up the DagBag from /home/airflow/.local/lib/python3.12/site-packages/airflow/example_dags/example_complex.py
[2025-07-22T08:54:09.426+0000] {processor.py:840} INFO - DAG(s) 'example_complex' retrieved from /home/airflow/.local/lib/python3.12/site-packages/airflow/example_dags/example_complex.py
[2025-07-22T08:54:09.467+0000] {logging_mixin.py:188} INFO - [2025-07-22T08:54:09.467+0000] {dag.py:3096} INFO - Sync 1 DAGs
[2025-07-22T08:54:09.483+0000] {logging_mixin.py:188} INFO - [2025-07-22T08:54:09.483+0000] {dag.py:3954} INFO - Setting next_dagrun for example_complex to None, run_after=None
[2025-07-22T08:54:09.510+0000] {processor.py:183} INFO - Processing /home/airflow/.local/lib/python3.12/site-packages/airflow/example_dags/example_complex.py took 0.109 seconds
[2025-07-22T08:54:39.605+0000] {processor.py:161} INFO - Started process (PID=375) to work on /home/airflow/.local/lib/python3.12/site-packages/airflow/example_dags/example_complex.py
[2025-07-22T08:54:39.607+0000] {processor.py:830} INFO - Processing file /home/airflow/.local/lib/python3.12/site-packages/airflow/example_dags/example_complex.py for tasks to queue
[2025-07-22T08:54:39.609+0000] {logging_mixin.py:188} INFO - [2025-07-22T08:54:39.609+0000] {dagbag.py:545} INFO - Filling up the DagBag from /home/airflow/.local/lib/python3.12/site-packages/airflow/example_dags/example_complex.py
[2025-07-22T08:54:39.625+0000] {processor.py:840} INFO - DAG(s) 'example_complex' retrieved from /home/airflow/.local/lib/python3.12/site-packages/airflow/example_dags/example_complex.py
[2025-07-22T08:54:39.686+0000] {logging_mixin.py:188} INFO - [2025-07-22T08:54:39.686+0000] {dag.py:3096} INFO - Sync 1 DAGs
[2025-07-22T08:54:39.705+0000] {logging_mixin.py:188} INFO - [2025-07-22T08:54:39.704+0000] {dag.py:3954} INFO - Setting next_dagrun for example_complex to None, run_after=None
[2025-07-22T08:54:39.740+0000] {processor.py:183} INFO - Processing /home/airflow/.local/lib/python3.12/site-packages/airflow/example_dags/example_complex.py took 0.142 seconds
[2025-07-22T08:55:10.225+0000] {processor.py:161} INFO - Started process (PID=433) to work on /home/airflow/.local/lib/python3.12/site-packages/airflow/example_dags/example_complex.py
[2025-07-22T08:55:10.227+0000] {processor.py:830} INFO - Processing file /home/airflow/.local/lib/python3.12/site-packages/airflow/example_dags/example_complex.py for tasks to queue
[2025-07-22T08:55:10.229+0000] {logging_mixin.py:188} INFO - [2025-07-22T08:55:10.229+0000] {dagbag.py:545} INFO - Filling up the DagBag from /home/airflow/.local/lib/python3.12/site-packages/airflow/example_dags/example_complex.py
[2025-07-22T08:55:10.243+0000] {processor.py:840} INFO - DAG(s) 'example_complex' retrieved from /home/airflow/.local/lib/python3.12/site-packages/airflow/example_dags/example_complex.py
[2025-07-22T08:55:10.291+0000] {logging_mixin.py:188} INFO - [2025-07-22T08:55:10.290+0000] {dag.py:3096} INFO - Sync 1 DAGs
[2025-07-22T08:55:10.308+0000] {logging_mixin.py:188} INFO - [2025-07-22T08:55:10.308+0000] {dag.py:3954} INFO - Setting next_dagrun for example_complex to None, run_after=None
[2025-07-22T08:55:10.336+0000] {processor.py:183} INFO - Processing /home/airflow/.local/lib/python3.12/site-packages/airflow/example_dags/example_complex.py took 0.119 seconds
[2025-07-22T08:55:40.702+0000] {processor.py:161} INFO - Started process (PID=491) to work on /home/airflow/.local/lib/python3.12/site-packages/airflow/example_dags/example_complex.py
[2025-07-22T08:55:40.706+0000] {processor.py:830} INFO - Processing file /home/airflow/.local/lib/python3.12/site-packages/airflow/example_dags/example_complex.py for tasks to queue
[2025-07-22T08:55:40.708+0000] {logging_mixin.py:188} INFO - [2025-07-22T08:55:40.707+0000] {dagbag.py:545} INFO - Filling up the DagBag from /home/airflow/.local/lib/python3.12/site-packages/airflow/example_dags/example_complex.py
[2025-07-22T08:55:40.719+0000] {processor.py:840} INFO - DAG(s) 'example_complex' retrieved from /home/airflow/.local/lib/python3.12/site-packages/airflow/example_dags/example_complex.py
[2025-07-22T08:55:40.756+0000] {logging_mixin.py:188} INFO - [2025-07-22T08:55:40.756+0000] {dag.py:3096} INFO - Sync 1 DAGs
[2025-07-22T08:55:40.771+0000] {logging_mixin.py:188} INFO - [2025-07-22T08:55:40.770+0000] {dag.py:3954} INFO - Setting next_dagrun for example_complex to None, run_after=None
[2025-07-22T08:55:40.792+0000] {processor.py:183} INFO - Processing /home/airflow/.local/lib/python3.12/site-packages/airflow/example_dags/example_complex.py took 0.096 seconds
[2025-07-22T08:56:10.993+0000] {processor.py:161} INFO - Started process (PID=549) to work on /home/airflow/.local/lib/python3.12/site-packages/airflow/example_dags/example_complex.py
[2025-07-22T08:56:10.995+0000] {processor.py:830} INFO - Processing file /home/airflow/.local/lib/python3.12/site-packages/airflow/example_dags/example_complex.py for tasks to queue
[2025-07-22T08:56:10.997+0000] {logging_mixin.py:188} INFO - [2025-07-22T08:56:10.997+0000] {dagbag.py:545} INFO - Filling up the DagBag from /home/airflow/.local/lib/python3.12/site-packages/airflow/example_dags/example_complex.py
[2025-07-22T08:56:11.008+0000] {processor.py:840} INFO - DAG(s) 'example_complex' retrieved from /home/airflow/.local/lib/python3.12/site-packages/airflow/example_dags/example_complex.py
[2025-07-22T08:56:11.045+0000] {logging_mixin.py:188} INFO - [2025-07-22T08:56:11.044+0000] {dag.py:3096} INFO - Sync 1 DAGs
[2025-07-22T08:56:11.058+0000] {logging_mixin.py:188} INFO - [2025-07-22T08:56:11.058+0000] {dag.py:3954} INFO - Setting next_dagrun for example_complex to None, run_after=None
[2025-07-22T08:56:11.080+0000] {processor.py:183} INFO - Processing /home/airflow/.local/lib/python3.12/site-packages/airflow/example_dags/example_complex.py took 0.093 seconds
[2025-07-22T08:56:41.432+0000] {processor.py:161} INFO - Started process (PID=607) to work on /home/airflow/.local/lib/python3.12/site-packages/airflow/example_dags/example_complex.py
[2025-07-22T08:56:41.433+0000] {processor.py:830} INFO - Processing file /home/airflow/.local/lib/python3.12/site-packages/airflow/example_dags/example_complex.py for tasks to queue
[2025-07-22T08:56:41.435+0000] {logging_mixin.py:188} INFO - [2025-07-22T08:56:41.435+0000] {dagbag.py:545} INFO - Filling up the DagBag from /home/airflow/.local/lib/python3.12/site-packages/airflow/example_dags/example_complex.py
[2025-07-22T08:56:41.450+0000] {processor.py:840} INFO - DAG(s) 'example_complex' retrieved from /home/airflow/.local/lib/python3.12/site-packages/airflow/example_dags/example_complex.py
[2025-07-22T08:56:41.494+0000] {logging_mixin.py:188} INFO - [2025-07-22T08:56:41.494+0000] {dag.py:3096} INFO - Sync 1 DAGs
[2025-07-22T08:56:41.509+0000] {logging_mixin.py:188} INFO - [2025-07-22T08:56:41.509+0000] {dag.py:3954} INFO - Setting next_dagrun for example_complex to None, run_after=None
[2025-07-22T08:56:41.532+0000] {processor.py:183} INFO - Processing /home/airflow/.local/lib/python3.12/site-packages/airflow/example_dags/example_complex.py took 0.106 seconds
[2025-07-22T08:57:11.756+0000] {processor.py:161} INFO - Started process (PID=667) to work on /home/airflow/.local/lib/python3.12/site-packages/airflow/example_dags/example_complex.py
[2025-07-22T08:57:11.758+0000] {processor.py:830} INFO - Processing file /home/airflow/.local/lib/python3.12/site-packages/airflow/example_dags/example_complex.py for tasks to queue
[2025-07-22T08:57:11.760+0000] {logging_mixin.py:188} INFO - [2025-07-22T08:57:11.760+0000] {dagbag.py:545} INFO - Filling up the DagBag from /home/airflow/.local/lib/python3.12/site-packages/airflow/example_dags/example_complex.py
[2025-07-22T08:57:11.772+0000] {processor.py:840} INFO - DAG(s) 'example_complex' retrieved from /home/airflow/.local/lib/python3.12/site-packages/airflow/example_dags/example_complex.py
[2025-07-22T08:57:11.815+0000] {logging_mixin.py:188} INFO - [2025-07-22T08:57:11.815+0000] {dag.py:3096} INFO - Sync 1 DAGs
[2025-07-22T08:57:11.832+0000] {logging_mixin.py:188} INFO - [2025-07-22T08:57:11.832+0000] {dag.py:3954} INFO - Setting next_dagrun for example_complex to None, run_after=None
[2025-07-22T08:57:11.859+0000] {processor.py:183} INFO - Processing /home/airflow/.local/lib/python3.12/site-packages/airflow/example_dags/example_complex.py took 0.109 seconds
[2025-07-22T08:57:41.991+0000] {processor.py:161} INFO - Started process (PID=727) to work on /home/airflow/.local/lib/python3.12/site-packages/airflow/example_dags/example_complex.py
[2025-07-22T08:57:41.993+0000] {processor.py:830} INFO - Processing file /home/airflow/.local/lib/python3.12/site-packages/airflow/example_dags/example_complex.py for tasks to queue
[2025-07-22T08:57:41.995+0000] {logging_mixin.py:188} INFO - [2025-07-22T08:57:41.994+0000] {dagbag.py:545} INFO - Filling up the DagBag from /home/airflow/.local/lib/python3.12/site-packages/airflow/example_dags/example_complex.py
[2025-07-22T08:57:42.006+0000] {processor.py:840} INFO - DAG(s) 'example_complex' retrieved from /home/airflow/.local/lib/python3.12/site-packages/airflow/example_dags/example_complex.py
[2025-07-22T08:57:42.043+0000] {logging_mixin.py:188} INFO - [2025-07-22T08:57:42.043+0000] {dag.py:3096} INFO - Sync 1 DAGs
[2025-07-22T08:57:42.057+0000] {logging_mixin.py:188} INFO - [2025-07-22T08:57:42.057+0000] {dag.py:3954} INFO - Setting next_dagrun for example_complex to None, run_after=None
[2025-07-22T08:57:42.082+0000] {processor.py:183} INFO - Processing /home/airflow/.local/lib/python3.12/site-packages/airflow/example_dags/example_complex.py took 0.097 seconds
[2025-07-22T08:58:12.520+0000] {processor.py:161} INFO - Started process (PID=787) to work on /home/airflow/.local/lib/python3.12/site-packages/airflow/example_dags/example_complex.py
[2025-07-22T08:58:12.522+0000] {processor.py:830} INFO - Processing file /home/airflow/.local/lib/python3.12/site-packages/airflow/example_dags/example_complex.py for tasks to queue
[2025-07-22T08:58:12.524+0000] {logging_mixin.py:188} INFO - [2025-07-22T08:58:12.524+0000] {dagbag.py:545} INFO - Filling up the DagBag from /home/airflow/.local/lib/python3.12/site-packages/airflow/example_dags/example_complex.py
[2025-07-22T08:58:12.535+0000] {processor.py:840} INFO - DAG(s) 'example_complex' retrieved from /home/airflow/.local/lib/python3.12/site-packages/airflow/example_dags/example_complex.py
[2025-07-22T08:58:12.582+0000] {logging_mixin.py:188} INFO - [2025-07-22T08:58:12.582+0000] {dag.py:3096} INFO - Sync 1 DAGs
[2025-07-22T08:58:12.597+0000] {logging_mixin.py:188} INFO - [2025-07-22T08:58:12.596+0000] {dag.py:3954} INFO - Setting next_dagrun for example_complex to None, run_after=None
[2025-07-22T08:58:12.620+0000] {processor.py:183} INFO - Processing /home/airflow/.local/lib/python3.12/site-packages/airflow/example_dags/example_complex.py took 0.106 seconds
[2025-07-22T08:58:43.131+0000] {processor.py:161} INFO - Started process (PID=847) to work on /home/airflow/.local/lib/python3.12/site-packages/airflow/example_dags/example_complex.py
[2025-07-22T08:58:43.132+0000] {processor.py:830} INFO - Processing file /home/airflow/.local/lib/python3.12/site-packages/airflow/example_dags/example_complex.py for tasks to queue
[2025-07-22T08:58:43.135+0000] {logging_mixin.py:188} INFO - [2025-07-22T08:58:43.134+0000] {dagbag.py:545} INFO - Filling up the DagBag from /home/airflow/.local/lib/python3.12/site-packages/airflow/example_dags/example_complex.py
[2025-07-22T08:58:43.146+0000] {processor.py:840} INFO - DAG(s) 'example_complex' retrieved from /home/airflow/.local/lib/python3.12/site-packages/airflow/example_dags/example_complex.py
[2025-07-22T08:58:43.184+0000] {logging_mixin.py:188} INFO - [2025-07-22T08:58:43.184+0000] {dag.py:3096} INFO - Sync 1 DAGs
[2025-07-22T08:58:43.198+0000] {logging_mixin.py:188} INFO - [2025-07-22T08:58:43.197+0000] {dag.py:3954} INFO - Setting next_dagrun for example_complex to None, run_after=None
[2025-07-22T08:58:43.220+0000] {processor.py:183} INFO - Processing /home/airflow/.local/lib/python3.12/site-packages/airflow/example_dags/example_complex.py took 0.095 seconds
[2025-07-22T08:59:13.380+0000] {processor.py:161} INFO - Started process (PID=907) to work on /home/airflow/.local/lib/python3.12/site-packages/airflow/example_dags/example_complex.py
[2025-07-22T08:59:13.383+0000] {processor.py:830} INFO - Processing file /home/airflow/.local/lib/python3.12/site-packages/airflow/example_dags/example_complex.py for tasks to queue
[2025-07-22T08:59:13.387+0000] {logging_mixin.py:188} INFO - [2025-07-22T08:59:13.386+0000] {dagbag.py:545} INFO - Filling up the DagBag from /home/airflow/.local/lib/python3.12/site-packages/airflow/example_dags/example_complex.py
[2025-07-22T08:59:13.406+0000] {processor.py:840} INFO - DAG(s) 'example_complex' retrieved from /home/airflow/.local/lib/python3.12/site-packages/airflow/example_dags/example_complex.py
[2025-07-22T08:59:13.516+0000] {logging_mixin.py:188} INFO - [2025-07-22T08:59:13.514+0000] {dag.py:3096} INFO - Sync 1 DAGs
[2025-07-22T08:59:13.552+0000] {logging_mixin.py:188} INFO - [2025-07-22T08:59:13.551+0000] {dag.py:3954} INFO - Setting next_dagrun for example_complex to None, run_after=None
[2025-07-22T08:59:13.608+0000] {processor.py:183} INFO - Processing /home/airflow/.local/lib/python3.12/site-packages/airflow/example_dags/example_complex.py took 0.241 seconds
[2025-07-22T08:59:44.165+0000] {processor.py:161} INFO - Started process (PID=967) to work on /home/airflow/.local/lib/python3.12/site-packages/airflow/example_dags/example_complex.py
[2025-07-22T08:59:44.166+0000] {processor.py:830} INFO - Processing file /home/airflow/.local/lib/python3.12/site-packages/airflow/example_dags/example_complex.py for tasks to queue
[2025-07-22T08:59:44.170+0000] {logging_mixin.py:188} INFO - [2025-07-22T08:59:44.169+0000] {dagbag.py:545} INFO - Filling up the DagBag from /home/airflow/.local/lib/python3.12/site-packages/airflow/example_dags/example_complex.py
[2025-07-22T08:59:44.189+0000] {processor.py:840} INFO - DAG(s) 'example_complex' retrieved from /home/airflow/.local/lib/python3.12/site-packages/airflow/example_dags/example_complex.py
[2025-07-22T08:59:44.234+0000] {logging_mixin.py:188} INFO - [2025-07-22T08:59:44.234+0000] {dag.py:3096} INFO - Sync 1 DAGs
[2025-07-22T08:59:44.251+0000] {logging_mixin.py:188} INFO - [2025-07-22T08:59:44.251+0000] {dag.py:3954} INFO - Setting next_dagrun for example_complex to None, run_after=None
[2025-07-22T08:59:44.280+0000] {processor.py:183} INFO - Processing /home/airflow/.local/lib/python3.12/site-packages/airflow/example_dags/example_complex.py took 0.124 seconds
[2025-07-22T09:00:14.722+0000] {processor.py:161} INFO - Started process (PID=1027) to work on /home/airflow/.local/lib/python3.12/site-packages/airflow/example_dags/example_complex.py
[2025-07-22T09:00:14.723+0000] {processor.py:830} INFO - Processing file /home/airflow/.local/lib/python3.12/site-packages/airflow/example_dags/example_complex.py for tasks to queue
[2025-07-22T09:00:14.727+0000] {logging_mixin.py:188} INFO - [2025-07-22T09:00:14.727+0000] {dagbag.py:545} INFO - Filling up the DagBag from /home/airflow/.local/lib/python3.12/site-packages/airflow/example_dags/example_complex.py
[2025-07-22T09:00:14.749+0000] {processor.py:840} INFO - DAG(s) 'example_complex' retrieved from /home/airflow/.local/lib/python3.12/site-packages/airflow/example_dags/example_complex.py
[2025-07-22T09:00:14.812+0000] {logging_mixin.py:188} INFO - [2025-07-22T09:00:14.812+0000] {dag.py:3096} INFO - Sync 1 DAGs
[2025-07-22T09:00:14.834+0000] {logging_mixin.py:188} INFO - [2025-07-22T09:00:14.833+0000] {dag.py:3954} INFO - Setting next_dagrun for example_complex to None, run_after=None
[2025-07-22T09:00:14.870+0000] {processor.py:183} INFO - Processing /home/airflow/.local/lib/python3.12/site-packages/airflow/example_dags/example_complex.py took 0.159 seconds
[2025-07-22T09:00:45.574+0000] {processor.py:161} INFO - Started process (PID=1087) to work on /home/airflow/.local/lib/python3.12/site-packages/airflow/example_dags/example_complex.py
[2025-07-22T09:00:45.576+0000] {processor.py:830} INFO - Processing file /home/airflow/.local/lib/python3.12/site-packages/airflow/example_dags/example_complex.py for tasks to queue
[2025-07-22T09:00:45.578+0000] {logging_mixin.py:188} INFO - [2025-07-22T09:00:45.578+0000] {dagbag.py:545} INFO - Filling up the DagBag from /home/airflow/.local/lib/python3.12/site-packages/airflow/example_dags/example_complex.py
[2025-07-22T09:00:45.590+0000] {processor.py:840} INFO - DAG(s) 'example_complex' retrieved from /home/airflow/.local/lib/python3.12/site-packages/airflow/example_dags/example_complex.py
[2025-07-22T09:00:45.632+0000] {logging_mixin.py:188} INFO - [2025-07-22T09:00:45.631+0000] {dag.py:3096} INFO - Sync 1 DAGs
[2025-07-22T09:00:45.650+0000] {logging_mixin.py:188} INFO - [2025-07-22T09:00:45.649+0000] {dag.py:3954} INFO - Setting next_dagrun for example_complex to None, run_after=None
[2025-07-22T09:00:45.676+0000] {processor.py:183} INFO - Processing /home/airflow/.local/lib/python3.12/site-packages/airflow/example_dags/example_complex.py took 0.109 seconds
[2025-07-22T09:01:16.586+0000] {processor.py:161} INFO - Started process (PID=1147) to work on /home/airflow/.local/lib/python3.12/site-packages/airflow/example_dags/example_complex.py
[2025-07-22T09:01:16.588+0000] {processor.py:830} INFO - Processing file /home/airflow/.local/lib/python3.12/site-packages/airflow/example_dags/example_complex.py for tasks to queue
[2025-07-22T09:01:16.590+0000] {logging_mixin.py:188} INFO - [2025-07-22T09:01:16.590+0000] {dagbag.py:545} INFO - Filling up the DagBag from /home/airflow/.local/lib/python3.12/site-packages/airflow/example_dags/example_complex.py
[2025-07-22T09:01:16.603+0000] {processor.py:840} INFO - DAG(s) 'example_complex' retrieved from /home/airflow/.local/lib/python3.12/site-packages/airflow/example_dags/example_complex.py
[2025-07-22T09:01:16.644+0000] {logging_mixin.py:188} INFO - [2025-07-22T09:01:16.643+0000] {dag.py:3096} INFO - Sync 1 DAGs
[2025-07-22T09:01:16.660+0000] {logging_mixin.py:188} INFO - [2025-07-22T09:01:16.659+0000] {dag.py:3954} INFO - Setting next_dagrun for example_complex to None, run_after=None
[2025-07-22T09:01:16.683+0000] {processor.py:183} INFO - Processing /home/airflow/.local/lib/python3.12/site-packages/airflow/example_dags/example_complex.py took 0.104 seconds
[2025-07-22T09:01:46.751+0000] {processor.py:161} INFO - Started process (PID=1207) to work on /home/airflow/.local/lib/python3.12/site-packages/airflow/example_dags/example_complex.py
[2025-07-22T09:01:46.753+0000] {processor.py:830} INFO - Processing file /home/airflow/.local/lib/python3.12/site-packages/airflow/example_dags/example_complex.py for tasks to queue
[2025-07-22T09:01:46.755+0000] {logging_mixin.py:188} INFO - [2025-07-22T09:01:46.755+0000] {dagbag.py:545} INFO - Filling up the DagBag from /home/airflow/.local/lib/python3.12/site-packages/airflow/example_dags/example_complex.py
[2025-07-22T09:01:46.767+0000] {processor.py:840} INFO - DAG(s) 'example_complex' retrieved from /home/airflow/.local/lib/python3.12/site-packages/airflow/example_dags/example_complex.py
[2025-07-22T09:01:46.810+0000] {logging_mixin.py:188} INFO - [2025-07-22T09:01:46.810+0000] {dag.py:3096} INFO - Sync 1 DAGs
[2025-07-22T09:01:46.823+0000] {logging_mixin.py:188} INFO - [2025-07-22T09:01:46.823+0000] {dag.py:3954} INFO - Setting next_dagrun for example_complex to None, run_after=None
[2025-07-22T09:01:46.844+0000] {processor.py:183} INFO - Processing /home/airflow/.local/lib/python3.12/site-packages/airflow/example_dags/example_complex.py took 0.100 seconds
[2025-07-22T09:02:16.920+0000] {processor.py:161} INFO - Started process (PID=1267) to work on /home/airflow/.local/lib/python3.12/site-packages/airflow/example_dags/example_complex.py
[2025-07-22T09:02:16.922+0000] {processor.py:830} INFO - Processing file /home/airflow/.local/lib/python3.12/site-packages/airflow/example_dags/example_complex.py for tasks to queue
[2025-07-22T09:02:16.925+0000] {logging_mixin.py:188} INFO - [2025-07-22T09:02:16.925+0000] {dagbag.py:545} INFO - Filling up the DagBag from /home/airflow/.local/lib/python3.12/site-packages/airflow/example_dags/example_complex.py
[2025-07-22T09:02:16.946+0000] {processor.py:840} INFO - DAG(s) 'example_complex' retrieved from /home/airflow/.local/lib/python3.12/site-packages/airflow/example_dags/example_complex.py
[2025-07-22T09:02:16.984+0000] {logging_mixin.py:188} INFO - [2025-07-22T09:02:16.984+0000] {dag.py:3096} INFO - Sync 1 DAGs
[2025-07-22T09:02:17.001+0000] {logging_mixin.py:188} INFO - [2025-07-22T09:02:17.000+0000] {dag.py:3954} INFO - Setting next_dagrun for example_complex to None, run_after=None
[2025-07-22T09:02:17.024+0000] {processor.py:183} INFO - Processing /home/airflow/.local/lib/python3.12/site-packages/airflow/example_dags/example_complex.py took 0.111 seconds
[2025-07-22T09:02:47.625+0000] {processor.py:161} INFO - Started process (PID=1327) to work on /home/airflow/.local/lib/python3.12/site-packages/airflow/example_dags/example_complex.py
[2025-07-22T09:02:47.627+0000] {processor.py:830} INFO - Processing file /home/airflow/.local/lib/python3.12/site-packages/airflow/example_dags/example_complex.py for tasks to queue
[2025-07-22T09:02:47.629+0000] {logging_mixin.py:188} INFO - [2025-07-22T09:02:47.628+0000] {dagbag.py:545} INFO - Filling up the DagBag from /home/airflow/.local/lib/python3.12/site-packages/airflow/example_dags/example_complex.py
[2025-07-22T09:02:47.640+0000] {processor.py:840} INFO - DAG(s) 'example_complex' retrieved from /home/airflow/.local/lib/python3.12/site-packages/airflow/example_dags/example_complex.py
[2025-07-22T09:02:47.680+0000] {logging_mixin.py:188} INFO - [2025-07-22T09:02:47.680+0000] {dag.py:3096} INFO - Sync 1 DAGs
[2025-07-22T09:02:47.696+0000] {logging_mixin.py:188} INFO - [2025-07-22T09:02:47.696+0000] {dag.py:3954} INFO - Setting next_dagrun for example_complex to None, run_after=None
[2025-07-22T09:02:47.720+0000] {processor.py:183} INFO - Processing /home/airflow/.local/lib/python3.12/site-packages/airflow/example_dags/example_complex.py took 0.101 seconds
[2025-07-22T09:03:18.056+0000] {processor.py:161} INFO - Started process (PID=1387) to work on /home/airflow/.local/lib/python3.12/site-packages/airflow/example_dags/example_complex.py
[2025-07-22T09:03:18.057+0000] {processor.py:830} INFO - Processing file /home/airflow/.local/lib/python3.12/site-packages/airflow/example_dags/example_complex.py for tasks to queue
[2025-07-22T09:03:18.059+0000] {logging_mixin.py:188} INFO - [2025-07-22T09:03:18.059+0000] {dagbag.py:545} INFO - Filling up the DagBag from /home/airflow/.local/lib/python3.12/site-packages/airflow/example_dags/example_complex.py
[2025-07-22T09:03:18.072+0000] {processor.py:840} INFO - DAG(s) 'example_complex' retrieved from /home/airflow/.local/lib/python3.12/site-packages/airflow/example_dags/example_complex.py
[2025-07-22T09:03:18.116+0000] {logging_mixin.py:188} INFO - [2025-07-22T09:03:18.115+0000] {dag.py:3096} INFO - Sync 1 DAGs
[2025-07-22T09:03:18.132+0000] {logging_mixin.py:188} INFO - [2025-07-22T09:03:18.131+0000] {dag.py:3954} INFO - Setting next_dagrun for example_complex to None, run_after=None
[2025-07-22T09:03:18.155+0000] {processor.py:183} INFO - Processing /home/airflow/.local/lib/python3.12/site-packages/airflow/example_dags/example_complex.py took 0.106 seconds
[2025-07-22T09:03:48.349+0000] {processor.py:161} INFO - Started process (PID=1447) to work on /home/airflow/.local/lib/python3.12/site-packages/airflow/example_dags/example_complex.py
[2025-07-22T09:03:48.350+0000] {processor.py:830} INFO - Processing file /home/airflow/.local/lib/python3.12/site-packages/airflow/example_dags/example_complex.py for tasks to queue
[2025-07-22T09:03:48.352+0000] {logging_mixin.py:188} INFO - [2025-07-22T09:03:48.352+0000] {dagbag.py:545} INFO - Filling up the DagBag from /home/airflow/.local/lib/python3.12/site-packages/airflow/example_dags/example_complex.py
[2025-07-22T09:03:48.363+0000] {processor.py:840} INFO - DAG(s) 'example_complex' retrieved from /home/airflow/.local/lib/python3.12/site-packages/airflow/example_dags/example_complex.py
[2025-07-22T09:03:48.400+0000] {logging_mixin.py:188} INFO - [2025-07-22T09:03:48.400+0000] {dag.py:3096} INFO - Sync 1 DAGs
[2025-07-22T09:03:48.414+0000] {logging_mixin.py:188} INFO - [2025-07-22T09:03:48.413+0000] {dag.py:3954} INFO - Setting next_dagrun for example_complex to None, run_after=None
[2025-07-22T09:03:48.433+0000] {processor.py:183} INFO - Processing /home/airflow/.local/lib/python3.12/site-packages/airflow/example_dags/example_complex.py took 0.091 seconds
[2025-07-22T09:04:18.833+0000] {processor.py:161} INFO - Started process (PID=1507) to work on /home/airflow/.local/lib/python3.12/site-packages/airflow/example_dags/example_complex.py
[2025-07-22T09:04:18.835+0000] {processor.py:830} INFO - Processing file /home/airflow/.local/lib/python3.12/site-packages/airflow/example_dags/example_complex.py for tasks to queue
[2025-07-22T09:04:18.837+0000] {logging_mixin.py:188} INFO - [2025-07-22T09:04:18.837+0000] {dagbag.py:545} INFO - Filling up the DagBag from /home/airflow/.local/lib/python3.12/site-packages/airflow/example_dags/example_complex.py
[2025-07-22T09:04:18.849+0000] {processor.py:840} INFO - DAG(s) 'example_complex' retrieved from /home/airflow/.local/lib/python3.12/site-packages/airflow/example_dags/example_complex.py
[2025-07-22T09:04:18.890+0000] {logging_mixin.py:188} INFO - [2025-07-22T09:04:18.890+0000] {dag.py:3096} INFO - Sync 1 DAGs
[2025-07-22T09:04:18.908+0000] {logging_mixin.py:188} INFO - [2025-07-22T09:04:18.908+0000] {dag.py:3954} INFO - Setting next_dagrun for example_complex to None, run_after=None
[2025-07-22T09:04:18.933+0000] {processor.py:183} INFO - Processing /home/airflow/.local/lib/python3.12/site-packages/airflow/example_dags/example_complex.py took 0.106 seconds
[2025-07-22T09:04:49.416+0000] {processor.py:161} INFO - Started process (PID=1567) to work on /home/airflow/.local/lib/python3.12/site-packages/airflow/example_dags/example_complex.py
[2025-07-22T09:04:49.417+0000] {processor.py:830} INFO - Processing file /home/airflow/.local/lib/python3.12/site-packages/airflow/example_dags/example_complex.py for tasks to queue
[2025-07-22T09:04:49.420+0000] {logging_mixin.py:188} INFO - [2025-07-22T09:04:49.419+0000] {dagbag.py:545} INFO - Filling up the DagBag from /home/airflow/.local/lib/python3.12/site-packages/airflow/example_dags/example_complex.py
[2025-07-22T09:04:49.432+0000] {processor.py:840} INFO - DAG(s) 'example_complex' retrieved from /home/airflow/.local/lib/python3.12/site-packages/airflow/example_dags/example_complex.py
[2025-07-22T09:04:49.473+0000] {logging_mixin.py:188} INFO - [2025-07-22T09:04:49.473+0000] {dag.py:3096} INFO - Sync 1 DAGs
[2025-07-22T09:04:49.489+0000] {logging_mixin.py:188} INFO - [2025-07-22T09:04:49.488+0000] {dag.py:3954} INFO - Setting next_dagrun for example_complex to None, run_after=None
[2025-07-22T09:04:49.515+0000] {processor.py:183} INFO - Processing /home/airflow/.local/lib/python3.12/site-packages/airflow/example_dags/example_complex.py took 0.106 seconds
[2025-07-22T09:05:20.282+0000] {processor.py:161} INFO - Started process (PID=1627) to work on /home/airflow/.local/lib/python3.12/site-packages/airflow/example_dags/example_complex.py
[2025-07-22T09:05:20.283+0000] {processor.py:830} INFO - Processing file /home/airflow/.local/lib/python3.12/site-packages/airflow/example_dags/example_complex.py for tasks to queue
[2025-07-22T09:05:20.286+0000] {logging_mixin.py:188} INFO - [2025-07-22T09:05:20.286+0000] {dagbag.py:545} INFO - Filling up the DagBag from /home/airflow/.local/lib/python3.12/site-packages/airflow/example_dags/example_complex.py
[2025-07-22T09:05:20.301+0000] {processor.py:840} INFO - DAG(s) 'example_complex' retrieved from /home/airflow/.local/lib/python3.12/site-packages/airflow/example_dags/example_complex.py
[2025-07-22T09:05:20.347+0000] {logging_mixin.py:188} INFO - [2025-07-22T09:05:20.347+0000] {dag.py:3096} INFO - Sync 1 DAGs
[2025-07-22T09:05:20.365+0000] {logging_mixin.py:188} INFO - [2025-07-22T09:05:20.365+0000] {dag.py:3954} INFO - Setting next_dagrun for example_complex to None, run_after=None
[2025-07-22T09:05:20.396+0000] {processor.py:183} INFO - Processing /home/airflow/.local/lib/python3.12/site-packages/airflow/example_dags/example_complex.py took 0.122 seconds
[2025-07-22T09:05:50.595+0000] {processor.py:161} INFO - Started process (PID=1687) to work on /home/airflow/.local/lib/python3.12/site-packages/airflow/example_dags/example_complex.py
[2025-07-22T09:05:50.596+0000] {processor.py:830} INFO - Processing file /home/airflow/.local/lib/python3.12/site-packages/airflow/example_dags/example_complex.py for tasks to queue
[2025-07-22T09:05:50.599+0000] {logging_mixin.py:188} INFO - [2025-07-22T09:05:50.598+0000] {dagbag.py:545} INFO - Filling up the DagBag from /home/airflow/.local/lib/python3.12/site-packages/airflow/example_dags/example_complex.py
[2025-07-22T09:05:50.612+0000] {processor.py:840} INFO - DAG(s) 'example_complex' retrieved from /home/airflow/.local/lib/python3.12/site-packages/airflow/example_dags/example_complex.py
[2025-07-22T09:05:50.657+0000] {logging_mixin.py:188} INFO - [2025-07-22T09:05:50.657+0000] {dag.py:3096} INFO - Sync 1 DAGs
[2025-07-22T09:05:50.672+0000] {logging_mixin.py:188} INFO - [2025-07-22T09:05:50.671+0000] {dag.py:3954} INFO - Setting next_dagrun for example_complex to None, run_after=None
[2025-07-22T09:05:50.693+0000] {processor.py:183} INFO - Processing /home/airflow/.local/lib/python3.12/site-packages/airflow/example_dags/example_complex.py took 0.106 seconds
[2025-07-22T09:06:20.977+0000] {processor.py:161} INFO - Started process (PID=1747) to work on /home/airflow/.local/lib/python3.12/site-packages/airflow/example_dags/example_complex.py
[2025-07-22T09:06:20.979+0000] {processor.py:830} INFO - Processing file /home/airflow/.local/lib/python3.12/site-packages/airflow/example_dags/example_complex.py for tasks to queue
[2025-07-22T09:06:20.983+0000] {logging_mixin.py:188} INFO - [2025-07-22T09:06:20.982+0000] {dagbag.py:545} INFO - Filling up the DagBag from /home/airflow/.local/lib/python3.12/site-packages/airflow/example_dags/example_complex.py
[2025-07-22T09:06:21.004+0000] {processor.py:840} INFO - DAG(s) 'example_complex' retrieved from /home/airflow/.local/lib/python3.12/site-packages/airflow/example_dags/example_complex.py
[2025-07-22T09:06:21.061+0000] {logging_mixin.py:188} INFO - [2025-07-22T09:06:21.061+0000] {dag.py:3096} INFO - Sync 1 DAGs
[2025-07-22T09:06:21.080+0000] {logging_mixin.py:188} INFO - [2025-07-22T09:06:21.079+0000] {dag.py:3954} INFO - Setting next_dagrun for example_complex to None, run_after=None
[2025-07-22T09:06:21.108+0000] {processor.py:183} INFO - Processing /home/airflow/.local/lib/python3.12/site-packages/airflow/example_dags/example_complex.py took 0.141 seconds
[2025-07-22T09:06:51.306+0000] {processor.py:161} INFO - Started process (PID=1807) to work on /home/airflow/.local/lib/python3.12/site-packages/airflow/example_dags/example_complex.py
[2025-07-22T09:06:51.307+0000] {processor.py:830} INFO - Processing file /home/airflow/.local/lib/python3.12/site-packages/airflow/example_dags/example_complex.py for tasks to queue
[2025-07-22T09:06:51.310+0000] {logging_mixin.py:188} INFO - [2025-07-22T09:06:51.309+0000] {dagbag.py:545} INFO - Filling up the DagBag from /home/airflow/.local/lib/python3.12/site-packages/airflow/example_dags/example_complex.py
[2025-07-22T09:06:51.322+0000] {processor.py:840} INFO - DAG(s) 'example_complex' retrieved from /home/airflow/.local/lib/python3.12/site-packages/airflow/example_dags/example_complex.py
[2025-07-22T09:06:51.362+0000] {logging_mixin.py:188} INFO - [2025-07-22T09:06:51.361+0000] {dag.py:3096} INFO - Sync 1 DAGs
[2025-07-22T09:06:51.376+0000] {logging_mixin.py:188} INFO - [2025-07-22T09:06:51.375+0000] {dag.py:3954} INFO - Setting next_dagrun for example_complex to None, run_after=None
[2025-07-22T09:06:51.398+0000] {processor.py:183} INFO - Processing /home/airflow/.local/lib/python3.12/site-packages/airflow/example_dags/example_complex.py took 0.099 seconds
[2025-07-22T09:07:22.309+0000] {processor.py:161} INFO - Started process (PID=1867) to work on /home/airflow/.local/lib/python3.12/site-packages/airflow/example_dags/example_complex.py
[2025-07-22T09:07:22.310+0000] {processor.py:830} INFO - Processing file /home/airflow/.local/lib/python3.12/site-packages/airflow/example_dags/example_complex.py for tasks to queue
[2025-07-22T09:07:22.313+0000] {logging_mixin.py:188} INFO - [2025-07-22T09:07:22.313+0000] {dagbag.py:545} INFO - Filling up the DagBag from /home/airflow/.local/lib/python3.12/site-packages/airflow/example_dags/example_complex.py
[2025-07-22T09:07:22.327+0000] {processor.py:840} INFO - DAG(s) 'example_complex' retrieved from /home/airflow/.local/lib/python3.12/site-packages/airflow/example_dags/example_complex.py
[2025-07-22T09:07:22.373+0000] {logging_mixin.py:188} INFO - [2025-07-22T09:07:22.372+0000] {dag.py:3096} INFO - Sync 1 DAGs
[2025-07-22T09:07:22.390+0000] {logging_mixin.py:188} INFO - [2025-07-22T09:07:22.389+0000] {dag.py:3954} INFO - Setting next_dagrun for example_complex to None, run_after=None
[2025-07-22T09:07:22.417+0000] {processor.py:183} INFO - Processing /home/airflow/.local/lib/python3.12/site-packages/airflow/example_dags/example_complex.py took 0.116 seconds
[2025-07-22T09:07:53.873+0000] {processor.py:161} INFO - Started process (PID=1927) to work on /home/airflow/.local/lib/python3.12/site-packages/airflow/example_dags/example_complex.py
[2025-07-22T09:07:53.875+0000] {processor.py:830} INFO - Processing file /home/airflow/.local/lib/python3.12/site-packages/airflow/example_dags/example_complex.py for tasks to queue
[2025-07-22T09:07:53.879+0000] {logging_mixin.py:188} INFO - [2025-07-22T09:07:53.878+0000] {dagbag.py:545} INFO - Filling up the DagBag from /home/airflow/.local/lib/python3.12/site-packages/airflow/example_dags/example_complex.py
[2025-07-22T09:07:53.912+0000] {processor.py:840} INFO - DAG(s) 'example_complex' retrieved from /home/airflow/.local/lib/python3.12/site-packages/airflow/example_dags/example_complex.py
[2025-07-22T09:07:53.985+0000] {logging_mixin.py:188} INFO - [2025-07-22T09:07:53.984+0000] {dag.py:3096} INFO - Sync 1 DAGs
[2025-07-22T09:07:54.013+0000] {logging_mixin.py:188} INFO - [2025-07-22T09:07:54.013+0000] {dag.py:3954} INFO - Setting next_dagrun for example_complex to None, run_after=None
[2025-07-22T09:07:54.208+0000] {processor.py:183} INFO - Processing /home/airflow/.local/lib/python3.12/site-packages/airflow/example_dags/example_complex.py took 0.347 seconds
[2025-07-22T09:08:24.930+0000] {processor.py:161} INFO - Started process (PID=1987) to work on /home/airflow/.local/lib/python3.12/site-packages/airflow/example_dags/example_complex.py
[2025-07-22T09:08:24.932+0000] {processor.py:830} INFO - Processing file /home/airflow/.local/lib/python3.12/site-packages/airflow/example_dags/example_complex.py for tasks to queue
[2025-07-22T09:08:24.936+0000] {logging_mixin.py:188} INFO - [2025-07-22T09:08:24.935+0000] {dagbag.py:545} INFO - Filling up the DagBag from /home/airflow/.local/lib/python3.12/site-packages/airflow/example_dags/example_complex.py
[2025-07-22T09:08:24.954+0000] {processor.py:840} INFO - DAG(s) 'example_complex' retrieved from /home/airflow/.local/lib/python3.12/site-packages/airflow/example_dags/example_complex.py
[2025-07-22T09:08:25.042+0000] {logging_mixin.py:188} INFO - [2025-07-22T09:08:25.041+0000] {dag.py:3096} INFO - Sync 1 DAGs
[2025-07-22T09:08:25.071+0000] {logging_mixin.py:188} INFO - [2025-07-22T09:08:25.070+0000] {dag.py:3954} INFO - Setting next_dagrun for example_complex to None, run_after=None
[2025-07-22T09:08:25.106+0000] {processor.py:183} INFO - Processing /home/airflow/.local/lib/python3.12/site-packages/airflow/example_dags/example_complex.py took 0.186 seconds
[2025-07-22T09:08:56.118+0000] {processor.py:161} INFO - Started process (PID=2047) to work on /home/airflow/.local/lib/python3.12/site-packages/airflow/example_dags/example_complex.py
[2025-07-22T09:08:56.119+0000] {processor.py:830} INFO - Processing file /home/airflow/.local/lib/python3.12/site-packages/airflow/example_dags/example_complex.py for tasks to queue
[2025-07-22T09:08:56.122+0000] {logging_mixin.py:188} INFO - [2025-07-22T09:08:56.122+0000] {dagbag.py:545} INFO - Filling up the DagBag from /home/airflow/.local/lib/python3.12/site-packages/airflow/example_dags/example_complex.py
[2025-07-22T09:08:56.141+0000] {processor.py:840} INFO - DAG(s) 'example_complex' retrieved from /home/airflow/.local/lib/python3.12/site-packages/airflow/example_dags/example_complex.py
[2025-07-22T09:08:56.207+0000] {logging_mixin.py:188} INFO - [2025-07-22T09:08:56.206+0000] {dag.py:3096} INFO - Sync 1 DAGs
[2025-07-22T09:08:56.232+0000] {logging_mixin.py:188} INFO - [2025-07-22T09:08:56.231+0000] {dag.py:3954} INFO - Setting next_dagrun for example_complex to None, run_after=None
[2025-07-22T09:08:56.267+0000] {processor.py:183} INFO - Processing /home/airflow/.local/lib/python3.12/site-packages/airflow/example_dags/example_complex.py took 0.158 seconds
[2025-07-22T09:09:27.101+0000] {processor.py:161} INFO - Started process (PID=2107) to work on /home/airflow/.local/lib/python3.12/site-packages/airflow/example_dags/example_complex.py
[2025-07-22T09:09:27.102+0000] {processor.py:830} INFO - Processing file /home/airflow/.local/lib/python3.12/site-packages/airflow/example_dags/example_complex.py for tasks to queue
[2025-07-22T09:09:27.105+0000] {logging_mixin.py:188} INFO - [2025-07-22T09:09:27.104+0000] {dagbag.py:545} INFO - Filling up the DagBag from /home/airflow/.local/lib/python3.12/site-packages/airflow/example_dags/example_complex.py
[2025-07-22T09:09:27.117+0000] {processor.py:840} INFO - DAG(s) 'example_complex' retrieved from /home/airflow/.local/lib/python3.12/site-packages/airflow/example_dags/example_complex.py
[2025-07-22T09:09:27.166+0000] {logging_mixin.py:188} INFO - [2025-07-22T09:09:27.166+0000] {dag.py:3096} INFO - Sync 1 DAGs
[2025-07-22T09:09:27.321+0000] {logging_mixin.py:188} INFO - [2025-07-22T09:09:27.320+0000] {dag.py:3954} INFO - Setting next_dagrun for example_complex to None, run_after=None
[2025-07-22T09:09:27.340+0000] {processor.py:183} INFO - Processing /home/airflow/.local/lib/python3.12/site-packages/airflow/example_dags/example_complex.py took 0.249 seconds
[2025-07-22T09:09:57.489+0000] {processor.py:161} INFO - Started process (PID=2167) to work on /home/airflow/.local/lib/python3.12/site-packages/airflow/example_dags/example_complex.py
[2025-07-22T09:09:57.490+0000] {processor.py:830} INFO - Processing file /home/airflow/.local/lib/python3.12/site-packages/airflow/example_dags/example_complex.py for tasks to queue
[2025-07-22T09:09:57.492+0000] {logging_mixin.py:188} INFO - [2025-07-22T09:09:57.492+0000] {dagbag.py:545} INFO - Filling up the DagBag from /home/airflow/.local/lib/python3.12/site-packages/airflow/example_dags/example_complex.py
[2025-07-22T09:09:57.504+0000] {processor.py:840} INFO - DAG(s) 'example_complex' retrieved from /home/airflow/.local/lib/python3.12/site-packages/airflow/example_dags/example_complex.py
[2025-07-22T09:09:57.543+0000] {logging_mixin.py:188} INFO - [2025-07-22T09:09:57.543+0000] {dag.py:3096} INFO - Sync 1 DAGs
[2025-07-22T09:09:57.558+0000] {logging_mixin.py:188} INFO - [2025-07-22T09:09:57.558+0000] {dag.py:3954} INFO - Setting next_dagrun for example_complex to None, run_after=None
[2025-07-22T09:09:57.580+0000] {processor.py:183} INFO - Processing /home/airflow/.local/lib/python3.12/site-packages/airflow/example_dags/example_complex.py took 0.098 seconds
[2025-07-22T09:10:27.688+0000] {processor.py:161} INFO - Started process (PID=2225) to work on /home/airflow/.local/lib/python3.12/site-packages/airflow/example_dags/example_complex.py
[2025-07-22T09:10:27.689+0000] {processor.py:830} INFO - Processing file /home/airflow/.local/lib/python3.12/site-packages/airflow/example_dags/example_complex.py for tasks to queue
[2025-07-22T09:10:27.691+0000] {logging_mixin.py:188} INFO - [2025-07-22T09:10:27.691+0000] {dagbag.py:545} INFO - Filling up the DagBag from /home/airflow/.local/lib/python3.12/site-packages/airflow/example_dags/example_complex.py
[2025-07-22T09:10:27.703+0000] {processor.py:840} INFO - DAG(s) 'example_complex' retrieved from /home/airflow/.local/lib/python3.12/site-packages/airflow/example_dags/example_complex.py
[2025-07-22T09:10:27.741+0000] {logging_mixin.py:188} INFO - [2025-07-22T09:10:27.740+0000] {dag.py:3096} INFO - Sync 1 DAGs
[2025-07-22T09:10:27.754+0000] {logging_mixin.py:188} INFO - [2025-07-22T09:10:27.754+0000] {dag.py:3954} INFO - Setting next_dagrun for example_complex to None, run_after=None
[2025-07-22T09:10:27.775+0000] {processor.py:183} INFO - Processing /home/airflow/.local/lib/python3.12/site-packages/airflow/example_dags/example_complex.py took 0.093 seconds
[2025-07-22T09:10:58.338+0000] {processor.py:161} INFO - Started process (PID=2285) to work on /home/airflow/.local/lib/python3.12/site-packages/airflow/example_dags/example_complex.py
[2025-07-22T09:10:58.342+0000] {processor.py:830} INFO - Processing file /home/airflow/.local/lib/python3.12/site-packages/airflow/example_dags/example_complex.py for tasks to queue
[2025-07-22T09:10:58.346+0000] {logging_mixin.py:188} INFO - [2025-07-22T09:10:58.345+0000] {dagbag.py:545} INFO - Filling up the DagBag from /home/airflow/.local/lib/python3.12/site-packages/airflow/example_dags/example_complex.py
[2025-07-22T09:10:58.359+0000] {processor.py:840} INFO - DAG(s) 'example_complex' retrieved from /home/airflow/.local/lib/python3.12/site-packages/airflow/example_dags/example_complex.py
[2025-07-22T09:10:58.397+0000] {logging_mixin.py:188} INFO - [2025-07-22T09:10:58.397+0000] {dag.py:3096} INFO - Sync 1 DAGs
[2025-07-22T09:10:58.412+0000] {logging_mixin.py:188} INFO - [2025-07-22T09:10:58.412+0000] {dag.py:3954} INFO - Setting next_dagrun for example_complex to None, run_after=None
[2025-07-22T09:10:58.433+0000] {processor.py:183} INFO - Processing /home/airflow/.local/lib/python3.12/site-packages/airflow/example_dags/example_complex.py took 0.105 seconds
[2025-07-22T09:11:28.864+0000] {processor.py:161} INFO - Started process (PID=2345) to work on /home/airflow/.local/lib/python3.12/site-packages/airflow/example_dags/example_complex.py
[2025-07-22T09:11:28.866+0000] {processor.py:830} INFO - Processing file /home/airflow/.local/lib/python3.12/site-packages/airflow/example_dags/example_complex.py for tasks to queue
[2025-07-22T09:11:28.871+0000] {logging_mixin.py:188} INFO - [2025-07-22T09:11:28.870+0000] {dagbag.py:545} INFO - Filling up the DagBag from /home/airflow/.local/lib/python3.12/site-packages/airflow/example_dags/example_complex.py
[2025-07-22T09:11:28.894+0000] {processor.py:840} INFO - DAG(s) 'example_complex' retrieved from /home/airflow/.local/lib/python3.12/site-packages/airflow/example_dags/example_complex.py
[2025-07-22T09:11:28.966+0000] {logging_mixin.py:188} INFO - [2025-07-22T09:11:28.965+0000] {dag.py:3096} INFO - Sync 1 DAGs
[2025-07-22T09:11:28.996+0000] {logging_mixin.py:188} INFO - [2025-07-22T09:11:28.996+0000] {dag.py:3954} INFO - Setting next_dagrun for example_complex to None, run_after=None
[2025-07-22T09:11:29.028+0000] {processor.py:183} INFO - Processing /home/airflow/.local/lib/python3.12/site-packages/airflow/example_dags/example_complex.py took 0.179 seconds
[2025-07-22T09:11:59.188+0000] {processor.py:161} INFO - Started process (PID=2405) to work on /home/airflow/.local/lib/python3.12/site-packages/airflow/example_dags/example_complex.py
[2025-07-22T09:11:59.189+0000] {processor.py:830} INFO - Processing file /home/airflow/.local/lib/python3.12/site-packages/airflow/example_dags/example_complex.py for tasks to queue
[2025-07-22T09:11:59.191+0000] {logging_mixin.py:188} INFO - [2025-07-22T09:11:59.191+0000] {dagbag.py:545} INFO - Filling up the DagBag from /home/airflow/.local/lib/python3.12/site-packages/airflow/example_dags/example_complex.py
[2025-07-22T09:11:59.204+0000] {processor.py:840} INFO - DAG(s) 'example_complex' retrieved from /home/airflow/.local/lib/python3.12/site-packages/airflow/example_dags/example_complex.py
[2025-07-22T09:11:59.244+0000] {logging_mixin.py:188} INFO - [2025-07-22T09:11:59.243+0000] {dag.py:3096} INFO - Sync 1 DAGs
[2025-07-22T09:11:59.258+0000] {logging_mixin.py:188} INFO - [2025-07-22T09:11:59.258+0000] {dag.py:3954} INFO - Setting next_dagrun for example_complex to None, run_after=None
[2025-07-22T09:11:59.280+0000] {processor.py:183} INFO - Processing /home/airflow/.local/lib/python3.12/site-packages/airflow/example_dags/example_complex.py took 0.101 seconds
[2025-07-22T09:12:29.482+0000] {processor.py:161} INFO - Started process (PID=2465) to work on /home/airflow/.local/lib/python3.12/site-packages/airflow/example_dags/example_complex.py
[2025-07-22T09:12:29.483+0000] {processor.py:830} INFO - Processing file /home/airflow/.local/lib/python3.12/site-packages/airflow/example_dags/example_complex.py for tasks to queue
[2025-07-22T09:12:29.486+0000] {logging_mixin.py:188} INFO - [2025-07-22T09:12:29.485+0000] {dagbag.py:545} INFO - Filling up the DagBag from /home/airflow/.local/lib/python3.12/site-packages/airflow/example_dags/example_complex.py
[2025-07-22T09:12:29.501+0000] {processor.py:840} INFO - DAG(s) 'example_complex' retrieved from /home/airflow/.local/lib/python3.12/site-packages/airflow/example_dags/example_complex.py
[2025-07-22T09:12:29.558+0000] {logging_mixin.py:188} INFO - [2025-07-22T09:12:29.558+0000] {dag.py:3096} INFO - Sync 1 DAGs
[2025-07-22T09:12:29.575+0000] {logging_mixin.py:188} INFO - [2025-07-22T09:12:29.575+0000] {dag.py:3954} INFO - Setting next_dagrun for example_complex to None, run_after=None
[2025-07-22T09:12:29.601+0000] {processor.py:183} INFO - Processing /home/airflow/.local/lib/python3.12/site-packages/airflow/example_dags/example_complex.py took 0.127 seconds
[2025-07-22T09:12:59.717+0000] {processor.py:161} INFO - Started process (PID=2525) to work on /home/airflow/.local/lib/python3.12/site-packages/airflow/example_dags/example_complex.py
[2025-07-22T09:12:59.718+0000] {processor.py:830} INFO - Processing file /home/airflow/.local/lib/python3.12/site-packages/airflow/example_dags/example_complex.py for tasks to queue
[2025-07-22T09:12:59.720+0000] {logging_mixin.py:188} INFO - [2025-07-22T09:12:59.720+0000] {dagbag.py:545} INFO - Filling up the DagBag from /home/airflow/.local/lib/python3.12/site-packages/airflow/example_dags/example_complex.py
[2025-07-22T09:12:59.732+0000] {processor.py:840} INFO - DAG(s) 'example_complex' retrieved from /home/airflow/.local/lib/python3.12/site-packages/airflow/example_dags/example_complex.py
[2025-07-22T09:12:59.769+0000] {logging_mixin.py:188} INFO - [2025-07-22T09:12:59.769+0000] {dag.py:3096} INFO - Sync 1 DAGs
[2025-07-22T09:12:59.783+0000] {logging_mixin.py:188} INFO - [2025-07-22T09:12:59.783+0000] {dag.py:3954} INFO - Setting next_dagrun for example_complex to None, run_after=None
[2025-07-22T09:12:59.805+0000] {processor.py:183} INFO - Processing /home/airflow/.local/lib/python3.12/site-packages/airflow/example_dags/example_complex.py took 0.096 seconds
[2025-07-22T09:13:30.058+0000] {processor.py:161} INFO - Started process (PID=2585) to work on /home/airflow/.local/lib/python3.12/site-packages/airflow/example_dags/example_complex.py
[2025-07-22T09:13:30.059+0000] {processor.py:830} INFO - Processing file /home/airflow/.local/lib/python3.12/site-packages/airflow/example_dags/example_complex.py for tasks to queue
[2025-07-22T09:13:30.062+0000] {logging_mixin.py:188} INFO - [2025-07-22T09:13:30.062+0000] {dagbag.py:545} INFO - Filling up the DagBag from /home/airflow/.local/lib/python3.12/site-packages/airflow/example_dags/example_complex.py
[2025-07-22T09:13:30.077+0000] {processor.py:840} INFO - DAG(s) 'example_complex' retrieved from /home/airflow/.local/lib/python3.12/site-packages/airflow/example_dags/example_complex.py
[2025-07-22T09:13:30.125+0000] {logging_mixin.py:188} INFO - [2025-07-22T09:13:30.124+0000] {dag.py:3096} INFO - Sync 1 DAGs
[2025-07-22T09:13:30.144+0000] {logging_mixin.py:188} INFO - [2025-07-22T09:13:30.144+0000] {dag.py:3954} INFO - Setting next_dagrun for example_complex to None, run_after=None
[2025-07-22T09:13:30.175+0000] {processor.py:183} INFO - Processing /home/airflow/.local/lib/python3.12/site-packages/airflow/example_dags/example_complex.py took 0.125 seconds
[2025-07-22T09:14:00.278+0000] {processor.py:161} INFO - Started process (PID=2645) to work on /home/airflow/.local/lib/python3.12/site-packages/airflow/example_dags/example_complex.py
[2025-07-22T09:14:00.279+0000] {processor.py:830} INFO - Processing file /home/airflow/.local/lib/python3.12/site-packages/airflow/example_dags/example_complex.py for tasks to queue
[2025-07-22T09:14:00.282+0000] {logging_mixin.py:188} INFO - [2025-07-22T09:14:00.282+0000] {dagbag.py:545} INFO - Filling up the DagBag from /home/airflow/.local/lib/python3.12/site-packages/airflow/example_dags/example_complex.py
[2025-07-22T09:14:00.295+0000] {processor.py:840} INFO - DAG(s) 'example_complex' retrieved from /home/airflow/.local/lib/python3.12/site-packages/airflow/example_dags/example_complex.py
[2025-07-22T09:14:00.336+0000] {logging_mixin.py:188} INFO - [2025-07-22T09:14:00.336+0000] {dag.py:3096} INFO - Sync 1 DAGs
[2025-07-22T09:14:00.351+0000] {logging_mixin.py:188} INFO - [2025-07-22T09:14:00.351+0000] {dag.py:3954} INFO - Setting next_dagrun for example_complex to None, run_after=None
[2025-07-22T09:14:00.374+0000] {processor.py:183} INFO - Processing /home/airflow/.local/lib/python3.12/site-packages/airflow/example_dags/example_complex.py took 0.103 seconds
[2025-07-22T09:14:30.590+0000] {processor.py:161} INFO - Started process (PID=2706) to work on /home/airflow/.local/lib/python3.12/site-packages/airflow/example_dags/example_complex.py
[2025-07-22T09:14:30.591+0000] {processor.py:830} INFO - Processing file /home/airflow/.local/lib/python3.12/site-packages/airflow/example_dags/example_complex.py for tasks to queue
[2025-07-22T09:14:30.594+0000] {logging_mixin.py:188} INFO - [2025-07-22T09:14:30.593+0000] {dagbag.py:545} INFO - Filling up the DagBag from /home/airflow/.local/lib/python3.12/site-packages/airflow/example_dags/example_complex.py
[2025-07-22T09:14:30.605+0000] {processor.py:840} INFO - DAG(s) 'example_complex' retrieved from /home/airflow/.local/lib/python3.12/site-packages/airflow/example_dags/example_complex.py
[2025-07-22T09:14:30.644+0000] {logging_mixin.py:188} INFO - [2025-07-22T09:14:30.643+0000] {dag.py:3096} INFO - Sync 1 DAGs
[2025-07-22T09:14:30.658+0000] {logging_mixin.py:188} INFO - [2025-07-22T09:14:30.658+0000] {dag.py:3954} INFO - Setting next_dagrun for example_complex to None, run_after=None
[2025-07-22T09:14:30.680+0000] {processor.py:183} INFO - Processing /home/airflow/.local/lib/python3.12/site-packages/airflow/example_dags/example_complex.py took 0.097 seconds
[2025-07-22T09:15:00.896+0000] {processor.py:161} INFO - Started process (PID=2766) to work on /home/airflow/.local/lib/python3.12/site-packages/airflow/example_dags/example_complex.py
[2025-07-22T09:15:00.898+0000] {processor.py:830} INFO - Processing file /home/airflow/.local/lib/python3.12/site-packages/airflow/example_dags/example_complex.py for tasks to queue
[2025-07-22T09:15:00.900+0000] {logging_mixin.py:188} INFO - [2025-07-22T09:15:00.899+0000] {dagbag.py:545} INFO - Filling up the DagBag from /home/airflow/.local/lib/python3.12/site-packages/airflow/example_dags/example_complex.py
[2025-07-22T09:15:00.912+0000] {processor.py:840} INFO - DAG(s) 'example_complex' retrieved from /home/airflow/.local/lib/python3.12/site-packages/airflow/example_dags/example_complex.py
[2025-07-22T09:15:00.949+0000] {logging_mixin.py:188} INFO - [2025-07-22T09:15:00.949+0000] {dag.py:3096} INFO - Sync 1 DAGs
[2025-07-22T09:15:00.972+0000] {logging_mixin.py:188} INFO - [2025-07-22T09:15:00.972+0000] {dag.py:3954} INFO - Setting next_dagrun for example_complex to None, run_after=None
[2025-07-22T09:15:01.005+0000] {processor.py:183} INFO - Processing /home/airflow/.local/lib/python3.12/site-packages/airflow/example_dags/example_complex.py took 0.115 seconds
[2025-07-22T09:15:31.249+0000] {processor.py:161} INFO - Started process (PID=2826) to work on /home/airflow/.local/lib/python3.12/site-packages/airflow/example_dags/example_complex.py
[2025-07-22T09:15:31.250+0000] {processor.py:830} INFO - Processing file /home/airflow/.local/lib/python3.12/site-packages/airflow/example_dags/example_complex.py for tasks to queue
[2025-07-22T09:15:31.253+0000] {logging_mixin.py:188} INFO - [2025-07-22T09:15:31.253+0000] {dagbag.py:545} INFO - Filling up the DagBag from /home/airflow/.local/lib/python3.12/site-packages/airflow/example_dags/example_complex.py
[2025-07-22T09:15:31.267+0000] {processor.py:840} INFO - DAG(s) 'example_complex' retrieved from /home/airflow/.local/lib/python3.12/site-packages/airflow/example_dags/example_complex.py
[2025-07-22T09:15:31.316+0000] {logging_mixin.py:188} INFO - [2025-07-22T09:15:31.316+0000] {dag.py:3096} INFO - Sync 1 DAGs
[2025-07-22T09:15:31.334+0000] {logging_mixin.py:188} INFO - [2025-07-22T09:15:31.334+0000] {dag.py:3954} INFO - Setting next_dagrun for example_complex to None, run_after=None
[2025-07-22T09:15:31.365+0000] {processor.py:183} INFO - Processing /home/airflow/.local/lib/python3.12/site-packages/airflow/example_dags/example_complex.py took 0.123 seconds
[2025-07-22T09:16:01.470+0000] {processor.py:161} INFO - Started process (PID=2886) to work on /home/airflow/.local/lib/python3.12/site-packages/airflow/example_dags/example_complex.py
[2025-07-22T09:16:01.471+0000] {processor.py:830} INFO - Processing file /home/airflow/.local/lib/python3.12/site-packages/airflow/example_dags/example_complex.py for tasks to queue
[2025-07-22T09:16:01.474+0000] {logging_mixin.py:188} INFO - [2025-07-22T09:16:01.473+0000] {dagbag.py:545} INFO - Filling up the DagBag from /home/airflow/.local/lib/python3.12/site-packages/airflow/example_dags/example_complex.py
[2025-07-22T09:16:01.486+0000] {processor.py:840} INFO - DAG(s) 'example_complex' retrieved from /home/airflow/.local/lib/python3.12/site-packages/airflow/example_dags/example_complex.py
[2025-07-22T09:16:01.527+0000] {logging_mixin.py:188} INFO - [2025-07-22T09:16:01.527+0000] {dag.py:3096} INFO - Sync 1 DAGs
[2025-07-22T09:16:01.542+0000] {logging_mixin.py:188} INFO - [2025-07-22T09:16:01.542+0000] {dag.py:3954} INFO - Setting next_dagrun for example_complex to None, run_after=None
[2025-07-22T09:16:01.572+0000] {processor.py:183} INFO - Processing /home/airflow/.local/lib/python3.12/site-packages/airflow/example_dags/example_complex.py took 0.109 seconds
[2025-07-22T09:16:31.812+0000] {processor.py:161} INFO - Started process (PID=2946) to work on /home/airflow/.local/lib/python3.12/site-packages/airflow/example_dags/example_complex.py
[2025-07-22T09:16:31.814+0000] {processor.py:830} INFO - Processing file /home/airflow/.local/lib/python3.12/site-packages/airflow/example_dags/example_complex.py for tasks to queue
[2025-07-22T09:16:31.816+0000] {logging_mixin.py:188} INFO - [2025-07-22T09:16:31.816+0000] {dagbag.py:545} INFO - Filling up the DagBag from /home/airflow/.local/lib/python3.12/site-packages/airflow/example_dags/example_complex.py
[2025-07-22T09:16:31.833+0000] {processor.py:840} INFO - DAG(s) 'example_complex' retrieved from /home/airflow/.local/lib/python3.12/site-packages/airflow/example_dags/example_complex.py
[2025-07-22T09:16:31.880+0000] {logging_mixin.py:188} INFO - [2025-07-22T09:16:31.879+0000] {dag.py:3096} INFO - Sync 1 DAGs
[2025-07-22T09:16:31.898+0000] {logging_mixin.py:188} INFO - [2025-07-22T09:16:31.897+0000] {dag.py:3954} INFO - Setting next_dagrun for example_complex to None, run_after=None
[2025-07-22T09:16:31.923+0000] {processor.py:183} INFO - Processing /home/airflow/.local/lib/python3.12/site-packages/airflow/example_dags/example_complex.py took 0.120 seconds
[2025-07-22T09:17:02.170+0000] {processor.py:161} INFO - Started process (PID=3006) to work on /home/airflow/.local/lib/python3.12/site-packages/airflow/example_dags/example_complex.py
[2025-07-22T09:17:02.172+0000] {processor.py:830} INFO - Processing file /home/airflow/.local/lib/python3.12/site-packages/airflow/example_dags/example_complex.py for tasks to queue
[2025-07-22T09:17:02.175+0000] {logging_mixin.py:188} INFO - [2025-07-22T09:17:02.174+0000] {dagbag.py:545} INFO - Filling up the DagBag from /home/airflow/.local/lib/python3.12/site-packages/airflow/example_dags/example_complex.py
[2025-07-22T09:17:02.193+0000] {processor.py:840} INFO - DAG(s) 'example_complex' retrieved from /home/airflow/.local/lib/python3.12/site-packages/airflow/example_dags/example_complex.py
[2025-07-22T09:17:02.242+0000] {logging_mixin.py:188} INFO - [2025-07-22T09:17:02.242+0000] {dag.py:3096} INFO - Sync 1 DAGs
[2025-07-22T09:17:02.261+0000] {logging_mixin.py:188} INFO - [2025-07-22T09:17:02.261+0000] {dag.py:3954} INFO - Setting next_dagrun for example_complex to None, run_after=None
[2025-07-22T09:17:02.290+0000] {processor.py:183} INFO - Processing /home/airflow/.local/lib/python3.12/site-packages/airflow/example_dags/example_complex.py took 0.127 seconds
[2025-07-22T09:17:32.579+0000] {processor.py:161} INFO - Started process (PID=3066) to work on /home/airflow/.local/lib/python3.12/site-packages/airflow/example_dags/example_complex.py
[2025-07-22T09:17:32.580+0000] {processor.py:830} INFO - Processing file /home/airflow/.local/lib/python3.12/site-packages/airflow/example_dags/example_complex.py for tasks to queue
[2025-07-22T09:17:32.582+0000] {logging_mixin.py:188} INFO - [2025-07-22T09:17:32.582+0000] {dagbag.py:545} INFO - Filling up the DagBag from /home/airflow/.local/lib/python3.12/site-packages/airflow/example_dags/example_complex.py
[2025-07-22T09:17:32.594+0000] {processor.py:840} INFO - DAG(s) 'example_complex' retrieved from /home/airflow/.local/lib/python3.12/site-packages/airflow/example_dags/example_complex.py
[2025-07-22T09:17:32.632+0000] {logging_mixin.py:188} INFO - [2025-07-22T09:17:32.632+0000] {dag.py:3096} INFO - Sync 1 DAGs
[2025-07-22T09:17:32.646+0000] {logging_mixin.py:188} INFO - [2025-07-22T09:17:32.646+0000] {dag.py:3954} INFO - Setting next_dagrun for example_complex to None, run_after=None
[2025-07-22T09:17:32.669+0000] {processor.py:183} INFO - Processing /home/airflow/.local/lib/python3.12/site-packages/airflow/example_dags/example_complex.py took 0.097 seconds
[2025-07-22T09:18:02.787+0000] {processor.py:161} INFO - Started process (PID=3126) to work on /home/airflow/.local/lib/python3.12/site-packages/airflow/example_dags/example_complex.py
[2025-07-22T09:18:02.788+0000] {processor.py:830} INFO - Processing file /home/airflow/.local/lib/python3.12/site-packages/airflow/example_dags/example_complex.py for tasks to queue
[2025-07-22T09:18:02.790+0000] {logging_mixin.py:188} INFO - [2025-07-22T09:18:02.790+0000] {dagbag.py:545} INFO - Filling up the DagBag from /home/airflow/.local/lib/python3.12/site-packages/airflow/example_dags/example_complex.py
[2025-07-22T09:18:02.802+0000] {processor.py:840} INFO - DAG(s) 'example_complex' retrieved from /home/airflow/.local/lib/python3.12/site-packages/airflow/example_dags/example_complex.py
[2025-07-22T09:18:02.840+0000] {logging_mixin.py:188} INFO - [2025-07-22T09:18:02.839+0000] {dag.py:3096} INFO - Sync 1 DAGs
[2025-07-22T09:18:02.856+0000] {logging_mixin.py:188} INFO - [2025-07-22T09:18:02.855+0000] {dag.py:3954} INFO - Setting next_dagrun for example_complex to None, run_after=None
[2025-07-22T09:18:02.878+0000] {processor.py:183} INFO - Processing /home/airflow/.local/lib/python3.12/site-packages/airflow/example_dags/example_complex.py took 0.098 seconds
[2025-07-22T09:18:33.155+0000] {processor.py:161} INFO - Started process (PID=3186) to work on /home/airflow/.local/lib/python3.12/site-packages/airflow/example_dags/example_complex.py
[2025-07-22T09:18:33.156+0000] {processor.py:830} INFO - Processing file /home/airflow/.local/lib/python3.12/site-packages/airflow/example_dags/example_complex.py for tasks to queue
[2025-07-22T09:18:33.158+0000] {logging_mixin.py:188} INFO - [2025-07-22T09:18:33.158+0000] {dagbag.py:545} INFO - Filling up the DagBag from /home/airflow/.local/lib/python3.12/site-packages/airflow/example_dags/example_complex.py
[2025-07-22T09:18:33.171+0000] {processor.py:840} INFO - DAG(s) 'example_complex' retrieved from /home/airflow/.local/lib/python3.12/site-packages/airflow/example_dags/example_complex.py
[2025-07-22T09:18:33.221+0000] {logging_mixin.py:188} INFO - [2025-07-22T09:18:33.220+0000] {dag.py:3096} INFO - Sync 1 DAGs
[2025-07-22T09:18:33.237+0000] {logging_mixin.py:188} INFO - [2025-07-22T09:18:33.237+0000] {dag.py:3954} INFO - Setting next_dagrun for example_complex to None, run_after=None
[2025-07-22T09:18:33.261+0000] {processor.py:183} INFO - Processing /home/airflow/.local/lib/python3.12/site-packages/airflow/example_dags/example_complex.py took 0.114 seconds
[2025-07-22T09:19:03.959+0000] {processor.py:161} INFO - Started process (PID=3244) to work on /home/airflow/.local/lib/python3.12/site-packages/airflow/example_dags/example_complex.py
[2025-07-22T09:19:03.960+0000] {processor.py:830} INFO - Processing file /home/airflow/.local/lib/python3.12/site-packages/airflow/example_dags/example_complex.py for tasks to queue
[2025-07-22T09:19:03.962+0000] {logging_mixin.py:188} INFO - [2025-07-22T09:19:03.962+0000] {dagbag.py:545} INFO - Filling up the DagBag from /home/airflow/.local/lib/python3.12/site-packages/airflow/example_dags/example_complex.py
[2025-07-22T09:19:03.975+0000] {processor.py:840} INFO - DAG(s) 'example_complex' retrieved from /home/airflow/.local/lib/python3.12/site-packages/airflow/example_dags/example_complex.py
[2025-07-22T09:19:04.019+0000] {logging_mixin.py:188} INFO - [2025-07-22T09:19:04.019+0000] {dag.py:3096} INFO - Sync 1 DAGs
[2025-07-22T09:19:04.035+0000] {logging_mixin.py:188} INFO - [2025-07-22T09:19:04.035+0000] {dag.py:3954} INFO - Setting next_dagrun for example_complex to None, run_after=None
[2025-07-22T09:19:04.058+0000] {processor.py:183} INFO - Processing /home/airflow/.local/lib/python3.12/site-packages/airflow/example_dags/example_complex.py took 0.107 seconds
[2025-07-22T09:19:34.617+0000] {processor.py:161} INFO - Started process (PID=3304) to work on /home/airflow/.local/lib/python3.12/site-packages/airflow/example_dags/example_complex.py
[2025-07-22T09:19:34.618+0000] {processor.py:830} INFO - Processing file /home/airflow/.local/lib/python3.12/site-packages/airflow/example_dags/example_complex.py for tasks to queue
[2025-07-22T09:19:34.621+0000] {logging_mixin.py:188} INFO - [2025-07-22T09:19:34.620+0000] {dagbag.py:545} INFO - Filling up the DagBag from /home/airflow/.local/lib/python3.12/site-packages/airflow/example_dags/example_complex.py
[2025-07-22T09:19:34.636+0000] {processor.py:840} INFO - DAG(s) 'example_complex' retrieved from /home/airflow/.local/lib/python3.12/site-packages/airflow/example_dags/example_complex.py
[2025-07-22T09:19:34.681+0000] {logging_mixin.py:188} INFO - [2025-07-22T09:19:34.681+0000] {dag.py:3096} INFO - Sync 1 DAGs
[2025-07-22T09:19:34.703+0000] {logging_mixin.py:188} INFO - [2025-07-22T09:19:34.702+0000] {dag.py:3954} INFO - Setting next_dagrun for example_complex to None, run_after=None
[2025-07-22T09:19:34.726+0000] {processor.py:183} INFO - Processing /home/airflow/.local/lib/python3.12/site-packages/airflow/example_dags/example_complex.py took 0.118 seconds
[2025-07-22T09:20:05.129+0000] {processor.py:161} INFO - Started process (PID=3364) to work on /home/airflow/.local/lib/python3.12/site-packages/airflow/example_dags/example_complex.py
[2025-07-22T09:20:05.131+0000] {processor.py:830} INFO - Processing file /home/airflow/.local/lib/python3.12/site-packages/airflow/example_dags/example_complex.py for tasks to queue
[2025-07-22T09:20:05.133+0000] {logging_mixin.py:188} INFO - [2025-07-22T09:20:05.133+0000] {dagbag.py:545} INFO - Filling up the DagBag from /home/airflow/.local/lib/python3.12/site-packages/airflow/example_dags/example_complex.py
[2025-07-22T09:20:05.147+0000] {processor.py:840} INFO - DAG(s) 'example_complex' retrieved from /home/airflow/.local/lib/python3.12/site-packages/airflow/example_dags/example_complex.py
[2025-07-22T09:20:05.193+0000] {logging_mixin.py:188} INFO - [2025-07-22T09:20:05.192+0000] {dag.py:3096} INFO - Sync 1 DAGs
[2025-07-22T09:20:05.209+0000] {logging_mixin.py:188} INFO - [2025-07-22T09:20:05.209+0000] {dag.py:3954} INFO - Setting next_dagrun for example_complex to None, run_after=None
[2025-07-22T09:20:05.246+0000] {processor.py:183} INFO - Processing /home/airflow/.local/lib/python3.12/site-packages/airflow/example_dags/example_complex.py took 0.124 seconds
[2025-07-22T09:20:35.519+0000] {processor.py:161} INFO - Started process (PID=3430) to work on /home/airflow/.local/lib/python3.12/site-packages/airflow/example_dags/example_complex.py
[2025-07-22T09:20:35.521+0000] {processor.py:830} INFO - Processing file /home/airflow/.local/lib/python3.12/site-packages/airflow/example_dags/example_complex.py for tasks to queue
[2025-07-22T09:20:35.523+0000] {logging_mixin.py:188} INFO - [2025-07-22T09:20:35.523+0000] {dagbag.py:545} INFO - Filling up the DagBag from /home/airflow/.local/lib/python3.12/site-packages/airflow/example_dags/example_complex.py
[2025-07-22T09:20:35.537+0000] {processor.py:840} INFO - DAG(s) 'example_complex' retrieved from /home/airflow/.local/lib/python3.12/site-packages/airflow/example_dags/example_complex.py
[2025-07-22T09:20:35.583+0000] {logging_mixin.py:188} INFO - [2025-07-22T09:20:35.582+0000] {dag.py:3096} INFO - Sync 1 DAGs
[2025-07-22T09:20:35.599+0000] {logging_mixin.py:188} INFO - [2025-07-22T09:20:35.599+0000] {dag.py:3954} INFO - Setting next_dagrun for example_complex to None, run_after=None
[2025-07-22T09:20:35.625+0000] {processor.py:183} INFO - Processing /home/airflow/.local/lib/python3.12/site-packages/airflow/example_dags/example_complex.py took 0.114 seconds
[2025-07-22T09:21:05.820+0000] {processor.py:161} INFO - Started process (PID=3491) to work on /home/airflow/.local/lib/python3.12/site-packages/airflow/example_dags/example_complex.py
[2025-07-22T09:21:05.821+0000] {processor.py:830} INFO - Processing file /home/airflow/.local/lib/python3.12/site-packages/airflow/example_dags/example_complex.py for tasks to queue
[2025-07-22T09:21:05.824+0000] {logging_mixin.py:188} INFO - [2025-07-22T09:21:05.824+0000] {dagbag.py:545} INFO - Filling up the DagBag from /home/airflow/.local/lib/python3.12/site-packages/airflow/example_dags/example_complex.py
[2025-07-22T09:21:05.838+0000] {processor.py:840} INFO - DAG(s) 'example_complex' retrieved from /home/airflow/.local/lib/python3.12/site-packages/airflow/example_dags/example_complex.py
[2025-07-22T09:21:05.880+0000] {logging_mixin.py:188} INFO - [2025-07-22T09:21:05.880+0000] {dag.py:3096} INFO - Sync 1 DAGs
[2025-07-22T09:21:05.898+0000] {logging_mixin.py:188} INFO - [2025-07-22T09:21:05.898+0000] {dag.py:3954} INFO - Setting next_dagrun for example_complex to None, run_after=None
[2025-07-22T09:21:05.920+0000] {processor.py:183} INFO - Processing /home/airflow/.local/lib/python3.12/site-packages/airflow/example_dags/example_complex.py took 0.107 seconds
[2025-07-22T09:21:35.997+0000] {processor.py:161} INFO - Started process (PID=3551) to work on /home/airflow/.local/lib/python3.12/site-packages/airflow/example_dags/example_complex.py
[2025-07-22T09:21:35.998+0000] {processor.py:830} INFO - Processing file /home/airflow/.local/lib/python3.12/site-packages/airflow/example_dags/example_complex.py for tasks to queue
[2025-07-22T09:21:36.000+0000] {logging_mixin.py:188} INFO - [2025-07-22T09:21:36.000+0000] {dagbag.py:545} INFO - Filling up the DagBag from /home/airflow/.local/lib/python3.12/site-packages/airflow/example_dags/example_complex.py
[2025-07-22T09:21:36.013+0000] {processor.py:840} INFO - DAG(s) 'example_complex' retrieved from /home/airflow/.local/lib/python3.12/site-packages/airflow/example_dags/example_complex.py
[2025-07-22T09:21:36.059+0000] {logging_mixin.py:188} INFO - [2025-07-22T09:21:36.059+0000] {dag.py:3096} INFO - Sync 1 DAGs
[2025-07-22T09:21:36.075+0000] {logging_mixin.py:188} INFO - [2025-07-22T09:21:36.074+0000] {dag.py:3954} INFO - Setting next_dagrun for example_complex to None, run_after=None
[2025-07-22T09:21:36.105+0000] {processor.py:183} INFO - Processing /home/airflow/.local/lib/python3.12/site-packages/airflow/example_dags/example_complex.py took 0.115 seconds
[2025-07-22T09:22:06.339+0000] {processor.py:161} INFO - Started process (PID=3611) to work on /home/airflow/.local/lib/python3.12/site-packages/airflow/example_dags/example_complex.py
[2025-07-22T09:22:06.340+0000] {processor.py:830} INFO - Processing file /home/airflow/.local/lib/python3.12/site-packages/airflow/example_dags/example_complex.py for tasks to queue
[2025-07-22T09:22:06.342+0000] {logging_mixin.py:188} INFO - [2025-07-22T09:22:06.342+0000] {dagbag.py:545} INFO - Filling up the DagBag from /home/airflow/.local/lib/python3.12/site-packages/airflow/example_dags/example_complex.py
[2025-07-22T09:22:06.354+0000] {processor.py:840} INFO - DAG(s) 'example_complex' retrieved from /home/airflow/.local/lib/python3.12/site-packages/airflow/example_dags/example_complex.py
[2025-07-22T09:22:06.391+0000] {logging_mixin.py:188} INFO - [2025-07-22T09:22:06.391+0000] {dag.py:3096} INFO - Sync 1 DAGs
[2025-07-22T09:22:06.406+0000] {logging_mixin.py:188} INFO - [2025-07-22T09:22:06.406+0000] {dag.py:3954} INFO - Setting next_dagrun for example_complex to None, run_after=None
[2025-07-22T09:22:06.430+0000] {processor.py:183} INFO - Processing /home/airflow/.local/lib/python3.12/site-packages/airflow/example_dags/example_complex.py took 0.099 seconds
[2025-07-22T09:22:37.325+0000] {processor.py:161} INFO - Started process (PID=3671) to work on /home/airflow/.local/lib/python3.12/site-packages/airflow/example_dags/example_complex.py
[2025-07-22T09:22:37.326+0000] {processor.py:830} INFO - Processing file /home/airflow/.local/lib/python3.12/site-packages/airflow/example_dags/example_complex.py for tasks to queue
[2025-07-22T09:22:37.329+0000] {logging_mixin.py:188} INFO - [2025-07-22T09:22:37.329+0000] {dagbag.py:545} INFO - Filling up the DagBag from /home/airflow/.local/lib/python3.12/site-packages/airflow/example_dags/example_complex.py
[2025-07-22T09:22:37.347+0000] {processor.py:840} INFO - DAG(s) 'example_complex' retrieved from /home/airflow/.local/lib/python3.12/site-packages/airflow/example_dags/example_complex.py
[2025-07-22T09:22:37.404+0000] {logging_mixin.py:188} INFO - [2025-07-22T09:22:37.404+0000] {dag.py:3096} INFO - Sync 1 DAGs
[2025-07-22T09:22:37.427+0000] {logging_mixin.py:188} INFO - [2025-07-22T09:22:37.427+0000] {dag.py:3954} INFO - Setting next_dagrun for example_complex to None, run_after=None
[2025-07-22T09:22:37.461+0000] {processor.py:183} INFO - Processing /home/airflow/.local/lib/python3.12/site-packages/airflow/example_dags/example_complex.py took 0.146 seconds
