[2025-07-22T08:52:10.776+0000] {processor.py:161} INFO - Started process (PID=105) to work on /home/airflow/.local/lib/python3.12/site-packages/airflow/example_dags/example_latest_only_with_trigger.py
[2025-07-22T08:52:10.777+0000] {processor.py:830} INFO - Processing file /home/airflow/.local/lib/python3.12/site-packages/airflow/example_dags/example_latest_only_with_trigger.py for tasks to queue
[2025-07-22T08:52:10.779+0000] {logging_mixin.py:188} INFO - [2025-07-22T08:52:10.779+0000] {dagbag.py:545} INFO - Filling up the DagBag from /home/airflow/.local/lib/python3.12/site-packages/airflow/example_dags/example_latest_only_with_trigger.py
[2025-07-22T08:52:10.786+0000] {processor.py:840} INFO - DAG(s) 'latest_only_with_trigger' retrieved from /home/airflow/.local/lib/python3.12/site-packages/airflow/example_dags/example_latest_only_with_trigger.py
[2025-07-22T08:52:10.929+0000] {logging_mixin.py:188} INFO - [2025-07-22T08:52:10.929+0000] {dag.py:3096} INFO - Sync 1 DAGs
[2025-07-22T08:52:10.957+0000] {logging_mixin.py:188} INFO - [2025-07-22T08:52:10.957+0000] {dag.py:3954} INFO - Setting next_dagrun for latest_only_with_trigger to 2025-07-22 04:00:00+00:00, run_after=2025-07-22 08:00:00+00:00
[2025-07-22T08:52:10.983+0000] {processor.py:183} INFO - Processing /home/airflow/.local/lib/python3.12/site-packages/airflow/example_dags/example_latest_only_with_trigger.py took 0.216 seconds
[2025-07-22T08:52:41.695+0000] {processor.py:161} INFO - Started process (PID=163) to work on /home/airflow/.local/lib/python3.12/site-packages/airflow/example_dags/example_latest_only_with_trigger.py
[2025-07-22T08:52:41.696+0000] {processor.py:830} INFO - Processing file /home/airflow/.local/lib/python3.12/site-packages/airflow/example_dags/example_latest_only_with_trigger.py for tasks to queue
[2025-07-22T08:52:41.698+0000] {logging_mixin.py:188} INFO - [2025-07-22T08:52:41.698+0000] {dagbag.py:545} INFO - Filling up the DagBag from /home/airflow/.local/lib/python3.12/site-packages/airflow/example_dags/example_latest_only_with_trigger.py
[2025-07-22T08:52:41.705+0000] {processor.py:840} INFO - DAG(s) 'latest_only_with_trigger' retrieved from /home/airflow/.local/lib/python3.12/site-packages/airflow/example_dags/example_latest_only_with_trigger.py
[2025-07-22T08:52:41.731+0000] {logging_mixin.py:188} INFO - [2025-07-22T08:52:41.731+0000] {dag.py:3096} INFO - Sync 1 DAGs
[2025-07-22T08:52:41.760+0000] {logging_mixin.py:188} INFO - [2025-07-22T08:52:41.760+0000] {dag.py:3954} INFO - Setting next_dagrun for latest_only_with_trigger to 2025-07-22 04:00:00+00:00, run_after=2025-07-22 08:00:00+00:00
[2025-07-22T08:52:41.784+0000] {processor.py:183} INFO - Processing /home/airflow/.local/lib/python3.12/site-packages/airflow/example_dags/example_latest_only_with_trigger.py took 0.097 seconds
[2025-07-22T08:53:12.021+0000] {processor.py:161} INFO - Started process (PID=221) to work on /home/airflow/.local/lib/python3.12/site-packages/airflow/example_dags/example_latest_only_with_trigger.py
[2025-07-22T08:53:12.023+0000] {processor.py:830} INFO - Processing file /home/airflow/.local/lib/python3.12/site-packages/airflow/example_dags/example_latest_only_with_trigger.py for tasks to queue
[2025-07-22T08:53:12.025+0000] {logging_mixin.py:188} INFO - [2025-07-22T08:53:12.025+0000] {dagbag.py:545} INFO - Filling up the DagBag from /home/airflow/.local/lib/python3.12/site-packages/airflow/example_dags/example_latest_only_with_trigger.py
[2025-07-22T08:53:12.032+0000] {processor.py:840} INFO - DAG(s) 'latest_only_with_trigger' retrieved from /home/airflow/.local/lib/python3.12/site-packages/airflow/example_dags/example_latest_only_with_trigger.py
[2025-07-22T08:53:12.062+0000] {logging_mixin.py:188} INFO - [2025-07-22T08:53:12.062+0000] {dag.py:3096} INFO - Sync 1 DAGs
[2025-07-22T08:53:12.094+0000] {logging_mixin.py:188} INFO - [2025-07-22T08:53:12.094+0000] {dag.py:3954} INFO - Setting next_dagrun for latest_only_with_trigger to 2025-07-22 04:00:00+00:00, run_after=2025-07-22 08:00:00+00:00
[2025-07-22T08:53:12.119+0000] {processor.py:183} INFO - Processing /home/airflow/.local/lib/python3.12/site-packages/airflow/example_dags/example_latest_only_with_trigger.py took 0.106 seconds
[2025-07-22T08:53:43.147+0000] {processor.py:161} INFO - Started process (PID=279) to work on /home/airflow/.local/lib/python3.12/site-packages/airflow/example_dags/example_latest_only_with_trigger.py
[2025-07-22T08:53:43.149+0000] {processor.py:830} INFO - Processing file /home/airflow/.local/lib/python3.12/site-packages/airflow/example_dags/example_latest_only_with_trigger.py for tasks to queue
[2025-07-22T08:53:43.153+0000] {logging_mixin.py:188} INFO - [2025-07-22T08:53:43.152+0000] {dagbag.py:545} INFO - Filling up the DagBag from /home/airflow/.local/lib/python3.12/site-packages/airflow/example_dags/example_latest_only_with_trigger.py
[2025-07-22T08:53:43.166+0000] {processor.py:840} INFO - DAG(s) 'latest_only_with_trigger' retrieved from /home/airflow/.local/lib/python3.12/site-packages/airflow/example_dags/example_latest_only_with_trigger.py
[2025-07-22T08:53:43.210+0000] {logging_mixin.py:188} INFO - [2025-07-22T08:53:43.209+0000] {dag.py:3096} INFO - Sync 1 DAGs
[2025-07-22T08:53:43.278+0000] {logging_mixin.py:188} INFO - [2025-07-22T08:53:43.277+0000] {dag.py:3954} INFO - Setting next_dagrun for latest_only_with_trigger to 2025-07-22 04:00:00+00:00, run_after=2025-07-22 08:00:00+00:00
[2025-07-22T08:53:43.341+0000] {processor.py:183} INFO - Processing /home/airflow/.local/lib/python3.12/site-packages/airflow/example_dags/example_latest_only_with_trigger.py took 0.206 seconds
[2025-07-22T08:54:13.464+0000] {processor.py:161} INFO - Started process (PID=337) to work on /home/airflow/.local/lib/python3.12/site-packages/airflow/example_dags/example_latest_only_with_trigger.py
[2025-07-22T08:54:13.466+0000] {processor.py:830} INFO - Processing file /home/airflow/.local/lib/python3.12/site-packages/airflow/example_dags/example_latest_only_with_trigger.py for tasks to queue
[2025-07-22T08:54:13.470+0000] {logging_mixin.py:188} INFO - [2025-07-22T08:54:13.469+0000] {dagbag.py:545} INFO - Filling up the DagBag from /home/airflow/.local/lib/python3.12/site-packages/airflow/example_dags/example_latest_only_with_trigger.py
[2025-07-22T08:54:13.480+0000] {processor.py:840} INFO - DAG(s) 'latest_only_with_trigger' retrieved from /home/airflow/.local/lib/python3.12/site-packages/airflow/example_dags/example_latest_only_with_trigger.py
[2025-07-22T08:54:13.513+0000] {logging_mixin.py:188} INFO - [2025-07-22T08:54:13.513+0000] {dag.py:3096} INFO - Sync 1 DAGs
[2025-07-22T08:54:13.545+0000] {logging_mixin.py:188} INFO - [2025-07-22T08:54:13.545+0000] {dag.py:3954} INFO - Setting next_dagrun for latest_only_with_trigger to 2025-07-22 04:00:00+00:00, run_after=2025-07-22 08:00:00+00:00
[2025-07-22T08:54:13.570+0000] {processor.py:183} INFO - Processing /home/airflow/.local/lib/python3.12/site-packages/airflow/example_dags/example_latest_only_with_trigger.py took 0.119 seconds
[2025-07-22T08:54:43.646+0000] {processor.py:161} INFO - Started process (PID=395) to work on /home/airflow/.local/lib/python3.12/site-packages/airflow/example_dags/example_latest_only_with_trigger.py
[2025-07-22T08:54:43.647+0000] {processor.py:830} INFO - Processing file /home/airflow/.local/lib/python3.12/site-packages/airflow/example_dags/example_latest_only_with_trigger.py for tasks to queue
[2025-07-22T08:54:43.650+0000] {logging_mixin.py:188} INFO - [2025-07-22T08:54:43.650+0000] {dagbag.py:545} INFO - Filling up the DagBag from /home/airflow/.local/lib/python3.12/site-packages/airflow/example_dags/example_latest_only_with_trigger.py
[2025-07-22T08:54:43.658+0000] {processor.py:840} INFO - DAG(s) 'latest_only_with_trigger' retrieved from /home/airflow/.local/lib/python3.12/site-packages/airflow/example_dags/example_latest_only_with_trigger.py
[2025-07-22T08:54:43.683+0000] {logging_mixin.py:188} INFO - [2025-07-22T08:54:43.683+0000] {dag.py:3096} INFO - Sync 1 DAGs
[2025-07-22T08:54:43.711+0000] {logging_mixin.py:188} INFO - [2025-07-22T08:54:43.711+0000] {dag.py:3954} INFO - Setting next_dagrun for latest_only_with_trigger to 2025-07-22 04:00:00+00:00, run_after=2025-07-22 08:00:00+00:00
[2025-07-22T08:54:43.735+0000] {processor.py:183} INFO - Processing /home/airflow/.local/lib/python3.12/site-packages/airflow/example_dags/example_latest_only_with_trigger.py took 0.098 seconds
[2025-07-22T08:55:14.301+0000] {processor.py:161} INFO - Started process (PID=453) to work on /home/airflow/.local/lib/python3.12/site-packages/airflow/example_dags/example_latest_only_with_trigger.py
[2025-07-22T08:55:14.303+0000] {processor.py:830} INFO - Processing file /home/airflow/.local/lib/python3.12/site-packages/airflow/example_dags/example_latest_only_with_trigger.py for tasks to queue
[2025-07-22T08:55:14.306+0000] {logging_mixin.py:188} INFO - [2025-07-22T08:55:14.305+0000] {dagbag.py:545} INFO - Filling up the DagBag from /home/airflow/.local/lib/python3.12/site-packages/airflow/example_dags/example_latest_only_with_trigger.py
[2025-07-22T08:55:14.314+0000] {processor.py:840} INFO - DAG(s) 'latest_only_with_trigger' retrieved from /home/airflow/.local/lib/python3.12/site-packages/airflow/example_dags/example_latest_only_with_trigger.py
[2025-07-22T08:55:14.343+0000] {logging_mixin.py:188} INFO - [2025-07-22T08:55:14.342+0000] {dag.py:3096} INFO - Sync 1 DAGs
[2025-07-22T08:55:14.374+0000] {logging_mixin.py:188} INFO - [2025-07-22T08:55:14.374+0000] {dag.py:3954} INFO - Setting next_dagrun for latest_only_with_trigger to 2025-07-22 04:00:00+00:00, run_after=2025-07-22 08:00:00+00:00
[2025-07-22T08:55:14.403+0000] {processor.py:183} INFO - Processing /home/airflow/.local/lib/python3.12/site-packages/airflow/example_dags/example_latest_only_with_trigger.py took 0.110 seconds
[2025-07-22T08:55:45.223+0000] {processor.py:161} INFO - Started process (PID=511) to work on /home/airflow/.local/lib/python3.12/site-packages/airflow/example_dags/example_latest_only_with_trigger.py
[2025-07-22T08:55:45.225+0000] {processor.py:830} INFO - Processing file /home/airflow/.local/lib/python3.12/site-packages/airflow/example_dags/example_latest_only_with_trigger.py for tasks to queue
[2025-07-22T08:55:45.227+0000] {logging_mixin.py:188} INFO - [2025-07-22T08:55:45.227+0000] {dagbag.py:545} INFO - Filling up the DagBag from /home/airflow/.local/lib/python3.12/site-packages/airflow/example_dags/example_latest_only_with_trigger.py
[2025-07-22T08:55:45.233+0000] {processor.py:840} INFO - DAG(s) 'latest_only_with_trigger' retrieved from /home/airflow/.local/lib/python3.12/site-packages/airflow/example_dags/example_latest_only_with_trigger.py
[2025-07-22T08:55:45.255+0000] {logging_mixin.py:188} INFO - [2025-07-22T08:55:45.255+0000] {dag.py:3096} INFO - Sync 1 DAGs
[2025-07-22T08:55:45.278+0000] {logging_mixin.py:188} INFO - [2025-07-22T08:55:45.278+0000] {dag.py:3954} INFO - Setting next_dagrun for latest_only_with_trigger to 2025-07-22 04:00:00+00:00, run_after=2025-07-22 08:00:00+00:00
[2025-07-22T08:55:45.299+0000] {processor.py:183} INFO - Processing /home/airflow/.local/lib/python3.12/site-packages/airflow/example_dags/example_latest_only_with_trigger.py took 0.082 seconds
[2025-07-22T08:56:15.706+0000] {processor.py:161} INFO - Started process (PID=569) to work on /home/airflow/.local/lib/python3.12/site-packages/airflow/example_dags/example_latest_only_with_trigger.py
[2025-07-22T08:56:15.707+0000] {processor.py:830} INFO - Processing file /home/airflow/.local/lib/python3.12/site-packages/airflow/example_dags/example_latest_only_with_trigger.py for tasks to queue
[2025-07-22T08:56:15.710+0000] {logging_mixin.py:188} INFO - [2025-07-22T08:56:15.710+0000] {dagbag.py:545} INFO - Filling up the DagBag from /home/airflow/.local/lib/python3.12/site-packages/airflow/example_dags/example_latest_only_with_trigger.py
[2025-07-22T08:56:15.720+0000] {processor.py:840} INFO - DAG(s) 'latest_only_with_trigger' retrieved from /home/airflow/.local/lib/python3.12/site-packages/airflow/example_dags/example_latest_only_with_trigger.py
[2025-07-22T08:56:15.747+0000] {logging_mixin.py:188} INFO - [2025-07-22T08:56:15.747+0000] {dag.py:3096} INFO - Sync 1 DAGs
[2025-07-22T08:56:15.777+0000] {logging_mixin.py:188} INFO - [2025-07-22T08:56:15.777+0000] {dag.py:3954} INFO - Setting next_dagrun for latest_only_with_trigger to 2025-07-22 04:00:00+00:00, run_after=2025-07-22 08:00:00+00:00
[2025-07-22T08:56:15.801+0000] {processor.py:183} INFO - Processing /home/airflow/.local/lib/python3.12/site-packages/airflow/example_dags/example_latest_only_with_trigger.py took 0.104 seconds
[2025-07-22T08:56:46.412+0000] {processor.py:161} INFO - Started process (PID=627) to work on /home/airflow/.local/lib/python3.12/site-packages/airflow/example_dags/example_latest_only_with_trigger.py
[2025-07-22T08:56:46.413+0000] {processor.py:830} INFO - Processing file /home/airflow/.local/lib/python3.12/site-packages/airflow/example_dags/example_latest_only_with_trigger.py for tasks to queue
[2025-07-22T08:56:46.415+0000] {logging_mixin.py:188} INFO - [2025-07-22T08:56:46.415+0000] {dagbag.py:545} INFO - Filling up the DagBag from /home/airflow/.local/lib/python3.12/site-packages/airflow/example_dags/example_latest_only_with_trigger.py
[2025-07-22T08:56:46.422+0000] {processor.py:840} INFO - DAG(s) 'latest_only_with_trigger' retrieved from /home/airflow/.local/lib/python3.12/site-packages/airflow/example_dags/example_latest_only_with_trigger.py
[2025-07-22T08:56:46.448+0000] {logging_mixin.py:188} INFO - [2025-07-22T08:56:46.447+0000] {dag.py:3096} INFO - Sync 1 DAGs
[2025-07-22T08:56:46.475+0000] {logging_mixin.py:188} INFO - [2025-07-22T08:56:46.475+0000] {dag.py:3954} INFO - Setting next_dagrun for latest_only_with_trigger to 2025-07-22 04:00:00+00:00, run_after=2025-07-22 08:00:00+00:00
[2025-07-22T08:56:46.500+0000] {processor.py:183} INFO - Processing /home/airflow/.local/lib/python3.12/site-packages/airflow/example_dags/example_latest_only_with_trigger.py took 0.096 seconds
[2025-07-22T08:57:16.804+0000] {processor.py:161} INFO - Started process (PID=687) to work on /home/airflow/.local/lib/python3.12/site-packages/airflow/example_dags/example_latest_only_with_trigger.py
[2025-07-22T08:57:16.806+0000] {processor.py:830} INFO - Processing file /home/airflow/.local/lib/python3.12/site-packages/airflow/example_dags/example_latest_only_with_trigger.py for tasks to queue
[2025-07-22T08:57:16.808+0000] {logging_mixin.py:188} INFO - [2025-07-22T08:57:16.808+0000] {dagbag.py:545} INFO - Filling up the DagBag from /home/airflow/.local/lib/python3.12/site-packages/airflow/example_dags/example_latest_only_with_trigger.py
[2025-07-22T08:57:16.816+0000] {processor.py:840} INFO - DAG(s) 'latest_only_with_trigger' retrieved from /home/airflow/.local/lib/python3.12/site-packages/airflow/example_dags/example_latest_only_with_trigger.py
[2025-07-22T08:57:16.850+0000] {logging_mixin.py:188} INFO - [2025-07-22T08:57:16.850+0000] {dag.py:3096} INFO - Sync 1 DAGs
[2025-07-22T08:57:16.879+0000] {logging_mixin.py:188} INFO - [2025-07-22T08:57:16.878+0000] {dag.py:3954} INFO - Setting next_dagrun for latest_only_with_trigger to 2025-07-22 04:00:00+00:00, run_after=2025-07-22 08:00:00+00:00
[2025-07-22T08:57:16.904+0000] {processor.py:183} INFO - Processing /home/airflow/.local/lib/python3.12/site-packages/airflow/example_dags/example_latest_only_with_trigger.py took 0.108 seconds
[2025-07-22T08:57:46.973+0000] {processor.py:161} INFO - Started process (PID=747) to work on /home/airflow/.local/lib/python3.12/site-packages/airflow/example_dags/example_latest_only_with_trigger.py
[2025-07-22T08:57:46.974+0000] {processor.py:830} INFO - Processing file /home/airflow/.local/lib/python3.12/site-packages/airflow/example_dags/example_latest_only_with_trigger.py for tasks to queue
[2025-07-22T08:57:46.976+0000] {logging_mixin.py:188} INFO - [2025-07-22T08:57:46.976+0000] {dagbag.py:545} INFO - Filling up the DagBag from /home/airflow/.local/lib/python3.12/site-packages/airflow/example_dags/example_latest_only_with_trigger.py
[2025-07-22T08:57:46.982+0000] {processor.py:840} INFO - DAG(s) 'latest_only_with_trigger' retrieved from /home/airflow/.local/lib/python3.12/site-packages/airflow/example_dags/example_latest_only_with_trigger.py
[2025-07-22T08:57:47.005+0000] {logging_mixin.py:188} INFO - [2025-07-22T08:57:47.005+0000] {dag.py:3096} INFO - Sync 1 DAGs
[2025-07-22T08:57:47.035+0000] {logging_mixin.py:188} INFO - [2025-07-22T08:57:47.035+0000] {dag.py:3954} INFO - Setting next_dagrun for latest_only_with_trigger to 2025-07-22 04:00:00+00:00, run_after=2025-07-22 08:00:00+00:00
[2025-07-22T08:57:47.060+0000] {processor.py:183} INFO - Processing /home/airflow/.local/lib/python3.12/site-packages/airflow/example_dags/example_latest_only_with_trigger.py took 0.093 seconds
[2025-07-22T08:58:17.682+0000] {processor.py:161} INFO - Started process (PID=807) to work on /home/airflow/.local/lib/python3.12/site-packages/airflow/example_dags/example_latest_only_with_trigger.py
[2025-07-22T08:58:17.683+0000] {processor.py:830} INFO - Processing file /home/airflow/.local/lib/python3.12/site-packages/airflow/example_dags/example_latest_only_with_trigger.py for tasks to queue
[2025-07-22T08:58:17.686+0000] {logging_mixin.py:188} INFO - [2025-07-22T08:58:17.685+0000] {dagbag.py:545} INFO - Filling up the DagBag from /home/airflow/.local/lib/python3.12/site-packages/airflow/example_dags/example_latest_only_with_trigger.py
[2025-07-22T08:58:17.693+0000] {processor.py:840} INFO - DAG(s) 'latest_only_with_trigger' retrieved from /home/airflow/.local/lib/python3.12/site-packages/airflow/example_dags/example_latest_only_with_trigger.py
[2025-07-22T08:58:17.719+0000] {logging_mixin.py:188} INFO - [2025-07-22T08:58:17.719+0000] {dag.py:3096} INFO - Sync 1 DAGs
[2025-07-22T08:58:17.749+0000] {logging_mixin.py:188} INFO - [2025-07-22T08:58:17.749+0000] {dag.py:3954} INFO - Setting next_dagrun for latest_only_with_trigger to 2025-07-22 04:00:00+00:00, run_after=2025-07-22 08:00:00+00:00
[2025-07-22T08:58:17.775+0000] {processor.py:183} INFO - Processing /home/airflow/.local/lib/python3.12/site-packages/airflow/example_dags/example_latest_only_with_trigger.py took 0.101 seconds
[2025-07-22T08:58:48.420+0000] {processor.py:161} INFO - Started process (PID=867) to work on /home/airflow/.local/lib/python3.12/site-packages/airflow/example_dags/example_latest_only_with_trigger.py
[2025-07-22T08:58:48.421+0000] {processor.py:830} INFO - Processing file /home/airflow/.local/lib/python3.12/site-packages/airflow/example_dags/example_latest_only_with_trigger.py for tasks to queue
[2025-07-22T08:58:48.424+0000] {logging_mixin.py:188} INFO - [2025-07-22T08:58:48.423+0000] {dagbag.py:545} INFO - Filling up the DagBag from /home/airflow/.local/lib/python3.12/site-packages/airflow/example_dags/example_latest_only_with_trigger.py
[2025-07-22T08:58:48.430+0000] {processor.py:840} INFO - DAG(s) 'latest_only_with_trigger' retrieved from /home/airflow/.local/lib/python3.12/site-packages/airflow/example_dags/example_latest_only_with_trigger.py
[2025-07-22T08:58:48.453+0000] {logging_mixin.py:188} INFO - [2025-07-22T08:58:48.453+0000] {dag.py:3096} INFO - Sync 1 DAGs
[2025-07-22T08:58:48.479+0000] {logging_mixin.py:188} INFO - [2025-07-22T08:58:48.479+0000] {dag.py:3954} INFO - Setting next_dagrun for latest_only_with_trigger to 2025-07-22 04:00:00+00:00, run_after=2025-07-22 08:00:00+00:00
[2025-07-22T08:58:48.505+0000] {processor.py:183} INFO - Processing /home/airflow/.local/lib/python3.12/site-packages/airflow/example_dags/example_latest_only_with_trigger.py took 0.091 seconds
[2025-07-22T08:59:19.300+0000] {processor.py:161} INFO - Started process (PID=927) to work on /home/airflow/.local/lib/python3.12/site-packages/airflow/example_dags/example_latest_only_with_trigger.py
[2025-07-22T08:59:19.302+0000] {processor.py:830} INFO - Processing file /home/airflow/.local/lib/python3.12/site-packages/airflow/example_dags/example_latest_only_with_trigger.py for tasks to queue
[2025-07-22T08:59:19.305+0000] {logging_mixin.py:188} INFO - [2025-07-22T08:59:19.304+0000] {dagbag.py:545} INFO - Filling up the DagBag from /home/airflow/.local/lib/python3.12/site-packages/airflow/example_dags/example_latest_only_with_trigger.py
[2025-07-22T08:59:19.315+0000] {processor.py:840} INFO - DAG(s) 'latest_only_with_trigger' retrieved from /home/airflow/.local/lib/python3.12/site-packages/airflow/example_dags/example_latest_only_with_trigger.py
[2025-07-22T08:59:19.352+0000] {logging_mixin.py:188} INFO - [2025-07-22T08:59:19.351+0000] {dag.py:3096} INFO - Sync 1 DAGs
[2025-07-22T08:59:19.380+0000] {logging_mixin.py:188} INFO - [2025-07-22T08:59:19.380+0000] {dag.py:3954} INFO - Setting next_dagrun for latest_only_with_trigger to 2025-07-22 04:00:00+00:00, run_after=2025-07-22 08:00:00+00:00
[2025-07-22T08:59:19.406+0000] {processor.py:183} INFO - Processing /home/airflow/.local/lib/python3.12/site-packages/airflow/example_dags/example_latest_only_with_trigger.py took 0.114 seconds
[2025-07-22T08:59:49.812+0000] {processor.py:161} INFO - Started process (PID=987) to work on /home/airflow/.local/lib/python3.12/site-packages/airflow/example_dags/example_latest_only_with_trigger.py
[2025-07-22T08:59:49.814+0000] {processor.py:830} INFO - Processing file /home/airflow/.local/lib/python3.12/site-packages/airflow/example_dags/example_latest_only_with_trigger.py for tasks to queue
[2025-07-22T08:59:49.818+0000] {logging_mixin.py:188} INFO - [2025-07-22T08:59:49.818+0000] {dagbag.py:545} INFO - Filling up the DagBag from /home/airflow/.local/lib/python3.12/site-packages/airflow/example_dags/example_latest_only_with_trigger.py
[2025-07-22T08:59:49.830+0000] {processor.py:840} INFO - DAG(s) 'latest_only_with_trigger' retrieved from /home/airflow/.local/lib/python3.12/site-packages/airflow/example_dags/example_latest_only_with_trigger.py
[2025-07-22T08:59:49.873+0000] {logging_mixin.py:188} INFO - [2025-07-22T08:59:49.872+0000] {dag.py:3096} INFO - Sync 1 DAGs
[2025-07-22T08:59:49.915+0000] {logging_mixin.py:188} INFO - [2025-07-22T08:59:49.915+0000] {dag.py:3954} INFO - Setting next_dagrun for latest_only_with_trigger to 2025-07-22 04:00:00+00:00, run_after=2025-07-22 08:00:00+00:00
[2025-07-22T08:59:49.949+0000] {processor.py:183} INFO - Processing /home/airflow/.local/lib/python3.12/site-packages/airflow/example_dags/example_latest_only_with_trigger.py took 0.147 seconds
[2025-07-22T09:00:20.182+0000] {processor.py:161} INFO - Started process (PID=1047) to work on /home/airflow/.local/lib/python3.12/site-packages/airflow/example_dags/example_latest_only_with_trigger.py
[2025-07-22T09:00:20.185+0000] {processor.py:830} INFO - Processing file /home/airflow/.local/lib/python3.12/site-packages/airflow/example_dags/example_latest_only_with_trigger.py for tasks to queue
[2025-07-22T09:00:20.190+0000] {logging_mixin.py:188} INFO - [2025-07-22T09:00:20.189+0000] {dagbag.py:545} INFO - Filling up the DagBag from /home/airflow/.local/lib/python3.12/site-packages/airflow/example_dags/example_latest_only_with_trigger.py
[2025-07-22T09:00:20.202+0000] {processor.py:840} INFO - DAG(s) 'latest_only_with_trigger' retrieved from /home/airflow/.local/lib/python3.12/site-packages/airflow/example_dags/example_latest_only_with_trigger.py
[2025-07-22T09:00:20.235+0000] {logging_mixin.py:188} INFO - [2025-07-22T09:00:20.235+0000] {dag.py:3096} INFO - Sync 1 DAGs
[2025-07-22T09:00:20.284+0000] {logging_mixin.py:188} INFO - [2025-07-22T09:00:20.283+0000] {dag.py:3954} INFO - Setting next_dagrun for latest_only_with_trigger to 2025-07-22 04:00:00+00:00, run_after=2025-07-22 08:00:00+00:00
[2025-07-22T09:00:20.322+0000] {processor.py:183} INFO - Processing /home/airflow/.local/lib/python3.12/site-packages/airflow/example_dags/example_latest_only_with_trigger.py took 0.156 seconds
[2025-07-22T09:00:51.006+0000] {processor.py:161} INFO - Started process (PID=1106) to work on /home/airflow/.local/lib/python3.12/site-packages/airflow/example_dags/example_latest_only_with_trigger.py
[2025-07-22T09:00:51.008+0000] {processor.py:830} INFO - Processing file /home/airflow/.local/lib/python3.12/site-packages/airflow/example_dags/example_latest_only_with_trigger.py for tasks to queue
[2025-07-22T09:00:51.011+0000] {logging_mixin.py:188} INFO - [2025-07-22T09:00:51.011+0000] {dagbag.py:545} INFO - Filling up the DagBag from /home/airflow/.local/lib/python3.12/site-packages/airflow/example_dags/example_latest_only_with_trigger.py
[2025-07-22T09:00:51.019+0000] {processor.py:840} INFO - DAG(s) 'latest_only_with_trigger' retrieved from /home/airflow/.local/lib/python3.12/site-packages/airflow/example_dags/example_latest_only_with_trigger.py
[2025-07-22T09:00:51.046+0000] {logging_mixin.py:188} INFO - [2025-07-22T09:00:51.046+0000] {dag.py:3096} INFO - Sync 1 DAGs
[2025-07-22T09:00:51.075+0000] {logging_mixin.py:188} INFO - [2025-07-22T09:00:51.075+0000] {dag.py:3954} INFO - Setting next_dagrun for latest_only_with_trigger to 2025-07-22 04:00:00+00:00, run_after=2025-07-22 08:00:00+00:00
[2025-07-22T09:00:51.103+0000] {processor.py:183} INFO - Processing /home/airflow/.local/lib/python3.12/site-packages/airflow/example_dags/example_latest_only_with_trigger.py took 0.104 seconds
[2025-07-22T09:01:21.785+0000] {processor.py:161} INFO - Started process (PID=1166) to work on /home/airflow/.local/lib/python3.12/site-packages/airflow/example_dags/example_latest_only_with_trigger.py
[2025-07-22T09:01:21.787+0000] {processor.py:830} INFO - Processing file /home/airflow/.local/lib/python3.12/site-packages/airflow/example_dags/example_latest_only_with_trigger.py for tasks to queue
[2025-07-22T09:01:21.789+0000] {logging_mixin.py:188} INFO - [2025-07-22T09:01:21.789+0000] {dagbag.py:545} INFO - Filling up the DagBag from /home/airflow/.local/lib/python3.12/site-packages/airflow/example_dags/example_latest_only_with_trigger.py
[2025-07-22T09:01:21.797+0000] {processor.py:840} INFO - DAG(s) 'latest_only_with_trigger' retrieved from /home/airflow/.local/lib/python3.12/site-packages/airflow/example_dags/example_latest_only_with_trigger.py
[2025-07-22T09:01:21.824+0000] {logging_mixin.py:188} INFO - [2025-07-22T09:01:21.824+0000] {dag.py:3096} INFO - Sync 1 DAGs
[2025-07-22T09:01:21.862+0000] {logging_mixin.py:188} INFO - [2025-07-22T09:01:21.861+0000] {dag.py:3954} INFO - Setting next_dagrun for latest_only_with_trigger to 2025-07-22 04:00:00+00:00, run_after=2025-07-22 08:00:00+00:00
[2025-07-22T09:01:21.888+0000] {processor.py:183} INFO - Processing /home/airflow/.local/lib/python3.12/site-packages/airflow/example_dags/example_latest_only_with_trigger.py took 0.111 seconds
[2025-07-22T09:01:52.044+0000] {processor.py:161} INFO - Started process (PID=1226) to work on /home/airflow/.local/lib/python3.12/site-packages/airflow/example_dags/example_latest_only_with_trigger.py
[2025-07-22T09:01:52.045+0000] {processor.py:830} INFO - Processing file /home/airflow/.local/lib/python3.12/site-packages/airflow/example_dags/example_latest_only_with_trigger.py for tasks to queue
[2025-07-22T09:01:52.047+0000] {logging_mixin.py:188} INFO - [2025-07-22T09:01:52.047+0000] {dagbag.py:545} INFO - Filling up the DagBag from /home/airflow/.local/lib/python3.12/site-packages/airflow/example_dags/example_latest_only_with_trigger.py
[2025-07-22T09:01:52.053+0000] {processor.py:840} INFO - DAG(s) 'latest_only_with_trigger' retrieved from /home/airflow/.local/lib/python3.12/site-packages/airflow/example_dags/example_latest_only_with_trigger.py
[2025-07-22T09:01:52.083+0000] {logging_mixin.py:188} INFO - [2025-07-22T09:01:52.083+0000] {dag.py:3096} INFO - Sync 1 DAGs
[2025-07-22T09:01:52.107+0000] {logging_mixin.py:188} INFO - [2025-07-22T09:01:52.107+0000] {dag.py:3954} INFO - Setting next_dagrun for latest_only_with_trigger to 2025-07-22 04:00:00+00:00, run_after=2025-07-22 08:00:00+00:00
[2025-07-22T09:01:52.129+0000] {processor.py:183} INFO - Processing /home/airflow/.local/lib/python3.12/site-packages/airflow/example_dags/example_latest_only_with_trigger.py took 0.092 seconds
[2025-07-22T09:02:22.289+0000] {processor.py:161} INFO - Started process (PID=1286) to work on /home/airflow/.local/lib/python3.12/site-packages/airflow/example_dags/example_latest_only_with_trigger.py
[2025-07-22T09:02:22.290+0000] {processor.py:830} INFO - Processing file /home/airflow/.local/lib/python3.12/site-packages/airflow/example_dags/example_latest_only_with_trigger.py for tasks to queue
[2025-07-22T09:02:22.292+0000] {logging_mixin.py:188} INFO - [2025-07-22T09:02:22.292+0000] {dagbag.py:545} INFO - Filling up the DagBag from /home/airflow/.local/lib/python3.12/site-packages/airflow/example_dags/example_latest_only_with_trigger.py
[2025-07-22T09:02:22.299+0000] {processor.py:840} INFO - DAG(s) 'latest_only_with_trigger' retrieved from /home/airflow/.local/lib/python3.12/site-packages/airflow/example_dags/example_latest_only_with_trigger.py
[2025-07-22T09:02:22.323+0000] {logging_mixin.py:188} INFO - [2025-07-22T09:02:22.323+0000] {dag.py:3096} INFO - Sync 1 DAGs
[2025-07-22T09:02:22.350+0000] {logging_mixin.py:188} INFO - [2025-07-22T09:02:22.350+0000] {dag.py:3954} INFO - Setting next_dagrun for latest_only_with_trigger to 2025-07-22 04:00:00+00:00, run_after=2025-07-22 08:00:00+00:00
[2025-07-22T09:02:22.373+0000] {processor.py:183} INFO - Processing /home/airflow/.local/lib/python3.12/site-packages/airflow/example_dags/example_latest_only_with_trigger.py took 0.092 seconds
[2025-07-22T09:02:52.835+0000] {processor.py:161} INFO - Started process (PID=1346) to work on /home/airflow/.local/lib/python3.12/site-packages/airflow/example_dags/example_latest_only_with_trigger.py
[2025-07-22T09:02:52.837+0000] {processor.py:830} INFO - Processing file /home/airflow/.local/lib/python3.12/site-packages/airflow/example_dags/example_latest_only_with_trigger.py for tasks to queue
[2025-07-22T09:02:52.839+0000] {logging_mixin.py:188} INFO - [2025-07-22T09:02:52.839+0000] {dagbag.py:545} INFO - Filling up the DagBag from /home/airflow/.local/lib/python3.12/site-packages/airflow/example_dags/example_latest_only_with_trigger.py
[2025-07-22T09:02:52.846+0000] {processor.py:840} INFO - DAG(s) 'latest_only_with_trigger' retrieved from /home/airflow/.local/lib/python3.12/site-packages/airflow/example_dags/example_latest_only_with_trigger.py
[2025-07-22T09:02:52.872+0000] {logging_mixin.py:188} INFO - [2025-07-22T09:02:52.872+0000] {dag.py:3096} INFO - Sync 1 DAGs
[2025-07-22T09:02:52.899+0000] {logging_mixin.py:188} INFO - [2025-07-22T09:02:52.898+0000] {dag.py:3954} INFO - Setting next_dagrun for latest_only_with_trigger to 2025-07-22 04:00:00+00:00, run_after=2025-07-22 08:00:00+00:00
[2025-07-22T09:02:52.923+0000] {processor.py:183} INFO - Processing /home/airflow/.local/lib/python3.12/site-packages/airflow/example_dags/example_latest_only_with_trigger.py took 0.095 seconds
[2025-07-22T09:03:23.295+0000] {processor.py:161} INFO - Started process (PID=1406) to work on /home/airflow/.local/lib/python3.12/site-packages/airflow/example_dags/example_latest_only_with_trigger.py
[2025-07-22T09:03:23.297+0000] {processor.py:830} INFO - Processing file /home/airflow/.local/lib/python3.12/site-packages/airflow/example_dags/example_latest_only_with_trigger.py for tasks to queue
[2025-07-22T09:03:23.299+0000] {logging_mixin.py:188} INFO - [2025-07-22T09:03:23.299+0000] {dagbag.py:545} INFO - Filling up the DagBag from /home/airflow/.local/lib/python3.12/site-packages/airflow/example_dags/example_latest_only_with_trigger.py
[2025-07-22T09:03:23.307+0000] {processor.py:840} INFO - DAG(s) 'latest_only_with_trigger' retrieved from /home/airflow/.local/lib/python3.12/site-packages/airflow/example_dags/example_latest_only_with_trigger.py
[2025-07-22T09:03:23.335+0000] {logging_mixin.py:188} INFO - [2025-07-22T09:03:23.334+0000] {dag.py:3096} INFO - Sync 1 DAGs
[2025-07-22T09:03:23.364+0000] {logging_mixin.py:188} INFO - [2025-07-22T09:03:23.363+0000] {dag.py:3954} INFO - Setting next_dagrun for latest_only_with_trigger to 2025-07-22 04:00:00+00:00, run_after=2025-07-22 08:00:00+00:00
[2025-07-22T09:03:23.390+0000] {processor.py:183} INFO - Processing /home/airflow/.local/lib/python3.12/site-packages/airflow/example_dags/example_latest_only_with_trigger.py took 0.102 seconds
[2025-07-22T09:03:53.433+0000] {processor.py:161} INFO - Started process (PID=1466) to work on /home/airflow/.local/lib/python3.12/site-packages/airflow/example_dags/example_latest_only_with_trigger.py
[2025-07-22T09:03:53.434+0000] {processor.py:830} INFO - Processing file /home/airflow/.local/lib/python3.12/site-packages/airflow/example_dags/example_latest_only_with_trigger.py for tasks to queue
[2025-07-22T09:03:53.437+0000] {logging_mixin.py:188} INFO - [2025-07-22T09:03:53.436+0000] {dagbag.py:545} INFO - Filling up the DagBag from /home/airflow/.local/lib/python3.12/site-packages/airflow/example_dags/example_latest_only_with_trigger.py
[2025-07-22T09:03:53.443+0000] {processor.py:840} INFO - DAG(s) 'latest_only_with_trigger' retrieved from /home/airflow/.local/lib/python3.12/site-packages/airflow/example_dags/example_latest_only_with_trigger.py
[2025-07-22T09:03:53.465+0000] {logging_mixin.py:188} INFO - [2025-07-22T09:03:53.465+0000] {dag.py:3096} INFO - Sync 1 DAGs
[2025-07-22T09:03:53.487+0000] {logging_mixin.py:188} INFO - [2025-07-22T09:03:53.486+0000] {dag.py:3954} INFO - Setting next_dagrun for latest_only_with_trigger to 2025-07-22 04:00:00+00:00, run_after=2025-07-22 08:00:00+00:00
[2025-07-22T09:03:53.506+0000] {processor.py:183} INFO - Processing /home/airflow/.local/lib/python3.12/site-packages/airflow/example_dags/example_latest_only_with_trigger.py took 0.080 seconds
[2025-07-22T09:04:24.209+0000] {processor.py:161} INFO - Started process (PID=1526) to work on /home/airflow/.local/lib/python3.12/site-packages/airflow/example_dags/example_latest_only_with_trigger.py
[2025-07-22T09:04:24.210+0000] {processor.py:830} INFO - Processing file /home/airflow/.local/lib/python3.12/site-packages/airflow/example_dags/example_latest_only_with_trigger.py for tasks to queue
[2025-07-22T09:04:24.213+0000] {logging_mixin.py:188} INFO - [2025-07-22T09:04:24.212+0000] {dagbag.py:545} INFO - Filling up the DagBag from /home/airflow/.local/lib/python3.12/site-packages/airflow/example_dags/example_latest_only_with_trigger.py
[2025-07-22T09:04:24.220+0000] {processor.py:840} INFO - DAG(s) 'latest_only_with_trigger' retrieved from /home/airflow/.local/lib/python3.12/site-packages/airflow/example_dags/example_latest_only_with_trigger.py
[2025-07-22T09:04:24.248+0000] {logging_mixin.py:188} INFO - [2025-07-22T09:04:24.248+0000] {dag.py:3096} INFO - Sync 1 DAGs
[2025-07-22T09:04:24.277+0000] {logging_mixin.py:188} INFO - [2025-07-22T09:04:24.277+0000] {dag.py:3954} INFO - Setting next_dagrun for latest_only_with_trigger to 2025-07-22 04:00:00+00:00, run_after=2025-07-22 08:00:00+00:00
[2025-07-22T09:04:24.301+0000] {processor.py:183} INFO - Processing /home/airflow/.local/lib/python3.12/site-packages/airflow/example_dags/example_latest_only_with_trigger.py took 0.100 seconds
[2025-07-22T09:04:54.614+0000] {processor.py:161} INFO - Started process (PID=1586) to work on /home/airflow/.local/lib/python3.12/site-packages/airflow/example_dags/example_latest_only_with_trigger.py
[2025-07-22T09:04:54.615+0000] {processor.py:830} INFO - Processing file /home/airflow/.local/lib/python3.12/site-packages/airflow/example_dags/example_latest_only_with_trigger.py for tasks to queue
[2025-07-22T09:04:54.618+0000] {logging_mixin.py:188} INFO - [2025-07-22T09:04:54.617+0000] {dagbag.py:545} INFO - Filling up the DagBag from /home/airflow/.local/lib/python3.12/site-packages/airflow/example_dags/example_latest_only_with_trigger.py
[2025-07-22T09:04:54.624+0000] {processor.py:840} INFO - DAG(s) 'latest_only_with_trigger' retrieved from /home/airflow/.local/lib/python3.12/site-packages/airflow/example_dags/example_latest_only_with_trigger.py
[2025-07-22T09:04:54.649+0000] {logging_mixin.py:188} INFO - [2025-07-22T09:04:54.648+0000] {dag.py:3096} INFO - Sync 1 DAGs
[2025-07-22T09:04:54.675+0000] {logging_mixin.py:188} INFO - [2025-07-22T09:04:54.675+0000] {dag.py:3954} INFO - Setting next_dagrun for latest_only_with_trigger to 2025-07-22 04:00:00+00:00, run_after=2025-07-22 08:00:00+00:00
[2025-07-22T09:04:54.698+0000] {processor.py:183} INFO - Processing /home/airflow/.local/lib/python3.12/site-packages/airflow/example_dags/example_latest_only_with_trigger.py took 0.092 seconds
[2025-07-22T09:05:25.601+0000] {processor.py:161} INFO - Started process (PID=1646) to work on /home/airflow/.local/lib/python3.12/site-packages/airflow/example_dags/example_latest_only_with_trigger.py
[2025-07-22T09:05:25.602+0000] {processor.py:830} INFO - Processing file /home/airflow/.local/lib/python3.12/site-packages/airflow/example_dags/example_latest_only_with_trigger.py for tasks to queue
[2025-07-22T09:05:25.604+0000] {logging_mixin.py:188} INFO - [2025-07-22T09:05:25.604+0000] {dagbag.py:545} INFO - Filling up the DagBag from /home/airflow/.local/lib/python3.12/site-packages/airflow/example_dags/example_latest_only_with_trigger.py
[2025-07-22T09:05:25.611+0000] {processor.py:840} INFO - DAG(s) 'latest_only_with_trigger' retrieved from /home/airflow/.local/lib/python3.12/site-packages/airflow/example_dags/example_latest_only_with_trigger.py
[2025-07-22T09:05:25.636+0000] {logging_mixin.py:188} INFO - [2025-07-22T09:05:25.636+0000] {dag.py:3096} INFO - Sync 1 DAGs
[2025-07-22T09:05:25.662+0000] {logging_mixin.py:188} INFO - [2025-07-22T09:05:25.662+0000] {dag.py:3954} INFO - Setting next_dagrun for latest_only_with_trigger to 2025-07-22 04:00:00+00:00, run_after=2025-07-22 08:00:00+00:00
[2025-07-22T09:05:25.691+0000] {processor.py:183} INFO - Processing /home/airflow/.local/lib/python3.12/site-packages/airflow/example_dags/example_latest_only_with_trigger.py took 0.098 seconds
[2025-07-22T09:05:55.966+0000] {processor.py:161} INFO - Started process (PID=1706) to work on /home/airflow/.local/lib/python3.12/site-packages/airflow/example_dags/example_latest_only_with_trigger.py
[2025-07-22T09:05:55.967+0000] {processor.py:830} INFO - Processing file /home/airflow/.local/lib/python3.12/site-packages/airflow/example_dags/example_latest_only_with_trigger.py for tasks to queue
[2025-07-22T09:05:55.969+0000] {logging_mixin.py:188} INFO - [2025-07-22T09:05:55.969+0000] {dagbag.py:545} INFO - Filling up the DagBag from /home/airflow/.local/lib/python3.12/site-packages/airflow/example_dags/example_latest_only_with_trigger.py
[2025-07-22T09:05:55.976+0000] {processor.py:840} INFO - DAG(s) 'latest_only_with_trigger' retrieved from /home/airflow/.local/lib/python3.12/site-packages/airflow/example_dags/example_latest_only_with_trigger.py
[2025-07-22T09:05:56.001+0000] {logging_mixin.py:188} INFO - [2025-07-22T09:05:56.001+0000] {dag.py:3096} INFO - Sync 1 DAGs
[2025-07-22T09:05:56.027+0000] {logging_mixin.py:188} INFO - [2025-07-22T09:05:56.027+0000] {dag.py:3954} INFO - Setting next_dagrun for latest_only_with_trigger to 2025-07-22 04:00:00+00:00, run_after=2025-07-22 08:00:00+00:00
[2025-07-22T09:05:56.050+0000] {processor.py:183} INFO - Processing /home/airflow/.local/lib/python3.12/site-packages/airflow/example_dags/example_latest_only_with_trigger.py took 0.091 seconds
[2025-07-22T09:06:26.450+0000] {processor.py:161} INFO - Started process (PID=1766) to work on /home/airflow/.local/lib/python3.12/site-packages/airflow/example_dags/example_latest_only_with_trigger.py
[2025-07-22T09:06:26.451+0000] {processor.py:830} INFO - Processing file /home/airflow/.local/lib/python3.12/site-packages/airflow/example_dags/example_latest_only_with_trigger.py for tasks to queue
[2025-07-22T09:06:26.454+0000] {logging_mixin.py:188} INFO - [2025-07-22T09:06:26.454+0000] {dagbag.py:545} INFO - Filling up the DagBag from /home/airflow/.local/lib/python3.12/site-packages/airflow/example_dags/example_latest_only_with_trigger.py
[2025-07-22T09:06:26.461+0000] {processor.py:840} INFO - DAG(s) 'latest_only_with_trigger' retrieved from /home/airflow/.local/lib/python3.12/site-packages/airflow/example_dags/example_latest_only_with_trigger.py
[2025-07-22T09:06:26.489+0000] {logging_mixin.py:188} INFO - [2025-07-22T09:06:26.488+0000] {dag.py:3096} INFO - Sync 1 DAGs
[2025-07-22T09:06:26.521+0000] {logging_mixin.py:188} INFO - [2025-07-22T09:06:26.521+0000] {dag.py:3954} INFO - Setting next_dagrun for latest_only_with_trigger to 2025-07-22 04:00:00+00:00, run_after=2025-07-22 08:00:00+00:00
[2025-07-22T09:06:26.548+0000] {processor.py:183} INFO - Processing /home/airflow/.local/lib/python3.12/site-packages/airflow/example_dags/example_latest_only_with_trigger.py took 0.106 seconds
[2025-07-22T09:06:57.084+0000] {processor.py:161} INFO - Started process (PID=1826) to work on /home/airflow/.local/lib/python3.12/site-packages/airflow/example_dags/example_latest_only_with_trigger.py
[2025-07-22T09:06:57.087+0000] {processor.py:830} INFO - Processing file /home/airflow/.local/lib/python3.12/site-packages/airflow/example_dags/example_latest_only_with_trigger.py for tasks to queue
[2025-07-22T09:06:57.093+0000] {logging_mixin.py:188} INFO - [2025-07-22T09:06:57.091+0000] {dagbag.py:545} INFO - Filling up the DagBag from /home/airflow/.local/lib/python3.12/site-packages/airflow/example_dags/example_latest_only_with_trigger.py
[2025-07-22T09:06:57.113+0000] {processor.py:840} INFO - DAG(s) 'latest_only_with_trigger' retrieved from /home/airflow/.local/lib/python3.12/site-packages/airflow/example_dags/example_latest_only_with_trigger.py
[2025-07-22T09:06:57.168+0000] {logging_mixin.py:188} INFO - [2025-07-22T09:06:57.167+0000] {dag.py:3096} INFO - Sync 1 DAGs
[2025-07-22T09:06:57.226+0000] {logging_mixin.py:188} INFO - [2025-07-22T09:06:57.225+0000] {dag.py:3954} INFO - Setting next_dagrun for latest_only_with_trigger to 2025-07-22 04:00:00+00:00, run_after=2025-07-22 08:00:00+00:00
[2025-07-22T09:06:57.274+0000] {processor.py:183} INFO - Processing /home/airflow/.local/lib/python3.12/site-packages/airflow/example_dags/example_latest_only_with_trigger.py took 0.210 seconds
[2025-07-22T09:07:27.545+0000] {processor.py:161} INFO - Started process (PID=1886) to work on /home/airflow/.local/lib/python3.12/site-packages/airflow/example_dags/example_latest_only_with_trigger.py
[2025-07-22T09:07:27.547+0000] {processor.py:830} INFO - Processing file /home/airflow/.local/lib/python3.12/site-packages/airflow/example_dags/example_latest_only_with_trigger.py for tasks to queue
[2025-07-22T09:07:27.550+0000] {logging_mixin.py:188} INFO - [2025-07-22T09:07:27.549+0000] {dagbag.py:545} INFO - Filling up the DagBag from /home/airflow/.local/lib/python3.12/site-packages/airflow/example_dags/example_latest_only_with_trigger.py
[2025-07-22T09:07:27.559+0000] {processor.py:840} INFO - DAG(s) 'latest_only_with_trigger' retrieved from /home/airflow/.local/lib/python3.12/site-packages/airflow/example_dags/example_latest_only_with_trigger.py
[2025-07-22T09:07:27.592+0000] {logging_mixin.py:188} INFO - [2025-07-22T09:07:27.592+0000] {dag.py:3096} INFO - Sync 1 DAGs
[2025-07-22T09:07:27.622+0000] {logging_mixin.py:188} INFO - [2025-07-22T09:07:27.621+0000] {dag.py:3954} INFO - Setting next_dagrun for latest_only_with_trigger to 2025-07-22 04:00:00+00:00, run_after=2025-07-22 08:00:00+00:00
[2025-07-22T09:07:27.653+0000] {processor.py:183} INFO - Processing /home/airflow/.local/lib/python3.12/site-packages/airflow/example_dags/example_latest_only_with_trigger.py took 0.116 seconds
[2025-07-22T09:07:57.883+0000] {processor.py:161} INFO - Started process (PID=1946) to work on /home/airflow/.local/lib/python3.12/site-packages/airflow/example_dags/example_latest_only_with_trigger.py
[2025-07-22T09:07:57.884+0000] {processor.py:830} INFO - Processing file /home/airflow/.local/lib/python3.12/site-packages/airflow/example_dags/example_latest_only_with_trigger.py for tasks to queue
[2025-07-22T09:07:57.887+0000] {logging_mixin.py:188} INFO - [2025-07-22T09:07:57.886+0000] {dagbag.py:545} INFO - Filling up the DagBag from /home/airflow/.local/lib/python3.12/site-packages/airflow/example_dags/example_latest_only_with_trigger.py
[2025-07-22T09:07:57.893+0000] {processor.py:840} INFO - DAG(s) 'latest_only_with_trigger' retrieved from /home/airflow/.local/lib/python3.12/site-packages/airflow/example_dags/example_latest_only_with_trigger.py
[2025-07-22T09:07:57.917+0000] {logging_mixin.py:188} INFO - [2025-07-22T09:07:57.917+0000] {dag.py:3096} INFO - Sync 1 DAGs
[2025-07-22T09:07:57.943+0000] {logging_mixin.py:188} INFO - [2025-07-22T09:07:57.943+0000] {dag.py:3954} INFO - Setting next_dagrun for latest_only_with_trigger to 2025-07-22 04:00:00+00:00, run_after=2025-07-22 08:00:00+00:00
[2025-07-22T09:07:57.966+0000] {processor.py:183} INFO - Processing /home/airflow/.local/lib/python3.12/site-packages/airflow/example_dags/example_latest_only_with_trigger.py took 0.089 seconds
[2025-07-22T09:08:28.676+0000] {processor.py:161} INFO - Started process (PID=2006) to work on /home/airflow/.local/lib/python3.12/site-packages/airflow/example_dags/example_latest_only_with_trigger.py
[2025-07-22T09:08:28.677+0000] {processor.py:830} INFO - Processing file /home/airflow/.local/lib/python3.12/site-packages/airflow/example_dags/example_latest_only_with_trigger.py for tasks to queue
[2025-07-22T09:08:28.679+0000] {logging_mixin.py:188} INFO - [2025-07-22T09:08:28.679+0000] {dagbag.py:545} INFO - Filling up the DagBag from /home/airflow/.local/lib/python3.12/site-packages/airflow/example_dags/example_latest_only_with_trigger.py
[2025-07-22T09:08:28.685+0000] {processor.py:840} INFO - DAG(s) 'latest_only_with_trigger' retrieved from /home/airflow/.local/lib/python3.12/site-packages/airflow/example_dags/example_latest_only_with_trigger.py
[2025-07-22T09:08:28.718+0000] {logging_mixin.py:188} INFO - [2025-07-22T09:08:28.718+0000] {dag.py:3096} INFO - Sync 1 DAGs
[2025-07-22T09:08:28.752+0000] {logging_mixin.py:188} INFO - [2025-07-22T09:08:28.752+0000] {dag.py:3954} INFO - Setting next_dagrun for latest_only_with_trigger to 2025-07-22 04:00:00+00:00, run_after=2025-07-22 08:00:00+00:00
[2025-07-22T09:08:28.783+0000] {processor.py:183} INFO - Processing /home/airflow/.local/lib/python3.12/site-packages/airflow/example_dags/example_latest_only_with_trigger.py took 0.115 seconds
[2025-07-22T09:08:58.868+0000] {processor.py:161} INFO - Started process (PID=2066) to work on /home/airflow/.local/lib/python3.12/site-packages/airflow/example_dags/example_latest_only_with_trigger.py
[2025-07-22T09:08:58.869+0000] {processor.py:830} INFO - Processing file /home/airflow/.local/lib/python3.12/site-packages/airflow/example_dags/example_latest_only_with_trigger.py for tasks to queue
[2025-07-22T09:08:58.872+0000] {logging_mixin.py:188} INFO - [2025-07-22T09:08:58.871+0000] {dagbag.py:545} INFO - Filling up the DagBag from /home/airflow/.local/lib/python3.12/site-packages/airflow/example_dags/example_latest_only_with_trigger.py
[2025-07-22T09:08:58.877+0000] {processor.py:840} INFO - DAG(s) 'latest_only_with_trigger' retrieved from /home/airflow/.local/lib/python3.12/site-packages/airflow/example_dags/example_latest_only_with_trigger.py
[2025-07-22T09:08:58.900+0000] {logging_mixin.py:188} INFO - [2025-07-22T09:08:58.900+0000] {dag.py:3096} INFO - Sync 1 DAGs
[2025-07-22T09:08:58.923+0000] {logging_mixin.py:188} INFO - [2025-07-22T09:08:58.923+0000] {dag.py:3954} INFO - Setting next_dagrun for latest_only_with_trigger to 2025-07-22 04:00:00+00:00, run_after=2025-07-22 08:00:00+00:00
[2025-07-22T09:08:58.946+0000] {processor.py:183} INFO - Processing /home/airflow/.local/lib/python3.12/site-packages/airflow/example_dags/example_latest_only_with_trigger.py took 0.084 seconds
[2025-07-22T09:09:29.262+0000] {processor.py:161} INFO - Started process (PID=2126) to work on /home/airflow/.local/lib/python3.12/site-packages/airflow/example_dags/example_latest_only_with_trigger.py
[2025-07-22T09:09:29.263+0000] {processor.py:830} INFO - Processing file /home/airflow/.local/lib/python3.12/site-packages/airflow/example_dags/example_latest_only_with_trigger.py for tasks to queue
[2025-07-22T09:09:29.265+0000] {logging_mixin.py:188} INFO - [2025-07-22T09:09:29.265+0000] {dagbag.py:545} INFO - Filling up the DagBag from /home/airflow/.local/lib/python3.12/site-packages/airflow/example_dags/example_latest_only_with_trigger.py
[2025-07-22T09:09:29.272+0000] {processor.py:840} INFO - DAG(s) 'latest_only_with_trigger' retrieved from /home/airflow/.local/lib/python3.12/site-packages/airflow/example_dags/example_latest_only_with_trigger.py
[2025-07-22T09:09:29.304+0000] {logging_mixin.py:188} INFO - [2025-07-22T09:09:29.304+0000] {dag.py:3096} INFO - Sync 1 DAGs
[2025-07-22T09:09:29.331+0000] {logging_mixin.py:188} INFO - [2025-07-22T09:09:29.331+0000] {dag.py:3954} INFO - Setting next_dagrun for latest_only_with_trigger to 2025-07-22 04:00:00+00:00, run_after=2025-07-22 08:00:00+00:00
[2025-07-22T09:09:29.354+0000] {processor.py:183} INFO - Processing /home/airflow/.local/lib/python3.12/site-packages/airflow/example_dags/example_latest_only_with_trigger.py took 0.099 seconds
[2025-07-22T09:10:00.092+0000] {processor.py:161} INFO - Started process (PID=2186) to work on /home/airflow/.local/lib/python3.12/site-packages/airflow/example_dags/example_latest_only_with_trigger.py
[2025-07-22T09:10:00.094+0000] {processor.py:830} INFO - Processing file /home/airflow/.local/lib/python3.12/site-packages/airflow/example_dags/example_latest_only_with_trigger.py for tasks to queue
[2025-07-22T09:10:00.096+0000] {logging_mixin.py:188} INFO - [2025-07-22T09:10:00.096+0000] {dagbag.py:545} INFO - Filling up the DagBag from /home/airflow/.local/lib/python3.12/site-packages/airflow/example_dags/example_latest_only_with_trigger.py
[2025-07-22T09:10:00.102+0000] {processor.py:840} INFO - DAG(s) 'latest_only_with_trigger' retrieved from /home/airflow/.local/lib/python3.12/site-packages/airflow/example_dags/example_latest_only_with_trigger.py
[2025-07-22T09:10:00.126+0000] {logging_mixin.py:188} INFO - [2025-07-22T09:10:00.126+0000] {dag.py:3096} INFO - Sync 1 DAGs
[2025-07-22T09:10:00.311+0000] {logging_mixin.py:188} INFO - [2025-07-22T09:10:00.310+0000] {dag.py:3954} INFO - Setting next_dagrun for latest_only_with_trigger to 2025-07-22 04:00:00+00:00, run_after=2025-07-22 08:00:00+00:00
[2025-07-22T09:10:00.338+0000] {processor.py:183} INFO - Processing /home/airflow/.local/lib/python3.12/site-packages/airflow/example_dags/example_latest_only_with_trigger.py took 0.252 seconds
[2025-07-22T09:10:30.596+0000] {processor.py:161} INFO - Started process (PID=2246) to work on /home/airflow/.local/lib/python3.12/site-packages/airflow/example_dags/example_latest_only_with_trigger.py
[2025-07-22T09:10:30.597+0000] {processor.py:830} INFO - Processing file /home/airflow/.local/lib/python3.12/site-packages/airflow/example_dags/example_latest_only_with_trigger.py for tasks to queue
[2025-07-22T09:10:30.599+0000] {logging_mixin.py:188} INFO - [2025-07-22T09:10:30.599+0000] {dagbag.py:545} INFO - Filling up the DagBag from /home/airflow/.local/lib/python3.12/site-packages/airflow/example_dags/example_latest_only_with_trigger.py
[2025-07-22T09:10:30.605+0000] {processor.py:840} INFO - DAG(s) 'latest_only_with_trigger' retrieved from /home/airflow/.local/lib/python3.12/site-packages/airflow/example_dags/example_latest_only_with_trigger.py
[2025-07-22T09:10:30.627+0000] {logging_mixin.py:188} INFO - [2025-07-22T09:10:30.627+0000] {dag.py:3096} INFO - Sync 1 DAGs
[2025-07-22T09:10:30.649+0000] {logging_mixin.py:188} INFO - [2025-07-22T09:10:30.649+0000] {dag.py:3954} INFO - Setting next_dagrun for latest_only_with_trigger to 2025-07-22 04:00:00+00:00, run_after=2025-07-22 08:00:00+00:00
[2025-07-22T09:10:30.670+0000] {processor.py:183} INFO - Processing /home/airflow/.local/lib/python3.12/site-packages/airflow/example_dags/example_latest_only_with_trigger.py took 0.080 seconds
[2025-07-22T09:11:01.071+0000] {processor.py:161} INFO - Started process (PID=2306) to work on /home/airflow/.local/lib/python3.12/site-packages/airflow/example_dags/example_latest_only_with_trigger.py
[2025-07-22T09:11:01.072+0000] {processor.py:830} INFO - Processing file /home/airflow/.local/lib/python3.12/site-packages/airflow/example_dags/example_latest_only_with_trigger.py for tasks to queue
[2025-07-22T09:11:01.075+0000] {logging_mixin.py:188} INFO - [2025-07-22T09:11:01.074+0000] {dagbag.py:545} INFO - Filling up the DagBag from /home/airflow/.local/lib/python3.12/site-packages/airflow/example_dags/example_latest_only_with_trigger.py
[2025-07-22T09:11:01.080+0000] {processor.py:840} INFO - DAG(s) 'latest_only_with_trigger' retrieved from /home/airflow/.local/lib/python3.12/site-packages/airflow/example_dags/example_latest_only_with_trigger.py
[2025-07-22T09:11:01.106+0000] {logging_mixin.py:188} INFO - [2025-07-22T09:11:01.105+0000] {dag.py:3096} INFO - Sync 1 DAGs
[2025-07-22T09:11:01.137+0000] {logging_mixin.py:188} INFO - [2025-07-22T09:11:01.137+0000] {dag.py:3954} INFO - Setting next_dagrun for latest_only_with_trigger to 2025-07-22 04:00:00+00:00, run_after=2025-07-22 08:00:00+00:00
[2025-07-22T09:11:01.166+0000] {processor.py:183} INFO - Processing /home/airflow/.local/lib/python3.12/site-packages/airflow/example_dags/example_latest_only_with_trigger.py took 0.101 seconds
[2025-07-22T09:11:31.606+0000] {processor.py:161} INFO - Started process (PID=2366) to work on /home/airflow/.local/lib/python3.12/site-packages/airflow/example_dags/example_latest_only_with_trigger.py
[2025-07-22T09:11:31.607+0000] {processor.py:830} INFO - Processing file /home/airflow/.local/lib/python3.12/site-packages/airflow/example_dags/example_latest_only_with_trigger.py for tasks to queue
[2025-07-22T09:11:31.609+0000] {logging_mixin.py:188} INFO - [2025-07-22T09:11:31.609+0000] {dagbag.py:545} INFO - Filling up the DagBag from /home/airflow/.local/lib/python3.12/site-packages/airflow/example_dags/example_latest_only_with_trigger.py
[2025-07-22T09:11:31.615+0000] {processor.py:840} INFO - DAG(s) 'latest_only_with_trigger' retrieved from /home/airflow/.local/lib/python3.12/site-packages/airflow/example_dags/example_latest_only_with_trigger.py
[2025-07-22T09:11:31.644+0000] {logging_mixin.py:188} INFO - [2025-07-22T09:11:31.644+0000] {dag.py:3096} INFO - Sync 1 DAGs
[2025-07-22T09:11:31.678+0000] {logging_mixin.py:188} INFO - [2025-07-22T09:11:31.677+0000] {dag.py:3954} INFO - Setting next_dagrun for latest_only_with_trigger to 2025-07-22 04:00:00+00:00, run_after=2025-07-22 08:00:00+00:00
[2025-07-22T09:11:31.714+0000] {processor.py:183} INFO - Processing /home/airflow/.local/lib/python3.12/site-packages/airflow/example_dags/example_latest_only_with_trigger.py took 0.115 seconds
[2025-07-22T09:12:02.933+0000] {processor.py:161} INFO - Started process (PID=2426) to work on /home/airflow/.local/lib/python3.12/site-packages/airflow/example_dags/example_latest_only_with_trigger.py
[2025-07-22T09:12:02.934+0000] {processor.py:830} INFO - Processing file /home/airflow/.local/lib/python3.12/site-packages/airflow/example_dags/example_latest_only_with_trigger.py for tasks to queue
[2025-07-22T09:12:02.939+0000] {logging_mixin.py:188} INFO - [2025-07-22T09:12:02.938+0000] {dagbag.py:545} INFO - Filling up the DagBag from /home/airflow/.local/lib/python3.12/site-packages/airflow/example_dags/example_latest_only_with_trigger.py
[2025-07-22T09:12:02.950+0000] {processor.py:840} INFO - DAG(s) 'latest_only_with_trigger' retrieved from /home/airflow/.local/lib/python3.12/site-packages/airflow/example_dags/example_latest_only_with_trigger.py
[2025-07-22T09:12:02.994+0000] {logging_mixin.py:188} INFO - [2025-07-22T09:12:02.994+0000] {dag.py:3096} INFO - Sync 1 DAGs
[2025-07-22T09:12:03.033+0000] {logging_mixin.py:188} INFO - [2025-07-22T09:12:03.033+0000] {dag.py:3954} INFO - Setting next_dagrun for latest_only_with_trigger to 2025-07-22 04:00:00+00:00, run_after=2025-07-22 08:00:00+00:00
[2025-07-22T09:12:03.066+0000] {processor.py:183} INFO - Processing /home/airflow/.local/lib/python3.12/site-packages/airflow/example_dags/example_latest_only_with_trigger.py took 0.145 seconds
[2025-07-22T09:12:33.790+0000] {processor.py:161} INFO - Started process (PID=2486) to work on /home/airflow/.local/lib/python3.12/site-packages/airflow/example_dags/example_latest_only_with_trigger.py
[2025-07-22T09:12:33.792+0000] {processor.py:830} INFO - Processing file /home/airflow/.local/lib/python3.12/site-packages/airflow/example_dags/example_latest_only_with_trigger.py for tasks to queue
[2025-07-22T09:12:33.795+0000] {logging_mixin.py:188} INFO - [2025-07-22T09:12:33.794+0000] {dagbag.py:545} INFO - Filling up the DagBag from /home/airflow/.local/lib/python3.12/site-packages/airflow/example_dags/example_latest_only_with_trigger.py
[2025-07-22T09:12:33.804+0000] {processor.py:840} INFO - DAG(s) 'latest_only_with_trigger' retrieved from /home/airflow/.local/lib/python3.12/site-packages/airflow/example_dags/example_latest_only_with_trigger.py
[2025-07-22T09:12:33.831+0000] {logging_mixin.py:188} INFO - [2025-07-22T09:12:33.831+0000] {dag.py:3096} INFO - Sync 1 DAGs
[2025-07-22T09:12:33.864+0000] {logging_mixin.py:188} INFO - [2025-07-22T09:12:33.863+0000] {dag.py:3954} INFO - Setting next_dagrun for latest_only_with_trigger to 2025-07-22 04:00:00+00:00, run_after=2025-07-22 08:00:00+00:00
[2025-07-22T09:12:33.892+0000] {processor.py:183} INFO - Processing /home/airflow/.local/lib/python3.12/site-packages/airflow/example_dags/example_latest_only_with_trigger.py took 0.112 seconds
[2025-07-22T09:13:04.802+0000] {processor.py:161} INFO - Started process (PID=2552) to work on /home/airflow/.local/lib/python3.12/site-packages/airflow/example_dags/example_latest_only_with_trigger.py
[2025-07-22T09:13:04.804+0000] {processor.py:830} INFO - Processing file /home/airflow/.local/lib/python3.12/site-packages/airflow/example_dags/example_latest_only_with_trigger.py for tasks to queue
[2025-07-22T09:13:04.807+0000] {logging_mixin.py:188} INFO - [2025-07-22T09:13:04.807+0000] {dagbag.py:545} INFO - Filling up the DagBag from /home/airflow/.local/lib/python3.12/site-packages/airflow/example_dags/example_latest_only_with_trigger.py
[2025-07-22T09:13:04.818+0000] {processor.py:840} INFO - DAG(s) 'latest_only_with_trigger' retrieved from /home/airflow/.local/lib/python3.12/site-packages/airflow/example_dags/example_latest_only_with_trigger.py
[2025-07-22T09:13:04.849+0000] {logging_mixin.py:188} INFO - [2025-07-22T09:13:04.849+0000] {dag.py:3096} INFO - Sync 1 DAGs
[2025-07-22T09:13:04.879+0000] {logging_mixin.py:188} INFO - [2025-07-22T09:13:04.878+0000] {dag.py:3954} INFO - Setting next_dagrun for latest_only_with_trigger to 2025-07-22 04:00:00+00:00, run_after=2025-07-22 08:00:00+00:00
[2025-07-22T09:13:04.904+0000] {processor.py:183} INFO - Processing /home/airflow/.local/lib/python3.12/site-packages/airflow/example_dags/example_latest_only_with_trigger.py took 0.115 seconds
[2025-07-22T09:13:35.131+0000] {processor.py:161} INFO - Started process (PID=2612) to work on /home/airflow/.local/lib/python3.12/site-packages/airflow/example_dags/example_latest_only_with_trigger.py
[2025-07-22T09:13:35.133+0000] {processor.py:830} INFO - Processing file /home/airflow/.local/lib/python3.12/site-packages/airflow/example_dags/example_latest_only_with_trigger.py for tasks to queue
[2025-07-22T09:13:35.135+0000] {logging_mixin.py:188} INFO - [2025-07-22T09:13:35.135+0000] {dagbag.py:545} INFO - Filling up the DagBag from /home/airflow/.local/lib/python3.12/site-packages/airflow/example_dags/example_latest_only_with_trigger.py
[2025-07-22T09:13:35.145+0000] {processor.py:840} INFO - DAG(s) 'latest_only_with_trigger' retrieved from /home/airflow/.local/lib/python3.12/site-packages/airflow/example_dags/example_latest_only_with_trigger.py
[2025-07-22T09:13:35.173+0000] {logging_mixin.py:188} INFO - [2025-07-22T09:13:35.173+0000] {dag.py:3096} INFO - Sync 1 DAGs
[2025-07-22T09:13:35.206+0000] {logging_mixin.py:188} INFO - [2025-07-22T09:13:35.205+0000] {dag.py:3954} INFO - Setting next_dagrun for latest_only_with_trigger to 2025-07-22 04:00:00+00:00, run_after=2025-07-22 08:00:00+00:00
[2025-07-22T09:13:35.230+0000] {processor.py:183} INFO - Processing /home/airflow/.local/lib/python3.12/site-packages/airflow/example_dags/example_latest_only_with_trigger.py took 0.107 seconds
[2025-07-22T09:14:05.367+0000] {processor.py:161} INFO - Started process (PID=2673) to work on /home/airflow/.local/lib/python3.12/site-packages/airflow/example_dags/example_latest_only_with_trigger.py
[2025-07-22T09:14:05.368+0000] {processor.py:830} INFO - Processing file /home/airflow/.local/lib/python3.12/site-packages/airflow/example_dags/example_latest_only_with_trigger.py for tasks to queue
[2025-07-22T09:14:05.370+0000] {logging_mixin.py:188} INFO - [2025-07-22T09:14:05.370+0000] {dagbag.py:545} INFO - Filling up the DagBag from /home/airflow/.local/lib/python3.12/site-packages/airflow/example_dags/example_latest_only_with_trigger.py
[2025-07-22T09:14:05.376+0000] {processor.py:840} INFO - DAG(s) 'latest_only_with_trigger' retrieved from /home/airflow/.local/lib/python3.12/site-packages/airflow/example_dags/example_latest_only_with_trigger.py
[2025-07-22T09:14:05.401+0000] {logging_mixin.py:188} INFO - [2025-07-22T09:14:05.400+0000] {dag.py:3096} INFO - Sync 1 DAGs
[2025-07-22T09:14:05.429+0000] {logging_mixin.py:188} INFO - [2025-07-22T09:14:05.429+0000] {dag.py:3954} INFO - Setting next_dagrun for latest_only_with_trigger to 2025-07-22 04:00:00+00:00, run_after=2025-07-22 08:00:00+00:00
[2025-07-22T09:14:05.457+0000] {processor.py:183} INFO - Processing /home/airflow/.local/lib/python3.12/site-packages/airflow/example_dags/example_latest_only_with_trigger.py took 0.097 seconds
[2025-07-22T09:14:36.204+0000] {processor.py:161} INFO - Started process (PID=2733) to work on /home/airflow/.local/lib/python3.12/site-packages/airflow/example_dags/example_latest_only_with_trigger.py
[2025-07-22T09:14:36.205+0000] {processor.py:830} INFO - Processing file /home/airflow/.local/lib/python3.12/site-packages/airflow/example_dags/example_latest_only_with_trigger.py for tasks to queue
[2025-07-22T09:14:36.208+0000] {logging_mixin.py:188} INFO - [2025-07-22T09:14:36.207+0000] {dagbag.py:545} INFO - Filling up the DagBag from /home/airflow/.local/lib/python3.12/site-packages/airflow/example_dags/example_latest_only_with_trigger.py
[2025-07-22T09:14:36.214+0000] {processor.py:840} INFO - DAG(s) 'latest_only_with_trigger' retrieved from /home/airflow/.local/lib/python3.12/site-packages/airflow/example_dags/example_latest_only_with_trigger.py
[2025-07-22T09:14:36.237+0000] {logging_mixin.py:188} INFO - [2025-07-22T09:14:36.237+0000] {dag.py:3096} INFO - Sync 1 DAGs
[2025-07-22T09:14:36.264+0000] {logging_mixin.py:188} INFO - [2025-07-22T09:14:36.263+0000] {dag.py:3954} INFO - Setting next_dagrun for latest_only_with_trigger to 2025-07-22 04:00:00+00:00, run_after=2025-07-22 08:00:00+00:00
[2025-07-22T09:14:36.294+0000] {processor.py:183} INFO - Processing /home/airflow/.local/lib/python3.12/site-packages/airflow/example_dags/example_latest_only_with_trigger.py took 0.096 seconds
[2025-07-22T09:15:06.682+0000] {processor.py:161} INFO - Started process (PID=2793) to work on /home/airflow/.local/lib/python3.12/site-packages/airflow/example_dags/example_latest_only_with_trigger.py
[2025-07-22T09:15:06.683+0000] {processor.py:830} INFO - Processing file /home/airflow/.local/lib/python3.12/site-packages/airflow/example_dags/example_latest_only_with_trigger.py for tasks to queue
[2025-07-22T09:15:06.686+0000] {logging_mixin.py:188} INFO - [2025-07-22T09:15:06.685+0000] {dagbag.py:545} INFO - Filling up the DagBag from /home/airflow/.local/lib/python3.12/site-packages/airflow/example_dags/example_latest_only_with_trigger.py
[2025-07-22T09:15:06.692+0000] {processor.py:840} INFO - DAG(s) 'latest_only_with_trigger' retrieved from /home/airflow/.local/lib/python3.12/site-packages/airflow/example_dags/example_latest_only_with_trigger.py
[2025-07-22T09:15:06.714+0000] {logging_mixin.py:188} INFO - [2025-07-22T09:15:06.714+0000] {dag.py:3096} INFO - Sync 1 DAGs
[2025-07-22T09:15:06.740+0000] {logging_mixin.py:188} INFO - [2025-07-22T09:15:06.739+0000] {dag.py:3954} INFO - Setting next_dagrun for latest_only_with_trigger to 2025-07-22 04:00:00+00:00, run_after=2025-07-22 08:00:00+00:00
[2025-07-22T09:15:06.761+0000] {processor.py:183} INFO - Processing /home/airflow/.local/lib/python3.12/site-packages/airflow/example_dags/example_latest_only_with_trigger.py took 0.085 seconds
[2025-07-22T09:15:36.996+0000] {processor.py:161} INFO - Started process (PID=2853) to work on /home/airflow/.local/lib/python3.12/site-packages/airflow/example_dags/example_latest_only_with_trigger.py
[2025-07-22T09:15:36.997+0000] {processor.py:830} INFO - Processing file /home/airflow/.local/lib/python3.12/site-packages/airflow/example_dags/example_latest_only_with_trigger.py for tasks to queue
[2025-07-22T09:15:37.000+0000] {logging_mixin.py:188} INFO - [2025-07-22T09:15:36.999+0000] {dagbag.py:545} INFO - Filling up the DagBag from /home/airflow/.local/lib/python3.12/site-packages/airflow/example_dags/example_latest_only_with_trigger.py
[2025-07-22T09:15:37.006+0000] {processor.py:840} INFO - DAG(s) 'latest_only_with_trigger' retrieved from /home/airflow/.local/lib/python3.12/site-packages/airflow/example_dags/example_latest_only_with_trigger.py
[2025-07-22T09:15:37.038+0000] {logging_mixin.py:188} INFO - [2025-07-22T09:15:37.038+0000] {dag.py:3096} INFO - Sync 1 DAGs
[2025-07-22T09:15:37.071+0000] {logging_mixin.py:188} INFO - [2025-07-22T09:15:37.070+0000] {dag.py:3954} INFO - Setting next_dagrun for latest_only_with_trigger to 2025-07-22 04:00:00+00:00, run_after=2025-07-22 08:00:00+00:00
[2025-07-22T09:15:37.099+0000] {processor.py:183} INFO - Processing /home/airflow/.local/lib/python3.12/site-packages/airflow/example_dags/example_latest_only_with_trigger.py took 0.109 seconds
[2025-07-22T09:16:07.354+0000] {processor.py:161} INFO - Started process (PID=2913) to work on /home/airflow/.local/lib/python3.12/site-packages/airflow/example_dags/example_latest_only_with_trigger.py
[2025-07-22T09:16:07.355+0000] {processor.py:830} INFO - Processing file /home/airflow/.local/lib/python3.12/site-packages/airflow/example_dags/example_latest_only_with_trigger.py for tasks to queue
[2025-07-22T09:16:07.358+0000] {logging_mixin.py:188} INFO - [2025-07-22T09:16:07.358+0000] {dagbag.py:545} INFO - Filling up the DagBag from /home/airflow/.local/lib/python3.12/site-packages/airflow/example_dags/example_latest_only_with_trigger.py
[2025-07-22T09:16:07.365+0000] {processor.py:840} INFO - DAG(s) 'latest_only_with_trigger' retrieved from /home/airflow/.local/lib/python3.12/site-packages/airflow/example_dags/example_latest_only_with_trigger.py
[2025-07-22T09:16:07.392+0000] {logging_mixin.py:188} INFO - [2025-07-22T09:16:07.391+0000] {dag.py:3096} INFO - Sync 1 DAGs
[2025-07-22T09:16:07.419+0000] {logging_mixin.py:188} INFO - [2025-07-22T09:16:07.419+0000] {dag.py:3954} INFO - Setting next_dagrun for latest_only_with_trigger to 2025-07-22 04:00:00+00:00, run_after=2025-07-22 08:00:00+00:00
[2025-07-22T09:16:07.442+0000] {processor.py:183} INFO - Processing /home/airflow/.local/lib/python3.12/site-packages/airflow/example_dags/example_latest_only_with_trigger.py took 0.097 seconds
[2025-07-22T09:16:38.502+0000] {processor.py:161} INFO - Started process (PID=2973) to work on /home/airflow/.local/lib/python3.12/site-packages/airflow/example_dags/example_latest_only_with_trigger.py
[2025-07-22T09:16:38.503+0000] {processor.py:830} INFO - Processing file /home/airflow/.local/lib/python3.12/site-packages/airflow/example_dags/example_latest_only_with_trigger.py for tasks to queue
[2025-07-22T09:16:38.505+0000] {logging_mixin.py:188} INFO - [2025-07-22T09:16:38.505+0000] {dagbag.py:545} INFO - Filling up the DagBag from /home/airflow/.local/lib/python3.12/site-packages/airflow/example_dags/example_latest_only_with_trigger.py
[2025-07-22T09:16:38.512+0000] {processor.py:840} INFO - DAG(s) 'latest_only_with_trigger' retrieved from /home/airflow/.local/lib/python3.12/site-packages/airflow/example_dags/example_latest_only_with_trigger.py
[2025-07-22T09:16:38.538+0000] {logging_mixin.py:188} INFO - [2025-07-22T09:16:38.537+0000] {dag.py:3096} INFO - Sync 1 DAGs
[2025-07-22T09:16:38.563+0000] {logging_mixin.py:188} INFO - [2025-07-22T09:16:38.563+0000] {dag.py:3954} INFO - Setting next_dagrun for latest_only_with_trigger to 2025-07-22 04:00:00+00:00, run_after=2025-07-22 08:00:00+00:00
[2025-07-22T09:16:38.588+0000] {processor.py:183} INFO - Processing /home/airflow/.local/lib/python3.12/site-packages/airflow/example_dags/example_latest_only_with_trigger.py took 0.093 seconds
[2025-07-22T09:17:09.099+0000] {processor.py:161} INFO - Started process (PID=3033) to work on /home/airflow/.local/lib/python3.12/site-packages/airflow/example_dags/example_latest_only_with_trigger.py
[2025-07-22T09:17:09.101+0000] {processor.py:830} INFO - Processing file /home/airflow/.local/lib/python3.12/site-packages/airflow/example_dags/example_latest_only_with_trigger.py for tasks to queue
[2025-07-22T09:17:09.103+0000] {logging_mixin.py:188} INFO - [2025-07-22T09:17:09.103+0000] {dagbag.py:545} INFO - Filling up the DagBag from /home/airflow/.local/lib/python3.12/site-packages/airflow/example_dags/example_latest_only_with_trigger.py
[2025-07-22T09:17:09.112+0000] {processor.py:840} INFO - DAG(s) 'latest_only_with_trigger' retrieved from /home/airflow/.local/lib/python3.12/site-packages/airflow/example_dags/example_latest_only_with_trigger.py
[2025-07-22T09:17:09.139+0000] {logging_mixin.py:188} INFO - [2025-07-22T09:17:09.139+0000] {dag.py:3096} INFO - Sync 1 DAGs
[2025-07-22T09:17:09.173+0000] {logging_mixin.py:188} INFO - [2025-07-22T09:17:09.173+0000] {dag.py:3954} INFO - Setting next_dagrun for latest_only_with_trigger to 2025-07-22 04:00:00+00:00, run_after=2025-07-22 08:00:00+00:00
[2025-07-22T09:17:09.200+0000] {processor.py:183} INFO - Processing /home/airflow/.local/lib/python3.12/site-packages/airflow/example_dags/example_latest_only_with_trigger.py took 0.110 seconds
[2025-07-22T09:17:39.309+0000] {processor.py:161} INFO - Started process (PID=3091) to work on /home/airflow/.local/lib/python3.12/site-packages/airflow/example_dags/example_latest_only_with_trigger.py
[2025-07-22T09:17:39.311+0000] {processor.py:830} INFO - Processing file /home/airflow/.local/lib/python3.12/site-packages/airflow/example_dags/example_latest_only_with_trigger.py for tasks to queue
[2025-07-22T09:17:39.313+0000] {logging_mixin.py:188} INFO - [2025-07-22T09:17:39.313+0000] {dagbag.py:545} INFO - Filling up the DagBag from /home/airflow/.local/lib/python3.12/site-packages/airflow/example_dags/example_latest_only_with_trigger.py
[2025-07-22T09:17:39.321+0000] {processor.py:840} INFO - DAG(s) 'latest_only_with_trigger' retrieved from /home/airflow/.local/lib/python3.12/site-packages/airflow/example_dags/example_latest_only_with_trigger.py
[2025-07-22T09:17:39.346+0000] {logging_mixin.py:188} INFO - [2025-07-22T09:17:39.346+0000] {dag.py:3096} INFO - Sync 1 DAGs
[2025-07-22T09:17:39.370+0000] {logging_mixin.py:188} INFO - [2025-07-22T09:17:39.370+0000] {dag.py:3954} INFO - Setting next_dagrun for latest_only_with_trigger to 2025-07-22 04:00:00+00:00, run_after=2025-07-22 08:00:00+00:00
[2025-07-22T09:17:39.393+0000] {processor.py:183} INFO - Processing /home/airflow/.local/lib/python3.12/site-packages/airflow/example_dags/example_latest_only_with_trigger.py took 0.092 seconds
[2025-07-22T09:18:09.978+0000] {processor.py:161} INFO - Started process (PID=3151) to work on /home/airflow/.local/lib/python3.12/site-packages/airflow/example_dags/example_latest_only_with_trigger.py
[2025-07-22T09:18:09.979+0000] {processor.py:830} INFO - Processing file /home/airflow/.local/lib/python3.12/site-packages/airflow/example_dags/example_latest_only_with_trigger.py for tasks to queue
[2025-07-22T09:18:09.981+0000] {logging_mixin.py:188} INFO - [2025-07-22T09:18:09.981+0000] {dagbag.py:545} INFO - Filling up the DagBag from /home/airflow/.local/lib/python3.12/site-packages/airflow/example_dags/example_latest_only_with_trigger.py
[2025-07-22T09:18:09.988+0000] {processor.py:840} INFO - DAG(s) 'latest_only_with_trigger' retrieved from /home/airflow/.local/lib/python3.12/site-packages/airflow/example_dags/example_latest_only_with_trigger.py
[2025-07-22T09:18:10.013+0000] {logging_mixin.py:188} INFO - [2025-07-22T09:18:10.013+0000] {dag.py:3096} INFO - Sync 1 DAGs
[2025-07-22T09:18:10.047+0000] {logging_mixin.py:188} INFO - [2025-07-22T09:18:10.046+0000] {dag.py:3954} INFO - Setting next_dagrun for latest_only_with_trigger to 2025-07-22 04:00:00+00:00, run_after=2025-07-22 08:00:00+00:00
[2025-07-22T09:18:10.081+0000] {processor.py:183} INFO - Processing /home/airflow/.local/lib/python3.12/site-packages/airflow/example_dags/example_latest_only_with_trigger.py took 0.111 seconds
[2025-07-22T09:18:40.841+0000] {processor.py:161} INFO - Started process (PID=3211) to work on /home/airflow/.local/lib/python3.12/site-packages/airflow/example_dags/example_latest_only_with_trigger.py
[2025-07-22T09:18:40.843+0000] {processor.py:830} INFO - Processing file /home/airflow/.local/lib/python3.12/site-packages/airflow/example_dags/example_latest_only_with_trigger.py for tasks to queue
[2025-07-22T09:18:40.846+0000] {logging_mixin.py:188} INFO - [2025-07-22T09:18:40.846+0000] {dagbag.py:545} INFO - Filling up the DagBag from /home/airflow/.local/lib/python3.12/site-packages/airflow/example_dags/example_latest_only_with_trigger.py
[2025-07-22T09:18:40.856+0000] {processor.py:840} INFO - DAG(s) 'latest_only_with_trigger' retrieved from /home/airflow/.local/lib/python3.12/site-packages/airflow/example_dags/example_latest_only_with_trigger.py
[2025-07-22T09:18:40.889+0000] {logging_mixin.py:188} INFO - [2025-07-22T09:18:40.889+0000] {dag.py:3096} INFO - Sync 1 DAGs
[2025-07-22T09:18:40.922+0000] {logging_mixin.py:188} INFO - [2025-07-22T09:18:40.922+0000] {dag.py:3954} INFO - Setting next_dagrun for latest_only_with_trigger to 2025-07-22 04:00:00+00:00, run_after=2025-07-22 08:00:00+00:00
[2025-07-22T09:18:40.946+0000] {processor.py:183} INFO - Processing /home/airflow/.local/lib/python3.12/site-packages/airflow/example_dags/example_latest_only_with_trigger.py took 0.115 seconds
[2025-07-22T09:19:11.264+0000] {processor.py:161} INFO - Started process (PID=3271) to work on /home/airflow/.local/lib/python3.12/site-packages/airflow/example_dags/example_latest_only_with_trigger.py
[2025-07-22T09:19:11.265+0000] {processor.py:830} INFO - Processing file /home/airflow/.local/lib/python3.12/site-packages/airflow/example_dags/example_latest_only_with_trigger.py for tasks to queue
[2025-07-22T09:19:11.267+0000] {logging_mixin.py:188} INFO - [2025-07-22T09:19:11.267+0000] {dagbag.py:545} INFO - Filling up the DagBag from /home/airflow/.local/lib/python3.12/site-packages/airflow/example_dags/example_latest_only_with_trigger.py
[2025-07-22T09:19:11.273+0000] {processor.py:840} INFO - DAG(s) 'latest_only_with_trigger' retrieved from /home/airflow/.local/lib/python3.12/site-packages/airflow/example_dags/example_latest_only_with_trigger.py
[2025-07-22T09:19:11.298+0000] {logging_mixin.py:188} INFO - [2025-07-22T09:19:11.298+0000] {dag.py:3096} INFO - Sync 1 DAGs
[2025-07-22T09:19:11.321+0000] {logging_mixin.py:188} INFO - [2025-07-22T09:19:11.321+0000] {dag.py:3954} INFO - Setting next_dagrun for latest_only_with_trigger to 2025-07-22 04:00:00+00:00, run_after=2025-07-22 08:00:00+00:00
[2025-07-22T09:19:11.342+0000] {processor.py:183} INFO - Processing /home/airflow/.local/lib/python3.12/site-packages/airflow/example_dags/example_latest_only_with_trigger.py took 0.085 seconds
[2025-07-22T09:19:41.592+0000] {processor.py:161} INFO - Started process (PID=3331) to work on /home/airflow/.local/lib/python3.12/site-packages/airflow/example_dags/example_latest_only_with_trigger.py
[2025-07-22T09:19:41.593+0000] {processor.py:830} INFO - Processing file /home/airflow/.local/lib/python3.12/site-packages/airflow/example_dags/example_latest_only_with_trigger.py for tasks to queue
[2025-07-22T09:19:41.598+0000] {logging_mixin.py:188} INFO - [2025-07-22T09:19:41.597+0000] {dagbag.py:545} INFO - Filling up the DagBag from /home/airflow/.local/lib/python3.12/site-packages/airflow/example_dags/example_latest_only_with_trigger.py
[2025-07-22T09:19:41.612+0000] {processor.py:840} INFO - DAG(s) 'latest_only_with_trigger' retrieved from /home/airflow/.local/lib/python3.12/site-packages/airflow/example_dags/example_latest_only_with_trigger.py
[2025-07-22T09:19:41.661+0000] {logging_mixin.py:188} INFO - [2025-07-22T09:19:41.660+0000] {dag.py:3096} INFO - Sync 1 DAGs
[2025-07-22T09:19:41.724+0000] {logging_mixin.py:188} INFO - [2025-07-22T09:19:41.723+0000] {dag.py:3954} INFO - Setting next_dagrun for latest_only_with_trigger to 2025-07-22 04:00:00+00:00, run_after=2025-07-22 08:00:00+00:00
[2025-07-22T09:19:41.764+0000] {processor.py:183} INFO - Processing /home/airflow/.local/lib/python3.12/site-packages/airflow/example_dags/example_latest_only_with_trigger.py took 0.185 seconds
[2025-07-22T09:20:11.931+0000] {processor.py:161} INFO - Started process (PID=3391) to work on /home/airflow/.local/lib/python3.12/site-packages/airflow/example_dags/example_latest_only_with_trigger.py
[2025-07-22T09:20:11.933+0000] {processor.py:830} INFO - Processing file /home/airflow/.local/lib/python3.12/site-packages/airflow/example_dags/example_latest_only_with_trigger.py for tasks to queue
[2025-07-22T09:20:11.936+0000] {logging_mixin.py:188} INFO - [2025-07-22T09:20:11.935+0000] {dagbag.py:545} INFO - Filling up the DagBag from /home/airflow/.local/lib/python3.12/site-packages/airflow/example_dags/example_latest_only_with_trigger.py
[2025-07-22T09:20:11.943+0000] {processor.py:840} INFO - DAG(s) 'latest_only_with_trigger' retrieved from /home/airflow/.local/lib/python3.12/site-packages/airflow/example_dags/example_latest_only_with_trigger.py
[2025-07-22T09:20:11.969+0000] {logging_mixin.py:188} INFO - [2025-07-22T09:20:11.968+0000] {dag.py:3096} INFO - Sync 1 DAGs
[2025-07-22T09:20:12.007+0000] {logging_mixin.py:188} INFO - [2025-07-22T09:20:12.006+0000] {dag.py:3954} INFO - Setting next_dagrun for latest_only_with_trigger to 2025-07-22 04:00:00+00:00, run_after=2025-07-22 08:00:00+00:00
[2025-07-22T09:20:12.033+0000] {processor.py:183} INFO - Processing /home/airflow/.local/lib/python3.12/site-packages/airflow/example_dags/example_latest_only_with_trigger.py took 0.110 seconds
[2025-07-22T09:20:42.258+0000] {processor.py:161} INFO - Started process (PID=3451) to work on /home/airflow/.local/lib/python3.12/site-packages/airflow/example_dags/example_latest_only_with_trigger.py
[2025-07-22T09:20:42.259+0000] {processor.py:830} INFO - Processing file /home/airflow/.local/lib/python3.12/site-packages/airflow/example_dags/example_latest_only_with_trigger.py for tasks to queue
[2025-07-22T09:20:42.262+0000] {logging_mixin.py:188} INFO - [2025-07-22T09:20:42.261+0000] {dagbag.py:545} INFO - Filling up the DagBag from /home/airflow/.local/lib/python3.12/site-packages/airflow/example_dags/example_latest_only_with_trigger.py
[2025-07-22T09:20:42.268+0000] {processor.py:840} INFO - DAG(s) 'latest_only_with_trigger' retrieved from /home/airflow/.local/lib/python3.12/site-packages/airflow/example_dags/example_latest_only_with_trigger.py
[2025-07-22T09:20:42.291+0000] {logging_mixin.py:188} INFO - [2025-07-22T09:20:42.290+0000] {dag.py:3096} INFO - Sync 1 DAGs
[2025-07-22T09:20:42.318+0000] {logging_mixin.py:188} INFO - [2025-07-22T09:20:42.318+0000] {dag.py:3954} INFO - Setting next_dagrun for latest_only_with_trigger to 2025-07-22 04:00:00+00:00, run_after=2025-07-22 08:00:00+00:00
[2025-07-22T09:20:42.342+0000] {processor.py:183} INFO - Processing /home/airflow/.local/lib/python3.12/site-packages/airflow/example_dags/example_latest_only_with_trigger.py took 0.090 seconds
[2025-07-22T09:21:12.562+0000] {processor.py:161} INFO - Started process (PID=3512) to work on /home/airflow/.local/lib/python3.12/site-packages/airflow/example_dags/example_latest_only_with_trigger.py
[2025-07-22T09:21:12.563+0000] {processor.py:830} INFO - Processing file /home/airflow/.local/lib/python3.12/site-packages/airflow/example_dags/example_latest_only_with_trigger.py for tasks to queue
[2025-07-22T09:21:12.566+0000] {logging_mixin.py:188} INFO - [2025-07-22T09:21:12.565+0000] {dagbag.py:545} INFO - Filling up the DagBag from /home/airflow/.local/lib/python3.12/site-packages/airflow/example_dags/example_latest_only_with_trigger.py
[2025-07-22T09:21:12.572+0000] {processor.py:840} INFO - DAG(s) 'latest_only_with_trigger' retrieved from /home/airflow/.local/lib/python3.12/site-packages/airflow/example_dags/example_latest_only_with_trigger.py
[2025-07-22T09:21:12.595+0000] {logging_mixin.py:188} INFO - [2025-07-22T09:21:12.595+0000] {dag.py:3096} INFO - Sync 1 DAGs
[2025-07-22T09:21:12.622+0000] {logging_mixin.py:188} INFO - [2025-07-22T09:21:12.622+0000] {dag.py:3954} INFO - Setting next_dagrun for latest_only_with_trigger to 2025-07-22 04:00:00+00:00, run_after=2025-07-22 08:00:00+00:00
[2025-07-22T09:21:12.645+0000] {processor.py:183} INFO - Processing /home/airflow/.local/lib/python3.12/site-packages/airflow/example_dags/example_latest_only_with_trigger.py took 0.089 seconds
[2025-07-22T09:21:42.875+0000] {processor.py:161} INFO - Started process (PID=3572) to work on /home/airflow/.local/lib/python3.12/site-packages/airflow/example_dags/example_latest_only_with_trigger.py
[2025-07-22T09:21:42.876+0000] {processor.py:830} INFO - Processing file /home/airflow/.local/lib/python3.12/site-packages/airflow/example_dags/example_latest_only_with_trigger.py for tasks to queue
[2025-07-22T09:21:42.879+0000] {logging_mixin.py:188} INFO - [2025-07-22T09:21:42.878+0000] {dagbag.py:545} INFO - Filling up the DagBag from /home/airflow/.local/lib/python3.12/site-packages/airflow/example_dags/example_latest_only_with_trigger.py
[2025-07-22T09:21:42.885+0000] {processor.py:840} INFO - DAG(s) 'latest_only_with_trigger' retrieved from /home/airflow/.local/lib/python3.12/site-packages/airflow/example_dags/example_latest_only_with_trigger.py
[2025-07-22T09:21:42.906+0000] {logging_mixin.py:188} INFO - [2025-07-22T09:21:42.906+0000] {dag.py:3096} INFO - Sync 1 DAGs
[2025-07-22T09:21:42.931+0000] {logging_mixin.py:188} INFO - [2025-07-22T09:21:42.931+0000] {dag.py:3954} INFO - Setting next_dagrun for latest_only_with_trigger to 2025-07-22 04:00:00+00:00, run_after=2025-07-22 08:00:00+00:00
[2025-07-22T09:21:42.954+0000] {processor.py:183} INFO - Processing /home/airflow/.local/lib/python3.12/site-packages/airflow/example_dags/example_latest_only_with_trigger.py took 0.085 seconds
[2025-07-22T09:22:13.095+0000] {processor.py:161} INFO - Started process (PID=3632) to work on /home/airflow/.local/lib/python3.12/site-packages/airflow/example_dags/example_latest_only_with_trigger.py
[2025-07-22T09:22:13.096+0000] {processor.py:830} INFO - Processing file /home/airflow/.local/lib/python3.12/site-packages/airflow/example_dags/example_latest_only_with_trigger.py for tasks to queue
[2025-07-22T09:22:13.099+0000] {logging_mixin.py:188} INFO - [2025-07-22T09:22:13.098+0000] {dagbag.py:545} INFO - Filling up the DagBag from /home/airflow/.local/lib/python3.12/site-packages/airflow/example_dags/example_latest_only_with_trigger.py
[2025-07-22T09:22:13.106+0000] {processor.py:840} INFO - DAG(s) 'latest_only_with_trigger' retrieved from /home/airflow/.local/lib/python3.12/site-packages/airflow/example_dags/example_latest_only_with_trigger.py
[2025-07-22T09:22:13.134+0000] {logging_mixin.py:188} INFO - [2025-07-22T09:22:13.134+0000] {dag.py:3096} INFO - Sync 1 DAGs
[2025-07-22T09:22:13.160+0000] {logging_mixin.py:188} INFO - [2025-07-22T09:22:13.160+0000] {dag.py:3954} INFO - Setting next_dagrun for latest_only_with_trigger to 2025-07-22 04:00:00+00:00, run_after=2025-07-22 08:00:00+00:00
[2025-07-22T09:22:13.183+0000] {processor.py:183} INFO - Processing /home/airflow/.local/lib/python3.12/site-packages/airflow/example_dags/example_latest_only_with_trigger.py took 0.096 seconds
