[2025-07-22T08:52:11.030+0000] {processor.py:161} INFO - Started process (PID=107) to work on /home/airflow/.local/lib/python3.12/site-packages/airflow/example_dags/example_external_task_marker_dag.py
[2025-07-22T08:52:11.032+0000] {processor.py:830} INFO - Processing file /home/airflow/.local/lib/python3.12/site-packages/airflow/example_dags/example_external_task_marker_dag.py for tasks to queue
[2025-07-22T08:52:11.034+0000] {logging_mixin.py:188} INFO - [2025-07-22T08:52:11.034+0000] {dagbag.py:545} INFO - Filling up the DagBag from /home/airflow/.local/lib/python3.12/site-packages/airflow/example_dags/example_external_task_marker_dag.py
[2025-07-22T08:52:11.044+0000] {processor.py:840} INFO - DAG(s) 'example_external_task_marker_child', 'example_external_task_marker_parent' retrieved from /home/airflow/.local/lib/python3.12/site-packages/airflow/example_dags/example_external_task_marker_dag.py
[2025-07-22T08:52:11.204+0000] {logging_mixin.py:188} INFO - [2025-07-22T08:52:11.204+0000] {dag.py:3096} INFO - Sync 2 DAGs
[2025-07-22T08:52:11.228+0000] {logging_mixin.py:188} INFO - [2025-07-22T08:52:11.227+0000] {dag.py:3954} INFO - Setting next_dagrun for example_external_task_marker_child to None, run_after=None
[2025-07-22T08:52:11.233+0000] {logging_mixin.py:188} INFO - [2025-07-22T08:52:11.233+0000] {dag.py:3954} INFO - Setting next_dagrun for example_external_task_marker_parent to None, run_after=None
[2025-07-22T08:52:11.281+0000] {processor.py:183} INFO - Processing /home/airflow/.local/lib/python3.12/site-packages/airflow/example_dags/example_external_task_marker_dag.py took 0.260 seconds
[2025-07-22T08:52:41.822+0000] {processor.py:161} INFO - Started process (PID=165) to work on /home/airflow/.local/lib/python3.12/site-packages/airflow/example_dags/example_external_task_marker_dag.py
[2025-07-22T08:52:41.823+0000] {processor.py:830} INFO - Processing file /home/airflow/.local/lib/python3.12/site-packages/airflow/example_dags/example_external_task_marker_dag.py for tasks to queue
[2025-07-22T08:52:41.826+0000] {logging_mixin.py:188} INFO - [2025-07-22T08:52:41.825+0000] {dagbag.py:545} INFO - Filling up the DagBag from /home/airflow/.local/lib/python3.12/site-packages/airflow/example_dags/example_external_task_marker_dag.py
[2025-07-22T08:52:41.833+0000] {processor.py:840} INFO - DAG(s) 'example_external_task_marker_parent', 'example_external_task_marker_child' retrieved from /home/airflow/.local/lib/python3.12/site-packages/airflow/example_dags/example_external_task_marker_dag.py
[2025-07-22T08:52:41.862+0000] {logging_mixin.py:188} INFO - [2025-07-22T08:52:41.862+0000] {dag.py:3096} INFO - Sync 2 DAGs
[2025-07-22T08:52:41.878+0000] {logging_mixin.py:188} INFO - [2025-07-22T08:52:41.878+0000] {dag.py:3954} INFO - Setting next_dagrun for example_external_task_marker_child to None, run_after=None
[2025-07-22T08:52:41.884+0000] {logging_mixin.py:188} INFO - [2025-07-22T08:52:41.884+0000] {dag.py:3954} INFO - Setting next_dagrun for example_external_task_marker_parent to None, run_after=None
[2025-07-22T08:52:41.910+0000] {processor.py:183} INFO - Processing /home/airflow/.local/lib/python3.12/site-packages/airflow/example_dags/example_external_task_marker_dag.py took 0.096 seconds
[2025-07-22T08:53:12.161+0000] {processor.py:161} INFO - Started process (PID=223) to work on /home/airflow/.local/lib/python3.12/site-packages/airflow/example_dags/example_external_task_marker_dag.py
[2025-07-22T08:53:12.162+0000] {processor.py:830} INFO - Processing file /home/airflow/.local/lib/python3.12/site-packages/airflow/example_dags/example_external_task_marker_dag.py for tasks to queue
[2025-07-22T08:53:12.165+0000] {logging_mixin.py:188} INFO - [2025-07-22T08:53:12.164+0000] {dagbag.py:545} INFO - Filling up the DagBag from /home/airflow/.local/lib/python3.12/site-packages/airflow/example_dags/example_external_task_marker_dag.py
[2025-07-22T08:53:12.172+0000] {processor.py:840} INFO - DAG(s) 'example_external_task_marker_parent', 'example_external_task_marker_child' retrieved from /home/airflow/.local/lib/python3.12/site-packages/airflow/example_dags/example_external_task_marker_dag.py
[2025-07-22T08:53:12.203+0000] {logging_mixin.py:188} INFO - [2025-07-22T08:53:12.202+0000] {dag.py:3096} INFO - Sync 2 DAGs
[2025-07-22T08:53:12.220+0000] {logging_mixin.py:188} INFO - [2025-07-22T08:53:12.220+0000] {dag.py:3954} INFO - Setting next_dagrun for example_external_task_marker_child to None, run_after=None
[2025-07-22T08:53:12.226+0000] {logging_mixin.py:188} INFO - [2025-07-22T08:53:12.225+0000] {dag.py:3954} INFO - Setting next_dagrun for example_external_task_marker_parent to None, run_after=None
[2025-07-22T08:53:12.249+0000] {processor.py:183} INFO - Processing /home/airflow/.local/lib/python3.12/site-packages/airflow/example_dags/example_external_task_marker_dag.py took 0.095 seconds
[2025-07-22T08:53:43.412+0000] {processor.py:161} INFO - Started process (PID=281) to work on /home/airflow/.local/lib/python3.12/site-packages/airflow/example_dags/example_external_task_marker_dag.py
[2025-07-22T08:53:43.415+0000] {processor.py:830} INFO - Processing file /home/airflow/.local/lib/python3.12/site-packages/airflow/example_dags/example_external_task_marker_dag.py for tasks to queue
[2025-07-22T08:53:43.420+0000] {logging_mixin.py:188} INFO - [2025-07-22T08:53:43.419+0000] {dagbag.py:545} INFO - Filling up the DagBag from /home/airflow/.local/lib/python3.12/site-packages/airflow/example_dags/example_external_task_marker_dag.py
[2025-07-22T08:53:43.436+0000] {processor.py:840} INFO - DAG(s) 'example_external_task_marker_child', 'example_external_task_marker_parent' retrieved from /home/airflow/.local/lib/python3.12/site-packages/airflow/example_dags/example_external_task_marker_dag.py
[2025-07-22T08:53:43.499+0000] {logging_mixin.py:188} INFO - [2025-07-22T08:53:43.499+0000] {dag.py:3096} INFO - Sync 2 DAGs
[2025-07-22T08:53:43.548+0000] {logging_mixin.py:188} INFO - [2025-07-22T08:53:43.547+0000] {dag.py:3954} INFO - Setting next_dagrun for example_external_task_marker_child to None, run_after=None
[2025-07-22T08:53:43.559+0000] {logging_mixin.py:188} INFO - [2025-07-22T08:53:43.559+0000] {dag.py:3954} INFO - Setting next_dagrun for example_external_task_marker_parent to None, run_after=None
[2025-07-22T08:53:43.593+0000] {processor.py:183} INFO - Processing /home/airflow/.local/lib/python3.12/site-packages/airflow/example_dags/example_external_task_marker_dag.py took 0.195 seconds
[2025-07-22T08:54:13.664+0000] {processor.py:161} INFO - Started process (PID=339) to work on /home/airflow/.local/lib/python3.12/site-packages/airflow/example_dags/example_external_task_marker_dag.py
[2025-07-22T08:54:13.665+0000] {processor.py:830} INFO - Processing file /home/airflow/.local/lib/python3.12/site-packages/airflow/example_dags/example_external_task_marker_dag.py for tasks to queue
[2025-07-22T08:54:13.668+0000] {logging_mixin.py:188} INFO - [2025-07-22T08:54:13.668+0000] {dagbag.py:545} INFO - Filling up the DagBag from /home/airflow/.local/lib/python3.12/site-packages/airflow/example_dags/example_external_task_marker_dag.py
[2025-07-22T08:54:13.676+0000] {processor.py:840} INFO - DAG(s) 'example_external_task_marker_parent', 'example_external_task_marker_child' retrieved from /home/airflow/.local/lib/python3.12/site-packages/airflow/example_dags/example_external_task_marker_dag.py
[2025-07-22T08:54:13.709+0000] {logging_mixin.py:188} INFO - [2025-07-22T08:54:13.708+0000] {dag.py:3096} INFO - Sync 2 DAGs
[2025-07-22T08:54:13.727+0000] {logging_mixin.py:188} INFO - [2025-07-22T08:54:13.726+0000] {dag.py:3954} INFO - Setting next_dagrun for example_external_task_marker_child to None, run_after=None
[2025-07-22T08:54:13.732+0000] {logging_mixin.py:188} INFO - [2025-07-22T08:54:13.732+0000] {dag.py:3954} INFO - Setting next_dagrun for example_external_task_marker_parent to None, run_after=None
[2025-07-22T08:54:13.755+0000] {processor.py:183} INFO - Processing /home/airflow/.local/lib/python3.12/site-packages/airflow/example_dags/example_external_task_marker_dag.py took 0.099 seconds
[2025-07-22T08:54:43.820+0000] {processor.py:161} INFO - Started process (PID=397) to work on /home/airflow/.local/lib/python3.12/site-packages/airflow/example_dags/example_external_task_marker_dag.py
[2025-07-22T08:54:43.821+0000] {processor.py:830} INFO - Processing file /home/airflow/.local/lib/python3.12/site-packages/airflow/example_dags/example_external_task_marker_dag.py for tasks to queue
[2025-07-22T08:54:43.824+0000] {logging_mixin.py:188} INFO - [2025-07-22T08:54:43.824+0000] {dagbag.py:545} INFO - Filling up the DagBag from /home/airflow/.local/lib/python3.12/site-packages/airflow/example_dags/example_external_task_marker_dag.py
[2025-07-22T08:54:43.831+0000] {processor.py:840} INFO - DAG(s) 'example_external_task_marker_child', 'example_external_task_marker_parent' retrieved from /home/airflow/.local/lib/python3.12/site-packages/airflow/example_dags/example_external_task_marker_dag.py
[2025-07-22T08:54:43.857+0000] {logging_mixin.py:188} INFO - [2025-07-22T08:54:43.857+0000] {dag.py:3096} INFO - Sync 2 DAGs
[2025-07-22T08:54:43.871+0000] {logging_mixin.py:188} INFO - [2025-07-22T08:54:43.871+0000] {dag.py:3954} INFO - Setting next_dagrun for example_external_task_marker_child to None, run_after=None
[2025-07-22T08:54:43.876+0000] {logging_mixin.py:188} INFO - [2025-07-22T08:54:43.876+0000] {dag.py:3954} INFO - Setting next_dagrun for example_external_task_marker_parent to None, run_after=None
[2025-07-22T08:54:43.895+0000] {processor.py:183} INFO - Processing /home/airflow/.local/lib/python3.12/site-packages/airflow/example_dags/example_external_task_marker_dag.py took 0.082 seconds
[2025-07-22T08:55:14.645+0000] {processor.py:161} INFO - Started process (PID=455) to work on /home/airflow/.local/lib/python3.12/site-packages/airflow/example_dags/example_external_task_marker_dag.py
[2025-07-22T08:55:14.647+0000] {processor.py:830} INFO - Processing file /home/airflow/.local/lib/python3.12/site-packages/airflow/example_dags/example_external_task_marker_dag.py for tasks to queue
[2025-07-22T08:55:14.650+0000] {logging_mixin.py:188} INFO - [2025-07-22T08:55:14.649+0000] {dagbag.py:545} INFO - Filling up the DagBag from /home/airflow/.local/lib/python3.12/site-packages/airflow/example_dags/example_external_task_marker_dag.py
[2025-07-22T08:55:14.657+0000] {processor.py:840} INFO - DAG(s) 'example_external_task_marker_child', 'example_external_task_marker_parent' retrieved from /home/airflow/.local/lib/python3.12/site-packages/airflow/example_dags/example_external_task_marker_dag.py
[2025-07-22T08:55:14.688+0000] {logging_mixin.py:188} INFO - [2025-07-22T08:55:14.687+0000] {dag.py:3096} INFO - Sync 2 DAGs
[2025-07-22T08:55:14.704+0000] {logging_mixin.py:188} INFO - [2025-07-22T08:55:14.704+0000] {dag.py:3954} INFO - Setting next_dagrun for example_external_task_marker_child to None, run_after=None
[2025-07-22T08:55:14.709+0000] {logging_mixin.py:188} INFO - [2025-07-22T08:55:14.709+0000] {dag.py:3954} INFO - Setting next_dagrun for example_external_task_marker_parent to None, run_after=None
[2025-07-22T08:55:14.729+0000] {processor.py:183} INFO - Processing /home/airflow/.local/lib/python3.12/site-packages/airflow/example_dags/example_external_task_marker_dag.py took 0.091 seconds
[2025-07-22T08:55:45.486+0000] {processor.py:161} INFO - Started process (PID=513) to work on /home/airflow/.local/lib/python3.12/site-packages/airflow/example_dags/example_external_task_marker_dag.py
[2025-07-22T08:55:45.488+0000] {processor.py:830} INFO - Processing file /home/airflow/.local/lib/python3.12/site-packages/airflow/example_dags/example_external_task_marker_dag.py for tasks to queue
[2025-07-22T08:55:45.490+0000] {logging_mixin.py:188} INFO - [2025-07-22T08:55:45.490+0000] {dagbag.py:545} INFO - Filling up the DagBag from /home/airflow/.local/lib/python3.12/site-packages/airflow/example_dags/example_external_task_marker_dag.py
[2025-07-22T08:55:45.497+0000] {processor.py:840} INFO - DAG(s) 'example_external_task_marker_child', 'example_external_task_marker_parent' retrieved from /home/airflow/.local/lib/python3.12/site-packages/airflow/example_dags/example_external_task_marker_dag.py
[2025-07-22T08:55:45.534+0000] {logging_mixin.py:188} INFO - [2025-07-22T08:55:45.534+0000] {dag.py:3096} INFO - Sync 2 DAGs
[2025-07-22T08:55:45.548+0000] {logging_mixin.py:188} INFO - [2025-07-22T08:55:45.548+0000] {dag.py:3954} INFO - Setting next_dagrun for example_external_task_marker_child to None, run_after=None
[2025-07-22T08:55:45.553+0000] {logging_mixin.py:188} INFO - [2025-07-22T08:55:45.552+0000] {dag.py:3954} INFO - Setting next_dagrun for example_external_task_marker_parent to None, run_after=None
[2025-07-22T08:55:45.573+0000] {processor.py:183} INFO - Processing /home/airflow/.local/lib/python3.12/site-packages/airflow/example_dags/example_external_task_marker_dag.py took 0.093 seconds
[2025-07-22T08:56:15.840+0000] {processor.py:161} INFO - Started process (PID=571) to work on /home/airflow/.local/lib/python3.12/site-packages/airflow/example_dags/example_external_task_marker_dag.py
[2025-07-22T08:56:15.841+0000] {processor.py:830} INFO - Processing file /home/airflow/.local/lib/python3.12/site-packages/airflow/example_dags/example_external_task_marker_dag.py for tasks to queue
[2025-07-22T08:56:15.843+0000] {logging_mixin.py:188} INFO - [2025-07-22T08:56:15.843+0000] {dagbag.py:545} INFO - Filling up the DagBag from /home/airflow/.local/lib/python3.12/site-packages/airflow/example_dags/example_external_task_marker_dag.py
[2025-07-22T08:56:15.850+0000] {processor.py:840} INFO - DAG(s) 'example_external_task_marker_child', 'example_external_task_marker_parent' retrieved from /home/airflow/.local/lib/python3.12/site-packages/airflow/example_dags/example_external_task_marker_dag.py
[2025-07-22T08:56:15.880+0000] {logging_mixin.py:188} INFO - [2025-07-22T08:56:15.880+0000] {dag.py:3096} INFO - Sync 2 DAGs
[2025-07-22T08:56:15.898+0000] {logging_mixin.py:188} INFO - [2025-07-22T08:56:15.897+0000] {dag.py:3954} INFO - Setting next_dagrun for example_external_task_marker_child to None, run_after=None
[2025-07-22T08:56:15.903+0000] {logging_mixin.py:188} INFO - [2025-07-22T08:56:15.903+0000] {dag.py:3954} INFO - Setting next_dagrun for example_external_task_marker_parent to None, run_after=None
[2025-07-22T08:56:15.928+0000] {processor.py:183} INFO - Processing /home/airflow/.local/lib/python3.12/site-packages/airflow/example_dags/example_external_task_marker_dag.py took 0.096 seconds
[2025-07-22T08:56:46.552+0000] {processor.py:161} INFO - Started process (PID=629) to work on /home/airflow/.local/lib/python3.12/site-packages/airflow/example_dags/example_external_task_marker_dag.py
[2025-07-22T08:56:46.553+0000] {processor.py:830} INFO - Processing file /home/airflow/.local/lib/python3.12/site-packages/airflow/example_dags/example_external_task_marker_dag.py for tasks to queue
[2025-07-22T08:56:46.556+0000] {logging_mixin.py:188} INFO - [2025-07-22T08:56:46.556+0000] {dagbag.py:545} INFO - Filling up the DagBag from /home/airflow/.local/lib/python3.12/site-packages/airflow/example_dags/example_external_task_marker_dag.py
[2025-07-22T08:56:46.564+0000] {processor.py:840} INFO - DAG(s) 'example_external_task_marker_parent', 'example_external_task_marker_child' retrieved from /home/airflow/.local/lib/python3.12/site-packages/airflow/example_dags/example_external_task_marker_dag.py
[2025-07-22T08:56:46.596+0000] {logging_mixin.py:188} INFO - [2025-07-22T08:56:46.596+0000] {dag.py:3096} INFO - Sync 2 DAGs
[2025-07-22T08:56:46.613+0000] {logging_mixin.py:188} INFO - [2025-07-22T08:56:46.613+0000] {dag.py:3954} INFO - Setting next_dagrun for example_external_task_marker_child to None, run_after=None
[2025-07-22T08:56:46.618+0000] {logging_mixin.py:188} INFO - [2025-07-22T08:56:46.617+0000] {dag.py:3954} INFO - Setting next_dagrun for example_external_task_marker_parent to None, run_after=None
[2025-07-22T08:56:46.639+0000] {processor.py:183} INFO - Processing /home/airflow/.local/lib/python3.12/site-packages/airflow/example_dags/example_external_task_marker_dag.py took 0.096 seconds
[2025-07-22T08:57:16.946+0000] {processor.py:161} INFO - Started process (PID=689) to work on /home/airflow/.local/lib/python3.12/site-packages/airflow/example_dags/example_external_task_marker_dag.py
[2025-07-22T08:57:16.947+0000] {processor.py:830} INFO - Processing file /home/airflow/.local/lib/python3.12/site-packages/airflow/example_dags/example_external_task_marker_dag.py for tasks to queue
[2025-07-22T08:57:16.950+0000] {logging_mixin.py:188} INFO - [2025-07-22T08:57:16.950+0000] {dagbag.py:545} INFO - Filling up the DagBag from /home/airflow/.local/lib/python3.12/site-packages/airflow/example_dags/example_external_task_marker_dag.py
[2025-07-22T08:57:16.959+0000] {processor.py:840} INFO - DAG(s) 'example_external_task_marker_parent', 'example_external_task_marker_child' retrieved from /home/airflow/.local/lib/python3.12/site-packages/airflow/example_dags/example_external_task_marker_dag.py
[2025-07-22T08:57:16.992+0000] {logging_mixin.py:188} INFO - [2025-07-22T08:57:16.992+0000] {dag.py:3096} INFO - Sync 2 DAGs
[2025-07-22T08:57:17.009+0000] {logging_mixin.py:188} INFO - [2025-07-22T08:57:17.009+0000] {dag.py:3954} INFO - Setting next_dagrun for example_external_task_marker_child to None, run_after=None
[2025-07-22T08:57:17.014+0000] {logging_mixin.py:188} INFO - [2025-07-22T08:57:17.014+0000] {dag.py:3954} INFO - Setting next_dagrun for example_external_task_marker_parent to None, run_after=None
[2025-07-22T08:57:17.035+0000] {processor.py:183} INFO - Processing /home/airflow/.local/lib/python3.12/site-packages/airflow/example_dags/example_external_task_marker_dag.py took 0.097 seconds
[2025-07-22T08:57:47.102+0000] {processor.py:161} INFO - Started process (PID=749) to work on /home/airflow/.local/lib/python3.12/site-packages/airflow/example_dags/example_external_task_marker_dag.py
[2025-07-22T08:57:47.103+0000] {processor.py:830} INFO - Processing file /home/airflow/.local/lib/python3.12/site-packages/airflow/example_dags/example_external_task_marker_dag.py for tasks to queue
[2025-07-22T08:57:47.106+0000] {logging_mixin.py:188} INFO - [2025-07-22T08:57:47.106+0000] {dagbag.py:545} INFO - Filling up the DagBag from /home/airflow/.local/lib/python3.12/site-packages/airflow/example_dags/example_external_task_marker_dag.py
[2025-07-22T08:57:47.114+0000] {processor.py:840} INFO - DAG(s) 'example_external_task_marker_child', 'example_external_task_marker_parent' retrieved from /home/airflow/.local/lib/python3.12/site-packages/airflow/example_dags/example_external_task_marker_dag.py
[2025-07-22T08:57:47.144+0000] {logging_mixin.py:188} INFO - [2025-07-22T08:57:47.143+0000] {dag.py:3096} INFO - Sync 2 DAGs
[2025-07-22T08:57:47.164+0000] {logging_mixin.py:188} INFO - [2025-07-22T08:57:47.163+0000] {dag.py:3954} INFO - Setting next_dagrun for example_external_task_marker_child to None, run_after=None
[2025-07-22T08:57:47.169+0000] {logging_mixin.py:188} INFO - [2025-07-22T08:57:47.168+0000] {dag.py:3954} INFO - Setting next_dagrun for example_external_task_marker_parent to None, run_after=None
[2025-07-22T08:57:47.188+0000] {processor.py:183} INFO - Processing /home/airflow/.local/lib/python3.12/site-packages/airflow/example_dags/example_external_task_marker_dag.py took 0.094 seconds
[2025-07-22T08:58:17.817+0000] {processor.py:161} INFO - Started process (PID=809) to work on /home/airflow/.local/lib/python3.12/site-packages/airflow/example_dags/example_external_task_marker_dag.py
[2025-07-22T08:58:17.819+0000] {processor.py:830} INFO - Processing file /home/airflow/.local/lib/python3.12/site-packages/airflow/example_dags/example_external_task_marker_dag.py for tasks to queue
[2025-07-22T08:58:17.823+0000] {logging_mixin.py:188} INFO - [2025-07-22T08:58:17.822+0000] {dagbag.py:545} INFO - Filling up the DagBag from /home/airflow/.local/lib/python3.12/site-packages/airflow/example_dags/example_external_task_marker_dag.py
[2025-07-22T08:58:17.831+0000] {processor.py:840} INFO - DAG(s) 'example_external_task_marker_parent', 'example_external_task_marker_child' retrieved from /home/airflow/.local/lib/python3.12/site-packages/airflow/example_dags/example_external_task_marker_dag.py
[2025-07-22T08:58:17.865+0000] {logging_mixin.py:188} INFO - [2025-07-22T08:58:17.865+0000] {dag.py:3096} INFO - Sync 2 DAGs
[2025-07-22T08:58:17.881+0000] {logging_mixin.py:188} INFO - [2025-07-22T08:58:17.881+0000] {dag.py:3954} INFO - Setting next_dagrun for example_external_task_marker_child to None, run_after=None
[2025-07-22T08:58:17.886+0000] {logging_mixin.py:188} INFO - [2025-07-22T08:58:17.886+0000] {dag.py:3954} INFO - Setting next_dagrun for example_external_task_marker_parent to None, run_after=None
[2025-07-22T08:58:17.904+0000] {processor.py:183} INFO - Processing /home/airflow/.local/lib/python3.12/site-packages/airflow/example_dags/example_external_task_marker_dag.py took 0.096 seconds
[2025-07-22T08:58:48.547+0000] {processor.py:161} INFO - Started process (PID=869) to work on /home/airflow/.local/lib/python3.12/site-packages/airflow/example_dags/example_external_task_marker_dag.py
[2025-07-22T08:58:48.549+0000] {processor.py:830} INFO - Processing file /home/airflow/.local/lib/python3.12/site-packages/airflow/example_dags/example_external_task_marker_dag.py for tasks to queue
[2025-07-22T08:58:48.552+0000] {logging_mixin.py:188} INFO - [2025-07-22T08:58:48.551+0000] {dagbag.py:545} INFO - Filling up the DagBag from /home/airflow/.local/lib/python3.12/site-packages/airflow/example_dags/example_external_task_marker_dag.py
[2025-07-22T08:58:48.561+0000] {processor.py:840} INFO - DAG(s) 'example_external_task_marker_parent', 'example_external_task_marker_child' retrieved from /home/airflow/.local/lib/python3.12/site-packages/airflow/example_dags/example_external_task_marker_dag.py
[2025-07-22T08:58:48.592+0000] {logging_mixin.py:188} INFO - [2025-07-22T08:58:48.592+0000] {dag.py:3096} INFO - Sync 2 DAGs
[2025-07-22T08:58:48.610+0000] {logging_mixin.py:188} INFO - [2025-07-22T08:58:48.610+0000] {dag.py:3954} INFO - Setting next_dagrun for example_external_task_marker_child to None, run_after=None
[2025-07-22T08:58:48.615+0000] {logging_mixin.py:188} INFO - [2025-07-22T08:58:48.615+0000] {dag.py:3954} INFO - Setting next_dagrun for example_external_task_marker_parent to None, run_after=None
[2025-07-22T08:58:48.639+0000] {processor.py:183} INFO - Processing /home/airflow/.local/lib/python3.12/site-packages/airflow/example_dags/example_external_task_marker_dag.py took 0.100 seconds
[2025-07-22T08:59:19.449+0000] {processor.py:161} INFO - Started process (PID=929) to work on /home/airflow/.local/lib/python3.12/site-packages/airflow/example_dags/example_external_task_marker_dag.py
[2025-07-22T08:59:19.450+0000] {processor.py:830} INFO - Processing file /home/airflow/.local/lib/python3.12/site-packages/airflow/example_dags/example_external_task_marker_dag.py for tasks to queue
[2025-07-22T08:59:19.453+0000] {logging_mixin.py:188} INFO - [2025-07-22T08:59:19.452+0000] {dagbag.py:545} INFO - Filling up the DagBag from /home/airflow/.local/lib/python3.12/site-packages/airflow/example_dags/example_external_task_marker_dag.py
[2025-07-22T08:59:19.460+0000] {processor.py:840} INFO - DAG(s) 'example_external_task_marker_parent', 'example_external_task_marker_child' retrieved from /home/airflow/.local/lib/python3.12/site-packages/airflow/example_dags/example_external_task_marker_dag.py
[2025-07-22T08:59:19.490+0000] {logging_mixin.py:188} INFO - [2025-07-22T08:59:19.490+0000] {dag.py:3096} INFO - Sync 2 DAGs
[2025-07-22T08:59:19.508+0000] {logging_mixin.py:188} INFO - [2025-07-22T08:59:19.508+0000] {dag.py:3954} INFO - Setting next_dagrun for example_external_task_marker_child to None, run_after=None
[2025-07-22T08:59:19.514+0000] {logging_mixin.py:188} INFO - [2025-07-22T08:59:19.513+0000] {dag.py:3954} INFO - Setting next_dagrun for example_external_task_marker_parent to None, run_after=None
[2025-07-22T08:59:19.536+0000] {processor.py:183} INFO - Processing /home/airflow/.local/lib/python3.12/site-packages/airflow/example_dags/example_external_task_marker_dag.py took 0.095 seconds
[2025-07-22T08:59:49.997+0000] {processor.py:161} INFO - Started process (PID=989) to work on /home/airflow/.local/lib/python3.12/site-packages/airflow/example_dags/example_external_task_marker_dag.py
[2025-07-22T08:59:49.999+0000] {processor.py:830} INFO - Processing file /home/airflow/.local/lib/python3.12/site-packages/airflow/example_dags/example_external_task_marker_dag.py for tasks to queue
[2025-07-22T08:59:50.002+0000] {logging_mixin.py:188} INFO - [2025-07-22T08:59:50.001+0000] {dagbag.py:545} INFO - Filling up the DagBag from /home/airflow/.local/lib/python3.12/site-packages/airflow/example_dags/example_external_task_marker_dag.py
[2025-07-22T08:59:50.010+0000] {processor.py:840} INFO - DAG(s) 'example_external_task_marker_child', 'example_external_task_marker_parent' retrieved from /home/airflow/.local/lib/python3.12/site-packages/airflow/example_dags/example_external_task_marker_dag.py
[2025-07-22T08:59:50.047+0000] {logging_mixin.py:188} INFO - [2025-07-22T08:59:50.046+0000] {dag.py:3096} INFO - Sync 2 DAGs
[2025-07-22T08:59:50.068+0000] {logging_mixin.py:188} INFO - [2025-07-22T08:59:50.068+0000] {dag.py:3954} INFO - Setting next_dagrun for example_external_task_marker_child to None, run_after=None
[2025-07-22T08:59:50.074+0000] {logging_mixin.py:188} INFO - [2025-07-22T08:59:50.073+0000] {dag.py:3954} INFO - Setting next_dagrun for example_external_task_marker_parent to None, run_after=None
[2025-07-22T08:59:50.099+0000] {processor.py:183} INFO - Processing /home/airflow/.local/lib/python3.12/site-packages/airflow/example_dags/example_external_task_marker_dag.py took 0.111 seconds
[2025-07-22T09:00:20.592+0000] {processor.py:161} INFO - Started process (PID=1049) to work on /home/airflow/.local/lib/python3.12/site-packages/airflow/example_dags/example_external_task_marker_dag.py
[2025-07-22T09:00:20.593+0000] {processor.py:830} INFO - Processing file /home/airflow/.local/lib/python3.12/site-packages/airflow/example_dags/example_external_task_marker_dag.py for tasks to queue
[2025-07-22T09:00:20.597+0000] {logging_mixin.py:188} INFO - [2025-07-22T09:00:20.596+0000] {dagbag.py:545} INFO - Filling up the DagBag from /home/airflow/.local/lib/python3.12/site-packages/airflow/example_dags/example_external_task_marker_dag.py
[2025-07-22T09:00:20.605+0000] {processor.py:840} INFO - DAG(s) 'example_external_task_marker_child', 'example_external_task_marker_parent' retrieved from /home/airflow/.local/lib/python3.12/site-packages/airflow/example_dags/example_external_task_marker_dag.py
[2025-07-22T09:00:20.641+0000] {logging_mixin.py:188} INFO - [2025-07-22T09:00:20.641+0000] {dag.py:3096} INFO - Sync 2 DAGs
[2025-07-22T09:00:20.661+0000] {logging_mixin.py:188} INFO - [2025-07-22T09:00:20.661+0000] {dag.py:3954} INFO - Setting next_dagrun for example_external_task_marker_child to None, run_after=None
[2025-07-22T09:00:20.667+0000] {logging_mixin.py:188} INFO - [2025-07-22T09:00:20.667+0000] {dag.py:3954} INFO - Setting next_dagrun for example_external_task_marker_parent to None, run_after=None
[2025-07-22T09:00:20.697+0000] {processor.py:183} INFO - Processing /home/airflow/.local/lib/python3.12/site-packages/airflow/example_dags/example_external_task_marker_dag.py took 0.114 seconds
[2025-07-22T09:00:51.220+0000] {processor.py:161} INFO - Started process (PID=1109) to work on /home/airflow/.local/lib/python3.12/site-packages/airflow/example_dags/example_external_task_marker_dag.py
[2025-07-22T09:00:51.221+0000] {processor.py:830} INFO - Processing file /home/airflow/.local/lib/python3.12/site-packages/airflow/example_dags/example_external_task_marker_dag.py for tasks to queue
[2025-07-22T09:00:51.224+0000] {logging_mixin.py:188} INFO - [2025-07-22T09:00:51.223+0000] {dagbag.py:545} INFO - Filling up the DagBag from /home/airflow/.local/lib/python3.12/site-packages/airflow/example_dags/example_external_task_marker_dag.py
[2025-07-22T09:00:51.231+0000] {processor.py:840} INFO - DAG(s) 'example_external_task_marker_child', 'example_external_task_marker_parent' retrieved from /home/airflow/.local/lib/python3.12/site-packages/airflow/example_dags/example_external_task_marker_dag.py
[2025-07-22T09:00:51.263+0000] {logging_mixin.py:188} INFO - [2025-07-22T09:00:51.263+0000] {dag.py:3096} INFO - Sync 2 DAGs
[2025-07-22T09:00:51.286+0000] {logging_mixin.py:188} INFO - [2025-07-22T09:00:51.286+0000] {dag.py:3954} INFO - Setting next_dagrun for example_external_task_marker_child to None, run_after=None
[2025-07-22T09:00:51.296+0000] {logging_mixin.py:188} INFO - [2025-07-22T09:00:51.296+0000] {dag.py:3954} INFO - Setting next_dagrun for example_external_task_marker_parent to None, run_after=None
[2025-07-22T09:00:51.328+0000] {processor.py:183} INFO - Processing /home/airflow/.local/lib/python3.12/site-packages/airflow/example_dags/example_external_task_marker_dag.py took 0.117 seconds
[2025-07-22T09:01:21.938+0000] {processor.py:161} INFO - Started process (PID=1168) to work on /home/airflow/.local/lib/python3.12/site-packages/airflow/example_dags/example_external_task_marker_dag.py
[2025-07-22T09:01:21.939+0000] {processor.py:830} INFO - Processing file /home/airflow/.local/lib/python3.12/site-packages/airflow/example_dags/example_external_task_marker_dag.py for tasks to queue
[2025-07-22T09:01:21.942+0000] {logging_mixin.py:188} INFO - [2025-07-22T09:01:21.941+0000] {dagbag.py:545} INFO - Filling up the DagBag from /home/airflow/.local/lib/python3.12/site-packages/airflow/example_dags/example_external_task_marker_dag.py
[2025-07-22T09:01:21.950+0000] {processor.py:840} INFO - DAG(s) 'example_external_task_marker_parent', 'example_external_task_marker_child' retrieved from /home/airflow/.local/lib/python3.12/site-packages/airflow/example_dags/example_external_task_marker_dag.py
[2025-07-22T09:01:21.979+0000] {logging_mixin.py:188} INFO - [2025-07-22T09:01:21.979+0000] {dag.py:3096} INFO - Sync 2 DAGs
[2025-07-22T09:01:21.997+0000] {logging_mixin.py:188} INFO - [2025-07-22T09:01:21.996+0000] {dag.py:3954} INFO - Setting next_dagrun for example_external_task_marker_child to None, run_after=None
[2025-07-22T09:01:22.002+0000] {logging_mixin.py:188} INFO - [2025-07-22T09:01:22.001+0000] {dag.py:3954} INFO - Setting next_dagrun for example_external_task_marker_parent to None, run_after=None
[2025-07-22T09:01:22.022+0000] {processor.py:183} INFO - Processing /home/airflow/.local/lib/python3.12/site-packages/airflow/example_dags/example_external_task_marker_dag.py took 0.094 seconds
[2025-07-22T09:01:52.168+0000] {processor.py:161} INFO - Started process (PID=1228) to work on /home/airflow/.local/lib/python3.12/site-packages/airflow/example_dags/example_external_task_marker_dag.py
[2025-07-22T09:01:52.169+0000] {processor.py:830} INFO - Processing file /home/airflow/.local/lib/python3.12/site-packages/airflow/example_dags/example_external_task_marker_dag.py for tasks to queue
[2025-07-22T09:01:52.171+0000] {logging_mixin.py:188} INFO - [2025-07-22T09:01:52.171+0000] {dagbag.py:545} INFO - Filling up the DagBag from /home/airflow/.local/lib/python3.12/site-packages/airflow/example_dags/example_external_task_marker_dag.py
[2025-07-22T09:01:52.177+0000] {processor.py:840} INFO - DAG(s) 'example_external_task_marker_parent', 'example_external_task_marker_child' retrieved from /home/airflow/.local/lib/python3.12/site-packages/airflow/example_dags/example_external_task_marker_dag.py
[2025-07-22T09:01:52.204+0000] {logging_mixin.py:188} INFO - [2025-07-22T09:01:52.204+0000] {dag.py:3096} INFO - Sync 2 DAGs
[2025-07-22T09:01:52.218+0000] {logging_mixin.py:188} INFO - [2025-07-22T09:01:52.218+0000] {dag.py:3954} INFO - Setting next_dagrun for example_external_task_marker_child to None, run_after=None
[2025-07-22T09:01:52.223+0000] {logging_mixin.py:188} INFO - [2025-07-22T09:01:52.222+0000] {dag.py:3954} INFO - Setting next_dagrun for example_external_task_marker_parent to None, run_after=None
[2025-07-22T09:01:52.241+0000] {processor.py:183} INFO - Processing /home/airflow/.local/lib/python3.12/site-packages/airflow/example_dags/example_external_task_marker_dag.py took 0.080 seconds
[2025-07-22T09:02:22.413+0000] {processor.py:161} INFO - Started process (PID=1288) to work on /home/airflow/.local/lib/python3.12/site-packages/airflow/example_dags/example_external_task_marker_dag.py
[2025-07-22T09:02:22.414+0000] {processor.py:830} INFO - Processing file /home/airflow/.local/lib/python3.12/site-packages/airflow/example_dags/example_external_task_marker_dag.py for tasks to queue
[2025-07-22T09:02:22.416+0000] {logging_mixin.py:188} INFO - [2025-07-22T09:02:22.416+0000] {dagbag.py:545} INFO - Filling up the DagBag from /home/airflow/.local/lib/python3.12/site-packages/airflow/example_dags/example_external_task_marker_dag.py
[2025-07-22T09:02:22.423+0000] {processor.py:840} INFO - DAG(s) 'example_external_task_marker_parent', 'example_external_task_marker_child' retrieved from /home/airflow/.local/lib/python3.12/site-packages/airflow/example_dags/example_external_task_marker_dag.py
[2025-07-22T09:02:22.453+0000] {logging_mixin.py:188} INFO - [2025-07-22T09:02:22.452+0000] {dag.py:3096} INFO - Sync 2 DAGs
[2025-07-22T09:02:22.470+0000] {logging_mixin.py:188} INFO - [2025-07-22T09:02:22.470+0000] {dag.py:3954} INFO - Setting next_dagrun for example_external_task_marker_child to None, run_after=None
[2025-07-22T09:02:22.475+0000] {logging_mixin.py:188} INFO - [2025-07-22T09:02:22.475+0000] {dag.py:3954} INFO - Setting next_dagrun for example_external_task_marker_parent to None, run_after=None
[2025-07-22T09:02:22.496+0000] {processor.py:183} INFO - Processing /home/airflow/.local/lib/python3.12/site-packages/airflow/example_dags/example_external_task_marker_dag.py took 0.089 seconds
[2025-07-22T09:02:52.962+0000] {processor.py:161} INFO - Started process (PID=1348) to work on /home/airflow/.local/lib/python3.12/site-packages/airflow/example_dags/example_external_task_marker_dag.py
[2025-07-22T09:02:52.963+0000] {processor.py:830} INFO - Processing file /home/airflow/.local/lib/python3.12/site-packages/airflow/example_dags/example_external_task_marker_dag.py for tasks to queue
[2025-07-22T09:02:52.966+0000] {logging_mixin.py:188} INFO - [2025-07-22T09:02:52.966+0000] {dagbag.py:545} INFO - Filling up the DagBag from /home/airflow/.local/lib/python3.12/site-packages/airflow/example_dags/example_external_task_marker_dag.py
[2025-07-22T09:02:52.973+0000] {processor.py:840} INFO - DAG(s) 'example_external_task_marker_child', 'example_external_task_marker_parent' retrieved from /home/airflow/.local/lib/python3.12/site-packages/airflow/example_dags/example_external_task_marker_dag.py
[2025-07-22T09:02:53.001+0000] {logging_mixin.py:188} INFO - [2025-07-22T09:02:53.001+0000] {dag.py:3096} INFO - Sync 2 DAGs
[2025-07-22T09:02:53.017+0000] {logging_mixin.py:188} INFO - [2025-07-22T09:02:53.017+0000] {dag.py:3954} INFO - Setting next_dagrun for example_external_task_marker_child to None, run_after=None
[2025-07-22T09:02:53.022+0000] {logging_mixin.py:188} INFO - [2025-07-22T09:02:53.022+0000] {dag.py:3954} INFO - Setting next_dagrun for example_external_task_marker_parent to None, run_after=None
[2025-07-22T09:02:53.042+0000] {processor.py:183} INFO - Processing /home/airflow/.local/lib/python3.12/site-packages/airflow/example_dags/example_external_task_marker_dag.py took 0.087 seconds
[2025-07-22T09:03:23.431+0000] {processor.py:161} INFO - Started process (PID=1408) to work on /home/airflow/.local/lib/python3.12/site-packages/airflow/example_dags/example_external_task_marker_dag.py
[2025-07-22T09:03:23.432+0000] {processor.py:830} INFO - Processing file /home/airflow/.local/lib/python3.12/site-packages/airflow/example_dags/example_external_task_marker_dag.py for tasks to queue
[2025-07-22T09:03:23.435+0000] {logging_mixin.py:188} INFO - [2025-07-22T09:03:23.434+0000] {dagbag.py:545} INFO - Filling up the DagBag from /home/airflow/.local/lib/python3.12/site-packages/airflow/example_dags/example_external_task_marker_dag.py
[2025-07-22T09:03:23.442+0000] {processor.py:840} INFO - DAG(s) 'example_external_task_marker_parent', 'example_external_task_marker_child' retrieved from /home/airflow/.local/lib/python3.12/site-packages/airflow/example_dags/example_external_task_marker_dag.py
[2025-07-22T09:03:23.472+0000] {logging_mixin.py:188} INFO - [2025-07-22T09:03:23.472+0000] {dag.py:3096} INFO - Sync 2 DAGs
[2025-07-22T09:03:23.489+0000] {logging_mixin.py:188} INFO - [2025-07-22T09:03:23.488+0000] {dag.py:3954} INFO - Setting next_dagrun for example_external_task_marker_child to None, run_after=None
[2025-07-22T09:03:23.494+0000] {logging_mixin.py:188} INFO - [2025-07-22T09:03:23.493+0000] {dag.py:3954} INFO - Setting next_dagrun for example_external_task_marker_parent to None, run_after=None
[2025-07-22T09:03:23.515+0000] {processor.py:183} INFO - Processing /home/airflow/.local/lib/python3.12/site-packages/airflow/example_dags/example_external_task_marker_dag.py took 0.092 seconds
[2025-07-22T09:03:53.707+0000] {processor.py:161} INFO - Started process (PID=1468) to work on /home/airflow/.local/lib/python3.12/site-packages/airflow/example_dags/example_external_task_marker_dag.py
[2025-07-22T09:03:53.709+0000] {processor.py:830} INFO - Processing file /home/airflow/.local/lib/python3.12/site-packages/airflow/example_dags/example_external_task_marker_dag.py for tasks to queue
[2025-07-22T09:03:53.712+0000] {logging_mixin.py:188} INFO - [2025-07-22T09:03:53.711+0000] {dagbag.py:545} INFO - Filling up the DagBag from /home/airflow/.local/lib/python3.12/site-packages/airflow/example_dags/example_external_task_marker_dag.py
[2025-07-22T09:03:53.722+0000] {processor.py:840} INFO - DAG(s) 'example_external_task_marker_parent', 'example_external_task_marker_child' retrieved from /home/airflow/.local/lib/python3.12/site-packages/airflow/example_dags/example_external_task_marker_dag.py
[2025-07-22T09:03:53.757+0000] {logging_mixin.py:188} INFO - [2025-07-22T09:03:53.757+0000] {dag.py:3096} INFO - Sync 2 DAGs
[2025-07-22T09:03:53.775+0000] {logging_mixin.py:188} INFO - [2025-07-22T09:03:53.775+0000] {dag.py:3954} INFO - Setting next_dagrun for example_external_task_marker_child to None, run_after=None
[2025-07-22T09:03:53.780+0000] {logging_mixin.py:188} INFO - [2025-07-22T09:03:53.779+0000] {dag.py:3954} INFO - Setting next_dagrun for example_external_task_marker_parent to None, run_after=None
[2025-07-22T09:03:53.801+0000] {processor.py:183} INFO - Processing /home/airflow/.local/lib/python3.12/site-packages/airflow/example_dags/example_external_task_marker_dag.py took 0.103 seconds
[2025-07-22T09:04:24.338+0000] {processor.py:161} INFO - Started process (PID=1528) to work on /home/airflow/.local/lib/python3.12/site-packages/airflow/example_dags/example_external_task_marker_dag.py
[2025-07-22T09:04:24.340+0000] {processor.py:830} INFO - Processing file /home/airflow/.local/lib/python3.12/site-packages/airflow/example_dags/example_external_task_marker_dag.py for tasks to queue
[2025-07-22T09:04:24.342+0000] {logging_mixin.py:188} INFO - [2025-07-22T09:04:24.342+0000] {dagbag.py:545} INFO - Filling up the DagBag from /home/airflow/.local/lib/python3.12/site-packages/airflow/example_dags/example_external_task_marker_dag.py
[2025-07-22T09:04:24.349+0000] {processor.py:840} INFO - DAG(s) 'example_external_task_marker_parent', 'example_external_task_marker_child' retrieved from /home/airflow/.local/lib/python3.12/site-packages/airflow/example_dags/example_external_task_marker_dag.py
[2025-07-22T09:04:24.378+0000] {logging_mixin.py:188} INFO - [2025-07-22T09:04:24.377+0000] {dag.py:3096} INFO - Sync 2 DAGs
[2025-07-22T09:04:24.395+0000] {logging_mixin.py:188} INFO - [2025-07-22T09:04:24.395+0000] {dag.py:3954} INFO - Setting next_dagrun for example_external_task_marker_child to None, run_after=None
[2025-07-22T09:04:24.400+0000] {logging_mixin.py:188} INFO - [2025-07-22T09:04:24.400+0000] {dag.py:3954} INFO - Setting next_dagrun for example_external_task_marker_parent to None, run_after=None
[2025-07-22T09:04:24.421+0000] {processor.py:183} INFO - Processing /home/airflow/.local/lib/python3.12/site-packages/airflow/example_dags/example_external_task_marker_dag.py took 0.090 seconds
[2025-07-22T09:04:54.739+0000] {processor.py:161} INFO - Started process (PID=1588) to work on /home/airflow/.local/lib/python3.12/site-packages/airflow/example_dags/example_external_task_marker_dag.py
[2025-07-22T09:04:54.741+0000] {processor.py:830} INFO - Processing file /home/airflow/.local/lib/python3.12/site-packages/airflow/example_dags/example_external_task_marker_dag.py for tasks to queue
[2025-07-22T09:04:54.743+0000] {logging_mixin.py:188} INFO - [2025-07-22T09:04:54.743+0000] {dagbag.py:545} INFO - Filling up the DagBag from /home/airflow/.local/lib/python3.12/site-packages/airflow/example_dags/example_external_task_marker_dag.py
[2025-07-22T09:04:54.752+0000] {processor.py:840} INFO - DAG(s) 'example_external_task_marker_parent', 'example_external_task_marker_child' retrieved from /home/airflow/.local/lib/python3.12/site-packages/airflow/example_dags/example_external_task_marker_dag.py
[2025-07-22T09:04:54.784+0000] {logging_mixin.py:188} INFO - [2025-07-22T09:04:54.783+0000] {dag.py:3096} INFO - Sync 2 DAGs
[2025-07-22T09:04:54.806+0000] {logging_mixin.py:188} INFO - [2025-07-22T09:04:54.806+0000] {dag.py:3954} INFO - Setting next_dagrun for example_external_task_marker_child to None, run_after=None
[2025-07-22T09:04:54.812+0000] {logging_mixin.py:188} INFO - [2025-07-22T09:04:54.812+0000] {dag.py:3954} INFO - Setting next_dagrun for example_external_task_marker_parent to None, run_after=None
[2025-07-22T09:04:54.835+0000] {processor.py:183} INFO - Processing /home/airflow/.local/lib/python3.12/site-packages/airflow/example_dags/example_external_task_marker_dag.py took 0.103 seconds
[2025-07-22T09:05:25.737+0000] {processor.py:161} INFO - Started process (PID=1648) to work on /home/airflow/.local/lib/python3.12/site-packages/airflow/example_dags/example_external_task_marker_dag.py
[2025-07-22T09:05:25.739+0000] {processor.py:830} INFO - Processing file /home/airflow/.local/lib/python3.12/site-packages/airflow/example_dags/example_external_task_marker_dag.py for tasks to queue
[2025-07-22T09:05:25.741+0000] {logging_mixin.py:188} INFO - [2025-07-22T09:05:25.741+0000] {dagbag.py:545} INFO - Filling up the DagBag from /home/airflow/.local/lib/python3.12/site-packages/airflow/example_dags/example_external_task_marker_dag.py
[2025-07-22T09:05:25.750+0000] {processor.py:840} INFO - DAG(s) 'example_external_task_marker_child', 'example_external_task_marker_parent' retrieved from /home/airflow/.local/lib/python3.12/site-packages/airflow/example_dags/example_external_task_marker_dag.py
[2025-07-22T09:05:25.781+0000] {logging_mixin.py:188} INFO - [2025-07-22T09:05:25.781+0000] {dag.py:3096} INFO - Sync 2 DAGs
[2025-07-22T09:05:25.800+0000] {logging_mixin.py:188} INFO - [2025-07-22T09:05:25.800+0000] {dag.py:3954} INFO - Setting next_dagrun for example_external_task_marker_child to None, run_after=None
[2025-07-22T09:05:25.805+0000] {logging_mixin.py:188} INFO - [2025-07-22T09:05:25.804+0000] {dag.py:3954} INFO - Setting next_dagrun for example_external_task_marker_parent to None, run_after=None
[2025-07-22T09:05:25.827+0000] {processor.py:183} INFO - Processing /home/airflow/.local/lib/python3.12/site-packages/airflow/example_dags/example_external_task_marker_dag.py took 0.098 seconds
[2025-07-22T09:05:56.087+0000] {processor.py:161} INFO - Started process (PID=1708) to work on /home/airflow/.local/lib/python3.12/site-packages/airflow/example_dags/example_external_task_marker_dag.py
[2025-07-22T09:05:56.089+0000] {processor.py:830} INFO - Processing file /home/airflow/.local/lib/python3.12/site-packages/airflow/example_dags/example_external_task_marker_dag.py for tasks to queue
[2025-07-22T09:05:56.091+0000] {logging_mixin.py:188} INFO - [2025-07-22T09:05:56.090+0000] {dagbag.py:545} INFO - Filling up the DagBag from /home/airflow/.local/lib/python3.12/site-packages/airflow/example_dags/example_external_task_marker_dag.py
[2025-07-22T09:05:56.097+0000] {processor.py:840} INFO - DAG(s) 'example_external_task_marker_child', 'example_external_task_marker_parent' retrieved from /home/airflow/.local/lib/python3.12/site-packages/airflow/example_dags/example_external_task_marker_dag.py
[2025-07-22T09:05:56.125+0000] {logging_mixin.py:188} INFO - [2025-07-22T09:05:56.125+0000] {dag.py:3096} INFO - Sync 2 DAGs
[2025-07-22T09:05:56.140+0000] {logging_mixin.py:188} INFO - [2025-07-22T09:05:56.139+0000] {dag.py:3954} INFO - Setting next_dagrun for example_external_task_marker_child to None, run_after=None
[2025-07-22T09:05:56.144+0000] {logging_mixin.py:188} INFO - [2025-07-22T09:05:56.144+0000] {dag.py:3954} INFO - Setting next_dagrun for example_external_task_marker_parent to None, run_after=None
[2025-07-22T09:05:56.162+0000] {processor.py:183} INFO - Processing /home/airflow/.local/lib/python3.12/site-packages/airflow/example_dags/example_external_task_marker_dag.py took 0.082 seconds
[2025-07-22T09:06:26.590+0000] {processor.py:161} INFO - Started process (PID=1768) to work on /home/airflow/.local/lib/python3.12/site-packages/airflow/example_dags/example_external_task_marker_dag.py
[2025-07-22T09:06:26.592+0000] {processor.py:830} INFO - Processing file /home/airflow/.local/lib/python3.12/site-packages/airflow/example_dags/example_external_task_marker_dag.py for tasks to queue
[2025-07-22T09:06:26.594+0000] {logging_mixin.py:188} INFO - [2025-07-22T09:06:26.594+0000] {dagbag.py:545} INFO - Filling up the DagBag from /home/airflow/.local/lib/python3.12/site-packages/airflow/example_dags/example_external_task_marker_dag.py
[2025-07-22T09:06:26.602+0000] {processor.py:840} INFO - DAG(s) 'example_external_task_marker_child', 'example_external_task_marker_parent' retrieved from /home/airflow/.local/lib/python3.12/site-packages/airflow/example_dags/example_external_task_marker_dag.py
[2025-07-22T09:06:26.643+0000] {logging_mixin.py:188} INFO - [2025-07-22T09:06:26.643+0000] {dag.py:3096} INFO - Sync 2 DAGs
[2025-07-22T09:06:26.662+0000] {logging_mixin.py:188} INFO - [2025-07-22T09:06:26.661+0000] {dag.py:3954} INFO - Setting next_dagrun for example_external_task_marker_child to None, run_after=None
[2025-07-22T09:06:26.668+0000] {logging_mixin.py:188} INFO - [2025-07-22T09:06:26.668+0000] {dag.py:3954} INFO - Setting next_dagrun for example_external_task_marker_parent to None, run_after=None
[2025-07-22T09:06:26.693+0000] {processor.py:183} INFO - Processing /home/airflow/.local/lib/python3.12/site-packages/airflow/example_dags/example_external_task_marker_dag.py took 0.111 seconds
[2025-07-22T09:06:57.335+0000] {processor.py:161} INFO - Started process (PID=1828) to work on /home/airflow/.local/lib/python3.12/site-packages/airflow/example_dags/example_external_task_marker_dag.py
[2025-07-22T09:06:57.337+0000] {processor.py:830} INFO - Processing file /home/airflow/.local/lib/python3.12/site-packages/airflow/example_dags/example_external_task_marker_dag.py for tasks to queue
[2025-07-22T09:06:57.341+0000] {logging_mixin.py:188} INFO - [2025-07-22T09:06:57.340+0000] {dagbag.py:545} INFO - Filling up the DagBag from /home/airflow/.local/lib/python3.12/site-packages/airflow/example_dags/example_external_task_marker_dag.py
[2025-07-22T09:06:57.353+0000] {processor.py:840} INFO - DAG(s) 'example_external_task_marker_child', 'example_external_task_marker_parent' retrieved from /home/airflow/.local/lib/python3.12/site-packages/airflow/example_dags/example_external_task_marker_dag.py
[2025-07-22T09:06:57.438+0000] {logging_mixin.py:188} INFO - [2025-07-22T09:06:57.437+0000] {dag.py:3096} INFO - Sync 2 DAGs
[2025-07-22T09:06:57.471+0000] {logging_mixin.py:188} INFO - [2025-07-22T09:06:57.470+0000] {dag.py:3954} INFO - Setting next_dagrun for example_external_task_marker_child to None, run_after=None
[2025-07-22T09:06:57.480+0000] {logging_mixin.py:188} INFO - [2025-07-22T09:06:57.480+0000] {dag.py:3954} INFO - Setting next_dagrun for example_external_task_marker_parent to None, run_after=None
[2025-07-22T09:06:57.511+0000] {processor.py:183} INFO - Processing /home/airflow/.local/lib/python3.12/site-packages/airflow/example_dags/example_external_task_marker_dag.py took 0.190 seconds
[2025-07-22T09:07:27.694+0000] {processor.py:161} INFO - Started process (PID=1888) to work on /home/airflow/.local/lib/python3.12/site-packages/airflow/example_dags/example_external_task_marker_dag.py
[2025-07-22T09:07:27.695+0000] {processor.py:830} INFO - Processing file /home/airflow/.local/lib/python3.12/site-packages/airflow/example_dags/example_external_task_marker_dag.py for tasks to queue
[2025-07-22T09:07:27.698+0000] {logging_mixin.py:188} INFO - [2025-07-22T09:07:27.698+0000] {dagbag.py:545} INFO - Filling up the DagBag from /home/airflow/.local/lib/python3.12/site-packages/airflow/example_dags/example_external_task_marker_dag.py
[2025-07-22T09:07:27.705+0000] {processor.py:840} INFO - DAG(s) 'example_external_task_marker_parent', 'example_external_task_marker_child' retrieved from /home/airflow/.local/lib/python3.12/site-packages/airflow/example_dags/example_external_task_marker_dag.py
[2025-07-22T09:07:27.734+0000] {logging_mixin.py:188} INFO - [2025-07-22T09:07:27.734+0000] {dag.py:3096} INFO - Sync 2 DAGs
[2025-07-22T09:07:27.750+0000] {logging_mixin.py:188} INFO - [2025-07-22T09:07:27.750+0000] {dag.py:3954} INFO - Setting next_dagrun for example_external_task_marker_child to None, run_after=None
[2025-07-22T09:07:27.755+0000] {logging_mixin.py:188} INFO - [2025-07-22T09:07:27.755+0000] {dag.py:3954} INFO - Setting next_dagrun for example_external_task_marker_parent to None, run_after=None
[2025-07-22T09:07:27.774+0000] {processor.py:183} INFO - Processing /home/airflow/.local/lib/python3.12/site-packages/airflow/example_dags/example_external_task_marker_dag.py took 0.086 seconds
[2025-07-22T09:07:58.005+0000] {processor.py:161} INFO - Started process (PID=1948) to work on /home/airflow/.local/lib/python3.12/site-packages/airflow/example_dags/example_external_task_marker_dag.py
[2025-07-22T09:07:58.006+0000] {processor.py:830} INFO - Processing file /home/airflow/.local/lib/python3.12/site-packages/airflow/example_dags/example_external_task_marker_dag.py for tasks to queue
[2025-07-22T09:07:58.009+0000] {logging_mixin.py:188} INFO - [2025-07-22T09:07:58.008+0000] {dagbag.py:545} INFO - Filling up the DagBag from /home/airflow/.local/lib/python3.12/site-packages/airflow/example_dags/example_external_task_marker_dag.py
[2025-07-22T09:07:58.015+0000] {processor.py:840} INFO - DAG(s) 'example_external_task_marker_child', 'example_external_task_marker_parent' retrieved from /home/airflow/.local/lib/python3.12/site-packages/airflow/example_dags/example_external_task_marker_dag.py
[2025-07-22T09:07:58.043+0000] {logging_mixin.py:188} INFO - [2025-07-22T09:07:58.043+0000] {dag.py:3096} INFO - Sync 2 DAGs
[2025-07-22T09:07:58.060+0000] {logging_mixin.py:188} INFO - [2025-07-22T09:07:58.060+0000] {dag.py:3954} INFO - Setting next_dagrun for example_external_task_marker_child to None, run_after=None
[2025-07-22T09:07:58.065+0000] {logging_mixin.py:188} INFO - [2025-07-22T09:07:58.065+0000] {dag.py:3954} INFO - Setting next_dagrun for example_external_task_marker_parent to None, run_after=None
[2025-07-22T09:07:58.084+0000] {processor.py:183} INFO - Processing /home/airflow/.local/lib/python3.12/site-packages/airflow/example_dags/example_external_task_marker_dag.py took 0.086 seconds
[2025-07-22T09:08:28.846+0000] {processor.py:161} INFO - Started process (PID=2008) to work on /home/airflow/.local/lib/python3.12/site-packages/airflow/example_dags/example_external_task_marker_dag.py
[2025-07-22T09:08:28.847+0000] {processor.py:830} INFO - Processing file /home/airflow/.local/lib/python3.12/site-packages/airflow/example_dags/example_external_task_marker_dag.py for tasks to queue
[2025-07-22T09:08:28.850+0000] {logging_mixin.py:188} INFO - [2025-07-22T09:08:28.849+0000] {dagbag.py:545} INFO - Filling up the DagBag from /home/airflow/.local/lib/python3.12/site-packages/airflow/example_dags/example_external_task_marker_dag.py
[2025-07-22T09:08:28.858+0000] {processor.py:840} INFO - DAG(s) 'example_external_task_marker_child', 'example_external_task_marker_parent' retrieved from /home/airflow/.local/lib/python3.12/site-packages/airflow/example_dags/example_external_task_marker_dag.py
[2025-07-22T09:08:28.889+0000] {logging_mixin.py:188} INFO - [2025-07-22T09:08:28.889+0000] {dag.py:3096} INFO - Sync 2 DAGs
[2025-07-22T09:08:28.906+0000] {logging_mixin.py:188} INFO - [2025-07-22T09:08:28.906+0000] {dag.py:3954} INFO - Setting next_dagrun for example_external_task_marker_child to None, run_after=None
[2025-07-22T09:08:28.911+0000] {logging_mixin.py:188} INFO - [2025-07-22T09:08:28.911+0000] {dag.py:3954} INFO - Setting next_dagrun for example_external_task_marker_parent to None, run_after=None
[2025-07-22T09:08:28.932+0000] {processor.py:183} INFO - Processing /home/airflow/.local/lib/python3.12/site-packages/airflow/example_dags/example_external_task_marker_dag.py took 0.100 seconds
[2025-07-22T09:08:58.988+0000] {processor.py:161} INFO - Started process (PID=2068) to work on /home/airflow/.local/lib/python3.12/site-packages/airflow/example_dags/example_external_task_marker_dag.py
[2025-07-22T09:08:58.989+0000] {processor.py:830} INFO - Processing file /home/airflow/.local/lib/python3.12/site-packages/airflow/example_dags/example_external_task_marker_dag.py for tasks to queue
[2025-07-22T09:08:58.992+0000] {logging_mixin.py:188} INFO - [2025-07-22T09:08:58.991+0000] {dagbag.py:545} INFO - Filling up the DagBag from /home/airflow/.local/lib/python3.12/site-packages/airflow/example_dags/example_external_task_marker_dag.py
[2025-07-22T09:08:59.004+0000] {processor.py:840} INFO - DAG(s) 'example_external_task_marker_parent', 'example_external_task_marker_child' retrieved from /home/airflow/.local/lib/python3.12/site-packages/airflow/example_dags/example_external_task_marker_dag.py
[2025-07-22T09:08:59.035+0000] {logging_mixin.py:188} INFO - [2025-07-22T09:08:59.035+0000] {dag.py:3096} INFO - Sync 2 DAGs
[2025-07-22T09:08:59.051+0000] {logging_mixin.py:188} INFO - [2025-07-22T09:08:59.051+0000] {dag.py:3954} INFO - Setting next_dagrun for example_external_task_marker_child to None, run_after=None
[2025-07-22T09:08:59.056+0000] {logging_mixin.py:188} INFO - [2025-07-22T09:08:59.055+0000] {dag.py:3954} INFO - Setting next_dagrun for example_external_task_marker_parent to None, run_after=None
[2025-07-22T09:08:59.076+0000] {processor.py:183} INFO - Processing /home/airflow/.local/lib/python3.12/site-packages/airflow/example_dags/example_external_task_marker_dag.py took 0.095 seconds
[2025-07-22T09:09:29.396+0000] {processor.py:161} INFO - Started process (PID=2128) to work on /home/airflow/.local/lib/python3.12/site-packages/airflow/example_dags/example_external_task_marker_dag.py
[2025-07-22T09:09:29.397+0000] {processor.py:830} INFO - Processing file /home/airflow/.local/lib/python3.12/site-packages/airflow/example_dags/example_external_task_marker_dag.py for tasks to queue
[2025-07-22T09:09:29.399+0000] {logging_mixin.py:188} INFO - [2025-07-22T09:09:29.399+0000] {dagbag.py:545} INFO - Filling up the DagBag from /home/airflow/.local/lib/python3.12/site-packages/airflow/example_dags/example_external_task_marker_dag.py
[2025-07-22T09:09:29.406+0000] {processor.py:840} INFO - DAG(s) 'example_external_task_marker_parent', 'example_external_task_marker_child' retrieved from /home/airflow/.local/lib/python3.12/site-packages/airflow/example_dags/example_external_task_marker_dag.py
[2025-07-22T09:09:29.438+0000] {logging_mixin.py:188} INFO - [2025-07-22T09:09:29.438+0000] {dag.py:3096} INFO - Sync 2 DAGs
[2025-07-22T09:09:29.454+0000] {logging_mixin.py:188} INFO - [2025-07-22T09:09:29.454+0000] {dag.py:3954} INFO - Setting next_dagrun for example_external_task_marker_child to None, run_after=None
[2025-07-22T09:09:29.459+0000] {logging_mixin.py:188} INFO - [2025-07-22T09:09:29.459+0000] {dag.py:3954} INFO - Setting next_dagrun for example_external_task_marker_parent to None, run_after=None
[2025-07-22T09:09:29.478+0000] {processor.py:183} INFO - Processing /home/airflow/.local/lib/python3.12/site-packages/airflow/example_dags/example_external_task_marker_dag.py took 0.088 seconds
[2025-07-22T09:10:00.389+0000] {processor.py:161} INFO - Started process (PID=2188) to work on /home/airflow/.local/lib/python3.12/site-packages/airflow/example_dags/example_external_task_marker_dag.py
[2025-07-22T09:10:00.391+0000] {processor.py:830} INFO - Processing file /home/airflow/.local/lib/python3.12/site-packages/airflow/example_dags/example_external_task_marker_dag.py for tasks to queue
[2025-07-22T09:10:00.393+0000] {logging_mixin.py:188} INFO - [2025-07-22T09:10:00.393+0000] {dagbag.py:545} INFO - Filling up the DagBag from /home/airflow/.local/lib/python3.12/site-packages/airflow/example_dags/example_external_task_marker_dag.py
[2025-07-22T09:10:00.401+0000] {processor.py:840} INFO - DAG(s) 'example_external_task_marker_parent', 'example_external_task_marker_child' retrieved from /home/airflow/.local/lib/python3.12/site-packages/airflow/example_dags/example_external_task_marker_dag.py
[2025-07-22T09:10:00.431+0000] {logging_mixin.py:188} INFO - [2025-07-22T09:10:00.431+0000] {dag.py:3096} INFO - Sync 2 DAGs
[2025-07-22T09:10:00.620+0000] {logging_mixin.py:188} INFO - [2025-07-22T09:10:00.619+0000] {dag.py:3954} INFO - Setting next_dagrun for example_external_task_marker_child to None, run_after=None
[2025-07-22T09:10:00.626+0000] {logging_mixin.py:188} INFO - [2025-07-22T09:10:00.626+0000] {dag.py:3954} INFO - Setting next_dagrun for example_external_task_marker_parent to None, run_after=None
[2025-07-22T09:10:00.651+0000] {processor.py:183} INFO - Processing /home/airflow/.local/lib/python3.12/site-packages/airflow/example_dags/example_external_task_marker_dag.py took 0.269 seconds
[2025-07-22T09:10:30.715+0000] {processor.py:161} INFO - Started process (PID=2247) to work on /home/airflow/.local/lib/python3.12/site-packages/airflow/example_dags/example_external_task_marker_dag.py
[2025-07-22T09:10:30.716+0000] {processor.py:830} INFO - Processing file /home/airflow/.local/lib/python3.12/site-packages/airflow/example_dags/example_external_task_marker_dag.py for tasks to queue
[2025-07-22T09:10:30.718+0000] {logging_mixin.py:188} INFO - [2025-07-22T09:10:30.718+0000] {dagbag.py:545} INFO - Filling up the DagBag from /home/airflow/.local/lib/python3.12/site-packages/airflow/example_dags/example_external_task_marker_dag.py
[2025-07-22T09:10:30.725+0000] {processor.py:840} INFO - DAG(s) 'example_external_task_marker_child', 'example_external_task_marker_parent' retrieved from /home/airflow/.local/lib/python3.12/site-packages/airflow/example_dags/example_external_task_marker_dag.py
[2025-07-22T09:10:30.750+0000] {logging_mixin.py:188} INFO - [2025-07-22T09:10:30.750+0000] {dag.py:3096} INFO - Sync 2 DAGs
[2025-07-22T09:10:30.764+0000] {logging_mixin.py:188} INFO - [2025-07-22T09:10:30.764+0000] {dag.py:3954} INFO - Setting next_dagrun for example_external_task_marker_child to None, run_after=None
[2025-07-22T09:10:30.768+0000] {logging_mixin.py:188} INFO - [2025-07-22T09:10:30.768+0000] {dag.py:3954} INFO - Setting next_dagrun for example_external_task_marker_parent to None, run_after=None
[2025-07-22T09:10:30.786+0000] {processor.py:183} INFO - Processing /home/airflow/.local/lib/python3.12/site-packages/airflow/example_dags/example_external_task_marker_dag.py took 0.078 seconds
[2025-07-22T09:11:01.206+0000] {processor.py:161} INFO - Started process (PID=2308) to work on /home/airflow/.local/lib/python3.12/site-packages/airflow/example_dags/example_external_task_marker_dag.py
[2025-07-22T09:11:01.207+0000] {processor.py:830} INFO - Processing file /home/airflow/.local/lib/python3.12/site-packages/airflow/example_dags/example_external_task_marker_dag.py for tasks to queue
[2025-07-22T09:11:01.209+0000] {logging_mixin.py:188} INFO - [2025-07-22T09:11:01.209+0000] {dagbag.py:545} INFO - Filling up the DagBag from /home/airflow/.local/lib/python3.12/site-packages/airflow/example_dags/example_external_task_marker_dag.py
[2025-07-22T09:11:01.216+0000] {processor.py:840} INFO - DAG(s) 'example_external_task_marker_parent', 'example_external_task_marker_child' retrieved from /home/airflow/.local/lib/python3.12/site-packages/airflow/example_dags/example_external_task_marker_dag.py
[2025-07-22T09:11:01.242+0000] {logging_mixin.py:188} INFO - [2025-07-22T09:11:01.242+0000] {dag.py:3096} INFO - Sync 2 DAGs
[2025-07-22T09:11:01.257+0000] {logging_mixin.py:188} INFO - [2025-07-22T09:11:01.256+0000] {dag.py:3954} INFO - Setting next_dagrun for example_external_task_marker_child to None, run_after=None
[2025-07-22T09:11:01.262+0000] {logging_mixin.py:188} INFO - [2025-07-22T09:11:01.262+0000] {dag.py:3954} INFO - Setting next_dagrun for example_external_task_marker_parent to None, run_after=None
[2025-07-22T09:11:01.281+0000] {processor.py:183} INFO - Processing /home/airflow/.local/lib/python3.12/site-packages/airflow/example_dags/example_external_task_marker_dag.py took 0.081 seconds
[2025-07-22T09:11:32.012+0000] {processor.py:161} INFO - Started process (PID=2368) to work on /home/airflow/.local/lib/python3.12/site-packages/airflow/example_dags/example_external_task_marker_dag.py
[2025-07-22T09:11:32.013+0000] {processor.py:830} INFO - Processing file /home/airflow/.local/lib/python3.12/site-packages/airflow/example_dags/example_external_task_marker_dag.py for tasks to queue
[2025-07-22T09:11:32.017+0000] {logging_mixin.py:188} INFO - [2025-07-22T09:11:32.016+0000] {dagbag.py:545} INFO - Filling up the DagBag from /home/airflow/.local/lib/python3.12/site-packages/airflow/example_dags/example_external_task_marker_dag.py
[2025-07-22T09:11:32.025+0000] {processor.py:840} INFO - DAG(s) 'example_external_task_marker_parent', 'example_external_task_marker_child' retrieved from /home/airflow/.local/lib/python3.12/site-packages/airflow/example_dags/example_external_task_marker_dag.py
[2025-07-22T09:11:32.062+0000] {logging_mixin.py:188} INFO - [2025-07-22T09:11:32.062+0000] {dag.py:3096} INFO - Sync 2 DAGs
[2025-07-22T09:11:32.080+0000] {logging_mixin.py:188} INFO - [2025-07-22T09:11:32.080+0000] {dag.py:3954} INFO - Setting next_dagrun for example_external_task_marker_child to None, run_after=None
[2025-07-22T09:11:32.085+0000] {logging_mixin.py:188} INFO - [2025-07-22T09:11:32.085+0000] {dag.py:3954} INFO - Setting next_dagrun for example_external_task_marker_parent to None, run_after=None
[2025-07-22T09:11:32.110+0000] {processor.py:183} INFO - Processing /home/airflow/.local/lib/python3.12/site-packages/airflow/example_dags/example_external_task_marker_dag.py took 0.107 seconds
[2025-07-22T09:12:03.326+0000] {processor.py:161} INFO - Started process (PID=2428) to work on /home/airflow/.local/lib/python3.12/site-packages/airflow/example_dags/example_external_task_marker_dag.py
[2025-07-22T09:12:03.328+0000] {processor.py:830} INFO - Processing file /home/airflow/.local/lib/python3.12/site-packages/airflow/example_dags/example_external_task_marker_dag.py for tasks to queue
[2025-07-22T09:12:03.331+0000] {logging_mixin.py:188} INFO - [2025-07-22T09:12:03.330+0000] {dagbag.py:545} INFO - Filling up the DagBag from /home/airflow/.local/lib/python3.12/site-packages/airflow/example_dags/example_external_task_marker_dag.py
[2025-07-22T09:12:03.343+0000] {processor.py:840} INFO - DAG(s) 'example_external_task_marker_child', 'example_external_task_marker_parent' retrieved from /home/airflow/.local/lib/python3.12/site-packages/airflow/example_dags/example_external_task_marker_dag.py
[2025-07-22T09:12:03.421+0000] {logging_mixin.py:188} INFO - [2025-07-22T09:12:03.420+0000] {dag.py:3096} INFO - Sync 2 DAGs
[2025-07-22T09:12:03.442+0000] {logging_mixin.py:188} INFO - [2025-07-22T09:12:03.441+0000] {dag.py:3954} INFO - Setting next_dagrun for example_external_task_marker_child to None, run_after=None
[2025-07-22T09:12:03.451+0000] {logging_mixin.py:188} INFO - [2025-07-22T09:12:03.450+0000] {dag.py:3954} INFO - Setting next_dagrun for example_external_task_marker_parent to None, run_after=None
[2025-07-22T09:12:03.476+0000] {processor.py:183} INFO - Processing /home/airflow/.local/lib/python3.12/site-packages/airflow/example_dags/example_external_task_marker_dag.py took 0.163 seconds
[2025-07-22T09:12:33.944+0000] {processor.py:161} INFO - Started process (PID=2488) to work on /home/airflow/.local/lib/python3.12/site-packages/airflow/example_dags/example_external_task_marker_dag.py
[2025-07-22T09:12:33.946+0000] {processor.py:830} INFO - Processing file /home/airflow/.local/lib/python3.12/site-packages/airflow/example_dags/example_external_task_marker_dag.py for tasks to queue
[2025-07-22T09:12:33.950+0000] {logging_mixin.py:188} INFO - [2025-07-22T09:12:33.949+0000] {dagbag.py:545} INFO - Filling up the DagBag from /home/airflow/.local/lib/python3.12/site-packages/airflow/example_dags/example_external_task_marker_dag.py
[2025-07-22T09:12:33.962+0000] {processor.py:840} INFO - DAG(s) 'example_external_task_marker_child', 'example_external_task_marker_parent' retrieved from /home/airflow/.local/lib/python3.12/site-packages/airflow/example_dags/example_external_task_marker_dag.py
[2025-07-22T09:12:34.007+0000] {logging_mixin.py:188} INFO - [2025-07-22T09:12:34.006+0000] {dag.py:3096} INFO - Sync 2 DAGs
[2025-07-22T09:12:34.060+0000] {logging_mixin.py:188} INFO - [2025-07-22T09:12:34.060+0000] {dag.py:3954} INFO - Setting next_dagrun for example_external_task_marker_child to None, run_after=None
[2025-07-22T09:12:34.070+0000] {logging_mixin.py:188} INFO - [2025-07-22T09:12:34.070+0000] {dag.py:3954} INFO - Setting next_dagrun for example_external_task_marker_parent to None, run_after=None
[2025-07-22T09:12:34.104+0000] {processor.py:183} INFO - Processing /home/airflow/.local/lib/python3.12/site-packages/airflow/example_dags/example_external_task_marker_dag.py took 0.171 seconds
[2025-07-22T09:13:04.945+0000] {processor.py:161} INFO - Started process (PID=2554) to work on /home/airflow/.local/lib/python3.12/site-packages/airflow/example_dags/example_external_task_marker_dag.py
[2025-07-22T09:13:04.946+0000] {processor.py:830} INFO - Processing file /home/airflow/.local/lib/python3.12/site-packages/airflow/example_dags/example_external_task_marker_dag.py for tasks to queue
[2025-07-22T09:13:04.949+0000] {logging_mixin.py:188} INFO - [2025-07-22T09:13:04.948+0000] {dagbag.py:545} INFO - Filling up the DagBag from /home/airflow/.local/lib/python3.12/site-packages/airflow/example_dags/example_external_task_marker_dag.py
[2025-07-22T09:13:04.957+0000] {processor.py:840} INFO - DAG(s) 'example_external_task_marker_parent', 'example_external_task_marker_child' retrieved from /home/airflow/.local/lib/python3.12/site-packages/airflow/example_dags/example_external_task_marker_dag.py
[2025-07-22T09:13:04.992+0000] {logging_mixin.py:188} INFO - [2025-07-22T09:13:04.991+0000] {dag.py:3096} INFO - Sync 2 DAGs
[2025-07-22T09:13:05.012+0000] {logging_mixin.py:188} INFO - [2025-07-22T09:13:05.012+0000] {dag.py:3954} INFO - Setting next_dagrun for example_external_task_marker_child to None, run_after=None
[2025-07-22T09:13:05.018+0000] {logging_mixin.py:188} INFO - [2025-07-22T09:13:05.017+0000] {dag.py:3954} INFO - Setting next_dagrun for example_external_task_marker_parent to None, run_after=None
[2025-07-22T09:13:05.048+0000] {processor.py:183} INFO - Processing /home/airflow/.local/lib/python3.12/site-packages/airflow/example_dags/example_external_task_marker_dag.py took 0.112 seconds
[2025-07-22T09:13:35.274+0000] {processor.py:161} INFO - Started process (PID=2614) to work on /home/airflow/.local/lib/python3.12/site-packages/airflow/example_dags/example_external_task_marker_dag.py
[2025-07-22T09:13:35.275+0000] {processor.py:830} INFO - Processing file /home/airflow/.local/lib/python3.12/site-packages/airflow/example_dags/example_external_task_marker_dag.py for tasks to queue
[2025-07-22T09:13:35.278+0000] {logging_mixin.py:188} INFO - [2025-07-22T09:13:35.277+0000] {dagbag.py:545} INFO - Filling up the DagBag from /home/airflow/.local/lib/python3.12/site-packages/airflow/example_dags/example_external_task_marker_dag.py
[2025-07-22T09:13:35.288+0000] {processor.py:840} INFO - DAG(s) 'example_external_task_marker_parent', 'example_external_task_marker_child' retrieved from /home/airflow/.local/lib/python3.12/site-packages/airflow/example_dags/example_external_task_marker_dag.py
[2025-07-22T09:13:35.321+0000] {logging_mixin.py:188} INFO - [2025-07-22T09:13:35.321+0000] {dag.py:3096} INFO - Sync 2 DAGs
[2025-07-22T09:13:35.339+0000] {logging_mixin.py:188} INFO - [2025-07-22T09:13:35.339+0000] {dag.py:3954} INFO - Setting next_dagrun for example_external_task_marker_child to None, run_after=None
[2025-07-22T09:13:35.345+0000] {logging_mixin.py:188} INFO - [2025-07-22T09:13:35.344+0000] {dag.py:3954} INFO - Setting next_dagrun for example_external_task_marker_parent to None, run_after=None
[2025-07-22T09:13:35.369+0000] {processor.py:183} INFO - Processing /home/airflow/.local/lib/python3.12/site-packages/airflow/example_dags/example_external_task_marker_dag.py took 0.103 seconds
[2025-07-22T09:14:05.497+0000] {processor.py:161} INFO - Started process (PID=2675) to work on /home/airflow/.local/lib/python3.12/site-packages/airflow/example_dags/example_external_task_marker_dag.py
[2025-07-22T09:14:05.498+0000] {processor.py:830} INFO - Processing file /home/airflow/.local/lib/python3.12/site-packages/airflow/example_dags/example_external_task_marker_dag.py for tasks to queue
[2025-07-22T09:14:05.501+0000] {logging_mixin.py:188} INFO - [2025-07-22T09:14:05.500+0000] {dagbag.py:545} INFO - Filling up the DagBag from /home/airflow/.local/lib/python3.12/site-packages/airflow/example_dags/example_external_task_marker_dag.py
[2025-07-22T09:14:05.509+0000] {processor.py:840} INFO - DAG(s) 'example_external_task_marker_child', 'example_external_task_marker_parent' retrieved from /home/airflow/.local/lib/python3.12/site-packages/airflow/example_dags/example_external_task_marker_dag.py
[2025-07-22T09:14:05.536+0000] {logging_mixin.py:188} INFO - [2025-07-22T09:14:05.535+0000] {dag.py:3096} INFO - Sync 2 DAGs
[2025-07-22T09:14:05.551+0000] {logging_mixin.py:188} INFO - [2025-07-22T09:14:05.551+0000] {dag.py:3954} INFO - Setting next_dagrun for example_external_task_marker_child to None, run_after=None
[2025-07-22T09:14:05.556+0000] {logging_mixin.py:188} INFO - [2025-07-22T09:14:05.556+0000] {dag.py:3954} INFO - Setting next_dagrun for example_external_task_marker_parent to None, run_after=None
[2025-07-22T09:14:05.578+0000] {processor.py:183} INFO - Processing /home/airflow/.local/lib/python3.12/site-packages/airflow/example_dags/example_external_task_marker_dag.py took 0.088 seconds
[2025-07-22T09:14:36.331+0000] {processor.py:161} INFO - Started process (PID=2735) to work on /home/airflow/.local/lib/python3.12/site-packages/airflow/example_dags/example_external_task_marker_dag.py
[2025-07-22T09:14:36.332+0000] {processor.py:830} INFO - Processing file /home/airflow/.local/lib/python3.12/site-packages/airflow/example_dags/example_external_task_marker_dag.py for tasks to queue
[2025-07-22T09:14:36.335+0000] {logging_mixin.py:188} INFO - [2025-07-22T09:14:36.334+0000] {dagbag.py:545} INFO - Filling up the DagBag from /home/airflow/.local/lib/python3.12/site-packages/airflow/example_dags/example_external_task_marker_dag.py
[2025-07-22T09:14:36.343+0000] {processor.py:840} INFO - DAG(s) 'example_external_task_marker_parent', 'example_external_task_marker_child' retrieved from /home/airflow/.local/lib/python3.12/site-packages/airflow/example_dags/example_external_task_marker_dag.py
[2025-07-22T09:14:36.370+0000] {logging_mixin.py:188} INFO - [2025-07-22T09:14:36.369+0000] {dag.py:3096} INFO - Sync 2 DAGs
[2025-07-22T09:14:36.384+0000] {logging_mixin.py:188} INFO - [2025-07-22T09:14:36.384+0000] {dag.py:3954} INFO - Setting next_dagrun for example_external_task_marker_child to None, run_after=None
[2025-07-22T09:14:36.389+0000] {logging_mixin.py:188} INFO - [2025-07-22T09:14:36.389+0000] {dag.py:3954} INFO - Setting next_dagrun for example_external_task_marker_parent to None, run_after=None
[2025-07-22T09:14:36.409+0000] {processor.py:183} INFO - Processing /home/airflow/.local/lib/python3.12/site-packages/airflow/example_dags/example_external_task_marker_dag.py took 0.085 seconds
[2025-07-22T09:15:06.803+0000] {processor.py:161} INFO - Started process (PID=2795) to work on /home/airflow/.local/lib/python3.12/site-packages/airflow/example_dags/example_external_task_marker_dag.py
[2025-07-22T09:15:06.805+0000] {processor.py:830} INFO - Processing file /home/airflow/.local/lib/python3.12/site-packages/airflow/example_dags/example_external_task_marker_dag.py for tasks to queue
[2025-07-22T09:15:06.809+0000] {logging_mixin.py:188} INFO - [2025-07-22T09:15:06.808+0000] {dagbag.py:545} INFO - Filling up the DagBag from /home/airflow/.local/lib/python3.12/site-packages/airflow/example_dags/example_external_task_marker_dag.py
[2025-07-22T09:15:06.817+0000] {processor.py:840} INFO - DAG(s) 'example_external_task_marker_parent', 'example_external_task_marker_child' retrieved from /home/airflow/.local/lib/python3.12/site-packages/airflow/example_dags/example_external_task_marker_dag.py
[2025-07-22T09:15:06.851+0000] {logging_mixin.py:188} INFO - [2025-07-22T09:15:06.850+0000] {dag.py:3096} INFO - Sync 2 DAGs
[2025-07-22T09:15:06.868+0000] {logging_mixin.py:188} INFO - [2025-07-22T09:15:06.868+0000] {dag.py:3954} INFO - Setting next_dagrun for example_external_task_marker_child to None, run_after=None
[2025-07-22T09:15:06.875+0000] {logging_mixin.py:188} INFO - [2025-07-22T09:15:06.875+0000] {dag.py:3954} INFO - Setting next_dagrun for example_external_task_marker_parent to None, run_after=None
[2025-07-22T09:15:06.905+0000] {processor.py:183} INFO - Processing /home/airflow/.local/lib/python3.12/site-packages/airflow/example_dags/example_external_task_marker_dag.py took 0.111 seconds
[2025-07-22T09:15:37.139+0000] {processor.py:161} INFO - Started process (PID=2855) to work on /home/airflow/.local/lib/python3.12/site-packages/airflow/example_dags/example_external_task_marker_dag.py
[2025-07-22T09:15:37.141+0000] {processor.py:830} INFO - Processing file /home/airflow/.local/lib/python3.12/site-packages/airflow/example_dags/example_external_task_marker_dag.py for tasks to queue
[2025-07-22T09:15:37.143+0000] {logging_mixin.py:188} INFO - [2025-07-22T09:15:37.143+0000] {dagbag.py:545} INFO - Filling up the DagBag from /home/airflow/.local/lib/python3.12/site-packages/airflow/example_dags/example_external_task_marker_dag.py
[2025-07-22T09:15:37.150+0000] {processor.py:840} INFO - DAG(s) 'example_external_task_marker_child', 'example_external_task_marker_parent' retrieved from /home/airflow/.local/lib/python3.12/site-packages/airflow/example_dags/example_external_task_marker_dag.py
[2025-07-22T09:15:37.177+0000] {logging_mixin.py:188} INFO - [2025-07-22T09:15:37.176+0000] {dag.py:3096} INFO - Sync 2 DAGs
[2025-07-22T09:15:37.193+0000] {logging_mixin.py:188} INFO - [2025-07-22T09:15:37.193+0000] {dag.py:3954} INFO - Setting next_dagrun for example_external_task_marker_child to None, run_after=None
[2025-07-22T09:15:37.198+0000] {logging_mixin.py:188} INFO - [2025-07-22T09:15:37.198+0000] {dag.py:3954} INFO - Setting next_dagrun for example_external_task_marker_parent to None, run_after=None
[2025-07-22T09:15:37.220+0000] {processor.py:183} INFO - Processing /home/airflow/.local/lib/python3.12/site-packages/airflow/example_dags/example_external_task_marker_dag.py took 0.088 seconds
[2025-07-22T09:16:07.482+0000] {processor.py:161} INFO - Started process (PID=2915) to work on /home/airflow/.local/lib/python3.12/site-packages/airflow/example_dags/example_external_task_marker_dag.py
[2025-07-22T09:16:07.484+0000] {processor.py:830} INFO - Processing file /home/airflow/.local/lib/python3.12/site-packages/airflow/example_dags/example_external_task_marker_dag.py for tasks to queue
[2025-07-22T09:16:07.486+0000] {logging_mixin.py:188} INFO - [2025-07-22T09:16:07.486+0000] {dagbag.py:545} INFO - Filling up the DagBag from /home/airflow/.local/lib/python3.12/site-packages/airflow/example_dags/example_external_task_marker_dag.py
[2025-07-22T09:16:07.493+0000] {processor.py:840} INFO - DAG(s) 'example_external_task_marker_child', 'example_external_task_marker_parent' retrieved from /home/airflow/.local/lib/python3.12/site-packages/airflow/example_dags/example_external_task_marker_dag.py
[2025-07-22T09:16:07.521+0000] {logging_mixin.py:188} INFO - [2025-07-22T09:16:07.521+0000] {dag.py:3096} INFO - Sync 2 DAGs
[2025-07-22T09:16:07.537+0000] {logging_mixin.py:188} INFO - [2025-07-22T09:16:07.537+0000] {dag.py:3954} INFO - Setting next_dagrun for example_external_task_marker_child to None, run_after=None
[2025-07-22T09:16:07.542+0000] {logging_mixin.py:188} INFO - [2025-07-22T09:16:07.542+0000] {dag.py:3954} INFO - Setting next_dagrun for example_external_task_marker_parent to None, run_after=None
[2025-07-22T09:16:07.563+0000] {processor.py:183} INFO - Processing /home/airflow/.local/lib/python3.12/site-packages/airflow/example_dags/example_external_task_marker_dag.py took 0.088 seconds
[2025-07-22T09:16:38.707+0000] {processor.py:161} INFO - Started process (PID=2975) to work on /home/airflow/.local/lib/python3.12/site-packages/airflow/example_dags/example_external_task_marker_dag.py
[2025-07-22T09:16:38.709+0000] {processor.py:830} INFO - Processing file /home/airflow/.local/lib/python3.12/site-packages/airflow/example_dags/example_external_task_marker_dag.py for tasks to queue
[2025-07-22T09:16:38.711+0000] {logging_mixin.py:188} INFO - [2025-07-22T09:16:38.711+0000] {dagbag.py:545} INFO - Filling up the DagBag from /home/airflow/.local/lib/python3.12/site-packages/airflow/example_dags/example_external_task_marker_dag.py
[2025-07-22T09:16:38.720+0000] {processor.py:840} INFO - DAG(s) 'example_external_task_marker_parent', 'example_external_task_marker_child' retrieved from /home/airflow/.local/lib/python3.12/site-packages/airflow/example_dags/example_external_task_marker_dag.py
[2025-07-22T09:16:38.751+0000] {logging_mixin.py:188} INFO - [2025-07-22T09:16:38.750+0000] {dag.py:3096} INFO - Sync 2 DAGs
[2025-07-22T09:16:38.768+0000] {logging_mixin.py:188} INFO - [2025-07-22T09:16:38.768+0000] {dag.py:3954} INFO - Setting next_dagrun for example_external_task_marker_child to None, run_after=None
[2025-07-22T09:16:38.773+0000] {logging_mixin.py:188} INFO - [2025-07-22T09:16:38.773+0000] {dag.py:3954} INFO - Setting next_dagrun for example_external_task_marker_parent to None, run_after=None
[2025-07-22T09:16:38.798+0000] {processor.py:183} INFO - Processing /home/airflow/.local/lib/python3.12/site-packages/airflow/example_dags/example_external_task_marker_dag.py took 0.100 seconds
[2025-07-22T09:17:09.340+0000] {processor.py:161} INFO - Started process (PID=3035) to work on /home/airflow/.local/lib/python3.12/site-packages/airflow/example_dags/example_external_task_marker_dag.py
[2025-07-22T09:17:09.342+0000] {processor.py:830} INFO - Processing file /home/airflow/.local/lib/python3.12/site-packages/airflow/example_dags/example_external_task_marker_dag.py for tasks to queue
[2025-07-22T09:17:09.344+0000] {logging_mixin.py:188} INFO - [2025-07-22T09:17:09.344+0000] {dagbag.py:545} INFO - Filling up the DagBag from /home/airflow/.local/lib/python3.12/site-packages/airflow/example_dags/example_external_task_marker_dag.py
[2025-07-22T09:17:09.353+0000] {processor.py:840} INFO - DAG(s) 'example_external_task_marker_parent', 'example_external_task_marker_child' retrieved from /home/airflow/.local/lib/python3.12/site-packages/airflow/example_dags/example_external_task_marker_dag.py
[2025-07-22T09:17:09.389+0000] {logging_mixin.py:188} INFO - [2025-07-22T09:17:09.388+0000] {dag.py:3096} INFO - Sync 2 DAGs
[2025-07-22T09:17:09.412+0000] {logging_mixin.py:188} INFO - [2025-07-22T09:17:09.411+0000] {dag.py:3954} INFO - Setting next_dagrun for example_external_task_marker_child to None, run_after=None
[2025-07-22T09:17:09.421+0000] {logging_mixin.py:188} INFO - [2025-07-22T09:17:09.420+0000] {dag.py:3954} INFO - Setting next_dagrun for example_external_task_marker_parent to None, run_after=None
[2025-07-22T09:17:09.446+0000] {processor.py:183} INFO - Processing /home/airflow/.local/lib/python3.12/site-packages/airflow/example_dags/example_external_task_marker_dag.py took 0.116 seconds
[2025-07-22T09:17:39.627+0000] {processor.py:161} INFO - Started process (PID=3095) to work on /home/airflow/.local/lib/python3.12/site-packages/airflow/example_dags/example_external_task_marker_dag.py
[2025-07-22T09:17:39.629+0000] {processor.py:830} INFO - Processing file /home/airflow/.local/lib/python3.12/site-packages/airflow/example_dags/example_external_task_marker_dag.py for tasks to queue
[2025-07-22T09:17:39.631+0000] {logging_mixin.py:188} INFO - [2025-07-22T09:17:39.631+0000] {dagbag.py:545} INFO - Filling up the DagBag from /home/airflow/.local/lib/python3.12/site-packages/airflow/example_dags/example_external_task_marker_dag.py
[2025-07-22T09:17:39.641+0000] {processor.py:840} INFO - DAG(s) 'example_external_task_marker_child', 'example_external_task_marker_parent' retrieved from /home/airflow/.local/lib/python3.12/site-packages/airflow/example_dags/example_external_task_marker_dag.py
[2025-07-22T09:17:39.677+0000] {logging_mixin.py:188} INFO - [2025-07-22T09:17:39.677+0000] {dag.py:3096} INFO - Sync 2 DAGs
[2025-07-22T09:17:39.696+0000] {logging_mixin.py:188} INFO - [2025-07-22T09:17:39.696+0000] {dag.py:3954} INFO - Setting next_dagrun for example_external_task_marker_child to None, run_after=None
[2025-07-22T09:17:39.702+0000] {logging_mixin.py:188} INFO - [2025-07-22T09:17:39.702+0000] {dag.py:3954} INFO - Setting next_dagrun for example_external_task_marker_parent to None, run_after=None
[2025-07-22T09:17:39.727+0000] {processor.py:183} INFO - Processing /home/airflow/.local/lib/python3.12/site-packages/airflow/example_dags/example_external_task_marker_dag.py took 0.108 seconds
[2025-07-22T09:18:10.122+0000] {processor.py:161} INFO - Started process (PID=3153) to work on /home/airflow/.local/lib/python3.12/site-packages/airflow/example_dags/example_external_task_marker_dag.py
[2025-07-22T09:18:10.123+0000] {processor.py:830} INFO - Processing file /home/airflow/.local/lib/python3.12/site-packages/airflow/example_dags/example_external_task_marker_dag.py for tasks to queue
[2025-07-22T09:18:10.125+0000] {logging_mixin.py:188} INFO - [2025-07-22T09:18:10.125+0000] {dagbag.py:545} INFO - Filling up the DagBag from /home/airflow/.local/lib/python3.12/site-packages/airflow/example_dags/example_external_task_marker_dag.py
[2025-07-22T09:18:10.132+0000] {processor.py:840} INFO - DAG(s) 'example_external_task_marker_child', 'example_external_task_marker_parent' retrieved from /home/airflow/.local/lib/python3.12/site-packages/airflow/example_dags/example_external_task_marker_dag.py
[2025-07-22T09:18:10.181+0000] {logging_mixin.py:188} INFO - [2025-07-22T09:18:10.181+0000] {dag.py:3096} INFO - Sync 2 DAGs
[2025-07-22T09:18:10.202+0000] {logging_mixin.py:188} INFO - [2025-07-22T09:18:10.201+0000] {dag.py:3954} INFO - Setting next_dagrun for example_external_task_marker_child to None, run_after=None
[2025-07-22T09:18:10.208+0000] {logging_mixin.py:188} INFO - [2025-07-22T09:18:10.207+0000] {dag.py:3954} INFO - Setting next_dagrun for example_external_task_marker_parent to None, run_after=None
[2025-07-22T09:18:10.235+0000] {processor.py:183} INFO - Processing /home/airflow/.local/lib/python3.12/site-packages/airflow/example_dags/example_external_task_marker_dag.py took 0.121 seconds
[2025-07-22T09:18:40.991+0000] {processor.py:161} INFO - Started process (PID=3213) to work on /home/airflow/.local/lib/python3.12/site-packages/airflow/example_dags/example_external_task_marker_dag.py
[2025-07-22T09:18:40.993+0000] {processor.py:830} INFO - Processing file /home/airflow/.local/lib/python3.12/site-packages/airflow/example_dags/example_external_task_marker_dag.py for tasks to queue
[2025-07-22T09:18:40.996+0000] {logging_mixin.py:188} INFO - [2025-07-22T09:18:40.995+0000] {dagbag.py:545} INFO - Filling up the DagBag from /home/airflow/.local/lib/python3.12/site-packages/airflow/example_dags/example_external_task_marker_dag.py
[2025-07-22T09:18:41.005+0000] {processor.py:840} INFO - DAG(s) 'example_external_task_marker_parent', 'example_external_task_marker_child' retrieved from /home/airflow/.local/lib/python3.12/site-packages/airflow/example_dags/example_external_task_marker_dag.py
[2025-07-22T09:18:41.044+0000] {logging_mixin.py:188} INFO - [2025-07-22T09:18:41.044+0000] {dag.py:3096} INFO - Sync 2 DAGs
[2025-07-22T09:18:41.070+0000] {logging_mixin.py:188} INFO - [2025-07-22T09:18:41.070+0000] {dag.py:3954} INFO - Setting next_dagrun for example_external_task_marker_child to None, run_after=None
[2025-07-22T09:18:41.079+0000] {logging_mixin.py:188} INFO - [2025-07-22T09:18:41.078+0000] {dag.py:3954} INFO - Setting next_dagrun for example_external_task_marker_parent to None, run_after=None
[2025-07-22T09:18:41.106+0000] {processor.py:183} INFO - Processing /home/airflow/.local/lib/python3.12/site-packages/airflow/example_dags/example_external_task_marker_dag.py took 0.124 seconds
[2025-07-22T09:19:11.527+0000] {processor.py:161} INFO - Started process (PID=3273) to work on /home/airflow/.local/lib/python3.12/site-packages/airflow/example_dags/example_external_task_marker_dag.py
[2025-07-22T09:19:11.528+0000] {processor.py:830} INFO - Processing file /home/airflow/.local/lib/python3.12/site-packages/airflow/example_dags/example_external_task_marker_dag.py for tasks to queue
[2025-07-22T09:19:11.531+0000] {logging_mixin.py:188} INFO - [2025-07-22T09:19:11.530+0000] {dagbag.py:545} INFO - Filling up the DagBag from /home/airflow/.local/lib/python3.12/site-packages/airflow/example_dags/example_external_task_marker_dag.py
[2025-07-22T09:19:11.537+0000] {processor.py:840} INFO - DAG(s) 'example_external_task_marker_child', 'example_external_task_marker_parent' retrieved from /home/airflow/.local/lib/python3.12/site-packages/airflow/example_dags/example_external_task_marker_dag.py
[2025-07-22T09:19:11.563+0000] {logging_mixin.py:188} INFO - [2025-07-22T09:19:11.563+0000] {dag.py:3096} INFO - Sync 2 DAGs
[2025-07-22T09:19:11.578+0000] {logging_mixin.py:188} INFO - [2025-07-22T09:19:11.578+0000] {dag.py:3954} INFO - Setting next_dagrun for example_external_task_marker_child to None, run_after=None
[2025-07-22T09:19:11.583+0000] {logging_mixin.py:188} INFO - [2025-07-22T09:19:11.583+0000] {dag.py:3954} INFO - Setting next_dagrun for example_external_task_marker_parent to None, run_after=None
[2025-07-22T09:19:11.602+0000] {processor.py:183} INFO - Processing /home/airflow/.local/lib/python3.12/site-packages/airflow/example_dags/example_external_task_marker_dag.py took 0.082 seconds
[2025-07-22T09:19:41.836+0000] {processor.py:161} INFO - Started process (PID=3333) to work on /home/airflow/.local/lib/python3.12/site-packages/airflow/example_dags/example_external_task_marker_dag.py
[2025-07-22T09:19:41.838+0000] {processor.py:830} INFO - Processing file /home/airflow/.local/lib/python3.12/site-packages/airflow/example_dags/example_external_task_marker_dag.py for tasks to queue
[2025-07-22T09:19:41.843+0000] {logging_mixin.py:188} INFO - [2025-07-22T09:19:41.843+0000] {dagbag.py:545} INFO - Filling up the DagBag from /home/airflow/.local/lib/python3.12/site-packages/airflow/example_dags/example_external_task_marker_dag.py
[2025-07-22T09:19:41.861+0000] {processor.py:840} INFO - DAG(s) 'example_external_task_marker_child', 'example_external_task_marker_parent' retrieved from /home/airflow/.local/lib/python3.12/site-packages/airflow/example_dags/example_external_task_marker_dag.py
[2025-07-22T09:19:41.919+0000] {logging_mixin.py:188} INFO - [2025-07-22T09:19:41.918+0000] {dag.py:3096} INFO - Sync 2 DAGs
[2025-07-22T09:19:41.943+0000] {logging_mixin.py:188} INFO - [2025-07-22T09:19:41.943+0000] {dag.py:3954} INFO - Setting next_dagrun for example_external_task_marker_child to None, run_after=None
[2025-07-22T09:19:41.952+0000] {logging_mixin.py:188} INFO - [2025-07-22T09:19:41.952+0000] {dag.py:3954} INFO - Setting next_dagrun for example_external_task_marker_parent to None, run_after=None
[2025-07-22T09:19:41.990+0000] {processor.py:183} INFO - Processing /home/airflow/.local/lib/python3.12/site-packages/airflow/example_dags/example_external_task_marker_dag.py took 0.169 seconds
[2025-07-22T09:20:12.107+0000] {processor.py:161} INFO - Started process (PID=3393) to work on /home/airflow/.local/lib/python3.12/site-packages/airflow/example_dags/example_external_task_marker_dag.py
[2025-07-22T09:20:12.109+0000] {processor.py:830} INFO - Processing file /home/airflow/.local/lib/python3.12/site-packages/airflow/example_dags/example_external_task_marker_dag.py for tasks to queue
[2025-07-22T09:20:12.113+0000] {logging_mixin.py:188} INFO - [2025-07-22T09:20:12.112+0000] {dagbag.py:545} INFO - Filling up the DagBag from /home/airflow/.local/lib/python3.12/site-packages/airflow/example_dags/example_external_task_marker_dag.py
[2025-07-22T09:20:12.123+0000] {processor.py:840} INFO - DAG(s) 'example_external_task_marker_child', 'example_external_task_marker_parent' retrieved from /home/airflow/.local/lib/python3.12/site-packages/airflow/example_dags/example_external_task_marker_dag.py
[2025-07-22T09:20:12.171+0000] {logging_mixin.py:188} INFO - [2025-07-22T09:20:12.170+0000] {dag.py:3096} INFO - Sync 2 DAGs
[2025-07-22T09:20:12.193+0000] {logging_mixin.py:188} INFO - [2025-07-22T09:20:12.193+0000] {dag.py:3954} INFO - Setting next_dagrun for example_external_task_marker_child to None, run_after=None
[2025-07-22T09:20:12.201+0000] {logging_mixin.py:188} INFO - [2025-07-22T09:20:12.201+0000] {dag.py:3954} INFO - Setting next_dagrun for example_external_task_marker_parent to None, run_after=None
[2025-07-22T09:20:12.226+0000] {processor.py:183} INFO - Processing /home/airflow/.local/lib/python3.12/site-packages/airflow/example_dags/example_external_task_marker_dag.py took 0.134 seconds
[2025-07-22T09:20:42.388+0000] {processor.py:161} INFO - Started process (PID=3453) to work on /home/airflow/.local/lib/python3.12/site-packages/airflow/example_dags/example_external_task_marker_dag.py
[2025-07-22T09:20:42.389+0000] {processor.py:830} INFO - Processing file /home/airflow/.local/lib/python3.12/site-packages/airflow/example_dags/example_external_task_marker_dag.py for tasks to queue
[2025-07-22T09:20:42.392+0000] {logging_mixin.py:188} INFO - [2025-07-22T09:20:42.392+0000] {dagbag.py:545} INFO - Filling up the DagBag from /home/airflow/.local/lib/python3.12/site-packages/airflow/example_dags/example_external_task_marker_dag.py
[2025-07-22T09:20:42.400+0000] {processor.py:840} INFO - DAG(s) 'example_external_task_marker_child', 'example_external_task_marker_parent' retrieved from /home/airflow/.local/lib/python3.12/site-packages/airflow/example_dags/example_external_task_marker_dag.py
[2025-07-22T09:20:42.428+0000] {logging_mixin.py:188} INFO - [2025-07-22T09:20:42.428+0000] {dag.py:3096} INFO - Sync 2 DAGs
[2025-07-22T09:20:42.443+0000] {logging_mixin.py:188} INFO - [2025-07-22T09:20:42.443+0000] {dag.py:3954} INFO - Setting next_dagrun for example_external_task_marker_child to None, run_after=None
[2025-07-22T09:20:42.448+0000] {logging_mixin.py:188} INFO - [2025-07-22T09:20:42.447+0000] {dag.py:3954} INFO - Setting next_dagrun for example_external_task_marker_parent to None, run_after=None
[2025-07-22T09:20:42.467+0000] {processor.py:183} INFO - Processing /home/airflow/.local/lib/python3.12/site-packages/airflow/example_dags/example_external_task_marker_dag.py took 0.087 seconds
[2025-07-22T09:21:12.684+0000] {processor.py:161} INFO - Started process (PID=3514) to work on /home/airflow/.local/lib/python3.12/site-packages/airflow/example_dags/example_external_task_marker_dag.py
[2025-07-22T09:21:12.685+0000] {processor.py:830} INFO - Processing file /home/airflow/.local/lib/python3.12/site-packages/airflow/example_dags/example_external_task_marker_dag.py for tasks to queue
[2025-07-22T09:21:12.688+0000] {logging_mixin.py:188} INFO - [2025-07-22T09:21:12.687+0000] {dagbag.py:545} INFO - Filling up the DagBag from /home/airflow/.local/lib/python3.12/site-packages/airflow/example_dags/example_external_task_marker_dag.py
[2025-07-22T09:21:12.694+0000] {processor.py:840} INFO - DAG(s) 'example_external_task_marker_parent', 'example_external_task_marker_child' retrieved from /home/airflow/.local/lib/python3.12/site-packages/airflow/example_dags/example_external_task_marker_dag.py
[2025-07-22T09:21:12.721+0000] {logging_mixin.py:188} INFO - [2025-07-22T09:21:12.721+0000] {dag.py:3096} INFO - Sync 2 DAGs
[2025-07-22T09:21:12.737+0000] {logging_mixin.py:188} INFO - [2025-07-22T09:21:12.737+0000] {dag.py:3954} INFO - Setting next_dagrun for example_external_task_marker_child to None, run_after=None
[2025-07-22T09:21:12.742+0000] {logging_mixin.py:188} INFO - [2025-07-22T09:21:12.742+0000] {dag.py:3954} INFO - Setting next_dagrun for example_external_task_marker_parent to None, run_after=None
[2025-07-22T09:21:12.762+0000] {processor.py:183} INFO - Processing /home/airflow/.local/lib/python3.12/site-packages/airflow/example_dags/example_external_task_marker_dag.py took 0.084 seconds
[2025-07-22T09:21:42.992+0000] {processor.py:161} INFO - Started process (PID=3574) to work on /home/airflow/.local/lib/python3.12/site-packages/airflow/example_dags/example_external_task_marker_dag.py
[2025-07-22T09:21:42.994+0000] {processor.py:830} INFO - Processing file /home/airflow/.local/lib/python3.12/site-packages/airflow/example_dags/example_external_task_marker_dag.py for tasks to queue
[2025-07-22T09:21:42.996+0000] {logging_mixin.py:188} INFO - [2025-07-22T09:21:42.995+0000] {dagbag.py:545} INFO - Filling up the DagBag from /home/airflow/.local/lib/python3.12/site-packages/airflow/example_dags/example_external_task_marker_dag.py
[2025-07-22T09:21:43.002+0000] {processor.py:840} INFO - DAG(s) 'example_external_task_marker_parent', 'example_external_task_marker_child' retrieved from /home/airflow/.local/lib/python3.12/site-packages/airflow/example_dags/example_external_task_marker_dag.py
[2025-07-22T09:21:43.030+0000] {logging_mixin.py:188} INFO - [2025-07-22T09:21:43.030+0000] {dag.py:3096} INFO - Sync 2 DAGs
[2025-07-22T09:21:43.051+0000] {logging_mixin.py:188} INFO - [2025-07-22T09:21:43.051+0000] {dag.py:3954} INFO - Setting next_dagrun for example_external_task_marker_child to None, run_after=None
[2025-07-22T09:21:43.056+0000] {logging_mixin.py:188} INFO - [2025-07-22T09:21:43.056+0000] {dag.py:3954} INFO - Setting next_dagrun for example_external_task_marker_parent to None, run_after=None
[2025-07-22T09:21:43.078+0000] {processor.py:183} INFO - Processing /home/airflow/.local/lib/python3.12/site-packages/airflow/example_dags/example_external_task_marker_dag.py took 0.093 seconds
[2025-07-22T09:22:13.223+0000] {processor.py:161} INFO - Started process (PID=3634) to work on /home/airflow/.local/lib/python3.12/site-packages/airflow/example_dags/example_external_task_marker_dag.py
[2025-07-22T09:22:13.225+0000] {processor.py:830} INFO - Processing file /home/airflow/.local/lib/python3.12/site-packages/airflow/example_dags/example_external_task_marker_dag.py for tasks to queue
[2025-07-22T09:22:13.227+0000] {logging_mixin.py:188} INFO - [2025-07-22T09:22:13.227+0000] {dagbag.py:545} INFO - Filling up the DagBag from /home/airflow/.local/lib/python3.12/site-packages/airflow/example_dags/example_external_task_marker_dag.py
[2025-07-22T09:22:13.235+0000] {processor.py:840} INFO - DAG(s) 'example_external_task_marker_child', 'example_external_task_marker_parent' retrieved from /home/airflow/.local/lib/python3.12/site-packages/airflow/example_dags/example_external_task_marker_dag.py
[2025-07-22T09:22:13.267+0000] {logging_mixin.py:188} INFO - [2025-07-22T09:22:13.267+0000] {dag.py:3096} INFO - Sync 2 DAGs
[2025-07-22T09:22:13.300+0000] {logging_mixin.py:188} INFO - [2025-07-22T09:22:13.299+0000] {dag.py:3954} INFO - Setting next_dagrun for example_external_task_marker_child to None, run_after=None
[2025-07-22T09:22:13.308+0000] {logging_mixin.py:188} INFO - [2025-07-22T09:22:13.308+0000] {dag.py:3954} INFO - Setting next_dagrun for example_external_task_marker_parent to None, run_after=None
[2025-07-22T09:22:13.339+0000] {processor.py:183} INFO - Processing /home/airflow/.local/lib/python3.12/site-packages/airflow/example_dags/example_external_task_marker_dag.py took 0.122 seconds
