[2025-07-22T08:52:09.546+0000] {processor.py:161} INFO - Started process (PID=98) to work on /home/airflow/.local/lib/python3.12/site-packages/airflow/example_dags/example_xcomargs.py
[2025-07-22T08:52:09.547+0000] {processor.py:830} INFO - Processing file /home/airflow/.local/lib/python3.12/site-packages/airflow/example_dags/example_xcomargs.py for tasks to queue
[2025-07-22T08:52:09.549+0000] {logging_mixin.py:188} INFO - [2025-07-22T08:52:09.549+0000] {dagbag.py:545} INFO - Filling up the DagBag from /home/airflow/.local/lib/python3.12/site-packages/airflow/example_dags/example_xcomargs.py
[2025-07-22T08:52:09.563+0000] {processor.py:840} INFO - DAG(s) 'example_xcom_args_with_operators', 'example_xcom_args' retrieved from /home/airflow/.local/lib/python3.12/site-packages/airflow/example_dags/example_xcomargs.py
[2025-07-22T08:52:09.743+0000] {logging_mixin.py:188} INFO - [2025-07-22T08:52:09.742+0000] {dag.py:3096} INFO - Sync 2 DAGs
[2025-07-22T08:52:09.758+0000] {logging_mixin.py:188} INFO - [2025-07-22T08:52:09.757+0000] {dag.py:3954} INFO - Setting next_dagrun for example_xcom_args to None, run_after=None
[2025-07-22T08:52:09.762+0000] {logging_mixin.py:188} INFO - [2025-07-22T08:52:09.761+0000] {dag.py:3954} INFO - Setting next_dagrun for example_xcom_args_with_operators to None, run_after=None
[2025-07-22T08:52:09.791+0000] {processor.py:183} INFO - Processing /home/airflow/.local/lib/python3.12/site-packages/airflow/example_dags/example_xcomargs.py took 0.253 seconds
[2025-07-22T08:52:39.965+0000] {processor.py:161} INFO - Started process (PID=156) to work on /home/airflow/.local/lib/python3.12/site-packages/airflow/example_dags/example_xcomargs.py
[2025-07-22T08:52:39.966+0000] {processor.py:830} INFO - Processing file /home/airflow/.local/lib/python3.12/site-packages/airflow/example_dags/example_xcomargs.py for tasks to queue
[2025-07-22T08:52:39.968+0000] {logging_mixin.py:188} INFO - [2025-07-22T08:52:39.968+0000] {dagbag.py:545} INFO - Filling up the DagBag from /home/airflow/.local/lib/python3.12/site-packages/airflow/example_dags/example_xcomargs.py
[2025-07-22T08:52:39.977+0000] {processor.py:840} INFO - DAG(s) 'example_xcom_args_with_operators', 'example_xcom_args' retrieved from /home/airflow/.local/lib/python3.12/site-packages/airflow/example_dags/example_xcomargs.py
[2025-07-22T08:52:40.010+0000] {logging_mixin.py:188} INFO - [2025-07-22T08:52:40.010+0000] {dag.py:3096} INFO - Sync 2 DAGs
[2025-07-22T08:52:40.031+0000] {logging_mixin.py:188} INFO - [2025-07-22T08:52:40.030+0000] {dag.py:3954} INFO - Setting next_dagrun for example_xcom_args to None, run_after=None
[2025-07-22T08:52:40.037+0000] {logging_mixin.py:188} INFO - [2025-07-22T08:52:40.036+0000] {dag.py:3954} INFO - Setting next_dagrun for example_xcom_args_with_operators to None, run_after=None
[2025-07-22T08:52:40.065+0000] {processor.py:183} INFO - Processing /home/airflow/.local/lib/python3.12/site-packages/airflow/example_dags/example_xcomargs.py took 0.106 seconds
[2025-07-22T08:53:10.698+0000] {processor.py:161} INFO - Started process (PID=213) to work on /home/airflow/.local/lib/python3.12/site-packages/airflow/example_dags/example_xcomargs.py
[2025-07-22T08:53:10.701+0000] {processor.py:830} INFO - Processing file /home/airflow/.local/lib/python3.12/site-packages/airflow/example_dags/example_xcomargs.py for tasks to queue
[2025-07-22T08:53:10.705+0000] {logging_mixin.py:188} INFO - [2025-07-22T08:53:10.705+0000] {dagbag.py:545} INFO - Filling up the DagBag from /home/airflow/.local/lib/python3.12/site-packages/airflow/example_dags/example_xcomargs.py
[2025-07-22T08:53:10.730+0000] {processor.py:840} INFO - DAG(s) 'example_xcom_args_with_operators', 'example_xcom_args' retrieved from /home/airflow/.local/lib/python3.12/site-packages/airflow/example_dags/example_xcomargs.py
[2025-07-22T08:53:10.803+0000] {logging_mixin.py:188} INFO - [2025-07-22T08:53:10.803+0000] {dag.py:3096} INFO - Sync 2 DAGs
[2025-07-22T08:53:10.838+0000] {logging_mixin.py:188} INFO - [2025-07-22T08:53:10.838+0000] {dag.py:3954} INFO - Setting next_dagrun for example_xcom_args to None, run_after=None
[2025-07-22T08:53:10.849+0000] {logging_mixin.py:188} INFO - [2025-07-22T08:53:10.849+0000] {dag.py:3954} INFO - Setting next_dagrun for example_xcom_args_with_operators to None, run_after=None
[2025-07-22T08:53:10.894+0000] {processor.py:183} INFO - Processing /home/airflow/.local/lib/python3.12/site-packages/airflow/example_dags/example_xcomargs.py took 0.212 seconds
[2025-07-22T08:53:41.971+0000] {processor.py:161} INFO - Started process (PID=272) to work on /home/airflow/.local/lib/python3.12/site-packages/airflow/example_dags/example_xcomargs.py
[2025-07-22T08:53:41.973+0000] {processor.py:830} INFO - Processing file /home/airflow/.local/lib/python3.12/site-packages/airflow/example_dags/example_xcomargs.py for tasks to queue
[2025-07-22T08:53:41.977+0000] {logging_mixin.py:188} INFO - [2025-07-22T08:53:41.976+0000] {dagbag.py:545} INFO - Filling up the DagBag from /home/airflow/.local/lib/python3.12/site-packages/airflow/example_dags/example_xcomargs.py
[2025-07-22T08:53:41.990+0000] {processor.py:840} INFO - DAG(s) 'example_xcom_args', 'example_xcom_args_with_operators' retrieved from /home/airflow/.local/lib/python3.12/site-packages/airflow/example_dags/example_xcomargs.py
[2025-07-22T08:53:42.040+0000] {logging_mixin.py:188} INFO - [2025-07-22T08:53:42.039+0000] {dag.py:3096} INFO - Sync 2 DAGs
[2025-07-22T08:53:42.105+0000] {logging_mixin.py:188} INFO - [2025-07-22T08:53:42.105+0000] {dag.py:3954} INFO - Setting next_dagrun for example_xcom_args to None, run_after=None
[2025-07-22T08:53:42.125+0000] {logging_mixin.py:188} INFO - [2025-07-22T08:53:42.125+0000] {dag.py:3954} INFO - Setting next_dagrun for example_xcom_args_with_operators to None, run_after=None
[2025-07-22T08:53:42.172+0000] {processor.py:183} INFO - Processing /home/airflow/.local/lib/python3.12/site-packages/airflow/example_dags/example_xcomargs.py took 0.212 seconds
[2025-07-22T08:54:12.299+0000] {processor.py:161} INFO - Started process (PID=329) to work on /home/airflow/.local/lib/python3.12/site-packages/airflow/example_dags/example_xcomargs.py
[2025-07-22T08:54:12.301+0000] {processor.py:830} INFO - Processing file /home/airflow/.local/lib/python3.12/site-packages/airflow/example_dags/example_xcomargs.py for tasks to queue
[2025-07-22T08:54:12.303+0000] {logging_mixin.py:188} INFO - [2025-07-22T08:54:12.303+0000] {dagbag.py:545} INFO - Filling up the DagBag from /home/airflow/.local/lib/python3.12/site-packages/airflow/example_dags/example_xcomargs.py
[2025-07-22T08:54:12.313+0000] {processor.py:840} INFO - DAG(s) 'example_xcom_args', 'example_xcom_args_with_operators' retrieved from /home/airflow/.local/lib/python3.12/site-packages/airflow/example_dags/example_xcomargs.py
[2025-07-22T08:54:12.343+0000] {logging_mixin.py:188} INFO - [2025-07-22T08:54:12.342+0000] {dag.py:3096} INFO - Sync 2 DAGs
[2025-07-22T08:54:12.359+0000] {logging_mixin.py:188} INFO - [2025-07-22T08:54:12.359+0000] {dag.py:3954} INFO - Setting next_dagrun for example_xcom_args to None, run_after=None
[2025-07-22T08:54:12.364+0000] {logging_mixin.py:188} INFO - [2025-07-22T08:54:12.364+0000] {dag.py:3954} INFO - Setting next_dagrun for example_xcom_args_with_operators to None, run_after=None
[2025-07-22T08:54:12.385+0000] {processor.py:183} INFO - Processing /home/airflow/.local/lib/python3.12/site-packages/airflow/example_dags/example_xcomargs.py took 0.093 seconds
[2025-07-22T08:54:42.676+0000] {processor.py:161} INFO - Started process (PID=387) to work on /home/airflow/.local/lib/python3.12/site-packages/airflow/example_dags/example_xcomargs.py
[2025-07-22T08:54:42.678+0000] {processor.py:830} INFO - Processing file /home/airflow/.local/lib/python3.12/site-packages/airflow/example_dags/example_xcomargs.py for tasks to queue
[2025-07-22T08:54:42.680+0000] {logging_mixin.py:188} INFO - [2025-07-22T08:54:42.680+0000] {dagbag.py:545} INFO - Filling up the DagBag from /home/airflow/.local/lib/python3.12/site-packages/airflow/example_dags/example_xcomargs.py
[2025-07-22T08:54:42.690+0000] {processor.py:840} INFO - DAG(s) 'example_xcom_args', 'example_xcom_args_with_operators' retrieved from /home/airflow/.local/lib/python3.12/site-packages/airflow/example_dags/example_xcomargs.py
[2025-07-22T08:54:42.718+0000] {logging_mixin.py:188} INFO - [2025-07-22T08:54:42.718+0000] {dag.py:3096} INFO - Sync 2 DAGs
[2025-07-22T08:54:42.734+0000] {logging_mixin.py:188} INFO - [2025-07-22T08:54:42.734+0000] {dag.py:3954} INFO - Setting next_dagrun for example_xcom_args to None, run_after=None
[2025-07-22T08:54:42.739+0000] {logging_mixin.py:188} INFO - [2025-07-22T08:54:42.739+0000] {dag.py:3954} INFO - Setting next_dagrun for example_xcom_args_with_operators to None, run_after=None
[2025-07-22T08:54:42.762+0000] {processor.py:183} INFO - Processing /home/airflow/.local/lib/python3.12/site-packages/airflow/example_dags/example_xcomargs.py took 0.093 seconds
[2025-07-22T08:55:13.421+0000] {processor.py:161} INFO - Started process (PID=446) to work on /home/airflow/.local/lib/python3.12/site-packages/airflow/example_dags/example_xcomargs.py
[2025-07-22T08:55:13.424+0000] {processor.py:830} INFO - Processing file /home/airflow/.local/lib/python3.12/site-packages/airflow/example_dags/example_xcomargs.py for tasks to queue
[2025-07-22T08:55:13.429+0000] {logging_mixin.py:188} INFO - [2025-07-22T08:55:13.429+0000] {dagbag.py:545} INFO - Filling up the DagBag from /home/airflow/.local/lib/python3.12/site-packages/airflow/example_dags/example_xcomargs.py
[2025-07-22T08:55:13.448+0000] {processor.py:840} INFO - DAG(s) 'example_xcom_args', 'example_xcom_args_with_operators' retrieved from /home/airflow/.local/lib/python3.12/site-packages/airflow/example_dags/example_xcomargs.py
[2025-07-22T08:55:13.522+0000] {logging_mixin.py:188} INFO - [2025-07-22T08:55:13.521+0000] {dag.py:3096} INFO - Sync 2 DAGs
[2025-07-22T08:55:13.544+0000] {logging_mixin.py:188} INFO - [2025-07-22T08:55:13.544+0000] {dag.py:3954} INFO - Setting next_dagrun for example_xcom_args to None, run_after=None
[2025-07-22T08:55:13.550+0000] {logging_mixin.py:188} INFO - [2025-07-22T08:55:13.549+0000] {dag.py:3954} INFO - Setting next_dagrun for example_xcom_args_with_operators to None, run_after=None
[2025-07-22T08:55:13.570+0000] {processor.py:183} INFO - Processing /home/airflow/.local/lib/python3.12/site-packages/airflow/example_dags/example_xcomargs.py took 0.162 seconds
[2025-07-22T08:55:44.568+0000] {processor.py:161} INFO - Started process (PID=504) to work on /home/airflow/.local/lib/python3.12/site-packages/airflow/example_dags/example_xcomargs.py
[2025-07-22T08:55:44.571+0000] {processor.py:830} INFO - Processing file /home/airflow/.local/lib/python3.12/site-packages/airflow/example_dags/example_xcomargs.py for tasks to queue
[2025-07-22T08:55:44.573+0000] {logging_mixin.py:188} INFO - [2025-07-22T08:55:44.573+0000] {dagbag.py:545} INFO - Filling up the DagBag from /home/airflow/.local/lib/python3.12/site-packages/airflow/example_dags/example_xcomargs.py
[2025-07-22T08:55:44.583+0000] {processor.py:840} INFO - DAG(s) 'example_xcom_args_with_operators', 'example_xcom_args' retrieved from /home/airflow/.local/lib/python3.12/site-packages/airflow/example_dags/example_xcomargs.py
[2025-07-22T08:55:44.610+0000] {logging_mixin.py:188} INFO - [2025-07-22T08:55:44.609+0000] {dag.py:3096} INFO - Sync 2 DAGs
[2025-07-22T08:55:44.625+0000] {logging_mixin.py:188} INFO - [2025-07-22T08:55:44.625+0000] {dag.py:3954} INFO - Setting next_dagrun for example_xcom_args to None, run_after=None
[2025-07-22T08:55:44.630+0000] {logging_mixin.py:188} INFO - [2025-07-22T08:55:44.630+0000] {dag.py:3954} INFO - Setting next_dagrun for example_xcom_args_with_operators to None, run_after=None
[2025-07-22T08:55:44.653+0000] {processor.py:183} INFO - Processing /home/airflow/.local/lib/python3.12/site-packages/airflow/example_dags/example_xcomargs.py took 0.092 seconds
[2025-07-22T08:56:14.863+0000] {processor.py:161} INFO - Started process (PID=561) to work on /home/airflow/.local/lib/python3.12/site-packages/airflow/example_dags/example_xcomargs.py
[2025-07-22T08:56:14.865+0000] {processor.py:830} INFO - Processing file /home/airflow/.local/lib/python3.12/site-packages/airflow/example_dags/example_xcomargs.py for tasks to queue
[2025-07-22T08:56:14.867+0000] {logging_mixin.py:188} INFO - [2025-07-22T08:56:14.867+0000] {dagbag.py:545} INFO - Filling up the DagBag from /home/airflow/.local/lib/python3.12/site-packages/airflow/example_dags/example_xcomargs.py
[2025-07-22T08:56:14.876+0000] {processor.py:840} INFO - DAG(s) 'example_xcom_args', 'example_xcom_args_with_operators' retrieved from /home/airflow/.local/lib/python3.12/site-packages/airflow/example_dags/example_xcomargs.py
[2025-07-22T08:56:14.902+0000] {logging_mixin.py:188} INFO - [2025-07-22T08:56:14.902+0000] {dag.py:3096} INFO - Sync 2 DAGs
[2025-07-22T08:56:14.917+0000] {logging_mixin.py:188} INFO - [2025-07-22T08:56:14.917+0000] {dag.py:3954} INFO - Setting next_dagrun for example_xcom_args to None, run_after=None
[2025-07-22T08:56:14.921+0000] {logging_mixin.py:188} INFO - [2025-07-22T08:56:14.921+0000] {dag.py:3954} INFO - Setting next_dagrun for example_xcom_args_with_operators to None, run_after=None
[2025-07-22T08:56:14.941+0000] {processor.py:183} INFO - Processing /home/airflow/.local/lib/python3.12/site-packages/airflow/example_dags/example_xcomargs.py took 0.084 seconds
[2025-07-22T08:56:45.375+0000] {processor.py:161} INFO - Started process (PID=620) to work on /home/airflow/.local/lib/python3.12/site-packages/airflow/example_dags/example_xcomargs.py
[2025-07-22T08:56:45.376+0000] {processor.py:830} INFO - Processing file /home/airflow/.local/lib/python3.12/site-packages/airflow/example_dags/example_xcomargs.py for tasks to queue
[2025-07-22T08:56:45.379+0000] {logging_mixin.py:188} INFO - [2025-07-22T08:56:45.379+0000] {dagbag.py:545} INFO - Filling up the DagBag from /home/airflow/.local/lib/python3.12/site-packages/airflow/example_dags/example_xcomargs.py
[2025-07-22T08:56:45.389+0000] {processor.py:840} INFO - DAG(s) 'example_xcom_args_with_operators', 'example_xcom_args' retrieved from /home/airflow/.local/lib/python3.12/site-packages/airflow/example_dags/example_xcomargs.py
[2025-07-22T08:56:45.419+0000] {logging_mixin.py:188} INFO - [2025-07-22T08:56:45.419+0000] {dag.py:3096} INFO - Sync 2 DAGs
[2025-07-22T08:56:45.436+0000] {logging_mixin.py:188} INFO - [2025-07-22T08:56:45.435+0000] {dag.py:3954} INFO - Setting next_dagrun for example_xcom_args to None, run_after=None
[2025-07-22T08:56:45.441+0000] {logging_mixin.py:188} INFO - [2025-07-22T08:56:45.441+0000] {dag.py:3954} INFO - Setting next_dagrun for example_xcom_args_with_operators to None, run_after=None
[2025-07-22T08:56:45.467+0000] {processor.py:183} INFO - Processing /home/airflow/.local/lib/python3.12/site-packages/airflow/example_dags/example_xcomargs.py took 0.099 seconds
[2025-07-22T08:57:15.853+0000] {processor.py:161} INFO - Started process (PID=680) to work on /home/airflow/.local/lib/python3.12/site-packages/airflow/example_dags/example_xcomargs.py
[2025-07-22T08:57:15.855+0000] {processor.py:830} INFO - Processing file /home/airflow/.local/lib/python3.12/site-packages/airflow/example_dags/example_xcomargs.py for tasks to queue
[2025-07-22T08:57:15.857+0000] {logging_mixin.py:188} INFO - [2025-07-22T08:57:15.857+0000] {dagbag.py:545} INFO - Filling up the DagBag from /home/airflow/.local/lib/python3.12/site-packages/airflow/example_dags/example_xcomargs.py
[2025-07-22T08:57:15.867+0000] {processor.py:840} INFO - DAG(s) 'example_xcom_args_with_operators', 'example_xcom_args' retrieved from /home/airflow/.local/lib/python3.12/site-packages/airflow/example_dags/example_xcomargs.py
[2025-07-22T08:57:15.897+0000] {logging_mixin.py:188} INFO - [2025-07-22T08:57:15.897+0000] {dag.py:3096} INFO - Sync 2 DAGs
[2025-07-22T08:57:15.914+0000] {logging_mixin.py:188} INFO - [2025-07-22T08:57:15.914+0000] {dag.py:3954} INFO - Setting next_dagrun for example_xcom_args to None, run_after=None
[2025-07-22T08:57:15.919+0000] {logging_mixin.py:188} INFO - [2025-07-22T08:57:15.919+0000] {dag.py:3954} INFO - Setting next_dagrun for example_xcom_args_with_operators to None, run_after=None
[2025-07-22T08:57:15.945+0000] {processor.py:183} INFO - Processing /home/airflow/.local/lib/python3.12/site-packages/airflow/example_dags/example_xcomargs.py took 0.098 seconds
[2025-07-22T08:57:46.003+0000] {processor.py:161} INFO - Started process (PID=739) to work on /home/airflow/.local/lib/python3.12/site-packages/airflow/example_dags/example_xcomargs.py
[2025-07-22T08:57:46.004+0000] {processor.py:830} INFO - Processing file /home/airflow/.local/lib/python3.12/site-packages/airflow/example_dags/example_xcomargs.py for tasks to queue
[2025-07-22T08:57:46.007+0000] {logging_mixin.py:188} INFO - [2025-07-22T08:57:46.007+0000] {dagbag.py:545} INFO - Filling up the DagBag from /home/airflow/.local/lib/python3.12/site-packages/airflow/example_dags/example_xcomargs.py
[2025-07-22T08:57:46.019+0000] {processor.py:840} INFO - DAG(s) 'example_xcom_args', 'example_xcom_args_with_operators' retrieved from /home/airflow/.local/lib/python3.12/site-packages/airflow/example_dags/example_xcomargs.py
[2025-07-22T08:57:46.050+0000] {logging_mixin.py:188} INFO - [2025-07-22T08:57:46.050+0000] {dag.py:3096} INFO - Sync 2 DAGs
[2025-07-22T08:57:46.066+0000] {logging_mixin.py:188} INFO - [2025-07-22T08:57:46.066+0000] {dag.py:3954} INFO - Setting next_dagrun for example_xcom_args to None, run_after=None
[2025-07-22T08:57:46.071+0000] {logging_mixin.py:188} INFO - [2025-07-22T08:57:46.071+0000] {dag.py:3954} INFO - Setting next_dagrun for example_xcom_args_with_operators to None, run_after=None
[2025-07-22T08:57:46.102+0000] {processor.py:183} INFO - Processing /home/airflow/.local/lib/python3.12/site-packages/airflow/example_dags/example_xcomargs.py took 0.109 seconds
[2025-07-22T08:58:16.517+0000] {processor.py:161} INFO - Started process (PID=799) to work on /home/airflow/.local/lib/python3.12/site-packages/airflow/example_dags/example_xcomargs.py
[2025-07-22T08:58:16.519+0000] {processor.py:830} INFO - Processing file /home/airflow/.local/lib/python3.12/site-packages/airflow/example_dags/example_xcomargs.py for tasks to queue
[2025-07-22T08:58:16.521+0000] {logging_mixin.py:188} INFO - [2025-07-22T08:58:16.521+0000] {dagbag.py:545} INFO - Filling up the DagBag from /home/airflow/.local/lib/python3.12/site-packages/airflow/example_dags/example_xcomargs.py
[2025-07-22T08:58:16.531+0000] {processor.py:840} INFO - DAG(s) 'example_xcom_args_with_operators', 'example_xcom_args' retrieved from /home/airflow/.local/lib/python3.12/site-packages/airflow/example_dags/example_xcomargs.py
[2025-07-22T08:58:16.559+0000] {logging_mixin.py:188} INFO - [2025-07-22T08:58:16.558+0000] {dag.py:3096} INFO - Sync 2 DAGs
[2025-07-22T08:58:16.577+0000] {logging_mixin.py:188} INFO - [2025-07-22T08:58:16.576+0000] {dag.py:3954} INFO - Setting next_dagrun for example_xcom_args to None, run_after=None
[2025-07-22T08:58:16.582+0000] {logging_mixin.py:188} INFO - [2025-07-22T08:58:16.582+0000] {dag.py:3954} INFO - Setting next_dagrun for example_xcom_args_with_operators to None, run_after=None
[2025-07-22T08:58:16.604+0000] {processor.py:183} INFO - Processing /home/airflow/.local/lib/python3.12/site-packages/airflow/example_dags/example_xcomargs.py took 0.095 seconds
[2025-07-22T08:58:46.812+0000] {processor.py:161} INFO - Started process (PID=859) to work on /home/airflow/.local/lib/python3.12/site-packages/airflow/example_dags/example_xcomargs.py
[2025-07-22T08:58:46.814+0000] {processor.py:830} INFO - Processing file /home/airflow/.local/lib/python3.12/site-packages/airflow/example_dags/example_xcomargs.py for tasks to queue
[2025-07-22T08:58:46.817+0000] {logging_mixin.py:188} INFO - [2025-07-22T08:58:46.816+0000] {dagbag.py:545} INFO - Filling up the DagBag from /home/airflow/.local/lib/python3.12/site-packages/airflow/example_dags/example_xcomargs.py
[2025-07-22T08:58:46.832+0000] {processor.py:840} INFO - DAG(s) 'example_xcom_args_with_operators', 'example_xcom_args' retrieved from /home/airflow/.local/lib/python3.12/site-packages/airflow/example_dags/example_xcomargs.py
[2025-07-22T08:58:46.868+0000] {logging_mixin.py:188} INFO - [2025-07-22T08:58:46.868+0000] {dag.py:3096} INFO - Sync 2 DAGs
[2025-07-22T08:58:46.895+0000] {logging_mixin.py:188} INFO - [2025-07-22T08:58:46.895+0000] {dag.py:3954} INFO - Setting next_dagrun for example_xcom_args to None, run_after=None
[2025-07-22T08:58:46.900+0000] {logging_mixin.py:188} INFO - [2025-07-22T08:58:46.900+0000] {dag.py:3954} INFO - Setting next_dagrun for example_xcom_args_with_operators to None, run_after=None
[2025-07-22T08:58:46.921+0000] {processor.py:183} INFO - Processing /home/airflow/.local/lib/python3.12/site-packages/airflow/example_dags/example_xcomargs.py took 0.118 seconds
[2025-07-22T08:59:17.721+0000] {processor.py:161} INFO - Started process (PID=919) to work on /home/airflow/.local/lib/python3.12/site-packages/airflow/example_dags/example_xcomargs.py
[2025-07-22T08:59:17.722+0000] {processor.py:830} INFO - Processing file /home/airflow/.local/lib/python3.12/site-packages/airflow/example_dags/example_xcomargs.py for tasks to queue
[2025-07-22T08:59:17.725+0000] {logging_mixin.py:188} INFO - [2025-07-22T08:59:17.724+0000] {dagbag.py:545} INFO - Filling up the DagBag from /home/airflow/.local/lib/python3.12/site-packages/airflow/example_dags/example_xcomargs.py
[2025-07-22T08:59:17.733+0000] {processor.py:840} INFO - DAG(s) 'example_xcom_args_with_operators', 'example_xcom_args' retrieved from /home/airflow/.local/lib/python3.12/site-packages/airflow/example_dags/example_xcomargs.py
[2025-07-22T08:59:17.759+0000] {logging_mixin.py:188} INFO - [2025-07-22T08:59:17.758+0000] {dag.py:3096} INFO - Sync 2 DAGs
[2025-07-22T08:59:17.773+0000] {logging_mixin.py:188} INFO - [2025-07-22T08:59:17.773+0000] {dag.py:3954} INFO - Setting next_dagrun for example_xcom_args to None, run_after=None
[2025-07-22T08:59:17.778+0000] {logging_mixin.py:188} INFO - [2025-07-22T08:59:17.777+0000] {dag.py:3954} INFO - Setting next_dagrun for example_xcom_args_with_operators to None, run_after=None
[2025-07-22T08:59:17.796+0000] {processor.py:183} INFO - Processing /home/airflow/.local/lib/python3.12/site-packages/airflow/example_dags/example_xcomargs.py took 0.082 seconds
[2025-07-22T08:59:48.039+0000] {processor.py:161} INFO - Started process (PID=979) to work on /home/airflow/.local/lib/python3.12/site-packages/airflow/example_dags/example_xcomargs.py
[2025-07-22T08:59:48.041+0000] {processor.py:830} INFO - Processing file /home/airflow/.local/lib/python3.12/site-packages/airflow/example_dags/example_xcomargs.py for tasks to queue
[2025-07-22T08:59:48.043+0000] {logging_mixin.py:188} INFO - [2025-07-22T08:59:48.043+0000] {dagbag.py:545} INFO - Filling up the DagBag from /home/airflow/.local/lib/python3.12/site-packages/airflow/example_dags/example_xcomargs.py
[2025-07-22T08:59:48.055+0000] {processor.py:840} INFO - DAG(s) 'example_xcom_args', 'example_xcom_args_with_operators' retrieved from /home/airflow/.local/lib/python3.12/site-packages/airflow/example_dags/example_xcomargs.py
[2025-07-22T08:59:48.087+0000] {logging_mixin.py:188} INFO - [2025-07-22T08:59:48.087+0000] {dag.py:3096} INFO - Sync 2 DAGs
[2025-07-22T08:59:48.106+0000] {logging_mixin.py:188} INFO - [2025-07-22T08:59:48.106+0000] {dag.py:3954} INFO - Setting next_dagrun for example_xcom_args to None, run_after=None
[2025-07-22T08:59:48.113+0000] {logging_mixin.py:188} INFO - [2025-07-22T08:59:48.113+0000] {dag.py:3954} INFO - Setting next_dagrun for example_xcom_args_with_operators to None, run_after=None
[2025-07-22T08:59:48.142+0000] {processor.py:183} INFO - Processing /home/airflow/.local/lib/python3.12/site-packages/airflow/example_dags/example_xcomargs.py took 0.112 seconds
[2025-07-22T09:00:18.745+0000] {processor.py:161} INFO - Started process (PID=1039) to work on /home/airflow/.local/lib/python3.12/site-packages/airflow/example_dags/example_xcomargs.py
[2025-07-22T09:00:18.746+0000] {processor.py:830} INFO - Processing file /home/airflow/.local/lib/python3.12/site-packages/airflow/example_dags/example_xcomargs.py for tasks to queue
[2025-07-22T09:00:18.750+0000] {logging_mixin.py:188} INFO - [2025-07-22T09:00:18.749+0000] {dagbag.py:545} INFO - Filling up the DagBag from /home/airflow/.local/lib/python3.12/site-packages/airflow/example_dags/example_xcomargs.py
[2025-07-22T09:00:18.762+0000] {processor.py:840} INFO - DAG(s) 'example_xcom_args', 'example_xcom_args_with_operators' retrieved from /home/airflow/.local/lib/python3.12/site-packages/airflow/example_dags/example_xcomargs.py
[2025-07-22T09:00:18.795+0000] {logging_mixin.py:188} INFO - [2025-07-22T09:00:18.795+0000] {dag.py:3096} INFO - Sync 2 DAGs
[2025-07-22T09:00:18.816+0000] {logging_mixin.py:188} INFO - [2025-07-22T09:00:18.816+0000] {dag.py:3954} INFO - Setting next_dagrun for example_xcom_args to None, run_after=None
[2025-07-22T09:00:18.822+0000] {logging_mixin.py:188} INFO - [2025-07-22T09:00:18.821+0000] {dag.py:3954} INFO - Setting next_dagrun for example_xcom_args_with_operators to None, run_after=None
[2025-07-22T09:00:18.847+0000] {processor.py:183} INFO - Processing /home/airflow/.local/lib/python3.12/site-packages/airflow/example_dags/example_xcomargs.py took 0.111 seconds
[2025-07-22T09:00:49.566+0000] {processor.py:161} INFO - Started process (PID=1099) to work on /home/airflow/.local/lib/python3.12/site-packages/airflow/example_dags/example_xcomargs.py
[2025-07-22T09:00:49.568+0000] {processor.py:830} INFO - Processing file /home/airflow/.local/lib/python3.12/site-packages/airflow/example_dags/example_xcomargs.py for tasks to queue
[2025-07-22T09:00:49.571+0000] {logging_mixin.py:188} INFO - [2025-07-22T09:00:49.570+0000] {dagbag.py:545} INFO - Filling up the DagBag from /home/airflow/.local/lib/python3.12/site-packages/airflow/example_dags/example_xcomargs.py
[2025-07-22T09:00:49.583+0000] {processor.py:840} INFO - DAG(s) 'example_xcom_args', 'example_xcom_args_with_operators' retrieved from /home/airflow/.local/lib/python3.12/site-packages/airflow/example_dags/example_xcomargs.py
[2025-07-22T09:00:49.618+0000] {logging_mixin.py:188} INFO - [2025-07-22T09:00:49.617+0000] {dag.py:3096} INFO - Sync 2 DAGs
[2025-07-22T09:00:49.636+0000] {logging_mixin.py:188} INFO - [2025-07-22T09:00:49.636+0000] {dag.py:3954} INFO - Setting next_dagrun for example_xcom_args to None, run_after=None
[2025-07-22T09:00:49.642+0000] {logging_mixin.py:188} INFO - [2025-07-22T09:00:49.642+0000] {dag.py:3954} INFO - Setting next_dagrun for example_xcom_args_with_operators to None, run_after=None
[2025-07-22T09:00:49.672+0000] {processor.py:183} INFO - Processing /home/airflow/.local/lib/python3.12/site-packages/airflow/example_dags/example_xcomargs.py took 0.114 seconds
[2025-07-22T09:01:20.373+0000] {processor.py:161} INFO - Started process (PID=1159) to work on /home/airflow/.local/lib/python3.12/site-packages/airflow/example_dags/example_xcomargs.py
[2025-07-22T09:01:20.374+0000] {processor.py:830} INFO - Processing file /home/airflow/.local/lib/python3.12/site-packages/airflow/example_dags/example_xcomargs.py for tasks to queue
[2025-07-22T09:01:20.376+0000] {logging_mixin.py:188} INFO - [2025-07-22T09:01:20.376+0000] {dagbag.py:545} INFO - Filling up the DagBag from /home/airflow/.local/lib/python3.12/site-packages/airflow/example_dags/example_xcomargs.py
[2025-07-22T09:01:20.385+0000] {processor.py:840} INFO - DAG(s) 'example_xcom_args', 'example_xcom_args_with_operators' retrieved from /home/airflow/.local/lib/python3.12/site-packages/airflow/example_dags/example_xcomargs.py
[2025-07-22T09:01:20.412+0000] {logging_mixin.py:188} INFO - [2025-07-22T09:01:20.412+0000] {dag.py:3096} INFO - Sync 2 DAGs
[2025-07-22T09:01:20.427+0000] {logging_mixin.py:188} INFO - [2025-07-22T09:01:20.427+0000] {dag.py:3954} INFO - Setting next_dagrun for example_xcom_args to None, run_after=None
[2025-07-22T09:01:20.431+0000] {logging_mixin.py:188} INFO - [2025-07-22T09:01:20.431+0000] {dag.py:3954} INFO - Setting next_dagrun for example_xcom_args_with_operators to None, run_after=None
[2025-07-22T09:01:20.449+0000] {processor.py:183} INFO - Processing /home/airflow/.local/lib/python3.12/site-packages/airflow/example_dags/example_xcomargs.py took 0.083 seconds
[2025-07-22T09:01:50.652+0000] {processor.py:161} INFO - Started process (PID=1219) to work on /home/airflow/.local/lib/python3.12/site-packages/airflow/example_dags/example_xcomargs.py
[2025-07-22T09:01:50.654+0000] {processor.py:830} INFO - Processing file /home/airflow/.local/lib/python3.12/site-packages/airflow/example_dags/example_xcomargs.py for tasks to queue
[2025-07-22T09:01:50.656+0000] {logging_mixin.py:188} INFO - [2025-07-22T09:01:50.656+0000] {dagbag.py:545} INFO - Filling up the DagBag from /home/airflow/.local/lib/python3.12/site-packages/airflow/example_dags/example_xcomargs.py
[2025-07-22T09:01:50.665+0000] {processor.py:840} INFO - DAG(s) 'example_xcom_args', 'example_xcom_args_with_operators' retrieved from /home/airflow/.local/lib/python3.12/site-packages/airflow/example_dags/example_xcomargs.py
[2025-07-22T09:01:50.690+0000] {logging_mixin.py:188} INFO - [2025-07-22T09:01:50.690+0000] {dag.py:3096} INFO - Sync 2 DAGs
[2025-07-22T09:01:50.704+0000] {logging_mixin.py:188} INFO - [2025-07-22T09:01:50.704+0000] {dag.py:3954} INFO - Setting next_dagrun for example_xcom_args to None, run_after=None
[2025-07-22T09:01:50.708+0000] {logging_mixin.py:188} INFO - [2025-07-22T09:01:50.708+0000] {dag.py:3954} INFO - Setting next_dagrun for example_xcom_args_with_operators to None, run_after=None
[2025-07-22T09:01:50.727+0000] {processor.py:183} INFO - Processing /home/airflow/.local/lib/python3.12/site-packages/airflow/example_dags/example_xcomargs.py took 0.081 seconds
[2025-07-22T09:02:20.856+0000] {processor.py:161} INFO - Started process (PID=1279) to work on /home/airflow/.local/lib/python3.12/site-packages/airflow/example_dags/example_xcomargs.py
[2025-07-22T09:02:20.857+0000] {processor.py:830} INFO - Processing file /home/airflow/.local/lib/python3.12/site-packages/airflow/example_dags/example_xcomargs.py for tasks to queue
[2025-07-22T09:02:20.859+0000] {logging_mixin.py:188} INFO - [2025-07-22T09:02:20.859+0000] {dagbag.py:545} INFO - Filling up the DagBag from /home/airflow/.local/lib/python3.12/site-packages/airflow/example_dags/example_xcomargs.py
[2025-07-22T09:02:20.868+0000] {processor.py:840} INFO - DAG(s) 'example_xcom_args', 'example_xcom_args_with_operators' retrieved from /home/airflow/.local/lib/python3.12/site-packages/airflow/example_dags/example_xcomargs.py
[2025-07-22T09:02:20.898+0000] {logging_mixin.py:188} INFO - [2025-07-22T09:02:20.898+0000] {dag.py:3096} INFO - Sync 2 DAGs
[2025-07-22T09:02:20.915+0000] {logging_mixin.py:188} INFO - [2025-07-22T09:02:20.915+0000] {dag.py:3954} INFO - Setting next_dagrun for example_xcom_args to None, run_after=None
[2025-07-22T09:02:20.919+0000] {logging_mixin.py:188} INFO - [2025-07-22T09:02:20.919+0000] {dag.py:3954} INFO - Setting next_dagrun for example_xcom_args_with_operators to None, run_after=None
[2025-07-22T09:02:20.941+0000] {processor.py:183} INFO - Processing /home/airflow/.local/lib/python3.12/site-packages/airflow/example_dags/example_xcomargs.py took 0.092 seconds
[2025-07-22T09:02:51.473+0000] {processor.py:161} INFO - Started process (PID=1339) to work on /home/airflow/.local/lib/python3.12/site-packages/airflow/example_dags/example_xcomargs.py
[2025-07-22T09:02:51.474+0000] {processor.py:830} INFO - Processing file /home/airflow/.local/lib/python3.12/site-packages/airflow/example_dags/example_xcomargs.py for tasks to queue
[2025-07-22T09:02:51.476+0000] {logging_mixin.py:188} INFO - [2025-07-22T09:02:51.476+0000] {dagbag.py:545} INFO - Filling up the DagBag from /home/airflow/.local/lib/python3.12/site-packages/airflow/example_dags/example_xcomargs.py
[2025-07-22T09:02:51.485+0000] {processor.py:840} INFO - DAG(s) 'example_xcom_args_with_operators', 'example_xcom_args' retrieved from /home/airflow/.local/lib/python3.12/site-packages/airflow/example_dags/example_xcomargs.py
[2025-07-22T09:02:51.515+0000] {logging_mixin.py:188} INFO - [2025-07-22T09:02:51.515+0000] {dag.py:3096} INFO - Sync 2 DAGs
[2025-07-22T09:02:51.532+0000] {logging_mixin.py:188} INFO - [2025-07-22T09:02:51.531+0000] {dag.py:3954} INFO - Setting next_dagrun for example_xcom_args to None, run_after=None
[2025-07-22T09:02:51.537+0000] {logging_mixin.py:188} INFO - [2025-07-22T09:02:51.537+0000] {dag.py:3954} INFO - Setting next_dagrun for example_xcom_args_with_operators to None, run_after=None
[2025-07-22T09:02:51.567+0000] {processor.py:183} INFO - Processing /home/airflow/.local/lib/python3.12/site-packages/airflow/example_dags/example_xcomargs.py took 0.101 seconds
[2025-07-22T09:03:21.889+0000] {processor.py:161} INFO - Started process (PID=1399) to work on /home/airflow/.local/lib/python3.12/site-packages/airflow/example_dags/example_xcomargs.py
[2025-07-22T09:03:21.891+0000] {processor.py:830} INFO - Processing file /home/airflow/.local/lib/python3.12/site-packages/airflow/example_dags/example_xcomargs.py for tasks to queue
[2025-07-22T09:03:21.893+0000] {logging_mixin.py:188} INFO - [2025-07-22T09:03:21.892+0000] {dagbag.py:545} INFO - Filling up the DagBag from /home/airflow/.local/lib/python3.12/site-packages/airflow/example_dags/example_xcomargs.py
[2025-07-22T09:03:21.902+0000] {processor.py:840} INFO - DAG(s) 'example_xcom_args_with_operators', 'example_xcom_args' retrieved from /home/airflow/.local/lib/python3.12/site-packages/airflow/example_dags/example_xcomargs.py
[2025-07-22T09:03:21.929+0000] {logging_mixin.py:188} INFO - [2025-07-22T09:03:21.928+0000] {dag.py:3096} INFO - Sync 2 DAGs
[2025-07-22T09:03:21.944+0000] {logging_mixin.py:188} INFO - [2025-07-22T09:03:21.943+0000] {dag.py:3954} INFO - Setting next_dagrun for example_xcom_args to None, run_after=None
[2025-07-22T09:03:21.948+0000] {logging_mixin.py:188} INFO - [2025-07-22T09:03:21.948+0000] {dag.py:3954} INFO - Setting next_dagrun for example_xcom_args_with_operators to None, run_after=None
[2025-07-22T09:03:21.970+0000] {processor.py:183} INFO - Processing /home/airflow/.local/lib/python3.12/site-packages/airflow/example_dags/example_xcomargs.py took 0.087 seconds
[2025-07-22T09:03:52.104+0000] {processor.py:161} INFO - Started process (PID=1459) to work on /home/airflow/.local/lib/python3.12/site-packages/airflow/example_dags/example_xcomargs.py
[2025-07-22T09:03:52.105+0000] {processor.py:830} INFO - Processing file /home/airflow/.local/lib/python3.12/site-packages/airflow/example_dags/example_xcomargs.py for tasks to queue
[2025-07-22T09:03:52.108+0000] {logging_mixin.py:188} INFO - [2025-07-22T09:03:52.107+0000] {dagbag.py:545} INFO - Filling up the DagBag from /home/airflow/.local/lib/python3.12/site-packages/airflow/example_dags/example_xcomargs.py
[2025-07-22T09:03:52.118+0000] {processor.py:840} INFO - DAG(s) 'example_xcom_args', 'example_xcom_args_with_operators' retrieved from /home/airflow/.local/lib/python3.12/site-packages/airflow/example_dags/example_xcomargs.py
[2025-07-22T09:03:52.146+0000] {logging_mixin.py:188} INFO - [2025-07-22T09:03:52.145+0000] {dag.py:3096} INFO - Sync 2 DAGs
[2025-07-22T09:03:52.159+0000] {logging_mixin.py:188} INFO - [2025-07-22T09:03:52.159+0000] {dag.py:3954} INFO - Setting next_dagrun for example_xcom_args to None, run_after=None
[2025-07-22T09:03:52.163+0000] {logging_mixin.py:188} INFO - [2025-07-22T09:03:52.163+0000] {dag.py:3954} INFO - Setting next_dagrun for example_xcom_args_with_operators to None, run_after=None
[2025-07-22T09:03:52.182+0000] {processor.py:183} INFO - Processing /home/airflow/.local/lib/python3.12/site-packages/airflow/example_dags/example_xcomargs.py took 0.086 seconds
[2025-07-22T09:04:22.833+0000] {processor.py:161} INFO - Started process (PID=1519) to work on /home/airflow/.local/lib/python3.12/site-packages/airflow/example_dags/example_xcomargs.py
[2025-07-22T09:04:22.836+0000] {processor.py:830} INFO - Processing file /home/airflow/.local/lib/python3.12/site-packages/airflow/example_dags/example_xcomargs.py for tasks to queue
[2025-07-22T09:04:22.839+0000] {logging_mixin.py:188} INFO - [2025-07-22T09:04:22.839+0000] {dagbag.py:545} INFO - Filling up the DagBag from /home/airflow/.local/lib/python3.12/site-packages/airflow/example_dags/example_xcomargs.py
[2025-07-22T09:04:22.853+0000] {processor.py:840} INFO - DAG(s) 'example_xcom_args_with_operators', 'example_xcom_args' retrieved from /home/airflow/.local/lib/python3.12/site-packages/airflow/example_dags/example_xcomargs.py
[2025-07-22T09:04:22.891+0000] {logging_mixin.py:188} INFO - [2025-07-22T09:04:22.890+0000] {dag.py:3096} INFO - Sync 2 DAGs
[2025-07-22T09:04:22.918+0000] {logging_mixin.py:188} INFO - [2025-07-22T09:04:22.918+0000] {dag.py:3954} INFO - Setting next_dagrun for example_xcom_args to None, run_after=None
[2025-07-22T09:04:22.923+0000] {logging_mixin.py:188} INFO - [2025-07-22T09:04:22.923+0000] {dag.py:3954} INFO - Setting next_dagrun for example_xcom_args_with_operators to None, run_after=None
[2025-07-22T09:04:22.956+0000] {processor.py:183} INFO - Processing /home/airflow/.local/lib/python3.12/site-packages/airflow/example_dags/example_xcomargs.py took 0.133 seconds
[2025-07-22T09:04:53.206+0000] {processor.py:161} INFO - Started process (PID=1579) to work on /home/airflow/.local/lib/python3.12/site-packages/airflow/example_dags/example_xcomargs.py
[2025-07-22T09:04:53.208+0000] {processor.py:830} INFO - Processing file /home/airflow/.local/lib/python3.12/site-packages/airflow/example_dags/example_xcomargs.py for tasks to queue
[2025-07-22T09:04:53.210+0000] {logging_mixin.py:188} INFO - [2025-07-22T09:04:53.210+0000] {dagbag.py:545} INFO - Filling up the DagBag from /home/airflow/.local/lib/python3.12/site-packages/airflow/example_dags/example_xcomargs.py
[2025-07-22T09:04:53.220+0000] {processor.py:840} INFO - DAG(s) 'example_xcom_args', 'example_xcom_args_with_operators' retrieved from /home/airflow/.local/lib/python3.12/site-packages/airflow/example_dags/example_xcomargs.py
[2025-07-22T09:04:53.248+0000] {logging_mixin.py:188} INFO - [2025-07-22T09:04:53.247+0000] {dag.py:3096} INFO - Sync 2 DAGs
[2025-07-22T09:04:53.262+0000] {logging_mixin.py:188} INFO - [2025-07-22T09:04:53.262+0000] {dag.py:3954} INFO - Setting next_dagrun for example_xcom_args to None, run_after=None
[2025-07-22T09:04:53.267+0000] {logging_mixin.py:188} INFO - [2025-07-22T09:04:53.267+0000] {dag.py:3954} INFO - Setting next_dagrun for example_xcom_args_with_operators to None, run_after=None
[2025-07-22T09:04:53.287+0000] {processor.py:183} INFO - Processing /home/airflow/.local/lib/python3.12/site-packages/airflow/example_dags/example_xcomargs.py took 0.088 seconds
[2025-07-22T09:05:24.255+0000] {processor.py:161} INFO - Started process (PID=1639) to work on /home/airflow/.local/lib/python3.12/site-packages/airflow/example_dags/example_xcomargs.py
[2025-07-22T09:05:24.256+0000] {processor.py:830} INFO - Processing file /home/airflow/.local/lib/python3.12/site-packages/airflow/example_dags/example_xcomargs.py for tasks to queue
[2025-07-22T09:05:24.259+0000] {logging_mixin.py:188} INFO - [2025-07-22T09:05:24.258+0000] {dagbag.py:545} INFO - Filling up the DagBag from /home/airflow/.local/lib/python3.12/site-packages/airflow/example_dags/example_xcomargs.py
[2025-07-22T09:05:24.268+0000] {processor.py:840} INFO - DAG(s) 'example_xcom_args', 'example_xcom_args_with_operators' retrieved from /home/airflow/.local/lib/python3.12/site-packages/airflow/example_dags/example_xcomargs.py
[2025-07-22T09:05:24.298+0000] {logging_mixin.py:188} INFO - [2025-07-22T09:05:24.298+0000] {dag.py:3096} INFO - Sync 2 DAGs
[2025-07-22T09:05:24.318+0000] {logging_mixin.py:188} INFO - [2025-07-22T09:05:24.318+0000] {dag.py:3954} INFO - Setting next_dagrun for example_xcom_args to None, run_after=None
[2025-07-22T09:05:24.324+0000] {logging_mixin.py:188} INFO - [2025-07-22T09:05:24.324+0000] {dag.py:3954} INFO - Setting next_dagrun for example_xcom_args_with_operators to None, run_after=None
[2025-07-22T09:05:24.345+0000] {processor.py:183} INFO - Processing /home/airflow/.local/lib/python3.12/site-packages/airflow/example_dags/example_xcomargs.py took 0.097 seconds
[2025-07-22T09:05:54.445+0000] {processor.py:161} INFO - Started process (PID=1699) to work on /home/airflow/.local/lib/python3.12/site-packages/airflow/example_dags/example_xcomargs.py
[2025-07-22T09:05:54.447+0000] {processor.py:830} INFO - Processing file /home/airflow/.local/lib/python3.12/site-packages/airflow/example_dags/example_xcomargs.py for tasks to queue
[2025-07-22T09:05:54.449+0000] {logging_mixin.py:188} INFO - [2025-07-22T09:05:54.449+0000] {dagbag.py:545} INFO - Filling up the DagBag from /home/airflow/.local/lib/python3.12/site-packages/airflow/example_dags/example_xcomargs.py
[2025-07-22T09:05:54.460+0000] {processor.py:840} INFO - DAG(s) 'example_xcom_args', 'example_xcom_args_with_operators' retrieved from /home/airflow/.local/lib/python3.12/site-packages/airflow/example_dags/example_xcomargs.py
[2025-07-22T09:05:54.490+0000] {logging_mixin.py:188} INFO - [2025-07-22T09:05:54.490+0000] {dag.py:3096} INFO - Sync 2 DAGs
[2025-07-22T09:05:54.510+0000] {logging_mixin.py:188} INFO - [2025-07-22T09:05:54.509+0000] {dag.py:3954} INFO - Setting next_dagrun for example_xcom_args to None, run_after=None
[2025-07-22T09:05:54.515+0000] {logging_mixin.py:188} INFO - [2025-07-22T09:05:54.514+0000] {dag.py:3954} INFO - Setting next_dagrun for example_xcom_args_with_operators to None, run_after=None
[2025-07-22T09:05:54.539+0000] {processor.py:183} INFO - Processing /home/airflow/.local/lib/python3.12/site-packages/airflow/example_dags/example_xcomargs.py took 0.100 seconds
[2025-07-22T09:06:24.993+0000] {processor.py:161} INFO - Started process (PID=1759) to work on /home/airflow/.local/lib/python3.12/site-packages/airflow/example_dags/example_xcomargs.py
[2025-07-22T09:06:24.994+0000] {processor.py:830} INFO - Processing file /home/airflow/.local/lib/python3.12/site-packages/airflow/example_dags/example_xcomargs.py for tasks to queue
[2025-07-22T09:06:24.996+0000] {logging_mixin.py:188} INFO - [2025-07-22T09:06:24.996+0000] {dagbag.py:545} INFO - Filling up the DagBag from /home/airflow/.local/lib/python3.12/site-packages/airflow/example_dags/example_xcomargs.py
[2025-07-22T09:06:25.006+0000] {processor.py:840} INFO - DAG(s) 'example_xcom_args_with_operators', 'example_xcom_args' retrieved from /home/airflow/.local/lib/python3.12/site-packages/airflow/example_dags/example_xcomargs.py
[2025-07-22T09:06:25.034+0000] {logging_mixin.py:188} INFO - [2025-07-22T09:06:25.034+0000] {dag.py:3096} INFO - Sync 2 DAGs
[2025-07-22T09:06:25.048+0000] {logging_mixin.py:188} INFO - [2025-07-22T09:06:25.048+0000] {dag.py:3954} INFO - Setting next_dagrun for example_xcom_args to None, run_after=None
[2025-07-22T09:06:25.053+0000] {logging_mixin.py:188} INFO - [2025-07-22T09:06:25.053+0000] {dag.py:3954} INFO - Setting next_dagrun for example_xcom_args_with_operators to None, run_after=None
[2025-07-22T09:06:25.080+0000] {processor.py:183} INFO - Processing /home/airflow/.local/lib/python3.12/site-packages/airflow/example_dags/example_xcomargs.py took 0.094 seconds
[2025-07-22T09:06:55.237+0000] {processor.py:161} INFO - Started process (PID=1819) to work on /home/airflow/.local/lib/python3.12/site-packages/airflow/example_dags/example_xcomargs.py
[2025-07-22T09:06:55.239+0000] {processor.py:830} INFO - Processing file /home/airflow/.local/lib/python3.12/site-packages/airflow/example_dags/example_xcomargs.py for tasks to queue
[2025-07-22T09:06:55.242+0000] {logging_mixin.py:188} INFO - [2025-07-22T09:06:55.241+0000] {dagbag.py:545} INFO - Filling up the DagBag from /home/airflow/.local/lib/python3.12/site-packages/airflow/example_dags/example_xcomargs.py
[2025-07-22T09:06:55.256+0000] {processor.py:840} INFO - DAG(s) 'example_xcom_args_with_operators', 'example_xcom_args' retrieved from /home/airflow/.local/lib/python3.12/site-packages/airflow/example_dags/example_xcomargs.py
[2025-07-22T09:06:55.299+0000] {logging_mixin.py:188} INFO - [2025-07-22T09:06:55.298+0000] {dag.py:3096} INFO - Sync 2 DAGs
[2025-07-22T09:06:55.328+0000] {logging_mixin.py:188} INFO - [2025-07-22T09:06:55.328+0000] {dag.py:3954} INFO - Setting next_dagrun for example_xcom_args to None, run_after=None
[2025-07-22T09:06:55.336+0000] {logging_mixin.py:188} INFO - [2025-07-22T09:06:55.336+0000] {dag.py:3954} INFO - Setting next_dagrun for example_xcom_args_with_operators to None, run_after=None
[2025-07-22T09:06:55.375+0000] {processor.py:183} INFO - Processing /home/airflow/.local/lib/python3.12/site-packages/airflow/example_dags/example_xcomargs.py took 0.150 seconds
[2025-07-22T09:07:25.482+0000] {processor.py:161} INFO - Started process (PID=1879) to work on /home/airflow/.local/lib/python3.12/site-packages/airflow/example_dags/example_xcomargs.py
[2025-07-22T09:07:25.486+0000] {processor.py:830} INFO - Processing file /home/airflow/.local/lib/python3.12/site-packages/airflow/example_dags/example_xcomargs.py for tasks to queue
[2025-07-22T09:07:25.489+0000] {logging_mixin.py:188} INFO - [2025-07-22T09:07:25.489+0000] {dagbag.py:545} INFO - Filling up the DagBag from /home/airflow/.local/lib/python3.12/site-packages/airflow/example_dags/example_xcomargs.py
[2025-07-22T09:07:25.513+0000] {processor.py:840} INFO - DAG(s) 'example_xcom_args_with_operators', 'example_xcom_args' retrieved from /home/airflow/.local/lib/python3.12/site-packages/airflow/example_dags/example_xcomargs.py
[2025-07-22T09:07:25.603+0000] {logging_mixin.py:188} INFO - [2025-07-22T09:07:25.601+0000] {dag.py:3096} INFO - Sync 2 DAGs
[2025-07-22T09:07:25.675+0000] {logging_mixin.py:188} INFO - [2025-07-22T09:07:25.674+0000] {dag.py:3954} INFO - Setting next_dagrun for example_xcom_args to None, run_after=None
[2025-07-22T09:07:25.693+0000] {logging_mixin.py:188} INFO - [2025-07-22T09:07:25.692+0000] {dag.py:3954} INFO - Setting next_dagrun for example_xcom_args_with_operators to None, run_after=None
[2025-07-22T09:07:25.782+0000] {processor.py:183} INFO - Processing /home/airflow/.local/lib/python3.12/site-packages/airflow/example_dags/example_xcomargs.py took 0.317 seconds
[2025-07-22T09:07:56.480+0000] {processor.py:161} INFO - Started process (PID=1939) to work on /home/airflow/.local/lib/python3.12/site-packages/airflow/example_dags/example_xcomargs.py
[2025-07-22T09:07:56.482+0000] {processor.py:830} INFO - Processing file /home/airflow/.local/lib/python3.12/site-packages/airflow/example_dags/example_xcomargs.py for tasks to queue
[2025-07-22T09:07:56.484+0000] {logging_mixin.py:188} INFO - [2025-07-22T09:07:56.484+0000] {dagbag.py:545} INFO - Filling up the DagBag from /home/airflow/.local/lib/python3.12/site-packages/airflow/example_dags/example_xcomargs.py
[2025-07-22T09:07:56.494+0000] {processor.py:840} INFO - DAG(s) 'example_xcom_args_with_operators', 'example_xcom_args' retrieved from /home/airflow/.local/lib/python3.12/site-packages/airflow/example_dags/example_xcomargs.py
[2025-07-22T09:07:56.519+0000] {logging_mixin.py:188} INFO - [2025-07-22T09:07:56.518+0000] {dag.py:3096} INFO - Sync 2 DAGs
[2025-07-22T09:07:56.533+0000] {logging_mixin.py:188} INFO - [2025-07-22T09:07:56.532+0000] {dag.py:3954} INFO - Setting next_dagrun for example_xcom_args to None, run_after=None
[2025-07-22T09:07:56.539+0000] {logging_mixin.py:188} INFO - [2025-07-22T09:07:56.539+0000] {dag.py:3954} INFO - Setting next_dagrun for example_xcom_args_with_operators to None, run_after=None
[2025-07-22T09:07:56.563+0000] {processor.py:183} INFO - Processing /home/airflow/.local/lib/python3.12/site-packages/airflow/example_dags/example_xcomargs.py took 0.089 seconds
[2025-07-22T09:08:27.202+0000] {processor.py:161} INFO - Started process (PID=1999) to work on /home/airflow/.local/lib/python3.12/site-packages/airflow/example_dags/example_xcomargs.py
[2025-07-22T09:08:27.204+0000] {processor.py:830} INFO - Processing file /home/airflow/.local/lib/python3.12/site-packages/airflow/example_dags/example_xcomargs.py for tasks to queue
[2025-07-22T09:08:27.206+0000] {logging_mixin.py:188} INFO - [2025-07-22T09:08:27.206+0000] {dagbag.py:545} INFO - Filling up the DagBag from /home/airflow/.local/lib/python3.12/site-packages/airflow/example_dags/example_xcomargs.py
[2025-07-22T09:08:27.217+0000] {processor.py:840} INFO - DAG(s) 'example_xcom_args', 'example_xcom_args_with_operators' retrieved from /home/airflow/.local/lib/python3.12/site-packages/airflow/example_dags/example_xcomargs.py
[2025-07-22T09:08:27.248+0000] {logging_mixin.py:188} INFO - [2025-07-22T09:08:27.248+0000] {dag.py:3096} INFO - Sync 2 DAGs
[2025-07-22T09:08:27.263+0000] {logging_mixin.py:188} INFO - [2025-07-22T09:08:27.263+0000] {dag.py:3954} INFO - Setting next_dagrun for example_xcom_args to None, run_after=None
[2025-07-22T09:08:27.268+0000] {logging_mixin.py:188} INFO - [2025-07-22T09:08:27.268+0000] {dag.py:3954} INFO - Setting next_dagrun for example_xcom_args_with_operators to None, run_after=None
[2025-07-22T09:08:27.289+0000] {processor.py:183} INFO - Processing /home/airflow/.local/lib/python3.12/site-packages/airflow/example_dags/example_xcomargs.py took 0.095 seconds
[2025-07-22T09:08:57.360+0000] {processor.py:161} INFO - Started process (PID=2059) to work on /home/airflow/.local/lib/python3.12/site-packages/airflow/example_dags/example_xcomargs.py
[2025-07-22T09:08:57.362+0000] {processor.py:830} INFO - Processing file /home/airflow/.local/lib/python3.12/site-packages/airflow/example_dags/example_xcomargs.py for tasks to queue
[2025-07-22T09:08:57.365+0000] {logging_mixin.py:188} INFO - [2025-07-22T09:08:57.364+0000] {dagbag.py:545} INFO - Filling up the DagBag from /home/airflow/.local/lib/python3.12/site-packages/airflow/example_dags/example_xcomargs.py
[2025-07-22T09:08:57.376+0000] {processor.py:840} INFO - DAG(s) 'example_xcom_args_with_operators', 'example_xcom_args' retrieved from /home/airflow/.local/lib/python3.12/site-packages/airflow/example_dags/example_xcomargs.py
[2025-07-22T09:08:57.407+0000] {logging_mixin.py:188} INFO - [2025-07-22T09:08:57.407+0000] {dag.py:3096} INFO - Sync 2 DAGs
[2025-07-22T09:08:57.425+0000] {logging_mixin.py:188} INFO - [2025-07-22T09:08:57.425+0000] {dag.py:3954} INFO - Setting next_dagrun for example_xcom_args to None, run_after=None
[2025-07-22T09:08:57.430+0000] {logging_mixin.py:188} INFO - [2025-07-22T09:08:57.430+0000] {dag.py:3954} INFO - Setting next_dagrun for example_xcom_args_with_operators to None, run_after=None
[2025-07-22T09:08:57.453+0000] {processor.py:183} INFO - Processing /home/airflow/.local/lib/python3.12/site-packages/airflow/example_dags/example_xcomargs.py took 0.101 seconds
[2025-07-22T09:09:28.603+0000] {processor.py:161} INFO - Started process (PID=2119) to work on /home/airflow/.local/lib/python3.12/site-packages/airflow/example_dags/example_xcomargs.py
[2025-07-22T09:09:28.604+0000] {processor.py:830} INFO - Processing file /home/airflow/.local/lib/python3.12/site-packages/airflow/example_dags/example_xcomargs.py for tasks to queue
[2025-07-22T09:09:28.607+0000] {logging_mixin.py:188} INFO - [2025-07-22T09:09:28.606+0000] {dagbag.py:545} INFO - Filling up the DagBag from /home/airflow/.local/lib/python3.12/site-packages/airflow/example_dags/example_xcomargs.py
[2025-07-22T09:09:28.616+0000] {processor.py:840} INFO - DAG(s) 'example_xcom_args', 'example_xcom_args_with_operators' retrieved from /home/airflow/.local/lib/python3.12/site-packages/airflow/example_dags/example_xcomargs.py
[2025-07-22T09:09:28.642+0000] {logging_mixin.py:188} INFO - [2025-07-22T09:09:28.642+0000] {dag.py:3096} INFO - Sync 2 DAGs
[2025-07-22T09:09:28.657+0000] {logging_mixin.py:188} INFO - [2025-07-22T09:09:28.657+0000] {dag.py:3954} INFO - Setting next_dagrun for example_xcom_args to None, run_after=None
[2025-07-22T09:09:28.662+0000] {logging_mixin.py:188} INFO - [2025-07-22T09:09:28.661+0000] {dag.py:3954} INFO - Setting next_dagrun for example_xcom_args_with_operators to None, run_after=None
[2025-07-22T09:09:28.680+0000] {processor.py:183} INFO - Processing /home/airflow/.local/lib/python3.12/site-packages/airflow/example_dags/example_xcomargs.py took 0.084 seconds
[2025-07-22T09:09:59.063+0000] {processor.py:161} INFO - Started process (PID=2179) to work on /home/airflow/.local/lib/python3.12/site-packages/airflow/example_dags/example_xcomargs.py
[2025-07-22T09:09:59.064+0000] {processor.py:830} INFO - Processing file /home/airflow/.local/lib/python3.12/site-packages/airflow/example_dags/example_xcomargs.py for tasks to queue
[2025-07-22T09:09:59.067+0000] {logging_mixin.py:188} INFO - [2025-07-22T09:09:59.066+0000] {dagbag.py:545} INFO - Filling up the DagBag from /home/airflow/.local/lib/python3.12/site-packages/airflow/example_dags/example_xcomargs.py
[2025-07-22T09:09:59.076+0000] {processor.py:840} INFO - DAG(s) 'example_xcom_args_with_operators', 'example_xcom_args' retrieved from /home/airflow/.local/lib/python3.12/site-packages/airflow/example_dags/example_xcomargs.py
[2025-07-22T09:09:59.103+0000] {logging_mixin.py:188} INFO - [2025-07-22T09:09:59.103+0000] {dag.py:3096} INFO - Sync 2 DAGs
[2025-07-22T09:09:59.118+0000] {logging_mixin.py:188} INFO - [2025-07-22T09:09:59.118+0000] {dag.py:3954} INFO - Setting next_dagrun for example_xcom_args to None, run_after=None
[2025-07-22T09:09:59.123+0000] {logging_mixin.py:188} INFO - [2025-07-22T09:09:59.123+0000] {dag.py:3954} INFO - Setting next_dagrun for example_xcom_args_with_operators to None, run_after=None
[2025-07-22T09:09:59.279+0000] {processor.py:183} INFO - Processing /home/airflow/.local/lib/python3.12/site-packages/airflow/example_dags/example_xcomargs.py took 0.222 seconds
[2025-07-22T09:10:29.966+0000] {processor.py:161} INFO - Started process (PID=2239) to work on /home/airflow/.local/lib/python3.12/site-packages/airflow/example_dags/example_xcomargs.py
[2025-07-22T09:10:29.967+0000] {processor.py:830} INFO - Processing file /home/airflow/.local/lib/python3.12/site-packages/airflow/example_dags/example_xcomargs.py for tasks to queue
[2025-07-22T09:10:29.969+0000] {logging_mixin.py:188} INFO - [2025-07-22T09:10:29.969+0000] {dagbag.py:545} INFO - Filling up the DagBag from /home/airflow/.local/lib/python3.12/site-packages/airflow/example_dags/example_xcomargs.py
[2025-07-22T09:10:29.978+0000] {processor.py:840} INFO - DAG(s) 'example_xcom_args_with_operators', 'example_xcom_args' retrieved from /home/airflow/.local/lib/python3.12/site-packages/airflow/example_dags/example_xcomargs.py
[2025-07-22T09:10:30.006+0000] {logging_mixin.py:188} INFO - [2025-07-22T09:10:30.006+0000] {dag.py:3096} INFO - Sync 2 DAGs
[2025-07-22T09:10:30.021+0000] {logging_mixin.py:188} INFO - [2025-07-22T09:10:30.021+0000] {dag.py:3954} INFO - Setting next_dagrun for example_xcom_args to None, run_after=None
[2025-07-22T09:10:30.026+0000] {logging_mixin.py:188} INFO - [2025-07-22T09:10:30.025+0000] {dag.py:3954} INFO - Setting next_dagrun for example_xcom_args_with_operators to None, run_after=None
[2025-07-22T09:10:30.048+0000] {processor.py:183} INFO - Processing /home/airflow/.local/lib/python3.12/site-packages/airflow/example_dags/example_xcomargs.py took 0.089 seconds
[2025-07-22T09:11:00.379+0000] {processor.py:161} INFO - Started process (PID=2299) to work on /home/airflow/.local/lib/python3.12/site-packages/airflow/example_dags/example_xcomargs.py
[2025-07-22T09:11:00.380+0000] {processor.py:830} INFO - Processing file /home/airflow/.local/lib/python3.12/site-packages/airflow/example_dags/example_xcomargs.py for tasks to queue
[2025-07-22T09:11:00.383+0000] {logging_mixin.py:188} INFO - [2025-07-22T09:11:00.382+0000] {dagbag.py:545} INFO - Filling up the DagBag from /home/airflow/.local/lib/python3.12/site-packages/airflow/example_dags/example_xcomargs.py
[2025-07-22T09:11:00.392+0000] {processor.py:840} INFO - DAG(s) 'example_xcom_args_with_operators', 'example_xcom_args' retrieved from /home/airflow/.local/lib/python3.12/site-packages/airflow/example_dags/example_xcomargs.py
[2025-07-22T09:11:00.418+0000] {logging_mixin.py:188} INFO - [2025-07-22T09:11:00.418+0000] {dag.py:3096} INFO - Sync 2 DAGs
[2025-07-22T09:11:00.432+0000] {logging_mixin.py:188} INFO - [2025-07-22T09:11:00.432+0000] {dag.py:3954} INFO - Setting next_dagrun for example_xcom_args to None, run_after=None
[2025-07-22T09:11:00.438+0000] {logging_mixin.py:188} INFO - [2025-07-22T09:11:00.437+0000] {dag.py:3954} INFO - Setting next_dagrun for example_xcom_args_with_operators to None, run_after=None
[2025-07-22T09:11:00.456+0000] {processor.py:183} INFO - Processing /home/airflow/.local/lib/python3.12/site-packages/airflow/example_dags/example_xcomargs.py took 0.084 seconds
[2025-07-22T09:11:31.091+0000] {processor.py:161} INFO - Started process (PID=2359) to work on /home/airflow/.local/lib/python3.12/site-packages/airflow/example_dags/example_xcomargs.py
[2025-07-22T09:11:31.093+0000] {processor.py:830} INFO - Processing file /home/airflow/.local/lib/python3.12/site-packages/airflow/example_dags/example_xcomargs.py for tasks to queue
[2025-07-22T09:11:31.095+0000] {logging_mixin.py:188} INFO - [2025-07-22T09:11:31.095+0000] {dagbag.py:545} INFO - Filling up the DagBag from /home/airflow/.local/lib/python3.12/site-packages/airflow/example_dags/example_xcomargs.py
[2025-07-22T09:11:31.104+0000] {processor.py:840} INFO - DAG(s) 'example_xcom_args', 'example_xcom_args_with_operators' retrieved from /home/airflow/.local/lib/python3.12/site-packages/airflow/example_dags/example_xcomargs.py
[2025-07-22T09:11:31.134+0000] {logging_mixin.py:188} INFO - [2025-07-22T09:11:31.134+0000] {dag.py:3096} INFO - Sync 2 DAGs
[2025-07-22T09:11:31.150+0000] {logging_mixin.py:188} INFO - [2025-07-22T09:11:31.149+0000] {dag.py:3954} INFO - Setting next_dagrun for example_xcom_args to None, run_after=None
[2025-07-22T09:11:31.154+0000] {logging_mixin.py:188} INFO - [2025-07-22T09:11:31.154+0000] {dag.py:3954} INFO - Setting next_dagrun for example_xcom_args_with_operators to None, run_after=None
[2025-07-22T09:11:31.175+0000] {processor.py:183} INFO - Processing /home/airflow/.local/lib/python3.12/site-packages/airflow/example_dags/example_xcomargs.py took 0.091 seconds
[2025-07-22T09:12:02.030+0000] {processor.py:161} INFO - Started process (PID=2419) to work on /home/airflow/.local/lib/python3.12/site-packages/airflow/example_dags/example_xcomargs.py
[2025-07-22T09:12:02.031+0000] {processor.py:830} INFO - Processing file /home/airflow/.local/lib/python3.12/site-packages/airflow/example_dags/example_xcomargs.py for tasks to queue
[2025-07-22T09:12:02.034+0000] {logging_mixin.py:188} INFO - [2025-07-22T09:12:02.034+0000] {dagbag.py:545} INFO - Filling up the DagBag from /home/airflow/.local/lib/python3.12/site-packages/airflow/example_dags/example_xcomargs.py
[2025-07-22T09:12:02.054+0000] {processor.py:840} INFO - DAG(s) 'example_xcom_args_with_operators', 'example_xcom_args' retrieved from /home/airflow/.local/lib/python3.12/site-packages/airflow/example_dags/example_xcomargs.py
[2025-07-22T09:12:02.103+0000] {logging_mixin.py:188} INFO - [2025-07-22T09:12:02.103+0000] {dag.py:3096} INFO - Sync 2 DAGs
[2025-07-22T09:12:02.127+0000] {logging_mixin.py:188} INFO - [2025-07-22T09:12:02.127+0000] {dag.py:3954} INFO - Setting next_dagrun for example_xcom_args to None, run_after=None
[2025-07-22T09:12:02.134+0000] {logging_mixin.py:188} INFO - [2025-07-22T09:12:02.134+0000] {dag.py:3954} INFO - Setting next_dagrun for example_xcom_args_with_operators to None, run_after=None
[2025-07-22T09:12:02.167+0000] {processor.py:183} INFO - Processing /home/airflow/.local/lib/python3.12/site-packages/airflow/example_dags/example_xcomargs.py took 0.146 seconds
[2025-07-22T09:12:33.001+0000] {processor.py:161} INFO - Started process (PID=2479) to work on /home/airflow/.local/lib/python3.12/site-packages/airflow/example_dags/example_xcomargs.py
[2025-07-22T09:12:33.003+0000] {processor.py:830} INFO - Processing file /home/airflow/.local/lib/python3.12/site-packages/airflow/example_dags/example_xcomargs.py for tasks to queue
[2025-07-22T09:12:33.006+0000] {logging_mixin.py:188} INFO - [2025-07-22T09:12:33.005+0000] {dagbag.py:545} INFO - Filling up the DagBag from /home/airflow/.local/lib/python3.12/site-packages/airflow/example_dags/example_xcomargs.py
[2025-07-22T09:12:33.019+0000] {processor.py:840} INFO - DAG(s) 'example_xcom_args_with_operators', 'example_xcom_args' retrieved from /home/airflow/.local/lib/python3.12/site-packages/airflow/example_dags/example_xcomargs.py
[2025-07-22T09:12:33.056+0000] {logging_mixin.py:188} INFO - [2025-07-22T09:12:33.056+0000] {dag.py:3096} INFO - Sync 2 DAGs
[2025-07-22T09:12:33.086+0000] {logging_mixin.py:188} INFO - [2025-07-22T09:12:33.086+0000] {dag.py:3954} INFO - Setting next_dagrun for example_xcom_args to None, run_after=None
[2025-07-22T09:12:33.098+0000] {logging_mixin.py:188} INFO - [2025-07-22T09:12:33.098+0000] {dag.py:3954} INFO - Setting next_dagrun for example_xcom_args_with_operators to None, run_after=None
[2025-07-22T09:12:33.140+0000] {processor.py:183} INFO - Processing /home/airflow/.local/lib/python3.12/site-packages/airflow/example_dags/example_xcomargs.py took 0.148 seconds
[2025-07-22T09:13:03.831+0000] {processor.py:161} INFO - Started process (PID=2539) to work on /home/airflow/.local/lib/python3.12/site-packages/airflow/example_dags/example_xcomargs.py
[2025-07-22T09:13:03.832+0000] {processor.py:830} INFO - Processing file /home/airflow/.local/lib/python3.12/site-packages/airflow/example_dags/example_xcomargs.py for tasks to queue
[2025-07-22T09:13:03.835+0000] {logging_mixin.py:188} INFO - [2025-07-22T09:13:03.834+0000] {dagbag.py:545} INFO - Filling up the DagBag from /home/airflow/.local/lib/python3.12/site-packages/airflow/example_dags/example_xcomargs.py
[2025-07-22T09:13:03.844+0000] {processor.py:840} INFO - DAG(s) 'example_xcom_args_with_operators', 'example_xcom_args' retrieved from /home/airflow/.local/lib/python3.12/site-packages/airflow/example_dags/example_xcomargs.py
[2025-07-22T09:13:03.871+0000] {logging_mixin.py:188} INFO - [2025-07-22T09:13:03.871+0000] {dag.py:3096} INFO - Sync 2 DAGs
[2025-07-22T09:13:03.886+0000] {logging_mixin.py:188} INFO - [2025-07-22T09:13:03.885+0000] {dag.py:3954} INFO - Setting next_dagrun for example_xcom_args to None, run_after=None
[2025-07-22T09:13:03.890+0000] {logging_mixin.py:188} INFO - [2025-07-22T09:13:03.890+0000] {dag.py:3954} INFO - Setting next_dagrun for example_xcom_args_with_operators to None, run_after=None
[2025-07-22T09:13:03.912+0000] {processor.py:183} INFO - Processing /home/airflow/.local/lib/python3.12/site-packages/airflow/example_dags/example_xcomargs.py took 0.088 seconds
[2025-07-22T09:13:34.262+0000] {processor.py:161} INFO - Started process (PID=2599) to work on /home/airflow/.local/lib/python3.12/site-packages/airflow/example_dags/example_xcomargs.py
[2025-07-22T09:13:34.264+0000] {processor.py:830} INFO - Processing file /home/airflow/.local/lib/python3.12/site-packages/airflow/example_dags/example_xcomargs.py for tasks to queue
[2025-07-22T09:13:34.266+0000] {logging_mixin.py:188} INFO - [2025-07-22T09:13:34.266+0000] {dagbag.py:545} INFO - Filling up the DagBag from /home/airflow/.local/lib/python3.12/site-packages/airflow/example_dags/example_xcomargs.py
[2025-07-22T09:13:34.279+0000] {processor.py:840} INFO - DAG(s) 'example_xcom_args_with_operators', 'example_xcom_args' retrieved from /home/airflow/.local/lib/python3.12/site-packages/airflow/example_dags/example_xcomargs.py
[2025-07-22T09:13:34.315+0000] {logging_mixin.py:188} INFO - [2025-07-22T09:13:34.315+0000] {dag.py:3096} INFO - Sync 2 DAGs
[2025-07-22T09:13:34.335+0000] {logging_mixin.py:188} INFO - [2025-07-22T09:13:34.335+0000] {dag.py:3954} INFO - Setting next_dagrun for example_xcom_args to None, run_after=None
[2025-07-22T09:13:34.340+0000] {logging_mixin.py:188} INFO - [2025-07-22T09:13:34.340+0000] {dag.py:3954} INFO - Setting next_dagrun for example_xcom_args_with_operators to None, run_after=None
[2025-07-22T09:13:34.368+0000] {processor.py:183} INFO - Processing /home/airflow/.local/lib/python3.12/site-packages/airflow/example_dags/example_xcomargs.py took 0.115 seconds
[2025-07-22T09:14:04.449+0000] {processor.py:161} INFO - Started process (PID=2666) to work on /home/airflow/.local/lib/python3.12/site-packages/airflow/example_dags/example_xcomargs.py
[2025-07-22T09:14:04.450+0000] {processor.py:830} INFO - Processing file /home/airflow/.local/lib/python3.12/site-packages/airflow/example_dags/example_xcomargs.py for tasks to queue
[2025-07-22T09:14:04.453+0000] {logging_mixin.py:188} INFO - [2025-07-22T09:14:04.452+0000] {dagbag.py:545} INFO - Filling up the DagBag from /home/airflow/.local/lib/python3.12/site-packages/airflow/example_dags/example_xcomargs.py
[2025-07-22T09:14:04.464+0000] {processor.py:840} INFO - DAG(s) 'example_xcom_args_with_operators', 'example_xcom_args' retrieved from /home/airflow/.local/lib/python3.12/site-packages/airflow/example_dags/example_xcomargs.py
[2025-07-22T09:14:04.494+0000] {logging_mixin.py:188} INFO - [2025-07-22T09:14:04.494+0000] {dag.py:3096} INFO - Sync 2 DAGs
[2025-07-22T09:14:04.511+0000] {logging_mixin.py:188} INFO - [2025-07-22T09:14:04.510+0000] {dag.py:3954} INFO - Setting next_dagrun for example_xcom_args to None, run_after=None
[2025-07-22T09:14:04.516+0000] {logging_mixin.py:188} INFO - [2025-07-22T09:14:04.515+0000] {dag.py:3954} INFO - Setting next_dagrun for example_xcom_args_with_operators to None, run_after=None
[2025-07-22T09:14:04.536+0000] {processor.py:183} INFO - Processing /home/airflow/.local/lib/python3.12/site-packages/airflow/example_dags/example_xcomargs.py took 0.095 seconds
[2025-07-22T09:14:34.596+0000] {processor.py:161} INFO - Started process (PID=2725) to work on /home/airflow/.local/lib/python3.12/site-packages/airflow/example_dags/example_xcomargs.py
[2025-07-22T09:14:34.598+0000] {processor.py:830} INFO - Processing file /home/airflow/.local/lib/python3.12/site-packages/airflow/example_dags/example_xcomargs.py for tasks to queue
[2025-07-22T09:14:34.600+0000] {logging_mixin.py:188} INFO - [2025-07-22T09:14:34.600+0000] {dagbag.py:545} INFO - Filling up the DagBag from /home/airflow/.local/lib/python3.12/site-packages/airflow/example_dags/example_xcomargs.py
[2025-07-22T09:14:34.611+0000] {processor.py:840} INFO - DAG(s) 'example_xcom_args_with_operators', 'example_xcom_args' retrieved from /home/airflow/.local/lib/python3.12/site-packages/airflow/example_dags/example_xcomargs.py
[2025-07-22T09:14:34.641+0000] {logging_mixin.py:188} INFO - [2025-07-22T09:14:34.640+0000] {dag.py:3096} INFO - Sync 2 DAGs
[2025-07-22T09:14:34.657+0000] {logging_mixin.py:188} INFO - [2025-07-22T09:14:34.657+0000] {dag.py:3954} INFO - Setting next_dagrun for example_xcom_args to None, run_after=None
[2025-07-22T09:14:34.662+0000] {logging_mixin.py:188} INFO - [2025-07-22T09:14:34.662+0000] {dag.py:3954} INFO - Setting next_dagrun for example_xcom_args_with_operators to None, run_after=None
[2025-07-22T09:14:34.685+0000] {processor.py:183} INFO - Processing /home/airflow/.local/lib/python3.12/site-packages/airflow/example_dags/example_xcomargs.py took 0.098 seconds
[2025-07-22T09:15:04.776+0000] {processor.py:161} INFO - Started process (PID=2783) to work on /home/airflow/.local/lib/python3.12/site-packages/airflow/example_dags/example_xcomargs.py
[2025-07-22T09:15:04.777+0000] {processor.py:830} INFO - Processing file /home/airflow/.local/lib/python3.12/site-packages/airflow/example_dags/example_xcomargs.py for tasks to queue
[2025-07-22T09:15:04.780+0000] {logging_mixin.py:188} INFO - [2025-07-22T09:15:04.779+0000] {dagbag.py:545} INFO - Filling up the DagBag from /home/airflow/.local/lib/python3.12/site-packages/airflow/example_dags/example_xcomargs.py
[2025-07-22T09:15:04.790+0000] {processor.py:840} INFO - DAG(s) 'example_xcom_args_with_operators', 'example_xcom_args' retrieved from /home/airflow/.local/lib/python3.12/site-packages/airflow/example_dags/example_xcomargs.py
[2025-07-22T09:15:04.820+0000] {logging_mixin.py:188} INFO - [2025-07-22T09:15:04.819+0000] {dag.py:3096} INFO - Sync 2 DAGs
[2025-07-22T09:15:04.837+0000] {logging_mixin.py:188} INFO - [2025-07-22T09:15:04.836+0000] {dag.py:3954} INFO - Setting next_dagrun for example_xcom_args to None, run_after=None
[2025-07-22T09:15:04.842+0000] {logging_mixin.py:188} INFO - [2025-07-22T09:15:04.841+0000] {dag.py:3954} INFO - Setting next_dagrun for example_xcom_args_with_operators to None, run_after=None
[2025-07-22T09:15:04.863+0000] {processor.py:183} INFO - Processing /home/airflow/.local/lib/python3.12/site-packages/airflow/example_dags/example_xcomargs.py took 0.095 seconds
[2025-07-22T09:15:35.277+0000] {processor.py:161} INFO - Started process (PID=2844) to work on /home/airflow/.local/lib/python3.12/site-packages/airflow/example_dags/example_xcomargs.py
[2025-07-22T09:15:35.279+0000] {processor.py:830} INFO - Processing file /home/airflow/.local/lib/python3.12/site-packages/airflow/example_dags/example_xcomargs.py for tasks to queue
[2025-07-22T09:15:35.282+0000] {logging_mixin.py:188} INFO - [2025-07-22T09:15:35.281+0000] {dagbag.py:545} INFO - Filling up the DagBag from /home/airflow/.local/lib/python3.12/site-packages/airflow/example_dags/example_xcomargs.py
[2025-07-22T09:15:35.293+0000] {processor.py:840} INFO - DAG(s) 'example_xcom_args', 'example_xcom_args_with_operators' retrieved from /home/airflow/.local/lib/python3.12/site-packages/airflow/example_dags/example_xcomargs.py
[2025-07-22T09:15:35.328+0000] {logging_mixin.py:188} INFO - [2025-07-22T09:15:35.328+0000] {dag.py:3096} INFO - Sync 2 DAGs
[2025-07-22T09:15:35.346+0000] {logging_mixin.py:188} INFO - [2025-07-22T09:15:35.346+0000] {dag.py:3954} INFO - Setting next_dagrun for example_xcom_args to None, run_after=None
[2025-07-22T09:15:35.352+0000] {logging_mixin.py:188} INFO - [2025-07-22T09:15:35.351+0000] {dag.py:3954} INFO - Setting next_dagrun for example_xcom_args_with_operators to None, run_after=None
[2025-07-22T09:15:35.379+0000] {processor.py:183} INFO - Processing /home/airflow/.local/lib/python3.12/site-packages/airflow/example_dags/example_xcomargs.py took 0.110 seconds
[2025-07-22T09:16:05.518+0000] {processor.py:161} INFO - Started process (PID=2904) to work on /home/airflow/.local/lib/python3.12/site-packages/airflow/example_dags/example_xcomargs.py
[2025-07-22T09:16:05.519+0000] {processor.py:830} INFO - Processing file /home/airflow/.local/lib/python3.12/site-packages/airflow/example_dags/example_xcomargs.py for tasks to queue
[2025-07-22T09:16:05.522+0000] {logging_mixin.py:188} INFO - [2025-07-22T09:16:05.521+0000] {dagbag.py:545} INFO - Filling up the DagBag from /home/airflow/.local/lib/python3.12/site-packages/airflow/example_dags/example_xcomargs.py
[2025-07-22T09:16:05.532+0000] {processor.py:840} INFO - DAG(s) 'example_xcom_args', 'example_xcom_args_with_operators' retrieved from /home/airflow/.local/lib/python3.12/site-packages/airflow/example_dags/example_xcomargs.py
[2025-07-22T09:16:05.560+0000] {logging_mixin.py:188} INFO - [2025-07-22T09:16:05.560+0000] {dag.py:3096} INFO - Sync 2 DAGs
[2025-07-22T09:16:05.575+0000] {logging_mixin.py:188} INFO - [2025-07-22T09:16:05.575+0000] {dag.py:3954} INFO - Setting next_dagrun for example_xcom_args to None, run_after=None
[2025-07-22T09:16:05.580+0000] {logging_mixin.py:188} INFO - [2025-07-22T09:16:05.580+0000] {dag.py:3954} INFO - Setting next_dagrun for example_xcom_args_with_operators to None, run_after=None
[2025-07-22T09:16:05.602+0000] {processor.py:183} INFO - Processing /home/airflow/.local/lib/python3.12/site-packages/airflow/example_dags/example_xcomargs.py took 0.092 seconds
[2025-07-22T09:16:35.834+0000] {processor.py:161} INFO - Started process (PID=2964) to work on /home/airflow/.local/lib/python3.12/site-packages/airflow/example_dags/example_xcomargs.py
[2025-07-22T09:16:35.836+0000] {processor.py:830} INFO - Processing file /home/airflow/.local/lib/python3.12/site-packages/airflow/example_dags/example_xcomargs.py for tasks to queue
[2025-07-22T09:16:35.838+0000] {logging_mixin.py:188} INFO - [2025-07-22T09:16:35.838+0000] {dagbag.py:545} INFO - Filling up the DagBag from /home/airflow/.local/lib/python3.12/site-packages/airflow/example_dags/example_xcomargs.py
[2025-07-22T09:16:35.850+0000] {processor.py:840} INFO - DAG(s) 'example_xcom_args', 'example_xcom_args_with_operators' retrieved from /home/airflow/.local/lib/python3.12/site-packages/airflow/example_dags/example_xcomargs.py
[2025-07-22T09:16:35.887+0000] {logging_mixin.py:188} INFO - [2025-07-22T09:16:35.886+0000] {dag.py:3096} INFO - Sync 2 DAGs
[2025-07-22T09:16:35.904+0000] {logging_mixin.py:188} INFO - [2025-07-22T09:16:35.904+0000] {dag.py:3954} INFO - Setting next_dagrun for example_xcom_args to None, run_after=None
[2025-07-22T09:16:35.909+0000] {logging_mixin.py:188} INFO - [2025-07-22T09:16:35.909+0000] {dag.py:3954} INFO - Setting next_dagrun for example_xcom_args_with_operators to None, run_after=None
[2025-07-22T09:16:35.943+0000] {processor.py:183} INFO - Processing /home/airflow/.local/lib/python3.12/site-packages/airflow/example_dags/example_xcomargs.py took 0.118 seconds
[2025-07-22T09:17:06.355+0000] {processor.py:161} INFO - Started process (PID=3024) to work on /home/airflow/.local/lib/python3.12/site-packages/airflow/example_dags/example_xcomargs.py
[2025-07-22T09:17:06.358+0000] {processor.py:830} INFO - Processing file /home/airflow/.local/lib/python3.12/site-packages/airflow/example_dags/example_xcomargs.py for tasks to queue
[2025-07-22T09:17:06.361+0000] {logging_mixin.py:188} INFO - [2025-07-22T09:17:06.360+0000] {dagbag.py:545} INFO - Filling up the DagBag from /home/airflow/.local/lib/python3.12/site-packages/airflow/example_dags/example_xcomargs.py
[2025-07-22T09:17:06.377+0000] {processor.py:840} INFO - DAG(s) 'example_xcom_args', 'example_xcom_args_with_operators' retrieved from /home/airflow/.local/lib/python3.12/site-packages/airflow/example_dags/example_xcomargs.py
[2025-07-22T09:17:06.432+0000] {logging_mixin.py:188} INFO - [2025-07-22T09:17:06.432+0000] {dag.py:3096} INFO - Sync 2 DAGs
[2025-07-22T09:17:06.455+0000] {logging_mixin.py:188} INFO - [2025-07-22T09:17:06.455+0000] {dag.py:3954} INFO - Setting next_dagrun for example_xcom_args to None, run_after=None
[2025-07-22T09:17:06.463+0000] {logging_mixin.py:188} INFO - [2025-07-22T09:17:06.462+0000] {dag.py:3954} INFO - Setting next_dagrun for example_xcom_args_with_operators to None, run_after=None
[2025-07-22T09:17:06.494+0000] {processor.py:183} INFO - Processing /home/airflow/.local/lib/python3.12/site-packages/airflow/example_dags/example_xcomargs.py took 0.148 seconds
[2025-07-22T09:17:36.576+0000] {processor.py:161} INFO - Started process (PID=3084) to work on /home/airflow/.local/lib/python3.12/site-packages/airflow/example_dags/example_xcomargs.py
[2025-07-22T09:17:36.577+0000] {processor.py:830} INFO - Processing file /home/airflow/.local/lib/python3.12/site-packages/airflow/example_dags/example_xcomargs.py for tasks to queue
[2025-07-22T09:17:36.579+0000] {logging_mixin.py:188} INFO - [2025-07-22T09:17:36.579+0000] {dagbag.py:545} INFO - Filling up the DagBag from /home/airflow/.local/lib/python3.12/site-packages/airflow/example_dags/example_xcomargs.py
[2025-07-22T09:17:36.589+0000] {processor.py:840} INFO - DAG(s) 'example_xcom_args_with_operators', 'example_xcom_args' retrieved from /home/airflow/.local/lib/python3.12/site-packages/airflow/example_dags/example_xcomargs.py
[2025-07-22T09:17:36.616+0000] {logging_mixin.py:188} INFO - [2025-07-22T09:17:36.616+0000] {dag.py:3096} INFO - Sync 2 DAGs
[2025-07-22T09:17:36.630+0000] {logging_mixin.py:188} INFO - [2025-07-22T09:17:36.630+0000] {dag.py:3954} INFO - Setting next_dagrun for example_xcom_args to None, run_after=None
[2025-07-22T09:17:36.635+0000] {logging_mixin.py:188} INFO - [2025-07-22T09:17:36.635+0000] {dag.py:3954} INFO - Setting next_dagrun for example_xcom_args_with_operators to None, run_after=None
[2025-07-22T09:17:36.654+0000] {processor.py:183} INFO - Processing /home/airflow/.local/lib/python3.12/site-packages/airflow/example_dags/example_xcomargs.py took 0.088 seconds
[2025-07-22T09:18:07.490+0000] {processor.py:161} INFO - Started process (PID=3144) to work on /home/airflow/.local/lib/python3.12/site-packages/airflow/example_dags/example_xcomargs.py
[2025-07-22T09:18:07.492+0000] {processor.py:830} INFO - Processing file /home/airflow/.local/lib/python3.12/site-packages/airflow/example_dags/example_xcomargs.py for tasks to queue
[2025-07-22T09:18:07.494+0000] {logging_mixin.py:188} INFO - [2025-07-22T09:18:07.494+0000] {dagbag.py:545} INFO - Filling up the DagBag from /home/airflow/.local/lib/python3.12/site-packages/airflow/example_dags/example_xcomargs.py
[2025-07-22T09:18:07.506+0000] {processor.py:840} INFO - DAG(s) 'example_xcom_args', 'example_xcom_args_with_operators' retrieved from /home/airflow/.local/lib/python3.12/site-packages/airflow/example_dags/example_xcomargs.py
[2025-07-22T09:18:07.537+0000] {logging_mixin.py:188} INFO - [2025-07-22T09:18:07.536+0000] {dag.py:3096} INFO - Sync 2 DAGs
[2025-07-22T09:18:07.554+0000] {logging_mixin.py:188} INFO - [2025-07-22T09:18:07.554+0000] {dag.py:3954} INFO - Setting next_dagrun for example_xcom_args to None, run_after=None
[2025-07-22T09:18:07.560+0000] {logging_mixin.py:188} INFO - [2025-07-22T09:18:07.559+0000] {dag.py:3954} INFO - Setting next_dagrun for example_xcom_args_with_operators to None, run_after=None
[2025-07-22T09:18:07.584+0000] {processor.py:183} INFO - Processing /home/airflow/.local/lib/python3.12/site-packages/airflow/example_dags/example_xcomargs.py took 0.102 seconds
[2025-07-22T09:18:38.297+0000] {processor.py:161} INFO - Started process (PID=3204) to work on /home/airflow/.local/lib/python3.12/site-packages/airflow/example_dags/example_xcomargs.py
[2025-07-22T09:18:38.298+0000] {processor.py:830} INFO - Processing file /home/airflow/.local/lib/python3.12/site-packages/airflow/example_dags/example_xcomargs.py for tasks to queue
[2025-07-22T09:18:38.301+0000] {logging_mixin.py:188} INFO - [2025-07-22T09:18:38.300+0000] {dagbag.py:545} INFO - Filling up the DagBag from /home/airflow/.local/lib/python3.12/site-packages/airflow/example_dags/example_xcomargs.py
[2025-07-22T09:18:38.313+0000] {processor.py:840} INFO - DAG(s) 'example_xcom_args', 'example_xcom_args_with_operators' retrieved from /home/airflow/.local/lib/python3.12/site-packages/airflow/example_dags/example_xcomargs.py
[2025-07-22T09:18:38.352+0000] {logging_mixin.py:188} INFO - [2025-07-22T09:18:38.352+0000] {dag.py:3096} INFO - Sync 2 DAGs
[2025-07-22T09:18:38.370+0000] {logging_mixin.py:188} INFO - [2025-07-22T09:18:38.370+0000] {dag.py:3954} INFO - Setting next_dagrun for example_xcom_args to None, run_after=None
[2025-07-22T09:18:38.378+0000] {logging_mixin.py:188} INFO - [2025-07-22T09:18:38.378+0000] {dag.py:3954} INFO - Setting next_dagrun for example_xcom_args_with_operators to None, run_after=None
[2025-07-22T09:18:38.404+0000] {processor.py:183} INFO - Processing /home/airflow/.local/lib/python3.12/site-packages/airflow/example_dags/example_xcomargs.py took 0.118 seconds
[2025-07-22T09:19:08.783+0000] {processor.py:161} INFO - Started process (PID=3264) to work on /home/airflow/.local/lib/python3.12/site-packages/airflow/example_dags/example_xcomargs.py
[2025-07-22T09:19:08.784+0000] {processor.py:830} INFO - Processing file /home/airflow/.local/lib/python3.12/site-packages/airflow/example_dags/example_xcomargs.py for tasks to queue
[2025-07-22T09:19:08.786+0000] {logging_mixin.py:188} INFO - [2025-07-22T09:19:08.786+0000] {dagbag.py:545} INFO - Filling up the DagBag from /home/airflow/.local/lib/python3.12/site-packages/airflow/example_dags/example_xcomargs.py
[2025-07-22T09:19:08.796+0000] {processor.py:840} INFO - DAG(s) 'example_xcom_args_with_operators', 'example_xcom_args' retrieved from /home/airflow/.local/lib/python3.12/site-packages/airflow/example_dags/example_xcomargs.py
[2025-07-22T09:19:08.823+0000] {logging_mixin.py:188} INFO - [2025-07-22T09:19:08.823+0000] {dag.py:3096} INFO - Sync 2 DAGs
[2025-07-22T09:19:08.839+0000] {logging_mixin.py:188} INFO - [2025-07-22T09:19:08.839+0000] {dag.py:3954} INFO - Setting next_dagrun for example_xcom_args to None, run_after=None
[2025-07-22T09:19:08.844+0000] {logging_mixin.py:188} INFO - [2025-07-22T09:19:08.844+0000] {dag.py:3954} INFO - Setting next_dagrun for example_xcom_args_with_operators to None, run_after=None
[2025-07-22T09:19:08.866+0000] {processor.py:183} INFO - Processing /home/airflow/.local/lib/python3.12/site-packages/airflow/example_dags/example_xcomargs.py took 0.090 seconds
[2025-07-22T09:19:39.013+0000] {processor.py:161} INFO - Started process (PID=3324) to work on /home/airflow/.local/lib/python3.12/site-packages/airflow/example_dags/example_xcomargs.py
[2025-07-22T09:19:39.014+0000] {processor.py:830} INFO - Processing file /home/airflow/.local/lib/python3.12/site-packages/airflow/example_dags/example_xcomargs.py for tasks to queue
[2025-07-22T09:19:39.017+0000] {logging_mixin.py:188} INFO - [2025-07-22T09:19:39.017+0000] {dagbag.py:545} INFO - Filling up the DagBag from /home/airflow/.local/lib/python3.12/site-packages/airflow/example_dags/example_xcomargs.py
[2025-07-22T09:19:39.027+0000] {processor.py:840} INFO - DAG(s) 'example_xcom_args', 'example_xcom_args_with_operators' retrieved from /home/airflow/.local/lib/python3.12/site-packages/airflow/example_dags/example_xcomargs.py
[2025-07-22T09:19:39.057+0000] {logging_mixin.py:188} INFO - [2025-07-22T09:19:39.057+0000] {dag.py:3096} INFO - Sync 2 DAGs
[2025-07-22T09:19:39.073+0000] {logging_mixin.py:188} INFO - [2025-07-22T09:19:39.073+0000] {dag.py:3954} INFO - Setting next_dagrun for example_xcom_args to None, run_after=None
[2025-07-22T09:19:39.079+0000] {logging_mixin.py:188} INFO - [2025-07-22T09:19:39.079+0000] {dag.py:3954} INFO - Setting next_dagrun for example_xcom_args_with_operators to None, run_after=None
[2025-07-22T09:19:39.100+0000] {processor.py:183} INFO - Processing /home/airflow/.local/lib/python3.12/site-packages/airflow/example_dags/example_xcomargs.py took 0.094 seconds
[2025-07-22T09:20:09.405+0000] {processor.py:161} INFO - Started process (PID=3384) to work on /home/airflow/.local/lib/python3.12/site-packages/airflow/example_dags/example_xcomargs.py
[2025-07-22T09:20:09.406+0000] {processor.py:830} INFO - Processing file /home/airflow/.local/lib/python3.12/site-packages/airflow/example_dags/example_xcomargs.py for tasks to queue
[2025-07-22T09:20:09.408+0000] {logging_mixin.py:188} INFO - [2025-07-22T09:20:09.407+0000] {dagbag.py:545} INFO - Filling up the DagBag from /home/airflow/.local/lib/python3.12/site-packages/airflow/example_dags/example_xcomargs.py
[2025-07-22T09:20:09.417+0000] {processor.py:840} INFO - DAG(s) 'example_xcom_args_with_operators', 'example_xcom_args' retrieved from /home/airflow/.local/lib/python3.12/site-packages/airflow/example_dags/example_xcomargs.py
[2025-07-22T09:20:09.443+0000] {logging_mixin.py:188} INFO - [2025-07-22T09:20:09.443+0000] {dag.py:3096} INFO - Sync 2 DAGs
[2025-07-22T09:20:09.458+0000] {logging_mixin.py:188} INFO - [2025-07-22T09:20:09.457+0000] {dag.py:3954} INFO - Setting next_dagrun for example_xcom_args to None, run_after=None
[2025-07-22T09:20:09.463+0000] {logging_mixin.py:188} INFO - [2025-07-22T09:20:09.463+0000] {dag.py:3954} INFO - Setting next_dagrun for example_xcom_args_with_operators to None, run_after=None
[2025-07-22T09:20:09.483+0000] {processor.py:183} INFO - Processing /home/airflow/.local/lib/python3.12/site-packages/airflow/example_dags/example_xcomargs.py took 0.086 seconds
[2025-07-22T09:20:39.846+0000] {processor.py:161} INFO - Started process (PID=3444) to work on /home/airflow/.local/lib/python3.12/site-packages/airflow/example_dags/example_xcomargs.py
[2025-07-22T09:20:39.847+0000] {processor.py:830} INFO - Processing file /home/airflow/.local/lib/python3.12/site-packages/airflow/example_dags/example_xcomargs.py for tasks to queue
[2025-07-22T09:20:39.850+0000] {logging_mixin.py:188} INFO - [2025-07-22T09:20:39.850+0000] {dagbag.py:545} INFO - Filling up the DagBag from /home/airflow/.local/lib/python3.12/site-packages/airflow/example_dags/example_xcomargs.py
[2025-07-22T09:20:39.860+0000] {processor.py:840} INFO - DAG(s) 'example_xcom_args', 'example_xcom_args_with_operators' retrieved from /home/airflow/.local/lib/python3.12/site-packages/airflow/example_dags/example_xcomargs.py
[2025-07-22T09:20:39.889+0000] {logging_mixin.py:188} INFO - [2025-07-22T09:20:39.889+0000] {dag.py:3096} INFO - Sync 2 DAGs
[2025-07-22T09:20:39.906+0000] {logging_mixin.py:188} INFO - [2025-07-22T09:20:39.906+0000] {dag.py:3954} INFO - Setting next_dagrun for example_xcom_args to None, run_after=None
[2025-07-22T09:20:39.911+0000] {logging_mixin.py:188} INFO - [2025-07-22T09:20:39.910+0000] {dag.py:3954} INFO - Setting next_dagrun for example_xcom_args_with_operators to None, run_after=None
[2025-07-22T09:20:39.931+0000] {processor.py:183} INFO - Processing /home/airflow/.local/lib/python3.12/site-packages/airflow/example_dags/example_xcomargs.py took 0.093 seconds
[2025-07-22T09:21:10.125+0000] {processor.py:161} INFO - Started process (PID=3505) to work on /home/airflow/.local/lib/python3.12/site-packages/airflow/example_dags/example_xcomargs.py
[2025-07-22T09:21:10.126+0000] {processor.py:830} INFO - Processing file /home/airflow/.local/lib/python3.12/site-packages/airflow/example_dags/example_xcomargs.py for tasks to queue
[2025-07-22T09:21:10.128+0000] {logging_mixin.py:188} INFO - [2025-07-22T09:21:10.128+0000] {dagbag.py:545} INFO - Filling up the DagBag from /home/airflow/.local/lib/python3.12/site-packages/airflow/example_dags/example_xcomargs.py
[2025-07-22T09:21:10.139+0000] {processor.py:840} INFO - DAG(s) 'example_xcom_args', 'example_xcom_args_with_operators' retrieved from /home/airflow/.local/lib/python3.12/site-packages/airflow/example_dags/example_xcomargs.py
[2025-07-22T09:21:10.172+0000] {logging_mixin.py:188} INFO - [2025-07-22T09:21:10.172+0000] {dag.py:3096} INFO - Sync 2 DAGs
[2025-07-22T09:21:10.188+0000] {logging_mixin.py:188} INFO - [2025-07-22T09:21:10.188+0000] {dag.py:3954} INFO - Setting next_dagrun for example_xcom_args to None, run_after=None
[2025-07-22T09:21:10.192+0000] {logging_mixin.py:188} INFO - [2025-07-22T09:21:10.192+0000] {dag.py:3954} INFO - Setting next_dagrun for example_xcom_args_with_operators to None, run_after=None
[2025-07-22T09:21:10.214+0000] {processor.py:183} INFO - Processing /home/airflow/.local/lib/python3.12/site-packages/airflow/example_dags/example_xcomargs.py took 0.096 seconds
[2025-07-22T09:21:40.332+0000] {processor.py:161} INFO - Started process (PID=3565) to work on /home/airflow/.local/lib/python3.12/site-packages/airflow/example_dags/example_xcomargs.py
[2025-07-22T09:21:40.333+0000] {processor.py:830} INFO - Processing file /home/airflow/.local/lib/python3.12/site-packages/airflow/example_dags/example_xcomargs.py for tasks to queue
[2025-07-22T09:21:40.336+0000] {logging_mixin.py:188} INFO - [2025-07-22T09:21:40.335+0000] {dagbag.py:545} INFO - Filling up the DagBag from /home/airflow/.local/lib/python3.12/site-packages/airflow/example_dags/example_xcomargs.py
[2025-07-22T09:21:40.344+0000] {processor.py:840} INFO - DAG(s) 'example_xcom_args', 'example_xcom_args_with_operators' retrieved from /home/airflow/.local/lib/python3.12/site-packages/airflow/example_dags/example_xcomargs.py
[2025-07-22T09:21:40.371+0000] {logging_mixin.py:188} INFO - [2025-07-22T09:21:40.371+0000] {dag.py:3096} INFO - Sync 2 DAGs
[2025-07-22T09:21:40.385+0000] {logging_mixin.py:188} INFO - [2025-07-22T09:21:40.385+0000] {dag.py:3954} INFO - Setting next_dagrun for example_xcom_args to None, run_after=None
[2025-07-22T09:21:40.390+0000] {logging_mixin.py:188} INFO - [2025-07-22T09:21:40.389+0000] {dag.py:3954} INFO - Setting next_dagrun for example_xcom_args_with_operators to None, run_after=None
[2025-07-22T09:21:40.410+0000] {processor.py:183} INFO - Processing /home/airflow/.local/lib/python3.12/site-packages/airflow/example_dags/example_xcomargs.py took 0.084 seconds
[2025-07-22T09:22:10.654+0000] {processor.py:161} INFO - Started process (PID=3625) to work on /home/airflow/.local/lib/python3.12/site-packages/airflow/example_dags/example_xcomargs.py
[2025-07-22T09:22:10.655+0000] {processor.py:830} INFO - Processing file /home/airflow/.local/lib/python3.12/site-packages/airflow/example_dags/example_xcomargs.py for tasks to queue
[2025-07-22T09:22:10.658+0000] {logging_mixin.py:188} INFO - [2025-07-22T09:22:10.657+0000] {dagbag.py:545} INFO - Filling up the DagBag from /home/airflow/.local/lib/python3.12/site-packages/airflow/example_dags/example_xcomargs.py
[2025-07-22T09:22:10.667+0000] {processor.py:840} INFO - DAG(s) 'example_xcom_args', 'example_xcom_args_with_operators' retrieved from /home/airflow/.local/lib/python3.12/site-packages/airflow/example_dags/example_xcomargs.py
[2025-07-22T09:22:10.696+0000] {logging_mixin.py:188} INFO - [2025-07-22T09:22:10.696+0000] {dag.py:3096} INFO - Sync 2 DAGs
[2025-07-22T09:22:10.711+0000] {logging_mixin.py:188} INFO - [2025-07-22T09:22:10.711+0000] {dag.py:3954} INFO - Setting next_dagrun for example_xcom_args to None, run_after=None
[2025-07-22T09:22:10.716+0000] {logging_mixin.py:188} INFO - [2025-07-22T09:22:10.716+0000] {dag.py:3954} INFO - Setting next_dagrun for example_xcom_args_with_operators to None, run_after=None
[2025-07-22T09:22:10.735+0000] {processor.py:183} INFO - Processing /home/airflow/.local/lib/python3.12/site-packages/airflow/example_dags/example_xcomargs.py took 0.089 seconds
[2025-07-22T09:22:41.893+0000] {logging_mixin.py:188} INFO - [2025-07-22T09:22:41.893+0000] {process_utils.py:263} INFO - Waiting up to 5 seconds for processes to exit...
