[2025-07-22T08:52:10.995+0000] {processor.py:161} INFO - Started process (PID=106) to work on /home/airflow/.local/lib/python3.12/site-packages/airflow/example_dags/example_task_group_decorator.py
[2025-07-22T08:52:10.997+0000] {processor.py:830} INFO - Processing file /home/airflow/.local/lib/python3.12/site-packages/airflow/example_dags/example_task_group_decorator.py for tasks to queue
[2025-07-22T08:52:10.999+0000] {logging_mixin.py:188} INFO - [2025-07-22T08:52:10.999+0000] {dagbag.py:545} INFO - Filling up the DagBag from /home/airflow/.local/lib/python3.12/site-packages/airflow/example_dags/example_task_group_decorator.py
[2025-07-22T08:52:11.019+0000] {processor.py:840} INFO - DAG(s) 'example_task_group_decorator' retrieved from /home/airflow/.local/lib/python3.12/site-packages/airflow/example_dags/example_task_group_decorator.py
[2025-07-22T08:52:11.171+0000] {logging_mixin.py:188} INFO - [2025-07-22T08:52:11.170+0000] {dag.py:3096} INFO - Sync 1 DAGs
[2025-07-22T08:52:11.198+0000] {logging_mixin.py:188} INFO - [2025-07-22T08:52:11.198+0000] {dag.py:3954} INFO - Setting next_dagrun for example_task_group_decorator to 2025-07-21 00:00:00+00:00, run_after=2025-07-22 00:00:00+00:00
[2025-07-22T08:52:11.235+0000] {processor.py:183} INFO - Processing /home/airflow/.local/lib/python3.12/site-packages/airflow/example_dags/example_task_group_decorator.py took 0.247 seconds
[2025-07-22T08:52:41.794+0000] {processor.py:161} INFO - Started process (PID=164) to work on /home/airflow/.local/lib/python3.12/site-packages/airflow/example_dags/example_task_group_decorator.py
[2025-07-22T08:52:41.796+0000] {processor.py:830} INFO - Processing file /home/airflow/.local/lib/python3.12/site-packages/airflow/example_dags/example_task_group_decorator.py for tasks to queue
[2025-07-22T08:52:41.798+0000] {logging_mixin.py:188} INFO - [2025-07-22T08:52:41.798+0000] {dagbag.py:545} INFO - Filling up the DagBag from /home/airflow/.local/lib/python3.12/site-packages/airflow/example_dags/example_task_group_decorator.py
[2025-07-22T08:52:41.816+0000] {processor.py:840} INFO - DAG(s) 'example_task_group_decorator' retrieved from /home/airflow/.local/lib/python3.12/site-packages/airflow/example_dags/example_task_group_decorator.py
[2025-07-22T08:52:41.847+0000] {logging_mixin.py:188} INFO - [2025-07-22T08:52:41.847+0000] {dag.py:3096} INFO - Sync 1 DAGs
[2025-07-22T08:52:41.874+0000] {logging_mixin.py:188} INFO - [2025-07-22T08:52:41.874+0000] {dag.py:3954} INFO - Setting next_dagrun for example_task_group_decorator to 2025-07-21 00:00:00+00:00, run_after=2025-07-22 00:00:00+00:00
[2025-07-22T08:52:41.898+0000] {processor.py:183} INFO - Processing /home/airflow/.local/lib/python3.12/site-packages/airflow/example_dags/example_task_group_decorator.py took 0.111 seconds
[2025-07-22T08:53:12.161+0000] {processor.py:161} INFO - Started process (PID=222) to work on /home/airflow/.local/lib/python3.12/site-packages/airflow/example_dags/example_task_group_decorator.py
[2025-07-22T08:53:12.162+0000] {processor.py:830} INFO - Processing file /home/airflow/.local/lib/python3.12/site-packages/airflow/example_dags/example_task_group_decorator.py for tasks to queue
[2025-07-22T08:53:12.164+0000] {logging_mixin.py:188} INFO - [2025-07-22T08:53:12.164+0000] {dagbag.py:545} INFO - Filling up the DagBag from /home/airflow/.local/lib/python3.12/site-packages/airflow/example_dags/example_task_group_decorator.py
[2025-07-22T08:53:12.182+0000] {processor.py:840} INFO - DAG(s) 'example_task_group_decorator' retrieved from /home/airflow/.local/lib/python3.12/site-packages/airflow/example_dags/example_task_group_decorator.py
[2025-07-22T08:53:12.216+0000] {logging_mixin.py:188} INFO - [2025-07-22T08:53:12.215+0000] {dag.py:3096} INFO - Sync 1 DAGs
[2025-07-22T08:53:12.243+0000] {logging_mixin.py:188} INFO - [2025-07-22T08:53:12.243+0000] {dag.py:3954} INFO - Setting next_dagrun for example_task_group_decorator to 2025-07-21 00:00:00+00:00, run_after=2025-07-22 00:00:00+00:00
[2025-07-22T08:53:12.271+0000] {processor.py:183} INFO - Processing /home/airflow/.local/lib/python3.12/site-packages/airflow/example_dags/example_task_group_decorator.py took 0.117 seconds
[2025-07-22T08:53:43.178+0000] {processor.py:161} INFO - Started process (PID=280) to work on /home/airflow/.local/lib/python3.12/site-packages/airflow/example_dags/example_task_group_decorator.py
[2025-07-22T08:53:43.181+0000] {processor.py:830} INFO - Processing file /home/airflow/.local/lib/python3.12/site-packages/airflow/example_dags/example_task_group_decorator.py for tasks to queue
[2025-07-22T08:53:43.184+0000] {logging_mixin.py:188} INFO - [2025-07-22T08:53:43.183+0000] {dagbag.py:545} INFO - Filling up the DagBag from /home/airflow/.local/lib/python3.12/site-packages/airflow/example_dags/example_task_group_decorator.py
[2025-07-22T08:53:43.225+0000] {processor.py:840} INFO - DAG(s) 'example_task_group_decorator' retrieved from /home/airflow/.local/lib/python3.12/site-packages/airflow/example_dags/example_task_group_decorator.py
[2025-07-22T08:53:43.308+0000] {logging_mixin.py:188} INFO - [2025-07-22T08:53:43.307+0000] {dag.py:3096} INFO - Sync 1 DAGs
[2025-07-22T08:53:43.383+0000] {logging_mixin.py:188} INFO - [2025-07-22T08:53:43.382+0000] {dag.py:3954} INFO - Setting next_dagrun for example_task_group_decorator to 2025-07-21 00:00:00+00:00, run_after=2025-07-22 00:00:00+00:00
[2025-07-22T08:53:43.424+0000] {processor.py:183} INFO - Processing /home/airflow/.local/lib/python3.12/site-packages/airflow/example_dags/example_task_group_decorator.py took 0.260 seconds
[2025-07-22T08:54:13.496+0000] {processor.py:161} INFO - Started process (PID=338) to work on /home/airflow/.local/lib/python3.12/site-packages/airflow/example_dags/example_task_group_decorator.py
[2025-07-22T08:54:13.497+0000] {processor.py:830} INFO - Processing file /home/airflow/.local/lib/python3.12/site-packages/airflow/example_dags/example_task_group_decorator.py for tasks to queue
[2025-07-22T08:54:13.501+0000] {logging_mixin.py:188} INFO - [2025-07-22T08:54:13.500+0000] {dagbag.py:545} INFO - Filling up the DagBag from /home/airflow/.local/lib/python3.12/site-packages/airflow/example_dags/example_task_group_decorator.py
[2025-07-22T08:54:13.522+0000] {processor.py:840} INFO - DAG(s) 'example_task_group_decorator' retrieved from /home/airflow/.local/lib/python3.12/site-packages/airflow/example_dags/example_task_group_decorator.py
[2025-07-22T08:54:13.555+0000] {logging_mixin.py:188} INFO - [2025-07-22T08:54:13.555+0000] {dag.py:3096} INFO - Sync 1 DAGs
[2025-07-22T08:54:13.591+0000] {logging_mixin.py:188} INFO - [2025-07-22T08:54:13.591+0000] {dag.py:3954} INFO - Setting next_dagrun for example_task_group_decorator to 2025-07-21 00:00:00+00:00, run_after=2025-07-22 00:00:00+00:00
[2025-07-22T08:54:13.617+0000] {processor.py:183} INFO - Processing /home/airflow/.local/lib/python3.12/site-packages/airflow/example_dags/example_task_group_decorator.py took 0.133 seconds
[2025-07-22T08:54:43.671+0000] {processor.py:161} INFO - Started process (PID=396) to work on /home/airflow/.local/lib/python3.12/site-packages/airflow/example_dags/example_task_group_decorator.py
[2025-07-22T08:54:43.673+0000] {processor.py:830} INFO - Processing file /home/airflow/.local/lib/python3.12/site-packages/airflow/example_dags/example_task_group_decorator.py for tasks to queue
[2025-07-22T08:54:43.675+0000] {logging_mixin.py:188} INFO - [2025-07-22T08:54:43.675+0000] {dagbag.py:545} INFO - Filling up the DagBag from /home/airflow/.local/lib/python3.12/site-packages/airflow/example_dags/example_task_group_decorator.py
[2025-07-22T08:54:43.694+0000] {processor.py:840} INFO - DAG(s) 'example_task_group_decorator' retrieved from /home/airflow/.local/lib/python3.12/site-packages/airflow/example_dags/example_task_group_decorator.py
[2025-07-22T08:54:43.727+0000] {logging_mixin.py:188} INFO - [2025-07-22T08:54:43.727+0000] {dag.py:3096} INFO - Sync 1 DAGs
[2025-07-22T08:54:43.754+0000] {logging_mixin.py:188} INFO - [2025-07-22T08:54:43.754+0000] {dag.py:3954} INFO - Setting next_dagrun for example_task_group_decorator to 2025-07-21 00:00:00+00:00, run_after=2025-07-22 00:00:00+00:00
[2025-07-22T08:54:43.778+0000] {processor.py:183} INFO - Processing /home/airflow/.local/lib/python3.12/site-packages/airflow/example_dags/example_task_group_decorator.py took 0.114 seconds
[2025-07-22T08:55:14.458+0000] {processor.py:161} INFO - Started process (PID=454) to work on /home/airflow/.local/lib/python3.12/site-packages/airflow/example_dags/example_task_group_decorator.py
[2025-07-22T08:55:14.460+0000] {processor.py:830} INFO - Processing file /home/airflow/.local/lib/python3.12/site-packages/airflow/example_dags/example_task_group_decorator.py for tasks to queue
[2025-07-22T08:55:14.463+0000] {logging_mixin.py:188} INFO - [2025-07-22T08:55:14.462+0000] {dagbag.py:545} INFO - Filling up the DagBag from /home/airflow/.local/lib/python3.12/site-packages/airflow/example_dags/example_task_group_decorator.py
[2025-07-22T08:55:14.484+0000] {processor.py:840} INFO - DAG(s) 'example_task_group_decorator' retrieved from /home/airflow/.local/lib/python3.12/site-packages/airflow/example_dags/example_task_group_decorator.py
[2025-07-22T08:55:14.531+0000] {logging_mixin.py:188} INFO - [2025-07-22T08:55:14.531+0000] {dag.py:3096} INFO - Sync 1 DAGs
[2025-07-22T08:55:14.567+0000] {logging_mixin.py:188} INFO - [2025-07-22T08:55:14.567+0000] {dag.py:3954} INFO - Setting next_dagrun for example_task_group_decorator to 2025-07-21 00:00:00+00:00, run_after=2025-07-22 00:00:00+00:00
[2025-07-22T08:55:14.594+0000] {processor.py:183} INFO - Processing /home/airflow/.local/lib/python3.12/site-packages/airflow/example_dags/example_task_group_decorator.py took 0.144 seconds
[2025-07-22T08:55:45.341+0000] {processor.py:161} INFO - Started process (PID=512) to work on /home/airflow/.local/lib/python3.12/site-packages/airflow/example_dags/example_task_group_decorator.py
[2025-07-22T08:55:45.343+0000] {processor.py:830} INFO - Processing file /home/airflow/.local/lib/python3.12/site-packages/airflow/example_dags/example_task_group_decorator.py for tasks to queue
[2025-07-22T08:55:45.345+0000] {logging_mixin.py:188} INFO - [2025-07-22T08:55:45.345+0000] {dagbag.py:545} INFO - Filling up the DagBag from /home/airflow/.local/lib/python3.12/site-packages/airflow/example_dags/example_task_group_decorator.py
[2025-07-22T08:55:45.361+0000] {processor.py:840} INFO - DAG(s) 'example_task_group_decorator' retrieved from /home/airflow/.local/lib/python3.12/site-packages/airflow/example_dags/example_task_group_decorator.py
[2025-07-22T08:55:45.397+0000] {logging_mixin.py:188} INFO - [2025-07-22T08:55:45.397+0000] {dag.py:3096} INFO - Sync 1 DAGs
[2025-07-22T08:55:45.420+0000] {logging_mixin.py:188} INFO - [2025-07-22T08:55:45.419+0000] {dag.py:3954} INFO - Setting next_dagrun for example_task_group_decorator to 2025-07-21 00:00:00+00:00, run_after=2025-07-22 00:00:00+00:00
[2025-07-22T08:55:45.441+0000] {processor.py:183} INFO - Processing /home/airflow/.local/lib/python3.12/site-packages/airflow/example_dags/example_task_group_decorator.py took 0.106 seconds
[2025-07-22T08:56:15.752+0000] {processor.py:161} INFO - Started process (PID=570) to work on /home/airflow/.local/lib/python3.12/site-packages/airflow/example_dags/example_task_group_decorator.py
[2025-07-22T08:56:15.753+0000] {processor.py:830} INFO - Processing file /home/airflow/.local/lib/python3.12/site-packages/airflow/example_dags/example_task_group_decorator.py for tasks to queue
[2025-07-22T08:56:15.756+0000] {logging_mixin.py:188} INFO - [2025-07-22T08:56:15.755+0000] {dagbag.py:545} INFO - Filling up the DagBag from /home/airflow/.local/lib/python3.12/site-packages/airflow/example_dags/example_task_group_decorator.py
[2025-07-22T08:56:15.776+0000] {processor.py:840} INFO - DAG(s) 'example_task_group_decorator' retrieved from /home/airflow/.local/lib/python3.12/site-packages/airflow/example_dags/example_task_group_decorator.py
[2025-07-22T08:56:15.810+0000] {logging_mixin.py:188} INFO - [2025-07-22T08:56:15.810+0000] {dag.py:3096} INFO - Sync 1 DAGs
[2025-07-22T08:56:15.839+0000] {logging_mixin.py:188} INFO - [2025-07-22T08:56:15.839+0000] {dag.py:3954} INFO - Setting next_dagrun for example_task_group_decorator to 2025-07-21 00:00:00+00:00, run_after=2025-07-22 00:00:00+00:00
[2025-07-22T08:56:15.864+0000] {processor.py:183} INFO - Processing /home/airflow/.local/lib/python3.12/site-packages/airflow/example_dags/example_task_group_decorator.py took 0.120 seconds
[2025-07-22T08:56:46.551+0000] {processor.py:161} INFO - Started process (PID=628) to work on /home/airflow/.local/lib/python3.12/site-packages/airflow/example_dags/example_task_group_decorator.py
[2025-07-22T08:56:46.553+0000] {processor.py:830} INFO - Processing file /home/airflow/.local/lib/python3.12/site-packages/airflow/example_dags/example_task_group_decorator.py for tasks to queue
[2025-07-22T08:56:46.556+0000] {logging_mixin.py:188} INFO - [2025-07-22T08:56:46.556+0000] {dagbag.py:545} INFO - Filling up the DagBag from /home/airflow/.local/lib/python3.12/site-packages/airflow/example_dags/example_task_group_decorator.py
[2025-07-22T08:56:46.580+0000] {processor.py:840} INFO - DAG(s) 'example_task_group_decorator' retrieved from /home/airflow/.local/lib/python3.12/site-packages/airflow/example_dags/example_task_group_decorator.py
[2025-07-22T08:56:46.613+0000] {logging_mixin.py:188} INFO - [2025-07-22T08:56:46.612+0000] {dag.py:3096} INFO - Sync 1 DAGs
[2025-07-22T08:56:46.638+0000] {logging_mixin.py:188} INFO - [2025-07-22T08:56:46.638+0000] {dag.py:3954} INFO - Setting next_dagrun for example_task_group_decorator to 2025-07-21 00:00:00+00:00, run_after=2025-07-22 00:00:00+00:00
[2025-07-22T08:56:46.668+0000] {processor.py:183} INFO - Processing /home/airflow/.local/lib/python3.12/site-packages/airflow/example_dags/example_task_group_decorator.py took 0.126 seconds
[2025-07-22T08:57:16.804+0000] {processor.py:161} INFO - Started process (PID=688) to work on /home/airflow/.local/lib/python3.12/site-packages/airflow/example_dags/example_task_group_decorator.py
[2025-07-22T08:57:16.806+0000] {processor.py:830} INFO - Processing file /home/airflow/.local/lib/python3.12/site-packages/airflow/example_dags/example_task_group_decorator.py for tasks to queue
[2025-07-22T08:57:16.808+0000] {logging_mixin.py:188} INFO - [2025-07-22T08:57:16.808+0000] {dagbag.py:545} INFO - Filling up the DagBag from /home/airflow/.local/lib/python3.12/site-packages/airflow/example_dags/example_task_group_decorator.py
[2025-07-22T08:57:16.830+0000] {processor.py:840} INFO - DAG(s) 'example_task_group_decorator' retrieved from /home/airflow/.local/lib/python3.12/site-packages/airflow/example_dags/example_task_group_decorator.py
[2025-07-22T08:57:16.866+0000] {logging_mixin.py:188} INFO - [2025-07-22T08:57:16.866+0000] {dag.py:3096} INFO - Sync 1 DAGs
[2025-07-22T08:57:16.894+0000] {logging_mixin.py:188} INFO - [2025-07-22T08:57:16.894+0000] {dag.py:3954} INFO - Setting next_dagrun for example_task_group_decorator to 2025-07-21 00:00:00+00:00, run_after=2025-07-22 00:00:00+00:00
[2025-07-22T08:57:16.920+0000] {processor.py:183} INFO - Processing /home/airflow/.local/lib/python3.12/site-packages/airflow/example_dags/example_task_group_decorator.py took 0.124 seconds
[2025-07-22T08:57:47.014+0000] {processor.py:161} INFO - Started process (PID=748) to work on /home/airflow/.local/lib/python3.12/site-packages/airflow/example_dags/example_task_group_decorator.py
[2025-07-22T08:57:47.016+0000] {processor.py:830} INFO - Processing file /home/airflow/.local/lib/python3.12/site-packages/airflow/example_dags/example_task_group_decorator.py for tasks to queue
[2025-07-22T08:57:47.018+0000] {logging_mixin.py:188} INFO - [2025-07-22T08:57:47.018+0000] {dagbag.py:545} INFO - Filling up the DagBag from /home/airflow/.local/lib/python3.12/site-packages/airflow/example_dags/example_task_group_decorator.py
[2025-07-22T08:57:47.037+0000] {processor.py:840} INFO - DAG(s) 'example_task_group_decorator' retrieved from /home/airflow/.local/lib/python3.12/site-packages/airflow/example_dags/example_task_group_decorator.py
[2025-07-22T08:57:47.070+0000] {logging_mixin.py:188} INFO - [2025-07-22T08:57:47.069+0000] {dag.py:3096} INFO - Sync 1 DAGs
[2025-07-22T08:57:47.101+0000] {logging_mixin.py:188} INFO - [2025-07-22T08:57:47.101+0000] {dag.py:3954} INFO - Setting next_dagrun for example_task_group_decorator to 2025-07-21 00:00:00+00:00, run_after=2025-07-22 00:00:00+00:00
[2025-07-22T08:57:47.125+0000] {processor.py:183} INFO - Processing /home/airflow/.local/lib/python3.12/site-packages/airflow/example_dags/example_task_group_decorator.py took 0.118 seconds
[2025-07-22T08:58:17.719+0000] {processor.py:161} INFO - Started process (PID=808) to work on /home/airflow/.local/lib/python3.12/site-packages/airflow/example_dags/example_task_group_decorator.py
[2025-07-22T08:58:17.720+0000] {processor.py:830} INFO - Processing file /home/airflow/.local/lib/python3.12/site-packages/airflow/example_dags/example_task_group_decorator.py for tasks to queue
[2025-07-22T08:58:17.722+0000] {logging_mixin.py:188} INFO - [2025-07-22T08:58:17.722+0000] {dagbag.py:545} INFO - Filling up the DagBag from /home/airflow/.local/lib/python3.12/site-packages/airflow/example_dags/example_task_group_decorator.py
[2025-07-22T08:58:17.743+0000] {processor.py:840} INFO - DAG(s) 'example_task_group_decorator' retrieved from /home/airflow/.local/lib/python3.12/site-packages/airflow/example_dags/example_task_group_decorator.py
[2025-07-22T08:58:17.780+0000] {logging_mixin.py:188} INFO - [2025-07-22T08:58:17.780+0000] {dag.py:3096} INFO - Sync 1 DAGs
[2025-07-22T08:58:17.812+0000] {logging_mixin.py:188} INFO - [2025-07-22T08:58:17.811+0000] {dag.py:3954} INFO - Setting next_dagrun for example_task_group_decorator to 2025-07-21 00:00:00+00:00, run_after=2025-07-22 00:00:00+00:00
[2025-07-22T08:58:17.839+0000] {processor.py:183} INFO - Processing /home/airflow/.local/lib/python3.12/site-packages/airflow/example_dags/example_task_group_decorator.py took 0.128 seconds
[2025-07-22T08:58:48.466+0000] {processor.py:161} INFO - Started process (PID=868) to work on /home/airflow/.local/lib/python3.12/site-packages/airflow/example_dags/example_task_group_decorator.py
[2025-07-22T08:58:48.467+0000] {processor.py:830} INFO - Processing file /home/airflow/.local/lib/python3.12/site-packages/airflow/example_dags/example_task_group_decorator.py for tasks to queue
[2025-07-22T08:58:48.469+0000] {logging_mixin.py:188} INFO - [2025-07-22T08:58:48.469+0000] {dagbag.py:545} INFO - Filling up the DagBag from /home/airflow/.local/lib/python3.12/site-packages/airflow/example_dags/example_task_group_decorator.py
[2025-07-22T08:58:48.487+0000] {processor.py:840} INFO - DAG(s) 'example_task_group_decorator' retrieved from /home/airflow/.local/lib/python3.12/site-packages/airflow/example_dags/example_task_group_decorator.py
[2025-07-22T08:58:48.520+0000] {logging_mixin.py:188} INFO - [2025-07-22T08:58:48.520+0000] {dag.py:3096} INFO - Sync 1 DAGs
[2025-07-22T08:58:48.549+0000] {logging_mixin.py:188} INFO - [2025-07-22T08:58:48.549+0000] {dag.py:3954} INFO - Setting next_dagrun for example_task_group_decorator to 2025-07-21 00:00:00+00:00, run_after=2025-07-22 00:00:00+00:00
[2025-07-22T08:58:48.577+0000] {processor.py:183} INFO - Processing /home/airflow/.local/lib/python3.12/site-packages/airflow/example_dags/example_task_group_decorator.py took 0.119 seconds
[2025-07-22T08:59:19.361+0000] {processor.py:161} INFO - Started process (PID=928) to work on /home/airflow/.local/lib/python3.12/site-packages/airflow/example_dags/example_task_group_decorator.py
[2025-07-22T08:59:19.362+0000] {processor.py:830} INFO - Processing file /home/airflow/.local/lib/python3.12/site-packages/airflow/example_dags/example_task_group_decorator.py for tasks to queue
[2025-07-22T08:59:19.365+0000] {logging_mixin.py:188} INFO - [2025-07-22T08:59:19.365+0000] {dagbag.py:545} INFO - Filling up the DagBag from /home/airflow/.local/lib/python3.12/site-packages/airflow/example_dags/example_task_group_decorator.py
[2025-07-22T08:59:19.384+0000] {processor.py:840} INFO - DAG(s) 'example_task_group_decorator' retrieved from /home/airflow/.local/lib/python3.12/site-packages/airflow/example_dags/example_task_group_decorator.py
[2025-07-22T08:59:19.420+0000] {logging_mixin.py:188} INFO - [2025-07-22T08:59:19.419+0000] {dag.py:3096} INFO - Sync 1 DAGs
[2025-07-22T08:59:19.450+0000] {logging_mixin.py:188} INFO - [2025-07-22T08:59:19.450+0000] {dag.py:3954} INFO - Setting next_dagrun for example_task_group_decorator to 2025-07-21 00:00:00+00:00, run_after=2025-07-22 00:00:00+00:00
[2025-07-22T08:59:19.473+0000] {processor.py:183} INFO - Processing /home/airflow/.local/lib/python3.12/site-packages/airflow/example_dags/example_task_group_decorator.py took 0.122 seconds
[2025-07-22T08:59:49.885+0000] {processor.py:161} INFO - Started process (PID=988) to work on /home/airflow/.local/lib/python3.12/site-packages/airflow/example_dags/example_task_group_decorator.py
[2025-07-22T08:59:49.887+0000] {processor.py:830} INFO - Processing file /home/airflow/.local/lib/python3.12/site-packages/airflow/example_dags/example_task_group_decorator.py for tasks to queue
[2025-07-22T08:59:49.890+0000] {logging_mixin.py:188} INFO - [2025-07-22T08:59:49.890+0000] {dagbag.py:545} INFO - Filling up the DagBag from /home/airflow/.local/lib/python3.12/site-packages/airflow/example_dags/example_task_group_decorator.py
[2025-07-22T08:59:49.915+0000] {processor.py:840} INFO - DAG(s) 'example_task_group_decorator' retrieved from /home/airflow/.local/lib/python3.12/site-packages/airflow/example_dags/example_task_group_decorator.py
[2025-07-22T08:59:49.960+0000] {logging_mixin.py:188} INFO - [2025-07-22T08:59:49.960+0000] {dag.py:3096} INFO - Sync 1 DAGs
[2025-07-22T08:59:49.996+0000] {logging_mixin.py:188} INFO - [2025-07-22T08:59:49.995+0000] {dag.py:3954} INFO - Setting next_dagrun for example_task_group_decorator to 2025-07-21 00:00:00+00:00, run_after=2025-07-22 00:00:00+00:00
[2025-07-22T08:59:50.023+0000] {processor.py:183} INFO - Processing /home/airflow/.local/lib/python3.12/site-packages/airflow/example_dags/example_task_group_decorator.py took 0.149 seconds
[2025-07-22T09:00:20.395+0000] {processor.py:161} INFO - Started process (PID=1048) to work on /home/airflow/.local/lib/python3.12/site-packages/airflow/example_dags/example_task_group_decorator.py
[2025-07-22T09:00:20.397+0000] {processor.py:830} INFO - Processing file /home/airflow/.local/lib/python3.12/site-packages/airflow/example_dags/example_task_group_decorator.py for tasks to queue
[2025-07-22T09:00:20.401+0000] {logging_mixin.py:188} INFO - [2025-07-22T09:00:20.400+0000] {dagbag.py:545} INFO - Filling up the DagBag from /home/airflow/.local/lib/python3.12/site-packages/airflow/example_dags/example_task_group_decorator.py
[2025-07-22T09:00:20.437+0000] {processor.py:840} INFO - DAG(s) 'example_task_group_decorator' retrieved from /home/airflow/.local/lib/python3.12/site-packages/airflow/example_dags/example_task_group_decorator.py
[2025-07-22T09:00:20.481+0000] {logging_mixin.py:188} INFO - [2025-07-22T09:00:20.480+0000] {dag.py:3096} INFO - Sync 1 DAGs
[2025-07-22T09:00:20.516+0000] {logging_mixin.py:188} INFO - [2025-07-22T09:00:20.515+0000] {dag.py:3954} INFO - Setting next_dagrun for example_task_group_decorator to 2025-07-21 00:00:00+00:00, run_after=2025-07-22 00:00:00+00:00
[2025-07-22T09:00:20.544+0000] {processor.py:183} INFO - Processing /home/airflow/.local/lib/python3.12/site-packages/airflow/example_dags/example_task_group_decorator.py took 0.162 seconds
[2025-07-22T09:00:51.060+0000] {processor.py:161} INFO - Started process (PID=1107) to work on /home/airflow/.local/lib/python3.12/site-packages/airflow/example_dags/example_task_group_decorator.py
[2025-07-22T09:00:51.061+0000] {processor.py:830} INFO - Processing file /home/airflow/.local/lib/python3.12/site-packages/airflow/example_dags/example_task_group_decorator.py for tasks to queue
[2025-07-22T09:00:51.064+0000] {logging_mixin.py:188} INFO - [2025-07-22T09:00:51.063+0000] {dagbag.py:545} INFO - Filling up the DagBag from /home/airflow/.local/lib/python3.12/site-packages/airflow/example_dags/example_task_group_decorator.py
[2025-07-22T09:00:51.086+0000] {processor.py:840} INFO - DAG(s) 'example_task_group_decorator' retrieved from /home/airflow/.local/lib/python3.12/site-packages/airflow/example_dags/example_task_group_decorator.py
[2025-07-22T09:00:51.121+0000] {logging_mixin.py:188} INFO - [2025-07-22T09:00:51.121+0000] {dag.py:3096} INFO - Sync 1 DAGs
[2025-07-22T09:00:51.149+0000] {logging_mixin.py:188} INFO - [2025-07-22T09:00:51.149+0000] {dag.py:3954} INFO - Setting next_dagrun for example_task_group_decorator to 2025-07-21 00:00:00+00:00, run_after=2025-07-22 00:00:00+00:00
[2025-07-22T09:00:51.178+0000] {processor.py:183} INFO - Processing /home/airflow/.local/lib/python3.12/site-packages/airflow/example_dags/example_task_group_decorator.py took 0.126 seconds
[2025-07-22T09:01:21.866+0000] {processor.py:161} INFO - Started process (PID=1167) to work on /home/airflow/.local/lib/python3.12/site-packages/airflow/example_dags/example_task_group_decorator.py
[2025-07-22T09:01:21.868+0000] {processor.py:830} INFO - Processing file /home/airflow/.local/lib/python3.12/site-packages/airflow/example_dags/example_task_group_decorator.py for tasks to queue
[2025-07-22T09:01:21.870+0000] {logging_mixin.py:188} INFO - [2025-07-22T09:01:21.870+0000] {dagbag.py:545} INFO - Filling up the DagBag from /home/airflow/.local/lib/python3.12/site-packages/airflow/example_dags/example_task_group_decorator.py
[2025-07-22T09:01:21.902+0000] {processor.py:840} INFO - DAG(s) 'example_task_group_decorator' retrieved from /home/airflow/.local/lib/python3.12/site-packages/airflow/example_dags/example_task_group_decorator.py
[2025-07-22T09:01:21.939+0000] {logging_mixin.py:188} INFO - [2025-07-22T09:01:21.939+0000] {dag.py:3096} INFO - Sync 1 DAGs
[2025-07-22T09:01:21.967+0000] {logging_mixin.py:188} INFO - [2025-07-22T09:01:21.967+0000] {dag.py:3954} INFO - Setting next_dagrun for example_task_group_decorator to 2025-07-21 00:00:00+00:00, run_after=2025-07-22 00:00:00+00:00
[2025-07-22T09:01:21.990+0000] {processor.py:183} INFO - Processing /home/airflow/.local/lib/python3.12/site-packages/airflow/example_dags/example_task_group_decorator.py took 0.132 seconds
[2025-07-22T09:01:52.095+0000] {processor.py:161} INFO - Started process (PID=1227) to work on /home/airflow/.local/lib/python3.12/site-packages/airflow/example_dags/example_task_group_decorator.py
[2025-07-22T09:01:52.096+0000] {processor.py:830} INFO - Processing file /home/airflow/.local/lib/python3.12/site-packages/airflow/example_dags/example_task_group_decorator.py for tasks to queue
[2025-07-22T09:01:52.099+0000] {logging_mixin.py:188} INFO - [2025-07-22T09:01:52.098+0000] {dagbag.py:545} INFO - Filling up the DagBag from /home/airflow/.local/lib/python3.12/site-packages/airflow/example_dags/example_task_group_decorator.py
[2025-07-22T09:01:52.116+0000] {processor.py:840} INFO - DAG(s) 'example_task_group_decorator' retrieved from /home/airflow/.local/lib/python3.12/site-packages/airflow/example_dags/example_task_group_decorator.py
[2025-07-22T09:01:52.145+0000] {logging_mixin.py:188} INFO - [2025-07-22T09:01:52.144+0000] {dag.py:3096} INFO - Sync 1 DAGs
[2025-07-22T09:01:52.169+0000] {logging_mixin.py:188} INFO - [2025-07-22T09:01:52.168+0000] {dag.py:3954} INFO - Setting next_dagrun for example_task_group_decorator to 2025-07-21 00:00:00+00:00, run_after=2025-07-22 00:00:00+00:00
[2025-07-22T09:01:52.190+0000] {processor.py:183} INFO - Processing /home/airflow/.local/lib/python3.12/site-packages/airflow/example_dags/example_task_group_decorator.py took 0.102 seconds
[2025-07-22T09:02:22.347+0000] {processor.py:161} INFO - Started process (PID=1287) to work on /home/airflow/.local/lib/python3.12/site-packages/airflow/example_dags/example_task_group_decorator.py
[2025-07-22T09:02:22.348+0000] {processor.py:830} INFO - Processing file /home/airflow/.local/lib/python3.12/site-packages/airflow/example_dags/example_task_group_decorator.py for tasks to queue
[2025-07-22T09:02:22.351+0000] {logging_mixin.py:188} INFO - [2025-07-22T09:02:22.350+0000] {dagbag.py:545} INFO - Filling up the DagBag from /home/airflow/.local/lib/python3.12/site-packages/airflow/example_dags/example_task_group_decorator.py
[2025-07-22T09:02:22.367+0000] {processor.py:840} INFO - DAG(s) 'example_task_group_decorator' retrieved from /home/airflow/.local/lib/python3.12/site-packages/airflow/example_dags/example_task_group_decorator.py
[2025-07-22T09:02:22.400+0000] {logging_mixin.py:188} INFO - [2025-07-22T09:02:22.400+0000] {dag.py:3096} INFO - Sync 1 DAGs
[2025-07-22T09:02:22.424+0000] {logging_mixin.py:188} INFO - [2025-07-22T09:02:22.423+0000] {dag.py:3954} INFO - Setting next_dagrun for example_task_group_decorator to 2025-07-21 00:00:00+00:00, run_after=2025-07-22 00:00:00+00:00
[2025-07-22T09:02:22.448+0000] {processor.py:183} INFO - Processing /home/airflow/.local/lib/python3.12/site-packages/airflow/example_dags/example_task_group_decorator.py took 0.107 seconds
[2025-07-22T09:02:52.888+0000] {processor.py:161} INFO - Started process (PID=1347) to work on /home/airflow/.local/lib/python3.12/site-packages/airflow/example_dags/example_task_group_decorator.py
[2025-07-22T09:02:52.889+0000] {processor.py:830} INFO - Processing file /home/airflow/.local/lib/python3.12/site-packages/airflow/example_dags/example_task_group_decorator.py for tasks to queue
[2025-07-22T09:02:52.891+0000] {logging_mixin.py:188} INFO - [2025-07-22T09:02:52.891+0000] {dagbag.py:545} INFO - Filling up the DagBag from /home/airflow/.local/lib/python3.12/site-packages/airflow/example_dags/example_task_group_decorator.py
[2025-07-22T09:02:52.910+0000] {processor.py:840} INFO - DAG(s) 'example_task_group_decorator' retrieved from /home/airflow/.local/lib/python3.12/site-packages/airflow/example_dags/example_task_group_decorator.py
[2025-07-22T09:02:52.942+0000] {logging_mixin.py:188} INFO - [2025-07-22T09:02:52.941+0000] {dag.py:3096} INFO - Sync 1 DAGs
[2025-07-22T09:02:52.968+0000] {logging_mixin.py:188} INFO - [2025-07-22T09:02:52.967+0000] {dag.py:3954} INFO - Setting next_dagrun for example_task_group_decorator to 2025-07-21 00:00:00+00:00, run_after=2025-07-22 00:00:00+00:00
[2025-07-22T09:02:52.989+0000] {processor.py:183} INFO - Processing /home/airflow/.local/lib/python3.12/site-packages/airflow/example_dags/example_task_group_decorator.py took 0.110 seconds
[2025-07-22T09:03:23.351+0000] {processor.py:161} INFO - Started process (PID=1407) to work on /home/airflow/.local/lib/python3.12/site-packages/airflow/example_dags/example_task_group_decorator.py
[2025-07-22T09:03:23.352+0000] {processor.py:830} INFO - Processing file /home/airflow/.local/lib/python3.12/site-packages/airflow/example_dags/example_task_group_decorator.py for tasks to queue
[2025-07-22T09:03:23.355+0000] {logging_mixin.py:188} INFO - [2025-07-22T09:03:23.354+0000] {dagbag.py:545} INFO - Filling up the DagBag from /home/airflow/.local/lib/python3.12/site-packages/airflow/example_dags/example_task_group_decorator.py
[2025-07-22T09:03:23.374+0000] {processor.py:840} INFO - DAG(s) 'example_task_group_decorator' retrieved from /home/airflow/.local/lib/python3.12/site-packages/airflow/example_dags/example_task_group_decorator.py
[2025-07-22T09:03:23.408+0000] {logging_mixin.py:188} INFO - [2025-07-22T09:03:23.408+0000] {dag.py:3096} INFO - Sync 1 DAGs
[2025-07-22T09:03:23.435+0000] {logging_mixin.py:188} INFO - [2025-07-22T09:03:23.435+0000] {dag.py:3954} INFO - Setting next_dagrun for example_task_group_decorator to 2025-07-21 00:00:00+00:00, run_after=2025-07-22 00:00:00+00:00
[2025-07-22T09:03:23.459+0000] {processor.py:183} INFO - Processing /home/airflow/.local/lib/python3.12/site-packages/airflow/example_dags/example_task_group_decorator.py took 0.116 seconds
[2025-07-22T09:03:53.550+0000] {processor.py:161} INFO - Started process (PID=1467) to work on /home/airflow/.local/lib/python3.12/site-packages/airflow/example_dags/example_task_group_decorator.py
[2025-07-22T09:03:53.551+0000] {processor.py:830} INFO - Processing file /home/airflow/.local/lib/python3.12/site-packages/airflow/example_dags/example_task_group_decorator.py for tasks to queue
[2025-07-22T09:03:53.553+0000] {logging_mixin.py:188} INFO - [2025-07-22T09:03:53.553+0000] {dagbag.py:545} INFO - Filling up the DagBag from /home/airflow/.local/lib/python3.12/site-packages/airflow/example_dags/example_task_group_decorator.py
[2025-07-22T09:03:53.570+0000] {processor.py:840} INFO - DAG(s) 'example_task_group_decorator' retrieved from /home/airflow/.local/lib/python3.12/site-packages/airflow/example_dags/example_task_group_decorator.py
[2025-07-22T09:03:53.600+0000] {logging_mixin.py:188} INFO - [2025-07-22T09:03:53.599+0000] {dag.py:3096} INFO - Sync 1 DAGs
[2025-07-22T09:03:53.623+0000] {logging_mixin.py:188} INFO - [2025-07-22T09:03:53.623+0000] {dag.py:3954} INFO - Setting next_dagrun for example_task_group_decorator to 2025-07-21 00:00:00+00:00, run_after=2025-07-22 00:00:00+00:00
[2025-07-22T09:03:53.647+0000] {processor.py:183} INFO - Processing /home/airflow/.local/lib/python3.12/site-packages/airflow/example_dags/example_task_group_decorator.py took 0.104 seconds
[2025-07-22T09:04:24.267+0000] {processor.py:161} INFO - Started process (PID=1527) to work on /home/airflow/.local/lib/python3.12/site-packages/airflow/example_dags/example_task_group_decorator.py
[2025-07-22T09:04:24.268+0000] {processor.py:830} INFO - Processing file /home/airflow/.local/lib/python3.12/site-packages/airflow/example_dags/example_task_group_decorator.py for tasks to queue
[2025-07-22T09:04:24.271+0000] {logging_mixin.py:188} INFO - [2025-07-22T09:04:24.271+0000] {dagbag.py:545} INFO - Filling up the DagBag from /home/airflow/.local/lib/python3.12/site-packages/airflow/example_dags/example_task_group_decorator.py
[2025-07-22T09:04:24.290+0000] {processor.py:840} INFO - DAG(s) 'example_task_group_decorator' retrieved from /home/airflow/.local/lib/python3.12/site-packages/airflow/example_dags/example_task_group_decorator.py
[2025-07-22T09:04:24.322+0000] {logging_mixin.py:188} INFO - [2025-07-22T09:04:24.322+0000] {dag.py:3096} INFO - Sync 1 DAGs
[2025-07-22T09:04:24.348+0000] {logging_mixin.py:188} INFO - [2025-07-22T09:04:24.348+0000] {dag.py:3954} INFO - Setting next_dagrun for example_task_group_decorator to 2025-07-21 00:00:00+00:00, run_after=2025-07-22 00:00:00+00:00
[2025-07-22T09:04:24.369+0000] {processor.py:183} INFO - Processing /home/airflow/.local/lib/python3.12/site-packages/airflow/example_dags/example_task_group_decorator.py took 0.111 seconds
[2025-07-22T09:04:54.661+0000] {processor.py:161} INFO - Started process (PID=1587) to work on /home/airflow/.local/lib/python3.12/site-packages/airflow/example_dags/example_task_group_decorator.py
[2025-07-22T09:04:54.662+0000] {processor.py:830} INFO - Processing file /home/airflow/.local/lib/python3.12/site-packages/airflow/example_dags/example_task_group_decorator.py for tasks to queue
[2025-07-22T09:04:54.665+0000] {logging_mixin.py:188} INFO - [2025-07-22T09:04:54.664+0000] {dagbag.py:545} INFO - Filling up the DagBag from /home/airflow/.local/lib/python3.12/site-packages/airflow/example_dags/example_task_group_decorator.py
[2025-07-22T09:04:54.683+0000] {processor.py:840} INFO - DAG(s) 'example_task_group_decorator' retrieved from /home/airflow/.local/lib/python3.12/site-packages/airflow/example_dags/example_task_group_decorator.py
[2025-07-22T09:04:54.714+0000] {logging_mixin.py:188} INFO - [2025-07-22T09:04:54.714+0000] {dag.py:3096} INFO - Sync 1 DAGs
[2025-07-22T09:04:54.740+0000] {logging_mixin.py:188} INFO - [2025-07-22T09:04:54.740+0000] {dag.py:3954} INFO - Setting next_dagrun for example_task_group_decorator to 2025-07-21 00:00:00+00:00, run_after=2025-07-22 00:00:00+00:00
[2025-07-22T09:04:54.767+0000] {processor.py:183} INFO - Processing /home/airflow/.local/lib/python3.12/site-packages/airflow/example_dags/example_task_group_decorator.py took 0.113 seconds
[2025-07-22T09:05:25.655+0000] {processor.py:161} INFO - Started process (PID=1647) to work on /home/airflow/.local/lib/python3.12/site-packages/airflow/example_dags/example_task_group_decorator.py
[2025-07-22T09:05:25.656+0000] {processor.py:830} INFO - Processing file /home/airflow/.local/lib/python3.12/site-packages/airflow/example_dags/example_task_group_decorator.py for tasks to queue
[2025-07-22T09:05:25.659+0000] {logging_mixin.py:188} INFO - [2025-07-22T09:05:25.659+0000] {dagbag.py:545} INFO - Filling up the DagBag from /home/airflow/.local/lib/python3.12/site-packages/airflow/example_dags/example_task_group_decorator.py
[2025-07-22T09:05:25.680+0000] {processor.py:840} INFO - DAG(s) 'example_task_group_decorator' retrieved from /home/airflow/.local/lib/python3.12/site-packages/airflow/example_dags/example_task_group_decorator.py
[2025-07-22T09:05:25.719+0000] {logging_mixin.py:188} INFO - [2025-07-22T09:05:25.719+0000] {dag.py:3096} INFO - Sync 1 DAGs
[2025-07-22T09:05:25.752+0000] {logging_mixin.py:188} INFO - [2025-07-22T09:05:25.752+0000] {dag.py:3954} INFO - Setting next_dagrun for example_task_group_decorator to 2025-07-21 00:00:00+00:00, run_after=2025-07-22 00:00:00+00:00
[2025-07-22T09:05:25.782+0000] {processor.py:183} INFO - Processing /home/airflow/.local/lib/python3.12/site-packages/airflow/example_dags/example_task_group_decorator.py took 0.135 seconds
[2025-07-22T09:05:56.012+0000] {processor.py:161} INFO - Started process (PID=1707) to work on /home/airflow/.local/lib/python3.12/site-packages/airflow/example_dags/example_task_group_decorator.py
[2025-07-22T09:05:56.013+0000] {processor.py:830} INFO - Processing file /home/airflow/.local/lib/python3.12/site-packages/airflow/example_dags/example_task_group_decorator.py for tasks to queue
[2025-07-22T09:05:56.015+0000] {logging_mixin.py:188} INFO - [2025-07-22T09:05:56.015+0000] {dagbag.py:545} INFO - Filling up the DagBag from /home/airflow/.local/lib/python3.12/site-packages/airflow/example_dags/example_task_group_decorator.py
[2025-07-22T09:05:56.034+0000] {processor.py:840} INFO - DAG(s) 'example_task_group_decorator' retrieved from /home/airflow/.local/lib/python3.12/site-packages/airflow/example_dags/example_task_group_decorator.py
[2025-07-22T09:05:56.066+0000] {logging_mixin.py:188} INFO - [2025-07-22T09:05:56.066+0000] {dag.py:3096} INFO - Sync 1 DAGs
[2025-07-22T09:05:56.092+0000] {logging_mixin.py:188} INFO - [2025-07-22T09:05:56.092+0000] {dag.py:3954} INFO - Setting next_dagrun for example_task_group_decorator to 2025-07-21 00:00:00+00:00, run_after=2025-07-22 00:00:00+00:00
[2025-07-22T09:05:56.112+0000] {processor.py:183} INFO - Processing /home/airflow/.local/lib/python3.12/site-packages/airflow/example_dags/example_task_group_decorator.py took 0.108 seconds
[2025-07-22T09:06:26.504+0000] {processor.py:161} INFO - Started process (PID=1767) to work on /home/airflow/.local/lib/python3.12/site-packages/airflow/example_dags/example_task_group_decorator.py
[2025-07-22T09:06:26.506+0000] {processor.py:830} INFO - Processing file /home/airflow/.local/lib/python3.12/site-packages/airflow/example_dags/example_task_group_decorator.py for tasks to queue
[2025-07-22T09:06:26.509+0000] {logging_mixin.py:188} INFO - [2025-07-22T09:06:26.509+0000] {dagbag.py:545} INFO - Filling up the DagBag from /home/airflow/.local/lib/python3.12/site-packages/airflow/example_dags/example_task_group_decorator.py
[2025-07-22T09:06:26.531+0000] {processor.py:840} INFO - DAG(s) 'example_task_group_decorator' retrieved from /home/airflow/.local/lib/python3.12/site-packages/airflow/example_dags/example_task_group_decorator.py
[2025-07-22T09:06:26.566+0000] {logging_mixin.py:188} INFO - [2025-07-22T09:06:26.565+0000] {dag.py:3096} INFO - Sync 1 DAGs
[2025-07-22T09:06:26.598+0000] {logging_mixin.py:188} INFO - [2025-07-22T09:06:26.598+0000] {dag.py:3954} INFO - Setting next_dagrun for example_task_group_decorator to 2025-07-21 00:00:00+00:00, run_after=2025-07-22 00:00:00+00:00
[2025-07-22T09:06:26.629+0000] {processor.py:183} INFO - Processing /home/airflow/.local/lib/python3.12/site-packages/airflow/example_dags/example_task_group_decorator.py took 0.133 seconds
[2025-07-22T09:06:57.206+0000] {processor.py:161} INFO - Started process (PID=1827) to work on /home/airflow/.local/lib/python3.12/site-packages/airflow/example_dags/example_task_group_decorator.py
[2025-07-22T09:06:57.208+0000] {processor.py:830} INFO - Processing file /home/airflow/.local/lib/python3.12/site-packages/airflow/example_dags/example_task_group_decorator.py for tasks to queue
[2025-07-22T09:06:57.212+0000] {logging_mixin.py:188} INFO - [2025-07-22T09:06:57.211+0000] {dagbag.py:545} INFO - Filling up the DagBag from /home/airflow/.local/lib/python3.12/site-packages/airflow/example_dags/example_task_group_decorator.py
[2025-07-22T09:06:57.248+0000] {processor.py:840} INFO - DAG(s) 'example_task_group_decorator' retrieved from /home/airflow/.local/lib/python3.12/site-packages/airflow/example_dags/example_task_group_decorator.py
[2025-07-22T09:06:57.309+0000] {logging_mixin.py:188} INFO - [2025-07-22T09:06:57.308+0000] {dag.py:3096} INFO - Sync 1 DAGs
[2025-07-22T09:06:57.361+0000] {logging_mixin.py:188} INFO - [2025-07-22T09:06:57.361+0000] {dag.py:3954} INFO - Setting next_dagrun for example_task_group_decorator to 2025-07-21 00:00:00+00:00, run_after=2025-07-22 00:00:00+00:00
[2025-07-22T09:06:57.418+0000] {processor.py:183} INFO - Processing /home/airflow/.local/lib/python3.12/site-packages/airflow/example_dags/example_task_group_decorator.py took 0.224 seconds
[2025-07-22T09:07:27.611+0000] {processor.py:161} INFO - Started process (PID=1887) to work on /home/airflow/.local/lib/python3.12/site-packages/airflow/example_dags/example_task_group_decorator.py
[2025-07-22T09:07:27.612+0000] {processor.py:830} INFO - Processing file /home/airflow/.local/lib/python3.12/site-packages/airflow/example_dags/example_task_group_decorator.py for tasks to queue
[2025-07-22T09:07:27.615+0000] {logging_mixin.py:188} INFO - [2025-07-22T09:07:27.614+0000] {dagbag.py:545} INFO - Filling up the DagBag from /home/airflow/.local/lib/python3.12/site-packages/airflow/example_dags/example_task_group_decorator.py
[2025-07-22T09:07:27.635+0000] {processor.py:840} INFO - DAG(s) 'example_task_group_decorator' retrieved from /home/airflow/.local/lib/python3.12/site-packages/airflow/example_dags/example_task_group_decorator.py
[2025-07-22T09:07:27.675+0000] {logging_mixin.py:188} INFO - [2025-07-22T09:07:27.675+0000] {dag.py:3096} INFO - Sync 1 DAGs
[2025-07-22T09:07:27.701+0000] {logging_mixin.py:188} INFO - [2025-07-22T09:07:27.701+0000] {dag.py:3954} INFO - Setting next_dagrun for example_task_group_decorator to 2025-07-21 00:00:00+00:00, run_after=2025-07-22 00:00:00+00:00
[2025-07-22T09:07:27.724+0000] {processor.py:183} INFO - Processing /home/airflow/.local/lib/python3.12/site-packages/airflow/example_dags/example_task_group_decorator.py took 0.121 seconds
[2025-07-22T09:07:57.930+0000] {processor.py:161} INFO - Started process (PID=1947) to work on /home/airflow/.local/lib/python3.12/site-packages/airflow/example_dags/example_task_group_decorator.py
[2025-07-22T09:07:57.931+0000] {processor.py:830} INFO - Processing file /home/airflow/.local/lib/python3.12/site-packages/airflow/example_dags/example_task_group_decorator.py for tasks to queue
[2025-07-22T09:07:57.934+0000] {logging_mixin.py:188} INFO - [2025-07-22T09:07:57.933+0000] {dagbag.py:545} INFO - Filling up the DagBag from /home/airflow/.local/lib/python3.12/site-packages/airflow/example_dags/example_task_group_decorator.py
[2025-07-22T09:07:57.952+0000] {processor.py:840} INFO - DAG(s) 'example_task_group_decorator' retrieved from /home/airflow/.local/lib/python3.12/site-packages/airflow/example_dags/example_task_group_decorator.py
[2025-07-22T09:07:57.984+0000] {logging_mixin.py:188} INFO - [2025-07-22T09:07:57.984+0000] {dag.py:3096} INFO - Sync 1 DAGs
[2025-07-22T09:07:58.007+0000] {logging_mixin.py:188} INFO - [2025-07-22T09:07:58.007+0000] {dag.py:3954} INFO - Setting next_dagrun for example_task_group_decorator to 2025-07-21 00:00:00+00:00, run_after=2025-07-22 00:00:00+00:00
[2025-07-22T09:07:58.029+0000] {processor.py:183} INFO - Processing /home/airflow/.local/lib/python3.12/site-packages/airflow/example_dags/example_task_group_decorator.py took 0.107 seconds
[2025-07-22T09:08:28.737+0000] {processor.py:161} INFO - Started process (PID=2007) to work on /home/airflow/.local/lib/python3.12/site-packages/airflow/example_dags/example_task_group_decorator.py
[2025-07-22T09:08:28.739+0000] {processor.py:830} INFO - Processing file /home/airflow/.local/lib/python3.12/site-packages/airflow/example_dags/example_task_group_decorator.py for tasks to queue
[2025-07-22T09:08:28.742+0000] {logging_mixin.py:188} INFO - [2025-07-22T09:08:28.742+0000] {dagbag.py:545} INFO - Filling up the DagBag from /home/airflow/.local/lib/python3.12/site-packages/airflow/example_dags/example_task_group_decorator.py
[2025-07-22T09:08:28.766+0000] {processor.py:840} INFO - DAG(s) 'example_task_group_decorator' retrieved from /home/airflow/.local/lib/python3.12/site-packages/airflow/example_dags/example_task_group_decorator.py
[2025-07-22T09:08:28.814+0000] {logging_mixin.py:188} INFO - [2025-07-22T09:08:28.814+0000] {dag.py:3096} INFO - Sync 1 DAGs
[2025-07-22T09:08:28.855+0000] {logging_mixin.py:188} INFO - [2025-07-22T09:08:28.855+0000] {dag.py:3954} INFO - Setting next_dagrun for example_task_group_decorator to 2025-07-21 00:00:00+00:00, run_after=2025-07-22 00:00:00+00:00
[2025-07-22T09:08:28.880+0000] {processor.py:183} INFO - Processing /home/airflow/.local/lib/python3.12/site-packages/airflow/example_dags/example_task_group_decorator.py took 0.154 seconds
[2025-07-22T09:08:58.988+0000] {processor.py:161} INFO - Started process (PID=2067) to work on /home/airflow/.local/lib/python3.12/site-packages/airflow/example_dags/example_task_group_decorator.py
[2025-07-22T09:08:58.989+0000] {processor.py:830} INFO - Processing file /home/airflow/.local/lib/python3.12/site-packages/airflow/example_dags/example_task_group_decorator.py for tasks to queue
[2025-07-22T09:08:58.991+0000] {logging_mixin.py:188} INFO - [2025-07-22T09:08:58.991+0000] {dagbag.py:545} INFO - Filling up the DagBag from /home/airflow/.local/lib/python3.12/site-packages/airflow/example_dags/example_task_group_decorator.py
[2025-07-22T09:08:59.019+0000] {processor.py:840} INFO - DAG(s) 'example_task_group_decorator' retrieved from /home/airflow/.local/lib/python3.12/site-packages/airflow/example_dags/example_task_group_decorator.py
[2025-07-22T09:08:59.051+0000] {logging_mixin.py:188} INFO - [2025-07-22T09:08:59.051+0000] {dag.py:3096} INFO - Sync 1 DAGs
[2025-07-22T09:08:59.076+0000] {logging_mixin.py:188} INFO - [2025-07-22T09:08:59.075+0000] {dag.py:3954} INFO - Setting next_dagrun for example_task_group_decorator to 2025-07-21 00:00:00+00:00, run_after=2025-07-22 00:00:00+00:00
[2025-07-22T09:08:59.105+0000] {processor.py:183} INFO - Processing /home/airflow/.local/lib/python3.12/site-packages/airflow/example_dags/example_task_group_decorator.py took 0.124 seconds
[2025-07-22T09:09:29.262+0000] {processor.py:161} INFO - Started process (PID=2127) to work on /home/airflow/.local/lib/python3.12/site-packages/airflow/example_dags/example_task_group_decorator.py
[2025-07-22T09:09:29.263+0000] {processor.py:830} INFO - Processing file /home/airflow/.local/lib/python3.12/site-packages/airflow/example_dags/example_task_group_decorator.py for tasks to queue
[2025-07-22T09:09:29.265+0000] {logging_mixin.py:188} INFO - [2025-07-22T09:09:29.265+0000] {dagbag.py:545} INFO - Filling up the DagBag from /home/airflow/.local/lib/python3.12/site-packages/airflow/example_dags/example_task_group_decorator.py
[2025-07-22T09:09:29.283+0000] {processor.py:840} INFO - DAG(s) 'example_task_group_decorator' retrieved from /home/airflow/.local/lib/python3.12/site-packages/airflow/example_dags/example_task_group_decorator.py
[2025-07-22T09:09:29.321+0000] {logging_mixin.py:188} INFO - [2025-07-22T09:09:29.321+0000] {dag.py:3096} INFO - Sync 1 DAGs
[2025-07-22T09:09:29.348+0000] {logging_mixin.py:188} INFO - [2025-07-22T09:09:29.348+0000] {dag.py:3954} INFO - Setting next_dagrun for example_task_group_decorator to 2025-07-21 00:00:00+00:00, run_after=2025-07-22 00:00:00+00:00
[2025-07-22T09:09:29.374+0000] {processor.py:183} INFO - Processing /home/airflow/.local/lib/python3.12/site-packages/airflow/example_dags/example_task_group_decorator.py took 0.118 seconds
[2025-07-22T09:10:00.389+0000] {processor.py:161} INFO - Started process (PID=2187) to work on /home/airflow/.local/lib/python3.12/site-packages/airflow/example_dags/example_task_group_decorator.py
[2025-07-22T09:10:00.391+0000] {processor.py:830} INFO - Processing file /home/airflow/.local/lib/python3.12/site-packages/airflow/example_dags/example_task_group_decorator.py for tasks to queue
[2025-07-22T09:10:00.393+0000] {logging_mixin.py:188} INFO - [2025-07-22T09:10:00.393+0000] {dagbag.py:545} INFO - Filling up the DagBag from /home/airflow/.local/lib/python3.12/site-packages/airflow/example_dags/example_task_group_decorator.py
[2025-07-22T09:10:00.414+0000] {processor.py:840} INFO - DAG(s) 'example_task_group_decorator' retrieved from /home/airflow/.local/lib/python3.12/site-packages/airflow/example_dags/example_task_group_decorator.py
[2025-07-22T09:10:00.447+0000] {logging_mixin.py:188} INFO - [2025-07-22T09:10:00.447+0000] {dag.py:3096} INFO - Sync 1 DAGs
[2025-07-22T09:10:00.646+0000] {logging_mixin.py:188} INFO - [2025-07-22T09:10:00.646+0000] {dag.py:3954} INFO - Setting next_dagrun for example_task_group_decorator to 2025-07-21 00:00:00+00:00, run_after=2025-07-22 00:00:00+00:00
[2025-07-22T09:10:00.672+0000] {processor.py:183} INFO - Processing /home/airflow/.local/lib/python3.12/site-packages/airflow/example_dags/example_task_group_decorator.py took 0.291 seconds
[2025-07-22T09:10:30.838+0000] {processor.py:161} INFO - Started process (PID=2248) to work on /home/airflow/.local/lib/python3.12/site-packages/airflow/example_dags/example_task_group_decorator.py
[2025-07-22T09:10:30.841+0000] {processor.py:830} INFO - Processing file /home/airflow/.local/lib/python3.12/site-packages/airflow/example_dags/example_task_group_decorator.py for tasks to queue
[2025-07-22T09:10:30.844+0000] {logging_mixin.py:188} INFO - [2025-07-22T09:10:30.843+0000] {dagbag.py:545} INFO - Filling up the DagBag from /home/airflow/.local/lib/python3.12/site-packages/airflow/example_dags/example_task_group_decorator.py
[2025-07-22T09:10:30.860+0000] {processor.py:840} INFO - DAG(s) 'example_task_group_decorator' retrieved from /home/airflow/.local/lib/python3.12/site-packages/airflow/example_dags/example_task_group_decorator.py
[2025-07-22T09:10:30.888+0000] {logging_mixin.py:188} INFO - [2025-07-22T09:10:30.887+0000] {dag.py:3096} INFO - Sync 1 DAGs
[2025-07-22T09:10:30.909+0000] {logging_mixin.py:188} INFO - [2025-07-22T09:10:30.909+0000] {dag.py:3954} INFO - Setting next_dagrun for example_task_group_decorator to 2025-07-21 00:00:00+00:00, run_after=2025-07-22 00:00:00+00:00
[2025-07-22T09:10:30.930+0000] {processor.py:183} INFO - Processing /home/airflow/.local/lib/python3.12/site-packages/airflow/example_dags/example_task_group_decorator.py took 0.100 seconds
[2025-07-22T09:11:01.073+0000] {processor.py:161} INFO - Started process (PID=2307) to work on /home/airflow/.local/lib/python3.12/site-packages/airflow/example_dags/example_task_group_decorator.py
[2025-07-22T09:11:01.074+0000] {processor.py:830} INFO - Processing file /home/airflow/.local/lib/python3.12/site-packages/airflow/example_dags/example_task_group_decorator.py for tasks to queue
[2025-07-22T09:11:01.076+0000] {logging_mixin.py:188} INFO - [2025-07-22T09:11:01.076+0000] {dagbag.py:545} INFO - Filling up the DagBag from /home/airflow/.local/lib/python3.12/site-packages/airflow/example_dags/example_task_group_decorator.py
[2025-07-22T09:11:01.092+0000] {processor.py:840} INFO - DAG(s) 'example_task_group_decorator' retrieved from /home/airflow/.local/lib/python3.12/site-packages/airflow/example_dags/example_task_group_decorator.py
[2025-07-22T09:11:01.127+0000] {logging_mixin.py:188} INFO - [2025-07-22T09:11:01.127+0000] {dag.py:3096} INFO - Sync 1 DAGs
[2025-07-22T09:11:01.157+0000] {logging_mixin.py:188} INFO - [2025-07-22T09:11:01.157+0000] {dag.py:3954} INFO - Setting next_dagrun for example_task_group_decorator to 2025-07-21 00:00:00+00:00, run_after=2025-07-22 00:00:00+00:00
[2025-07-22T09:11:01.184+0000] {processor.py:183} INFO - Processing /home/airflow/.local/lib/python3.12/site-packages/airflow/example_dags/example_task_group_decorator.py took 0.117 seconds
[2025-07-22T09:11:31.816+0000] {processor.py:161} INFO - Started process (PID=2367) to work on /home/airflow/.local/lib/python3.12/site-packages/airflow/example_dags/example_task_group_decorator.py
[2025-07-22T09:11:31.817+0000] {processor.py:830} INFO - Processing file /home/airflow/.local/lib/python3.12/site-packages/airflow/example_dags/example_task_group_decorator.py for tasks to queue
[2025-07-22T09:11:31.821+0000] {logging_mixin.py:188} INFO - [2025-07-22T09:11:31.820+0000] {dagbag.py:545} INFO - Filling up the DagBag from /home/airflow/.local/lib/python3.12/site-packages/airflow/example_dags/example_task_group_decorator.py
[2025-07-22T09:11:31.852+0000] {processor.py:840} INFO - DAG(s) 'example_task_group_decorator' retrieved from /home/airflow/.local/lib/python3.12/site-packages/airflow/example_dags/example_task_group_decorator.py
[2025-07-22T09:11:31.895+0000] {logging_mixin.py:188} INFO - [2025-07-22T09:11:31.894+0000] {dag.py:3096} INFO - Sync 1 DAGs
[2025-07-22T09:11:31.925+0000] {logging_mixin.py:188} INFO - [2025-07-22T09:11:31.924+0000] {dag.py:3954} INFO - Setting next_dagrun for example_task_group_decorator to 2025-07-21 00:00:00+00:00, run_after=2025-07-22 00:00:00+00:00
[2025-07-22T09:11:31.955+0000] {processor.py:183} INFO - Processing /home/airflow/.local/lib/python3.12/site-packages/airflow/example_dags/example_task_group_decorator.py took 0.158 seconds
[2025-07-22T09:12:03.116+0000] {processor.py:161} INFO - Started process (PID=2427) to work on /home/airflow/.local/lib/python3.12/site-packages/airflow/example_dags/example_task_group_decorator.py
[2025-07-22T09:12:03.117+0000] {processor.py:830} INFO - Processing file /home/airflow/.local/lib/python3.12/site-packages/airflow/example_dags/example_task_group_decorator.py for tasks to queue
[2025-07-22T09:12:03.121+0000] {logging_mixin.py:188} INFO - [2025-07-22T09:12:03.120+0000] {dagbag.py:545} INFO - Filling up the DagBag from /home/airflow/.local/lib/python3.12/site-packages/airflow/example_dags/example_task_group_decorator.py
[2025-07-22T09:12:03.142+0000] {processor.py:840} INFO - DAG(s) 'example_task_group_decorator' retrieved from /home/airflow/.local/lib/python3.12/site-packages/airflow/example_dags/example_task_group_decorator.py
[2025-07-22T09:12:03.180+0000] {logging_mixin.py:188} INFO - [2025-07-22T09:12:03.180+0000] {dag.py:3096} INFO - Sync 1 DAGs
[2025-07-22T09:12:03.221+0000] {logging_mixin.py:188} INFO - [2025-07-22T09:12:03.220+0000] {dag.py:3954} INFO - Setting next_dagrun for example_task_group_decorator to 2025-07-21 00:00:00+00:00, run_after=2025-07-22 00:00:00+00:00
[2025-07-22T09:12:03.255+0000] {processor.py:183} INFO - Processing /home/airflow/.local/lib/python3.12/site-packages/airflow/example_dags/example_task_group_decorator.py took 0.148 seconds
[2025-07-22T09:12:33.839+0000] {processor.py:161} INFO - Started process (PID=2487) to work on /home/airflow/.local/lib/python3.12/site-packages/airflow/example_dags/example_task_group_decorator.py
[2025-07-22T09:12:33.841+0000] {processor.py:830} INFO - Processing file /home/airflow/.local/lib/python3.12/site-packages/airflow/example_dags/example_task_group_decorator.py for tasks to queue
[2025-07-22T09:12:33.843+0000] {logging_mixin.py:188} INFO - [2025-07-22T09:12:33.843+0000] {dagbag.py:545} INFO - Filling up the DagBag from /home/airflow/.local/lib/python3.12/site-packages/airflow/example_dags/example_task_group_decorator.py
[2025-07-22T09:12:33.865+0000] {processor.py:840} INFO - DAG(s) 'example_task_group_decorator' retrieved from /home/airflow/.local/lib/python3.12/site-packages/airflow/example_dags/example_task_group_decorator.py
[2025-07-22T09:12:33.909+0000] {logging_mixin.py:188} INFO - [2025-07-22T09:12:33.908+0000] {dag.py:3096} INFO - Sync 1 DAGs
[2025-07-22T09:12:33.947+0000] {logging_mixin.py:188} INFO - [2025-07-22T09:12:33.947+0000] {dag.py:3954} INFO - Setting next_dagrun for example_task_group_decorator to 2025-07-21 00:00:00+00:00, run_after=2025-07-22 00:00:00+00:00
[2025-07-22T09:12:33.981+0000] {processor.py:183} INFO - Processing /home/airflow/.local/lib/python3.12/site-packages/airflow/example_dags/example_task_group_decorator.py took 0.150 seconds
[2025-07-22T09:13:04.856+0000] {processor.py:161} INFO - Started process (PID=2553) to work on /home/airflow/.local/lib/python3.12/site-packages/airflow/example_dags/example_task_group_decorator.py
[2025-07-22T09:13:04.858+0000] {processor.py:830} INFO - Processing file /home/airflow/.local/lib/python3.12/site-packages/airflow/example_dags/example_task_group_decorator.py for tasks to queue
[2025-07-22T09:13:04.860+0000] {logging_mixin.py:188} INFO - [2025-07-22T09:13:04.860+0000] {dagbag.py:545} INFO - Filling up the DagBag from /home/airflow/.local/lib/python3.12/site-packages/airflow/example_dags/example_task_group_decorator.py
[2025-07-22T09:13:04.879+0000] {processor.py:840} INFO - DAG(s) 'example_task_group_decorator' retrieved from /home/airflow/.local/lib/python3.12/site-packages/airflow/example_dags/example_task_group_decorator.py
[2025-07-22T09:13:04.914+0000] {logging_mixin.py:188} INFO - [2025-07-22T09:13:04.913+0000] {dag.py:3096} INFO - Sync 1 DAGs
[2025-07-22T09:13:04.943+0000] {logging_mixin.py:188} INFO - [2025-07-22T09:13:04.943+0000] {dag.py:3954} INFO - Setting next_dagrun for example_task_group_decorator to 2025-07-21 00:00:00+00:00, run_after=2025-07-22 00:00:00+00:00
[2025-07-22T09:13:04.971+0000] {processor.py:183} INFO - Processing /home/airflow/.local/lib/python3.12/site-packages/airflow/example_dags/example_task_group_decorator.py took 0.123 seconds
[2025-07-22T09:13:35.159+0000] {processor.py:161} INFO - Started process (PID=2613) to work on /home/airflow/.local/lib/python3.12/site-packages/airflow/example_dags/example_task_group_decorator.py
[2025-07-22T09:13:35.161+0000] {processor.py:830} INFO - Processing file /home/airflow/.local/lib/python3.12/site-packages/airflow/example_dags/example_task_group_decorator.py for tasks to queue
[2025-07-22T09:13:35.163+0000] {logging_mixin.py:188} INFO - [2025-07-22T09:13:35.163+0000] {dagbag.py:545} INFO - Filling up the DagBag from /home/airflow/.local/lib/python3.12/site-packages/airflow/example_dags/example_task_group_decorator.py
[2025-07-22T09:13:35.184+0000] {processor.py:840} INFO - DAG(s) 'example_task_group_decorator' retrieved from /home/airflow/.local/lib/python3.12/site-packages/airflow/example_dags/example_task_group_decorator.py
[2025-07-22T09:13:35.219+0000] {logging_mixin.py:188} INFO - [2025-07-22T09:13:35.218+0000] {dag.py:3096} INFO - Sync 1 DAGs
[2025-07-22T09:13:35.254+0000] {logging_mixin.py:188} INFO - [2025-07-22T09:13:35.254+0000] {dag.py:3954} INFO - Setting next_dagrun for example_task_group_decorator to 2025-07-21 00:00:00+00:00, run_after=2025-07-22 00:00:00+00:00
[2025-07-22T09:13:35.278+0000] {processor.py:183} INFO - Processing /home/airflow/.local/lib/python3.12/site-packages/airflow/example_dags/example_task_group_decorator.py took 0.128 seconds
[2025-07-22T09:14:05.388+0000] {processor.py:161} INFO - Started process (PID=2674) to work on /home/airflow/.local/lib/python3.12/site-packages/airflow/example_dags/example_task_group_decorator.py
[2025-07-22T09:14:05.389+0000] {processor.py:830} INFO - Processing file /home/airflow/.local/lib/python3.12/site-packages/airflow/example_dags/example_task_group_decorator.py for tasks to queue
[2025-07-22T09:14:05.391+0000] {logging_mixin.py:188} INFO - [2025-07-22T09:14:05.391+0000] {dagbag.py:545} INFO - Filling up the DagBag from /home/airflow/.local/lib/python3.12/site-packages/airflow/example_dags/example_task_group_decorator.py
[2025-07-22T09:14:05.410+0000] {processor.py:840} INFO - DAG(s) 'example_task_group_decorator' retrieved from /home/airflow/.local/lib/python3.12/site-packages/airflow/example_dags/example_task_group_decorator.py
[2025-07-22T09:14:05.443+0000] {logging_mixin.py:188} INFO - [2025-07-22T09:14:05.443+0000] {dag.py:3096} INFO - Sync 1 DAGs
[2025-07-22T09:14:05.470+0000] {logging_mixin.py:188} INFO - [2025-07-22T09:14:05.470+0000] {dag.py:3954} INFO - Setting next_dagrun for example_task_group_decorator to 2025-07-21 00:00:00+00:00, run_after=2025-07-22 00:00:00+00:00
[2025-07-22T09:14:05.497+0000] {processor.py:183} INFO - Processing /home/airflow/.local/lib/python3.12/site-packages/airflow/example_dags/example_task_group_decorator.py took 0.117 seconds
[2025-07-22T09:14:36.223+0000] {processor.py:161} INFO - Started process (PID=2734) to work on /home/airflow/.local/lib/python3.12/site-packages/airflow/example_dags/example_task_group_decorator.py
[2025-07-22T09:14:36.224+0000] {processor.py:830} INFO - Processing file /home/airflow/.local/lib/python3.12/site-packages/airflow/example_dags/example_task_group_decorator.py for tasks to queue
[2025-07-22T09:14:36.226+0000] {logging_mixin.py:188} INFO - [2025-07-22T09:14:36.226+0000] {dagbag.py:545} INFO - Filling up the DagBag from /home/airflow/.local/lib/python3.12/site-packages/airflow/example_dags/example_task_group_decorator.py
[2025-07-22T09:14:36.242+0000] {processor.py:840} INFO - DAG(s) 'example_task_group_decorator' retrieved from /home/airflow/.local/lib/python3.12/site-packages/airflow/example_dags/example_task_group_decorator.py
[2025-07-22T09:14:36.277+0000] {logging_mixin.py:188} INFO - [2025-07-22T09:14:36.277+0000] {dag.py:3096} INFO - Sync 1 DAGs
[2025-07-22T09:14:36.308+0000] {logging_mixin.py:188} INFO - [2025-07-22T09:14:36.307+0000] {dag.py:3954} INFO - Setting next_dagrun for example_task_group_decorator to 2025-07-21 00:00:00+00:00, run_after=2025-07-22 00:00:00+00:00
[2025-07-22T09:14:36.329+0000] {processor.py:183} INFO - Processing /home/airflow/.local/lib/python3.12/site-packages/airflow/example_dags/example_task_group_decorator.py took 0.113 seconds
[2025-07-22T09:15:06.697+0000] {processor.py:161} INFO - Started process (PID=2794) to work on /home/airflow/.local/lib/python3.12/site-packages/airflow/example_dags/example_task_group_decorator.py
[2025-07-22T09:15:06.699+0000] {processor.py:830} INFO - Processing file /home/airflow/.local/lib/python3.12/site-packages/airflow/example_dags/example_task_group_decorator.py for tasks to queue
[2025-07-22T09:15:06.701+0000] {logging_mixin.py:188} INFO - [2025-07-22T09:15:06.701+0000] {dagbag.py:545} INFO - Filling up the DagBag from /home/airflow/.local/lib/python3.12/site-packages/airflow/example_dags/example_task_group_decorator.py
[2025-07-22T09:15:06.718+0000] {processor.py:840} INFO - DAG(s) 'example_task_group_decorator' retrieved from /home/airflow/.local/lib/python3.12/site-packages/airflow/example_dags/example_task_group_decorator.py
[2025-07-22T09:15:06.749+0000] {logging_mixin.py:188} INFO - [2025-07-22T09:15:06.749+0000] {dag.py:3096} INFO - Sync 1 DAGs
[2025-07-22T09:15:06.774+0000] {logging_mixin.py:188} INFO - [2025-07-22T09:15:06.774+0000] {dag.py:3954} INFO - Setting next_dagrun for example_task_group_decorator to 2025-07-21 00:00:00+00:00, run_after=2025-07-22 00:00:00+00:00
[2025-07-22T09:15:06.796+0000] {processor.py:183} INFO - Processing /home/airflow/.local/lib/python3.12/site-packages/airflow/example_dags/example_task_group_decorator.py took 0.105 seconds
[2025-07-22T09:15:36.998+0000] {processor.py:161} INFO - Started process (PID=2854) to work on /home/airflow/.local/lib/python3.12/site-packages/airflow/example_dags/example_task_group_decorator.py
[2025-07-22T09:15:36.999+0000] {processor.py:830} INFO - Processing file /home/airflow/.local/lib/python3.12/site-packages/airflow/example_dags/example_task_group_decorator.py for tasks to queue
[2025-07-22T09:15:37.001+0000] {logging_mixin.py:188} INFO - [2025-07-22T09:15:37.001+0000] {dagbag.py:545} INFO - Filling up the DagBag from /home/airflow/.local/lib/python3.12/site-packages/airflow/example_dags/example_task_group_decorator.py
[2025-07-22T09:15:37.022+0000] {processor.py:840} INFO - DAG(s) 'example_task_group_decorator' retrieved from /home/airflow/.local/lib/python3.12/site-packages/airflow/example_dags/example_task_group_decorator.py
[2025-07-22T09:15:37.060+0000] {logging_mixin.py:188} INFO - [2025-07-22T09:15:37.060+0000] {dag.py:3096} INFO - Sync 1 DAGs
[2025-07-22T09:15:37.095+0000] {logging_mixin.py:188} INFO - [2025-07-22T09:15:37.094+0000] {dag.py:3954} INFO - Setting next_dagrun for example_task_group_decorator to 2025-07-21 00:00:00+00:00, run_after=2025-07-22 00:00:00+00:00
[2025-07-22T09:15:37.118+0000] {processor.py:183} INFO - Processing /home/airflow/.local/lib/python3.12/site-packages/airflow/example_dags/example_task_group_decorator.py took 0.126 seconds
[2025-07-22T09:16:07.432+0000] {processor.py:161} INFO - Started process (PID=2914) to work on /home/airflow/.local/lib/python3.12/site-packages/airflow/example_dags/example_task_group_decorator.py
[2025-07-22T09:16:07.434+0000] {processor.py:830} INFO - Processing file /home/airflow/.local/lib/python3.12/site-packages/airflow/example_dags/example_task_group_decorator.py for tasks to queue
[2025-07-22T09:16:07.436+0000] {logging_mixin.py:188} INFO - [2025-07-22T09:16:07.436+0000] {dagbag.py:545} INFO - Filling up the DagBag from /home/airflow/.local/lib/python3.12/site-packages/airflow/example_dags/example_task_group_decorator.py
[2025-07-22T09:16:07.453+0000] {processor.py:840} INFO - DAG(s) 'example_task_group_decorator' retrieved from /home/airflow/.local/lib/python3.12/site-packages/airflow/example_dags/example_task_group_decorator.py
[2025-07-22T09:16:07.483+0000] {logging_mixin.py:188} INFO - [2025-07-22T09:16:07.483+0000] {dag.py:3096} INFO - Sync 1 DAGs
[2025-07-22T09:16:07.507+0000] {logging_mixin.py:188} INFO - [2025-07-22T09:16:07.507+0000] {dag.py:3954} INFO - Setting next_dagrun for example_task_group_decorator to 2025-07-21 00:00:00+00:00, run_after=2025-07-22 00:00:00+00:00
[2025-07-22T09:16:07.530+0000] {processor.py:183} INFO - Processing /home/airflow/.local/lib/python3.12/site-packages/airflow/example_dags/example_task_group_decorator.py took 0.105 seconds
[2025-07-22T09:16:38.634+0000] {processor.py:161} INFO - Started process (PID=2974) to work on /home/airflow/.local/lib/python3.12/site-packages/airflow/example_dags/example_task_group_decorator.py
[2025-07-22T09:16:38.635+0000] {processor.py:830} INFO - Processing file /home/airflow/.local/lib/python3.12/site-packages/airflow/example_dags/example_task_group_decorator.py for tasks to queue
[2025-07-22T09:16:38.637+0000] {logging_mixin.py:188} INFO - [2025-07-22T09:16:38.637+0000] {dagbag.py:545} INFO - Filling up the DagBag from /home/airflow/.local/lib/python3.12/site-packages/airflow/example_dags/example_task_group_decorator.py
[2025-07-22T09:16:38.655+0000] {processor.py:840} INFO - DAG(s) 'example_task_group_decorator' retrieved from /home/airflow/.local/lib/python3.12/site-packages/airflow/example_dags/example_task_group_decorator.py
[2025-07-22T09:16:38.692+0000] {logging_mixin.py:188} INFO - [2025-07-22T09:16:38.691+0000] {dag.py:3096} INFO - Sync 1 DAGs
[2025-07-22T09:16:38.721+0000] {logging_mixin.py:188} INFO - [2025-07-22T09:16:38.720+0000] {dag.py:3954} INFO - Setting next_dagrun for example_task_group_decorator to 2025-07-21 00:00:00+00:00, run_after=2025-07-22 00:00:00+00:00
[2025-07-22T09:16:38.746+0000] {processor.py:183} INFO - Processing /home/airflow/.local/lib/python3.12/site-packages/airflow/example_dags/example_task_group_decorator.py took 0.120 seconds
[2025-07-22T09:17:09.248+0000] {processor.py:161} INFO - Started process (PID=3034) to work on /home/airflow/.local/lib/python3.12/site-packages/airflow/example_dags/example_task_group_decorator.py
[2025-07-22T09:17:09.249+0000] {processor.py:830} INFO - Processing file /home/airflow/.local/lib/python3.12/site-packages/airflow/example_dags/example_task_group_decorator.py for tasks to queue
[2025-07-22T09:17:09.252+0000] {logging_mixin.py:188} INFO - [2025-07-22T09:17:09.252+0000] {dagbag.py:545} INFO - Filling up the DagBag from /home/airflow/.local/lib/python3.12/site-packages/airflow/example_dags/example_task_group_decorator.py
[2025-07-22T09:17:09.274+0000] {processor.py:840} INFO - DAG(s) 'example_task_group_decorator' retrieved from /home/airflow/.local/lib/python3.12/site-packages/airflow/example_dags/example_task_group_decorator.py
[2025-07-22T09:17:09.315+0000] {logging_mixin.py:188} INFO - [2025-07-22T09:17:09.315+0000] {dag.py:3096} INFO - Sync 1 DAGs
[2025-07-22T09:17:09.349+0000] {logging_mixin.py:188} INFO - [2025-07-22T09:17:09.348+0000] {dag.py:3954} INFO - Setting next_dagrun for example_task_group_decorator to 2025-07-21 00:00:00+00:00, run_after=2025-07-22 00:00:00+00:00
[2025-07-22T09:17:09.376+0000] {processor.py:183} INFO - Processing /home/airflow/.local/lib/python3.12/site-packages/airflow/example_dags/example_task_group_decorator.py took 0.137 seconds
[2025-07-22T09:17:39.451+0000] {processor.py:161} INFO - Started process (PID=3093) to work on /home/airflow/.local/lib/python3.12/site-packages/airflow/example_dags/example_task_group_decorator.py
[2025-07-22T09:17:39.453+0000] {processor.py:830} INFO - Processing file /home/airflow/.local/lib/python3.12/site-packages/airflow/example_dags/example_task_group_decorator.py for tasks to queue
[2025-07-22T09:17:39.455+0000] {logging_mixin.py:188} INFO - [2025-07-22T09:17:39.455+0000] {dagbag.py:545} INFO - Filling up the DagBag from /home/airflow/.local/lib/python3.12/site-packages/airflow/example_dags/example_task_group_decorator.py
[2025-07-22T09:17:39.477+0000] {processor.py:840} INFO - DAG(s) 'example_task_group_decorator' retrieved from /home/airflow/.local/lib/python3.12/site-packages/airflow/example_dags/example_task_group_decorator.py
[2025-07-22T09:17:39.514+0000] {logging_mixin.py:188} INFO - [2025-07-22T09:17:39.514+0000] {dag.py:3096} INFO - Sync 1 DAGs
[2025-07-22T09:17:39.548+0000] {logging_mixin.py:188} INFO - [2025-07-22T09:17:39.548+0000] {dag.py:3954} INFO - Setting next_dagrun for example_task_group_decorator to 2025-07-21 00:00:00+00:00, run_after=2025-07-22 00:00:00+00:00
[2025-07-22T09:17:39.574+0000] {processor.py:183} INFO - Processing /home/airflow/.local/lib/python3.12/site-packages/airflow/example_dags/example_task_group_decorator.py took 0.130 seconds
[2025-07-22T09:18:10.007+0000] {processor.py:161} INFO - Started process (PID=3152) to work on /home/airflow/.local/lib/python3.12/site-packages/airflow/example_dags/example_task_group_decorator.py
[2025-07-22T09:18:10.008+0000] {processor.py:830} INFO - Processing file /home/airflow/.local/lib/python3.12/site-packages/airflow/example_dags/example_task_group_decorator.py for tasks to queue
[2025-07-22T09:18:10.011+0000] {logging_mixin.py:188} INFO - [2025-07-22T09:18:10.010+0000] {dagbag.py:545} INFO - Filling up the DagBag from /home/airflow/.local/lib/python3.12/site-packages/airflow/example_dags/example_task_group_decorator.py
[2025-07-22T09:18:10.032+0000] {processor.py:840} INFO - DAG(s) 'example_task_group_decorator' retrieved from /home/airflow/.local/lib/python3.12/site-packages/airflow/example_dags/example_task_group_decorator.py
[2025-07-22T09:18:10.081+0000] {logging_mixin.py:188} INFO - [2025-07-22T09:18:10.080+0000] {dag.py:3096} INFO - Sync 1 DAGs
[2025-07-22T09:18:10.110+0000] {logging_mixin.py:188} INFO - [2025-07-22T09:18:10.109+0000] {dag.py:3954} INFO - Setting next_dagrun for example_task_group_decorator to 2025-07-21 00:00:00+00:00, run_after=2025-07-22 00:00:00+00:00
[2025-07-22T09:18:10.134+0000] {processor.py:183} INFO - Processing /home/airflow/.local/lib/python3.12/site-packages/airflow/example_dags/example_task_group_decorator.py took 0.135 seconds
[2025-07-22T09:18:40.885+0000] {processor.py:161} INFO - Started process (PID=3212) to work on /home/airflow/.local/lib/python3.12/site-packages/airflow/example_dags/example_task_group_decorator.py
[2025-07-22T09:18:40.886+0000] {processor.py:830} INFO - Processing file /home/airflow/.local/lib/python3.12/site-packages/airflow/example_dags/example_task_group_decorator.py for tasks to queue
[2025-07-22T09:18:40.890+0000] {logging_mixin.py:188} INFO - [2025-07-22T09:18:40.889+0000] {dagbag.py:545} INFO - Filling up the DagBag from /home/airflow/.local/lib/python3.12/site-packages/airflow/example_dags/example_task_group_decorator.py
[2025-07-22T09:18:40.913+0000] {processor.py:840} INFO - DAG(s) 'example_task_group_decorator' retrieved from /home/airflow/.local/lib/python3.12/site-packages/airflow/example_dags/example_task_group_decorator.py
[2025-07-22T09:18:40.947+0000] {logging_mixin.py:188} INFO - [2025-07-22T09:18:40.946+0000] {dag.py:3096} INFO - Sync 1 DAGs
[2025-07-22T09:18:40.981+0000] {logging_mixin.py:188} INFO - [2025-07-22T09:18:40.981+0000] {dag.py:3954} INFO - Setting next_dagrun for example_task_group_decorator to 2025-07-21 00:00:00+00:00, run_after=2025-07-22 00:00:00+00:00
[2025-07-22T09:18:41.012+0000] {processor.py:183} INFO - Processing /home/airflow/.local/lib/python3.12/site-packages/airflow/example_dags/example_task_group_decorator.py took 0.137 seconds
[2025-07-22T09:19:11.388+0000] {processor.py:161} INFO - Started process (PID=3272) to work on /home/airflow/.local/lib/python3.12/site-packages/airflow/example_dags/example_task_group_decorator.py
[2025-07-22T09:19:11.389+0000] {processor.py:830} INFO - Processing file /home/airflow/.local/lib/python3.12/site-packages/airflow/example_dags/example_task_group_decorator.py for tasks to queue
[2025-07-22T09:19:11.392+0000] {logging_mixin.py:188} INFO - [2025-07-22T09:19:11.391+0000] {dagbag.py:545} INFO - Filling up the DagBag from /home/airflow/.local/lib/python3.12/site-packages/airflow/example_dags/example_task_group_decorator.py
[2025-07-22T09:19:11.408+0000] {processor.py:840} INFO - DAG(s) 'example_task_group_decorator' retrieved from /home/airflow/.local/lib/python3.12/site-packages/airflow/example_dags/example_task_group_decorator.py
[2025-07-22T09:19:11.438+0000] {logging_mixin.py:188} INFO - [2025-07-22T09:19:11.437+0000] {dag.py:3096} INFO - Sync 1 DAGs
[2025-07-22T09:19:11.463+0000] {logging_mixin.py:188} INFO - [2025-07-22T09:19:11.463+0000] {dag.py:3954} INFO - Setting next_dagrun for example_task_group_decorator to 2025-07-21 00:00:00+00:00, run_after=2025-07-22 00:00:00+00:00
[2025-07-22T09:19:11.484+0000] {processor.py:183} INFO - Processing /home/airflow/.local/lib/python3.12/site-packages/airflow/example_dags/example_task_group_decorator.py took 0.103 seconds
[2025-07-22T09:19:41.636+0000] {processor.py:161} INFO - Started process (PID=3332) to work on /home/airflow/.local/lib/python3.12/site-packages/airflow/example_dags/example_task_group_decorator.py
[2025-07-22T09:19:41.639+0000] {processor.py:830} INFO - Processing file /home/airflow/.local/lib/python3.12/site-packages/airflow/example_dags/example_task_group_decorator.py for tasks to queue
[2025-07-22T09:19:41.644+0000] {logging_mixin.py:188} INFO - [2025-07-22T09:19:41.643+0000] {dagbag.py:545} INFO - Filling up the DagBag from /home/airflow/.local/lib/python3.12/site-packages/airflow/example_dags/example_task_group_decorator.py
[2025-07-22T09:19:41.686+0000] {processor.py:840} INFO - DAG(s) 'example_task_group_decorator' retrieved from /home/airflow/.local/lib/python3.12/site-packages/airflow/example_dags/example_task_group_decorator.py
[2025-07-22T09:19:41.745+0000] {logging_mixin.py:188} INFO - [2025-07-22T09:19:41.744+0000] {dag.py:3096} INFO - Sync 1 DAGs
[2025-07-22T09:19:41.799+0000] {logging_mixin.py:188} INFO - [2025-07-22T09:19:41.798+0000] {dag.py:3954} INFO - Setting next_dagrun for example_task_group_decorator to 2025-07-21 00:00:00+00:00, run_after=2025-07-22 00:00:00+00:00
[2025-07-22T09:19:41.846+0000] {processor.py:183} INFO - Processing /home/airflow/.local/lib/python3.12/site-packages/airflow/example_dags/example_task_group_decorator.py took 0.225 seconds
[2025-07-22T09:20:11.953+0000] {processor.py:161} INFO - Started process (PID=3392) to work on /home/airflow/.local/lib/python3.12/site-packages/airflow/example_dags/example_task_group_decorator.py
[2025-07-22T09:20:11.955+0000] {processor.py:830} INFO - Processing file /home/airflow/.local/lib/python3.12/site-packages/airflow/example_dags/example_task_group_decorator.py for tasks to queue
[2025-07-22T09:20:11.958+0000] {logging_mixin.py:188} INFO - [2025-07-22T09:20:11.957+0000] {dagbag.py:545} INFO - Filling up the DagBag from /home/airflow/.local/lib/python3.12/site-packages/airflow/example_dags/example_task_group_decorator.py
[2025-07-22T09:20:11.978+0000] {processor.py:840} INFO - DAG(s) 'example_task_group_decorator' retrieved from /home/airflow/.local/lib/python3.12/site-packages/airflow/example_dags/example_task_group_decorator.py
[2025-07-22T09:20:12.022+0000] {logging_mixin.py:188} INFO - [2025-07-22T09:20:12.021+0000] {dag.py:3096} INFO - Sync 1 DAGs
[2025-07-22T09:20:12.058+0000] {logging_mixin.py:188} INFO - [2025-07-22T09:20:12.058+0000] {dag.py:3954} INFO - Setting next_dagrun for example_task_group_decorator to 2025-07-21 00:00:00+00:00, run_after=2025-07-22 00:00:00+00:00
[2025-07-22T09:20:12.111+0000] {processor.py:183} INFO - Processing /home/airflow/.local/lib/python3.12/site-packages/airflow/example_dags/example_task_group_decorator.py took 0.165 seconds
[2025-07-22T09:20:42.285+0000] {processor.py:161} INFO - Started process (PID=3452) to work on /home/airflow/.local/lib/python3.12/site-packages/airflow/example_dags/example_task_group_decorator.py
[2025-07-22T09:20:42.286+0000] {processor.py:830} INFO - Processing file /home/airflow/.local/lib/python3.12/site-packages/airflow/example_dags/example_task_group_decorator.py for tasks to queue
[2025-07-22T09:20:42.288+0000] {logging_mixin.py:188} INFO - [2025-07-22T09:20:42.288+0000] {dagbag.py:545} INFO - Filling up the DagBag from /home/airflow/.local/lib/python3.12/site-packages/airflow/example_dags/example_task_group_decorator.py
[2025-07-22T09:20:42.305+0000] {processor.py:840} INFO - DAG(s) 'example_task_group_decorator' retrieved from /home/airflow/.local/lib/python3.12/site-packages/airflow/example_dags/example_task_group_decorator.py
[2025-07-22T09:20:42.338+0000] {logging_mixin.py:188} INFO - [2025-07-22T09:20:42.338+0000] {dag.py:3096} INFO - Sync 1 DAGs
[2025-07-22T09:20:42.372+0000] {logging_mixin.py:188} INFO - [2025-07-22T09:20:42.372+0000] {dag.py:3954} INFO - Setting next_dagrun for example_task_group_decorator to 2025-07-21 00:00:00+00:00, run_after=2025-07-22 00:00:00+00:00
[2025-07-22T09:20:42.399+0000] {processor.py:183} INFO - Processing /home/airflow/.local/lib/python3.12/site-packages/airflow/example_dags/example_task_group_decorator.py took 0.121 seconds
[2025-07-22T09:21:12.587+0000] {processor.py:161} INFO - Started process (PID=3513) to work on /home/airflow/.local/lib/python3.12/site-packages/airflow/example_dags/example_task_group_decorator.py
[2025-07-22T09:21:12.588+0000] {processor.py:830} INFO - Processing file /home/airflow/.local/lib/python3.12/site-packages/airflow/example_dags/example_task_group_decorator.py for tasks to queue
[2025-07-22T09:21:12.590+0000] {logging_mixin.py:188} INFO - [2025-07-22T09:21:12.590+0000] {dagbag.py:545} INFO - Filling up the DagBag from /home/airflow/.local/lib/python3.12/site-packages/airflow/example_dags/example_task_group_decorator.py
[2025-07-22T09:21:12.608+0000] {processor.py:840} INFO - DAG(s) 'example_task_group_decorator' retrieved from /home/airflow/.local/lib/python3.12/site-packages/airflow/example_dags/example_task_group_decorator.py
[2025-07-22T09:21:12.639+0000] {logging_mixin.py:188} INFO - [2025-07-22T09:21:12.639+0000] {dag.py:3096} INFO - Sync 1 DAGs
[2025-07-22T09:21:12.665+0000] {logging_mixin.py:188} INFO - [2025-07-22T09:21:12.665+0000] {dag.py:3954} INFO - Setting next_dagrun for example_task_group_decorator to 2025-07-21 00:00:00+00:00, run_after=2025-07-22 00:00:00+00:00
[2025-07-22T09:21:12.687+0000] {processor.py:183} INFO - Processing /home/airflow/.local/lib/python3.12/site-packages/airflow/example_dags/example_task_group_decorator.py took 0.107 seconds
[2025-07-22T09:21:42.891+0000] {processor.py:161} INFO - Started process (PID=3573) to work on /home/airflow/.local/lib/python3.12/site-packages/airflow/example_dags/example_task_group_decorator.py
[2025-07-22T09:21:42.892+0000] {processor.py:830} INFO - Processing file /home/airflow/.local/lib/python3.12/site-packages/airflow/example_dags/example_task_group_decorator.py for tasks to queue
[2025-07-22T09:21:42.895+0000] {logging_mixin.py:188} INFO - [2025-07-22T09:21:42.894+0000] {dagbag.py:545} INFO - Filling up the DagBag from /home/airflow/.local/lib/python3.12/site-packages/airflow/example_dags/example_task_group_decorator.py
[2025-07-22T09:21:42.912+0000] {processor.py:840} INFO - DAG(s) 'example_task_group_decorator' retrieved from /home/airflow/.local/lib/python3.12/site-packages/airflow/example_dags/example_task_group_decorator.py
[2025-07-22T09:21:42.940+0000] {logging_mixin.py:188} INFO - [2025-07-22T09:21:42.940+0000] {dag.py:3096} INFO - Sync 1 DAGs
[2025-07-22T09:21:42.965+0000] {logging_mixin.py:188} INFO - [2025-07-22T09:21:42.965+0000] {dag.py:3954} INFO - Setting next_dagrun for example_task_group_decorator to 2025-07-21 00:00:00+00:00, run_after=2025-07-22 00:00:00+00:00
[2025-07-22T09:21:42.986+0000] {processor.py:183} INFO - Processing /home/airflow/.local/lib/python3.12/site-packages/airflow/example_dags/example_task_group_decorator.py took 0.102 seconds
[2025-07-22T09:22:13.125+0000] {processor.py:161} INFO - Started process (PID=3633) to work on /home/airflow/.local/lib/python3.12/site-packages/airflow/example_dags/example_task_group_decorator.py
[2025-07-22T09:22:13.126+0000] {processor.py:830} INFO - Processing file /home/airflow/.local/lib/python3.12/site-packages/airflow/example_dags/example_task_group_decorator.py for tasks to queue
[2025-07-22T09:22:13.129+0000] {logging_mixin.py:188} INFO - [2025-07-22T09:22:13.128+0000] {dagbag.py:545} INFO - Filling up the DagBag from /home/airflow/.local/lib/python3.12/site-packages/airflow/example_dags/example_task_group_decorator.py
[2025-07-22T09:22:13.147+0000] {processor.py:840} INFO - DAG(s) 'example_task_group_decorator' retrieved from /home/airflow/.local/lib/python3.12/site-packages/airflow/example_dags/example_task_group_decorator.py
[2025-07-22T09:22:13.180+0000] {logging_mixin.py:188} INFO - [2025-07-22T09:22:13.179+0000] {dag.py:3096} INFO - Sync 1 DAGs
[2025-07-22T09:22:13.207+0000] {logging_mixin.py:188} INFO - [2025-07-22T09:22:13.207+0000] {dag.py:3954} INFO - Setting next_dagrun for example_task_group_decorator to 2025-07-21 00:00:00+00:00, run_after=2025-07-22 00:00:00+00:00
[2025-07-22T09:22:13.229+0000] {processor.py:183} INFO - Processing /home/airflow/.local/lib/python3.12/site-packages/airflow/example_dags/example_task_group_decorator.py took 0.114 seconds
