[2025-07-22T08:52:08.723+0000] {processor.py:161} INFO - Started process (PID=93) to work on /home/airflow/.local/lib/python3.12/site-packages/airflow/example_dags/example_python_decorator.py
[2025-07-22T08:52:08.725+0000] {processor.py:830} INFO - Processing file /home/airflow/.local/lib/python3.12/site-packages/airflow/example_dags/example_python_decorator.py for tasks to queue
[2025-07-22T08:52:08.727+0000] {logging_mixin.py:188} INFO - [2025-07-22T08:52:08.726+0000] {dagbag.py:545} INFO - Filling up the DagBag from /home/airflow/.local/lib/python3.12/site-packages/airflow/example_dags/example_python_decorator.py
[2025-07-22T08:52:08.743+0000] {processor.py:840} INFO - DAG(s) 'example_python_decorator' retrieved from /home/airflow/.local/lib/python3.12/site-packages/airflow/example_dags/example_python_decorator.py
[2025-07-22T08:52:08.909+0000] {logging_mixin.py:188} INFO - [2025-07-22T08:52:08.909+0000] {dag.py:3096} INFO - Sync 1 DAGs
[2025-07-22T08:52:08.922+0000] {logging_mixin.py:188} INFO - [2025-07-22T08:52:08.922+0000] {dag.py:3954} INFO - Setting next_dagrun for example_python_decorator to None, run_after=None
[2025-07-22T08:52:08.949+0000] {processor.py:183} INFO - Processing /home/airflow/.local/lib/python3.12/site-packages/airflow/example_dags/example_python_decorator.py took 0.233 seconds
[2025-07-22T08:52:39.604+0000] {processor.py:161} INFO - Started process (PID=151) to work on /home/airflow/.local/lib/python3.12/site-packages/airflow/example_dags/example_python_decorator.py
[2025-07-22T08:52:39.606+0000] {processor.py:830} INFO - Processing file /home/airflow/.local/lib/python3.12/site-packages/airflow/example_dags/example_python_decorator.py for tasks to queue
[2025-07-22T08:52:39.608+0000] {logging_mixin.py:188} INFO - [2025-07-22T08:52:39.608+0000] {dagbag.py:545} INFO - Filling up the DagBag from /home/airflow/.local/lib/python3.12/site-packages/airflow/example_dags/example_python_decorator.py
[2025-07-22T08:52:39.623+0000] {processor.py:840} INFO - DAG(s) 'example_python_decorator' retrieved from /home/airflow/.local/lib/python3.12/site-packages/airflow/example_dags/example_python_decorator.py
[2025-07-22T08:52:39.652+0000] {logging_mixin.py:188} INFO - [2025-07-22T08:52:39.651+0000] {dag.py:3096} INFO - Sync 1 DAGs
[2025-07-22T08:52:39.666+0000] {logging_mixin.py:188} INFO - [2025-07-22T08:52:39.666+0000] {dag.py:3954} INFO - Setting next_dagrun for example_python_decorator to None, run_after=None
[2025-07-22T08:52:39.698+0000] {processor.py:183} INFO - Processing /home/airflow/.local/lib/python3.12/site-packages/airflow/example_dags/example_python_decorator.py took 0.100 seconds
[2025-07-22T08:53:10.173+0000] {processor.py:161} INFO - Started process (PID=209) to work on /home/airflow/.local/lib/python3.12/site-packages/airflow/example_dags/example_python_decorator.py
[2025-07-22T08:53:10.174+0000] {processor.py:830} INFO - Processing file /home/airflow/.local/lib/python3.12/site-packages/airflow/example_dags/example_python_decorator.py for tasks to queue
[2025-07-22T08:53:10.178+0000] {logging_mixin.py:188} INFO - [2025-07-22T08:53:10.177+0000] {dagbag.py:545} INFO - Filling up the DagBag from /home/airflow/.local/lib/python3.12/site-packages/airflow/example_dags/example_python_decorator.py
[2025-07-22T08:53:10.207+0000] {processor.py:840} INFO - DAG(s) 'example_python_decorator' retrieved from /home/airflow/.local/lib/python3.12/site-packages/airflow/example_dags/example_python_decorator.py
[2025-07-22T08:53:10.247+0000] {logging_mixin.py:188} INFO - [2025-07-22T08:53:10.247+0000] {dag.py:3096} INFO - Sync 1 DAGs
[2025-07-22T08:53:10.270+0000] {logging_mixin.py:188} INFO - [2025-07-22T08:53:10.270+0000] {dag.py:3954} INFO - Setting next_dagrun for example_python_decorator to None, run_after=None
[2025-07-22T08:53:10.311+0000] {processor.py:183} INFO - Processing /home/airflow/.local/lib/python3.12/site-packages/airflow/example_dags/example_python_decorator.py took 0.151 seconds
[2025-07-22T08:53:40.429+0000] {processor.py:161} INFO - Started process (PID=266) to work on /home/airflow/.local/lib/python3.12/site-packages/airflow/example_dags/example_python_decorator.py
[2025-07-22T08:53:40.431+0000] {processor.py:830} INFO - Processing file /home/airflow/.local/lib/python3.12/site-packages/airflow/example_dags/example_python_decorator.py for tasks to queue
[2025-07-22T08:53:40.433+0000] {logging_mixin.py:188} INFO - [2025-07-22T08:53:40.433+0000] {dagbag.py:545} INFO - Filling up the DagBag from /home/airflow/.local/lib/python3.12/site-packages/airflow/example_dags/example_python_decorator.py
[2025-07-22T08:53:40.447+0000] {processor.py:840} INFO - DAG(s) 'example_python_decorator' retrieved from /home/airflow/.local/lib/python3.12/site-packages/airflow/example_dags/example_python_decorator.py
[2025-07-22T08:53:40.492+0000] {logging_mixin.py:188} INFO - [2025-07-22T08:53:40.492+0000] {dag.py:3096} INFO - Sync 1 DAGs
[2025-07-22T08:53:40.508+0000] {logging_mixin.py:188} INFO - [2025-07-22T08:53:40.508+0000] {dag.py:3954} INFO - Setting next_dagrun for example_python_decorator to None, run_after=None
[2025-07-22T08:53:40.531+0000] {processor.py:183} INFO - Processing /home/airflow/.local/lib/python3.12/site-packages/airflow/example_dags/example_python_decorator.py took 0.118 seconds
[2025-07-22T08:54:10.952+0000] {processor.py:161} INFO - Started process (PID=325) to work on /home/airflow/.local/lib/python3.12/site-packages/airflow/example_dags/example_python_decorator.py
[2025-07-22T08:54:10.954+0000] {processor.py:830} INFO - Processing file /home/airflow/.local/lib/python3.12/site-packages/airflow/example_dags/example_python_decorator.py for tasks to queue
[2025-07-22T08:54:10.956+0000] {logging_mixin.py:188} INFO - [2025-07-22T08:54:10.955+0000] {dagbag.py:545} INFO - Filling up the DagBag from /home/airflow/.local/lib/python3.12/site-packages/airflow/example_dags/example_python_decorator.py
[2025-07-22T08:54:10.969+0000] {processor.py:840} INFO - DAG(s) 'example_python_decorator' retrieved from /home/airflow/.local/lib/python3.12/site-packages/airflow/example_dags/example_python_decorator.py
[2025-07-22T08:54:10.995+0000] {logging_mixin.py:188} INFO - [2025-07-22T08:54:10.995+0000] {dag.py:3096} INFO - Sync 1 DAGs
[2025-07-22T08:54:11.009+0000] {logging_mixin.py:188} INFO - [2025-07-22T08:54:11.009+0000] {dag.py:3954} INFO - Setting next_dagrun for example_python_decorator to None, run_after=None
[2025-07-22T08:54:11.031+0000] {processor.py:183} INFO - Processing /home/airflow/.local/lib/python3.12/site-packages/airflow/example_dags/example_python_decorator.py took 0.085 seconds
[2025-07-22T08:54:41.275+0000] {processor.py:161} INFO - Started process (PID=383) to work on /home/airflow/.local/lib/python3.12/site-packages/airflow/example_dags/example_python_decorator.py
[2025-07-22T08:54:41.276+0000] {processor.py:830} INFO - Processing file /home/airflow/.local/lib/python3.12/site-packages/airflow/example_dags/example_python_decorator.py for tasks to queue
[2025-07-22T08:54:41.279+0000] {logging_mixin.py:188} INFO - [2025-07-22T08:54:41.279+0000] {dagbag.py:545} INFO - Filling up the DagBag from /home/airflow/.local/lib/python3.12/site-packages/airflow/example_dags/example_python_decorator.py
[2025-07-22T08:54:41.298+0000] {processor.py:840} INFO - DAG(s) 'example_python_decorator' retrieved from /home/airflow/.local/lib/python3.12/site-packages/airflow/example_dags/example_python_decorator.py
[2025-07-22T08:54:41.330+0000] {logging_mixin.py:188} INFO - [2025-07-22T08:54:41.330+0000] {dag.py:3096} INFO - Sync 1 DAGs
[2025-07-22T08:54:41.347+0000] {logging_mixin.py:188} INFO - [2025-07-22T08:54:41.347+0000] {dag.py:3954} INFO - Setting next_dagrun for example_python_decorator to None, run_after=None
[2025-07-22T08:54:41.375+0000] {processor.py:183} INFO - Processing /home/airflow/.local/lib/python3.12/site-packages/airflow/example_dags/example_python_decorator.py took 0.109 seconds
[2025-07-22T08:55:11.787+0000] {processor.py:161} INFO - Started process (PID=441) to work on /home/airflow/.local/lib/python3.12/site-packages/airflow/example_dags/example_python_decorator.py
[2025-07-22T08:55:11.789+0000] {processor.py:830} INFO - Processing file /home/airflow/.local/lib/python3.12/site-packages/airflow/example_dags/example_python_decorator.py for tasks to queue
[2025-07-22T08:55:11.793+0000] {logging_mixin.py:188} INFO - [2025-07-22T08:55:11.792+0000] {dagbag.py:545} INFO - Filling up the DagBag from /home/airflow/.local/lib/python3.12/site-packages/airflow/example_dags/example_python_decorator.py
[2025-07-22T08:55:11.815+0000] {processor.py:840} INFO - DAG(s) 'example_python_decorator' retrieved from /home/airflow/.local/lib/python3.12/site-packages/airflow/example_dags/example_python_decorator.py
[2025-07-22T08:55:11.856+0000] {logging_mixin.py:188} INFO - [2025-07-22T08:55:11.855+0000] {dag.py:3096} INFO - Sync 1 DAGs
[2025-07-22T08:55:11.878+0000] {logging_mixin.py:188} INFO - [2025-07-22T08:55:11.877+0000] {dag.py:3954} INFO - Setting next_dagrun for example_python_decorator to None, run_after=None
[2025-07-22T08:55:11.908+0000] {processor.py:183} INFO - Processing /home/airflow/.local/lib/python3.12/site-packages/airflow/example_dags/example_python_decorator.py took 0.133 seconds
[2025-07-22T08:55:42.230+0000] {processor.py:161} INFO - Started process (PID=499) to work on /home/airflow/.local/lib/python3.12/site-packages/airflow/example_dags/example_python_decorator.py
[2025-07-22T08:55:42.232+0000] {processor.py:830} INFO - Processing file /home/airflow/.local/lib/python3.12/site-packages/airflow/example_dags/example_python_decorator.py for tasks to queue
[2025-07-22T08:55:42.234+0000] {logging_mixin.py:188} INFO - [2025-07-22T08:55:42.234+0000] {dagbag.py:545} INFO - Filling up the DagBag from /home/airflow/.local/lib/python3.12/site-packages/airflow/example_dags/example_python_decorator.py
[2025-07-22T08:55:42.249+0000] {processor.py:840} INFO - DAG(s) 'example_python_decorator' retrieved from /home/airflow/.local/lib/python3.12/site-packages/airflow/example_dags/example_python_decorator.py
[2025-07-22T08:55:42.275+0000] {logging_mixin.py:188} INFO - [2025-07-22T08:55:42.275+0000] {dag.py:3096} INFO - Sync 1 DAGs
[2025-07-22T08:55:42.290+0000] {logging_mixin.py:188} INFO - [2025-07-22T08:55:42.290+0000] {dag.py:3954} INFO - Setting next_dagrun for example_python_decorator to None, run_after=None
[2025-07-22T08:55:42.314+0000] {processor.py:183} INFO - Processing /home/airflow/.local/lib/python3.12/site-packages/airflow/example_dags/example_python_decorator.py took 0.090 seconds
[2025-07-22T08:56:12.504+0000] {processor.py:161} INFO - Started process (PID=557) to work on /home/airflow/.local/lib/python3.12/site-packages/airflow/example_dags/example_python_decorator.py
[2025-07-22T08:56:12.506+0000] {processor.py:830} INFO - Processing file /home/airflow/.local/lib/python3.12/site-packages/airflow/example_dags/example_python_decorator.py for tasks to queue
[2025-07-22T08:56:12.508+0000] {logging_mixin.py:188} INFO - [2025-07-22T08:56:12.508+0000] {dagbag.py:545} INFO - Filling up the DagBag from /home/airflow/.local/lib/python3.12/site-packages/airflow/example_dags/example_python_decorator.py
[2025-07-22T08:56:12.525+0000] {processor.py:840} INFO - DAG(s) 'example_python_decorator' retrieved from /home/airflow/.local/lib/python3.12/site-packages/airflow/example_dags/example_python_decorator.py
[2025-07-22T08:56:12.551+0000] {logging_mixin.py:188} INFO - [2025-07-22T08:56:12.551+0000] {dag.py:3096} INFO - Sync 1 DAGs
[2025-07-22T08:56:12.566+0000] {logging_mixin.py:188} INFO - [2025-07-22T08:56:12.566+0000] {dag.py:3954} INFO - Setting next_dagrun for example_python_decorator to None, run_after=None
[2025-07-22T08:56:12.589+0000] {processor.py:183} INFO - Processing /home/airflow/.local/lib/python3.12/site-packages/airflow/example_dags/example_python_decorator.py took 0.093 seconds
[2025-07-22T08:56:42.993+0000] {processor.py:161} INFO - Started process (PID=615) to work on /home/airflow/.local/lib/python3.12/site-packages/airflow/example_dags/example_python_decorator.py
[2025-07-22T08:56:42.994+0000] {processor.py:830} INFO - Processing file /home/airflow/.local/lib/python3.12/site-packages/airflow/example_dags/example_python_decorator.py for tasks to queue
[2025-07-22T08:56:42.997+0000] {logging_mixin.py:188} INFO - [2025-07-22T08:56:42.996+0000] {dagbag.py:545} INFO - Filling up the DagBag from /home/airflow/.local/lib/python3.12/site-packages/airflow/example_dags/example_python_decorator.py
[2025-07-22T08:56:43.017+0000] {processor.py:840} INFO - DAG(s) 'example_python_decorator' retrieved from /home/airflow/.local/lib/python3.12/site-packages/airflow/example_dags/example_python_decorator.py
[2025-07-22T08:56:43.041+0000] {logging_mixin.py:188} INFO - [2025-07-22T08:56:43.041+0000] {dag.py:3096} INFO - Sync 1 DAGs
[2025-07-22T08:56:43.055+0000] {logging_mixin.py:188} INFO - [2025-07-22T08:56:43.054+0000] {dag.py:3954} INFO - Setting next_dagrun for example_python_decorator to None, run_after=None
[2025-07-22T08:56:43.081+0000] {processor.py:183} INFO - Processing /home/airflow/.local/lib/python3.12/site-packages/airflow/example_dags/example_python_decorator.py took 0.094 seconds
[2025-07-22T08:57:13.343+0000] {processor.py:161} INFO - Started process (PID=675) to work on /home/airflow/.local/lib/python3.12/site-packages/airflow/example_dags/example_python_decorator.py
[2025-07-22T08:57:13.344+0000] {processor.py:830} INFO - Processing file /home/airflow/.local/lib/python3.12/site-packages/airflow/example_dags/example_python_decorator.py for tasks to queue
[2025-07-22T08:57:13.347+0000] {logging_mixin.py:188} INFO - [2025-07-22T08:57:13.347+0000] {dagbag.py:545} INFO - Filling up the DagBag from /home/airflow/.local/lib/python3.12/site-packages/airflow/example_dags/example_python_decorator.py
[2025-07-22T08:57:13.372+0000] {processor.py:840} INFO - DAG(s) 'example_python_decorator' retrieved from /home/airflow/.local/lib/python3.12/site-packages/airflow/example_dags/example_python_decorator.py
[2025-07-22T08:57:13.414+0000] {logging_mixin.py:188} INFO - [2025-07-22T08:57:13.414+0000] {dag.py:3096} INFO - Sync 1 DAGs
[2025-07-22T08:57:13.442+0000] {logging_mixin.py:188} INFO - [2025-07-22T08:57:13.441+0000] {dag.py:3954} INFO - Setting next_dagrun for example_python_decorator to None, run_after=None
[2025-07-22T08:57:13.492+0000] {processor.py:183} INFO - Processing /home/airflow/.local/lib/python3.12/site-packages/airflow/example_dags/example_python_decorator.py took 0.159 seconds
[2025-07-22T08:57:43.542+0000] {processor.py:161} INFO - Started process (PID=734) to work on /home/airflow/.local/lib/python3.12/site-packages/airflow/example_dags/example_python_decorator.py
[2025-07-22T08:57:43.544+0000] {processor.py:830} INFO - Processing file /home/airflow/.local/lib/python3.12/site-packages/airflow/example_dags/example_python_decorator.py for tasks to queue
[2025-07-22T08:57:43.546+0000] {logging_mixin.py:188} INFO - [2025-07-22T08:57:43.546+0000] {dagbag.py:545} INFO - Filling up the DagBag from /home/airflow/.local/lib/python3.12/site-packages/airflow/example_dags/example_python_decorator.py
[2025-07-22T08:57:43.570+0000] {processor.py:840} INFO - DAG(s) 'example_python_decorator' retrieved from /home/airflow/.local/lib/python3.12/site-packages/airflow/example_dags/example_python_decorator.py
[2025-07-22T08:57:43.609+0000] {logging_mixin.py:188} INFO - [2025-07-22T08:57:43.608+0000] {dag.py:3096} INFO - Sync 1 DAGs
[2025-07-22T08:57:43.626+0000] {logging_mixin.py:188} INFO - [2025-07-22T08:57:43.625+0000] {dag.py:3954} INFO - Setting next_dagrun for example_python_decorator to None, run_after=None
[2025-07-22T08:57:43.656+0000] {processor.py:183} INFO - Processing /home/airflow/.local/lib/python3.12/site-packages/airflow/example_dags/example_python_decorator.py took 0.122 seconds
[2025-07-22T08:58:14.055+0000] {processor.py:161} INFO - Started process (PID=795) to work on /home/airflow/.local/lib/python3.12/site-packages/airflow/example_dags/example_python_decorator.py
[2025-07-22T08:58:14.057+0000] {processor.py:830} INFO - Processing file /home/airflow/.local/lib/python3.12/site-packages/airflow/example_dags/example_python_decorator.py for tasks to queue
[2025-07-22T08:58:14.060+0000] {logging_mixin.py:188} INFO - [2025-07-22T08:58:14.060+0000] {dagbag.py:545} INFO - Filling up the DagBag from /home/airflow/.local/lib/python3.12/site-packages/airflow/example_dags/example_python_decorator.py
[2025-07-22T08:58:14.078+0000] {processor.py:840} INFO - DAG(s) 'example_python_decorator' retrieved from /home/airflow/.local/lib/python3.12/site-packages/airflow/example_dags/example_python_decorator.py
[2025-07-22T08:58:14.110+0000] {logging_mixin.py:188} INFO - [2025-07-22T08:58:14.110+0000] {dag.py:3096} INFO - Sync 1 DAGs
[2025-07-22T08:58:14.131+0000] {logging_mixin.py:188} INFO - [2025-07-22T08:58:14.130+0000] {dag.py:3954} INFO - Setting next_dagrun for example_python_decorator to None, run_after=None
[2025-07-22T08:58:14.183+0000] {processor.py:183} INFO - Processing /home/airflow/.local/lib/python3.12/site-packages/airflow/example_dags/example_python_decorator.py took 0.135 seconds
[2025-07-22T08:58:44.290+0000] {processor.py:161} INFO - Started process (PID=854) to work on /home/airflow/.local/lib/python3.12/site-packages/airflow/example_dags/example_python_decorator.py
[2025-07-22T08:58:44.292+0000] {processor.py:830} INFO - Processing file /home/airflow/.local/lib/python3.12/site-packages/airflow/example_dags/example_python_decorator.py for tasks to queue
[2025-07-22T08:58:44.300+0000] {logging_mixin.py:188} INFO - [2025-07-22T08:58:44.298+0000] {dagbag.py:545} INFO - Filling up the DagBag from /home/airflow/.local/lib/python3.12/site-packages/airflow/example_dags/example_python_decorator.py
[2025-07-22T08:58:44.336+0000] {processor.py:840} INFO - DAG(s) 'example_python_decorator' retrieved from /home/airflow/.local/lib/python3.12/site-packages/airflow/example_dags/example_python_decorator.py
[2025-07-22T08:58:44.384+0000] {logging_mixin.py:188} INFO - [2025-07-22T08:58:44.384+0000] {dag.py:3096} INFO - Sync 1 DAGs
[2025-07-22T08:58:44.406+0000] {logging_mixin.py:188} INFO - [2025-07-22T08:58:44.406+0000] {dag.py:3954} INFO - Setting next_dagrun for example_python_decorator to None, run_after=None
[2025-07-22T08:58:44.432+0000] {processor.py:183} INFO - Processing /home/airflow/.local/lib/python3.12/site-packages/airflow/example_dags/example_python_decorator.py took 0.156 seconds
[2025-07-22T08:59:15.300+0000] {processor.py:161} INFO - Started process (PID=915) to work on /home/airflow/.local/lib/python3.12/site-packages/airflow/example_dags/example_python_decorator.py
[2025-07-22T08:59:15.301+0000] {processor.py:830} INFO - Processing file /home/airflow/.local/lib/python3.12/site-packages/airflow/example_dags/example_python_decorator.py for tasks to queue
[2025-07-22T08:59:15.304+0000] {logging_mixin.py:188} INFO - [2025-07-22T08:59:15.304+0000] {dagbag.py:545} INFO - Filling up the DagBag from /home/airflow/.local/lib/python3.12/site-packages/airflow/example_dags/example_python_decorator.py
[2025-07-22T08:59:15.320+0000] {processor.py:840} INFO - DAG(s) 'example_python_decorator' retrieved from /home/airflow/.local/lib/python3.12/site-packages/airflow/example_dags/example_python_decorator.py
[2025-07-22T08:59:15.346+0000] {logging_mixin.py:188} INFO - [2025-07-22T08:59:15.345+0000] {dag.py:3096} INFO - Sync 1 DAGs
[2025-07-22T08:59:15.361+0000] {logging_mixin.py:188} INFO - [2025-07-22T08:59:15.360+0000] {dag.py:3954} INFO - Setting next_dagrun for example_python_decorator to None, run_after=None
[2025-07-22T08:59:15.384+0000] {processor.py:183} INFO - Processing /home/airflow/.local/lib/python3.12/site-packages/airflow/example_dags/example_python_decorator.py took 0.094 seconds
[2025-07-22T08:59:45.696+0000] {processor.py:161} INFO - Started process (PID=975) to work on /home/airflow/.local/lib/python3.12/site-packages/airflow/example_dags/example_python_decorator.py
[2025-07-22T08:59:45.698+0000] {processor.py:830} INFO - Processing file /home/airflow/.local/lib/python3.12/site-packages/airflow/example_dags/example_python_decorator.py for tasks to queue
[2025-07-22T08:59:45.700+0000] {logging_mixin.py:188} INFO - [2025-07-22T08:59:45.700+0000] {dagbag.py:545} INFO - Filling up the DagBag from /home/airflow/.local/lib/python3.12/site-packages/airflow/example_dags/example_python_decorator.py
[2025-07-22T08:59:45.719+0000] {processor.py:840} INFO - DAG(s) 'example_python_decorator' retrieved from /home/airflow/.local/lib/python3.12/site-packages/airflow/example_dags/example_python_decorator.py
[2025-07-22T08:59:45.748+0000] {logging_mixin.py:188} INFO - [2025-07-22T08:59:45.748+0000] {dag.py:3096} INFO - Sync 1 DAGs
[2025-07-22T08:59:45.762+0000] {logging_mixin.py:188} INFO - [2025-07-22T08:59:45.762+0000] {dag.py:3954} INFO - Setting next_dagrun for example_python_decorator to None, run_after=None
[2025-07-22T08:59:45.785+0000] {processor.py:183} INFO - Processing /home/airflow/.local/lib/python3.12/site-packages/airflow/example_dags/example_python_decorator.py took 0.095 seconds
[2025-07-22T09:00:16.351+0000] {processor.py:161} INFO - Started process (PID=1035) to work on /home/airflow/.local/lib/python3.12/site-packages/airflow/example_dags/example_python_decorator.py
[2025-07-22T09:00:16.353+0000] {processor.py:830} INFO - Processing file /home/airflow/.local/lib/python3.12/site-packages/airflow/example_dags/example_python_decorator.py for tasks to queue
[2025-07-22T09:00:16.355+0000] {logging_mixin.py:188} INFO - [2025-07-22T09:00:16.355+0000] {dagbag.py:545} INFO - Filling up the DagBag from /home/airflow/.local/lib/python3.12/site-packages/airflow/example_dags/example_python_decorator.py
[2025-07-22T09:00:16.372+0000] {processor.py:840} INFO - DAG(s) 'example_python_decorator' retrieved from /home/airflow/.local/lib/python3.12/site-packages/airflow/example_dags/example_python_decorator.py
[2025-07-22T09:00:16.403+0000] {logging_mixin.py:188} INFO - [2025-07-22T09:00:16.402+0000] {dag.py:3096} INFO - Sync 1 DAGs
[2025-07-22T09:00:16.420+0000] {logging_mixin.py:188} INFO - [2025-07-22T09:00:16.420+0000] {dag.py:3954} INFO - Setting next_dagrun for example_python_decorator to None, run_after=None
[2025-07-22T09:00:16.449+0000] {processor.py:183} INFO - Processing /home/airflow/.local/lib/python3.12/site-packages/airflow/example_dags/example_python_decorator.py took 0.105 seconds
[2025-07-22T09:00:47.154+0000] {processor.py:161} INFO - Started process (PID=1095) to work on /home/airflow/.local/lib/python3.12/site-packages/airflow/example_dags/example_python_decorator.py
[2025-07-22T09:00:47.155+0000] {processor.py:830} INFO - Processing file /home/airflow/.local/lib/python3.12/site-packages/airflow/example_dags/example_python_decorator.py for tasks to queue
[2025-07-22T09:00:47.158+0000] {logging_mixin.py:188} INFO - [2025-07-22T09:00:47.158+0000] {dagbag.py:545} INFO - Filling up the DagBag from /home/airflow/.local/lib/python3.12/site-packages/airflow/example_dags/example_python_decorator.py
[2025-07-22T09:00:47.173+0000] {processor.py:840} INFO - DAG(s) 'example_python_decorator' retrieved from /home/airflow/.local/lib/python3.12/site-packages/airflow/example_dags/example_python_decorator.py
[2025-07-22T09:00:47.200+0000] {logging_mixin.py:188} INFO - [2025-07-22T09:00:47.199+0000] {dag.py:3096} INFO - Sync 1 DAGs
[2025-07-22T09:00:47.231+0000] {logging_mixin.py:188} INFO - [2025-07-22T09:00:47.231+0000] {dag.py:3954} INFO - Setting next_dagrun for example_python_decorator to None, run_after=None
[2025-07-22T09:00:47.257+0000] {processor.py:183} INFO - Processing /home/airflow/.local/lib/python3.12/site-packages/airflow/example_dags/example_python_decorator.py took 0.111 seconds
[2025-07-22T09:01:18.061+0000] {processor.py:161} INFO - Started process (PID=1155) to work on /home/airflow/.local/lib/python3.12/site-packages/airflow/example_dags/example_python_decorator.py
[2025-07-22T09:01:18.062+0000] {processor.py:830} INFO - Processing file /home/airflow/.local/lib/python3.12/site-packages/airflow/example_dags/example_python_decorator.py for tasks to queue
[2025-07-22T09:01:18.064+0000] {logging_mixin.py:188} INFO - [2025-07-22T09:01:18.064+0000] {dagbag.py:545} INFO - Filling up the DagBag from /home/airflow/.local/lib/python3.12/site-packages/airflow/example_dags/example_python_decorator.py
[2025-07-22T09:01:18.078+0000] {processor.py:840} INFO - DAG(s) 'example_python_decorator' retrieved from /home/airflow/.local/lib/python3.12/site-packages/airflow/example_dags/example_python_decorator.py
[2025-07-22T09:01:18.102+0000] {logging_mixin.py:188} INFO - [2025-07-22T09:01:18.102+0000] {dag.py:3096} INFO - Sync 1 DAGs
[2025-07-22T09:01:18.115+0000] {logging_mixin.py:188} INFO - [2025-07-22T09:01:18.115+0000] {dag.py:3954} INFO - Setting next_dagrun for example_python_decorator to None, run_after=None
[2025-07-22T09:01:18.143+0000] {processor.py:183} INFO - Processing /home/airflow/.local/lib/python3.12/site-packages/airflow/example_dags/example_python_decorator.py took 0.090 seconds
[2025-07-22T09:01:48.319+0000] {processor.py:161} INFO - Started process (PID=1215) to work on /home/airflow/.local/lib/python3.12/site-packages/airflow/example_dags/example_python_decorator.py
[2025-07-22T09:01:48.321+0000] {processor.py:830} INFO - Processing file /home/airflow/.local/lib/python3.12/site-packages/airflow/example_dags/example_python_decorator.py for tasks to queue
[2025-07-22T09:01:48.323+0000] {logging_mixin.py:188} INFO - [2025-07-22T09:01:48.323+0000] {dagbag.py:545} INFO - Filling up the DagBag from /home/airflow/.local/lib/python3.12/site-packages/airflow/example_dags/example_python_decorator.py
[2025-07-22T09:01:48.337+0000] {processor.py:840} INFO - DAG(s) 'example_python_decorator' retrieved from /home/airflow/.local/lib/python3.12/site-packages/airflow/example_dags/example_python_decorator.py
[2025-07-22T09:01:48.362+0000] {logging_mixin.py:188} INFO - [2025-07-22T09:01:48.362+0000] {dag.py:3096} INFO - Sync 1 DAGs
[2025-07-22T09:01:48.376+0000] {logging_mixin.py:188} INFO - [2025-07-22T09:01:48.376+0000] {dag.py:3954} INFO - Setting next_dagrun for example_python_decorator to None, run_after=None
[2025-07-22T09:01:48.396+0000] {processor.py:183} INFO - Processing /home/airflow/.local/lib/python3.12/site-packages/airflow/example_dags/example_python_decorator.py took 0.083 seconds
[2025-07-22T09:02:18.472+0000] {processor.py:161} INFO - Started process (PID=1274) to work on /home/airflow/.local/lib/python3.12/site-packages/airflow/example_dags/example_python_decorator.py
[2025-07-22T09:02:18.474+0000] {processor.py:830} INFO - Processing file /home/airflow/.local/lib/python3.12/site-packages/airflow/example_dags/example_python_decorator.py for tasks to queue
[2025-07-22T09:02:18.476+0000] {logging_mixin.py:188} INFO - [2025-07-22T09:02:18.475+0000] {dagbag.py:545} INFO - Filling up the DagBag from /home/airflow/.local/lib/python3.12/site-packages/airflow/example_dags/example_python_decorator.py
[2025-07-22T09:02:18.489+0000] {processor.py:840} INFO - DAG(s) 'example_python_decorator' retrieved from /home/airflow/.local/lib/python3.12/site-packages/airflow/example_dags/example_python_decorator.py
[2025-07-22T09:02:18.518+0000] {logging_mixin.py:188} INFO - [2025-07-22T09:02:18.517+0000] {dag.py:3096} INFO - Sync 1 DAGs
[2025-07-22T09:02:18.532+0000] {logging_mixin.py:188} INFO - [2025-07-22T09:02:18.531+0000] {dag.py:3954} INFO - Setting next_dagrun for example_python_decorator to None, run_after=None
[2025-07-22T09:02:18.554+0000] {processor.py:183} INFO - Processing /home/airflow/.local/lib/python3.12/site-packages/airflow/example_dags/example_python_decorator.py took 0.088 seconds
[2025-07-22T09:02:49.152+0000] {processor.py:161} INFO - Started process (PID=1335) to work on /home/airflow/.local/lib/python3.12/site-packages/airflow/example_dags/example_python_decorator.py
[2025-07-22T09:02:49.154+0000] {processor.py:830} INFO - Processing file /home/airflow/.local/lib/python3.12/site-packages/airflow/example_dags/example_python_decorator.py for tasks to queue
[2025-07-22T09:02:49.156+0000] {logging_mixin.py:188} INFO - [2025-07-22T09:02:49.155+0000] {dagbag.py:545} INFO - Filling up the DagBag from /home/airflow/.local/lib/python3.12/site-packages/airflow/example_dags/example_python_decorator.py
[2025-07-22T09:02:49.169+0000] {processor.py:840} INFO - DAG(s) 'example_python_decorator' retrieved from /home/airflow/.local/lib/python3.12/site-packages/airflow/example_dags/example_python_decorator.py
[2025-07-22T09:02:49.193+0000] {logging_mixin.py:188} INFO - [2025-07-22T09:02:49.193+0000] {dag.py:3096} INFO - Sync 1 DAGs
[2025-07-22T09:02:49.206+0000] {logging_mixin.py:188} INFO - [2025-07-22T09:02:49.206+0000] {dag.py:3954} INFO - Setting next_dagrun for example_python_decorator to None, run_after=None
[2025-07-22T09:02:49.226+0000] {processor.py:183} INFO - Processing /home/airflow/.local/lib/python3.12/site-packages/airflow/example_dags/example_python_decorator.py took 0.080 seconds
[2025-07-22T09:03:19.542+0000] {processor.py:161} INFO - Started process (PID=1395) to work on /home/airflow/.local/lib/python3.12/site-packages/airflow/example_dags/example_python_decorator.py
[2025-07-22T09:03:19.544+0000] {processor.py:830} INFO - Processing file /home/airflow/.local/lib/python3.12/site-packages/airflow/example_dags/example_python_decorator.py for tasks to queue
[2025-07-22T09:03:19.546+0000] {logging_mixin.py:188} INFO - [2025-07-22T09:03:19.546+0000] {dagbag.py:545} INFO - Filling up the DagBag from /home/airflow/.local/lib/python3.12/site-packages/airflow/example_dags/example_python_decorator.py
[2025-07-22T09:03:19.561+0000] {processor.py:840} INFO - DAG(s) 'example_python_decorator' retrieved from /home/airflow/.local/lib/python3.12/site-packages/airflow/example_dags/example_python_decorator.py
[2025-07-22T09:03:19.587+0000] {logging_mixin.py:188} INFO - [2025-07-22T09:03:19.587+0000] {dag.py:3096} INFO - Sync 1 DAGs
[2025-07-22T09:03:19.601+0000] {logging_mixin.py:188} INFO - [2025-07-22T09:03:19.601+0000] {dag.py:3954} INFO - Setting next_dagrun for example_python_decorator to None, run_after=None
[2025-07-22T09:03:19.624+0000] {processor.py:183} INFO - Processing /home/airflow/.local/lib/python3.12/site-packages/airflow/example_dags/example_python_decorator.py took 0.088 seconds
[2025-07-22T09:03:49.725+0000] {processor.py:161} INFO - Started process (PID=1454) to work on /home/airflow/.local/lib/python3.12/site-packages/airflow/example_dags/example_python_decorator.py
[2025-07-22T09:03:49.727+0000] {processor.py:830} INFO - Processing file /home/airflow/.local/lib/python3.12/site-packages/airflow/example_dags/example_python_decorator.py for tasks to queue
[2025-07-22T09:03:49.729+0000] {logging_mixin.py:188} INFO - [2025-07-22T09:03:49.729+0000] {dagbag.py:545} INFO - Filling up the DagBag from /home/airflow/.local/lib/python3.12/site-packages/airflow/example_dags/example_python_decorator.py
[2025-07-22T09:03:49.742+0000] {processor.py:840} INFO - DAG(s) 'example_python_decorator' retrieved from /home/airflow/.local/lib/python3.12/site-packages/airflow/example_dags/example_python_decorator.py
[2025-07-22T09:03:49.766+0000] {logging_mixin.py:188} INFO - [2025-07-22T09:03:49.766+0000] {dag.py:3096} INFO - Sync 1 DAGs
[2025-07-22T09:03:49.781+0000] {logging_mixin.py:188} INFO - [2025-07-22T09:03:49.781+0000] {dag.py:3954} INFO - Setting next_dagrun for example_python_decorator to None, run_after=None
[2025-07-22T09:03:49.804+0000] {processor.py:183} INFO - Processing /home/airflow/.local/lib/python3.12/site-packages/airflow/example_dags/example_python_decorator.py took 0.085 seconds
[2025-07-22T09:04:20.422+0000] {processor.py:161} INFO - Started process (PID=1515) to work on /home/airflow/.local/lib/python3.12/site-packages/airflow/example_dags/example_python_decorator.py
[2025-07-22T09:04:20.423+0000] {processor.py:830} INFO - Processing file /home/airflow/.local/lib/python3.12/site-packages/airflow/example_dags/example_python_decorator.py for tasks to queue
[2025-07-22T09:04:20.427+0000] {logging_mixin.py:188} INFO - [2025-07-22T09:04:20.426+0000] {dagbag.py:545} INFO - Filling up the DagBag from /home/airflow/.local/lib/python3.12/site-packages/airflow/example_dags/example_python_decorator.py
[2025-07-22T09:04:20.445+0000] {processor.py:840} INFO - DAG(s) 'example_python_decorator' retrieved from /home/airflow/.local/lib/python3.12/site-packages/airflow/example_dags/example_python_decorator.py
[2025-07-22T09:04:20.477+0000] {logging_mixin.py:188} INFO - [2025-07-22T09:04:20.476+0000] {dag.py:3096} INFO - Sync 1 DAGs
[2025-07-22T09:04:20.496+0000] {logging_mixin.py:188} INFO - [2025-07-22T09:04:20.495+0000] {dag.py:3954} INFO - Setting next_dagrun for example_python_decorator to None, run_after=None
[2025-07-22T09:04:20.524+0000] {processor.py:183} INFO - Processing /home/airflow/.local/lib/python3.12/site-packages/airflow/example_dags/example_python_decorator.py took 0.110 seconds
[2025-07-22T09:04:50.889+0000] {processor.py:161} INFO - Started process (PID=1575) to work on /home/airflow/.local/lib/python3.12/site-packages/airflow/example_dags/example_python_decorator.py
[2025-07-22T09:04:50.890+0000] {processor.py:830} INFO - Processing file /home/airflow/.local/lib/python3.12/site-packages/airflow/example_dags/example_python_decorator.py for tasks to queue
[2025-07-22T09:04:50.892+0000] {logging_mixin.py:188} INFO - [2025-07-22T09:04:50.892+0000] {dagbag.py:545} INFO - Filling up the DagBag from /home/airflow/.local/lib/python3.12/site-packages/airflow/example_dags/example_python_decorator.py
[2025-07-22T09:04:50.907+0000] {processor.py:840} INFO - DAG(s) 'example_python_decorator' retrieved from /home/airflow/.local/lib/python3.12/site-packages/airflow/example_dags/example_python_decorator.py
[2025-07-22T09:04:50.936+0000] {logging_mixin.py:188} INFO - [2025-07-22T09:04:50.936+0000] {dag.py:3096} INFO - Sync 1 DAGs
[2025-07-22T09:04:50.952+0000] {logging_mixin.py:188} INFO - [2025-07-22T09:04:50.951+0000] {dag.py:3954} INFO - Setting next_dagrun for example_python_decorator to None, run_after=None
[2025-07-22T09:04:50.982+0000] {processor.py:183} INFO - Processing /home/airflow/.local/lib/python3.12/site-packages/airflow/example_dags/example_python_decorator.py took 0.100 seconds
[2025-07-22T09:05:21.875+0000] {processor.py:161} INFO - Started process (PID=1635) to work on /home/airflow/.local/lib/python3.12/site-packages/airflow/example_dags/example_python_decorator.py
[2025-07-22T09:05:21.877+0000] {processor.py:830} INFO - Processing file /home/airflow/.local/lib/python3.12/site-packages/airflow/example_dags/example_python_decorator.py for tasks to queue
[2025-07-22T09:05:21.880+0000] {logging_mixin.py:188} INFO - [2025-07-22T09:05:21.879+0000] {dagbag.py:545} INFO - Filling up the DagBag from /home/airflow/.local/lib/python3.12/site-packages/airflow/example_dags/example_python_decorator.py
[2025-07-22T09:05:21.899+0000] {processor.py:840} INFO - DAG(s) 'example_python_decorator' retrieved from /home/airflow/.local/lib/python3.12/site-packages/airflow/example_dags/example_python_decorator.py
[2025-07-22T09:05:21.937+0000] {logging_mixin.py:188} INFO - [2025-07-22T09:05:21.936+0000] {dag.py:3096} INFO - Sync 1 DAGs
[2025-07-22T09:05:21.956+0000] {logging_mixin.py:188} INFO - [2025-07-22T09:05:21.956+0000] {dag.py:3954} INFO - Setting next_dagrun for example_python_decorator to None, run_after=None
[2025-07-22T09:05:21.988+0000] {processor.py:183} INFO - Processing /home/airflow/.local/lib/python3.12/site-packages/airflow/example_dags/example_python_decorator.py took 0.123 seconds
[2025-07-22T09:05:52.087+0000] {processor.py:161} INFO - Started process (PID=1694) to work on /home/airflow/.local/lib/python3.12/site-packages/airflow/example_dags/example_python_decorator.py
[2025-07-22T09:05:52.088+0000] {processor.py:830} INFO - Processing file /home/airflow/.local/lib/python3.12/site-packages/airflow/example_dags/example_python_decorator.py for tasks to queue
[2025-07-22T09:05:52.090+0000] {logging_mixin.py:188} INFO - [2025-07-22T09:05:52.090+0000] {dagbag.py:545} INFO - Filling up the DagBag from /home/airflow/.local/lib/python3.12/site-packages/airflow/example_dags/example_python_decorator.py
[2025-07-22T09:05:52.104+0000] {processor.py:840} INFO - DAG(s) 'example_python_decorator' retrieved from /home/airflow/.local/lib/python3.12/site-packages/airflow/example_dags/example_python_decorator.py
[2025-07-22T09:05:52.128+0000] {logging_mixin.py:188} INFO - [2025-07-22T09:05:52.128+0000] {dag.py:3096} INFO - Sync 1 DAGs
[2025-07-22T09:05:52.142+0000] {logging_mixin.py:188} INFO - [2025-07-22T09:05:52.141+0000] {dag.py:3954} INFO - Setting next_dagrun for example_python_decorator to None, run_after=None
[2025-07-22T09:05:52.165+0000] {processor.py:183} INFO - Processing /home/airflow/.local/lib/python3.12/site-packages/airflow/example_dags/example_python_decorator.py took 0.084 seconds
[2025-07-22T09:06:22.580+0000] {processor.py:161} INFO - Started process (PID=1755) to work on /home/airflow/.local/lib/python3.12/site-packages/airflow/example_dags/example_python_decorator.py
[2025-07-22T09:06:22.582+0000] {processor.py:830} INFO - Processing file /home/airflow/.local/lib/python3.12/site-packages/airflow/example_dags/example_python_decorator.py for tasks to queue
[2025-07-22T09:06:22.584+0000] {logging_mixin.py:188} INFO - [2025-07-22T09:06:22.584+0000] {dagbag.py:545} INFO - Filling up the DagBag from /home/airflow/.local/lib/python3.12/site-packages/airflow/example_dags/example_python_decorator.py
[2025-07-22T09:06:22.601+0000] {processor.py:840} INFO - DAG(s) 'example_python_decorator' retrieved from /home/airflow/.local/lib/python3.12/site-packages/airflow/example_dags/example_python_decorator.py
[2025-07-22T09:06:22.631+0000] {logging_mixin.py:188} INFO - [2025-07-22T09:06:22.631+0000] {dag.py:3096} INFO - Sync 1 DAGs
[2025-07-22T09:06:22.650+0000] {logging_mixin.py:188} INFO - [2025-07-22T09:06:22.649+0000] {dag.py:3954} INFO - Setting next_dagrun for example_python_decorator to None, run_after=None
[2025-07-22T09:06:22.678+0000] {processor.py:183} INFO - Processing /home/airflow/.local/lib/python3.12/site-packages/airflow/example_dags/example_python_decorator.py took 0.106 seconds
[2025-07-22T09:06:52.857+0000] {processor.py:161} INFO - Started process (PID=1815) to work on /home/airflow/.local/lib/python3.12/site-packages/airflow/example_dags/example_python_decorator.py
[2025-07-22T09:06:52.859+0000] {processor.py:830} INFO - Processing file /home/airflow/.local/lib/python3.12/site-packages/airflow/example_dags/example_python_decorator.py for tasks to queue
[2025-07-22T09:06:52.861+0000] {logging_mixin.py:188} INFO - [2025-07-22T09:06:52.861+0000] {dagbag.py:545} INFO - Filling up the DagBag from /home/airflow/.local/lib/python3.12/site-packages/airflow/example_dags/example_python_decorator.py
[2025-07-22T09:06:52.875+0000] {processor.py:840} INFO - DAG(s) 'example_python_decorator' retrieved from /home/airflow/.local/lib/python3.12/site-packages/airflow/example_dags/example_python_decorator.py
[2025-07-22T09:06:52.901+0000] {logging_mixin.py:188} INFO - [2025-07-22T09:06:52.901+0000] {dag.py:3096} INFO - Sync 1 DAGs
[2025-07-22T09:06:52.915+0000] {logging_mixin.py:188} INFO - [2025-07-22T09:06:52.915+0000] {dag.py:3954} INFO - Setting next_dagrun for example_python_decorator to None, run_after=None
[2025-07-22T09:06:52.938+0000] {processor.py:183} INFO - Processing /home/airflow/.local/lib/python3.12/site-packages/airflow/example_dags/example_python_decorator.py took 0.088 seconds
[2025-07-22T09:07:23.004+0000] {processor.py:161} INFO - Started process (PID=1874) to work on /home/airflow/.local/lib/python3.12/site-packages/airflow/example_dags/example_python_decorator.py
[2025-07-22T09:07:23.005+0000] {processor.py:830} INFO - Processing file /home/airflow/.local/lib/python3.12/site-packages/airflow/example_dags/example_python_decorator.py for tasks to queue
[2025-07-22T09:07:23.007+0000] {logging_mixin.py:188} INFO - [2025-07-22T09:07:23.006+0000] {dagbag.py:545} INFO - Filling up the DagBag from /home/airflow/.local/lib/python3.12/site-packages/airflow/example_dags/example_python_decorator.py
[2025-07-22T09:07:23.024+0000] {processor.py:840} INFO - DAG(s) 'example_python_decorator' retrieved from /home/airflow/.local/lib/python3.12/site-packages/airflow/example_dags/example_python_decorator.py
[2025-07-22T09:07:23.053+0000] {logging_mixin.py:188} INFO - [2025-07-22T09:07:23.053+0000] {dag.py:3096} INFO - Sync 1 DAGs
[2025-07-22T09:07:23.071+0000] {logging_mixin.py:188} INFO - [2025-07-22T09:07:23.070+0000] {dag.py:3954} INFO - Setting next_dagrun for example_python_decorator to None, run_after=None
[2025-07-22T09:07:23.095+0000] {processor.py:183} INFO - Processing /home/airflow/.local/lib/python3.12/site-packages/airflow/example_dags/example_python_decorator.py took 0.099 seconds
[2025-07-22T09:07:55.212+0000] {processor.py:161} INFO - Started process (PID=1935) to work on /home/airflow/.local/lib/python3.12/site-packages/airflow/example_dags/example_python_decorator.py
[2025-07-22T09:07:55.213+0000] {processor.py:830} INFO - Processing file /home/airflow/.local/lib/python3.12/site-packages/airflow/example_dags/example_python_decorator.py for tasks to queue
[2025-07-22T09:07:55.215+0000] {logging_mixin.py:188} INFO - [2025-07-22T09:07:55.215+0000] {dagbag.py:545} INFO - Filling up the DagBag from /home/airflow/.local/lib/python3.12/site-packages/airflow/example_dags/example_python_decorator.py
[2025-07-22T09:07:55.232+0000] {processor.py:840} INFO - DAG(s) 'example_python_decorator' retrieved from /home/airflow/.local/lib/python3.12/site-packages/airflow/example_dags/example_python_decorator.py
[2025-07-22T09:07:55.260+0000] {logging_mixin.py:188} INFO - [2025-07-22T09:07:55.259+0000] {dag.py:3096} INFO - Sync 1 DAGs
[2025-07-22T09:07:55.276+0000] {logging_mixin.py:188} INFO - [2025-07-22T09:07:55.276+0000] {dag.py:3954} INFO - Setting next_dagrun for example_python_decorator to None, run_after=None
[2025-07-22T09:07:55.302+0000] {processor.py:183} INFO - Processing /home/airflow/.local/lib/python3.12/site-packages/airflow/example_dags/example_python_decorator.py took 0.098 seconds
[2025-07-22T09:08:25.689+0000] {processor.py:161} INFO - Started process (PID=1995) to work on /home/airflow/.local/lib/python3.12/site-packages/airflow/example_dags/example_python_decorator.py
[2025-07-22T09:08:25.691+0000] {processor.py:830} INFO - Processing file /home/airflow/.local/lib/python3.12/site-packages/airflow/example_dags/example_python_decorator.py for tasks to queue
[2025-07-22T09:08:25.695+0000] {logging_mixin.py:188} INFO - [2025-07-22T09:08:25.694+0000] {dagbag.py:545} INFO - Filling up the DagBag from /home/airflow/.local/lib/python3.12/site-packages/airflow/example_dags/example_python_decorator.py
[2025-07-22T09:08:25.716+0000] {processor.py:840} INFO - DAG(s) 'example_python_decorator' retrieved from /home/airflow/.local/lib/python3.12/site-packages/airflow/example_dags/example_python_decorator.py
[2025-07-22T09:08:25.754+0000] {logging_mixin.py:188} INFO - [2025-07-22T09:08:25.754+0000] {dag.py:3096} INFO - Sync 1 DAGs
[2025-07-22T09:08:25.777+0000] {logging_mixin.py:188} INFO - [2025-07-22T09:08:25.777+0000] {dag.py:3954} INFO - Setting next_dagrun for example_python_decorator to None, run_after=None
[2025-07-22T09:08:25.808+0000] {processor.py:183} INFO - Processing /home/airflow/.local/lib/python3.12/site-packages/airflow/example_dags/example_python_decorator.py took 0.128 seconds
[2025-07-22T09:08:56.918+0000] {processor.py:161} INFO - Started process (PID=2055) to work on /home/airflow/.local/lib/python3.12/site-packages/airflow/example_dags/example_python_decorator.py
[2025-07-22T09:08:56.919+0000] {processor.py:830} INFO - Processing file /home/airflow/.local/lib/python3.12/site-packages/airflow/example_dags/example_python_decorator.py for tasks to queue
[2025-07-22T09:08:56.922+0000] {logging_mixin.py:188} INFO - [2025-07-22T09:08:56.922+0000] {dagbag.py:545} INFO - Filling up the DagBag from /home/airflow/.local/lib/python3.12/site-packages/airflow/example_dags/example_python_decorator.py
[2025-07-22T09:08:56.941+0000] {processor.py:840} INFO - DAG(s) 'example_python_decorator' retrieved from /home/airflow/.local/lib/python3.12/site-packages/airflow/example_dags/example_python_decorator.py
[2025-07-22T09:08:56.974+0000] {logging_mixin.py:188} INFO - [2025-07-22T09:08:56.974+0000] {dag.py:3096} INFO - Sync 1 DAGs
[2025-07-22T09:08:56.994+0000] {logging_mixin.py:188} INFO - [2025-07-22T09:08:56.993+0000] {dag.py:3954} INFO - Setting next_dagrun for example_python_decorator to None, run_after=None
[2025-07-22T09:08:57.020+0000] {processor.py:183} INFO - Processing /home/airflow/.local/lib/python3.12/site-packages/airflow/example_dags/example_python_decorator.py took 0.111 seconds
[2025-07-22T09:09:28.282+0000] {processor.py:161} INFO - Started process (PID=2115) to work on /home/airflow/.local/lib/python3.12/site-packages/airflow/example_dags/example_python_decorator.py
[2025-07-22T09:09:28.284+0000] {processor.py:830} INFO - Processing file /home/airflow/.local/lib/python3.12/site-packages/airflow/example_dags/example_python_decorator.py for tasks to queue
[2025-07-22T09:09:28.286+0000] {logging_mixin.py:188} INFO - [2025-07-22T09:09:28.286+0000] {dagbag.py:545} INFO - Filling up the DagBag from /home/airflow/.local/lib/python3.12/site-packages/airflow/example_dags/example_python_decorator.py
[2025-07-22T09:09:28.303+0000] {processor.py:840} INFO - DAG(s) 'example_python_decorator' retrieved from /home/airflow/.local/lib/python3.12/site-packages/airflow/example_dags/example_python_decorator.py
[2025-07-22T09:09:28.334+0000] {logging_mixin.py:188} INFO - [2025-07-22T09:09:28.334+0000] {dag.py:3096} INFO - Sync 1 DAGs
[2025-07-22T09:09:28.351+0000] {logging_mixin.py:188} INFO - [2025-07-22T09:09:28.351+0000] {dag.py:3954} INFO - Setting next_dagrun for example_python_decorator to None, run_after=None
[2025-07-22T09:09:28.375+0000] {processor.py:183} INFO - Processing /home/airflow/.local/lib/python3.12/site-packages/airflow/example_dags/example_python_decorator.py took 0.100 seconds
[2025-07-22T09:09:58.545+0000] {processor.py:161} INFO - Started process (PID=2175) to work on /home/airflow/.local/lib/python3.12/site-packages/airflow/example_dags/example_python_decorator.py
[2025-07-22T09:09:58.546+0000] {processor.py:830} INFO - Processing file /home/airflow/.local/lib/python3.12/site-packages/airflow/example_dags/example_python_decorator.py for tasks to queue
[2025-07-22T09:09:58.548+0000] {logging_mixin.py:188} INFO - [2025-07-22T09:09:58.548+0000] {dagbag.py:545} INFO - Filling up the DagBag from /home/airflow/.local/lib/python3.12/site-packages/airflow/example_dags/example_python_decorator.py
[2025-07-22T09:09:58.562+0000] {processor.py:840} INFO - DAG(s) 'example_python_decorator' retrieved from /home/airflow/.local/lib/python3.12/site-packages/airflow/example_dags/example_python_decorator.py
[2025-07-22T09:09:58.587+0000] {logging_mixin.py:188} INFO - [2025-07-22T09:09:58.587+0000] {dag.py:3096} INFO - Sync 1 DAGs
[2025-07-22T09:09:58.602+0000] {logging_mixin.py:188} INFO - [2025-07-22T09:09:58.602+0000] {dag.py:3954} INFO - Setting next_dagrun for example_python_decorator to None, run_after=None
[2025-07-22T09:09:58.768+0000] {processor.py:183} INFO - Processing /home/airflow/.local/lib/python3.12/site-packages/airflow/example_dags/example_python_decorator.py took 0.230 seconds
[2025-07-22T09:10:29.653+0000] {processor.py:161} INFO - Started process (PID=2235) to work on /home/airflow/.local/lib/python3.12/site-packages/airflow/example_dags/example_python_decorator.py
[2025-07-22T09:10:29.655+0000] {processor.py:830} INFO - Processing file /home/airflow/.local/lib/python3.12/site-packages/airflow/example_dags/example_python_decorator.py for tasks to queue
[2025-07-22T09:10:29.657+0000] {logging_mixin.py:188} INFO - [2025-07-22T09:10:29.657+0000] {dagbag.py:545} INFO - Filling up the DagBag from /home/airflow/.local/lib/python3.12/site-packages/airflow/example_dags/example_python_decorator.py
[2025-07-22T09:10:29.670+0000] {processor.py:840} INFO - DAG(s) 'example_python_decorator' retrieved from /home/airflow/.local/lib/python3.12/site-packages/airflow/example_dags/example_python_decorator.py
[2025-07-22T09:10:29.696+0000] {logging_mixin.py:188} INFO - [2025-07-22T09:10:29.695+0000] {dag.py:3096} INFO - Sync 1 DAGs
[2025-07-22T09:10:29.709+0000] {logging_mixin.py:188} INFO - [2025-07-22T09:10:29.709+0000] {dag.py:3954} INFO - Setting next_dagrun for example_python_decorator to None, run_after=None
[2025-07-22T09:10:29.731+0000] {processor.py:183} INFO - Processing /home/airflow/.local/lib/python3.12/site-packages/airflow/example_dags/example_python_decorator.py took 0.085 seconds
[2025-07-22T09:11:00.028+0000] {processor.py:161} INFO - Started process (PID=2295) to work on /home/airflow/.local/lib/python3.12/site-packages/airflow/example_dags/example_python_decorator.py
[2025-07-22T09:11:00.030+0000] {processor.py:830} INFO - Processing file /home/airflow/.local/lib/python3.12/site-packages/airflow/example_dags/example_python_decorator.py for tasks to queue
[2025-07-22T09:11:00.033+0000] {logging_mixin.py:188} INFO - [2025-07-22T09:11:00.032+0000] {dagbag.py:545} INFO - Filling up the DagBag from /home/airflow/.local/lib/python3.12/site-packages/airflow/example_dags/example_python_decorator.py
[2025-07-22T09:11:00.048+0000] {processor.py:840} INFO - DAG(s) 'example_python_decorator' retrieved from /home/airflow/.local/lib/python3.12/site-packages/airflow/example_dags/example_python_decorator.py
[2025-07-22T09:11:00.076+0000] {logging_mixin.py:188} INFO - [2025-07-22T09:11:00.075+0000] {dag.py:3096} INFO - Sync 1 DAGs
[2025-07-22T09:11:00.090+0000] {logging_mixin.py:188} INFO - [2025-07-22T09:11:00.089+0000] {dag.py:3954} INFO - Setting next_dagrun for example_python_decorator to None, run_after=None
[2025-07-22T09:11:00.114+0000] {processor.py:183} INFO - Processing /home/airflow/.local/lib/python3.12/site-packages/airflow/example_dags/example_python_decorator.py took 0.094 seconds
[2025-07-22T09:11:30.757+0000] {processor.py:161} INFO - Started process (PID=2355) to work on /home/airflow/.local/lib/python3.12/site-packages/airflow/example_dags/example_python_decorator.py
[2025-07-22T09:11:30.758+0000] {processor.py:830} INFO - Processing file /home/airflow/.local/lib/python3.12/site-packages/airflow/example_dags/example_python_decorator.py for tasks to queue
[2025-07-22T09:11:30.761+0000] {logging_mixin.py:188} INFO - [2025-07-22T09:11:30.760+0000] {dagbag.py:545} INFO - Filling up the DagBag from /home/airflow/.local/lib/python3.12/site-packages/airflow/example_dags/example_python_decorator.py
[2025-07-22T09:11:30.775+0000] {processor.py:840} INFO - DAG(s) 'example_python_decorator' retrieved from /home/airflow/.local/lib/python3.12/site-packages/airflow/example_dags/example_python_decorator.py
[2025-07-22T09:11:30.802+0000] {logging_mixin.py:188} INFO - [2025-07-22T09:11:30.802+0000] {dag.py:3096} INFO - Sync 1 DAGs
[2025-07-22T09:11:30.817+0000] {logging_mixin.py:188} INFO - [2025-07-22T09:11:30.817+0000] {dag.py:3954} INFO - Setting next_dagrun for example_python_decorator to None, run_after=None
[2025-07-22T09:11:30.839+0000] {processor.py:183} INFO - Processing /home/airflow/.local/lib/python3.12/site-packages/airflow/example_dags/example_python_decorator.py took 0.089 seconds
[2025-07-22T09:12:01.196+0000] {processor.py:161} INFO - Started process (PID=2415) to work on /home/airflow/.local/lib/python3.12/site-packages/airflow/example_dags/example_python_decorator.py
[2025-07-22T09:12:01.198+0000] {processor.py:830} INFO - Processing file /home/airflow/.local/lib/python3.12/site-packages/airflow/example_dags/example_python_decorator.py for tasks to queue
[2025-07-22T09:12:01.200+0000] {logging_mixin.py:188} INFO - [2025-07-22T09:12:01.200+0000] {dagbag.py:545} INFO - Filling up the DagBag from /home/airflow/.local/lib/python3.12/site-packages/airflow/example_dags/example_python_decorator.py
[2025-07-22T09:12:01.215+0000] {processor.py:840} INFO - DAG(s) 'example_python_decorator' retrieved from /home/airflow/.local/lib/python3.12/site-packages/airflow/example_dags/example_python_decorator.py
[2025-07-22T09:12:01.243+0000] {logging_mixin.py:188} INFO - [2025-07-22T09:12:01.243+0000] {dag.py:3096} INFO - Sync 1 DAGs
[2025-07-22T09:12:01.258+0000] {logging_mixin.py:188} INFO - [2025-07-22T09:12:01.258+0000] {dag.py:3954} INFO - Setting next_dagrun for example_python_decorator to None, run_after=None
[2025-07-22T09:12:01.282+0000] {processor.py:183} INFO - Processing /home/airflow/.local/lib/python3.12/site-packages/airflow/example_dags/example_python_decorator.py took 0.093 seconds
[2025-07-22T09:12:31.471+0000] {processor.py:161} INFO - Started process (PID=2474) to work on /home/airflow/.local/lib/python3.12/site-packages/airflow/example_dags/example_python_decorator.py
[2025-07-22T09:12:31.472+0000] {processor.py:830} INFO - Processing file /home/airflow/.local/lib/python3.12/site-packages/airflow/example_dags/example_python_decorator.py for tasks to queue
[2025-07-22T09:12:31.475+0000] {logging_mixin.py:188} INFO - [2025-07-22T09:12:31.475+0000] {dagbag.py:545} INFO - Filling up the DagBag from /home/airflow/.local/lib/python3.12/site-packages/airflow/example_dags/example_python_decorator.py
[2025-07-22T09:12:31.494+0000] {processor.py:840} INFO - DAG(s) 'example_python_decorator' retrieved from /home/airflow/.local/lib/python3.12/site-packages/airflow/example_dags/example_python_decorator.py
[2025-07-22T09:12:31.527+0000] {logging_mixin.py:188} INFO - [2025-07-22T09:12:31.527+0000] {dag.py:3096} INFO - Sync 1 DAGs
[2025-07-22T09:12:31.548+0000] {logging_mixin.py:188} INFO - [2025-07-22T09:12:31.548+0000] {dag.py:3954} INFO - Setting next_dagrun for example_python_decorator to None, run_after=None
[2025-07-22T09:12:31.571+0000] {processor.py:183} INFO - Processing /home/airflow/.local/lib/python3.12/site-packages/airflow/example_dags/example_python_decorator.py took 0.109 seconds
[2025-07-22T09:13:02.551+0000] {processor.py:161} INFO - Started process (PID=2535) to work on /home/airflow/.local/lib/python3.12/site-packages/airflow/example_dags/example_python_decorator.py
[2025-07-22T09:13:02.552+0000] {processor.py:830} INFO - Processing file /home/airflow/.local/lib/python3.12/site-packages/airflow/example_dags/example_python_decorator.py for tasks to queue
[2025-07-22T09:13:02.554+0000] {logging_mixin.py:188} INFO - [2025-07-22T09:13:02.554+0000] {dagbag.py:545} INFO - Filling up the DagBag from /home/airflow/.local/lib/python3.12/site-packages/airflow/example_dags/example_python_decorator.py
[2025-07-22T09:13:02.570+0000] {processor.py:840} INFO - DAG(s) 'example_python_decorator' retrieved from /home/airflow/.local/lib/python3.12/site-packages/airflow/example_dags/example_python_decorator.py
[2025-07-22T09:13:02.600+0000] {logging_mixin.py:188} INFO - [2025-07-22T09:13:02.600+0000] {dag.py:3096} INFO - Sync 1 DAGs
[2025-07-22T09:13:02.615+0000] {logging_mixin.py:188} INFO - [2025-07-22T09:13:02.615+0000] {dag.py:3954} INFO - Setting next_dagrun for example_python_decorator to None, run_after=None
[2025-07-22T09:13:02.638+0000] {processor.py:183} INFO - Processing /home/airflow/.local/lib/python3.12/site-packages/airflow/example_dags/example_python_decorator.py took 0.094 seconds
[2025-07-22T09:13:32.853+0000] {processor.py:161} INFO - Started process (PID=2594) to work on /home/airflow/.local/lib/python3.12/site-packages/airflow/example_dags/example_python_decorator.py
[2025-07-22T09:13:32.854+0000] {processor.py:830} INFO - Processing file /home/airflow/.local/lib/python3.12/site-packages/airflow/example_dags/example_python_decorator.py for tasks to queue
[2025-07-22T09:13:32.857+0000] {logging_mixin.py:188} INFO - [2025-07-22T09:13:32.856+0000] {dagbag.py:545} INFO - Filling up the DagBag from /home/airflow/.local/lib/python3.12/site-packages/airflow/example_dags/example_python_decorator.py
[2025-07-22T09:13:32.871+0000] {processor.py:840} INFO - DAG(s) 'example_python_decorator' retrieved from /home/airflow/.local/lib/python3.12/site-packages/airflow/example_dags/example_python_decorator.py
[2025-07-22T09:13:32.899+0000] {logging_mixin.py:188} INFO - [2025-07-22T09:13:32.898+0000] {dag.py:3096} INFO - Sync 1 DAGs
[2025-07-22T09:13:32.914+0000] {logging_mixin.py:188} INFO - [2025-07-22T09:13:32.914+0000] {dag.py:3954} INFO - Setting next_dagrun for example_python_decorator to None, run_after=None
[2025-07-22T09:13:32.939+0000] {processor.py:183} INFO - Processing /home/airflow/.local/lib/python3.12/site-packages/airflow/example_dags/example_python_decorator.py took 0.092 seconds
[2025-07-22T09:14:03.954+0000] {processor.py:161} INFO - Started process (PID=2655) to work on /home/airflow/.local/lib/python3.12/site-packages/airflow/example_dags/example_python_decorator.py
[2025-07-22T09:14:03.956+0000] {processor.py:830} INFO - Processing file /home/airflow/.local/lib/python3.12/site-packages/airflow/example_dags/example_python_decorator.py for tasks to queue
[2025-07-22T09:14:03.958+0000] {logging_mixin.py:188} INFO - [2025-07-22T09:14:03.957+0000] {dagbag.py:545} INFO - Filling up the DagBag from /home/airflow/.local/lib/python3.12/site-packages/airflow/example_dags/example_python_decorator.py
[2025-07-22T09:14:03.973+0000] {processor.py:840} INFO - DAG(s) 'example_python_decorator' retrieved from /home/airflow/.local/lib/python3.12/site-packages/airflow/example_dags/example_python_decorator.py
[2025-07-22T09:14:04.001+0000] {logging_mixin.py:188} INFO - [2025-07-22T09:14:04.001+0000] {dag.py:3096} INFO - Sync 1 DAGs
[2025-07-22T09:14:04.016+0000] {logging_mixin.py:188} INFO - [2025-07-22T09:14:04.016+0000] {dag.py:3954} INFO - Setting next_dagrun for example_python_decorator to None, run_after=None
[2025-07-22T09:14:04.046+0000] {processor.py:183} INFO - Processing /home/airflow/.local/lib/python3.12/site-packages/airflow/example_dags/example_python_decorator.py took 0.099 seconds
[2025-07-22T09:14:34.111+0000] {processor.py:161} INFO - Started process (PID=2714) to work on /home/airflow/.local/lib/python3.12/site-packages/airflow/example_dags/example_python_decorator.py
[2025-07-22T09:14:34.113+0000] {processor.py:830} INFO - Processing file /home/airflow/.local/lib/python3.12/site-packages/airflow/example_dags/example_python_decorator.py for tasks to queue
[2025-07-22T09:14:34.116+0000] {logging_mixin.py:188} INFO - [2025-07-22T09:14:34.115+0000] {dagbag.py:545} INFO - Filling up the DagBag from /home/airflow/.local/lib/python3.12/site-packages/airflow/example_dags/example_python_decorator.py
[2025-07-22T09:14:34.134+0000] {processor.py:840} INFO - DAG(s) 'example_python_decorator' retrieved from /home/airflow/.local/lib/python3.12/site-packages/airflow/example_dags/example_python_decorator.py
[2025-07-22T09:14:34.171+0000] {logging_mixin.py:188} INFO - [2025-07-22T09:14:34.171+0000] {dag.py:3096} INFO - Sync 1 DAGs
[2025-07-22T09:14:34.194+0000] {logging_mixin.py:188} INFO - [2025-07-22T09:14:34.193+0000] {dag.py:3954} INFO - Setting next_dagrun for example_python_decorator to None, run_after=None
[2025-07-22T09:14:34.236+0000] {processor.py:183} INFO - Processing /home/airflow/.local/lib/python3.12/site-packages/airflow/example_dags/example_python_decorator.py took 0.132 seconds
[2025-07-22T09:15:04.443+0000] {processor.py:161} INFO - Started process (PID=2774) to work on /home/airflow/.local/lib/python3.12/site-packages/airflow/example_dags/example_python_decorator.py
[2025-07-22T09:15:04.445+0000] {processor.py:830} INFO - Processing file /home/airflow/.local/lib/python3.12/site-packages/airflow/example_dags/example_python_decorator.py for tasks to queue
[2025-07-22T09:15:04.447+0000] {logging_mixin.py:188} INFO - [2025-07-22T09:15:04.447+0000] {dagbag.py:545} INFO - Filling up the DagBag from /home/airflow/.local/lib/python3.12/site-packages/airflow/example_dags/example_python_decorator.py
[2025-07-22T09:15:04.466+0000] {processor.py:840} INFO - DAG(s) 'example_python_decorator' retrieved from /home/airflow/.local/lib/python3.12/site-packages/airflow/example_dags/example_python_decorator.py
[2025-07-22T09:15:04.515+0000] {logging_mixin.py:188} INFO - [2025-07-22T09:15:04.514+0000] {dag.py:3096} INFO - Sync 1 DAGs
[2025-07-22T09:15:04.532+0000] {logging_mixin.py:188} INFO - [2025-07-22T09:15:04.532+0000] {dag.py:3954} INFO - Setting next_dagrun for example_python_decorator to None, run_after=None
[2025-07-22T09:15:04.583+0000] {processor.py:183} INFO - Processing /home/airflow/.local/lib/python3.12/site-packages/airflow/example_dags/example_python_decorator.py took 0.148 seconds
[2025-07-22T09:15:34.890+0000] {processor.py:161} INFO - Started process (PID=2840) to work on /home/airflow/.local/lib/python3.12/site-packages/airflow/example_dags/example_python_decorator.py
[2025-07-22T09:15:34.891+0000] {processor.py:830} INFO - Processing file /home/airflow/.local/lib/python3.12/site-packages/airflow/example_dags/example_python_decorator.py for tasks to queue
[2025-07-22T09:15:34.894+0000] {logging_mixin.py:188} INFO - [2025-07-22T09:15:34.894+0000] {dagbag.py:545} INFO - Filling up the DagBag from /home/airflow/.local/lib/python3.12/site-packages/airflow/example_dags/example_python_decorator.py
[2025-07-22T09:15:34.911+0000] {processor.py:840} INFO - DAG(s) 'example_python_decorator' retrieved from /home/airflow/.local/lib/python3.12/site-packages/airflow/example_dags/example_python_decorator.py
[2025-07-22T09:15:34.939+0000] {logging_mixin.py:188} INFO - [2025-07-22T09:15:34.939+0000] {dag.py:3096} INFO - Sync 1 DAGs
[2025-07-22T09:15:34.955+0000] {logging_mixin.py:188} INFO - [2025-07-22T09:15:34.955+0000] {dag.py:3954} INFO - Setting next_dagrun for example_python_decorator to None, run_after=None
[2025-07-22T09:15:34.981+0000] {processor.py:183} INFO - Processing /home/airflow/.local/lib/python3.12/site-packages/airflow/example_dags/example_python_decorator.py took 0.100 seconds
[2025-07-22T09:16:05.048+0000] {processor.py:161} INFO - Started process (PID=2899) to work on /home/airflow/.local/lib/python3.12/site-packages/airflow/example_dags/example_python_decorator.py
[2025-07-22T09:16:05.049+0000] {processor.py:830} INFO - Processing file /home/airflow/.local/lib/python3.12/site-packages/airflow/example_dags/example_python_decorator.py for tasks to queue
[2025-07-22T09:16:05.052+0000] {logging_mixin.py:188} INFO - [2025-07-22T09:16:05.052+0000] {dagbag.py:545} INFO - Filling up the DagBag from /home/airflow/.local/lib/python3.12/site-packages/airflow/example_dags/example_python_decorator.py
[2025-07-22T09:16:05.070+0000] {processor.py:840} INFO - DAG(s) 'example_python_decorator' retrieved from /home/airflow/.local/lib/python3.12/site-packages/airflow/example_dags/example_python_decorator.py
[2025-07-22T09:16:05.103+0000] {logging_mixin.py:188} INFO - [2025-07-22T09:16:05.102+0000] {dag.py:3096} INFO - Sync 1 DAGs
[2025-07-22T09:16:05.141+0000] {logging_mixin.py:188} INFO - [2025-07-22T09:16:05.140+0000] {dag.py:3954} INFO - Setting next_dagrun for example_python_decorator to None, run_after=None
[2025-07-22T09:16:05.178+0000] {processor.py:183} INFO - Processing /home/airflow/.local/lib/python3.12/site-packages/airflow/example_dags/example_python_decorator.py took 0.140 seconds
[2025-07-22T09:16:35.300+0000] {processor.py:161} INFO - Started process (PID=2959) to work on /home/airflow/.local/lib/python3.12/site-packages/airflow/example_dags/example_python_decorator.py
[2025-07-22T09:16:35.301+0000] {processor.py:830} INFO - Processing file /home/airflow/.local/lib/python3.12/site-packages/airflow/example_dags/example_python_decorator.py for tasks to queue
[2025-07-22T09:16:35.305+0000] {logging_mixin.py:188} INFO - [2025-07-22T09:16:35.305+0000] {dagbag.py:545} INFO - Filling up the DagBag from /home/airflow/.local/lib/python3.12/site-packages/airflow/example_dags/example_python_decorator.py
[2025-07-22T09:16:35.342+0000] {processor.py:840} INFO - DAG(s) 'example_python_decorator' retrieved from /home/airflow/.local/lib/python3.12/site-packages/airflow/example_dags/example_python_decorator.py
[2025-07-22T09:16:35.387+0000] {logging_mixin.py:188} INFO - [2025-07-22T09:16:35.387+0000] {dag.py:3096} INFO - Sync 1 DAGs
[2025-07-22T09:16:35.407+0000] {logging_mixin.py:188} INFO - [2025-07-22T09:16:35.406+0000] {dag.py:3954} INFO - Setting next_dagrun for example_python_decorator to None, run_after=None
[2025-07-22T09:16:35.447+0000] {processor.py:183} INFO - Processing /home/airflow/.local/lib/python3.12/site-packages/airflow/example_dags/example_python_decorator.py took 0.161 seconds
[2025-07-22T09:17:05.698+0000] {processor.py:161} INFO - Started process (PID=3019) to work on /home/airflow/.local/lib/python3.12/site-packages/airflow/example_dags/example_python_decorator.py
[2025-07-22T09:17:05.699+0000] {processor.py:830} INFO - Processing file /home/airflow/.local/lib/python3.12/site-packages/airflow/example_dags/example_python_decorator.py for tasks to queue
[2025-07-22T09:17:05.702+0000] {logging_mixin.py:188} INFO - [2025-07-22T09:17:05.702+0000] {dagbag.py:545} INFO - Filling up the DagBag from /home/airflow/.local/lib/python3.12/site-packages/airflow/example_dags/example_python_decorator.py
[2025-07-22T09:17:05.719+0000] {processor.py:840} INFO - DAG(s) 'example_python_decorator' retrieved from /home/airflow/.local/lib/python3.12/site-packages/airflow/example_dags/example_python_decorator.py
[2025-07-22T09:17:05.748+0000] {logging_mixin.py:188} INFO - [2025-07-22T09:17:05.747+0000] {dag.py:3096} INFO - Sync 1 DAGs
[2025-07-22T09:17:05.763+0000] {logging_mixin.py:188} INFO - [2025-07-22T09:17:05.763+0000] {dag.py:3954} INFO - Setting next_dagrun for example_python_decorator to None, run_after=None
[2025-07-22T09:17:05.789+0000] {processor.py:183} INFO - Processing /home/airflow/.local/lib/python3.12/site-packages/airflow/example_dags/example_python_decorator.py took 0.100 seconds
[2025-07-22T09:17:36.044+0000] {processor.py:161} INFO - Started process (PID=3079) to work on /home/airflow/.local/lib/python3.12/site-packages/airflow/example_dags/example_python_decorator.py
[2025-07-22T09:17:36.046+0000] {processor.py:830} INFO - Processing file /home/airflow/.local/lib/python3.12/site-packages/airflow/example_dags/example_python_decorator.py for tasks to queue
[2025-07-22T09:17:36.049+0000] {logging_mixin.py:188} INFO - [2025-07-22T09:17:36.049+0000] {dagbag.py:545} INFO - Filling up the DagBag from /home/airflow/.local/lib/python3.12/site-packages/airflow/example_dags/example_python_decorator.py
[2025-07-22T09:17:36.071+0000] {processor.py:840} INFO - DAG(s) 'example_python_decorator' retrieved from /home/airflow/.local/lib/python3.12/site-packages/airflow/example_dags/example_python_decorator.py
[2025-07-22T09:17:36.105+0000] {logging_mixin.py:188} INFO - [2025-07-22T09:17:36.104+0000] {dag.py:3096} INFO - Sync 1 DAGs
[2025-07-22T09:17:36.125+0000] {logging_mixin.py:188} INFO - [2025-07-22T09:17:36.124+0000] {dag.py:3954} INFO - Setting next_dagrun for example_python_decorator to None, run_after=None
[2025-07-22T09:17:36.161+0000] {processor.py:183} INFO - Processing /home/airflow/.local/lib/python3.12/site-packages/airflow/example_dags/example_python_decorator.py took 0.126 seconds
[2025-07-22T09:18:06.235+0000] {processor.py:161} INFO - Started process (PID=3139) to work on /home/airflow/.local/lib/python3.12/site-packages/airflow/example_dags/example_python_decorator.py
[2025-07-22T09:18:06.237+0000] {processor.py:830} INFO - Processing file /home/airflow/.local/lib/python3.12/site-packages/airflow/example_dags/example_python_decorator.py for tasks to queue
[2025-07-22T09:18:06.239+0000] {logging_mixin.py:188} INFO - [2025-07-22T09:18:06.239+0000] {dagbag.py:545} INFO - Filling up the DagBag from /home/airflow/.local/lib/python3.12/site-packages/airflow/example_dags/example_python_decorator.py
[2025-07-22T09:18:06.253+0000] {processor.py:840} INFO - DAG(s) 'example_python_decorator' retrieved from /home/airflow/.local/lib/python3.12/site-packages/airflow/example_dags/example_python_decorator.py
[2025-07-22T09:18:06.280+0000] {logging_mixin.py:188} INFO - [2025-07-22T09:18:06.279+0000] {dag.py:3096} INFO - Sync 1 DAGs
[2025-07-22T09:18:06.293+0000] {logging_mixin.py:188} INFO - [2025-07-22T09:18:06.293+0000] {dag.py:3954} INFO - Setting next_dagrun for example_python_decorator to None, run_after=None
[2025-07-22T09:18:06.315+0000] {processor.py:183} INFO - Processing /home/airflow/.local/lib/python3.12/site-packages/airflow/example_dags/example_python_decorator.py took 0.086 seconds
[2025-07-22T09:18:36.843+0000] {processor.py:161} INFO - Started process (PID=3199) to work on /home/airflow/.local/lib/python3.12/site-packages/airflow/example_dags/example_python_decorator.py
[2025-07-22T09:18:36.844+0000] {processor.py:830} INFO - Processing file /home/airflow/.local/lib/python3.12/site-packages/airflow/example_dags/example_python_decorator.py for tasks to queue
[2025-07-22T09:18:36.847+0000] {logging_mixin.py:188} INFO - [2025-07-22T09:18:36.847+0000] {dagbag.py:545} INFO - Filling up the DagBag from /home/airflow/.local/lib/python3.12/site-packages/airflow/example_dags/example_python_decorator.py
[2025-07-22T09:18:36.863+0000] {processor.py:840} INFO - DAG(s) 'example_python_decorator' retrieved from /home/airflow/.local/lib/python3.12/site-packages/airflow/example_dags/example_python_decorator.py
[2025-07-22T09:18:36.892+0000] {logging_mixin.py:188} INFO - [2025-07-22T09:18:36.891+0000] {dag.py:3096} INFO - Sync 1 DAGs
[2025-07-22T09:18:36.908+0000] {logging_mixin.py:188} INFO - [2025-07-22T09:18:36.908+0000] {dag.py:3954} INFO - Setting next_dagrun for example_python_decorator to None, run_after=None
[2025-07-22T09:18:36.933+0000] {processor.py:183} INFO - Processing /home/airflow/.local/lib/python3.12/site-packages/airflow/example_dags/example_python_decorator.py took 0.098 seconds
[2025-07-22T09:19:07.539+0000] {processor.py:161} INFO - Started process (PID=3259) to work on /home/airflow/.local/lib/python3.12/site-packages/airflow/example_dags/example_python_decorator.py
[2025-07-22T09:19:07.541+0000] {processor.py:830} INFO - Processing file /home/airflow/.local/lib/python3.12/site-packages/airflow/example_dags/example_python_decorator.py for tasks to queue
[2025-07-22T09:19:07.543+0000] {logging_mixin.py:188} INFO - [2025-07-22T09:19:07.542+0000] {dagbag.py:545} INFO - Filling up the DagBag from /home/airflow/.local/lib/python3.12/site-packages/airflow/example_dags/example_python_decorator.py
[2025-07-22T09:19:07.556+0000] {processor.py:840} INFO - DAG(s) 'example_python_decorator' retrieved from /home/airflow/.local/lib/python3.12/site-packages/airflow/example_dags/example_python_decorator.py
[2025-07-22T09:19:07.580+0000] {logging_mixin.py:188} INFO - [2025-07-22T09:19:07.580+0000] {dag.py:3096} INFO - Sync 1 DAGs
[2025-07-22T09:19:07.594+0000] {logging_mixin.py:188} INFO - [2025-07-22T09:19:07.593+0000] {dag.py:3954} INFO - Setting next_dagrun for example_python_decorator to None, run_after=None
[2025-07-22T09:19:07.617+0000] {processor.py:183} INFO - Processing /home/airflow/.local/lib/python3.12/site-packages/airflow/example_dags/example_python_decorator.py took 0.084 seconds
[2025-07-22T09:19:37.723+0000] {processor.py:161} INFO - Started process (PID=3319) to work on /home/airflow/.local/lib/python3.12/site-packages/airflow/example_dags/example_python_decorator.py
[2025-07-22T09:19:37.724+0000] {processor.py:830} INFO - Processing file /home/airflow/.local/lib/python3.12/site-packages/airflow/example_dags/example_python_decorator.py for tasks to queue
[2025-07-22T09:19:37.727+0000] {logging_mixin.py:188} INFO - [2025-07-22T09:19:37.726+0000] {dagbag.py:545} INFO - Filling up the DagBag from /home/airflow/.local/lib/python3.12/site-packages/airflow/example_dags/example_python_decorator.py
[2025-07-22T09:19:37.746+0000] {processor.py:840} INFO - DAG(s) 'example_python_decorator' retrieved from /home/airflow/.local/lib/python3.12/site-packages/airflow/example_dags/example_python_decorator.py
[2025-07-22T09:19:37.780+0000] {logging_mixin.py:188} INFO - [2025-07-22T09:19:37.780+0000] {dag.py:3096} INFO - Sync 1 DAGs
[2025-07-22T09:19:37.800+0000] {logging_mixin.py:188} INFO - [2025-07-22T09:19:37.800+0000] {dag.py:3954} INFO - Setting next_dagrun for example_python_decorator to None, run_after=None
[2025-07-22T09:19:37.831+0000] {processor.py:183} INFO - Processing /home/airflow/.local/lib/python3.12/site-packages/airflow/example_dags/example_python_decorator.py took 0.116 seconds
[2025-07-22T09:20:08.155+0000] {processor.py:161} INFO - Started process (PID=3379) to work on /home/airflow/.local/lib/python3.12/site-packages/airflow/example_dags/example_python_decorator.py
[2025-07-22T09:20:08.156+0000] {processor.py:830} INFO - Processing file /home/airflow/.local/lib/python3.12/site-packages/airflow/example_dags/example_python_decorator.py for tasks to queue
[2025-07-22T09:20:08.159+0000] {logging_mixin.py:188} INFO - [2025-07-22T09:20:08.158+0000] {dagbag.py:545} INFO - Filling up the DagBag from /home/airflow/.local/lib/python3.12/site-packages/airflow/example_dags/example_python_decorator.py
[2025-07-22T09:20:08.172+0000] {processor.py:840} INFO - DAG(s) 'example_python_decorator' retrieved from /home/airflow/.local/lib/python3.12/site-packages/airflow/example_dags/example_python_decorator.py
[2025-07-22T09:20:08.195+0000] {logging_mixin.py:188} INFO - [2025-07-22T09:20:08.195+0000] {dag.py:3096} INFO - Sync 1 DAGs
[2025-07-22T09:20:08.209+0000] {logging_mixin.py:188} INFO - [2025-07-22T09:20:08.208+0000] {dag.py:3954} INFO - Setting next_dagrun for example_python_decorator to None, run_after=None
[2025-07-22T09:20:08.230+0000] {processor.py:183} INFO - Processing /home/airflow/.local/lib/python3.12/site-packages/airflow/example_dags/example_python_decorator.py took 0.081 seconds
[2025-07-22T09:20:38.608+0000] {processor.py:161} INFO - Started process (PID=3439) to work on /home/airflow/.local/lib/python3.12/site-packages/airflow/example_dags/example_python_decorator.py
[2025-07-22T09:20:38.610+0000] {processor.py:830} INFO - Processing file /home/airflow/.local/lib/python3.12/site-packages/airflow/example_dags/example_python_decorator.py for tasks to queue
[2025-07-22T09:20:38.612+0000] {logging_mixin.py:188} INFO - [2025-07-22T09:20:38.611+0000] {dagbag.py:545} INFO - Filling up the DagBag from /home/airflow/.local/lib/python3.12/site-packages/airflow/example_dags/example_python_decorator.py
[2025-07-22T09:20:38.625+0000] {processor.py:840} INFO - DAG(s) 'example_python_decorator' retrieved from /home/airflow/.local/lib/python3.12/site-packages/airflow/example_dags/example_python_decorator.py
[2025-07-22T09:20:38.650+0000] {logging_mixin.py:188} INFO - [2025-07-22T09:20:38.650+0000] {dag.py:3096} INFO - Sync 1 DAGs
[2025-07-22T09:20:38.663+0000] {logging_mixin.py:188} INFO - [2025-07-22T09:20:38.663+0000] {dag.py:3954} INFO - Setting next_dagrun for example_python_decorator to None, run_after=None
[2025-07-22T09:20:38.686+0000] {processor.py:183} INFO - Processing /home/airflow/.local/lib/python3.12/site-packages/airflow/example_dags/example_python_decorator.py took 0.084 seconds
[2025-07-22T09:21:08.842+0000] {processor.py:161} INFO - Started process (PID=3500) to work on /home/airflow/.local/lib/python3.12/site-packages/airflow/example_dags/example_python_decorator.py
[2025-07-22T09:21:08.843+0000] {processor.py:830} INFO - Processing file /home/airflow/.local/lib/python3.12/site-packages/airflow/example_dags/example_python_decorator.py for tasks to queue
[2025-07-22T09:21:08.846+0000] {logging_mixin.py:188} INFO - [2025-07-22T09:21:08.846+0000] {dagbag.py:545} INFO - Filling up the DagBag from /home/airflow/.local/lib/python3.12/site-packages/airflow/example_dags/example_python_decorator.py
[2025-07-22T09:21:08.867+0000] {processor.py:840} INFO - DAG(s) 'example_python_decorator' retrieved from /home/airflow/.local/lib/python3.12/site-packages/airflow/example_dags/example_python_decorator.py
[2025-07-22T09:21:08.900+0000] {logging_mixin.py:188} INFO - [2025-07-22T09:21:08.899+0000] {dag.py:3096} INFO - Sync 1 DAGs
[2025-07-22T09:21:08.917+0000] {logging_mixin.py:188} INFO - [2025-07-22T09:21:08.917+0000] {dag.py:3954} INFO - Setting next_dagrun for example_python_decorator to None, run_after=None
[2025-07-22T09:21:08.946+0000] {processor.py:183} INFO - Processing /home/airflow/.local/lib/python3.12/site-packages/airflow/example_dags/example_python_decorator.py took 0.112 seconds
[2025-07-22T09:21:39.502+0000] {processor.py:161} INFO - Started process (PID=3558) to work on /home/airflow/.local/lib/python3.12/site-packages/airflow/example_dags/example_python_decorator.py
[2025-07-22T09:21:39.504+0000] {processor.py:830} INFO - Processing file /home/airflow/.local/lib/python3.12/site-packages/airflow/example_dags/example_python_decorator.py for tasks to queue
[2025-07-22T09:21:39.506+0000] {logging_mixin.py:188} INFO - [2025-07-22T09:21:39.506+0000] {dagbag.py:545} INFO - Filling up the DagBag from /home/airflow/.local/lib/python3.12/site-packages/airflow/example_dags/example_python_decorator.py
[2025-07-22T09:21:39.520+0000] {processor.py:840} INFO - DAG(s) 'example_python_decorator' retrieved from /home/airflow/.local/lib/python3.12/site-packages/airflow/example_dags/example_python_decorator.py
[2025-07-22T09:21:39.544+0000] {logging_mixin.py:188} INFO - [2025-07-22T09:21:39.544+0000] {dag.py:3096} INFO - Sync 1 DAGs
[2025-07-22T09:21:39.557+0000] {logging_mixin.py:188} INFO - [2025-07-22T09:21:39.557+0000] {dag.py:3954} INFO - Setting next_dagrun for example_python_decorator to None, run_after=None
[2025-07-22T09:21:39.581+0000] {processor.py:183} INFO - Processing /home/airflow/.local/lib/python3.12/site-packages/airflow/example_dags/example_python_decorator.py took 0.086 seconds
[2025-07-22T09:22:09.885+0000] {processor.py:161} INFO - Started process (PID=3618) to work on /home/airflow/.local/lib/python3.12/site-packages/airflow/example_dags/example_python_decorator.py
[2025-07-22T09:22:09.887+0000] {processor.py:830} INFO - Processing file /home/airflow/.local/lib/python3.12/site-packages/airflow/example_dags/example_python_decorator.py for tasks to queue
[2025-07-22T09:22:09.889+0000] {logging_mixin.py:188} INFO - [2025-07-22T09:22:09.889+0000] {dagbag.py:545} INFO - Filling up the DagBag from /home/airflow/.local/lib/python3.12/site-packages/airflow/example_dags/example_python_decorator.py
[2025-07-22T09:22:09.903+0000] {processor.py:840} INFO - DAG(s) 'example_python_decorator' retrieved from /home/airflow/.local/lib/python3.12/site-packages/airflow/example_dags/example_python_decorator.py
[2025-07-22T09:22:09.926+0000] {logging_mixin.py:188} INFO - [2025-07-22T09:22:09.926+0000] {dag.py:3096} INFO - Sync 1 DAGs
[2025-07-22T09:22:09.940+0000] {logging_mixin.py:188} INFO - [2025-07-22T09:22:09.939+0000] {dag.py:3954} INFO - Setting next_dagrun for example_python_decorator to None, run_after=None
[2025-07-22T09:22:09.966+0000] {processor.py:183} INFO - Processing /home/airflow/.local/lib/python3.12/site-packages/airflow/example_dags/example_python_decorator.py took 0.087 seconds
[2025-07-22T09:22:40.253+0000] {processor.py:161} INFO - Started process (PID=3678) to work on /home/airflow/.local/lib/python3.12/site-packages/airflow/example_dags/example_python_decorator.py
[2025-07-22T09:22:40.254+0000] {processor.py:830} INFO - Processing file /home/airflow/.local/lib/python3.12/site-packages/airflow/example_dags/example_python_decorator.py for tasks to queue
[2025-07-22T09:22:40.258+0000] {logging_mixin.py:188} INFO - [2025-07-22T09:22:40.257+0000] {dagbag.py:545} INFO - Filling up the DagBag from /home/airflow/.local/lib/python3.12/site-packages/airflow/example_dags/example_python_decorator.py
[2025-07-22T09:22:40.284+0000] {processor.py:840} INFO - DAG(s) 'example_python_decorator' retrieved from /home/airflow/.local/lib/python3.12/site-packages/airflow/example_dags/example_python_decorator.py
[2025-07-22T09:22:40.314+0000] {logging_mixin.py:188} INFO - [2025-07-22T09:22:40.314+0000] {dag.py:3096} INFO - Sync 1 DAGs
[2025-07-22T09:22:40.336+0000] {logging_mixin.py:188} INFO - [2025-07-22T09:22:40.336+0000] {dag.py:3954} INFO - Setting next_dagrun for example_python_decorator to None, run_after=None
[2025-07-22T09:22:40.374+0000] {processor.py:183} INFO - Processing /home/airflow/.local/lib/python3.12/site-packages/airflow/example_dags/example_python_decorator.py took 0.130 seconds
