[2025-07-22T08:52:02.776+0000] {processor.py:161} INFO - Started process (PID=74) to work on /home/airflow/.local/lib/python3.12/site-packages/airflow/example_dags/example_time_delta_sensor_async.py
[2025-07-22T08:52:02.777+0000] {processor.py:830} INFO - Processing file /home/airflow/.local/lib/python3.12/site-packages/airflow/example_dags/example_time_delta_sensor_async.py for tasks to queue
[2025-07-22T08:52:02.782+0000] {logging_mixin.py:188} INFO - [2025-07-22T08:52:02.781+0000] {dagbag.py:545} INFO - Filling up the DagBag from /home/airflow/.local/lib/python3.12/site-packages/airflow/example_dags/example_time_delta_sensor_async.py
[2025-07-22T08:52:02.797+0000] {processor.py:840} INFO - DAG(s) 'example_time_delta_sensor_async' retrieved from /home/airflow/.local/lib/python3.12/site-packages/airflow/example_dags/example_time_delta_sensor_async.py
[2025-07-22T08:52:03.238+0000] {logging_mixin.py:188} INFO - [2025-07-22T08:52:03.237+0000] {dag.py:3096} INFO - Sync 1 DAGs
[2025-07-22T08:52:03.270+0000] {logging_mixin.py:188} INFO - [2025-07-22T08:52:03.269+0000] {dag.py:3954} INFO - Setting next_dagrun for example_time_delta_sensor_async to None, run_after=None
[2025-07-22T08:52:03.336+0000] {processor.py:183} INFO - Processing /home/airflow/.local/lib/python3.12/site-packages/airflow/example_dags/example_time_delta_sensor_async.py took 0.577 seconds
[2025-07-22T08:52:33.387+0000] {processor.py:161} INFO - Started process (PID=132) to work on /home/airflow/.local/lib/python3.12/site-packages/airflow/example_dags/example_time_delta_sensor_async.py
[2025-07-22T08:52:33.389+0000] {processor.py:830} INFO - Processing file /home/airflow/.local/lib/python3.12/site-packages/airflow/example_dags/example_time_delta_sensor_async.py for tasks to queue
[2025-07-22T08:52:33.392+0000] {logging_mixin.py:188} INFO - [2025-07-22T08:52:33.392+0000] {dagbag.py:545} INFO - Filling up the DagBag from /home/airflow/.local/lib/python3.12/site-packages/airflow/example_dags/example_time_delta_sensor_async.py
[2025-07-22T08:52:33.398+0000] {processor.py:840} INFO - DAG(s) 'example_time_delta_sensor_async' retrieved from /home/airflow/.local/lib/python3.12/site-packages/airflow/example_dags/example_time_delta_sensor_async.py
[2025-07-22T08:52:33.423+0000] {logging_mixin.py:188} INFO - [2025-07-22T08:52:33.423+0000] {dag.py:3096} INFO - Sync 1 DAGs
[2025-07-22T08:52:33.443+0000] {logging_mixin.py:188} INFO - [2025-07-22T08:52:33.443+0000] {dag.py:3954} INFO - Setting next_dagrun for example_time_delta_sensor_async to None, run_after=None
[2025-07-22T08:52:33.471+0000] {processor.py:183} INFO - Processing /home/airflow/.local/lib/python3.12/site-packages/airflow/example_dags/example_time_delta_sensor_async.py took 0.092 seconds
[2025-07-22T08:53:03.599+0000] {processor.py:161} INFO - Started process (PID=190) to work on /home/airflow/.local/lib/python3.12/site-packages/airflow/example_dags/example_time_delta_sensor_async.py
[2025-07-22T08:53:03.600+0000] {processor.py:830} INFO - Processing file /home/airflow/.local/lib/python3.12/site-packages/airflow/example_dags/example_time_delta_sensor_async.py for tasks to queue
[2025-07-22T08:53:03.603+0000] {logging_mixin.py:188} INFO - [2025-07-22T08:53:03.602+0000] {dagbag.py:545} INFO - Filling up the DagBag from /home/airflow/.local/lib/python3.12/site-packages/airflow/example_dags/example_time_delta_sensor_async.py
[2025-07-22T08:53:03.608+0000] {processor.py:840} INFO - DAG(s) 'example_time_delta_sensor_async' retrieved from /home/airflow/.local/lib/python3.12/site-packages/airflow/example_dags/example_time_delta_sensor_async.py
[2025-07-22T08:53:03.632+0000] {logging_mixin.py:188} INFO - [2025-07-22T08:53:03.632+0000] {dag.py:3096} INFO - Sync 1 DAGs
[2025-07-22T08:53:03.649+0000] {logging_mixin.py:188} INFO - [2025-07-22T08:53:03.648+0000] {dag.py:3954} INFO - Setting next_dagrun for example_time_delta_sensor_async to None, run_after=None
[2025-07-22T08:53:03.672+0000] {processor.py:183} INFO - Processing /home/airflow/.local/lib/python3.12/site-packages/airflow/example_dags/example_time_delta_sensor_async.py took 0.080 seconds
[2025-07-22T08:53:34.180+0000] {processor.py:161} INFO - Started process (PID=248) to work on /home/airflow/.local/lib/python3.12/site-packages/airflow/example_dags/example_time_delta_sensor_async.py
[2025-07-22T08:53:34.182+0000] {processor.py:830} INFO - Processing file /home/airflow/.local/lib/python3.12/site-packages/airflow/example_dags/example_time_delta_sensor_async.py for tasks to queue
[2025-07-22T08:53:34.184+0000] {logging_mixin.py:188} INFO - [2025-07-22T08:53:34.184+0000] {dagbag.py:545} INFO - Filling up the DagBag from /home/airflow/.local/lib/python3.12/site-packages/airflow/example_dags/example_time_delta_sensor_async.py
[2025-07-22T08:53:34.189+0000] {processor.py:840} INFO - DAG(s) 'example_time_delta_sensor_async' retrieved from /home/airflow/.local/lib/python3.12/site-packages/airflow/example_dags/example_time_delta_sensor_async.py
[2025-07-22T08:53:34.215+0000] {logging_mixin.py:188} INFO - [2025-07-22T08:53:34.214+0000] {dag.py:3096} INFO - Sync 1 DAGs
[2025-07-22T08:53:34.231+0000] {logging_mixin.py:188} INFO - [2025-07-22T08:53:34.231+0000] {dag.py:3954} INFO - Setting next_dagrun for example_time_delta_sensor_async to None, run_after=None
[2025-07-22T08:53:34.264+0000] {processor.py:183} INFO - Processing /home/airflow/.local/lib/python3.12/site-packages/airflow/example_dags/example_time_delta_sensor_async.py took 0.090 seconds
[2025-07-22T08:54:04.314+0000] {processor.py:161} INFO - Started process (PID=305) to work on /home/airflow/.local/lib/python3.12/site-packages/airflow/example_dags/example_time_delta_sensor_async.py
[2025-07-22T08:54:04.315+0000] {processor.py:830} INFO - Processing file /home/airflow/.local/lib/python3.12/site-packages/airflow/example_dags/example_time_delta_sensor_async.py for tasks to queue
[2025-07-22T08:54:04.318+0000] {logging_mixin.py:188} INFO - [2025-07-22T08:54:04.317+0000] {dagbag.py:545} INFO - Filling up the DagBag from /home/airflow/.local/lib/python3.12/site-packages/airflow/example_dags/example_time_delta_sensor_async.py
[2025-07-22T08:54:04.324+0000] {processor.py:840} INFO - DAG(s) 'example_time_delta_sensor_async' retrieved from /home/airflow/.local/lib/python3.12/site-packages/airflow/example_dags/example_time_delta_sensor_async.py
[2025-07-22T08:54:04.349+0000] {logging_mixin.py:188} INFO - [2025-07-22T08:54:04.349+0000] {dag.py:3096} INFO - Sync 1 DAGs
[2025-07-22T08:54:04.365+0000] {logging_mixin.py:188} INFO - [2025-07-22T08:54:04.365+0000] {dag.py:3954} INFO - Setting next_dagrun for example_time_delta_sensor_async to None, run_after=None
[2025-07-22T08:54:04.392+0000] {processor.py:183} INFO - Processing /home/airflow/.local/lib/python3.12/site-packages/airflow/example_dags/example_time_delta_sensor_async.py took 0.087 seconds
[2025-07-22T08:54:34.685+0000] {processor.py:161} INFO - Started process (PID=363) to work on /home/airflow/.local/lib/python3.12/site-packages/airflow/example_dags/example_time_delta_sensor_async.py
[2025-07-22T08:54:34.687+0000] {processor.py:830} INFO - Processing file /home/airflow/.local/lib/python3.12/site-packages/airflow/example_dags/example_time_delta_sensor_async.py for tasks to queue
[2025-07-22T08:54:34.689+0000] {logging_mixin.py:188} INFO - [2025-07-22T08:54:34.688+0000] {dagbag.py:545} INFO - Filling up the DagBag from /home/airflow/.local/lib/python3.12/site-packages/airflow/example_dags/example_time_delta_sensor_async.py
[2025-07-22T08:54:34.694+0000] {processor.py:840} INFO - DAG(s) 'example_time_delta_sensor_async' retrieved from /home/airflow/.local/lib/python3.12/site-packages/airflow/example_dags/example_time_delta_sensor_async.py
[2025-07-22T08:54:34.715+0000] {logging_mixin.py:188} INFO - [2025-07-22T08:54:34.715+0000] {dag.py:3096} INFO - Sync 1 DAGs
[2025-07-22T08:54:34.728+0000] {logging_mixin.py:188} INFO - [2025-07-22T08:54:34.728+0000] {dag.py:3954} INFO - Setting next_dagrun for example_time_delta_sensor_async to None, run_after=None
[2025-07-22T08:54:34.749+0000] {processor.py:183} INFO - Processing /home/airflow/.local/lib/python3.12/site-packages/airflow/example_dags/example_time_delta_sensor_async.py took 0.070 seconds
[2025-07-22T08:55:05.312+0000] {processor.py:161} INFO - Started process (PID=421) to work on /home/airflow/.local/lib/python3.12/site-packages/airflow/example_dags/example_time_delta_sensor_async.py
[2025-07-22T08:55:05.313+0000] {processor.py:830} INFO - Processing file /home/airflow/.local/lib/python3.12/site-packages/airflow/example_dags/example_time_delta_sensor_async.py for tasks to queue
[2025-07-22T08:55:05.316+0000] {logging_mixin.py:188} INFO - [2025-07-22T08:55:05.315+0000] {dagbag.py:545} INFO - Filling up the DagBag from /home/airflow/.local/lib/python3.12/site-packages/airflow/example_dags/example_time_delta_sensor_async.py
[2025-07-22T08:55:05.322+0000] {processor.py:840} INFO - DAG(s) 'example_time_delta_sensor_async' retrieved from /home/airflow/.local/lib/python3.12/site-packages/airflow/example_dags/example_time_delta_sensor_async.py
[2025-07-22T08:55:05.348+0000] {logging_mixin.py:188} INFO - [2025-07-22T08:55:05.347+0000] {dag.py:3096} INFO - Sync 1 DAGs
[2025-07-22T08:55:05.366+0000] {logging_mixin.py:188} INFO - [2025-07-22T08:55:05.366+0000] {dag.py:3954} INFO - Setting next_dagrun for example_time_delta_sensor_async to None, run_after=None
[2025-07-22T08:55:05.391+0000] {processor.py:183} INFO - Processing /home/airflow/.local/lib/python3.12/site-packages/airflow/example_dags/example_time_delta_sensor_async.py took 0.087 seconds
[2025-07-22T08:55:35.607+0000] {processor.py:161} INFO - Started process (PID=480) to work on /home/airflow/.local/lib/python3.12/site-packages/airflow/example_dags/example_time_delta_sensor_async.py
[2025-07-22T08:55:35.609+0000] {processor.py:830} INFO - Processing file /home/airflow/.local/lib/python3.12/site-packages/airflow/example_dags/example_time_delta_sensor_async.py for tasks to queue
[2025-07-22T08:55:35.611+0000] {logging_mixin.py:188} INFO - [2025-07-22T08:55:35.611+0000] {dagbag.py:545} INFO - Filling up the DagBag from /home/airflow/.local/lib/python3.12/site-packages/airflow/example_dags/example_time_delta_sensor_async.py
[2025-07-22T08:55:35.616+0000] {processor.py:840} INFO - DAG(s) 'example_time_delta_sensor_async' retrieved from /home/airflow/.local/lib/python3.12/site-packages/airflow/example_dags/example_time_delta_sensor_async.py
[2025-07-22T08:55:35.639+0000] {logging_mixin.py:188} INFO - [2025-07-22T08:55:35.639+0000] {dag.py:3096} INFO - Sync 1 DAGs
[2025-07-22T08:55:35.654+0000] {logging_mixin.py:188} INFO - [2025-07-22T08:55:35.654+0000] {dag.py:3954} INFO - Setting next_dagrun for example_time_delta_sensor_async to None, run_after=None
[2025-07-22T08:55:35.680+0000] {processor.py:183} INFO - Processing /home/airflow/.local/lib/python3.12/site-packages/airflow/example_dags/example_time_delta_sensor_async.py took 0.079 seconds
[2025-07-22T08:56:06.263+0000] {processor.py:161} INFO - Started process (PID=538) to work on /home/airflow/.local/lib/python3.12/site-packages/airflow/example_dags/example_time_delta_sensor_async.py
[2025-07-22T08:56:06.264+0000] {processor.py:830} INFO - Processing file /home/airflow/.local/lib/python3.12/site-packages/airflow/example_dags/example_time_delta_sensor_async.py for tasks to queue
[2025-07-22T08:56:06.267+0000] {logging_mixin.py:188} INFO - [2025-07-22T08:56:06.266+0000] {dagbag.py:545} INFO - Filling up the DagBag from /home/airflow/.local/lib/python3.12/site-packages/airflow/example_dags/example_time_delta_sensor_async.py
[2025-07-22T08:56:06.272+0000] {processor.py:840} INFO - DAG(s) 'example_time_delta_sensor_async' retrieved from /home/airflow/.local/lib/python3.12/site-packages/airflow/example_dags/example_time_delta_sensor_async.py
[2025-07-22T08:56:06.298+0000] {logging_mixin.py:188} INFO - [2025-07-22T08:56:06.298+0000] {dag.py:3096} INFO - Sync 1 DAGs
[2025-07-22T08:56:06.313+0000] {logging_mixin.py:188} INFO - [2025-07-22T08:56:06.313+0000] {dag.py:3954} INFO - Setting next_dagrun for example_time_delta_sensor_async to None, run_after=None
[2025-07-22T08:56:06.337+0000] {processor.py:183} INFO - Processing /home/airflow/.local/lib/python3.12/site-packages/airflow/example_dags/example_time_delta_sensor_async.py took 0.081 seconds
[2025-07-22T08:56:36.669+0000] {processor.py:161} INFO - Started process (PID=596) to work on /home/airflow/.local/lib/python3.12/site-packages/airflow/example_dags/example_time_delta_sensor_async.py
[2025-07-22T08:56:36.670+0000] {processor.py:830} INFO - Processing file /home/airflow/.local/lib/python3.12/site-packages/airflow/example_dags/example_time_delta_sensor_async.py for tasks to queue
[2025-07-22T08:56:36.672+0000] {logging_mixin.py:188} INFO - [2025-07-22T08:56:36.672+0000] {dagbag.py:545} INFO - Filling up the DagBag from /home/airflow/.local/lib/python3.12/site-packages/airflow/example_dags/example_time_delta_sensor_async.py
[2025-07-22T08:56:36.678+0000] {processor.py:840} INFO - DAG(s) 'example_time_delta_sensor_async' retrieved from /home/airflow/.local/lib/python3.12/site-packages/airflow/example_dags/example_time_delta_sensor_async.py
[2025-07-22T08:56:36.701+0000] {logging_mixin.py:188} INFO - [2025-07-22T08:56:36.701+0000] {dag.py:3096} INFO - Sync 1 DAGs
[2025-07-22T08:56:36.716+0000] {logging_mixin.py:188} INFO - [2025-07-22T08:56:36.716+0000] {dag.py:3954} INFO - Setting next_dagrun for example_time_delta_sensor_async to None, run_after=None
[2025-07-22T08:56:36.740+0000] {processor.py:183} INFO - Processing /home/airflow/.local/lib/python3.12/site-packages/airflow/example_dags/example_time_delta_sensor_async.py took 0.078 seconds
[2025-07-22T08:57:06.803+0000] {processor.py:161} INFO - Started process (PID=655) to work on /home/airflow/.local/lib/python3.12/site-packages/airflow/example_dags/example_time_delta_sensor_async.py
[2025-07-22T08:57:06.805+0000] {processor.py:830} INFO - Processing file /home/airflow/.local/lib/python3.12/site-packages/airflow/example_dags/example_time_delta_sensor_async.py for tasks to queue
[2025-07-22T08:57:06.808+0000] {logging_mixin.py:188} INFO - [2025-07-22T08:57:06.808+0000] {dagbag.py:545} INFO - Filling up the DagBag from /home/airflow/.local/lib/python3.12/site-packages/airflow/example_dags/example_time_delta_sensor_async.py
[2025-07-22T08:57:06.814+0000] {processor.py:840} INFO - DAG(s) 'example_time_delta_sensor_async' retrieved from /home/airflow/.local/lib/python3.12/site-packages/airflow/example_dags/example_time_delta_sensor_async.py
[2025-07-22T08:57:06.838+0000] {logging_mixin.py:188} INFO - [2025-07-22T08:57:06.838+0000] {dag.py:3096} INFO - Sync 1 DAGs
[2025-07-22T08:57:06.853+0000] {logging_mixin.py:188} INFO - [2025-07-22T08:57:06.852+0000] {dag.py:3954} INFO - Setting next_dagrun for example_time_delta_sensor_async to None, run_after=None
[2025-07-22T08:57:06.876+0000] {processor.py:183} INFO - Processing /home/airflow/.local/lib/python3.12/site-packages/airflow/example_dags/example_time_delta_sensor_async.py took 0.081 seconds
[2025-07-22T08:57:37.034+0000] {processor.py:161} INFO - Started process (PID=715) to work on /home/airflow/.local/lib/python3.12/site-packages/airflow/example_dags/example_time_delta_sensor_async.py
[2025-07-22T08:57:37.036+0000] {processor.py:830} INFO - Processing file /home/airflow/.local/lib/python3.12/site-packages/airflow/example_dags/example_time_delta_sensor_async.py for tasks to queue
[2025-07-22T08:57:37.038+0000] {logging_mixin.py:188} INFO - [2025-07-22T08:57:37.038+0000] {dagbag.py:545} INFO - Filling up the DagBag from /home/airflow/.local/lib/python3.12/site-packages/airflow/example_dags/example_time_delta_sensor_async.py
[2025-07-22T08:57:37.043+0000] {processor.py:840} INFO - DAG(s) 'example_time_delta_sensor_async' retrieved from /home/airflow/.local/lib/python3.12/site-packages/airflow/example_dags/example_time_delta_sensor_async.py
[2025-07-22T08:57:37.067+0000] {logging_mixin.py:188} INFO - [2025-07-22T08:57:37.066+0000] {dag.py:3096} INFO - Sync 1 DAGs
[2025-07-22T08:57:37.082+0000] {logging_mixin.py:188} INFO - [2025-07-22T08:57:37.082+0000] {dag.py:3954} INFO - Setting next_dagrun for example_time_delta_sensor_async to None, run_after=None
[2025-07-22T08:57:37.107+0000] {processor.py:183} INFO - Processing /home/airflow/.local/lib/python3.12/site-packages/airflow/example_dags/example_time_delta_sensor_async.py took 0.080 seconds
[2025-07-22T08:58:07.800+0000] {processor.py:161} INFO - Started process (PID=776) to work on /home/airflow/.local/lib/python3.12/site-packages/airflow/example_dags/example_time_delta_sensor_async.py
[2025-07-22T08:58:07.801+0000] {processor.py:830} INFO - Processing file /home/airflow/.local/lib/python3.12/site-packages/airflow/example_dags/example_time_delta_sensor_async.py for tasks to queue
[2025-07-22T08:58:07.803+0000] {logging_mixin.py:188} INFO - [2025-07-22T08:58:07.803+0000] {dagbag.py:545} INFO - Filling up the DagBag from /home/airflow/.local/lib/python3.12/site-packages/airflow/example_dags/example_time_delta_sensor_async.py
[2025-07-22T08:58:07.808+0000] {processor.py:840} INFO - DAG(s) 'example_time_delta_sensor_async' retrieved from /home/airflow/.local/lib/python3.12/site-packages/airflow/example_dags/example_time_delta_sensor_async.py
[2025-07-22T08:58:07.830+0000] {logging_mixin.py:188} INFO - [2025-07-22T08:58:07.830+0000] {dag.py:3096} INFO - Sync 1 DAGs
[2025-07-22T08:58:07.845+0000] {logging_mixin.py:188} INFO - [2025-07-22T08:58:07.845+0000] {dag.py:3954} INFO - Setting next_dagrun for example_time_delta_sensor_async to None, run_after=None
[2025-07-22T08:58:07.867+0000] {processor.py:183} INFO - Processing /home/airflow/.local/lib/python3.12/site-packages/airflow/example_dags/example_time_delta_sensor_async.py took 0.074 seconds
[2025-07-22T08:58:38.502+0000] {processor.py:161} INFO - Started process (PID=836) to work on /home/airflow/.local/lib/python3.12/site-packages/airflow/example_dags/example_time_delta_sensor_async.py
[2025-07-22T08:58:38.503+0000] {processor.py:830} INFO - Processing file /home/airflow/.local/lib/python3.12/site-packages/airflow/example_dags/example_time_delta_sensor_async.py for tasks to queue
[2025-07-22T08:58:38.505+0000] {logging_mixin.py:188} INFO - [2025-07-22T08:58:38.505+0000] {dagbag.py:545} INFO - Filling up the DagBag from /home/airflow/.local/lib/python3.12/site-packages/airflow/example_dags/example_time_delta_sensor_async.py
[2025-07-22T08:58:38.510+0000] {processor.py:840} INFO - DAG(s) 'example_time_delta_sensor_async' retrieved from /home/airflow/.local/lib/python3.12/site-packages/airflow/example_dags/example_time_delta_sensor_async.py
[2025-07-22T08:58:38.532+0000] {logging_mixin.py:188} INFO - [2025-07-22T08:58:38.532+0000] {dag.py:3096} INFO - Sync 1 DAGs
[2025-07-22T08:58:38.545+0000] {logging_mixin.py:188} INFO - [2025-07-22T08:58:38.545+0000] {dag.py:3954} INFO - Setting next_dagrun for example_time_delta_sensor_async to None, run_after=None
[2025-07-22T08:58:38.566+0000] {processor.py:183} INFO - Processing /home/airflow/.local/lib/python3.12/site-packages/airflow/example_dags/example_time_delta_sensor_async.py took 0.070 seconds
[2025-07-22T08:59:09.269+0000] {processor.py:161} INFO - Started process (PID=896) to work on /home/airflow/.local/lib/python3.12/site-packages/airflow/example_dags/example_time_delta_sensor_async.py
[2025-07-22T08:59:09.270+0000] {processor.py:830} INFO - Processing file /home/airflow/.local/lib/python3.12/site-packages/airflow/example_dags/example_time_delta_sensor_async.py for tasks to queue
[2025-07-22T08:59:09.273+0000] {logging_mixin.py:188} INFO - [2025-07-22T08:59:09.273+0000] {dagbag.py:545} INFO - Filling up the DagBag from /home/airflow/.local/lib/python3.12/site-packages/airflow/example_dags/example_time_delta_sensor_async.py
[2025-07-22T08:59:09.281+0000] {processor.py:840} INFO - DAG(s) 'example_time_delta_sensor_async' retrieved from /home/airflow/.local/lib/python3.12/site-packages/airflow/example_dags/example_time_delta_sensor_async.py
[2025-07-22T08:59:09.308+0000] {logging_mixin.py:188} INFO - [2025-07-22T08:59:09.307+0000] {dag.py:3096} INFO - Sync 1 DAGs
[2025-07-22T08:59:09.330+0000] {logging_mixin.py:188} INFO - [2025-07-22T08:59:09.330+0000] {dag.py:3954} INFO - Setting next_dagrun for example_time_delta_sensor_async to None, run_after=None
[2025-07-22T08:59:09.358+0000] {processor.py:183} INFO - Processing /home/airflow/.local/lib/python3.12/site-packages/airflow/example_dags/example_time_delta_sensor_async.py took 0.098 seconds
[2025-07-22T08:59:40.260+0000] {processor.py:161} INFO - Started process (PID=956) to work on /home/airflow/.local/lib/python3.12/site-packages/airflow/example_dags/example_time_delta_sensor_async.py
[2025-07-22T08:59:40.261+0000] {processor.py:830} INFO - Processing file /home/airflow/.local/lib/python3.12/site-packages/airflow/example_dags/example_time_delta_sensor_async.py for tasks to queue
[2025-07-22T08:59:40.264+0000] {logging_mixin.py:188} INFO - [2025-07-22T08:59:40.263+0000] {dagbag.py:545} INFO - Filling up the DagBag from /home/airflow/.local/lib/python3.12/site-packages/airflow/example_dags/example_time_delta_sensor_async.py
[2025-07-22T08:59:40.269+0000] {processor.py:840} INFO - DAG(s) 'example_time_delta_sensor_async' retrieved from /home/airflow/.local/lib/python3.12/site-packages/airflow/example_dags/example_time_delta_sensor_async.py
[2025-07-22T08:59:40.293+0000] {logging_mixin.py:188} INFO - [2025-07-22T08:59:40.292+0000] {dag.py:3096} INFO - Sync 1 DAGs
[2025-07-22T08:59:40.311+0000] {logging_mixin.py:188} INFO - [2025-07-22T08:59:40.311+0000] {dag.py:3954} INFO - Setting next_dagrun for example_time_delta_sensor_async to None, run_after=None
[2025-07-22T08:59:40.333+0000] {processor.py:183} INFO - Processing /home/airflow/.local/lib/python3.12/site-packages/airflow/example_dags/example_time_delta_sensor_async.py took 0.079 seconds
[2025-07-22T09:00:10.817+0000] {processor.py:161} INFO - Started process (PID=1016) to work on /home/airflow/.local/lib/python3.12/site-packages/airflow/example_dags/example_time_delta_sensor_async.py
[2025-07-22T09:00:10.818+0000] {processor.py:830} INFO - Processing file /home/airflow/.local/lib/python3.12/site-packages/airflow/example_dags/example_time_delta_sensor_async.py for tasks to queue
[2025-07-22T09:00:10.820+0000] {logging_mixin.py:188} INFO - [2025-07-22T09:00:10.820+0000] {dagbag.py:545} INFO - Filling up the DagBag from /home/airflow/.local/lib/python3.12/site-packages/airflow/example_dags/example_time_delta_sensor_async.py
[2025-07-22T09:00:10.825+0000] {processor.py:840} INFO - DAG(s) 'example_time_delta_sensor_async' retrieved from /home/airflow/.local/lib/python3.12/site-packages/airflow/example_dags/example_time_delta_sensor_async.py
[2025-07-22T09:00:10.846+0000] {logging_mixin.py:188} INFO - [2025-07-22T09:00:10.846+0000] {dag.py:3096} INFO - Sync 1 DAGs
[2025-07-22T09:00:10.861+0000] {logging_mixin.py:188} INFO - [2025-07-22T09:00:10.860+0000] {dag.py:3954} INFO - Setting next_dagrun for example_time_delta_sensor_async to None, run_after=None
[2025-07-22T09:00:10.883+0000] {processor.py:183} INFO - Processing /home/airflow/.local/lib/python3.12/site-packages/airflow/example_dags/example_time_delta_sensor_async.py took 0.075 seconds
[2025-07-22T09:00:41.824+0000] {processor.py:161} INFO - Started process (PID=1076) to work on /home/airflow/.local/lib/python3.12/site-packages/airflow/example_dags/example_time_delta_sensor_async.py
[2025-07-22T09:00:41.825+0000] {processor.py:830} INFO - Processing file /home/airflow/.local/lib/python3.12/site-packages/airflow/example_dags/example_time_delta_sensor_async.py for tasks to queue
[2025-07-22T09:00:41.828+0000] {logging_mixin.py:188} INFO - [2025-07-22T09:00:41.828+0000] {dagbag.py:545} INFO - Filling up the DagBag from /home/airflow/.local/lib/python3.12/site-packages/airflow/example_dags/example_time_delta_sensor_async.py
[2025-07-22T09:00:41.833+0000] {processor.py:840} INFO - DAG(s) 'example_time_delta_sensor_async' retrieved from /home/airflow/.local/lib/python3.12/site-packages/airflow/example_dags/example_time_delta_sensor_async.py
[2025-07-22T09:00:41.855+0000] {logging_mixin.py:188} INFO - [2025-07-22T09:00:41.855+0000] {dag.py:3096} INFO - Sync 1 DAGs
[2025-07-22T09:00:41.873+0000] {logging_mixin.py:188} INFO - [2025-07-22T09:00:41.873+0000] {dag.py:3954} INFO - Setting next_dagrun for example_time_delta_sensor_async to None, run_after=None
[2025-07-22T09:00:41.898+0000] {processor.py:183} INFO - Processing /home/airflow/.local/lib/python3.12/site-packages/airflow/example_dags/example_time_delta_sensor_async.py took 0.081 seconds
[2025-07-22T09:01:12.693+0000] {processor.py:161} INFO - Started process (PID=1136) to work on /home/airflow/.local/lib/python3.12/site-packages/airflow/example_dags/example_time_delta_sensor_async.py
[2025-07-22T09:01:12.694+0000] {processor.py:830} INFO - Processing file /home/airflow/.local/lib/python3.12/site-packages/airflow/example_dags/example_time_delta_sensor_async.py for tasks to queue
[2025-07-22T09:01:12.696+0000] {logging_mixin.py:188} INFO - [2025-07-22T09:01:12.696+0000] {dagbag.py:545} INFO - Filling up the DagBag from /home/airflow/.local/lib/python3.12/site-packages/airflow/example_dags/example_time_delta_sensor_async.py
[2025-07-22T09:01:12.702+0000] {processor.py:840} INFO - DAG(s) 'example_time_delta_sensor_async' retrieved from /home/airflow/.local/lib/python3.12/site-packages/airflow/example_dags/example_time_delta_sensor_async.py
[2025-07-22T09:01:12.724+0000] {logging_mixin.py:188} INFO - [2025-07-22T09:01:12.724+0000] {dag.py:3096} INFO - Sync 1 DAGs
[2025-07-22T09:01:12.740+0000] {logging_mixin.py:188} INFO - [2025-07-22T09:01:12.740+0000] {dag.py:3954} INFO - Setting next_dagrun for example_time_delta_sensor_async to None, run_after=None
[2025-07-22T09:01:12.766+0000] {processor.py:183} INFO - Processing /home/airflow/.local/lib/python3.12/site-packages/airflow/example_dags/example_time_delta_sensor_async.py took 0.080 seconds
[2025-07-22T09:01:42.924+0000] {processor.py:161} INFO - Started process (PID=1196) to work on /home/airflow/.local/lib/python3.12/site-packages/airflow/example_dags/example_time_delta_sensor_async.py
[2025-07-22T09:01:42.926+0000] {processor.py:830} INFO - Processing file /home/airflow/.local/lib/python3.12/site-packages/airflow/example_dags/example_time_delta_sensor_async.py for tasks to queue
[2025-07-22T09:01:42.928+0000] {logging_mixin.py:188} INFO - [2025-07-22T09:01:42.927+0000] {dagbag.py:545} INFO - Filling up the DagBag from /home/airflow/.local/lib/python3.12/site-packages/airflow/example_dags/example_time_delta_sensor_async.py
[2025-07-22T09:01:42.933+0000] {processor.py:840} INFO - DAG(s) 'example_time_delta_sensor_async' retrieved from /home/airflow/.local/lib/python3.12/site-packages/airflow/example_dags/example_time_delta_sensor_async.py
[2025-07-22T09:01:42.955+0000] {logging_mixin.py:188} INFO - [2025-07-22T09:01:42.955+0000] {dag.py:3096} INFO - Sync 1 DAGs
[2025-07-22T09:01:42.970+0000] {logging_mixin.py:188} INFO - [2025-07-22T09:01:42.969+0000] {dag.py:3954} INFO - Setting next_dagrun for example_time_delta_sensor_async to None, run_after=None
[2025-07-22T09:01:42.995+0000] {processor.py:183} INFO - Processing /home/airflow/.local/lib/python3.12/site-packages/airflow/example_dags/example_time_delta_sensor_async.py took 0.077 seconds
[2025-07-22T09:02:13.097+0000] {processor.py:161} INFO - Started process (PID=1256) to work on /home/airflow/.local/lib/python3.12/site-packages/airflow/example_dags/example_time_delta_sensor_async.py
[2025-07-22T09:02:13.098+0000] {processor.py:830} INFO - Processing file /home/airflow/.local/lib/python3.12/site-packages/airflow/example_dags/example_time_delta_sensor_async.py for tasks to queue
[2025-07-22T09:02:13.100+0000] {logging_mixin.py:188} INFO - [2025-07-22T09:02:13.100+0000] {dagbag.py:545} INFO - Filling up the DagBag from /home/airflow/.local/lib/python3.12/site-packages/airflow/example_dags/example_time_delta_sensor_async.py
[2025-07-22T09:02:13.105+0000] {processor.py:840} INFO - DAG(s) 'example_time_delta_sensor_async' retrieved from /home/airflow/.local/lib/python3.12/site-packages/airflow/example_dags/example_time_delta_sensor_async.py
[2025-07-22T09:02:13.126+0000] {logging_mixin.py:188} INFO - [2025-07-22T09:02:13.126+0000] {dag.py:3096} INFO - Sync 1 DAGs
[2025-07-22T09:02:13.142+0000] {logging_mixin.py:188} INFO - [2025-07-22T09:02:13.141+0000] {dag.py:3954} INFO - Setting next_dagrun for example_time_delta_sensor_async to None, run_after=None
[2025-07-22T09:02:13.166+0000] {processor.py:183} INFO - Processing /home/airflow/.local/lib/python3.12/site-packages/airflow/example_dags/example_time_delta_sensor_async.py took 0.076 seconds
[2025-07-22T09:02:43.943+0000] {processor.py:161} INFO - Started process (PID=1316) to work on /home/airflow/.local/lib/python3.12/site-packages/airflow/example_dags/example_time_delta_sensor_async.py
[2025-07-22T09:02:43.944+0000] {processor.py:830} INFO - Processing file /home/airflow/.local/lib/python3.12/site-packages/airflow/example_dags/example_time_delta_sensor_async.py for tasks to queue
[2025-07-22T09:02:43.946+0000] {logging_mixin.py:188} INFO - [2025-07-22T09:02:43.946+0000] {dagbag.py:545} INFO - Filling up the DagBag from /home/airflow/.local/lib/python3.12/site-packages/airflow/example_dags/example_time_delta_sensor_async.py
[2025-07-22T09:02:43.951+0000] {processor.py:840} INFO - DAG(s) 'example_time_delta_sensor_async' retrieved from /home/airflow/.local/lib/python3.12/site-packages/airflow/example_dags/example_time_delta_sensor_async.py
[2025-07-22T09:02:43.973+0000] {logging_mixin.py:188} INFO - [2025-07-22T09:02:43.973+0000] {dag.py:3096} INFO - Sync 1 DAGs
[2025-07-22T09:02:43.989+0000] {logging_mixin.py:188} INFO - [2025-07-22T09:02:43.989+0000] {dag.py:3954} INFO - Setting next_dagrun for example_time_delta_sensor_async to None, run_after=None
[2025-07-22T09:02:44.016+0000] {processor.py:183} INFO - Processing /home/airflow/.local/lib/python3.12/site-packages/airflow/example_dags/example_time_delta_sensor_async.py took 0.079 seconds
[2025-07-22T09:03:14.292+0000] {processor.py:161} INFO - Started process (PID=1376) to work on /home/airflow/.local/lib/python3.12/site-packages/airflow/example_dags/example_time_delta_sensor_async.py
[2025-07-22T09:03:14.293+0000] {processor.py:830} INFO - Processing file /home/airflow/.local/lib/python3.12/site-packages/airflow/example_dags/example_time_delta_sensor_async.py for tasks to queue
[2025-07-22T09:03:14.296+0000] {logging_mixin.py:188} INFO - [2025-07-22T09:03:14.295+0000] {dagbag.py:545} INFO - Filling up the DagBag from /home/airflow/.local/lib/python3.12/site-packages/airflow/example_dags/example_time_delta_sensor_async.py
[2025-07-22T09:03:14.301+0000] {processor.py:840} INFO - DAG(s) 'example_time_delta_sensor_async' retrieved from /home/airflow/.local/lib/python3.12/site-packages/airflow/example_dags/example_time_delta_sensor_async.py
[2025-07-22T09:03:14.329+0000] {logging_mixin.py:188} INFO - [2025-07-22T09:03:14.329+0000] {dag.py:3096} INFO - Sync 1 DAGs
[2025-07-22T09:03:14.349+0000] {logging_mixin.py:188} INFO - [2025-07-22T09:03:14.348+0000] {dag.py:3954} INFO - Setting next_dagrun for example_time_delta_sensor_async to None, run_after=None
[2025-07-22T09:03:14.376+0000] {processor.py:183} INFO - Processing /home/airflow/.local/lib/python3.12/site-packages/airflow/example_dags/example_time_delta_sensor_async.py took 0.093 seconds
[2025-07-22T09:03:44.669+0000] {processor.py:161} INFO - Started process (PID=1436) to work on /home/airflow/.local/lib/python3.12/site-packages/airflow/example_dags/example_time_delta_sensor_async.py
[2025-07-22T09:03:44.671+0000] {processor.py:830} INFO - Processing file /home/airflow/.local/lib/python3.12/site-packages/airflow/example_dags/example_time_delta_sensor_async.py for tasks to queue
[2025-07-22T09:03:44.673+0000] {logging_mixin.py:188} INFO - [2025-07-22T09:03:44.672+0000] {dagbag.py:545} INFO - Filling up the DagBag from /home/airflow/.local/lib/python3.12/site-packages/airflow/example_dags/example_time_delta_sensor_async.py
[2025-07-22T09:03:44.677+0000] {processor.py:840} INFO - DAG(s) 'example_time_delta_sensor_async' retrieved from /home/airflow/.local/lib/python3.12/site-packages/airflow/example_dags/example_time_delta_sensor_async.py
[2025-07-22T09:03:44.698+0000] {logging_mixin.py:188} INFO - [2025-07-22T09:03:44.698+0000] {dag.py:3096} INFO - Sync 1 DAGs
[2025-07-22T09:03:44.713+0000] {logging_mixin.py:188} INFO - [2025-07-22T09:03:44.713+0000] {dag.py:3954} INFO - Setting next_dagrun for example_time_delta_sensor_async to None, run_after=None
[2025-07-22T09:03:44.737+0000] {processor.py:183} INFO - Processing /home/airflow/.local/lib/python3.12/site-packages/airflow/example_dags/example_time_delta_sensor_async.py took 0.073 seconds
[2025-07-22T09:04:15.014+0000] {processor.py:161} INFO - Started process (PID=1496) to work on /home/airflow/.local/lib/python3.12/site-packages/airflow/example_dags/example_time_delta_sensor_async.py
[2025-07-22T09:04:15.017+0000] {processor.py:830} INFO - Processing file /home/airflow/.local/lib/python3.12/site-packages/airflow/example_dags/example_time_delta_sensor_async.py for tasks to queue
[2025-07-22T09:04:15.024+0000] {logging_mixin.py:188} INFO - [2025-07-22T09:04:15.023+0000] {dagbag.py:545} INFO - Filling up the DagBag from /home/airflow/.local/lib/python3.12/site-packages/airflow/example_dags/example_time_delta_sensor_async.py
[2025-07-22T09:04:15.041+0000] {processor.py:840} INFO - DAG(s) 'example_time_delta_sensor_async' retrieved from /home/airflow/.local/lib/python3.12/site-packages/airflow/example_dags/example_time_delta_sensor_async.py
[2025-07-22T09:04:15.080+0000] {logging_mixin.py:188} INFO - [2025-07-22T09:04:15.079+0000] {dag.py:3096} INFO - Sync 1 DAGs
[2025-07-22T09:04:15.099+0000] {logging_mixin.py:188} INFO - [2025-07-22T09:04:15.099+0000] {dag.py:3954} INFO - Setting next_dagrun for example_time_delta_sensor_async to None, run_after=None
[2025-07-22T09:04:15.124+0000] {processor.py:183} INFO - Processing /home/airflow/.local/lib/python3.12/site-packages/airflow/example_dags/example_time_delta_sensor_async.py took 0.128 seconds
[2025-07-22T09:04:45.578+0000] {processor.py:161} INFO - Started process (PID=1556) to work on /home/airflow/.local/lib/python3.12/site-packages/airflow/example_dags/example_time_delta_sensor_async.py
[2025-07-22T09:04:45.580+0000] {processor.py:830} INFO - Processing file /home/airflow/.local/lib/python3.12/site-packages/airflow/example_dags/example_time_delta_sensor_async.py for tasks to queue
[2025-07-22T09:04:45.582+0000] {logging_mixin.py:188} INFO - [2025-07-22T09:04:45.582+0000] {dagbag.py:545} INFO - Filling up the DagBag from /home/airflow/.local/lib/python3.12/site-packages/airflow/example_dags/example_time_delta_sensor_async.py
[2025-07-22T09:04:45.588+0000] {processor.py:840} INFO - DAG(s) 'example_time_delta_sensor_async' retrieved from /home/airflow/.local/lib/python3.12/site-packages/airflow/example_dags/example_time_delta_sensor_async.py
[2025-07-22T09:04:45.609+0000] {logging_mixin.py:188} INFO - [2025-07-22T09:04:45.608+0000] {dag.py:3096} INFO - Sync 1 DAGs
[2025-07-22T09:04:45.623+0000] {logging_mixin.py:188} INFO - [2025-07-22T09:04:45.623+0000] {dag.py:3954} INFO - Setting next_dagrun for example_time_delta_sensor_async to None, run_after=None
[2025-07-22T09:04:45.643+0000] {processor.py:183} INFO - Processing /home/airflow/.local/lib/python3.12/site-packages/airflow/example_dags/example_time_delta_sensor_async.py took 0.072 seconds
[2025-07-22T09:05:16.222+0000] {processor.py:161} INFO - Started process (PID=1616) to work on /home/airflow/.local/lib/python3.12/site-packages/airflow/example_dags/example_time_delta_sensor_async.py
[2025-07-22T09:05:16.226+0000] {processor.py:830} INFO - Processing file /home/airflow/.local/lib/python3.12/site-packages/airflow/example_dags/example_time_delta_sensor_async.py for tasks to queue
[2025-07-22T09:05:16.229+0000] {logging_mixin.py:188} INFO - [2025-07-22T09:05:16.229+0000] {dagbag.py:545} INFO - Filling up the DagBag from /home/airflow/.local/lib/python3.12/site-packages/airflow/example_dags/example_time_delta_sensor_async.py
[2025-07-22T09:05:16.238+0000] {processor.py:840} INFO - DAG(s) 'example_time_delta_sensor_async' retrieved from /home/airflow/.local/lib/python3.12/site-packages/airflow/example_dags/example_time_delta_sensor_async.py
[2025-07-22T09:05:16.269+0000] {logging_mixin.py:188} INFO - [2025-07-22T09:05:16.269+0000] {dag.py:3096} INFO - Sync 1 DAGs
[2025-07-22T09:05:16.297+0000] {logging_mixin.py:188} INFO - [2025-07-22T09:05:16.297+0000] {dag.py:3954} INFO - Setting next_dagrun for example_time_delta_sensor_async to None, run_after=None
[2025-07-22T09:05:16.332+0000] {processor.py:183} INFO - Processing /home/airflow/.local/lib/python3.12/site-packages/airflow/example_dags/example_time_delta_sensor_async.py took 0.121 seconds
[2025-07-22T09:05:46.434+0000] {processor.py:161} INFO - Started process (PID=1674) to work on /home/airflow/.local/lib/python3.12/site-packages/airflow/example_dags/example_time_delta_sensor_async.py
[2025-07-22T09:05:46.435+0000] {processor.py:830} INFO - Processing file /home/airflow/.local/lib/python3.12/site-packages/airflow/example_dags/example_time_delta_sensor_async.py for tasks to queue
[2025-07-22T09:05:46.438+0000] {logging_mixin.py:188} INFO - [2025-07-22T09:05:46.437+0000] {dagbag.py:545} INFO - Filling up the DagBag from /home/airflow/.local/lib/python3.12/site-packages/airflow/example_dags/example_time_delta_sensor_async.py
[2025-07-22T09:05:46.444+0000] {processor.py:840} INFO - DAG(s) 'example_time_delta_sensor_async' retrieved from /home/airflow/.local/lib/python3.12/site-packages/airflow/example_dags/example_time_delta_sensor_async.py
[2025-07-22T09:05:46.470+0000] {logging_mixin.py:188} INFO - [2025-07-22T09:05:46.470+0000] {dag.py:3096} INFO - Sync 1 DAGs
[2025-07-22T09:05:46.484+0000] {logging_mixin.py:188} INFO - [2025-07-22T09:05:46.483+0000] {dag.py:3954} INFO - Setting next_dagrun for example_time_delta_sensor_async to None, run_after=None
[2025-07-22T09:05:46.505+0000] {processor.py:183} INFO - Processing /home/airflow/.local/lib/python3.12/site-packages/airflow/example_dags/example_time_delta_sensor_async.py took 0.079 seconds
[2025-07-22T09:06:16.680+0000] {processor.py:161} INFO - Started process (PID=1734) to work on /home/airflow/.local/lib/python3.12/site-packages/airflow/example_dags/example_time_delta_sensor_async.py
[2025-07-22T09:06:16.682+0000] {processor.py:830} INFO - Processing file /home/airflow/.local/lib/python3.12/site-packages/airflow/example_dags/example_time_delta_sensor_async.py for tasks to queue
[2025-07-22T09:06:16.684+0000] {logging_mixin.py:188} INFO - [2025-07-22T09:06:16.683+0000] {dagbag.py:545} INFO - Filling up the DagBag from /home/airflow/.local/lib/python3.12/site-packages/airflow/example_dags/example_time_delta_sensor_async.py
[2025-07-22T09:06:16.689+0000] {processor.py:840} INFO - DAG(s) 'example_time_delta_sensor_async' retrieved from /home/airflow/.local/lib/python3.12/site-packages/airflow/example_dags/example_time_delta_sensor_async.py
[2025-07-22T09:06:16.708+0000] {logging_mixin.py:188} INFO - [2025-07-22T09:06:16.708+0000] {dag.py:3096} INFO - Sync 1 DAGs
[2025-07-22T09:06:16.722+0000] {logging_mixin.py:188} INFO - [2025-07-22T09:06:16.722+0000] {dag.py:3954} INFO - Setting next_dagrun for example_time_delta_sensor_async to None, run_after=None
[2025-07-22T09:06:16.742+0000] {processor.py:183} INFO - Processing /home/airflow/.local/lib/python3.12/site-packages/airflow/example_dags/example_time_delta_sensor_async.py took 0.068 seconds
[2025-07-22T09:06:47.123+0000] {processor.py:161} INFO - Started process (PID=1794) to work on /home/airflow/.local/lib/python3.12/site-packages/airflow/example_dags/example_time_delta_sensor_async.py
[2025-07-22T09:06:47.125+0000] {processor.py:830} INFO - Processing file /home/airflow/.local/lib/python3.12/site-packages/airflow/example_dags/example_time_delta_sensor_async.py for tasks to queue
[2025-07-22T09:06:47.127+0000] {logging_mixin.py:188} INFO - [2025-07-22T09:06:47.126+0000] {dagbag.py:545} INFO - Filling up the DagBag from /home/airflow/.local/lib/python3.12/site-packages/airflow/example_dags/example_time_delta_sensor_async.py
[2025-07-22T09:06:47.131+0000] {processor.py:840} INFO - DAG(s) 'example_time_delta_sensor_async' retrieved from /home/airflow/.local/lib/python3.12/site-packages/airflow/example_dags/example_time_delta_sensor_async.py
[2025-07-22T09:06:47.152+0000] {logging_mixin.py:188} INFO - [2025-07-22T09:06:47.152+0000] {dag.py:3096} INFO - Sync 1 DAGs
[2025-07-22T09:06:47.165+0000] {logging_mixin.py:188} INFO - [2025-07-22T09:06:47.165+0000] {dag.py:3954} INFO - Setting next_dagrun for example_time_delta_sensor_async to None, run_after=None
[2025-07-22T09:06:47.187+0000] {processor.py:183} INFO - Processing /home/airflow/.local/lib/python3.12/site-packages/airflow/example_dags/example_time_delta_sensor_async.py took 0.070 seconds
[2025-07-22T09:07:17.702+0000] {processor.py:161} INFO - Started process (PID=1854) to work on /home/airflow/.local/lib/python3.12/site-packages/airflow/example_dags/example_time_delta_sensor_async.py
[2025-07-22T09:07:17.704+0000] {processor.py:830} INFO - Processing file /home/airflow/.local/lib/python3.12/site-packages/airflow/example_dags/example_time_delta_sensor_async.py for tasks to queue
[2025-07-22T09:07:17.706+0000] {logging_mixin.py:188} INFO - [2025-07-22T09:07:17.706+0000] {dagbag.py:545} INFO - Filling up the DagBag from /home/airflow/.local/lib/python3.12/site-packages/airflow/example_dags/example_time_delta_sensor_async.py
[2025-07-22T09:07:17.712+0000] {processor.py:840} INFO - DAG(s) 'example_time_delta_sensor_async' retrieved from /home/airflow/.local/lib/python3.12/site-packages/airflow/example_dags/example_time_delta_sensor_async.py
[2025-07-22T09:07:17.734+0000] {logging_mixin.py:188} INFO - [2025-07-22T09:07:17.734+0000] {dag.py:3096} INFO - Sync 1 DAGs
[2025-07-22T09:07:17.748+0000] {logging_mixin.py:188} INFO - [2025-07-22T09:07:17.748+0000] {dag.py:3954} INFO - Setting next_dagrun for example_time_delta_sensor_async to None, run_after=None
[2025-07-22T09:07:17.771+0000] {processor.py:183} INFO - Processing /home/airflow/.local/lib/python3.12/site-packages/airflow/example_dags/example_time_delta_sensor_async.py took 0.077 seconds
[2025-07-22T09:07:48.170+0000] {processor.py:161} INFO - Started process (PID=1914) to work on /home/airflow/.local/lib/python3.12/site-packages/airflow/example_dags/example_time_delta_sensor_async.py
[2025-07-22T09:07:48.171+0000] {processor.py:830} INFO - Processing file /home/airflow/.local/lib/python3.12/site-packages/airflow/example_dags/example_time_delta_sensor_async.py for tasks to queue
[2025-07-22T09:07:48.173+0000] {logging_mixin.py:188} INFO - [2025-07-22T09:07:48.173+0000] {dagbag.py:545} INFO - Filling up the DagBag from /home/airflow/.local/lib/python3.12/site-packages/airflow/example_dags/example_time_delta_sensor_async.py
[2025-07-22T09:07:48.178+0000] {processor.py:840} INFO - DAG(s) 'example_time_delta_sensor_async' retrieved from /home/airflow/.local/lib/python3.12/site-packages/airflow/example_dags/example_time_delta_sensor_async.py
[2025-07-22T09:07:48.205+0000] {logging_mixin.py:188} INFO - [2025-07-22T09:07:48.205+0000] {dag.py:3096} INFO - Sync 1 DAGs
[2025-07-22T09:07:48.219+0000] {logging_mixin.py:188} INFO - [2025-07-22T09:07:48.219+0000] {dag.py:3954} INFO - Setting next_dagrun for example_time_delta_sensor_async to None, run_after=None
[2025-07-22T09:07:48.241+0000] {processor.py:183} INFO - Processing /home/airflow/.local/lib/python3.12/site-packages/airflow/example_dags/example_time_delta_sensor_async.py took 0.077 seconds
[2025-07-22T09:08:18.675+0000] {processor.py:161} INFO - Started process (PID=1974) to work on /home/airflow/.local/lib/python3.12/site-packages/airflow/example_dags/example_time_delta_sensor_async.py
[2025-07-22T09:08:18.676+0000] {processor.py:830} INFO - Processing file /home/airflow/.local/lib/python3.12/site-packages/airflow/example_dags/example_time_delta_sensor_async.py for tasks to queue
[2025-07-22T09:08:18.680+0000] {logging_mixin.py:188} INFO - [2025-07-22T09:08:18.679+0000] {dagbag.py:545} INFO - Filling up the DagBag from /home/airflow/.local/lib/python3.12/site-packages/airflow/example_dags/example_time_delta_sensor_async.py
[2025-07-22T09:08:18.687+0000] {processor.py:840} INFO - DAG(s) 'example_time_delta_sensor_async' retrieved from /home/airflow/.local/lib/python3.12/site-packages/airflow/example_dags/example_time_delta_sensor_async.py
[2025-07-22T09:08:18.731+0000] {logging_mixin.py:188} INFO - [2025-07-22T09:08:18.730+0000] {dag.py:3096} INFO - Sync 1 DAGs
[2025-07-22T09:08:18.756+0000] {logging_mixin.py:188} INFO - [2025-07-22T09:08:18.756+0000] {dag.py:3954} INFO - Setting next_dagrun for example_time_delta_sensor_async to None, run_after=None
[2025-07-22T09:08:18.794+0000] {processor.py:183} INFO - Processing /home/airflow/.local/lib/python3.12/site-packages/airflow/example_dags/example_time_delta_sensor_async.py took 0.130 seconds
[2025-07-22T09:08:49.655+0000] {processor.py:161} INFO - Started process (PID=2034) to work on /home/airflow/.local/lib/python3.12/site-packages/airflow/example_dags/example_time_delta_sensor_async.py
[2025-07-22T09:08:49.656+0000] {processor.py:830} INFO - Processing file /home/airflow/.local/lib/python3.12/site-packages/airflow/example_dags/example_time_delta_sensor_async.py for tasks to queue
[2025-07-22T09:08:49.658+0000] {logging_mixin.py:188} INFO - [2025-07-22T09:08:49.658+0000] {dagbag.py:545} INFO - Filling up the DagBag from /home/airflow/.local/lib/python3.12/site-packages/airflow/example_dags/example_time_delta_sensor_async.py
[2025-07-22T09:08:49.663+0000] {processor.py:840} INFO - DAG(s) 'example_time_delta_sensor_async' retrieved from /home/airflow/.local/lib/python3.12/site-packages/airflow/example_dags/example_time_delta_sensor_async.py
[2025-07-22T09:08:49.684+0000] {logging_mixin.py:188} INFO - [2025-07-22T09:08:49.684+0000] {dag.py:3096} INFO - Sync 1 DAGs
[2025-07-22T09:08:49.698+0000] {logging_mixin.py:188} INFO - [2025-07-22T09:08:49.697+0000] {dag.py:3954} INFO - Setting next_dagrun for example_time_delta_sensor_async to None, run_after=None
[2025-07-22T09:08:49.718+0000] {processor.py:183} INFO - Processing /home/airflow/.local/lib/python3.12/site-packages/airflow/example_dags/example_time_delta_sensor_async.py took 0.070 seconds
[2025-07-22T09:09:20.206+0000] {processor.py:161} INFO - Started process (PID=2094) to work on /home/airflow/.local/lib/python3.12/site-packages/airflow/example_dags/example_time_delta_sensor_async.py
[2025-07-22T09:09:20.207+0000] {processor.py:830} INFO - Processing file /home/airflow/.local/lib/python3.12/site-packages/airflow/example_dags/example_time_delta_sensor_async.py for tasks to queue
[2025-07-22T09:09:20.210+0000] {logging_mixin.py:188} INFO - [2025-07-22T09:09:20.210+0000] {dagbag.py:545} INFO - Filling up the DagBag from /home/airflow/.local/lib/python3.12/site-packages/airflow/example_dags/example_time_delta_sensor_async.py
[2025-07-22T09:09:20.215+0000] {processor.py:840} INFO - DAG(s) 'example_time_delta_sensor_async' retrieved from /home/airflow/.local/lib/python3.12/site-packages/airflow/example_dags/example_time_delta_sensor_async.py
[2025-07-22T09:09:20.237+0000] {logging_mixin.py:188} INFO - [2025-07-22T09:09:20.237+0000] {dag.py:3096} INFO - Sync 1 DAGs
[2025-07-22T09:09:20.253+0000] {logging_mixin.py:188} INFO - [2025-07-22T09:09:20.252+0000] {dag.py:3954} INFO - Setting next_dagrun for example_time_delta_sensor_async to None, run_after=None
[2025-07-22T09:09:20.276+0000] {processor.py:183} INFO - Processing /home/airflow/.local/lib/python3.12/site-packages/airflow/example_dags/example_time_delta_sensor_async.py took 0.078 seconds
[2025-07-22T09:09:50.462+0000] {processor.py:161} INFO - Started process (PID=2154) to work on /home/airflow/.local/lib/python3.12/site-packages/airflow/example_dags/example_time_delta_sensor_async.py
[2025-07-22T09:09:50.463+0000] {processor.py:830} INFO - Processing file /home/airflow/.local/lib/python3.12/site-packages/airflow/example_dags/example_time_delta_sensor_async.py for tasks to queue
[2025-07-22T09:09:50.465+0000] {logging_mixin.py:188} INFO - [2025-07-22T09:09:50.465+0000] {dagbag.py:545} INFO - Filling up the DagBag from /home/airflow/.local/lib/python3.12/site-packages/airflow/example_dags/example_time_delta_sensor_async.py
[2025-07-22T09:09:50.471+0000] {processor.py:840} INFO - DAG(s) 'example_time_delta_sensor_async' retrieved from /home/airflow/.local/lib/python3.12/site-packages/airflow/example_dags/example_time_delta_sensor_async.py
[2025-07-22T09:09:50.495+0000] {logging_mixin.py:188} INFO - [2025-07-22T09:09:50.495+0000] {dag.py:3096} INFO - Sync 1 DAGs
[2025-07-22T09:09:50.511+0000] {logging_mixin.py:188} INFO - [2025-07-22T09:09:50.511+0000] {dag.py:3954} INFO - Setting next_dagrun for example_time_delta_sensor_async to None, run_after=None
[2025-07-22T09:09:50.536+0000] {processor.py:183} INFO - Processing /home/airflow/.local/lib/python3.12/site-packages/airflow/example_dags/example_time_delta_sensor_async.py took 0.081 seconds
[2025-07-22T09:10:20.733+0000] {processor.py:161} INFO - Started process (PID=2214) to work on /home/airflow/.local/lib/python3.12/site-packages/airflow/example_dags/example_time_delta_sensor_async.py
[2025-07-22T09:10:20.734+0000] {processor.py:830} INFO - Processing file /home/airflow/.local/lib/python3.12/site-packages/airflow/example_dags/example_time_delta_sensor_async.py for tasks to queue
[2025-07-22T09:10:20.736+0000] {logging_mixin.py:188} INFO - [2025-07-22T09:10:20.736+0000] {dagbag.py:545} INFO - Filling up the DagBag from /home/airflow/.local/lib/python3.12/site-packages/airflow/example_dags/example_time_delta_sensor_async.py
[2025-07-22T09:10:20.741+0000] {processor.py:840} INFO - DAG(s) 'example_time_delta_sensor_async' retrieved from /home/airflow/.local/lib/python3.12/site-packages/airflow/example_dags/example_time_delta_sensor_async.py
[2025-07-22T09:10:20.762+0000] {logging_mixin.py:188} INFO - [2025-07-22T09:10:20.761+0000] {dag.py:3096} INFO - Sync 1 DAGs
[2025-07-22T09:10:20.776+0000] {logging_mixin.py:188} INFO - [2025-07-22T09:10:20.775+0000] {dag.py:3954} INFO - Setting next_dagrun for example_time_delta_sensor_async to None, run_after=None
[2025-07-22T09:10:20.798+0000] {processor.py:183} INFO - Processing /home/airflow/.local/lib/python3.12/site-packages/airflow/example_dags/example_time_delta_sensor_async.py took 0.073 seconds
[2025-07-22T09:10:51.543+0000] {processor.py:161} INFO - Started process (PID=2274) to work on /home/airflow/.local/lib/python3.12/site-packages/airflow/example_dags/example_time_delta_sensor_async.py
[2025-07-22T09:10:51.544+0000] {processor.py:830} INFO - Processing file /home/airflow/.local/lib/python3.12/site-packages/airflow/example_dags/example_time_delta_sensor_async.py for tasks to queue
[2025-07-22T09:10:51.547+0000] {logging_mixin.py:188} INFO - [2025-07-22T09:10:51.546+0000] {dagbag.py:545} INFO - Filling up the DagBag from /home/airflow/.local/lib/python3.12/site-packages/airflow/example_dags/example_time_delta_sensor_async.py
[2025-07-22T09:10:51.553+0000] {processor.py:840} INFO - DAG(s) 'example_time_delta_sensor_async' retrieved from /home/airflow/.local/lib/python3.12/site-packages/airflow/example_dags/example_time_delta_sensor_async.py
[2025-07-22T09:10:51.585+0000] {logging_mixin.py:188} INFO - [2025-07-22T09:10:51.585+0000] {dag.py:3096} INFO - Sync 1 DAGs
[2025-07-22T09:10:51.607+0000] {logging_mixin.py:188} INFO - [2025-07-22T09:10:51.607+0000] {dag.py:3954} INFO - Setting next_dagrun for example_time_delta_sensor_async to None, run_after=None
[2025-07-22T09:10:51.635+0000] {processor.py:183} INFO - Processing /home/airflow/.local/lib/python3.12/site-packages/airflow/example_dags/example_time_delta_sensor_async.py took 0.101 seconds
[2025-07-22T09:11:21.817+0000] {processor.py:161} INFO - Started process (PID=2334) to work on /home/airflow/.local/lib/python3.12/site-packages/airflow/example_dags/example_time_delta_sensor_async.py
[2025-07-22T09:11:21.818+0000] {processor.py:830} INFO - Processing file /home/airflow/.local/lib/python3.12/site-packages/airflow/example_dags/example_time_delta_sensor_async.py for tasks to queue
[2025-07-22T09:11:21.821+0000] {logging_mixin.py:188} INFO - [2025-07-22T09:11:21.821+0000] {dagbag.py:545} INFO - Filling up the DagBag from /home/airflow/.local/lib/python3.12/site-packages/airflow/example_dags/example_time_delta_sensor_async.py
[2025-07-22T09:11:21.826+0000] {processor.py:840} INFO - DAG(s) 'example_time_delta_sensor_async' retrieved from /home/airflow/.local/lib/python3.12/site-packages/airflow/example_dags/example_time_delta_sensor_async.py
[2025-07-22T09:11:21.850+0000] {logging_mixin.py:188} INFO - [2025-07-22T09:11:21.850+0000] {dag.py:3096} INFO - Sync 1 DAGs
[2025-07-22T09:11:21.866+0000] {logging_mixin.py:188} INFO - [2025-07-22T09:11:21.865+0000] {dag.py:3954} INFO - Setting next_dagrun for example_time_delta_sensor_async to None, run_after=None
[2025-07-22T09:11:21.891+0000] {processor.py:183} INFO - Processing /home/airflow/.local/lib/python3.12/site-packages/airflow/example_dags/example_time_delta_sensor_async.py took 0.081 seconds
[2025-07-22T09:11:51.970+0000] {processor.py:161} INFO - Started process (PID=2392) to work on /home/airflow/.local/lib/python3.12/site-packages/airflow/example_dags/example_time_delta_sensor_async.py
[2025-07-22T09:11:51.971+0000] {processor.py:830} INFO - Processing file /home/airflow/.local/lib/python3.12/site-packages/airflow/example_dags/example_time_delta_sensor_async.py for tasks to queue
[2025-07-22T09:11:51.973+0000] {logging_mixin.py:188} INFO - [2025-07-22T09:11:51.973+0000] {dagbag.py:545} INFO - Filling up the DagBag from /home/airflow/.local/lib/python3.12/site-packages/airflow/example_dags/example_time_delta_sensor_async.py
[2025-07-22T09:11:51.978+0000] {processor.py:840} INFO - DAG(s) 'example_time_delta_sensor_async' retrieved from /home/airflow/.local/lib/python3.12/site-packages/airflow/example_dags/example_time_delta_sensor_async.py
[2025-07-22T09:11:51.999+0000] {logging_mixin.py:188} INFO - [2025-07-22T09:11:51.999+0000] {dag.py:3096} INFO - Sync 1 DAGs
[2025-07-22T09:11:52.013+0000] {logging_mixin.py:188} INFO - [2025-07-22T09:11:52.013+0000] {dag.py:3954} INFO - Setting next_dagrun for example_time_delta_sensor_async to None, run_after=None
[2025-07-22T09:11:52.034+0000] {processor.py:183} INFO - Processing /home/airflow/.local/lib/python3.12/site-packages/airflow/example_dags/example_time_delta_sensor_async.py took 0.071 seconds
[2025-07-22T09:12:22.494+0000] {processor.py:161} INFO - Started process (PID=2452) to work on /home/airflow/.local/lib/python3.12/site-packages/airflow/example_dags/example_time_delta_sensor_async.py
[2025-07-22T09:12:22.496+0000] {processor.py:830} INFO - Processing file /home/airflow/.local/lib/python3.12/site-packages/airflow/example_dags/example_time_delta_sensor_async.py for tasks to queue
[2025-07-22T09:12:22.498+0000] {logging_mixin.py:188} INFO - [2025-07-22T09:12:22.498+0000] {dagbag.py:545} INFO - Filling up the DagBag from /home/airflow/.local/lib/python3.12/site-packages/airflow/example_dags/example_time_delta_sensor_async.py
[2025-07-22T09:12:22.503+0000] {processor.py:840} INFO - DAG(s) 'example_time_delta_sensor_async' retrieved from /home/airflow/.local/lib/python3.12/site-packages/airflow/example_dags/example_time_delta_sensor_async.py
[2025-07-22T09:12:22.526+0000] {logging_mixin.py:188} INFO - [2025-07-22T09:12:22.526+0000] {dag.py:3096} INFO - Sync 1 DAGs
[2025-07-22T09:12:22.542+0000] {logging_mixin.py:188} INFO - [2025-07-22T09:12:22.541+0000] {dag.py:3954} INFO - Setting next_dagrun for example_time_delta_sensor_async to None, run_after=None
[2025-07-22T09:12:22.565+0000] {processor.py:183} INFO - Processing /home/airflow/.local/lib/python3.12/site-packages/airflow/example_dags/example_time_delta_sensor_async.py took 0.077 seconds
[2025-07-22T09:12:52.665+0000] {processor.py:161} INFO - Started process (PID=2512) to work on /home/airflow/.local/lib/python3.12/site-packages/airflow/example_dags/example_time_delta_sensor_async.py
[2025-07-22T09:12:52.666+0000] {processor.py:830} INFO - Processing file /home/airflow/.local/lib/python3.12/site-packages/airflow/example_dags/example_time_delta_sensor_async.py for tasks to queue
[2025-07-22T09:12:52.669+0000] {logging_mixin.py:188} INFO - [2025-07-22T09:12:52.669+0000] {dagbag.py:545} INFO - Filling up the DagBag from /home/airflow/.local/lib/python3.12/site-packages/airflow/example_dags/example_time_delta_sensor_async.py
[2025-07-22T09:12:52.675+0000] {processor.py:840} INFO - DAG(s) 'example_time_delta_sensor_async' retrieved from /home/airflow/.local/lib/python3.12/site-packages/airflow/example_dags/example_time_delta_sensor_async.py
[2025-07-22T09:12:52.702+0000] {logging_mixin.py:188} INFO - [2025-07-22T09:12:52.702+0000] {dag.py:3096} INFO - Sync 1 DAGs
[2025-07-22T09:12:52.719+0000] {logging_mixin.py:188} INFO - [2025-07-22T09:12:52.719+0000] {dag.py:3954} INFO - Setting next_dagrun for example_time_delta_sensor_async to None, run_after=None
[2025-07-22T09:12:52.741+0000] {processor.py:183} INFO - Processing /home/airflow/.local/lib/python3.12/site-packages/airflow/example_dags/example_time_delta_sensor_async.py took 0.088 seconds
[2025-07-22T09:13:23.173+0000] {processor.py:161} INFO - Started process (PID=2572) to work on /home/airflow/.local/lib/python3.12/site-packages/airflow/example_dags/example_time_delta_sensor_async.py
[2025-07-22T09:13:23.175+0000] {processor.py:830} INFO - Processing file /home/airflow/.local/lib/python3.12/site-packages/airflow/example_dags/example_time_delta_sensor_async.py for tasks to queue
[2025-07-22T09:13:23.177+0000] {logging_mixin.py:188} INFO - [2025-07-22T09:13:23.177+0000] {dagbag.py:545} INFO - Filling up the DagBag from /home/airflow/.local/lib/python3.12/site-packages/airflow/example_dags/example_time_delta_sensor_async.py
[2025-07-22T09:13:23.182+0000] {processor.py:840} INFO - DAG(s) 'example_time_delta_sensor_async' retrieved from /home/airflow/.local/lib/python3.12/site-packages/airflow/example_dags/example_time_delta_sensor_async.py
[2025-07-22T09:13:23.203+0000] {logging_mixin.py:188} INFO - [2025-07-22T09:13:23.203+0000] {dag.py:3096} INFO - Sync 1 DAGs
[2025-07-22T09:13:23.218+0000] {logging_mixin.py:188} INFO - [2025-07-22T09:13:23.217+0000] {dag.py:3954} INFO - Setting next_dagrun for example_time_delta_sensor_async to None, run_after=None
[2025-07-22T09:13:23.240+0000] {processor.py:183} INFO - Processing /home/airflow/.local/lib/python3.12/site-packages/airflow/example_dags/example_time_delta_sensor_async.py took 0.074 seconds
[2025-07-22T09:13:53.395+0000] {processor.py:161} INFO - Started process (PID=2632) to work on /home/airflow/.local/lib/python3.12/site-packages/airflow/example_dags/example_time_delta_sensor_async.py
[2025-07-22T09:13:53.396+0000] {processor.py:830} INFO - Processing file /home/airflow/.local/lib/python3.12/site-packages/airflow/example_dags/example_time_delta_sensor_async.py for tasks to queue
[2025-07-22T09:13:53.398+0000] {logging_mixin.py:188} INFO - [2025-07-22T09:13:53.398+0000] {dagbag.py:545} INFO - Filling up the DagBag from /home/airflow/.local/lib/python3.12/site-packages/airflow/example_dags/example_time_delta_sensor_async.py
[2025-07-22T09:13:53.403+0000] {processor.py:840} INFO - DAG(s) 'example_time_delta_sensor_async' retrieved from /home/airflow/.local/lib/python3.12/site-packages/airflow/example_dags/example_time_delta_sensor_async.py
[2025-07-22T09:13:53.424+0000] {logging_mixin.py:188} INFO - [2025-07-22T09:13:53.424+0000] {dag.py:3096} INFO - Sync 1 DAGs
[2025-07-22T09:13:53.439+0000] {logging_mixin.py:188} INFO - [2025-07-22T09:13:53.439+0000] {dag.py:3954} INFO - Setting next_dagrun for example_time_delta_sensor_async to None, run_after=None
[2025-07-22T09:13:53.461+0000] {processor.py:183} INFO - Processing /home/airflow/.local/lib/python3.12/site-packages/airflow/example_dags/example_time_delta_sensor_async.py took 0.073 seconds
[2025-07-22T09:14:23.672+0000] {processor.py:161} INFO - Started process (PID=2693) to work on /home/airflow/.local/lib/python3.12/site-packages/airflow/example_dags/example_time_delta_sensor_async.py
[2025-07-22T09:14:23.673+0000] {processor.py:830} INFO - Processing file /home/airflow/.local/lib/python3.12/site-packages/airflow/example_dags/example_time_delta_sensor_async.py for tasks to queue
[2025-07-22T09:14:23.676+0000] {logging_mixin.py:188} INFO - [2025-07-22T09:14:23.675+0000] {dagbag.py:545} INFO - Filling up the DagBag from /home/airflow/.local/lib/python3.12/site-packages/airflow/example_dags/example_time_delta_sensor_async.py
[2025-07-22T09:14:23.681+0000] {processor.py:840} INFO - DAG(s) 'example_time_delta_sensor_async' retrieved from /home/airflow/.local/lib/python3.12/site-packages/airflow/example_dags/example_time_delta_sensor_async.py
[2025-07-22T09:14:23.703+0000] {logging_mixin.py:188} INFO - [2025-07-22T09:14:23.703+0000] {dag.py:3096} INFO - Sync 1 DAGs
[2025-07-22T09:14:23.717+0000] {logging_mixin.py:188} INFO - [2025-07-22T09:14:23.717+0000] {dag.py:3954} INFO - Setting next_dagrun for example_time_delta_sensor_async to None, run_after=None
[2025-07-22T09:14:23.739+0000] {processor.py:183} INFO - Processing /home/airflow/.local/lib/python3.12/site-packages/airflow/example_dags/example_time_delta_sensor_async.py took 0.073 seconds
[2025-07-22T09:14:53.890+0000] {processor.py:161} INFO - Started process (PID=2753) to work on /home/airflow/.local/lib/python3.12/site-packages/airflow/example_dags/example_time_delta_sensor_async.py
[2025-07-22T09:14:53.892+0000] {processor.py:830} INFO - Processing file /home/airflow/.local/lib/python3.12/site-packages/airflow/example_dags/example_time_delta_sensor_async.py for tasks to queue
[2025-07-22T09:14:53.894+0000] {logging_mixin.py:188} INFO - [2025-07-22T09:14:53.893+0000] {dagbag.py:545} INFO - Filling up the DagBag from /home/airflow/.local/lib/python3.12/site-packages/airflow/example_dags/example_time_delta_sensor_async.py
[2025-07-22T09:14:53.898+0000] {processor.py:840} INFO - DAG(s) 'example_time_delta_sensor_async' retrieved from /home/airflow/.local/lib/python3.12/site-packages/airflow/example_dags/example_time_delta_sensor_async.py
[2025-07-22T09:14:53.919+0000] {logging_mixin.py:188} INFO - [2025-07-22T09:14:53.919+0000] {dag.py:3096} INFO - Sync 1 DAGs
[2025-07-22T09:14:53.933+0000] {logging_mixin.py:188} INFO - [2025-07-22T09:14:53.933+0000] {dag.py:3954} INFO - Setting next_dagrun for example_time_delta_sensor_async to None, run_after=None
[2025-07-22T09:14:53.955+0000] {processor.py:183} INFO - Processing /home/airflow/.local/lib/python3.12/site-packages/airflow/example_dags/example_time_delta_sensor_async.py took 0.072 seconds
[2025-07-22T09:15:24.089+0000] {processor.py:161} INFO - Started process (PID=2813) to work on /home/airflow/.local/lib/python3.12/site-packages/airflow/example_dags/example_time_delta_sensor_async.py
[2025-07-22T09:15:24.091+0000] {processor.py:830} INFO - Processing file /home/airflow/.local/lib/python3.12/site-packages/airflow/example_dags/example_time_delta_sensor_async.py for tasks to queue
[2025-07-22T09:15:24.094+0000] {logging_mixin.py:188} INFO - [2025-07-22T09:15:24.094+0000] {dagbag.py:545} INFO - Filling up the DagBag from /home/airflow/.local/lib/python3.12/site-packages/airflow/example_dags/example_time_delta_sensor_async.py
[2025-07-22T09:15:24.100+0000] {processor.py:840} INFO - DAG(s) 'example_time_delta_sensor_async' retrieved from /home/airflow/.local/lib/python3.12/site-packages/airflow/example_dags/example_time_delta_sensor_async.py
[2025-07-22T09:15:24.127+0000] {logging_mixin.py:188} INFO - [2025-07-22T09:15:24.127+0000] {dag.py:3096} INFO - Sync 1 DAGs
[2025-07-22T09:15:24.156+0000] {logging_mixin.py:188} INFO - [2025-07-22T09:15:24.155+0000] {dag.py:3954} INFO - Setting next_dagrun for example_time_delta_sensor_async to None, run_after=None
[2025-07-22T09:15:24.197+0000] {processor.py:183} INFO - Processing /home/airflow/.local/lib/python3.12/site-packages/airflow/example_dags/example_time_delta_sensor_async.py took 0.116 seconds
[2025-07-22T09:15:54.285+0000] {processor.py:161} INFO - Started process (PID=2873) to work on /home/airflow/.local/lib/python3.12/site-packages/airflow/example_dags/example_time_delta_sensor_async.py
[2025-07-22T09:15:54.287+0000] {processor.py:830} INFO - Processing file /home/airflow/.local/lib/python3.12/site-packages/airflow/example_dags/example_time_delta_sensor_async.py for tasks to queue
[2025-07-22T09:15:54.291+0000] {logging_mixin.py:188} INFO - [2025-07-22T09:15:54.290+0000] {dagbag.py:545} INFO - Filling up the DagBag from /home/airflow/.local/lib/python3.12/site-packages/airflow/example_dags/example_time_delta_sensor_async.py
[2025-07-22T09:15:54.298+0000] {processor.py:840} INFO - DAG(s) 'example_time_delta_sensor_async' retrieved from /home/airflow/.local/lib/python3.12/site-packages/airflow/example_dags/example_time_delta_sensor_async.py
[2025-07-22T09:15:54.335+0000] {logging_mixin.py:188} INFO - [2025-07-22T09:15:54.334+0000] {dag.py:3096} INFO - Sync 1 DAGs
[2025-07-22T09:15:54.352+0000] {logging_mixin.py:188} INFO - [2025-07-22T09:15:54.352+0000] {dag.py:3954} INFO - Setting next_dagrun for example_time_delta_sensor_async to None, run_after=None
[2025-07-22T09:15:54.376+0000] {processor.py:183} INFO - Processing /home/airflow/.local/lib/python3.12/site-packages/airflow/example_dags/example_time_delta_sensor_async.py took 0.102 seconds
[2025-07-22T09:16:24.613+0000] {processor.py:161} INFO - Started process (PID=2933) to work on /home/airflow/.local/lib/python3.12/site-packages/airflow/example_dags/example_time_delta_sensor_async.py
[2025-07-22T09:16:24.614+0000] {processor.py:830} INFO - Processing file /home/airflow/.local/lib/python3.12/site-packages/airflow/example_dags/example_time_delta_sensor_async.py for tasks to queue
[2025-07-22T09:16:24.616+0000] {logging_mixin.py:188} INFO - [2025-07-22T09:16:24.616+0000] {dagbag.py:545} INFO - Filling up the DagBag from /home/airflow/.local/lib/python3.12/site-packages/airflow/example_dags/example_time_delta_sensor_async.py
[2025-07-22T09:16:24.621+0000] {processor.py:840} INFO - DAG(s) 'example_time_delta_sensor_async' retrieved from /home/airflow/.local/lib/python3.12/site-packages/airflow/example_dags/example_time_delta_sensor_async.py
[2025-07-22T09:16:24.642+0000] {logging_mixin.py:188} INFO - [2025-07-22T09:16:24.642+0000] {dag.py:3096} INFO - Sync 1 DAGs
[2025-07-22T09:16:24.656+0000] {logging_mixin.py:188} INFO - [2025-07-22T09:16:24.656+0000] {dag.py:3954} INFO - Setting next_dagrun for example_time_delta_sensor_async to None, run_after=None
[2025-07-22T09:16:24.678+0000] {processor.py:183} INFO - Processing /home/airflow/.local/lib/python3.12/site-packages/airflow/example_dags/example_time_delta_sensor_async.py took 0.073 seconds
[2025-07-22T09:16:54.790+0000] {processor.py:161} INFO - Started process (PID=2993) to work on /home/airflow/.local/lib/python3.12/site-packages/airflow/example_dags/example_time_delta_sensor_async.py
[2025-07-22T09:16:54.791+0000] {processor.py:830} INFO - Processing file /home/airflow/.local/lib/python3.12/site-packages/airflow/example_dags/example_time_delta_sensor_async.py for tasks to queue
[2025-07-22T09:16:54.795+0000] {logging_mixin.py:188} INFO - [2025-07-22T09:16:54.794+0000] {dagbag.py:545} INFO - Filling up the DagBag from /home/airflow/.local/lib/python3.12/site-packages/airflow/example_dags/example_time_delta_sensor_async.py
[2025-07-22T09:16:54.801+0000] {processor.py:840} INFO - DAG(s) 'example_time_delta_sensor_async' retrieved from /home/airflow/.local/lib/python3.12/site-packages/airflow/example_dags/example_time_delta_sensor_async.py
[2025-07-22T09:16:54.824+0000] {logging_mixin.py:188} INFO - [2025-07-22T09:16:54.824+0000] {dag.py:3096} INFO - Sync 1 DAGs
[2025-07-22T09:16:54.841+0000] {logging_mixin.py:188} INFO - [2025-07-22T09:16:54.840+0000] {dag.py:3954} INFO - Setting next_dagrun for example_time_delta_sensor_async to None, run_after=None
[2025-07-22T09:16:54.868+0000] {processor.py:183} INFO - Processing /home/airflow/.local/lib/python3.12/site-packages/airflow/example_dags/example_time_delta_sensor_async.py took 0.086 seconds
[2025-07-22T09:17:25.512+0000] {processor.py:161} INFO - Started process (PID=3053) to work on /home/airflow/.local/lib/python3.12/site-packages/airflow/example_dags/example_time_delta_sensor_async.py
[2025-07-22T09:17:25.513+0000] {processor.py:830} INFO - Processing file /home/airflow/.local/lib/python3.12/site-packages/airflow/example_dags/example_time_delta_sensor_async.py for tasks to queue
[2025-07-22T09:17:25.515+0000] {logging_mixin.py:188} INFO - [2025-07-22T09:17:25.515+0000] {dagbag.py:545} INFO - Filling up the DagBag from /home/airflow/.local/lib/python3.12/site-packages/airflow/example_dags/example_time_delta_sensor_async.py
[2025-07-22T09:17:25.520+0000] {processor.py:840} INFO - DAG(s) 'example_time_delta_sensor_async' retrieved from /home/airflow/.local/lib/python3.12/site-packages/airflow/example_dags/example_time_delta_sensor_async.py
[2025-07-22T09:17:25.542+0000] {logging_mixin.py:188} INFO - [2025-07-22T09:17:25.542+0000] {dag.py:3096} INFO - Sync 1 DAGs
[2025-07-22T09:17:25.556+0000] {logging_mixin.py:188} INFO - [2025-07-22T09:17:25.555+0000] {dag.py:3954} INFO - Setting next_dagrun for example_time_delta_sensor_async to None, run_after=None
[2025-07-22T09:17:25.578+0000] {processor.py:183} INFO - Processing /home/airflow/.local/lib/python3.12/site-packages/airflow/example_dags/example_time_delta_sensor_async.py took 0.073 seconds
[2025-07-22T09:17:55.795+0000] {processor.py:161} INFO - Started process (PID=3113) to work on /home/airflow/.local/lib/python3.12/site-packages/airflow/example_dags/example_time_delta_sensor_async.py
[2025-07-22T09:17:55.796+0000] {processor.py:830} INFO - Processing file /home/airflow/.local/lib/python3.12/site-packages/airflow/example_dags/example_time_delta_sensor_async.py for tasks to queue
[2025-07-22T09:17:55.798+0000] {logging_mixin.py:188} INFO - [2025-07-22T09:17:55.798+0000] {dagbag.py:545} INFO - Filling up the DagBag from /home/airflow/.local/lib/python3.12/site-packages/airflow/example_dags/example_time_delta_sensor_async.py
[2025-07-22T09:17:55.804+0000] {processor.py:840} INFO - DAG(s) 'example_time_delta_sensor_async' retrieved from /home/airflow/.local/lib/python3.12/site-packages/airflow/example_dags/example_time_delta_sensor_async.py
[2025-07-22T09:17:55.825+0000] {logging_mixin.py:188} INFO - [2025-07-22T09:17:55.825+0000] {dag.py:3096} INFO - Sync 1 DAGs
[2025-07-22T09:17:55.839+0000] {logging_mixin.py:188} INFO - [2025-07-22T09:17:55.839+0000] {dag.py:3954} INFO - Setting next_dagrun for example_time_delta_sensor_async to None, run_after=None
[2025-07-22T09:17:55.861+0000] {processor.py:183} INFO - Processing /home/airflow/.local/lib/python3.12/site-packages/airflow/example_dags/example_time_delta_sensor_async.py took 0.073 seconds
[2025-07-22T09:18:26.724+0000] {processor.py:161} INFO - Started process (PID=3173) to work on /home/airflow/.local/lib/python3.12/site-packages/airflow/example_dags/example_time_delta_sensor_async.py
[2025-07-22T09:18:26.725+0000] {processor.py:830} INFO - Processing file /home/airflow/.local/lib/python3.12/site-packages/airflow/example_dags/example_time_delta_sensor_async.py for tasks to queue
[2025-07-22T09:18:26.727+0000] {logging_mixin.py:188} INFO - [2025-07-22T09:18:26.726+0000] {dagbag.py:545} INFO - Filling up the DagBag from /home/airflow/.local/lib/python3.12/site-packages/airflow/example_dags/example_time_delta_sensor_async.py
[2025-07-22T09:18:26.732+0000] {processor.py:840} INFO - DAG(s) 'example_time_delta_sensor_async' retrieved from /home/airflow/.local/lib/python3.12/site-packages/airflow/example_dags/example_time_delta_sensor_async.py
[2025-07-22T09:18:26.753+0000] {logging_mixin.py:188} INFO - [2025-07-22T09:18:26.753+0000] {dag.py:3096} INFO - Sync 1 DAGs
[2025-07-22T09:18:26.769+0000] {logging_mixin.py:188} INFO - [2025-07-22T09:18:26.769+0000] {dag.py:3954} INFO - Setting next_dagrun for example_time_delta_sensor_async to None, run_after=None
[2025-07-22T09:18:26.793+0000] {processor.py:183} INFO - Processing /home/airflow/.local/lib/python3.12/site-packages/airflow/example_dags/example_time_delta_sensor_async.py took 0.076 seconds
[2025-07-22T09:18:57.184+0000] {processor.py:161} INFO - Started process (PID=3233) to work on /home/airflow/.local/lib/python3.12/site-packages/airflow/example_dags/example_time_delta_sensor_async.py
[2025-07-22T09:18:57.186+0000] {processor.py:830} INFO - Processing file /home/airflow/.local/lib/python3.12/site-packages/airflow/example_dags/example_time_delta_sensor_async.py for tasks to queue
[2025-07-22T09:18:57.188+0000] {logging_mixin.py:188} INFO - [2025-07-22T09:18:57.187+0000] {dagbag.py:545} INFO - Filling up the DagBag from /home/airflow/.local/lib/python3.12/site-packages/airflow/example_dags/example_time_delta_sensor_async.py
[2025-07-22T09:18:57.192+0000] {processor.py:840} INFO - DAG(s) 'example_time_delta_sensor_async' retrieved from /home/airflow/.local/lib/python3.12/site-packages/airflow/example_dags/example_time_delta_sensor_async.py
[2025-07-22T09:18:57.213+0000] {logging_mixin.py:188} INFO - [2025-07-22T09:18:57.213+0000] {dag.py:3096} INFO - Sync 1 DAGs
[2025-07-22T09:18:57.226+0000] {logging_mixin.py:188} INFO - [2025-07-22T09:18:57.226+0000] {dag.py:3954} INFO - Setting next_dagrun for example_time_delta_sensor_async to None, run_after=None
[2025-07-22T09:18:57.245+0000] {processor.py:183} INFO - Processing /home/airflow/.local/lib/python3.12/site-packages/airflow/example_dags/example_time_delta_sensor_async.py took 0.067 seconds
[2025-07-22T09:19:27.841+0000] {processor.py:161} INFO - Started process (PID=3293) to work on /home/airflow/.local/lib/python3.12/site-packages/airflow/example_dags/example_time_delta_sensor_async.py
[2025-07-22T09:19:27.842+0000] {processor.py:830} INFO - Processing file /home/airflow/.local/lib/python3.12/site-packages/airflow/example_dags/example_time_delta_sensor_async.py for tasks to queue
[2025-07-22T09:19:27.844+0000] {logging_mixin.py:188} INFO - [2025-07-22T09:19:27.844+0000] {dagbag.py:545} INFO - Filling up the DagBag from /home/airflow/.local/lib/python3.12/site-packages/airflow/example_dags/example_time_delta_sensor_async.py
[2025-07-22T09:19:27.849+0000] {processor.py:840} INFO - DAG(s) 'example_time_delta_sensor_async' retrieved from /home/airflow/.local/lib/python3.12/site-packages/airflow/example_dags/example_time_delta_sensor_async.py
[2025-07-22T09:19:27.869+0000] {logging_mixin.py:188} INFO - [2025-07-22T09:19:27.869+0000] {dag.py:3096} INFO - Sync 1 DAGs
[2025-07-22T09:19:27.883+0000] {logging_mixin.py:188} INFO - [2025-07-22T09:19:27.882+0000] {dag.py:3954} INFO - Setting next_dagrun for example_time_delta_sensor_async to None, run_after=None
[2025-07-22T09:19:27.904+0000] {processor.py:183} INFO - Processing /home/airflow/.local/lib/python3.12/site-packages/airflow/example_dags/example_time_delta_sensor_async.py took 0.069 seconds
[2025-07-22T09:19:58.340+0000] {processor.py:161} INFO - Started process (PID=3353) to work on /home/airflow/.local/lib/python3.12/site-packages/airflow/example_dags/example_time_delta_sensor_async.py
[2025-07-22T09:19:58.342+0000] {processor.py:830} INFO - Processing file /home/airflow/.local/lib/python3.12/site-packages/airflow/example_dags/example_time_delta_sensor_async.py for tasks to queue
[2025-07-22T09:19:58.344+0000] {logging_mixin.py:188} INFO - [2025-07-22T09:19:58.343+0000] {dagbag.py:545} INFO - Filling up the DagBag from /home/airflow/.local/lib/python3.12/site-packages/airflow/example_dags/example_time_delta_sensor_async.py
[2025-07-22T09:19:58.348+0000] {processor.py:840} INFO - DAG(s) 'example_time_delta_sensor_async' retrieved from /home/airflow/.local/lib/python3.12/site-packages/airflow/example_dags/example_time_delta_sensor_async.py
[2025-07-22T09:19:58.370+0000] {logging_mixin.py:188} INFO - [2025-07-22T09:19:58.369+0000] {dag.py:3096} INFO - Sync 1 DAGs
[2025-07-22T09:19:58.383+0000] {logging_mixin.py:188} INFO - [2025-07-22T09:19:58.383+0000] {dag.py:3954} INFO - Setting next_dagrun for example_time_delta_sensor_async to None, run_after=None
[2025-07-22T09:19:58.403+0000] {processor.py:183} INFO - Processing /home/airflow/.local/lib/python3.12/site-packages/airflow/example_dags/example_time_delta_sensor_async.py took 0.069 seconds
[2025-07-22T09:20:28.702+0000] {processor.py:161} INFO - Started process (PID=3413) to work on /home/airflow/.local/lib/python3.12/site-packages/airflow/example_dags/example_time_delta_sensor_async.py
[2025-07-22T09:20:28.704+0000] {processor.py:830} INFO - Processing file /home/airflow/.local/lib/python3.12/site-packages/airflow/example_dags/example_time_delta_sensor_async.py for tasks to queue
[2025-07-22T09:20:28.706+0000] {logging_mixin.py:188} INFO - [2025-07-22T09:20:28.706+0000] {dagbag.py:545} INFO - Filling up the DagBag from /home/airflow/.local/lib/python3.12/site-packages/airflow/example_dags/example_time_delta_sensor_async.py
[2025-07-22T09:20:28.711+0000] {processor.py:840} INFO - DAG(s) 'example_time_delta_sensor_async' retrieved from /home/airflow/.local/lib/python3.12/site-packages/airflow/example_dags/example_time_delta_sensor_async.py
[2025-07-22T09:20:28.732+0000] {logging_mixin.py:188} INFO - [2025-07-22T09:20:28.732+0000] {dag.py:3096} INFO - Sync 1 DAGs
[2025-07-22T09:20:28.747+0000] {logging_mixin.py:188} INFO - [2025-07-22T09:20:28.746+0000] {dag.py:3954} INFO - Setting next_dagrun for example_time_delta_sensor_async to None, run_after=None
[2025-07-22T09:20:28.775+0000] {processor.py:183} INFO - Processing /home/airflow/.local/lib/python3.12/site-packages/airflow/example_dags/example_time_delta_sensor_async.py took 0.079 seconds
[2025-07-22T09:20:59.054+0000] {processor.py:161} INFO - Started process (PID=3473) to work on /home/airflow/.local/lib/python3.12/site-packages/airflow/example_dags/example_time_delta_sensor_async.py
[2025-07-22T09:20:59.055+0000] {processor.py:830} INFO - Processing file /home/airflow/.local/lib/python3.12/site-packages/airflow/example_dags/example_time_delta_sensor_async.py for tasks to queue
[2025-07-22T09:20:59.057+0000] {logging_mixin.py:188} INFO - [2025-07-22T09:20:59.057+0000] {dagbag.py:545} INFO - Filling up the DagBag from /home/airflow/.local/lib/python3.12/site-packages/airflow/example_dags/example_time_delta_sensor_async.py
[2025-07-22T09:20:59.062+0000] {processor.py:840} INFO - DAG(s) 'example_time_delta_sensor_async' retrieved from /home/airflow/.local/lib/python3.12/site-packages/airflow/example_dags/example_time_delta_sensor_async.py
[2025-07-22T09:20:59.085+0000] {logging_mixin.py:188} INFO - [2025-07-22T09:20:59.085+0000] {dag.py:3096} INFO - Sync 1 DAGs
[2025-07-22T09:20:59.102+0000] {logging_mixin.py:188} INFO - [2025-07-22T09:20:59.102+0000] {dag.py:3954} INFO - Setting next_dagrun for example_time_delta_sensor_async to None, run_after=None
[2025-07-22T09:20:59.125+0000] {processor.py:183} INFO - Processing /home/airflow/.local/lib/python3.12/site-packages/airflow/example_dags/example_time_delta_sensor_async.py took 0.079 seconds
[2025-07-22T09:21:29.224+0000] {processor.py:161} INFO - Started process (PID=3534) to work on /home/airflow/.local/lib/python3.12/site-packages/airflow/example_dags/example_time_delta_sensor_async.py
[2025-07-22T09:21:29.226+0000] {processor.py:830} INFO - Processing file /home/airflow/.local/lib/python3.12/site-packages/airflow/example_dags/example_time_delta_sensor_async.py for tasks to queue
[2025-07-22T09:21:29.229+0000] {logging_mixin.py:188} INFO - [2025-07-22T09:21:29.228+0000] {dagbag.py:545} INFO - Filling up the DagBag from /home/airflow/.local/lib/python3.12/site-packages/airflow/example_dags/example_time_delta_sensor_async.py
[2025-07-22T09:21:29.234+0000] {processor.py:840} INFO - DAG(s) 'example_time_delta_sensor_async' retrieved from /home/airflow/.local/lib/python3.12/site-packages/airflow/example_dags/example_time_delta_sensor_async.py
[2025-07-22T09:21:29.258+0000] {logging_mixin.py:188} INFO - [2025-07-22T09:21:29.258+0000] {dag.py:3096} INFO - Sync 1 DAGs
[2025-07-22T09:21:29.274+0000] {logging_mixin.py:188} INFO - [2025-07-22T09:21:29.273+0000] {dag.py:3954} INFO - Setting next_dagrun for example_time_delta_sensor_async to None, run_after=None
[2025-07-22T09:21:29.302+0000] {processor.py:183} INFO - Processing /home/airflow/.local/lib/python3.12/site-packages/airflow/example_dags/example_time_delta_sensor_async.py took 0.087 seconds
[2025-07-22T09:21:59.619+0000] {processor.py:161} INFO - Started process (PID=3594) to work on /home/airflow/.local/lib/python3.12/site-packages/airflow/example_dags/example_time_delta_sensor_async.py
[2025-07-22T09:21:59.620+0000] {processor.py:830} INFO - Processing file /home/airflow/.local/lib/python3.12/site-packages/airflow/example_dags/example_time_delta_sensor_async.py for tasks to queue
[2025-07-22T09:21:59.622+0000] {logging_mixin.py:188} INFO - [2025-07-22T09:21:59.622+0000] {dagbag.py:545} INFO - Filling up the DagBag from /home/airflow/.local/lib/python3.12/site-packages/airflow/example_dags/example_time_delta_sensor_async.py
[2025-07-22T09:21:59.628+0000] {processor.py:840} INFO - DAG(s) 'example_time_delta_sensor_async' retrieved from /home/airflow/.local/lib/python3.12/site-packages/airflow/example_dags/example_time_delta_sensor_async.py
[2025-07-22T09:21:59.652+0000] {logging_mixin.py:188} INFO - [2025-07-22T09:21:59.652+0000] {dag.py:3096} INFO - Sync 1 DAGs
[2025-07-22T09:21:59.669+0000] {logging_mixin.py:188} INFO - [2025-07-22T09:21:59.669+0000] {dag.py:3954} INFO - Setting next_dagrun for example_time_delta_sensor_async to None, run_after=None
[2025-07-22T09:21:59.694+0000] {processor.py:183} INFO - Processing /home/airflow/.local/lib/python3.12/site-packages/airflow/example_dags/example_time_delta_sensor_async.py took 0.082 seconds
[2025-07-22T09:22:29.933+0000] {processor.py:161} INFO - Started process (PID=3654) to work on /home/airflow/.local/lib/python3.12/site-packages/airflow/example_dags/example_time_delta_sensor_async.py
[2025-07-22T09:22:29.934+0000] {processor.py:830} INFO - Processing file /home/airflow/.local/lib/python3.12/site-packages/airflow/example_dags/example_time_delta_sensor_async.py for tasks to queue
[2025-07-22T09:22:29.936+0000] {logging_mixin.py:188} INFO - [2025-07-22T09:22:29.936+0000] {dagbag.py:545} INFO - Filling up the DagBag from /home/airflow/.local/lib/python3.12/site-packages/airflow/example_dags/example_time_delta_sensor_async.py
[2025-07-22T09:22:29.941+0000] {processor.py:840} INFO - DAG(s) 'example_time_delta_sensor_async' retrieved from /home/airflow/.local/lib/python3.12/site-packages/airflow/example_dags/example_time_delta_sensor_async.py
[2025-07-22T09:22:29.964+0000] {logging_mixin.py:188} INFO - [2025-07-22T09:22:29.963+0000] {dag.py:3096} INFO - Sync 1 DAGs
[2025-07-22T09:22:29.978+0000] {logging_mixin.py:188} INFO - [2025-07-22T09:22:29.978+0000] {dag.py:3954} INFO - Setting next_dagrun for example_time_delta_sensor_async to None, run_after=None
[2025-07-22T09:22:30.001+0000] {processor.py:183} INFO - Processing /home/airflow/.local/lib/python3.12/site-packages/airflow/example_dags/example_time_delta_sensor_async.py took 0.075 seconds
