[2025-07-22T08:52:09.264+0000] {processor.py:161} INFO - Started process (PID=97) to work on /home/airflow/.local/lib/python3.12/site-packages/airflow/example_dags/example_short_circuit_operator.py
[2025-07-22T08:52:09.266+0000] {processor.py:830} INFO - Processing file /home/airflow/.local/lib/python3.12/site-packages/airflow/example_dags/example_short_circuit_operator.py for tasks to queue
[2025-07-22T08:52:09.268+0000] {logging_mixin.py:188} INFO - [2025-07-22T08:52:09.268+0000] {dagbag.py:545} INFO - Filling up the DagBag from /home/airflow/.local/lib/python3.12/site-packages/airflow/example_dags/example_short_circuit_operator.py
[2025-07-22T08:52:09.280+0000] {processor.py:840} INFO - DAG(s) 'example_short_circuit_operator' retrieved from /home/airflow/.local/lib/python3.12/site-packages/airflow/example_dags/example_short_circuit_operator.py
[2025-07-22T08:52:09.443+0000] {logging_mixin.py:188} INFO - [2025-07-22T08:52:09.443+0000] {dag.py:3096} INFO - Sync 1 DAGs
[2025-07-22T08:52:09.471+0000] {logging_mixin.py:188} INFO - [2025-07-22T08:52:09.471+0000] {dag.py:3954} INFO - Setting next_dagrun for example_short_circuit_operator to 2025-07-21 00:00:00+00:00, run_after=2025-07-22 00:00:00+00:00
[2025-07-22T08:52:09.503+0000] {processor.py:183} INFO - Processing /home/airflow/.local/lib/python3.12/site-packages/airflow/example_dags/example_short_circuit_operator.py took 0.247 seconds
[2025-07-22T08:52:39.844+0000] {processor.py:161} INFO - Started process (PID=154) to work on /home/airflow/.local/lib/python3.12/site-packages/airflow/example_dags/example_short_circuit_operator.py
[2025-07-22T08:52:39.846+0000] {processor.py:830} INFO - Processing file /home/airflow/.local/lib/python3.12/site-packages/airflow/example_dags/example_short_circuit_operator.py for tasks to queue
[2025-07-22T08:52:39.848+0000] {logging_mixin.py:188} INFO - [2025-07-22T08:52:39.848+0000] {dagbag.py:545} INFO - Filling up the DagBag from /home/airflow/.local/lib/python3.12/site-packages/airflow/example_dags/example_short_circuit_operator.py
[2025-07-22T08:52:39.856+0000] {processor.py:840} INFO - DAG(s) 'example_short_circuit_operator' retrieved from /home/airflow/.local/lib/python3.12/site-packages/airflow/example_dags/example_short_circuit_operator.py
[2025-07-22T08:52:39.882+0000] {logging_mixin.py:188} INFO - [2025-07-22T08:52:39.882+0000] {dag.py:3096} INFO - Sync 1 DAGs
[2025-07-22T08:52:39.907+0000] {logging_mixin.py:188} INFO - [2025-07-22T08:52:39.907+0000] {dag.py:3954} INFO - Setting next_dagrun for example_short_circuit_operator to 2025-07-21 00:00:00+00:00, run_after=2025-07-22 00:00:00+00:00
[2025-07-22T08:52:39.929+0000] {processor.py:183} INFO - Processing /home/airflow/.local/lib/python3.12/site-packages/airflow/example_dags/example_short_circuit_operator.py took 0.091 seconds
[2025-07-22T08:53:10.537+0000] {processor.py:161} INFO - Started process (PID=212) to work on /home/airflow/.local/lib/python3.12/site-packages/airflow/example_dags/example_short_circuit_operator.py
[2025-07-22T08:53:10.539+0000] {processor.py:830} INFO - Processing file /home/airflow/.local/lib/python3.12/site-packages/airflow/example_dags/example_short_circuit_operator.py for tasks to queue
[2025-07-22T08:53:10.543+0000] {logging_mixin.py:188} INFO - [2025-07-22T08:53:10.542+0000] {dagbag.py:545} INFO - Filling up the DagBag from /home/airflow/.local/lib/python3.12/site-packages/airflow/example_dags/example_short_circuit_operator.py
[2025-07-22T08:53:10.557+0000] {processor.py:840} INFO - DAG(s) 'example_short_circuit_operator' retrieved from /home/airflow/.local/lib/python3.12/site-packages/airflow/example_dags/example_short_circuit_operator.py
[2025-07-22T08:53:10.605+0000] {logging_mixin.py:188} INFO - [2025-07-22T08:53:10.604+0000] {dag.py:3096} INFO - Sync 1 DAGs
[2025-07-22T08:53:10.658+0000] {logging_mixin.py:188} INFO - [2025-07-22T08:53:10.657+0000] {dag.py:3954} INFO - Setting next_dagrun for example_short_circuit_operator to 2025-07-21 00:00:00+00:00, run_after=2025-07-22 00:00:00+00:00
[2025-07-22T08:53:10.718+0000] {processor.py:183} INFO - Processing /home/airflow/.local/lib/python3.12/site-packages/airflow/example_dags/example_short_circuit_operator.py took 0.193 seconds
[2025-07-22T08:53:40.796+0000] {processor.py:161} INFO - Started process (PID=270) to work on /home/airflow/.local/lib/python3.12/site-packages/airflow/example_dags/example_short_circuit_operator.py
[2025-07-22T08:53:40.797+0000] {processor.py:830} INFO - Processing file /home/airflow/.local/lib/python3.12/site-packages/airflow/example_dags/example_short_circuit_operator.py for tasks to queue
[2025-07-22T08:53:40.800+0000] {logging_mixin.py:188} INFO - [2025-07-22T08:53:40.799+0000] {dagbag.py:545} INFO - Filling up the DagBag from /home/airflow/.local/lib/python3.12/site-packages/airflow/example_dags/example_short_circuit_operator.py
[2025-07-22T08:53:40.809+0000] {processor.py:840} INFO - DAG(s) 'example_short_circuit_operator' retrieved from /home/airflow/.local/lib/python3.12/site-packages/airflow/example_dags/example_short_circuit_operator.py
[2025-07-22T08:53:40.837+0000] {logging_mixin.py:188} INFO - [2025-07-22T08:53:40.837+0000] {dag.py:3096} INFO - Sync 1 DAGs
[2025-07-22T08:53:40.863+0000] {logging_mixin.py:188} INFO - [2025-07-22T08:53:40.863+0000] {dag.py:3954} INFO - Setting next_dagrun for example_short_circuit_operator to 2025-07-21 00:00:00+00:00, run_after=2025-07-22 00:00:00+00:00
[2025-07-22T08:53:40.890+0000] {processor.py:183} INFO - Processing /home/airflow/.local/lib/python3.12/site-packages/airflow/example_dags/example_short_circuit_operator.py took 0.102 seconds
[2025-07-22T08:54:11.195+0000] {processor.py:161} INFO - Started process (PID=328) to work on /home/airflow/.local/lib/python3.12/site-packages/airflow/example_dags/example_short_circuit_operator.py
[2025-07-22T08:54:11.197+0000] {processor.py:830} INFO - Processing file /home/airflow/.local/lib/python3.12/site-packages/airflow/example_dags/example_short_circuit_operator.py for tasks to queue
[2025-07-22T08:54:11.199+0000] {logging_mixin.py:188} INFO - [2025-07-22T08:54:11.199+0000] {dagbag.py:545} INFO - Filling up the DagBag from /home/airflow/.local/lib/python3.12/site-packages/airflow/example_dags/example_short_circuit_operator.py
[2025-07-22T08:54:11.208+0000] {processor.py:840} INFO - DAG(s) 'example_short_circuit_operator' retrieved from /home/airflow/.local/lib/python3.12/site-packages/airflow/example_dags/example_short_circuit_operator.py
[2025-07-22T08:54:11.239+0000] {logging_mixin.py:188} INFO - [2025-07-22T08:54:11.239+0000] {dag.py:3096} INFO - Sync 1 DAGs
[2025-07-22T08:54:11.272+0000] {logging_mixin.py:188} INFO - [2025-07-22T08:54:11.272+0000] {dag.py:3954} INFO - Setting next_dagrun for example_short_circuit_operator to 2025-07-21 00:00:00+00:00, run_after=2025-07-22 00:00:00+00:00
[2025-07-22T08:54:11.297+0000] {processor.py:183} INFO - Processing /home/airflow/.local/lib/python3.12/site-packages/airflow/example_dags/example_short_circuit_operator.py took 0.109 seconds
[2025-07-22T08:54:41.558+0000] {processor.py:161} INFO - Started process (PID=386) to work on /home/airflow/.local/lib/python3.12/site-packages/airflow/example_dags/example_short_circuit_operator.py
[2025-07-22T08:54:41.560+0000] {processor.py:830} INFO - Processing file /home/airflow/.local/lib/python3.12/site-packages/airflow/example_dags/example_short_circuit_operator.py for tasks to queue
[2025-07-22T08:54:41.563+0000] {logging_mixin.py:188} INFO - [2025-07-22T08:54:41.562+0000] {dagbag.py:545} INFO - Filling up the DagBag from /home/airflow/.local/lib/python3.12/site-packages/airflow/example_dags/example_short_circuit_operator.py
[2025-07-22T08:54:41.572+0000] {processor.py:840} INFO - DAG(s) 'example_short_circuit_operator' retrieved from /home/airflow/.local/lib/python3.12/site-packages/airflow/example_dags/example_short_circuit_operator.py
[2025-07-22T08:54:41.602+0000] {logging_mixin.py:188} INFO - [2025-07-22T08:54:41.602+0000] {dag.py:3096} INFO - Sync 1 DAGs
[2025-07-22T08:54:41.630+0000] {logging_mixin.py:188} INFO - [2025-07-22T08:54:41.630+0000] {dag.py:3954} INFO - Setting next_dagrun for example_short_circuit_operator to 2025-07-21 00:00:00+00:00, run_after=2025-07-22 00:00:00+00:00
[2025-07-22T08:54:41.655+0000] {processor.py:183} INFO - Processing /home/airflow/.local/lib/python3.12/site-packages/airflow/example_dags/example_short_circuit_operator.py took 0.104 seconds
[2025-07-22T08:55:12.226+0000] {processor.py:161} INFO - Started process (PID=444) to work on /home/airflow/.local/lib/python3.12/site-packages/airflow/example_dags/example_short_circuit_operator.py
[2025-07-22T08:55:12.229+0000] {processor.py:830} INFO - Processing file /home/airflow/.local/lib/python3.12/site-packages/airflow/example_dags/example_short_circuit_operator.py for tasks to queue
[2025-07-22T08:55:12.234+0000] {logging_mixin.py:188} INFO - [2025-07-22T08:55:12.233+0000] {dagbag.py:545} INFO - Filling up the DagBag from /home/airflow/.local/lib/python3.12/site-packages/airflow/example_dags/example_short_circuit_operator.py
[2025-07-22T08:55:12.251+0000] {processor.py:840} INFO - DAG(s) 'example_short_circuit_operator' retrieved from /home/airflow/.local/lib/python3.12/site-packages/airflow/example_dags/example_short_circuit_operator.py
[2025-07-22T08:55:12.310+0000] {logging_mixin.py:188} INFO - [2025-07-22T08:55:12.309+0000] {dag.py:3096} INFO - Sync 1 DAGs
[2025-07-22T08:55:12.354+0000] {logging_mixin.py:188} INFO - [2025-07-22T08:55:12.354+0000] {dag.py:3954} INFO - Setting next_dagrun for example_short_circuit_operator to 2025-07-21 00:00:00+00:00, run_after=2025-07-22 00:00:00+00:00
[2025-07-22T08:55:12.382+0000] {processor.py:183} INFO - Processing /home/airflow/.local/lib/python3.12/site-packages/airflow/example_dags/example_short_circuit_operator.py took 0.169 seconds
[2025-07-22T08:55:42.467+0000] {processor.py:161} INFO - Started process (PID=502) to work on /home/airflow/.local/lib/python3.12/site-packages/airflow/example_dags/example_short_circuit_operator.py
[2025-07-22T08:55:42.469+0000] {processor.py:830} INFO - Processing file /home/airflow/.local/lib/python3.12/site-packages/airflow/example_dags/example_short_circuit_operator.py for tasks to queue
[2025-07-22T08:55:42.471+0000] {logging_mixin.py:188} INFO - [2025-07-22T08:55:42.471+0000] {dagbag.py:545} INFO - Filling up the DagBag from /home/airflow/.local/lib/python3.12/site-packages/airflow/example_dags/example_short_circuit_operator.py
[2025-07-22T08:55:42.480+0000] {processor.py:840} INFO - DAG(s) 'example_short_circuit_operator' retrieved from /home/airflow/.local/lib/python3.12/site-packages/airflow/example_dags/example_short_circuit_operator.py
[2025-07-22T08:55:42.509+0000] {logging_mixin.py:188} INFO - [2025-07-22T08:55:42.509+0000] {dag.py:3096} INFO - Sync 1 DAGs
[2025-07-22T08:55:42.535+0000] {logging_mixin.py:188} INFO - [2025-07-22T08:55:42.535+0000] {dag.py:3954} INFO - Setting next_dagrun for example_short_circuit_operator to 2025-07-21 00:00:00+00:00, run_after=2025-07-22 00:00:00+00:00
[2025-07-22T08:55:42.557+0000] {processor.py:183} INFO - Processing /home/airflow/.local/lib/python3.12/site-packages/airflow/example_dags/example_short_circuit_operator.py took 0.097 seconds
[2025-07-22T08:56:12.760+0000] {processor.py:161} INFO - Started process (PID=560) to work on /home/airflow/.local/lib/python3.12/site-packages/airflow/example_dags/example_short_circuit_operator.py
[2025-07-22T08:56:12.761+0000] {processor.py:830} INFO - Processing file /home/airflow/.local/lib/python3.12/site-packages/airflow/example_dags/example_short_circuit_operator.py for tasks to queue
[2025-07-22T08:56:12.764+0000] {logging_mixin.py:188} INFO - [2025-07-22T08:56:12.763+0000] {dagbag.py:545} INFO - Filling up the DagBag from /home/airflow/.local/lib/python3.12/site-packages/airflow/example_dags/example_short_circuit_operator.py
[2025-07-22T08:56:12.773+0000] {processor.py:840} INFO - DAG(s) 'example_short_circuit_operator' retrieved from /home/airflow/.local/lib/python3.12/site-packages/airflow/example_dags/example_short_circuit_operator.py
[2025-07-22T08:56:12.803+0000] {logging_mixin.py:188} INFO - [2025-07-22T08:56:12.803+0000] {dag.py:3096} INFO - Sync 1 DAGs
[2025-07-22T08:56:12.830+0000] {logging_mixin.py:188} INFO - [2025-07-22T08:56:12.830+0000] {dag.py:3954} INFO - Setting next_dagrun for example_short_circuit_operator to 2025-07-21 00:00:00+00:00, run_after=2025-07-22 00:00:00+00:00
[2025-07-22T08:56:12.853+0000] {processor.py:183} INFO - Processing /home/airflow/.local/lib/python3.12/site-packages/airflow/example_dags/example_short_circuit_operator.py took 0.102 seconds
[2025-07-22T08:56:43.268+0000] {processor.py:161} INFO - Started process (PID=618) to work on /home/airflow/.local/lib/python3.12/site-packages/airflow/example_dags/example_short_circuit_operator.py
[2025-07-22T08:56:43.270+0000] {processor.py:830} INFO - Processing file /home/airflow/.local/lib/python3.12/site-packages/airflow/example_dags/example_short_circuit_operator.py for tasks to queue
[2025-07-22T08:56:43.274+0000] {logging_mixin.py:188} INFO - [2025-07-22T08:56:43.273+0000] {dagbag.py:545} INFO - Filling up the DagBag from /home/airflow/.local/lib/python3.12/site-packages/airflow/example_dags/example_short_circuit_operator.py
[2025-07-22T08:56:43.289+0000] {processor.py:840} INFO - DAG(s) 'example_short_circuit_operator' retrieved from /home/airflow/.local/lib/python3.12/site-packages/airflow/example_dags/example_short_circuit_operator.py
[2025-07-22T08:56:43.322+0000] {logging_mixin.py:188} INFO - [2025-07-22T08:56:43.322+0000] {dag.py:3096} INFO - Sync 1 DAGs
[2025-07-22T08:56:43.357+0000] {logging_mixin.py:188} INFO - [2025-07-22T08:56:43.357+0000] {dag.py:3954} INFO - Setting next_dagrun for example_short_circuit_operator to 2025-07-21 00:00:00+00:00, run_after=2025-07-22 00:00:00+00:00
[2025-07-22T08:56:43.407+0000] {processor.py:183} INFO - Processing /home/airflow/.local/lib/python3.12/site-packages/airflow/example_dags/example_short_circuit_operator.py took 0.148 seconds
[2025-07-22T08:57:13.714+0000] {processor.py:161} INFO - Started process (PID=678) to work on /home/airflow/.local/lib/python3.12/site-packages/airflow/example_dags/example_short_circuit_operator.py
[2025-07-22T08:57:13.716+0000] {processor.py:830} INFO - Processing file /home/airflow/.local/lib/python3.12/site-packages/airflow/example_dags/example_short_circuit_operator.py for tasks to queue
[2025-07-22T08:57:13.719+0000] {logging_mixin.py:188} INFO - [2025-07-22T08:57:13.718+0000] {dagbag.py:545} INFO - Filling up the DagBag from /home/airflow/.local/lib/python3.12/site-packages/airflow/example_dags/example_short_circuit_operator.py
[2025-07-22T08:57:13.731+0000] {processor.py:840} INFO - DAG(s) 'example_short_circuit_operator' retrieved from /home/airflow/.local/lib/python3.12/site-packages/airflow/example_dags/example_short_circuit_operator.py
[2025-07-22T08:57:13.777+0000] {logging_mixin.py:188} INFO - [2025-07-22T08:57:13.776+0000] {dag.py:3096} INFO - Sync 1 DAGs
[2025-07-22T08:57:13.816+0000] {logging_mixin.py:188} INFO - [2025-07-22T08:57:13.815+0000] {dag.py:3954} INFO - Setting next_dagrun for example_short_circuit_operator to 2025-07-21 00:00:00+00:00, run_after=2025-07-22 00:00:00+00:00
[2025-07-22T08:57:13.847+0000] {processor.py:183} INFO - Processing /home/airflow/.local/lib/python3.12/site-packages/airflow/example_dags/example_short_circuit_operator.py took 0.144 seconds
[2025-07-22T08:57:43.946+0000] {processor.py:161} INFO - Started process (PID=738) to work on /home/airflow/.local/lib/python3.12/site-packages/airflow/example_dags/example_short_circuit_operator.py
[2025-07-22T08:57:43.947+0000] {processor.py:830} INFO - Processing file /home/airflow/.local/lib/python3.12/site-packages/airflow/example_dags/example_short_circuit_operator.py for tasks to queue
[2025-07-22T08:57:43.950+0000] {logging_mixin.py:188} INFO - [2025-07-22T08:57:43.949+0000] {dagbag.py:545} INFO - Filling up the DagBag from /home/airflow/.local/lib/python3.12/site-packages/airflow/example_dags/example_short_circuit_operator.py
[2025-07-22T08:57:43.960+0000] {processor.py:840} INFO - DAG(s) 'example_short_circuit_operator' retrieved from /home/airflow/.local/lib/python3.12/site-packages/airflow/example_dags/example_short_circuit_operator.py
[2025-07-22T08:57:43.989+0000] {logging_mixin.py:188} INFO - [2025-07-22T08:57:43.988+0000] {dag.py:3096} INFO - Sync 1 DAGs
[2025-07-22T08:57:44.018+0000] {logging_mixin.py:188} INFO - [2025-07-22T08:57:44.018+0000] {dag.py:3954} INFO - Setting next_dagrun for example_short_circuit_operator to 2025-07-21 00:00:00+00:00, run_after=2025-07-22 00:00:00+00:00
[2025-07-22T08:57:44.045+0000] {processor.py:183} INFO - Processing /home/airflow/.local/lib/python3.12/site-packages/airflow/example_dags/example_short_circuit_operator.py took 0.107 seconds
[2025-07-22T08:58:14.403+0000] {processor.py:161} INFO - Started process (PID=798) to work on /home/airflow/.local/lib/python3.12/site-packages/airflow/example_dags/example_short_circuit_operator.py
[2025-07-22T08:58:14.405+0000] {processor.py:830} INFO - Processing file /home/airflow/.local/lib/python3.12/site-packages/airflow/example_dags/example_short_circuit_operator.py for tasks to queue
[2025-07-22T08:58:14.407+0000] {logging_mixin.py:188} INFO - [2025-07-22T08:58:14.406+0000] {dagbag.py:545} INFO - Filling up the DagBag from /home/airflow/.local/lib/python3.12/site-packages/airflow/example_dags/example_short_circuit_operator.py
[2025-07-22T08:58:14.416+0000] {processor.py:840} INFO - DAG(s) 'example_short_circuit_operator' retrieved from /home/airflow/.local/lib/python3.12/site-packages/airflow/example_dags/example_short_circuit_operator.py
[2025-07-22T08:58:14.453+0000] {logging_mixin.py:188} INFO - [2025-07-22T08:58:14.452+0000] {dag.py:3096} INFO - Sync 1 DAGs
[2025-07-22T08:58:14.488+0000] {logging_mixin.py:188} INFO - [2025-07-22T08:58:14.488+0000] {dag.py:3954} INFO - Setting next_dagrun for example_short_circuit_operator to 2025-07-21 00:00:00+00:00, run_after=2025-07-22 00:00:00+00:00
[2025-07-22T08:58:14.531+0000] {processor.py:183} INFO - Processing /home/airflow/.local/lib/python3.12/site-packages/airflow/example_dags/example_short_circuit_operator.py took 0.137 seconds
[2025-07-22T08:58:44.765+0000] {processor.py:161} INFO - Started process (PID=858) to work on /home/airflow/.local/lib/python3.12/site-packages/airflow/example_dags/example_short_circuit_operator.py
[2025-07-22T08:58:44.767+0000] {processor.py:830} INFO - Processing file /home/airflow/.local/lib/python3.12/site-packages/airflow/example_dags/example_short_circuit_operator.py for tasks to queue
[2025-07-22T08:58:44.769+0000] {logging_mixin.py:188} INFO - [2025-07-22T08:58:44.769+0000] {dagbag.py:545} INFO - Filling up the DagBag from /home/airflow/.local/lib/python3.12/site-packages/airflow/example_dags/example_short_circuit_operator.py
[2025-07-22T08:58:44.779+0000] {processor.py:840} INFO - DAG(s) 'example_short_circuit_operator' retrieved from /home/airflow/.local/lib/python3.12/site-packages/airflow/example_dags/example_short_circuit_operator.py
[2025-07-22T08:58:44.811+0000] {logging_mixin.py:188} INFO - [2025-07-22T08:58:44.810+0000] {dag.py:3096} INFO - Sync 1 DAGs
[2025-07-22T08:58:44.845+0000] {logging_mixin.py:188} INFO - [2025-07-22T08:58:44.845+0000] {dag.py:3954} INFO - Setting next_dagrun for example_short_circuit_operator to 2025-07-21 00:00:00+00:00, run_after=2025-07-22 00:00:00+00:00
[2025-07-22T08:58:44.878+0000] {processor.py:183} INFO - Processing /home/airflow/.local/lib/python3.12/site-packages/airflow/example_dags/example_short_circuit_operator.py took 0.121 seconds
[2025-07-22T08:59:15.615+0000] {processor.py:161} INFO - Started process (PID=918) to work on /home/airflow/.local/lib/python3.12/site-packages/airflow/example_dags/example_short_circuit_operator.py
[2025-07-22T08:59:15.617+0000] {processor.py:830} INFO - Processing file /home/airflow/.local/lib/python3.12/site-packages/airflow/example_dags/example_short_circuit_operator.py for tasks to queue
[2025-07-22T08:59:15.622+0000] {logging_mixin.py:188} INFO - [2025-07-22T08:59:15.621+0000] {dagbag.py:545} INFO - Filling up the DagBag from /home/airflow/.local/lib/python3.12/site-packages/airflow/example_dags/example_short_circuit_operator.py
[2025-07-22T08:59:15.636+0000] {processor.py:840} INFO - DAG(s) 'example_short_circuit_operator' retrieved from /home/airflow/.local/lib/python3.12/site-packages/airflow/example_dags/example_short_circuit_operator.py
[2025-07-22T08:59:15.670+0000] {logging_mixin.py:188} INFO - [2025-07-22T08:59:15.670+0000] {dag.py:3096} INFO - Sync 1 DAGs
[2025-07-22T08:59:15.702+0000] {logging_mixin.py:188} INFO - [2025-07-22T08:59:15.701+0000] {dag.py:3954} INFO - Setting next_dagrun for example_short_circuit_operator to 2025-07-21 00:00:00+00:00, run_after=2025-07-22 00:00:00+00:00
[2025-07-22T08:59:15.739+0000] {processor.py:183} INFO - Processing /home/airflow/.local/lib/python3.12/site-packages/airflow/example_dags/example_short_circuit_operator.py took 0.135 seconds
[2025-07-22T08:59:45.942+0000] {processor.py:161} INFO - Started process (PID=978) to work on /home/airflow/.local/lib/python3.12/site-packages/airflow/example_dags/example_short_circuit_operator.py
[2025-07-22T08:59:45.944+0000] {processor.py:830} INFO - Processing file /home/airflow/.local/lib/python3.12/site-packages/airflow/example_dags/example_short_circuit_operator.py for tasks to queue
[2025-07-22T08:59:45.946+0000] {logging_mixin.py:188} INFO - [2025-07-22T08:59:45.946+0000] {dagbag.py:545} INFO - Filling up the DagBag from /home/airflow/.local/lib/python3.12/site-packages/airflow/example_dags/example_short_circuit_operator.py
[2025-07-22T08:59:45.955+0000] {processor.py:840} INFO - DAG(s) 'example_short_circuit_operator' retrieved from /home/airflow/.local/lib/python3.12/site-packages/airflow/example_dags/example_short_circuit_operator.py
[2025-07-22T08:59:45.982+0000] {logging_mixin.py:188} INFO - [2025-07-22T08:59:45.982+0000] {dag.py:3096} INFO - Sync 1 DAGs
[2025-07-22T08:59:46.007+0000] {logging_mixin.py:188} INFO - [2025-07-22T08:59:46.006+0000] {dag.py:3954} INFO - Setting next_dagrun for example_short_circuit_operator to 2025-07-21 00:00:00+00:00, run_after=2025-07-22 00:00:00+00:00
[2025-07-22T08:59:46.028+0000] {processor.py:183} INFO - Processing /home/airflow/.local/lib/python3.12/site-packages/airflow/example_dags/example_short_circuit_operator.py took 0.093 seconds
[2025-07-22T09:00:16.636+0000] {processor.py:161} INFO - Started process (PID=1038) to work on /home/airflow/.local/lib/python3.12/site-packages/airflow/example_dags/example_short_circuit_operator.py
[2025-07-22T09:00:16.637+0000] {processor.py:830} INFO - Processing file /home/airflow/.local/lib/python3.12/site-packages/airflow/example_dags/example_short_circuit_operator.py for tasks to queue
[2025-07-22T09:00:16.640+0000] {logging_mixin.py:188} INFO - [2025-07-22T09:00:16.639+0000] {dagbag.py:545} INFO - Filling up the DagBag from /home/airflow/.local/lib/python3.12/site-packages/airflow/example_dags/example_short_circuit_operator.py
[2025-07-22T09:00:16.649+0000] {processor.py:840} INFO - DAG(s) 'example_short_circuit_operator' retrieved from /home/airflow/.local/lib/python3.12/site-packages/airflow/example_dags/example_short_circuit_operator.py
[2025-07-22T09:00:16.681+0000] {logging_mixin.py:188} INFO - [2025-07-22T09:00:16.680+0000] {dag.py:3096} INFO - Sync 1 DAGs
[2025-07-22T09:00:16.713+0000] {logging_mixin.py:188} INFO - [2025-07-22T09:00:16.713+0000] {dag.py:3954} INFO - Setting next_dagrun for example_short_circuit_operator to 2025-07-21 00:00:00+00:00, run_after=2025-07-22 00:00:00+00:00
[2025-07-22T09:00:16.740+0000] {processor.py:183} INFO - Processing /home/airflow/.local/lib/python3.12/site-packages/airflow/example_dags/example_short_circuit_operator.py took 0.112 seconds
[2025-07-22T09:00:47.439+0000] {processor.py:161} INFO - Started process (PID=1098) to work on /home/airflow/.local/lib/python3.12/site-packages/airflow/example_dags/example_short_circuit_operator.py
[2025-07-22T09:00:47.440+0000] {processor.py:830} INFO - Processing file /home/airflow/.local/lib/python3.12/site-packages/airflow/example_dags/example_short_circuit_operator.py for tasks to queue
[2025-07-22T09:00:47.443+0000] {logging_mixin.py:188} INFO - [2025-07-22T09:00:47.443+0000] {dagbag.py:545} INFO - Filling up the DagBag from /home/airflow/.local/lib/python3.12/site-packages/airflow/example_dags/example_short_circuit_operator.py
[2025-07-22T09:00:47.455+0000] {processor.py:840} INFO - DAG(s) 'example_short_circuit_operator' retrieved from /home/airflow/.local/lib/python3.12/site-packages/airflow/example_dags/example_short_circuit_operator.py
[2025-07-22T09:00:47.488+0000] {logging_mixin.py:188} INFO - [2025-07-22T09:00:47.488+0000] {dag.py:3096} INFO - Sync 1 DAGs
[2025-07-22T09:00:47.518+0000] {logging_mixin.py:188} INFO - [2025-07-22T09:00:47.518+0000] {dag.py:3954} INFO - Setting next_dagrun for example_short_circuit_operator to 2025-07-21 00:00:00+00:00, run_after=2025-07-22 00:00:00+00:00
[2025-07-22T09:00:47.545+0000] {processor.py:183} INFO - Processing /home/airflow/.local/lib/python3.12/site-packages/airflow/example_dags/example_short_circuit_operator.py took 0.115 seconds
[2025-07-22T09:01:18.294+0000] {processor.py:161} INFO - Started process (PID=1158) to work on /home/airflow/.local/lib/python3.12/site-packages/airflow/example_dags/example_short_circuit_operator.py
[2025-07-22T09:01:18.295+0000] {processor.py:830} INFO - Processing file /home/airflow/.local/lib/python3.12/site-packages/airflow/example_dags/example_short_circuit_operator.py for tasks to queue
[2025-07-22T09:01:18.297+0000] {logging_mixin.py:188} INFO - [2025-07-22T09:01:18.297+0000] {dagbag.py:545} INFO - Filling up the DagBag from /home/airflow/.local/lib/python3.12/site-packages/airflow/example_dags/example_short_circuit_operator.py
[2025-07-22T09:01:18.305+0000] {processor.py:840} INFO - DAG(s) 'example_short_circuit_operator' retrieved from /home/airflow/.local/lib/python3.12/site-packages/airflow/example_dags/example_short_circuit_operator.py
[2025-07-22T09:01:18.331+0000] {logging_mixin.py:188} INFO - [2025-07-22T09:01:18.331+0000] {dag.py:3096} INFO - Sync 1 DAGs
[2025-07-22T09:01:18.354+0000] {logging_mixin.py:188} INFO - [2025-07-22T09:01:18.354+0000] {dag.py:3954} INFO - Setting next_dagrun for example_short_circuit_operator to 2025-07-21 00:00:00+00:00, run_after=2025-07-22 00:00:00+00:00
[2025-07-22T09:01:18.375+0000] {processor.py:183} INFO - Processing /home/airflow/.local/lib/python3.12/site-packages/airflow/example_dags/example_short_circuit_operator.py took 0.087 seconds
[2025-07-22T09:01:48.552+0000] {processor.py:161} INFO - Started process (PID=1218) to work on /home/airflow/.local/lib/python3.12/site-packages/airflow/example_dags/example_short_circuit_operator.py
[2025-07-22T09:01:48.553+0000] {processor.py:830} INFO - Processing file /home/airflow/.local/lib/python3.12/site-packages/airflow/example_dags/example_short_circuit_operator.py for tasks to queue
[2025-07-22T09:01:48.555+0000] {logging_mixin.py:188} INFO - [2025-07-22T09:01:48.555+0000] {dagbag.py:545} INFO - Filling up the DagBag from /home/airflow/.local/lib/python3.12/site-packages/airflow/example_dags/example_short_circuit_operator.py
[2025-07-22T09:01:48.563+0000] {processor.py:840} INFO - DAG(s) 'example_short_circuit_operator' retrieved from /home/airflow/.local/lib/python3.12/site-packages/airflow/example_dags/example_short_circuit_operator.py
[2025-07-22T09:01:48.590+0000] {logging_mixin.py:188} INFO - [2025-07-22T09:01:48.589+0000] {dag.py:3096} INFO - Sync 1 DAGs
[2025-07-22T09:01:48.613+0000] {logging_mixin.py:188} INFO - [2025-07-22T09:01:48.612+0000] {dag.py:3954} INFO - Setting next_dagrun for example_short_circuit_operator to 2025-07-21 00:00:00+00:00, run_after=2025-07-22 00:00:00+00:00
[2025-07-22T09:01:48.634+0000] {processor.py:183} INFO - Processing /home/airflow/.local/lib/python3.12/site-packages/airflow/example_dags/example_short_circuit_operator.py took 0.088 seconds
[2025-07-22T09:02:18.781+0000] {processor.py:161} INFO - Started process (PID=1278) to work on /home/airflow/.local/lib/python3.12/site-packages/airflow/example_dags/example_short_circuit_operator.py
[2025-07-22T09:02:18.783+0000] {processor.py:830} INFO - Processing file /home/airflow/.local/lib/python3.12/site-packages/airflow/example_dags/example_short_circuit_operator.py for tasks to queue
[2025-07-22T09:02:18.785+0000] {logging_mixin.py:188} INFO - [2025-07-22T09:02:18.785+0000] {dagbag.py:545} INFO - Filling up the DagBag from /home/airflow/.local/lib/python3.12/site-packages/airflow/example_dags/example_short_circuit_operator.py
[2025-07-22T09:02:18.793+0000] {processor.py:840} INFO - DAG(s) 'example_short_circuit_operator' retrieved from /home/airflow/.local/lib/python3.12/site-packages/airflow/example_dags/example_short_circuit_operator.py
[2025-07-22T09:02:18.828+0000] {logging_mixin.py:188} INFO - [2025-07-22T09:02:18.828+0000] {dag.py:3096} INFO - Sync 1 DAGs
[2025-07-22T09:02:18.852+0000] {logging_mixin.py:188} INFO - [2025-07-22T09:02:18.852+0000] {dag.py:3954} INFO - Setting next_dagrun for example_short_circuit_operator to 2025-07-21 00:00:00+00:00, run_after=2025-07-22 00:00:00+00:00
[2025-07-22T09:02:18.872+0000] {processor.py:183} INFO - Processing /home/airflow/.local/lib/python3.12/site-packages/airflow/example_dags/example_short_circuit_operator.py took 0.099 seconds
[2025-07-22T09:02:49.382+0000] {processor.py:161} INFO - Started process (PID=1338) to work on /home/airflow/.local/lib/python3.12/site-packages/airflow/example_dags/example_short_circuit_operator.py
[2025-07-22T09:02:49.383+0000] {processor.py:830} INFO - Processing file /home/airflow/.local/lib/python3.12/site-packages/airflow/example_dags/example_short_circuit_operator.py for tasks to queue
[2025-07-22T09:02:49.386+0000] {logging_mixin.py:188} INFO - [2025-07-22T09:02:49.385+0000] {dagbag.py:545} INFO - Filling up the DagBag from /home/airflow/.local/lib/python3.12/site-packages/airflow/example_dags/example_short_circuit_operator.py
[2025-07-22T09:02:49.394+0000] {processor.py:840} INFO - DAG(s) 'example_short_circuit_operator' retrieved from /home/airflow/.local/lib/python3.12/site-packages/airflow/example_dags/example_short_circuit_operator.py
[2025-07-22T09:02:49.421+0000] {logging_mixin.py:188} INFO - [2025-07-22T09:02:49.421+0000] {dag.py:3096} INFO - Sync 1 DAGs
[2025-07-22T09:02:49.444+0000] {logging_mixin.py:188} INFO - [2025-07-22T09:02:49.444+0000] {dag.py:3954} INFO - Setting next_dagrun for example_short_circuit_operator to 2025-07-21 00:00:00+00:00, run_after=2025-07-22 00:00:00+00:00
[2025-07-22T09:02:49.465+0000] {processor.py:183} INFO - Processing /home/airflow/.local/lib/python3.12/site-packages/airflow/example_dags/example_short_circuit_operator.py took 0.090 seconds
[2025-07-22T09:03:19.795+0000] {processor.py:161} INFO - Started process (PID=1398) to work on /home/airflow/.local/lib/python3.12/site-packages/airflow/example_dags/example_short_circuit_operator.py
[2025-07-22T09:03:19.796+0000] {processor.py:830} INFO - Processing file /home/airflow/.local/lib/python3.12/site-packages/airflow/example_dags/example_short_circuit_operator.py for tasks to queue
[2025-07-22T09:03:19.799+0000] {logging_mixin.py:188} INFO - [2025-07-22T09:03:19.799+0000] {dagbag.py:545} INFO - Filling up the DagBag from /home/airflow/.local/lib/python3.12/site-packages/airflow/example_dags/example_short_circuit_operator.py
[2025-07-22T09:03:19.809+0000] {processor.py:840} INFO - DAG(s) 'example_short_circuit_operator' retrieved from /home/airflow/.local/lib/python3.12/site-packages/airflow/example_dags/example_short_circuit_operator.py
[2025-07-22T09:03:19.838+0000] {logging_mixin.py:188} INFO - [2025-07-22T09:03:19.838+0000] {dag.py:3096} INFO - Sync 1 DAGs
[2025-07-22T09:03:19.864+0000] {logging_mixin.py:188} INFO - [2025-07-22T09:03:19.864+0000] {dag.py:3954} INFO - Setting next_dagrun for example_short_circuit_operator to 2025-07-21 00:00:00+00:00, run_after=2025-07-22 00:00:00+00:00
[2025-07-22T09:03:19.888+0000] {processor.py:183} INFO - Processing /home/airflow/.local/lib/python3.12/site-packages/airflow/example_dags/example_short_circuit_operator.py took 0.100 seconds
[2025-07-22T09:03:49.997+0000] {processor.py:161} INFO - Started process (PID=1458) to work on /home/airflow/.local/lib/python3.12/site-packages/airflow/example_dags/example_short_circuit_operator.py
[2025-07-22T09:03:49.998+0000] {processor.py:830} INFO - Processing file /home/airflow/.local/lib/python3.12/site-packages/airflow/example_dags/example_short_circuit_operator.py for tasks to queue
[2025-07-22T09:03:50.000+0000] {logging_mixin.py:188} INFO - [2025-07-22T09:03:50.000+0000] {dagbag.py:545} INFO - Filling up the DagBag from /home/airflow/.local/lib/python3.12/site-packages/airflow/example_dags/example_short_circuit_operator.py
[2025-07-22T09:03:50.009+0000] {processor.py:840} INFO - DAG(s) 'example_short_circuit_operator' retrieved from /home/airflow/.local/lib/python3.12/site-packages/airflow/example_dags/example_short_circuit_operator.py
[2025-07-22T09:03:50.035+0000] {logging_mixin.py:188} INFO - [2025-07-22T09:03:50.035+0000] {dag.py:3096} INFO - Sync 1 DAGs
[2025-07-22T09:03:50.057+0000] {logging_mixin.py:188} INFO - [2025-07-22T09:03:50.056+0000] {dag.py:3954} INFO - Setting next_dagrun for example_short_circuit_operator to 2025-07-21 00:00:00+00:00, run_after=2025-07-22 00:00:00+00:00
[2025-07-22T09:03:50.075+0000] {processor.py:183} INFO - Processing /home/airflow/.local/lib/python3.12/site-packages/airflow/example_dags/example_short_circuit_operator.py took 0.085 seconds
[2025-07-22T09:04:20.685+0000] {processor.py:161} INFO - Started process (PID=1518) to work on /home/airflow/.local/lib/python3.12/site-packages/airflow/example_dags/example_short_circuit_operator.py
[2025-07-22T09:04:20.687+0000] {processor.py:830} INFO - Processing file /home/airflow/.local/lib/python3.12/site-packages/airflow/example_dags/example_short_circuit_operator.py for tasks to queue
[2025-07-22T09:04:20.689+0000] {logging_mixin.py:188} INFO - [2025-07-22T09:04:20.688+0000] {dagbag.py:545} INFO - Filling up the DagBag from /home/airflow/.local/lib/python3.12/site-packages/airflow/example_dags/example_short_circuit_operator.py
[2025-07-22T09:04:20.697+0000] {processor.py:840} INFO - DAG(s) 'example_short_circuit_operator' retrieved from /home/airflow/.local/lib/python3.12/site-packages/airflow/example_dags/example_short_circuit_operator.py
[2025-07-22T09:04:20.725+0000] {logging_mixin.py:188} INFO - [2025-07-22T09:04:20.724+0000] {dag.py:3096} INFO - Sync 1 DAGs
[2025-07-22T09:04:20.751+0000] {logging_mixin.py:188} INFO - [2025-07-22T09:04:20.751+0000] {dag.py:3954} INFO - Setting next_dagrun for example_short_circuit_operator to 2025-07-21 00:00:00+00:00, run_after=2025-07-22 00:00:00+00:00
[2025-07-22T09:04:20.773+0000] {processor.py:183} INFO - Processing /home/airflow/.local/lib/python3.12/site-packages/airflow/example_dags/example_short_circuit_operator.py took 0.096 seconds
[2025-07-22T09:04:51.133+0000] {processor.py:161} INFO - Started process (PID=1578) to work on /home/airflow/.local/lib/python3.12/site-packages/airflow/example_dags/example_short_circuit_operator.py
[2025-07-22T09:04:51.134+0000] {processor.py:830} INFO - Processing file /home/airflow/.local/lib/python3.12/site-packages/airflow/example_dags/example_short_circuit_operator.py for tasks to queue
[2025-07-22T09:04:51.137+0000] {logging_mixin.py:188} INFO - [2025-07-22T09:04:51.136+0000] {dagbag.py:545} INFO - Filling up the DagBag from /home/airflow/.local/lib/python3.12/site-packages/airflow/example_dags/example_short_circuit_operator.py
[2025-07-22T09:04:51.145+0000] {processor.py:840} INFO - DAG(s) 'example_short_circuit_operator' retrieved from /home/airflow/.local/lib/python3.12/site-packages/airflow/example_dags/example_short_circuit_operator.py
[2025-07-22T09:04:51.171+0000] {logging_mixin.py:188} INFO - [2025-07-22T09:04:51.171+0000] {dag.py:3096} INFO - Sync 1 DAGs
[2025-07-22T09:04:51.195+0000] {logging_mixin.py:188} INFO - [2025-07-22T09:04:51.195+0000] {dag.py:3954} INFO - Setting next_dagrun for example_short_circuit_operator to 2025-07-21 00:00:00+00:00, run_after=2025-07-22 00:00:00+00:00
[2025-07-22T09:04:51.215+0000] {processor.py:183} INFO - Processing /home/airflow/.local/lib/python3.12/site-packages/airflow/example_dags/example_short_circuit_operator.py took 0.088 seconds
[2025-07-22T09:05:22.153+0000] {processor.py:161} INFO - Started process (PID=1638) to work on /home/airflow/.local/lib/python3.12/site-packages/airflow/example_dags/example_short_circuit_operator.py
[2025-07-22T09:05:22.155+0000] {processor.py:830} INFO - Processing file /home/airflow/.local/lib/python3.12/site-packages/airflow/example_dags/example_short_circuit_operator.py for tasks to queue
[2025-07-22T09:05:22.157+0000] {logging_mixin.py:188} INFO - [2025-07-22T09:05:22.157+0000] {dagbag.py:545} INFO - Filling up the DagBag from /home/airflow/.local/lib/python3.12/site-packages/airflow/example_dags/example_short_circuit_operator.py
[2025-07-22T09:05:22.166+0000] {processor.py:840} INFO - DAG(s) 'example_short_circuit_operator' retrieved from /home/airflow/.local/lib/python3.12/site-packages/airflow/example_dags/example_short_circuit_operator.py
[2025-07-22T09:05:22.195+0000] {logging_mixin.py:188} INFO - [2025-07-22T09:05:22.195+0000] {dag.py:3096} INFO - Sync 1 DAGs
[2025-07-22T09:05:22.220+0000] {logging_mixin.py:188} INFO - [2025-07-22T09:05:22.220+0000] {dag.py:3954} INFO - Setting next_dagrun for example_short_circuit_operator to 2025-07-21 00:00:00+00:00, run_after=2025-07-22 00:00:00+00:00
[2025-07-22T09:05:22.243+0000] {processor.py:183} INFO - Processing /home/airflow/.local/lib/python3.12/site-packages/airflow/example_dags/example_short_circuit_operator.py took 0.097 seconds
[2025-07-22T09:05:52.401+0000] {processor.py:161} INFO - Started process (PID=1698) to work on /home/airflow/.local/lib/python3.12/site-packages/airflow/example_dags/example_short_circuit_operator.py
[2025-07-22T09:05:52.402+0000] {processor.py:830} INFO - Processing file /home/airflow/.local/lib/python3.12/site-packages/airflow/example_dags/example_short_circuit_operator.py for tasks to queue
[2025-07-22T09:05:52.404+0000] {logging_mixin.py:188} INFO - [2025-07-22T09:05:52.404+0000] {dagbag.py:545} INFO - Filling up the DagBag from /home/airflow/.local/lib/python3.12/site-packages/airflow/example_dags/example_short_circuit_operator.py
[2025-07-22T09:05:52.412+0000] {processor.py:840} INFO - DAG(s) 'example_short_circuit_operator' retrieved from /home/airflow/.local/lib/python3.12/site-packages/airflow/example_dags/example_short_circuit_operator.py
[2025-07-22T09:05:52.438+0000] {logging_mixin.py:188} INFO - [2025-07-22T09:05:52.437+0000] {dag.py:3096} INFO - Sync 1 DAGs
[2025-07-22T09:05:52.460+0000] {logging_mixin.py:188} INFO - [2025-07-22T09:05:52.459+0000] {dag.py:3954} INFO - Setting next_dagrun for example_short_circuit_operator to 2025-07-21 00:00:00+00:00, run_after=2025-07-22 00:00:00+00:00
[2025-07-22T09:05:52.482+0000] {processor.py:183} INFO - Processing /home/airflow/.local/lib/python3.12/site-packages/airflow/example_dags/example_short_circuit_operator.py took 0.088 seconds
[2025-07-22T09:06:22.868+0000] {processor.py:161} INFO - Started process (PID=1758) to work on /home/airflow/.local/lib/python3.12/site-packages/airflow/example_dags/example_short_circuit_operator.py
[2025-07-22T09:06:22.870+0000] {processor.py:830} INFO - Processing file /home/airflow/.local/lib/python3.12/site-packages/airflow/example_dags/example_short_circuit_operator.py for tasks to queue
[2025-07-22T09:06:22.872+0000] {logging_mixin.py:188} INFO - [2025-07-22T09:06:22.872+0000] {dagbag.py:545} INFO - Filling up the DagBag from /home/airflow/.local/lib/python3.12/site-packages/airflow/example_dags/example_short_circuit_operator.py
[2025-07-22T09:06:22.882+0000] {processor.py:840} INFO - DAG(s) 'example_short_circuit_operator' retrieved from /home/airflow/.local/lib/python3.12/site-packages/airflow/example_dags/example_short_circuit_operator.py
[2025-07-22T09:06:22.913+0000] {logging_mixin.py:188} INFO - [2025-07-22T09:06:22.913+0000] {dag.py:3096} INFO - Sync 1 DAGs
[2025-07-22T09:06:22.946+0000] {logging_mixin.py:188} INFO - [2025-07-22T09:06:22.946+0000] {dag.py:3954} INFO - Setting next_dagrun for example_short_circuit_operator to 2025-07-21 00:00:00+00:00, run_after=2025-07-22 00:00:00+00:00
[2025-07-22T09:06:22.973+0000] {processor.py:183} INFO - Processing /home/airflow/.local/lib/python3.12/site-packages/airflow/example_dags/example_short_circuit_operator.py took 0.113 seconds
[2025-07-22T09:06:53.104+0000] {processor.py:161} INFO - Started process (PID=1818) to work on /home/airflow/.local/lib/python3.12/site-packages/airflow/example_dags/example_short_circuit_operator.py
[2025-07-22T09:06:53.106+0000] {processor.py:830} INFO - Processing file /home/airflow/.local/lib/python3.12/site-packages/airflow/example_dags/example_short_circuit_operator.py for tasks to queue
[2025-07-22T09:06:53.109+0000] {logging_mixin.py:188} INFO - [2025-07-22T09:06:53.108+0000] {dagbag.py:545} INFO - Filling up the DagBag from /home/airflow/.local/lib/python3.12/site-packages/airflow/example_dags/example_short_circuit_operator.py
[2025-07-22T09:06:53.125+0000] {processor.py:840} INFO - DAG(s) 'example_short_circuit_operator' retrieved from /home/airflow/.local/lib/python3.12/site-packages/airflow/example_dags/example_short_circuit_operator.py
[2025-07-22T09:06:53.159+0000] {logging_mixin.py:188} INFO - [2025-07-22T09:06:53.159+0000] {dag.py:3096} INFO - Sync 1 DAGs
[2025-07-22T09:06:53.188+0000] {logging_mixin.py:188} INFO - [2025-07-22T09:06:53.188+0000] {dag.py:3954} INFO - Setting next_dagrun for example_short_circuit_operator to 2025-07-21 00:00:00+00:00, run_after=2025-07-22 00:00:00+00:00
[2025-07-22T09:06:53.208+0000] {processor.py:183} INFO - Processing /home/airflow/.local/lib/python3.12/site-packages/airflow/example_dags/example_short_circuit_operator.py took 0.116 seconds
[2025-07-22T09:07:23.382+0000] {processor.py:161} INFO - Started process (PID=1878) to work on /home/airflow/.local/lib/python3.12/site-packages/airflow/example_dags/example_short_circuit_operator.py
[2025-07-22T09:07:23.383+0000] {processor.py:830} INFO - Processing file /home/airflow/.local/lib/python3.12/site-packages/airflow/example_dags/example_short_circuit_operator.py for tasks to queue
[2025-07-22T09:07:23.386+0000] {logging_mixin.py:188} INFO - [2025-07-22T09:07:23.385+0000] {dagbag.py:545} INFO - Filling up the DagBag from /home/airflow/.local/lib/python3.12/site-packages/airflow/example_dags/example_short_circuit_operator.py
[2025-07-22T09:07:23.394+0000] {processor.py:840} INFO - DAG(s) 'example_short_circuit_operator' retrieved from /home/airflow/.local/lib/python3.12/site-packages/airflow/example_dags/example_short_circuit_operator.py
[2025-07-22T09:07:23.422+0000] {logging_mixin.py:188} INFO - [2025-07-22T09:07:23.422+0000] {dag.py:3096} INFO - Sync 1 DAGs
[2025-07-22T09:07:23.448+0000] {logging_mixin.py:188} INFO - [2025-07-22T09:07:23.448+0000] {dag.py:3954} INFO - Setting next_dagrun for example_short_circuit_operator to 2025-07-21 00:00:00+00:00, run_after=2025-07-22 00:00:00+00:00
[2025-07-22T09:07:23.472+0000] {processor.py:183} INFO - Processing /home/airflow/.local/lib/python3.12/site-packages/airflow/example_dags/example_short_circuit_operator.py took 0.100 seconds
[2025-07-22T09:07:55.422+0000] {processor.py:161} INFO - Started process (PID=1938) to work on /home/airflow/.local/lib/python3.12/site-packages/airflow/example_dags/example_short_circuit_operator.py
[2025-07-22T09:07:55.423+0000] {processor.py:830} INFO - Processing file /home/airflow/.local/lib/python3.12/site-packages/airflow/example_dags/example_short_circuit_operator.py for tasks to queue
[2025-07-22T09:07:55.426+0000] {logging_mixin.py:188} INFO - [2025-07-22T09:07:55.425+0000] {dagbag.py:545} INFO - Filling up the DagBag from /home/airflow/.local/lib/python3.12/site-packages/airflow/example_dags/example_short_circuit_operator.py
[2025-07-22T09:07:55.435+0000] {processor.py:840} INFO - DAG(s) 'example_short_circuit_operator' retrieved from /home/airflow/.local/lib/python3.12/site-packages/airflow/example_dags/example_short_circuit_operator.py
[2025-07-22T09:07:55.464+0000] {logging_mixin.py:188} INFO - [2025-07-22T09:07:55.463+0000] {dag.py:3096} INFO - Sync 1 DAGs
[2025-07-22T09:07:55.494+0000] {logging_mixin.py:188} INFO - [2025-07-22T09:07:55.493+0000] {dag.py:3954} INFO - Setting next_dagrun for example_short_circuit_operator to 2025-07-21 00:00:00+00:00, run_after=2025-07-22 00:00:00+00:00
[2025-07-22T09:07:55.517+0000] {processor.py:183} INFO - Processing /home/airflow/.local/lib/python3.12/site-packages/airflow/example_dags/example_short_circuit_operator.py took 0.102 seconds
[2025-07-22T09:08:26.112+0000] {processor.py:161} INFO - Started process (PID=1998) to work on /home/airflow/.local/lib/python3.12/site-packages/airflow/example_dags/example_short_circuit_operator.py
[2025-07-22T09:08:26.114+0000] {processor.py:830} INFO - Processing file /home/airflow/.local/lib/python3.12/site-packages/airflow/example_dags/example_short_circuit_operator.py for tasks to queue
[2025-07-22T09:08:26.116+0000] {logging_mixin.py:188} INFO - [2025-07-22T09:08:26.116+0000] {dagbag.py:545} INFO - Filling up the DagBag from /home/airflow/.local/lib/python3.12/site-packages/airflow/example_dags/example_short_circuit_operator.py
[2025-07-22T09:08:26.126+0000] {processor.py:840} INFO - DAG(s) 'example_short_circuit_operator' retrieved from /home/airflow/.local/lib/python3.12/site-packages/airflow/example_dags/example_short_circuit_operator.py
[2025-07-22T09:08:26.162+0000] {logging_mixin.py:188} INFO - [2025-07-22T09:08:26.161+0000] {dag.py:3096} INFO - Sync 1 DAGs
[2025-07-22T09:08:26.191+0000] {logging_mixin.py:188} INFO - [2025-07-22T09:08:26.191+0000] {dag.py:3954} INFO - Setting next_dagrun for example_short_circuit_operator to 2025-07-21 00:00:00+00:00, run_after=2025-07-22 00:00:00+00:00
[2025-07-22T09:08:26.214+0000] {processor.py:183} INFO - Processing /home/airflow/.local/lib/python3.12/site-packages/airflow/example_dags/example_short_circuit_operator.py took 0.110 seconds
[2025-07-22T09:08:57.201+0000] {processor.py:161} INFO - Started process (PID=2058) to work on /home/airflow/.local/lib/python3.12/site-packages/airflow/example_dags/example_short_circuit_operator.py
[2025-07-22T09:08:57.203+0000] {processor.py:830} INFO - Processing file /home/airflow/.local/lib/python3.12/site-packages/airflow/example_dags/example_short_circuit_operator.py for tasks to queue
[2025-07-22T09:08:57.206+0000] {logging_mixin.py:188} INFO - [2025-07-22T09:08:57.206+0000] {dagbag.py:545} INFO - Filling up the DagBag from /home/airflow/.local/lib/python3.12/site-packages/airflow/example_dags/example_short_circuit_operator.py
[2025-07-22T09:08:57.216+0000] {processor.py:840} INFO - DAG(s) 'example_short_circuit_operator' retrieved from /home/airflow/.local/lib/python3.12/site-packages/airflow/example_dags/example_short_circuit_operator.py
[2025-07-22T09:08:57.250+0000] {logging_mixin.py:188} INFO - [2025-07-22T09:08:57.250+0000] {dag.py:3096} INFO - Sync 1 DAGs
[2025-07-22T09:08:57.283+0000] {logging_mixin.py:188} INFO - [2025-07-22T09:08:57.283+0000] {dag.py:3954} INFO - Setting next_dagrun for example_short_circuit_operator to 2025-07-21 00:00:00+00:00, run_after=2025-07-22 00:00:00+00:00
[2025-07-22T09:08:57.311+0000] {processor.py:183} INFO - Processing /home/airflow/.local/lib/python3.12/site-packages/airflow/example_dags/example_short_circuit_operator.py took 0.118 seconds
[2025-07-22T09:09:28.555+0000] {processor.py:161} INFO - Started process (PID=2118) to work on /home/airflow/.local/lib/python3.12/site-packages/airflow/example_dags/example_short_circuit_operator.py
[2025-07-22T09:09:28.557+0000] {processor.py:830} INFO - Processing file /home/airflow/.local/lib/python3.12/site-packages/airflow/example_dags/example_short_circuit_operator.py for tasks to queue
[2025-07-22T09:09:28.559+0000] {logging_mixin.py:188} INFO - [2025-07-22T09:09:28.559+0000] {dagbag.py:545} INFO - Filling up the DagBag from /home/airflow/.local/lib/python3.12/site-packages/airflow/example_dags/example_short_circuit_operator.py
[2025-07-22T09:09:28.568+0000] {processor.py:840} INFO - DAG(s) 'example_short_circuit_operator' retrieved from /home/airflow/.local/lib/python3.12/site-packages/airflow/example_dags/example_short_circuit_operator.py
[2025-07-22T09:09:28.596+0000] {logging_mixin.py:188} INFO - [2025-07-22T09:09:28.595+0000] {dag.py:3096} INFO - Sync 1 DAGs
[2025-07-22T09:09:28.619+0000] {logging_mixin.py:188} INFO - [2025-07-22T09:09:28.619+0000] {dag.py:3954} INFO - Setting next_dagrun for example_short_circuit_operator to 2025-07-21 00:00:00+00:00, run_after=2025-07-22 00:00:00+00:00
[2025-07-22T09:09:28.639+0000] {processor.py:183} INFO - Processing /home/airflow/.local/lib/python3.12/site-packages/airflow/example_dags/example_short_circuit_operator.py took 0.091 seconds
[2025-07-22T09:09:58.999+0000] {processor.py:161} INFO - Started process (PID=2178) to work on /home/airflow/.local/lib/python3.12/site-packages/airflow/example_dags/example_short_circuit_operator.py
[2025-07-22T09:09:59.000+0000] {processor.py:830} INFO - Processing file /home/airflow/.local/lib/python3.12/site-packages/airflow/example_dags/example_short_circuit_operator.py for tasks to queue
[2025-07-22T09:09:59.002+0000] {logging_mixin.py:188} INFO - [2025-07-22T09:09:59.002+0000] {dagbag.py:545} INFO - Filling up the DagBag from /home/airflow/.local/lib/python3.12/site-packages/airflow/example_dags/example_short_circuit_operator.py
[2025-07-22T09:09:59.012+0000] {processor.py:840} INFO - DAG(s) 'example_short_circuit_operator' retrieved from /home/airflow/.local/lib/python3.12/site-packages/airflow/example_dags/example_short_circuit_operator.py
[2025-07-22T09:09:59.040+0000] {logging_mixin.py:188} INFO - [2025-07-22T09:09:59.039+0000] {dag.py:3096} INFO - Sync 1 DAGs
[2025-07-22T09:09:59.064+0000] {logging_mixin.py:188} INFO - [2025-07-22T09:09:59.064+0000] {dag.py:3954} INFO - Setting next_dagrun for example_short_circuit_operator to 2025-07-21 00:00:00+00:00, run_after=2025-07-22 00:00:00+00:00
[2025-07-22T09:09:59.218+0000] {processor.py:183} INFO - Processing /home/airflow/.local/lib/python3.12/site-packages/airflow/example_dags/example_short_circuit_operator.py took 0.227 seconds
[2025-07-22T09:10:29.892+0000] {processor.py:161} INFO - Started process (PID=2238) to work on /home/airflow/.local/lib/python3.12/site-packages/airflow/example_dags/example_short_circuit_operator.py
[2025-07-22T09:10:29.894+0000] {processor.py:830} INFO - Processing file /home/airflow/.local/lib/python3.12/site-packages/airflow/example_dags/example_short_circuit_operator.py for tasks to queue
[2025-07-22T09:10:29.896+0000] {logging_mixin.py:188} INFO - [2025-07-22T09:10:29.896+0000] {dagbag.py:545} INFO - Filling up the DagBag from /home/airflow/.local/lib/python3.12/site-packages/airflow/example_dags/example_short_circuit_operator.py
[2025-07-22T09:10:29.905+0000] {processor.py:840} INFO - DAG(s) 'example_short_circuit_operator' retrieved from /home/airflow/.local/lib/python3.12/site-packages/airflow/example_dags/example_short_circuit_operator.py
[2025-07-22T09:10:29.938+0000] {logging_mixin.py:188} INFO - [2025-07-22T09:10:29.938+0000] {dag.py:3096} INFO - Sync 1 DAGs
[2025-07-22T09:10:29.963+0000] {logging_mixin.py:188} INFO - [2025-07-22T09:10:29.962+0000] {dag.py:3954} INFO - Setting next_dagrun for example_short_circuit_operator to 2025-07-21 00:00:00+00:00, run_after=2025-07-22 00:00:00+00:00
[2025-07-22T09:10:29.984+0000] {processor.py:183} INFO - Processing /home/airflow/.local/lib/python3.12/site-packages/airflow/example_dags/example_short_circuit_operator.py took 0.098 seconds
[2025-07-22T09:11:00.305+0000] {processor.py:161} INFO - Started process (PID=2298) to work on /home/airflow/.local/lib/python3.12/site-packages/airflow/example_dags/example_short_circuit_operator.py
[2025-07-22T09:11:00.307+0000] {processor.py:830} INFO - Processing file /home/airflow/.local/lib/python3.12/site-packages/airflow/example_dags/example_short_circuit_operator.py for tasks to queue
[2025-07-22T09:11:00.309+0000] {logging_mixin.py:188} INFO - [2025-07-22T09:11:00.308+0000] {dagbag.py:545} INFO - Filling up the DagBag from /home/airflow/.local/lib/python3.12/site-packages/airflow/example_dags/example_short_circuit_operator.py
[2025-07-22T09:11:00.317+0000] {processor.py:840} INFO - DAG(s) 'example_short_circuit_operator' retrieved from /home/airflow/.local/lib/python3.12/site-packages/airflow/example_dags/example_short_circuit_operator.py
[2025-07-22T09:11:00.342+0000] {logging_mixin.py:188} INFO - [2025-07-22T09:11:00.342+0000] {dag.py:3096} INFO - Sync 1 DAGs
[2025-07-22T09:11:00.367+0000] {logging_mixin.py:188} INFO - [2025-07-22T09:11:00.367+0000] {dag.py:3954} INFO - Setting next_dagrun for example_short_circuit_operator to 2025-07-21 00:00:00+00:00, run_after=2025-07-22 00:00:00+00:00
[2025-07-22T09:11:00.388+0000] {processor.py:183} INFO - Processing /home/airflow/.local/lib/python3.12/site-packages/airflow/example_dags/example_short_circuit_operator.py took 0.090 seconds
[2025-07-22T09:11:31.010+0000] {processor.py:161} INFO - Started process (PID=2358) to work on /home/airflow/.local/lib/python3.12/site-packages/airflow/example_dags/example_short_circuit_operator.py
[2025-07-22T09:11:31.012+0000] {processor.py:830} INFO - Processing file /home/airflow/.local/lib/python3.12/site-packages/airflow/example_dags/example_short_circuit_operator.py for tasks to queue
[2025-07-22T09:11:31.014+0000] {logging_mixin.py:188} INFO - [2025-07-22T09:11:31.014+0000] {dagbag.py:545} INFO - Filling up the DagBag from /home/airflow/.local/lib/python3.12/site-packages/airflow/example_dags/example_short_circuit_operator.py
[2025-07-22T09:11:31.023+0000] {processor.py:840} INFO - DAG(s) 'example_short_circuit_operator' retrieved from /home/airflow/.local/lib/python3.12/site-packages/airflow/example_dags/example_short_circuit_operator.py
[2025-07-22T09:11:31.053+0000] {logging_mixin.py:188} INFO - [2025-07-22T09:11:31.053+0000] {dag.py:3096} INFO - Sync 1 DAGs
[2025-07-22T09:11:31.082+0000] {logging_mixin.py:188} INFO - [2025-07-22T09:11:31.081+0000] {dag.py:3954} INFO - Setting next_dagrun for example_short_circuit_operator to 2025-07-21 00:00:00+00:00, run_after=2025-07-22 00:00:00+00:00
[2025-07-22T09:11:31.104+0000] {processor.py:183} INFO - Processing /home/airflow/.local/lib/python3.12/site-packages/airflow/example_dags/example_short_circuit_operator.py took 0.102 seconds
[2025-07-22T09:12:01.844+0000] {processor.py:161} INFO - Started process (PID=2418) to work on /home/airflow/.local/lib/python3.12/site-packages/airflow/example_dags/example_short_circuit_operator.py
[2025-07-22T09:12:01.845+0000] {processor.py:830} INFO - Processing file /home/airflow/.local/lib/python3.12/site-packages/airflow/example_dags/example_short_circuit_operator.py for tasks to queue
[2025-07-22T09:12:01.848+0000] {logging_mixin.py:188} INFO - [2025-07-22T09:12:01.847+0000] {dagbag.py:545} INFO - Filling up the DagBag from /home/airflow/.local/lib/python3.12/site-packages/airflow/example_dags/example_short_circuit_operator.py
[2025-07-22T09:12:01.860+0000] {processor.py:840} INFO - DAG(s) 'example_short_circuit_operator' retrieved from /home/airflow/.local/lib/python3.12/site-packages/airflow/example_dags/example_short_circuit_operator.py
[2025-07-22T09:12:01.896+0000] {logging_mixin.py:188} INFO - [2025-07-22T09:12:01.896+0000] {dag.py:3096} INFO - Sync 1 DAGs
[2025-07-22T09:12:01.932+0000] {logging_mixin.py:188} INFO - [2025-07-22T09:12:01.932+0000] {dag.py:3954} INFO - Setting next_dagrun for example_short_circuit_operator to 2025-07-21 00:00:00+00:00, run_after=2025-07-22 00:00:00+00:00
[2025-07-22T09:12:01.967+0000] {processor.py:183} INFO - Processing /home/airflow/.local/lib/python3.12/site-packages/airflow/example_dags/example_short_circuit_operator.py took 0.133 seconds
[2025-07-22T09:12:33.001+0000] {processor.py:161} INFO - Started process (PID=2478) to work on /home/airflow/.local/lib/python3.12/site-packages/airflow/example_dags/example_short_circuit_operator.py
[2025-07-22T09:12:33.003+0000] {processor.py:830} INFO - Processing file /home/airflow/.local/lib/python3.12/site-packages/airflow/example_dags/example_short_circuit_operator.py for tasks to queue
[2025-07-22T09:12:33.006+0000] {logging_mixin.py:188} INFO - [2025-07-22T09:12:33.005+0000] {dagbag.py:545} INFO - Filling up the DagBag from /home/airflow/.local/lib/python3.12/site-packages/airflow/example_dags/example_short_circuit_operator.py
[2025-07-22T09:12:33.019+0000] {processor.py:840} INFO - DAG(s) 'example_short_circuit_operator' retrieved from /home/airflow/.local/lib/python3.12/site-packages/airflow/example_dags/example_short_circuit_operator.py
[2025-07-22T09:12:33.055+0000] {logging_mixin.py:188} INFO - [2025-07-22T09:12:33.055+0000] {dag.py:3096} INFO - Sync 1 DAGs
[2025-07-22T09:12:33.112+0000] {logging_mixin.py:188} INFO - [2025-07-22T09:12:33.111+0000] {dag.py:3954} INFO - Setting next_dagrun for example_short_circuit_operator to 2025-07-21 00:00:00+00:00, run_after=2025-07-22 00:00:00+00:00
[2025-07-22T09:12:33.156+0000] {processor.py:183} INFO - Processing /home/airflow/.local/lib/python3.12/site-packages/airflow/example_dags/example_short_circuit_operator.py took 0.166 seconds
[2025-07-22T09:13:03.830+0000] {processor.py:161} INFO - Started process (PID=2538) to work on /home/airflow/.local/lib/python3.12/site-packages/airflow/example_dags/example_short_circuit_operator.py
[2025-07-22T09:13:03.832+0000] {processor.py:830} INFO - Processing file /home/airflow/.local/lib/python3.12/site-packages/airflow/example_dags/example_short_circuit_operator.py for tasks to queue
[2025-07-22T09:13:03.834+0000] {logging_mixin.py:188} INFO - [2025-07-22T09:13:03.834+0000] {dagbag.py:545} INFO - Filling up the DagBag from /home/airflow/.local/lib/python3.12/site-packages/airflow/example_dags/example_short_circuit_operator.py
[2025-07-22T09:13:03.842+0000] {processor.py:840} INFO - DAG(s) 'example_short_circuit_operator' retrieved from /home/airflow/.local/lib/python3.12/site-packages/airflow/example_dags/example_short_circuit_operator.py
[2025-07-22T09:13:03.870+0000] {logging_mixin.py:188} INFO - [2025-07-22T09:13:03.870+0000] {dag.py:3096} INFO - Sync 1 DAGs
[2025-07-22T09:13:03.895+0000] {logging_mixin.py:188} INFO - [2025-07-22T09:13:03.895+0000] {dag.py:3954} INFO - Setting next_dagrun for example_short_circuit_operator to 2025-07-21 00:00:00+00:00, run_after=2025-07-22 00:00:00+00:00
[2025-07-22T09:13:03.921+0000] {processor.py:183} INFO - Processing /home/airflow/.local/lib/python3.12/site-packages/airflow/example_dags/example_short_circuit_operator.py took 0.098 seconds
[2025-07-22T09:13:34.262+0000] {processor.py:161} INFO - Started process (PID=2598) to work on /home/airflow/.local/lib/python3.12/site-packages/airflow/example_dags/example_short_circuit_operator.py
[2025-07-22T09:13:34.263+0000] {processor.py:830} INFO - Processing file /home/airflow/.local/lib/python3.12/site-packages/airflow/example_dags/example_short_circuit_operator.py for tasks to queue
[2025-07-22T09:13:34.266+0000] {logging_mixin.py:188} INFO - [2025-07-22T09:13:34.266+0000] {dagbag.py:545} INFO - Filling up the DagBag from /home/airflow/.local/lib/python3.12/site-packages/airflow/example_dags/example_short_circuit_operator.py
[2025-07-22T09:13:34.277+0000] {processor.py:840} INFO - DAG(s) 'example_short_circuit_operator' retrieved from /home/airflow/.local/lib/python3.12/site-packages/airflow/example_dags/example_short_circuit_operator.py
[2025-07-22T09:13:34.310+0000] {logging_mixin.py:188} INFO - [2025-07-22T09:13:34.310+0000] {dag.py:3096} INFO - Sync 1 DAGs
[2025-07-22T09:13:34.343+0000] {logging_mixin.py:188} INFO - [2025-07-22T09:13:34.342+0000] {dag.py:3954} INFO - Setting next_dagrun for example_short_circuit_operator to 2025-07-21 00:00:00+00:00, run_after=2025-07-22 00:00:00+00:00
[2025-07-22T09:13:34.371+0000] {processor.py:183} INFO - Processing /home/airflow/.local/lib/python3.12/site-packages/airflow/example_dags/example_short_circuit_operator.py took 0.118 seconds
[2025-07-22T09:14:04.448+0000] {processor.py:161} INFO - Started process (PID=2665) to work on /home/airflow/.local/lib/python3.12/site-packages/airflow/example_dags/example_short_circuit_operator.py
[2025-07-22T09:14:04.449+0000] {processor.py:830} INFO - Processing file /home/airflow/.local/lib/python3.12/site-packages/airflow/example_dags/example_short_circuit_operator.py for tasks to queue
[2025-07-22T09:14:04.452+0000] {logging_mixin.py:188} INFO - [2025-07-22T09:14:04.451+0000] {dagbag.py:545} INFO - Filling up the DagBag from /home/airflow/.local/lib/python3.12/site-packages/airflow/example_dags/example_short_circuit_operator.py
[2025-07-22T09:14:04.462+0000] {processor.py:840} INFO - DAG(s) 'example_short_circuit_operator' retrieved from /home/airflow/.local/lib/python3.12/site-packages/airflow/example_dags/example_short_circuit_operator.py
[2025-07-22T09:14:04.494+0000] {logging_mixin.py:188} INFO - [2025-07-22T09:14:04.494+0000] {dag.py:3096} INFO - Sync 1 DAGs
[2025-07-22T09:14:04.522+0000] {logging_mixin.py:188} INFO - [2025-07-22T09:14:04.522+0000] {dag.py:3954} INFO - Setting next_dagrun for example_short_circuit_operator to 2025-07-21 00:00:00+00:00, run_after=2025-07-22 00:00:00+00:00
[2025-07-22T09:14:04.548+0000] {processor.py:183} INFO - Processing /home/airflow/.local/lib/python3.12/site-packages/airflow/example_dags/example_short_circuit_operator.py took 0.108 seconds
[2025-07-22T09:14:34.731+0000] {processor.py:161} INFO - Started process (PID=2726) to work on /home/airflow/.local/lib/python3.12/site-packages/airflow/example_dags/example_short_circuit_operator.py
[2025-07-22T09:14:34.732+0000] {processor.py:830} INFO - Processing file /home/airflow/.local/lib/python3.12/site-packages/airflow/example_dags/example_short_circuit_operator.py for tasks to queue
[2025-07-22T09:14:34.735+0000] {logging_mixin.py:188} INFO - [2025-07-22T09:14:34.734+0000] {dagbag.py:545} INFO - Filling up the DagBag from /home/airflow/.local/lib/python3.12/site-packages/airflow/example_dags/example_short_circuit_operator.py
[2025-07-22T09:14:34.745+0000] {processor.py:840} INFO - DAG(s) 'example_short_circuit_operator' retrieved from /home/airflow/.local/lib/python3.12/site-packages/airflow/example_dags/example_short_circuit_operator.py
[2025-07-22T09:14:34.778+0000] {logging_mixin.py:188} INFO - [2025-07-22T09:14:34.778+0000] {dag.py:3096} INFO - Sync 1 DAGs
[2025-07-22T09:14:34.812+0000] {logging_mixin.py:188} INFO - [2025-07-22T09:14:34.812+0000] {dag.py:3954} INFO - Setting next_dagrun for example_short_circuit_operator to 2025-07-21 00:00:00+00:00, run_after=2025-07-22 00:00:00+00:00
[2025-07-22T09:14:34.839+0000] {processor.py:183} INFO - Processing /home/airflow/.local/lib/python3.12/site-packages/airflow/example_dags/example_short_circuit_operator.py took 0.116 seconds
[2025-07-22T09:15:04.927+0000] {processor.py:161} INFO - Started process (PID=2785) to work on /home/airflow/.local/lib/python3.12/site-packages/airflow/example_dags/example_short_circuit_operator.py
[2025-07-22T09:15:04.929+0000] {processor.py:830} INFO - Processing file /home/airflow/.local/lib/python3.12/site-packages/airflow/example_dags/example_short_circuit_operator.py for tasks to queue
[2025-07-22T09:15:04.932+0000] {logging_mixin.py:188} INFO - [2025-07-22T09:15:04.932+0000] {dagbag.py:545} INFO - Filling up the DagBag from /home/airflow/.local/lib/python3.12/site-packages/airflow/example_dags/example_short_circuit_operator.py
[2025-07-22T09:15:04.955+0000] {processor.py:840} INFO - DAG(s) 'example_short_circuit_operator' retrieved from /home/airflow/.local/lib/python3.12/site-packages/airflow/example_dags/example_short_circuit_operator.py
[2025-07-22T09:15:04.993+0000] {logging_mixin.py:188} INFO - [2025-07-22T09:15:04.993+0000] {dag.py:3096} INFO - Sync 1 DAGs
[2025-07-22T09:15:05.043+0000] {logging_mixin.py:188} INFO - [2025-07-22T09:15:05.042+0000] {dag.py:3954} INFO - Setting next_dagrun for example_short_circuit_operator to 2025-07-21 00:00:00+00:00, run_after=2025-07-22 00:00:00+00:00
[2025-07-22T09:15:05.086+0000] {processor.py:183} INFO - Processing /home/airflow/.local/lib/python3.12/site-packages/airflow/example_dags/example_short_circuit_operator.py took 0.167 seconds
[2025-07-22T09:15:35.195+0000] {processor.py:161} INFO - Started process (PID=2843) to work on /home/airflow/.local/lib/python3.12/site-packages/airflow/example_dags/example_short_circuit_operator.py
[2025-07-22T09:15:35.196+0000] {processor.py:830} INFO - Processing file /home/airflow/.local/lib/python3.12/site-packages/airflow/example_dags/example_short_circuit_operator.py for tasks to queue
[2025-07-22T09:15:35.198+0000] {logging_mixin.py:188} INFO - [2025-07-22T09:15:35.198+0000] {dagbag.py:545} INFO - Filling up the DagBag from /home/airflow/.local/lib/python3.12/site-packages/airflow/example_dags/example_short_circuit_operator.py
[2025-07-22T09:15:35.208+0000] {processor.py:840} INFO - DAG(s) 'example_short_circuit_operator' retrieved from /home/airflow/.local/lib/python3.12/site-packages/airflow/example_dags/example_short_circuit_operator.py
[2025-07-22T09:15:35.240+0000] {logging_mixin.py:188} INFO - [2025-07-22T09:15:35.239+0000] {dag.py:3096} INFO - Sync 1 DAGs
[2025-07-22T09:15:35.271+0000] {logging_mixin.py:188} INFO - [2025-07-22T09:15:35.271+0000] {dag.py:3954} INFO - Setting next_dagrun for example_short_circuit_operator to 2025-07-21 00:00:00+00:00, run_after=2025-07-22 00:00:00+00:00
[2025-07-22T09:15:35.297+0000] {processor.py:183} INFO - Processing /home/airflow/.local/lib/python3.12/site-packages/airflow/example_dags/example_short_circuit_operator.py took 0.110 seconds
[2025-07-22T09:16:05.485+0000] {processor.py:161} INFO - Started process (PID=2903) to work on /home/airflow/.local/lib/python3.12/site-packages/airflow/example_dags/example_short_circuit_operator.py
[2025-07-22T09:16:05.486+0000] {processor.py:830} INFO - Processing file /home/airflow/.local/lib/python3.12/site-packages/airflow/example_dags/example_short_circuit_operator.py for tasks to queue
[2025-07-22T09:16:05.489+0000] {logging_mixin.py:188} INFO - [2025-07-22T09:16:05.489+0000] {dagbag.py:545} INFO - Filling up the DagBag from /home/airflow/.local/lib/python3.12/site-packages/airflow/example_dags/example_short_circuit_operator.py
[2025-07-22T09:16:05.499+0000] {processor.py:840} INFO - DAG(s) 'example_short_circuit_operator' retrieved from /home/airflow/.local/lib/python3.12/site-packages/airflow/example_dags/example_short_circuit_operator.py
[2025-07-22T09:16:05.529+0000] {logging_mixin.py:188} INFO - [2025-07-22T09:16:05.529+0000] {dag.py:3096} INFO - Sync 1 DAGs
[2025-07-22T09:16:05.555+0000] {logging_mixin.py:188} INFO - [2025-07-22T09:16:05.555+0000] {dag.py:3954} INFO - Setting next_dagrun for example_short_circuit_operator to 2025-07-21 00:00:00+00:00, run_after=2025-07-22 00:00:00+00:00
[2025-07-22T09:16:05.578+0000] {processor.py:183} INFO - Processing /home/airflow/.local/lib/python3.12/site-packages/airflow/example_dags/example_short_circuit_operator.py took 0.101 seconds
[2025-07-22T09:16:35.804+0000] {processor.py:161} INFO - Started process (PID=2963) to work on /home/airflow/.local/lib/python3.12/site-packages/airflow/example_dags/example_short_circuit_operator.py
[2025-07-22T09:16:35.806+0000] {processor.py:830} INFO - Processing file /home/airflow/.local/lib/python3.12/site-packages/airflow/example_dags/example_short_circuit_operator.py for tasks to queue
[2025-07-22T09:16:35.809+0000] {logging_mixin.py:188} INFO - [2025-07-22T09:16:35.809+0000] {dagbag.py:545} INFO - Filling up the DagBag from /home/airflow/.local/lib/python3.12/site-packages/airflow/example_dags/example_short_circuit_operator.py
[2025-07-22T09:16:35.823+0000] {processor.py:840} INFO - DAG(s) 'example_short_circuit_operator' retrieved from /home/airflow/.local/lib/python3.12/site-packages/airflow/example_dags/example_short_circuit_operator.py
[2025-07-22T09:16:35.856+0000] {logging_mixin.py:188} INFO - [2025-07-22T09:16:35.856+0000] {dag.py:3096} INFO - Sync 1 DAGs
[2025-07-22T09:16:35.892+0000] {logging_mixin.py:188} INFO - [2025-07-22T09:16:35.892+0000] {dag.py:3954} INFO - Setting next_dagrun for example_short_circuit_operator to 2025-07-21 00:00:00+00:00, run_after=2025-07-22 00:00:00+00:00
[2025-07-22T09:16:35.918+0000] {processor.py:183} INFO - Processing /home/airflow/.local/lib/python3.12/site-packages/airflow/example_dags/example_short_circuit_operator.py took 0.123 seconds
[2025-07-22T09:17:06.183+0000] {processor.py:161} INFO - Started process (PID=3023) to work on /home/airflow/.local/lib/python3.12/site-packages/airflow/example_dags/example_short_circuit_operator.py
[2025-07-22T09:17:06.185+0000] {processor.py:830} INFO - Processing file /home/airflow/.local/lib/python3.12/site-packages/airflow/example_dags/example_short_circuit_operator.py for tasks to queue
[2025-07-22T09:17:06.188+0000] {logging_mixin.py:188} INFO - [2025-07-22T09:17:06.187+0000] {dagbag.py:545} INFO - Filling up the DagBag from /home/airflow/.local/lib/python3.12/site-packages/airflow/example_dags/example_short_circuit_operator.py
[2025-07-22T09:17:06.199+0000] {processor.py:840} INFO - DAG(s) 'example_short_circuit_operator' retrieved from /home/airflow/.local/lib/python3.12/site-packages/airflow/example_dags/example_short_circuit_operator.py
[2025-07-22T09:17:06.242+0000] {logging_mixin.py:188} INFO - [2025-07-22T09:17:06.242+0000] {dag.py:3096} INFO - Sync 1 DAGs
[2025-07-22T09:17:06.290+0000] {logging_mixin.py:188} INFO - [2025-07-22T09:17:06.290+0000] {dag.py:3954} INFO - Setting next_dagrun for example_short_circuit_operator to 2025-07-21 00:00:00+00:00, run_after=2025-07-22 00:00:00+00:00
[2025-07-22T09:17:06.327+0000] {processor.py:183} INFO - Processing /home/airflow/.local/lib/python3.12/site-packages/airflow/example_dags/example_short_circuit_operator.py took 0.155 seconds
[2025-07-22T09:17:36.463+0000] {processor.py:161} INFO - Started process (PID=3083) to work on /home/airflow/.local/lib/python3.12/site-packages/airflow/example_dags/example_short_circuit_operator.py
[2025-07-22T09:17:36.464+0000] {processor.py:830} INFO - Processing file /home/airflow/.local/lib/python3.12/site-packages/airflow/example_dags/example_short_circuit_operator.py for tasks to queue
[2025-07-22T09:17:36.466+0000] {logging_mixin.py:188} INFO - [2025-07-22T09:17:36.466+0000] {dagbag.py:545} INFO - Filling up the DagBag from /home/airflow/.local/lib/python3.12/site-packages/airflow/example_dags/example_short_circuit_operator.py
[2025-07-22T09:17:36.475+0000] {processor.py:840} INFO - DAG(s) 'example_short_circuit_operator' retrieved from /home/airflow/.local/lib/python3.12/site-packages/airflow/example_dags/example_short_circuit_operator.py
[2025-07-22T09:17:36.505+0000] {logging_mixin.py:188} INFO - [2025-07-22T09:17:36.505+0000] {dag.py:3096} INFO - Sync 1 DAGs
[2025-07-22T09:17:36.529+0000] {logging_mixin.py:188} INFO - [2025-07-22T09:17:36.529+0000] {dag.py:3954} INFO - Setting next_dagrun for example_short_circuit_operator to 2025-07-21 00:00:00+00:00, run_after=2025-07-22 00:00:00+00:00
[2025-07-22T09:17:36.551+0000] {processor.py:183} INFO - Processing /home/airflow/.local/lib/python3.12/site-packages/airflow/example_dags/example_short_circuit_operator.py took 0.095 seconds
[2025-07-22T09:18:07.380+0000] {processor.py:161} INFO - Started process (PID=3143) to work on /home/airflow/.local/lib/python3.12/site-packages/airflow/example_dags/example_short_circuit_operator.py
[2025-07-22T09:18:07.381+0000] {processor.py:830} INFO - Processing file /home/airflow/.local/lib/python3.12/site-packages/airflow/example_dags/example_short_circuit_operator.py for tasks to queue
[2025-07-22T09:18:07.384+0000] {logging_mixin.py:188} INFO - [2025-07-22T09:18:07.383+0000] {dagbag.py:545} INFO - Filling up the DagBag from /home/airflow/.local/lib/python3.12/site-packages/airflow/example_dags/example_short_circuit_operator.py
[2025-07-22T09:18:07.393+0000] {processor.py:840} INFO - DAG(s) 'example_short_circuit_operator' retrieved from /home/airflow/.local/lib/python3.12/site-packages/airflow/example_dags/example_short_circuit_operator.py
[2025-07-22T09:18:07.426+0000] {logging_mixin.py:188} INFO - [2025-07-22T09:18:07.426+0000] {dag.py:3096} INFO - Sync 1 DAGs
[2025-07-22T09:18:07.455+0000] {logging_mixin.py:188} INFO - [2025-07-22T09:18:07.455+0000] {dag.py:3954} INFO - Setting next_dagrun for example_short_circuit_operator to 2025-07-21 00:00:00+00:00, run_after=2025-07-22 00:00:00+00:00
[2025-07-22T09:18:07.479+0000] {processor.py:183} INFO - Processing /home/airflow/.local/lib/python3.12/site-packages/airflow/example_dags/example_short_circuit_operator.py took 0.107 seconds
[2025-07-22T09:18:38.098+0000] {processor.py:161} INFO - Started process (PID=3203) to work on /home/airflow/.local/lib/python3.12/site-packages/airflow/example_dags/example_short_circuit_operator.py
[2025-07-22T09:18:38.100+0000] {processor.py:830} INFO - Processing file /home/airflow/.local/lib/python3.12/site-packages/airflow/example_dags/example_short_circuit_operator.py for tasks to queue
[2025-07-22T09:18:38.104+0000] {logging_mixin.py:188} INFO - [2025-07-22T09:18:38.103+0000] {dagbag.py:545} INFO - Filling up the DagBag from /home/airflow/.local/lib/python3.12/site-packages/airflow/example_dags/example_short_circuit_operator.py
[2025-07-22T09:18:38.116+0000] {processor.py:840} INFO - DAG(s) 'example_short_circuit_operator' retrieved from /home/airflow/.local/lib/python3.12/site-packages/airflow/example_dags/example_short_circuit_operator.py
[2025-07-22T09:18:38.187+0000] {logging_mixin.py:188} INFO - [2025-07-22T09:18:38.186+0000] {dag.py:3096} INFO - Sync 1 DAGs
[2025-07-22T09:18:38.229+0000] {logging_mixin.py:188} INFO - [2025-07-22T09:18:38.229+0000] {dag.py:3954} INFO - Setting next_dagrun for example_short_circuit_operator to 2025-07-21 00:00:00+00:00, run_after=2025-07-22 00:00:00+00:00
[2025-07-22T09:18:38.263+0000] {processor.py:183} INFO - Processing /home/airflow/.local/lib/python3.12/site-packages/airflow/example_dags/example_short_circuit_operator.py took 0.175 seconds
[2025-07-22T09:19:08.683+0000] {processor.py:161} INFO - Started process (PID=3263) to work on /home/airflow/.local/lib/python3.12/site-packages/airflow/example_dags/example_short_circuit_operator.py
[2025-07-22T09:19:08.684+0000] {processor.py:830} INFO - Processing file /home/airflow/.local/lib/python3.12/site-packages/airflow/example_dags/example_short_circuit_operator.py for tasks to queue
[2025-07-22T09:19:08.687+0000] {logging_mixin.py:188} INFO - [2025-07-22T09:19:08.686+0000] {dagbag.py:545} INFO - Filling up the DagBag from /home/airflow/.local/lib/python3.12/site-packages/airflow/example_dags/example_short_circuit_operator.py
[2025-07-22T09:19:08.695+0000] {processor.py:840} INFO - DAG(s) 'example_short_circuit_operator' retrieved from /home/airflow/.local/lib/python3.12/site-packages/airflow/example_dags/example_short_circuit_operator.py
[2025-07-22T09:19:08.721+0000] {logging_mixin.py:188} INFO - [2025-07-22T09:19:08.721+0000] {dag.py:3096} INFO - Sync 1 DAGs
[2025-07-22T09:19:08.745+0000] {logging_mixin.py:188} INFO - [2025-07-22T09:19:08.745+0000] {dag.py:3954} INFO - Setting next_dagrun for example_short_circuit_operator to 2025-07-21 00:00:00+00:00, run_after=2025-07-22 00:00:00+00:00
[2025-07-22T09:19:08.769+0000] {processor.py:183} INFO - Processing /home/airflow/.local/lib/python3.12/site-packages/airflow/example_dags/example_short_circuit_operator.py took 0.094 seconds
[2025-07-22T09:19:38.875+0000] {processor.py:161} INFO - Started process (PID=3323) to work on /home/airflow/.local/lib/python3.12/site-packages/airflow/example_dags/example_short_circuit_operator.py
[2025-07-22T09:19:38.876+0000] {processor.py:830} INFO - Processing file /home/airflow/.local/lib/python3.12/site-packages/airflow/example_dags/example_short_circuit_operator.py for tasks to queue
[2025-07-22T09:19:38.878+0000] {logging_mixin.py:188} INFO - [2025-07-22T09:19:38.878+0000] {dagbag.py:545} INFO - Filling up the DagBag from /home/airflow/.local/lib/python3.12/site-packages/airflow/example_dags/example_short_circuit_operator.py
[2025-07-22T09:19:38.887+0000] {processor.py:840} INFO - DAG(s) 'example_short_circuit_operator' retrieved from /home/airflow/.local/lib/python3.12/site-packages/airflow/example_dags/example_short_circuit_operator.py
[2025-07-22T09:19:38.917+0000] {logging_mixin.py:188} INFO - [2025-07-22T09:19:38.917+0000] {dag.py:3096} INFO - Sync 1 DAGs
[2025-07-22T09:19:38.943+0000] {logging_mixin.py:188} INFO - [2025-07-22T09:19:38.943+0000] {dag.py:3954} INFO - Setting next_dagrun for example_short_circuit_operator to 2025-07-21 00:00:00+00:00, run_after=2025-07-22 00:00:00+00:00
[2025-07-22T09:19:38.968+0000] {processor.py:183} INFO - Processing /home/airflow/.local/lib/python3.12/site-packages/airflow/example_dags/example_short_circuit_operator.py took 0.100 seconds
[2025-07-22T09:20:09.297+0000] {processor.py:161} INFO - Started process (PID=3383) to work on /home/airflow/.local/lib/python3.12/site-packages/airflow/example_dags/example_short_circuit_operator.py
[2025-07-22T09:20:09.298+0000] {processor.py:830} INFO - Processing file /home/airflow/.local/lib/python3.12/site-packages/airflow/example_dags/example_short_circuit_operator.py for tasks to queue
[2025-07-22T09:20:09.300+0000] {logging_mixin.py:188} INFO - [2025-07-22T09:20:09.300+0000] {dagbag.py:545} INFO - Filling up the DagBag from /home/airflow/.local/lib/python3.12/site-packages/airflow/example_dags/example_short_circuit_operator.py
[2025-07-22T09:20:09.309+0000] {processor.py:840} INFO - DAG(s) 'example_short_circuit_operator' retrieved from /home/airflow/.local/lib/python3.12/site-packages/airflow/example_dags/example_short_circuit_operator.py
[2025-07-22T09:20:09.338+0000] {logging_mixin.py:188} INFO - [2025-07-22T09:20:09.338+0000] {dag.py:3096} INFO - Sync 1 DAGs
[2025-07-22T09:20:09.364+0000] {logging_mixin.py:188} INFO - [2025-07-22T09:20:09.364+0000] {dag.py:3954} INFO - Setting next_dagrun for example_short_circuit_operator to 2025-07-21 00:00:00+00:00, run_after=2025-07-22 00:00:00+00:00
[2025-07-22T09:20:09.388+0000] {processor.py:183} INFO - Processing /home/airflow/.local/lib/python3.12/site-packages/airflow/example_dags/example_short_circuit_operator.py took 0.098 seconds
[2025-07-22T09:20:39.734+0000] {processor.py:161} INFO - Started process (PID=3443) to work on /home/airflow/.local/lib/python3.12/site-packages/airflow/example_dags/example_short_circuit_operator.py
[2025-07-22T09:20:39.735+0000] {processor.py:830} INFO - Processing file /home/airflow/.local/lib/python3.12/site-packages/airflow/example_dags/example_short_circuit_operator.py for tasks to queue
[2025-07-22T09:20:39.738+0000] {logging_mixin.py:188} INFO - [2025-07-22T09:20:39.737+0000] {dagbag.py:545} INFO - Filling up the DagBag from /home/airflow/.local/lib/python3.12/site-packages/airflow/example_dags/example_short_circuit_operator.py
[2025-07-22T09:20:39.747+0000] {processor.py:840} INFO - DAG(s) 'example_short_circuit_operator' retrieved from /home/airflow/.local/lib/python3.12/site-packages/airflow/example_dags/example_short_circuit_operator.py
[2025-07-22T09:20:39.775+0000] {logging_mixin.py:188} INFO - [2025-07-22T09:20:39.775+0000] {dag.py:3096} INFO - Sync 1 DAGs
[2025-07-22T09:20:39.804+0000] {logging_mixin.py:188} INFO - [2025-07-22T09:20:39.804+0000] {dag.py:3954} INFO - Setting next_dagrun for example_short_circuit_operator to 2025-07-21 00:00:00+00:00, run_after=2025-07-22 00:00:00+00:00
[2025-07-22T09:20:39.832+0000] {processor.py:183} INFO - Processing /home/airflow/.local/lib/python3.12/site-packages/airflow/example_dags/example_short_circuit_operator.py took 0.104 seconds
[2025-07-22T09:21:10.005+0000] {processor.py:161} INFO - Started process (PID=3504) to work on /home/airflow/.local/lib/python3.12/site-packages/airflow/example_dags/example_short_circuit_operator.py
[2025-07-22T09:21:10.006+0000] {processor.py:830} INFO - Processing file /home/airflow/.local/lib/python3.12/site-packages/airflow/example_dags/example_short_circuit_operator.py for tasks to queue
[2025-07-22T09:21:10.009+0000] {logging_mixin.py:188} INFO - [2025-07-22T09:21:10.008+0000] {dagbag.py:545} INFO - Filling up the DagBag from /home/airflow/.local/lib/python3.12/site-packages/airflow/example_dags/example_short_circuit_operator.py
[2025-07-22T09:21:10.020+0000] {processor.py:840} INFO - DAG(s) 'example_short_circuit_operator' retrieved from /home/airflow/.local/lib/python3.12/site-packages/airflow/example_dags/example_short_circuit_operator.py
[2025-07-22T09:21:10.058+0000] {logging_mixin.py:188} INFO - [2025-07-22T09:21:10.057+0000] {dag.py:3096} INFO - Sync 1 DAGs
[2025-07-22T09:21:10.086+0000] {logging_mixin.py:188} INFO - [2025-07-22T09:21:10.086+0000] {dag.py:3954} INFO - Setting next_dagrun for example_short_circuit_operator to 2025-07-21 00:00:00+00:00, run_after=2025-07-22 00:00:00+00:00
[2025-07-22T09:21:10.110+0000] {processor.py:183} INFO - Processing /home/airflow/.local/lib/python3.12/site-packages/airflow/example_dags/example_short_circuit_operator.py took 0.113 seconds
[2025-07-22T09:21:40.332+0000] {processor.py:161} INFO - Started process (PID=3564) to work on /home/airflow/.local/lib/python3.12/site-packages/airflow/example_dags/example_short_circuit_operator.py
[2025-07-22T09:21:40.333+0000] {processor.py:830} INFO - Processing file /home/airflow/.local/lib/python3.12/site-packages/airflow/example_dags/example_short_circuit_operator.py for tasks to queue
[2025-07-22T09:21:40.336+0000] {logging_mixin.py:188} INFO - [2025-07-22T09:21:40.335+0000] {dagbag.py:545} INFO - Filling up the DagBag from /home/airflow/.local/lib/python3.12/site-packages/airflow/example_dags/example_short_circuit_operator.py
[2025-07-22T09:21:40.344+0000] {processor.py:840} INFO - DAG(s) 'example_short_circuit_operator' retrieved from /home/airflow/.local/lib/python3.12/site-packages/airflow/example_dags/example_short_circuit_operator.py
[2025-07-22T09:21:40.371+0000] {logging_mixin.py:188} INFO - [2025-07-22T09:21:40.371+0000] {dag.py:3096} INFO - Sync 1 DAGs
[2025-07-22T09:21:40.395+0000] {logging_mixin.py:188} INFO - [2025-07-22T09:21:40.395+0000] {dag.py:3954} INFO - Setting next_dagrun for example_short_circuit_operator to 2025-07-21 00:00:00+00:00, run_after=2025-07-22 00:00:00+00:00
[2025-07-22T09:21:40.416+0000] {processor.py:183} INFO - Processing /home/airflow/.local/lib/python3.12/site-packages/airflow/example_dags/example_short_circuit_operator.py took 0.090 seconds
[2025-07-22T09:22:10.544+0000] {processor.py:161} INFO - Started process (PID=3624) to work on /home/airflow/.local/lib/python3.12/site-packages/airflow/example_dags/example_short_circuit_operator.py
[2025-07-22T09:22:10.545+0000] {processor.py:830} INFO - Processing file /home/airflow/.local/lib/python3.12/site-packages/airflow/example_dags/example_short_circuit_operator.py for tasks to queue
[2025-07-22T09:22:10.547+0000] {logging_mixin.py:188} INFO - [2025-07-22T09:22:10.547+0000] {dagbag.py:545} INFO - Filling up the DagBag from /home/airflow/.local/lib/python3.12/site-packages/airflow/example_dags/example_short_circuit_operator.py
[2025-07-22T09:22:10.557+0000] {processor.py:840} INFO - DAG(s) 'example_short_circuit_operator' retrieved from /home/airflow/.local/lib/python3.12/site-packages/airflow/example_dags/example_short_circuit_operator.py
[2025-07-22T09:22:10.589+0000] {logging_mixin.py:188} INFO - [2025-07-22T09:22:10.589+0000] {dag.py:3096} INFO - Sync 1 DAGs
[2025-07-22T09:22:10.619+0000] {logging_mixin.py:188} INFO - [2025-07-22T09:22:10.619+0000] {dag.py:3954} INFO - Setting next_dagrun for example_short_circuit_operator to 2025-07-21 00:00:00+00:00, run_after=2025-07-22 00:00:00+00:00
[2025-07-22T09:22:10.644+0000] {processor.py:183} INFO - Processing /home/airflow/.local/lib/python3.12/site-packages/airflow/example_dags/example_short_circuit_operator.py took 0.109 seconds
[2025-07-22T09:22:41.419+0000] {processor.py:161} INFO - Started process (PID=3682) to work on /home/airflow/.local/lib/python3.12/site-packages/airflow/example_dags/example_short_circuit_operator.py
[2025-07-22T09:22:41.420+0000] {processor.py:830} INFO - Processing file /home/airflow/.local/lib/python3.12/site-packages/airflow/example_dags/example_short_circuit_operator.py for tasks to queue
[2025-07-22T09:22:41.423+0000] {logging_mixin.py:188} INFO - [2025-07-22T09:22:41.423+0000] {dagbag.py:545} INFO - Filling up the DagBag from /home/airflow/.local/lib/python3.12/site-packages/airflow/example_dags/example_short_circuit_operator.py
[2025-07-22T09:22:41.433+0000] {processor.py:840} INFO - DAG(s) 'example_short_circuit_operator' retrieved from /home/airflow/.local/lib/python3.12/site-packages/airflow/example_dags/example_short_circuit_operator.py
[2025-07-22T09:22:41.467+0000] {logging_mixin.py:188} INFO - [2025-07-22T09:22:41.467+0000] {dag.py:3096} INFO - Sync 1 DAGs
[2025-07-22T09:22:41.498+0000] {logging_mixin.py:188} INFO - [2025-07-22T09:22:41.498+0000] {dag.py:3954} INFO - Setting next_dagrun for example_short_circuit_operator to 2025-07-21 00:00:00+00:00, run_after=2025-07-22 00:00:00+00:00
[2025-07-22T09:22:41.527+0000] {processor.py:183} INFO - Processing /home/airflow/.local/lib/python3.12/site-packages/airflow/example_dags/example_short_circuit_operator.py took 0.116 seconds
