[2025-07-22T08:52:05.043+0000] {processor.py:161} INFO - Started process (PID=80) to work on /home/airflow/.local/lib/python3.12/site-packages/airflow/example_dags/example_nested_branch_dag.py
[2025-07-22T08:52:05.046+0000] {processor.py:830} INFO - Processing file /home/airflow/.local/lib/python3.12/site-packages/airflow/example_dags/example_nested_branch_dag.py for tasks to queue
[2025-07-22T08:52:05.061+0000] {logging_mixin.py:188} INFO - [2025-07-22T08:52:05.060+0000] {dagbag.py:545} INFO - Filling up the DagBag from /home/airflow/.local/lib/python3.12/site-packages/airflow/example_dags/example_nested_branch_dag.py
[2025-07-22T08:52:05.121+0000] {processor.py:840} INFO - DAG(s) 'example_nested_branch_dag' retrieved from /home/airflow/.local/lib/python3.12/site-packages/airflow/example_dags/example_nested_branch_dag.py
[2025-07-22T08:52:05.666+0000] {logging_mixin.py:188} INFO - [2025-07-22T08:52:05.665+0000] {dag.py:3096} INFO - Sync 1 DAGs
[2025-07-22T08:52:05.754+0000] {logging_mixin.py:188} INFO - [2025-07-22T08:52:05.754+0000] {dag.py:3954} INFO - Setting next_dagrun for example_nested_branch_dag to 2025-07-21 00:00:00+00:00, run_after=2025-07-22 00:00:00+00:00
[2025-07-22T08:52:05.818+0000] {processor.py:183} INFO - Processing /home/airflow/.local/lib/python3.12/site-packages/airflow/example_dags/example_nested_branch_dag.py took 0.798 seconds
[2025-07-22T08:52:36.840+0000] {processor.py:161} INFO - Started process (PID=138) to work on /home/airflow/.local/lib/python3.12/site-packages/airflow/example_dags/example_nested_branch_dag.py
[2025-07-22T08:52:36.841+0000] {processor.py:830} INFO - Processing file /home/airflow/.local/lib/python3.12/site-packages/airflow/example_dags/example_nested_branch_dag.py for tasks to queue
[2025-07-22T08:52:36.843+0000] {logging_mixin.py:188} INFO - [2025-07-22T08:52:36.843+0000] {dagbag.py:545} INFO - Filling up the DagBag from /home/airflow/.local/lib/python3.12/site-packages/airflow/example_dags/example_nested_branch_dag.py
[2025-07-22T08:52:36.858+0000] {processor.py:840} INFO - DAG(s) 'example_nested_branch_dag' retrieved from /home/airflow/.local/lib/python3.12/site-packages/airflow/example_dags/example_nested_branch_dag.py
[2025-07-22T08:52:36.882+0000] {logging_mixin.py:188} INFO - [2025-07-22T08:52:36.882+0000] {dag.py:3096} INFO - Sync 1 DAGs
[2025-07-22T08:52:36.905+0000] {logging_mixin.py:188} INFO - [2025-07-22T08:52:36.905+0000] {dag.py:3954} INFO - Setting next_dagrun for example_nested_branch_dag to 2025-07-21 00:00:00+00:00, run_after=2025-07-22 00:00:00+00:00
[2025-07-22T08:52:36.925+0000] {processor.py:183} INFO - Processing /home/airflow/.local/lib/python3.12/site-packages/airflow/example_dags/example_nested_branch_dag.py took 0.092 seconds
[2025-07-22T08:53:07.185+0000] {processor.py:161} INFO - Started process (PID=196) to work on /home/airflow/.local/lib/python3.12/site-packages/airflow/example_dags/example_nested_branch_dag.py
[2025-07-22T08:53:07.187+0000] {processor.py:830} INFO - Processing file /home/airflow/.local/lib/python3.12/site-packages/airflow/example_dags/example_nested_branch_dag.py for tasks to queue
[2025-07-22T08:53:07.191+0000] {logging_mixin.py:188} INFO - [2025-07-22T08:53:07.190+0000] {dagbag.py:545} INFO - Filling up the DagBag from /home/airflow/.local/lib/python3.12/site-packages/airflow/example_dags/example_nested_branch_dag.py
[2025-07-22T08:53:07.209+0000] {processor.py:840} INFO - DAG(s) 'example_nested_branch_dag' retrieved from /home/airflow/.local/lib/python3.12/site-packages/airflow/example_dags/example_nested_branch_dag.py
[2025-07-22T08:53:07.244+0000] {logging_mixin.py:188} INFO - [2025-07-22T08:53:07.244+0000] {dag.py:3096} INFO - Sync 1 DAGs
[2025-07-22T08:53:07.358+0000] {logging_mixin.py:188} INFO - [2025-07-22T08:53:07.358+0000] {dag.py:3954} INFO - Setting next_dagrun for example_nested_branch_dag to 2025-07-21 00:00:00+00:00, run_after=2025-07-22 00:00:00+00:00
[2025-07-22T08:53:07.402+0000] {processor.py:183} INFO - Processing /home/airflow/.local/lib/python3.12/site-packages/airflow/example_dags/example_nested_branch_dag.py took 0.226 seconds
[2025-07-22T08:53:37.648+0000] {processor.py:161} INFO - Started process (PID=254) to work on /home/airflow/.local/lib/python3.12/site-packages/airflow/example_dags/example_nested_branch_dag.py
[2025-07-22T08:53:37.650+0000] {processor.py:830} INFO - Processing file /home/airflow/.local/lib/python3.12/site-packages/airflow/example_dags/example_nested_branch_dag.py for tasks to queue
[2025-07-22T08:53:37.652+0000] {logging_mixin.py:188} INFO - [2025-07-22T08:53:37.652+0000] {dagbag.py:545} INFO - Filling up the DagBag from /home/airflow/.local/lib/python3.12/site-packages/airflow/example_dags/example_nested_branch_dag.py
[2025-07-22T08:53:37.662+0000] {processor.py:840} INFO - DAG(s) 'example_nested_branch_dag' retrieved from /home/airflow/.local/lib/python3.12/site-packages/airflow/example_dags/example_nested_branch_dag.py
[2025-07-22T08:53:37.690+0000] {logging_mixin.py:188} INFO - [2025-07-22T08:53:37.689+0000] {dag.py:3096} INFO - Sync 1 DAGs
[2025-07-22T08:53:37.713+0000] {logging_mixin.py:188} INFO - [2025-07-22T08:53:37.712+0000] {dag.py:3954} INFO - Setting next_dagrun for example_nested_branch_dag to 2025-07-21 00:00:00+00:00, run_after=2025-07-22 00:00:00+00:00
[2025-07-22T08:53:37.734+0000] {processor.py:183} INFO - Processing /home/airflow/.local/lib/python3.12/site-packages/airflow/example_dags/example_nested_branch_dag.py took 0.092 seconds
[2025-07-22T08:54:08.096+0000] {processor.py:161} INFO - Started process (PID=312) to work on /home/airflow/.local/lib/python3.12/site-packages/airflow/example_dags/example_nested_branch_dag.py
[2025-07-22T08:54:08.098+0000] {processor.py:830} INFO - Processing file /home/airflow/.local/lib/python3.12/site-packages/airflow/example_dags/example_nested_branch_dag.py for tasks to queue
[2025-07-22T08:54:08.100+0000] {logging_mixin.py:188} INFO - [2025-07-22T08:54:08.100+0000] {dagbag.py:545} INFO - Filling up the DagBag from /home/airflow/.local/lib/python3.12/site-packages/airflow/example_dags/example_nested_branch_dag.py
[2025-07-22T08:54:08.112+0000] {processor.py:840} INFO - DAG(s) 'example_nested_branch_dag' retrieved from /home/airflow/.local/lib/python3.12/site-packages/airflow/example_dags/example_nested_branch_dag.py
[2025-07-22T08:54:08.138+0000] {logging_mixin.py:188} INFO - [2025-07-22T08:54:08.138+0000] {dag.py:3096} INFO - Sync 1 DAGs
[2025-07-22T08:54:08.164+0000] {logging_mixin.py:188} INFO - [2025-07-22T08:54:08.164+0000] {dag.py:3954} INFO - Setting next_dagrun for example_nested_branch_dag to 2025-07-21 00:00:00+00:00, run_after=2025-07-22 00:00:00+00:00
[2025-07-22T08:54:08.187+0000] {processor.py:183} INFO - Processing /home/airflow/.local/lib/python3.12/site-packages/airflow/example_dags/example_nested_branch_dag.py took 0.098 seconds
[2025-07-22T08:54:38.303+0000] {processor.py:161} INFO - Started process (PID=370) to work on /home/airflow/.local/lib/python3.12/site-packages/airflow/example_dags/example_nested_branch_dag.py
[2025-07-22T08:54:38.304+0000] {processor.py:830} INFO - Processing file /home/airflow/.local/lib/python3.12/site-packages/airflow/example_dags/example_nested_branch_dag.py for tasks to queue
[2025-07-22T08:54:38.307+0000] {logging_mixin.py:188} INFO - [2025-07-22T08:54:38.306+0000] {dagbag.py:545} INFO - Filling up the DagBag from /home/airflow/.local/lib/python3.12/site-packages/airflow/example_dags/example_nested_branch_dag.py
[2025-07-22T08:54:38.320+0000] {processor.py:840} INFO - DAG(s) 'example_nested_branch_dag' retrieved from /home/airflow/.local/lib/python3.12/site-packages/airflow/example_dags/example_nested_branch_dag.py
[2025-07-22T08:54:38.345+0000] {logging_mixin.py:188} INFO - [2025-07-22T08:54:38.345+0000] {dag.py:3096} INFO - Sync 1 DAGs
[2025-07-22T08:54:38.372+0000] {logging_mixin.py:188} INFO - [2025-07-22T08:54:38.372+0000] {dag.py:3954} INFO - Setting next_dagrun for example_nested_branch_dag to 2025-07-21 00:00:00+00:00, run_after=2025-07-22 00:00:00+00:00
[2025-07-22T08:54:38.397+0000] {processor.py:183} INFO - Processing /home/airflow/.local/lib/python3.12/site-packages/airflow/example_dags/example_nested_branch_dag.py took 0.101 seconds
[2025-07-22T08:55:08.864+0000] {processor.py:161} INFO - Started process (PID=428) to work on /home/airflow/.local/lib/python3.12/site-packages/airflow/example_dags/example_nested_branch_dag.py
[2025-07-22T08:55:08.865+0000] {processor.py:830} INFO - Processing file /home/airflow/.local/lib/python3.12/site-packages/airflow/example_dags/example_nested_branch_dag.py for tasks to queue
[2025-07-22T08:55:08.868+0000] {logging_mixin.py:188} INFO - [2025-07-22T08:55:08.868+0000] {dagbag.py:545} INFO - Filling up the DagBag from /home/airflow/.local/lib/python3.12/site-packages/airflow/example_dags/example_nested_branch_dag.py
[2025-07-22T08:55:08.880+0000] {processor.py:840} INFO - DAG(s) 'example_nested_branch_dag' retrieved from /home/airflow/.local/lib/python3.12/site-packages/airflow/example_dags/example_nested_branch_dag.py
[2025-07-22T08:55:08.915+0000] {logging_mixin.py:188} INFO - [2025-07-22T08:55:08.915+0000] {dag.py:3096} INFO - Sync 1 DAGs
[2025-07-22T08:55:08.948+0000] {logging_mixin.py:188} INFO - [2025-07-22T08:55:08.947+0000] {dag.py:3954} INFO - Setting next_dagrun for example_nested_branch_dag to 2025-07-21 00:00:00+00:00, run_after=2025-07-22 00:00:00+00:00
[2025-07-22T08:55:08.976+0000] {processor.py:183} INFO - Processing /home/airflow/.local/lib/python3.12/site-packages/airflow/example_dags/example_nested_branch_dag.py took 0.121 seconds
[2025-07-22T08:55:39.256+0000] {processor.py:161} INFO - Started process (PID=486) to work on /home/airflow/.local/lib/python3.12/site-packages/airflow/example_dags/example_nested_branch_dag.py
[2025-07-22T08:55:39.259+0000] {processor.py:830} INFO - Processing file /home/airflow/.local/lib/python3.12/site-packages/airflow/example_dags/example_nested_branch_dag.py for tasks to queue
[2025-07-22T08:55:39.262+0000] {logging_mixin.py:188} INFO - [2025-07-22T08:55:39.261+0000] {dagbag.py:545} INFO - Filling up the DagBag from /home/airflow/.local/lib/python3.12/site-packages/airflow/example_dags/example_nested_branch_dag.py
[2025-07-22T08:55:39.280+0000] {processor.py:840} INFO - DAG(s) 'example_nested_branch_dag' retrieved from /home/airflow/.local/lib/python3.12/site-packages/airflow/example_dags/example_nested_branch_dag.py
[2025-07-22T08:55:39.325+0000] {logging_mixin.py:188} INFO - [2025-07-22T08:55:39.325+0000] {dag.py:3096} INFO - Sync 1 DAGs
[2025-07-22T08:55:39.377+0000] {logging_mixin.py:188} INFO - [2025-07-22T08:55:39.376+0000] {dag.py:3954} INFO - Setting next_dagrun for example_nested_branch_dag to 2025-07-21 00:00:00+00:00, run_after=2025-07-22 00:00:00+00:00
[2025-07-22T08:55:39.418+0000] {processor.py:183} INFO - Processing /home/airflow/.local/lib/python3.12/site-packages/airflow/example_dags/example_nested_branch_dag.py took 0.170 seconds
[2025-07-22T08:56:09.695+0000] {processor.py:161} INFO - Started process (PID=544) to work on /home/airflow/.local/lib/python3.12/site-packages/airflow/example_dags/example_nested_branch_dag.py
[2025-07-22T08:56:09.696+0000] {processor.py:830} INFO - Processing file /home/airflow/.local/lib/python3.12/site-packages/airflow/example_dags/example_nested_branch_dag.py for tasks to queue
[2025-07-22T08:56:09.699+0000] {logging_mixin.py:188} INFO - [2025-07-22T08:56:09.698+0000] {dagbag.py:545} INFO - Filling up the DagBag from /home/airflow/.local/lib/python3.12/site-packages/airflow/example_dags/example_nested_branch_dag.py
[2025-07-22T08:56:09.709+0000] {processor.py:840} INFO - DAG(s) 'example_nested_branch_dag' retrieved from /home/airflow/.local/lib/python3.12/site-packages/airflow/example_dags/example_nested_branch_dag.py
[2025-07-22T08:56:09.734+0000] {logging_mixin.py:188} INFO - [2025-07-22T08:56:09.734+0000] {dag.py:3096} INFO - Sync 1 DAGs
[2025-07-22T08:56:09.760+0000] {logging_mixin.py:188} INFO - [2025-07-22T08:56:09.759+0000] {dag.py:3954} INFO - Setting next_dagrun for example_nested_branch_dag to 2025-07-21 00:00:00+00:00, run_after=2025-07-22 00:00:00+00:00
[2025-07-22T08:56:09.783+0000] {processor.py:183} INFO - Processing /home/airflow/.local/lib/python3.12/site-packages/airflow/example_dags/example_nested_branch_dag.py took 0.094 seconds
[2025-07-22T08:56:40.087+0000] {processor.py:161} INFO - Started process (PID=602) to work on /home/airflow/.local/lib/python3.12/site-packages/airflow/example_dags/example_nested_branch_dag.py
[2025-07-22T08:56:40.089+0000] {processor.py:830} INFO - Processing file /home/airflow/.local/lib/python3.12/site-packages/airflow/example_dags/example_nested_branch_dag.py for tasks to queue
[2025-07-22T08:56:40.091+0000] {logging_mixin.py:188} INFO - [2025-07-22T08:56:40.090+0000] {dagbag.py:545} INFO - Filling up the DagBag from /home/airflow/.local/lib/python3.12/site-packages/airflow/example_dags/example_nested_branch_dag.py
[2025-07-22T08:56:40.102+0000] {processor.py:840} INFO - DAG(s) 'example_nested_branch_dag' retrieved from /home/airflow/.local/lib/python3.12/site-packages/airflow/example_dags/example_nested_branch_dag.py
[2025-07-22T08:56:40.128+0000] {logging_mixin.py:188} INFO - [2025-07-22T08:56:40.127+0000] {dag.py:3096} INFO - Sync 1 DAGs
[2025-07-22T08:56:40.166+0000] {logging_mixin.py:188} INFO - [2025-07-22T08:56:40.165+0000] {dag.py:3954} INFO - Setting next_dagrun for example_nested_branch_dag to 2025-07-21 00:00:00+00:00, run_after=2025-07-22 00:00:00+00:00
[2025-07-22T08:56:40.200+0000] {processor.py:183} INFO - Processing /home/airflow/.local/lib/python3.12/site-packages/airflow/example_dags/example_nested_branch_dag.py took 0.119 seconds
[2025-07-22T08:57:10.245+0000] {processor.py:161} INFO - Started process (PID=662) to work on /home/airflow/.local/lib/python3.12/site-packages/airflow/example_dags/example_nested_branch_dag.py
[2025-07-22T08:57:10.246+0000] {processor.py:830} INFO - Processing file /home/airflow/.local/lib/python3.12/site-packages/airflow/example_dags/example_nested_branch_dag.py for tasks to queue
[2025-07-22T08:57:10.248+0000] {logging_mixin.py:188} INFO - [2025-07-22T08:57:10.248+0000] {dagbag.py:545} INFO - Filling up the DagBag from /home/airflow/.local/lib/python3.12/site-packages/airflow/example_dags/example_nested_branch_dag.py
[2025-07-22T08:57:10.259+0000] {processor.py:840} INFO - DAG(s) 'example_nested_branch_dag' retrieved from /home/airflow/.local/lib/python3.12/site-packages/airflow/example_dags/example_nested_branch_dag.py
[2025-07-22T08:57:10.285+0000] {logging_mixin.py:188} INFO - [2025-07-22T08:57:10.285+0000] {dag.py:3096} INFO - Sync 1 DAGs
[2025-07-22T08:57:10.316+0000] {logging_mixin.py:188} INFO - [2025-07-22T08:57:10.316+0000] {dag.py:3954} INFO - Setting next_dagrun for example_nested_branch_dag to 2025-07-21 00:00:00+00:00, run_after=2025-07-22 00:00:00+00:00
[2025-07-22T08:57:10.357+0000] {processor.py:183} INFO - Processing /home/airflow/.local/lib/python3.12/site-packages/airflow/example_dags/example_nested_branch_dag.py took 0.119 seconds
[2025-07-22T08:57:40.513+0000] {processor.py:161} INFO - Started process (PID=722) to work on /home/airflow/.local/lib/python3.12/site-packages/airflow/example_dags/example_nested_branch_dag.py
[2025-07-22T08:57:40.515+0000] {processor.py:830} INFO - Processing file /home/airflow/.local/lib/python3.12/site-packages/airflow/example_dags/example_nested_branch_dag.py for tasks to queue
[2025-07-22T08:57:40.517+0000] {logging_mixin.py:188} INFO - [2025-07-22T08:57:40.517+0000] {dagbag.py:545} INFO - Filling up the DagBag from /home/airflow/.local/lib/python3.12/site-packages/airflow/example_dags/example_nested_branch_dag.py
[2025-07-22T08:57:40.528+0000] {processor.py:840} INFO - DAG(s) 'example_nested_branch_dag' retrieved from /home/airflow/.local/lib/python3.12/site-packages/airflow/example_dags/example_nested_branch_dag.py
[2025-07-22T08:57:40.566+0000] {logging_mixin.py:188} INFO - [2025-07-22T08:57:40.566+0000] {dag.py:3096} INFO - Sync 1 DAGs
[2025-07-22T08:57:40.599+0000] {logging_mixin.py:188} INFO - [2025-07-22T08:57:40.598+0000] {dag.py:3954} INFO - Setting next_dagrun for example_nested_branch_dag to 2025-07-21 00:00:00+00:00, run_after=2025-07-22 00:00:00+00:00
[2025-07-22T08:57:40.634+0000] {processor.py:183} INFO - Processing /home/airflow/.local/lib/python3.12/site-packages/airflow/example_dags/example_nested_branch_dag.py took 0.127 seconds
[2025-07-22T08:58:11.243+0000] {processor.py:161} INFO - Started process (PID=782) to work on /home/airflow/.local/lib/python3.12/site-packages/airflow/example_dags/example_nested_branch_dag.py
[2025-07-22T08:58:11.244+0000] {processor.py:830} INFO - Processing file /home/airflow/.local/lib/python3.12/site-packages/airflow/example_dags/example_nested_branch_dag.py for tasks to queue
[2025-07-22T08:58:11.246+0000] {logging_mixin.py:188} INFO - [2025-07-22T08:58:11.246+0000] {dagbag.py:545} INFO - Filling up the DagBag from /home/airflow/.local/lib/python3.12/site-packages/airflow/example_dags/example_nested_branch_dag.py
[2025-07-22T08:58:11.257+0000] {processor.py:840} INFO - DAG(s) 'example_nested_branch_dag' retrieved from /home/airflow/.local/lib/python3.12/site-packages/airflow/example_dags/example_nested_branch_dag.py
[2025-07-22T08:58:11.281+0000] {logging_mixin.py:188} INFO - [2025-07-22T08:58:11.281+0000] {dag.py:3096} INFO - Sync 1 DAGs
[2025-07-22T08:58:11.304+0000] {logging_mixin.py:188} INFO - [2025-07-22T08:58:11.304+0000] {dag.py:3954} INFO - Setting next_dagrun for example_nested_branch_dag to 2025-07-21 00:00:00+00:00, run_after=2025-07-22 00:00:00+00:00
[2025-07-22T08:58:11.326+0000] {processor.py:183} INFO - Processing /home/airflow/.local/lib/python3.12/site-packages/airflow/example_dags/example_nested_branch_dag.py took 0.089 seconds
[2025-07-22T08:58:41.820+0000] {processor.py:161} INFO - Started process (PID=842) to work on /home/airflow/.local/lib/python3.12/site-packages/airflow/example_dags/example_nested_branch_dag.py
[2025-07-22T08:58:41.821+0000] {processor.py:830} INFO - Processing file /home/airflow/.local/lib/python3.12/site-packages/airflow/example_dags/example_nested_branch_dag.py for tasks to queue
[2025-07-22T08:58:41.824+0000] {logging_mixin.py:188} INFO - [2025-07-22T08:58:41.823+0000] {dagbag.py:545} INFO - Filling up the DagBag from /home/airflow/.local/lib/python3.12/site-packages/airflow/example_dags/example_nested_branch_dag.py
[2025-07-22T08:58:41.836+0000] {processor.py:840} INFO - DAG(s) 'example_nested_branch_dag' retrieved from /home/airflow/.local/lib/python3.12/site-packages/airflow/example_dags/example_nested_branch_dag.py
[2025-07-22T08:58:41.865+0000] {logging_mixin.py:188} INFO - [2025-07-22T08:58:41.864+0000] {dag.py:3096} INFO - Sync 1 DAGs
[2025-07-22T08:58:41.890+0000] {logging_mixin.py:188} INFO - [2025-07-22T08:58:41.890+0000] {dag.py:3954} INFO - Setting next_dagrun for example_nested_branch_dag to 2025-07-21 00:00:00+00:00, run_after=2025-07-22 00:00:00+00:00
[2025-07-22T08:58:41.913+0000] {processor.py:183} INFO - Processing /home/airflow/.local/lib/python3.12/site-packages/airflow/example_dags/example_nested_branch_dag.py took 0.100 seconds
[2025-07-22T08:59:12.687+0000] {processor.py:161} INFO - Started process (PID=902) to work on /home/airflow/.local/lib/python3.12/site-packages/airflow/example_dags/example_nested_branch_dag.py
[2025-07-22T08:59:12.690+0000] {processor.py:830} INFO - Processing file /home/airflow/.local/lib/python3.12/site-packages/airflow/example_dags/example_nested_branch_dag.py for tasks to queue
[2025-07-22T08:59:12.693+0000] {logging_mixin.py:188} INFO - [2025-07-22T08:59:12.693+0000] {dagbag.py:545} INFO - Filling up the DagBag from /home/airflow/.local/lib/python3.12/site-packages/airflow/example_dags/example_nested_branch_dag.py
[2025-07-22T08:59:12.706+0000] {processor.py:840} INFO - DAG(s) 'example_nested_branch_dag' retrieved from /home/airflow/.local/lib/python3.12/site-packages/airflow/example_dags/example_nested_branch_dag.py
[2025-07-22T08:59:12.737+0000] {logging_mixin.py:188} INFO - [2025-07-22T08:59:12.737+0000] {dag.py:3096} INFO - Sync 1 DAGs
[2025-07-22T08:59:12.767+0000] {logging_mixin.py:188} INFO - [2025-07-22T08:59:12.767+0000] {dag.py:3954} INFO - Setting next_dagrun for example_nested_branch_dag to 2025-07-21 00:00:00+00:00, run_after=2025-07-22 00:00:00+00:00
[2025-07-22T08:59:12.793+0000] {processor.py:183} INFO - Processing /home/airflow/.local/lib/python3.12/site-packages/airflow/example_dags/example_nested_branch_dag.py took 0.119 seconds
[2025-07-22T08:59:43.714+0000] {processor.py:161} INFO - Started process (PID=962) to work on /home/airflow/.local/lib/python3.12/site-packages/airflow/example_dags/example_nested_branch_dag.py
[2025-07-22T08:59:43.717+0000] {processor.py:830} INFO - Processing file /home/airflow/.local/lib/python3.12/site-packages/airflow/example_dags/example_nested_branch_dag.py for tasks to queue
[2025-07-22T08:59:43.728+0000] {logging_mixin.py:188} INFO - [2025-07-22T08:59:43.727+0000] {dagbag.py:545} INFO - Filling up the DagBag from /home/airflow/.local/lib/python3.12/site-packages/airflow/example_dags/example_nested_branch_dag.py
[2025-07-22T08:59:43.760+0000] {processor.py:840} INFO - DAG(s) 'example_nested_branch_dag' retrieved from /home/airflow/.local/lib/python3.12/site-packages/airflow/example_dags/example_nested_branch_dag.py
[2025-07-22T08:59:43.856+0000] {logging_mixin.py:188} INFO - [2025-07-22T08:59:43.856+0000] {dag.py:3096} INFO - Sync 1 DAGs
[2025-07-22T08:59:43.904+0000] {logging_mixin.py:188} INFO - [2025-07-22T08:59:43.903+0000] {dag.py:3954} INFO - Setting next_dagrun for example_nested_branch_dag to 2025-07-21 00:00:00+00:00, run_after=2025-07-22 00:00:00+00:00
[2025-07-22T08:59:43.940+0000] {processor.py:183} INFO - Processing /home/airflow/.local/lib/python3.12/site-packages/airflow/example_dags/example_nested_branch_dag.py took 0.241 seconds
[2025-07-22T09:00:14.279+0000] {processor.py:161} INFO - Started process (PID=1022) to work on /home/airflow/.local/lib/python3.12/site-packages/airflow/example_dags/example_nested_branch_dag.py
[2025-07-22T09:00:14.280+0000] {processor.py:830} INFO - Processing file /home/airflow/.local/lib/python3.12/site-packages/airflow/example_dags/example_nested_branch_dag.py for tasks to queue
[2025-07-22T09:00:14.283+0000] {logging_mixin.py:188} INFO - [2025-07-22T09:00:14.283+0000] {dagbag.py:545} INFO - Filling up the DagBag from /home/airflow/.local/lib/python3.12/site-packages/airflow/example_dags/example_nested_branch_dag.py
[2025-07-22T09:00:14.298+0000] {processor.py:840} INFO - DAG(s) 'example_nested_branch_dag' retrieved from /home/airflow/.local/lib/python3.12/site-packages/airflow/example_dags/example_nested_branch_dag.py
[2025-07-22T09:00:14.349+0000] {logging_mixin.py:188} INFO - [2025-07-22T09:00:14.348+0000] {dag.py:3096} INFO - Sync 1 DAGs
[2025-07-22T09:00:14.404+0000] {logging_mixin.py:188} INFO - [2025-07-22T09:00:14.403+0000] {dag.py:3954} INFO - Setting next_dagrun for example_nested_branch_dag to 2025-07-21 00:00:00+00:00, run_after=2025-07-22 00:00:00+00:00
[2025-07-22T09:00:14.443+0000] {processor.py:183} INFO - Processing /home/airflow/.local/lib/python3.12/site-packages/airflow/example_dags/example_nested_branch_dag.py took 0.173 seconds
[2025-07-22T09:00:45.277+0000] {processor.py:161} INFO - Started process (PID=1082) to work on /home/airflow/.local/lib/python3.12/site-packages/airflow/example_dags/example_nested_branch_dag.py
[2025-07-22T09:00:45.278+0000] {processor.py:830} INFO - Processing file /home/airflow/.local/lib/python3.12/site-packages/airflow/example_dags/example_nested_branch_dag.py for tasks to queue
[2025-07-22T09:00:45.281+0000] {logging_mixin.py:188} INFO - [2025-07-22T09:00:45.281+0000] {dagbag.py:545} INFO - Filling up the DagBag from /home/airflow/.local/lib/python3.12/site-packages/airflow/example_dags/example_nested_branch_dag.py
[2025-07-22T09:00:45.295+0000] {processor.py:840} INFO - DAG(s) 'example_nested_branch_dag' retrieved from /home/airflow/.local/lib/python3.12/site-packages/airflow/example_dags/example_nested_branch_dag.py
[2025-07-22T09:00:45.322+0000] {logging_mixin.py:188} INFO - [2025-07-22T09:00:45.322+0000] {dag.py:3096} INFO - Sync 1 DAGs
[2025-07-22T09:00:45.350+0000] {logging_mixin.py:188} INFO - [2025-07-22T09:00:45.350+0000] {dag.py:3954} INFO - Setting next_dagrun for example_nested_branch_dag to 2025-07-21 00:00:00+00:00, run_after=2025-07-22 00:00:00+00:00
[2025-07-22T09:00:45.374+0000] {processor.py:183} INFO - Processing /home/airflow/.local/lib/python3.12/site-packages/airflow/example_dags/example_nested_branch_dag.py took 0.104 seconds
[2025-07-22T09:01:16.152+0000] {processor.py:161} INFO - Started process (PID=1142) to work on /home/airflow/.local/lib/python3.12/site-packages/airflow/example_dags/example_nested_branch_dag.py
[2025-07-22T09:01:16.153+0000] {processor.py:830} INFO - Processing file /home/airflow/.local/lib/python3.12/site-packages/airflow/example_dags/example_nested_branch_dag.py for tasks to queue
[2025-07-22T09:01:16.155+0000] {logging_mixin.py:188} INFO - [2025-07-22T09:01:16.155+0000] {dagbag.py:545} INFO - Filling up the DagBag from /home/airflow/.local/lib/python3.12/site-packages/airflow/example_dags/example_nested_branch_dag.py
[2025-07-22T09:01:16.166+0000] {processor.py:840} INFO - DAG(s) 'example_nested_branch_dag' retrieved from /home/airflow/.local/lib/python3.12/site-packages/airflow/example_dags/example_nested_branch_dag.py
[2025-07-22T09:01:16.200+0000] {logging_mixin.py:188} INFO - [2025-07-22T09:01:16.199+0000] {dag.py:3096} INFO - Sync 1 DAGs
[2025-07-22T09:01:16.226+0000] {logging_mixin.py:188} INFO - [2025-07-22T09:01:16.225+0000] {dag.py:3954} INFO - Setting next_dagrun for example_nested_branch_dag to 2025-07-21 00:00:00+00:00, run_after=2025-07-22 00:00:00+00:00
[2025-07-22T09:01:16.258+0000] {processor.py:183} INFO - Processing /home/airflow/.local/lib/python3.12/site-packages/airflow/example_dags/example_nested_branch_dag.py took 0.112 seconds
[2025-07-22T09:01:46.356+0000] {processor.py:161} INFO - Started process (PID=1202) to work on /home/airflow/.local/lib/python3.12/site-packages/airflow/example_dags/example_nested_branch_dag.py
[2025-07-22T09:01:46.357+0000] {processor.py:830} INFO - Processing file /home/airflow/.local/lib/python3.12/site-packages/airflow/example_dags/example_nested_branch_dag.py for tasks to queue
[2025-07-22T09:01:46.359+0000] {logging_mixin.py:188} INFO - [2025-07-22T09:01:46.359+0000] {dagbag.py:545} INFO - Filling up the DagBag from /home/airflow/.local/lib/python3.12/site-packages/airflow/example_dags/example_nested_branch_dag.py
[2025-07-22T09:01:46.370+0000] {processor.py:840} INFO - DAG(s) 'example_nested_branch_dag' retrieved from /home/airflow/.local/lib/python3.12/site-packages/airflow/example_dags/example_nested_branch_dag.py
[2025-07-22T09:01:46.394+0000] {logging_mixin.py:188} INFO - [2025-07-22T09:01:46.394+0000] {dag.py:3096} INFO - Sync 1 DAGs
[2025-07-22T09:01:46.418+0000] {logging_mixin.py:188} INFO - [2025-07-22T09:01:46.418+0000] {dag.py:3954} INFO - Setting next_dagrun for example_nested_branch_dag to 2025-07-21 00:00:00+00:00, run_after=2025-07-22 00:00:00+00:00
[2025-07-22T09:01:46.441+0000] {processor.py:183} INFO - Processing /home/airflow/.local/lib/python3.12/site-packages/airflow/example_dags/example_nested_branch_dag.py took 0.091 seconds
[2025-07-22T09:02:16.536+0000] {processor.py:161} INFO - Started process (PID=1262) to work on /home/airflow/.local/lib/python3.12/site-packages/airflow/example_dags/example_nested_branch_dag.py
[2025-07-22T09:02:16.537+0000] {processor.py:830} INFO - Processing file /home/airflow/.local/lib/python3.12/site-packages/airflow/example_dags/example_nested_branch_dag.py for tasks to queue
[2025-07-22T09:02:16.540+0000] {logging_mixin.py:188} INFO - [2025-07-22T09:02:16.539+0000] {dagbag.py:545} INFO - Filling up the DagBag from /home/airflow/.local/lib/python3.12/site-packages/airflow/example_dags/example_nested_branch_dag.py
[2025-07-22T09:02:16.551+0000] {processor.py:840} INFO - DAG(s) 'example_nested_branch_dag' retrieved from /home/airflow/.local/lib/python3.12/site-packages/airflow/example_dags/example_nested_branch_dag.py
[2025-07-22T09:02:16.576+0000] {logging_mixin.py:188} INFO - [2025-07-22T09:02:16.576+0000] {dag.py:3096} INFO - Sync 1 DAGs
[2025-07-22T09:02:16.599+0000] {logging_mixin.py:188} INFO - [2025-07-22T09:02:16.599+0000] {dag.py:3954} INFO - Setting next_dagrun for example_nested_branch_dag to 2025-07-21 00:00:00+00:00, run_after=2025-07-22 00:00:00+00:00
[2025-07-22T09:02:16.623+0000] {processor.py:183} INFO - Processing /home/airflow/.local/lib/python3.12/site-packages/airflow/example_dags/example_nested_branch_dag.py took 0.093 seconds
[2025-07-22T09:02:47.353+0000] {processor.py:161} INFO - Started process (PID=1322) to work on /home/airflow/.local/lib/python3.12/site-packages/airflow/example_dags/example_nested_branch_dag.py
[2025-07-22T09:02:47.355+0000] {processor.py:830} INFO - Processing file /home/airflow/.local/lib/python3.12/site-packages/airflow/example_dags/example_nested_branch_dag.py for tasks to queue
[2025-07-22T09:02:47.358+0000] {logging_mixin.py:188} INFO - [2025-07-22T09:02:47.357+0000] {dagbag.py:545} INFO - Filling up the DagBag from /home/airflow/.local/lib/python3.12/site-packages/airflow/example_dags/example_nested_branch_dag.py
[2025-07-22T09:02:47.371+0000] {processor.py:840} INFO - DAG(s) 'example_nested_branch_dag' retrieved from /home/airflow/.local/lib/python3.12/site-packages/airflow/example_dags/example_nested_branch_dag.py
[2025-07-22T09:02:47.397+0000] {logging_mixin.py:188} INFO - [2025-07-22T09:02:47.396+0000] {dag.py:3096} INFO - Sync 1 DAGs
[2025-07-22T09:02:47.423+0000] {logging_mixin.py:188} INFO - [2025-07-22T09:02:47.423+0000] {dag.py:3954} INFO - Setting next_dagrun for example_nested_branch_dag to 2025-07-21 00:00:00+00:00, run_after=2025-07-22 00:00:00+00:00
[2025-07-22T09:02:47.445+0000] {processor.py:183} INFO - Processing /home/airflow/.local/lib/python3.12/site-packages/airflow/example_dags/example_nested_branch_dag.py took 0.099 seconds
[2025-07-22T09:03:17.770+0000] {processor.py:161} INFO - Started process (PID=1382) to work on /home/airflow/.local/lib/python3.12/site-packages/airflow/example_dags/example_nested_branch_dag.py
[2025-07-22T09:03:17.771+0000] {processor.py:830} INFO - Processing file /home/airflow/.local/lib/python3.12/site-packages/airflow/example_dags/example_nested_branch_dag.py for tasks to queue
[2025-07-22T09:03:17.773+0000] {logging_mixin.py:188} INFO - [2025-07-22T09:03:17.773+0000] {dagbag.py:545} INFO - Filling up the DagBag from /home/airflow/.local/lib/python3.12/site-packages/airflow/example_dags/example_nested_branch_dag.py
[2025-07-22T09:03:17.784+0000] {processor.py:840} INFO - DAG(s) 'example_nested_branch_dag' retrieved from /home/airflow/.local/lib/python3.12/site-packages/airflow/example_dags/example_nested_branch_dag.py
[2025-07-22T09:03:17.812+0000] {logging_mixin.py:188} INFO - [2025-07-22T09:03:17.811+0000] {dag.py:3096} INFO - Sync 1 DAGs
[2025-07-22T09:03:17.838+0000] {logging_mixin.py:188} INFO - [2025-07-22T09:03:17.838+0000] {dag.py:3954} INFO - Setting next_dagrun for example_nested_branch_dag to 2025-07-21 00:00:00+00:00, run_after=2025-07-22 00:00:00+00:00
[2025-07-22T09:03:17.863+0000] {processor.py:183} INFO - Processing /home/airflow/.local/lib/python3.12/site-packages/airflow/example_dags/example_nested_branch_dag.py took 0.100 seconds
[2025-07-22T09:03:48.094+0000] {processor.py:161} INFO - Started process (PID=1442) to work on /home/airflow/.local/lib/python3.12/site-packages/airflow/example_dags/example_nested_branch_dag.py
[2025-07-22T09:03:48.096+0000] {processor.py:830} INFO - Processing file /home/airflow/.local/lib/python3.12/site-packages/airflow/example_dags/example_nested_branch_dag.py for tasks to queue
[2025-07-22T09:03:48.098+0000] {logging_mixin.py:188} INFO - [2025-07-22T09:03:48.097+0000] {dagbag.py:545} INFO - Filling up the DagBag from /home/airflow/.local/lib/python3.12/site-packages/airflow/example_dags/example_nested_branch_dag.py
[2025-07-22T09:03:48.108+0000] {processor.py:840} INFO - DAG(s) 'example_nested_branch_dag' retrieved from /home/airflow/.local/lib/python3.12/site-packages/airflow/example_dags/example_nested_branch_dag.py
[2025-07-22T09:03:48.132+0000] {logging_mixin.py:188} INFO - [2025-07-22T09:03:48.132+0000] {dag.py:3096} INFO - Sync 1 DAGs
[2025-07-22T09:03:48.156+0000] {logging_mixin.py:188} INFO - [2025-07-22T09:03:48.155+0000] {dag.py:3954} INFO - Setting next_dagrun for example_nested_branch_dag to 2025-07-21 00:00:00+00:00, run_after=2025-07-22 00:00:00+00:00
[2025-07-22T09:03:48.178+0000] {processor.py:183} INFO - Processing /home/airflow/.local/lib/python3.12/site-packages/airflow/example_dags/example_nested_branch_dag.py took 0.092 seconds
[2025-07-22T09:04:18.538+0000] {processor.py:161} INFO - Started process (PID=1502) to work on /home/airflow/.local/lib/python3.12/site-packages/airflow/example_dags/example_nested_branch_dag.py
[2025-07-22T09:04:18.539+0000] {processor.py:830} INFO - Processing file /home/airflow/.local/lib/python3.12/site-packages/airflow/example_dags/example_nested_branch_dag.py for tasks to queue
[2025-07-22T09:04:18.542+0000] {logging_mixin.py:188} INFO - [2025-07-22T09:04:18.542+0000] {dagbag.py:545} INFO - Filling up the DagBag from /home/airflow/.local/lib/python3.12/site-packages/airflow/example_dags/example_nested_branch_dag.py
[2025-07-22T09:04:18.553+0000] {processor.py:840} INFO - DAG(s) 'example_nested_branch_dag' retrieved from /home/airflow/.local/lib/python3.12/site-packages/airflow/example_dags/example_nested_branch_dag.py
[2025-07-22T09:04:18.582+0000] {logging_mixin.py:188} INFO - [2025-07-22T09:04:18.582+0000] {dag.py:3096} INFO - Sync 1 DAGs
[2025-07-22T09:04:18.609+0000] {logging_mixin.py:188} INFO - [2025-07-22T09:04:18.608+0000] {dag.py:3954} INFO - Setting next_dagrun for example_nested_branch_dag to 2025-07-21 00:00:00+00:00, run_after=2025-07-22 00:00:00+00:00
[2025-07-22T09:04:18.636+0000] {processor.py:183} INFO - Processing /home/airflow/.local/lib/python3.12/site-packages/airflow/example_dags/example_nested_branch_dag.py took 0.105 seconds
[2025-07-22T09:04:49.129+0000] {processor.py:161} INFO - Started process (PID=1562) to work on /home/airflow/.local/lib/python3.12/site-packages/airflow/example_dags/example_nested_branch_dag.py
[2025-07-22T09:04:49.131+0000] {processor.py:830} INFO - Processing file /home/airflow/.local/lib/python3.12/site-packages/airflow/example_dags/example_nested_branch_dag.py for tasks to queue
[2025-07-22T09:04:49.134+0000] {logging_mixin.py:188} INFO - [2025-07-22T09:04:49.133+0000] {dagbag.py:545} INFO - Filling up the DagBag from /home/airflow/.local/lib/python3.12/site-packages/airflow/example_dags/example_nested_branch_dag.py
[2025-07-22T09:04:49.146+0000] {processor.py:840} INFO - DAG(s) 'example_nested_branch_dag' retrieved from /home/airflow/.local/lib/python3.12/site-packages/airflow/example_dags/example_nested_branch_dag.py
[2025-07-22T09:04:49.173+0000] {logging_mixin.py:188} INFO - [2025-07-22T09:04:49.173+0000] {dag.py:3096} INFO - Sync 1 DAGs
[2025-07-22T09:04:49.200+0000] {logging_mixin.py:188} INFO - [2025-07-22T09:04:49.200+0000] {dag.py:3954} INFO - Setting next_dagrun for example_nested_branch_dag to 2025-07-21 00:00:00+00:00, run_after=2025-07-22 00:00:00+00:00
[2025-07-22T09:04:49.225+0000] {processor.py:183} INFO - Processing /home/airflow/.local/lib/python3.12/site-packages/airflow/example_dags/example_nested_branch_dag.py took 0.104 seconds
[2025-07-22T09:05:19.963+0000] {processor.py:161} INFO - Started process (PID=1622) to work on /home/airflow/.local/lib/python3.12/site-packages/airflow/example_dags/example_nested_branch_dag.py
[2025-07-22T09:05:19.965+0000] {processor.py:830} INFO - Processing file /home/airflow/.local/lib/python3.12/site-packages/airflow/example_dags/example_nested_branch_dag.py for tasks to queue
[2025-07-22T09:05:19.967+0000] {logging_mixin.py:188} INFO - [2025-07-22T09:05:19.967+0000] {dagbag.py:545} INFO - Filling up the DagBag from /home/airflow/.local/lib/python3.12/site-packages/airflow/example_dags/example_nested_branch_dag.py
[2025-07-22T09:05:19.978+0000] {processor.py:840} INFO - DAG(s) 'example_nested_branch_dag' retrieved from /home/airflow/.local/lib/python3.12/site-packages/airflow/example_dags/example_nested_branch_dag.py
[2025-07-22T09:05:20.005+0000] {logging_mixin.py:188} INFO - [2025-07-22T09:05:20.005+0000] {dag.py:3096} INFO - Sync 1 DAGs
[2025-07-22T09:05:20.035+0000] {logging_mixin.py:188} INFO - [2025-07-22T09:05:20.034+0000] {dag.py:3954} INFO - Setting next_dagrun for example_nested_branch_dag to 2025-07-21 00:00:00+00:00, run_after=2025-07-22 00:00:00+00:00
[2025-07-22T09:05:20.068+0000] {processor.py:183} INFO - Processing /home/airflow/.local/lib/python3.12/site-packages/airflow/example_dags/example_nested_branch_dag.py took 0.112 seconds
[2025-07-22T09:05:50.280+0000] {processor.py:161} INFO - Started process (PID=1682) to work on /home/airflow/.local/lib/python3.12/site-packages/airflow/example_dags/example_nested_branch_dag.py
[2025-07-22T09:05:50.281+0000] {processor.py:830} INFO - Processing file /home/airflow/.local/lib/python3.12/site-packages/airflow/example_dags/example_nested_branch_dag.py for tasks to queue
[2025-07-22T09:05:50.284+0000] {logging_mixin.py:188} INFO - [2025-07-22T09:05:50.283+0000] {dagbag.py:545} INFO - Filling up the DagBag from /home/airflow/.local/lib/python3.12/site-packages/airflow/example_dags/example_nested_branch_dag.py
[2025-07-22T09:05:50.295+0000] {processor.py:840} INFO - DAG(s) 'example_nested_branch_dag' retrieved from /home/airflow/.local/lib/python3.12/site-packages/airflow/example_dags/example_nested_branch_dag.py
[2025-07-22T09:05:50.322+0000] {logging_mixin.py:188} INFO - [2025-07-22T09:05:50.322+0000] {dag.py:3096} INFO - Sync 1 DAGs
[2025-07-22T09:05:50.349+0000] {logging_mixin.py:188} INFO - [2025-07-22T09:05:50.349+0000] {dag.py:3954} INFO - Setting next_dagrun for example_nested_branch_dag to 2025-07-21 00:00:00+00:00, run_after=2025-07-22 00:00:00+00:00
[2025-07-22T09:05:50.378+0000] {processor.py:183} INFO - Processing /home/airflow/.local/lib/python3.12/site-packages/airflow/example_dags/example_nested_branch_dag.py took 0.104 seconds
[2025-07-22T09:06:20.570+0000] {processor.py:161} INFO - Started process (PID=1742) to work on /home/airflow/.local/lib/python3.12/site-packages/airflow/example_dags/example_nested_branch_dag.py
[2025-07-22T09:06:20.571+0000] {processor.py:830} INFO - Processing file /home/airflow/.local/lib/python3.12/site-packages/airflow/example_dags/example_nested_branch_dag.py for tasks to queue
[2025-07-22T09:06:20.573+0000] {logging_mixin.py:188} INFO - [2025-07-22T09:06:20.573+0000] {dagbag.py:545} INFO - Filling up the DagBag from /home/airflow/.local/lib/python3.12/site-packages/airflow/example_dags/example_nested_branch_dag.py
[2025-07-22T09:06:20.585+0000] {processor.py:840} INFO - DAG(s) 'example_nested_branch_dag' retrieved from /home/airflow/.local/lib/python3.12/site-packages/airflow/example_dags/example_nested_branch_dag.py
[2025-07-22T09:06:20.614+0000] {logging_mixin.py:188} INFO - [2025-07-22T09:06:20.614+0000] {dag.py:3096} INFO - Sync 1 DAGs
[2025-07-22T09:06:20.663+0000] {logging_mixin.py:188} INFO - [2025-07-22T09:06:20.662+0000] {dag.py:3954} INFO - Setting next_dagrun for example_nested_branch_dag to 2025-07-21 00:00:00+00:00, run_after=2025-07-22 00:00:00+00:00
[2025-07-22T09:06:20.693+0000] {processor.py:183} INFO - Processing /home/airflow/.local/lib/python3.12/site-packages/airflow/example_dags/example_nested_branch_dag.py took 0.130 seconds
[2025-07-22T09:06:51.019+0000] {processor.py:161} INFO - Started process (PID=1802) to work on /home/airflow/.local/lib/python3.12/site-packages/airflow/example_dags/example_nested_branch_dag.py
[2025-07-22T09:06:51.021+0000] {processor.py:830} INFO - Processing file /home/airflow/.local/lib/python3.12/site-packages/airflow/example_dags/example_nested_branch_dag.py for tasks to queue
[2025-07-22T09:06:51.023+0000] {logging_mixin.py:188} INFO - [2025-07-22T09:06:51.023+0000] {dagbag.py:545} INFO - Filling up the DagBag from /home/airflow/.local/lib/python3.12/site-packages/airflow/example_dags/example_nested_branch_dag.py
[2025-07-22T09:06:51.034+0000] {processor.py:840} INFO - DAG(s) 'example_nested_branch_dag' retrieved from /home/airflow/.local/lib/python3.12/site-packages/airflow/example_dags/example_nested_branch_dag.py
[2025-07-22T09:06:51.063+0000] {logging_mixin.py:188} INFO - [2025-07-22T09:06:51.063+0000] {dag.py:3096} INFO - Sync 1 DAGs
[2025-07-22T09:06:51.090+0000] {logging_mixin.py:188} INFO - [2025-07-22T09:06:51.090+0000] {dag.py:3954} INFO - Setting next_dagrun for example_nested_branch_dag to 2025-07-21 00:00:00+00:00, run_after=2025-07-22 00:00:00+00:00
[2025-07-22T09:06:51.114+0000] {processor.py:183} INFO - Processing /home/airflow/.local/lib/python3.12/site-packages/airflow/example_dags/example_nested_branch_dag.py took 0.101 seconds
[2025-07-22T09:07:21.948+0000] {processor.py:161} INFO - Started process (PID=1862) to work on /home/airflow/.local/lib/python3.12/site-packages/airflow/example_dags/example_nested_branch_dag.py
[2025-07-22T09:07:21.950+0000] {processor.py:830} INFO - Processing file /home/airflow/.local/lib/python3.12/site-packages/airflow/example_dags/example_nested_branch_dag.py for tasks to queue
[2025-07-22T09:07:21.953+0000] {logging_mixin.py:188} INFO - [2025-07-22T09:07:21.953+0000] {dagbag.py:545} INFO - Filling up the DagBag from /home/airflow/.local/lib/python3.12/site-packages/airflow/example_dags/example_nested_branch_dag.py
[2025-07-22T09:07:21.969+0000] {processor.py:840} INFO - DAG(s) 'example_nested_branch_dag' retrieved from /home/airflow/.local/lib/python3.12/site-packages/airflow/example_dags/example_nested_branch_dag.py
[2025-07-22T09:07:22.004+0000] {logging_mixin.py:188} INFO - [2025-07-22T09:07:22.004+0000] {dag.py:3096} INFO - Sync 1 DAGs
[2025-07-22T09:07:22.040+0000] {logging_mixin.py:188} INFO - [2025-07-22T09:07:22.040+0000] {dag.py:3954} INFO - Setting next_dagrun for example_nested_branch_dag to 2025-07-21 00:00:00+00:00, run_after=2025-07-22 00:00:00+00:00
[2025-07-22T09:07:22.073+0000] {processor.py:183} INFO - Processing /home/airflow/.local/lib/python3.12/site-packages/airflow/example_dags/example_nested_branch_dag.py took 0.134 seconds
[2025-07-22T09:07:52.642+0000] {processor.py:161} INFO - Started process (PID=1921) to work on /home/airflow/.local/lib/python3.12/site-packages/airflow/example_dags/example_nested_branch_dag.py
[2025-07-22T09:07:52.643+0000] {processor.py:830} INFO - Processing file /home/airflow/.local/lib/python3.12/site-packages/airflow/example_dags/example_nested_branch_dag.py for tasks to queue
[2025-07-22T09:07:52.646+0000] {logging_mixin.py:188} INFO - [2025-07-22T09:07:52.645+0000] {dagbag.py:545} INFO - Filling up the DagBag from /home/airflow/.local/lib/python3.12/site-packages/airflow/example_dags/example_nested_branch_dag.py
[2025-07-22T09:07:52.659+0000] {processor.py:840} INFO - DAG(s) 'example_nested_branch_dag' retrieved from /home/airflow/.local/lib/python3.12/site-packages/airflow/example_dags/example_nested_branch_dag.py
[2025-07-22T09:07:52.704+0000] {logging_mixin.py:188} INFO - [2025-07-22T09:07:52.703+0000] {dag.py:3096} INFO - Sync 1 DAGs
[2025-07-22T09:07:52.746+0000] {logging_mixin.py:188} INFO - [2025-07-22T09:07:52.745+0000] {dag.py:3954} INFO - Setting next_dagrun for example_nested_branch_dag to 2025-07-21 00:00:00+00:00, run_after=2025-07-22 00:00:00+00:00
[2025-07-22T09:07:52.779+0000] {processor.py:183} INFO - Processing /home/airflow/.local/lib/python3.12/site-packages/airflow/example_dags/example_nested_branch_dag.py took 0.143 seconds
[2025-07-22T09:08:23.045+0000] {processor.py:161} INFO - Started process (PID=1980) to work on /home/airflow/.local/lib/python3.12/site-packages/airflow/example_dags/example_nested_branch_dag.py
[2025-07-22T09:08:23.046+0000] {processor.py:830} INFO - Processing file /home/airflow/.local/lib/python3.12/site-packages/airflow/example_dags/example_nested_branch_dag.py for tasks to queue
[2025-07-22T09:08:23.048+0000] {logging_mixin.py:188} INFO - [2025-07-22T09:08:23.048+0000] {dagbag.py:545} INFO - Filling up the DagBag from /home/airflow/.local/lib/python3.12/site-packages/airflow/example_dags/example_nested_branch_dag.py
[2025-07-22T09:08:23.060+0000] {processor.py:840} INFO - DAG(s) 'example_nested_branch_dag' retrieved from /home/airflow/.local/lib/python3.12/site-packages/airflow/example_dags/example_nested_branch_dag.py
[2025-07-22T09:08:23.086+0000] {logging_mixin.py:188} INFO - [2025-07-22T09:08:23.085+0000] {dag.py:3096} INFO - Sync 1 DAGs
[2025-07-22T09:08:23.113+0000] {logging_mixin.py:188} INFO - [2025-07-22T09:08:23.112+0000] {dag.py:3954} INFO - Setting next_dagrun for example_nested_branch_dag to 2025-07-21 00:00:00+00:00, run_after=2025-07-22 00:00:00+00:00
[2025-07-22T09:08:23.137+0000] {processor.py:183} INFO - Processing /home/airflow/.local/lib/python3.12/site-packages/airflow/example_dags/example_nested_branch_dag.py took 0.099 seconds
[2025-07-22T09:08:53.333+0000] {processor.py:161} INFO - Started process (PID=2040) to work on /home/airflow/.local/lib/python3.12/site-packages/airflow/example_dags/example_nested_branch_dag.py
[2025-07-22T09:08:53.334+0000] {processor.py:830} INFO - Processing file /home/airflow/.local/lib/python3.12/site-packages/airflow/example_dags/example_nested_branch_dag.py for tasks to queue
[2025-07-22T09:08:53.336+0000] {logging_mixin.py:188} INFO - [2025-07-22T09:08:53.336+0000] {dagbag.py:545} INFO - Filling up the DagBag from /home/airflow/.local/lib/python3.12/site-packages/airflow/example_dags/example_nested_branch_dag.py
[2025-07-22T09:08:53.347+0000] {processor.py:840} INFO - DAG(s) 'example_nested_branch_dag' retrieved from /home/airflow/.local/lib/python3.12/site-packages/airflow/example_dags/example_nested_branch_dag.py
[2025-07-22T09:08:53.371+0000] {logging_mixin.py:188} INFO - [2025-07-22T09:08:53.370+0000] {dag.py:3096} INFO - Sync 1 DAGs
[2025-07-22T09:08:53.394+0000] {logging_mixin.py:188} INFO - [2025-07-22T09:08:53.394+0000] {dag.py:3954} INFO - Setting next_dagrun for example_nested_branch_dag to 2025-07-21 00:00:00+00:00, run_after=2025-07-22 00:00:00+00:00
[2025-07-22T09:08:53.413+0000] {processor.py:183} INFO - Processing /home/airflow/.local/lib/python3.12/site-packages/airflow/example_dags/example_nested_branch_dag.py took 0.086 seconds
[2025-07-22T09:09:24.137+0000] {processor.py:161} INFO - Started process (PID=2100) to work on /home/airflow/.local/lib/python3.12/site-packages/airflow/example_dags/example_nested_branch_dag.py
[2025-07-22T09:09:24.139+0000] {processor.py:830} INFO - Processing file /home/airflow/.local/lib/python3.12/site-packages/airflow/example_dags/example_nested_branch_dag.py for tasks to queue
[2025-07-22T09:09:24.141+0000] {logging_mixin.py:188} INFO - [2025-07-22T09:09:24.141+0000] {dagbag.py:545} INFO - Filling up the DagBag from /home/airflow/.local/lib/python3.12/site-packages/airflow/example_dags/example_nested_branch_dag.py
[2025-07-22T09:09:24.154+0000] {processor.py:840} INFO - DAG(s) 'example_nested_branch_dag' retrieved from /home/airflow/.local/lib/python3.12/site-packages/airflow/example_dags/example_nested_branch_dag.py
[2025-07-22T09:09:24.182+0000] {logging_mixin.py:188} INFO - [2025-07-22T09:09:24.182+0000] {dag.py:3096} INFO - Sync 1 DAGs
[2025-07-22T09:09:24.212+0000] {logging_mixin.py:188} INFO - [2025-07-22T09:09:24.211+0000] {dag.py:3954} INFO - Setting next_dagrun for example_nested_branch_dag to 2025-07-21 00:00:00+00:00, run_after=2025-07-22 00:00:00+00:00
[2025-07-22T09:09:24.376+0000] {processor.py:183} INFO - Processing /home/airflow/.local/lib/python3.12/site-packages/airflow/example_dags/example_nested_branch_dag.py took 0.247 seconds
[2025-07-22T09:09:54.876+0000] {processor.py:161} INFO - Started process (PID=2160) to work on /home/airflow/.local/lib/python3.12/site-packages/airflow/example_dags/example_nested_branch_dag.py
[2025-07-22T09:09:54.877+0000] {processor.py:830} INFO - Processing file /home/airflow/.local/lib/python3.12/site-packages/airflow/example_dags/example_nested_branch_dag.py for tasks to queue
[2025-07-22T09:09:54.880+0000] {logging_mixin.py:188} INFO - [2025-07-22T09:09:54.879+0000] {dagbag.py:545} INFO - Filling up the DagBag from /home/airflow/.local/lib/python3.12/site-packages/airflow/example_dags/example_nested_branch_dag.py
[2025-07-22T09:09:54.890+0000] {processor.py:840} INFO - DAG(s) 'example_nested_branch_dag' retrieved from /home/airflow/.local/lib/python3.12/site-packages/airflow/example_dags/example_nested_branch_dag.py
[2025-07-22T09:09:54.916+0000] {logging_mixin.py:188} INFO - [2025-07-22T09:09:54.915+0000] {dag.py:3096} INFO - Sync 1 DAGs
[2025-07-22T09:09:54.942+0000] {logging_mixin.py:188} INFO - [2025-07-22T09:09:54.942+0000] {dag.py:3954} INFO - Setting next_dagrun for example_nested_branch_dag to 2025-07-21 00:00:00+00:00, run_after=2025-07-22 00:00:00+00:00
[2025-07-22T09:09:54.965+0000] {processor.py:183} INFO - Processing /home/airflow/.local/lib/python3.12/site-packages/airflow/example_dags/example_nested_branch_dag.py took 0.095 seconds
[2025-07-22T09:10:25.261+0000] {processor.py:161} INFO - Started process (PID=2220) to work on /home/airflow/.local/lib/python3.12/site-packages/airflow/example_dags/example_nested_branch_dag.py
[2025-07-22T09:10:25.263+0000] {processor.py:830} INFO - Processing file /home/airflow/.local/lib/python3.12/site-packages/airflow/example_dags/example_nested_branch_dag.py for tasks to queue
[2025-07-22T09:10:25.265+0000] {logging_mixin.py:188} INFO - [2025-07-22T09:10:25.265+0000] {dagbag.py:545} INFO - Filling up the DagBag from /home/airflow/.local/lib/python3.12/site-packages/airflow/example_dags/example_nested_branch_dag.py
[2025-07-22T09:10:25.419+0000] {processor.py:840} INFO - DAG(s) 'example_nested_branch_dag' retrieved from /home/airflow/.local/lib/python3.12/site-packages/airflow/example_dags/example_nested_branch_dag.py
[2025-07-22T09:10:25.443+0000] {logging_mixin.py:188} INFO - [2025-07-22T09:10:25.443+0000] {dag.py:3096} INFO - Sync 1 DAGs
[2025-07-22T09:10:25.465+0000] {logging_mixin.py:188} INFO - [2025-07-22T09:10:25.464+0000] {dag.py:3954} INFO - Setting next_dagrun for example_nested_branch_dag to 2025-07-21 00:00:00+00:00, run_after=2025-07-22 00:00:00+00:00
[2025-07-22T09:10:25.484+0000] {processor.py:183} INFO - Processing /home/airflow/.local/lib/python3.12/site-packages/airflow/example_dags/example_nested_branch_dag.py took 0.230 seconds
[2025-07-22T09:10:56.014+0000] {processor.py:161} INFO - Started process (PID=2280) to work on /home/airflow/.local/lib/python3.12/site-packages/airflow/example_dags/example_nested_branch_dag.py
[2025-07-22T09:10:56.015+0000] {processor.py:830} INFO - Processing file /home/airflow/.local/lib/python3.12/site-packages/airflow/example_dags/example_nested_branch_dag.py for tasks to queue
[2025-07-22T09:10:56.018+0000] {logging_mixin.py:188} INFO - [2025-07-22T09:10:56.017+0000] {dagbag.py:545} INFO - Filling up the DagBag from /home/airflow/.local/lib/python3.12/site-packages/airflow/example_dags/example_nested_branch_dag.py
[2025-07-22T09:10:56.030+0000] {processor.py:840} INFO - DAG(s) 'example_nested_branch_dag' retrieved from /home/airflow/.local/lib/python3.12/site-packages/airflow/example_dags/example_nested_branch_dag.py
[2025-07-22T09:10:56.056+0000] {logging_mixin.py:188} INFO - [2025-07-22T09:10:56.055+0000] {dag.py:3096} INFO - Sync 1 DAGs
[2025-07-22T09:10:56.082+0000] {logging_mixin.py:188} INFO - [2025-07-22T09:10:56.082+0000] {dag.py:3954} INFO - Setting next_dagrun for example_nested_branch_dag to 2025-07-21 00:00:00+00:00, run_after=2025-07-22 00:00:00+00:00
[2025-07-22T09:10:56.104+0000] {processor.py:183} INFO - Processing /home/airflow/.local/lib/python3.12/site-packages/airflow/example_dags/example_nested_branch_dag.py took 0.097 seconds
[2025-07-22T09:11:26.337+0000] {processor.py:161} INFO - Started process (PID=2340) to work on /home/airflow/.local/lib/python3.12/site-packages/airflow/example_dags/example_nested_branch_dag.py
[2025-07-22T09:11:26.339+0000] {processor.py:830} INFO - Processing file /home/airflow/.local/lib/python3.12/site-packages/airflow/example_dags/example_nested_branch_dag.py for tasks to queue
[2025-07-22T09:11:26.341+0000] {logging_mixin.py:188} INFO - [2025-07-22T09:11:26.340+0000] {dagbag.py:545} INFO - Filling up the DagBag from /home/airflow/.local/lib/python3.12/site-packages/airflow/example_dags/example_nested_branch_dag.py
[2025-07-22T09:11:26.351+0000] {processor.py:840} INFO - DAG(s) 'example_nested_branch_dag' retrieved from /home/airflow/.local/lib/python3.12/site-packages/airflow/example_dags/example_nested_branch_dag.py
[2025-07-22T09:11:26.375+0000] {logging_mixin.py:188} INFO - [2025-07-22T09:11:26.375+0000] {dag.py:3096} INFO - Sync 1 DAGs
[2025-07-22T09:11:26.400+0000] {logging_mixin.py:188} INFO - [2025-07-22T09:11:26.400+0000] {dag.py:3954} INFO - Setting next_dagrun for example_nested_branch_dag to 2025-07-21 00:00:00+00:00, run_after=2025-07-22 00:00:00+00:00
[2025-07-22T09:11:26.429+0000] {processor.py:183} INFO - Processing /home/airflow/.local/lib/python3.12/site-packages/airflow/example_dags/example_nested_branch_dag.py took 0.098 seconds
[2025-07-22T09:11:56.571+0000] {processor.py:161} INFO - Started process (PID=2400) to work on /home/airflow/.local/lib/python3.12/site-packages/airflow/example_dags/example_nested_branch_dag.py
[2025-07-22T09:11:56.572+0000] {processor.py:830} INFO - Processing file /home/airflow/.local/lib/python3.12/site-packages/airflow/example_dags/example_nested_branch_dag.py for tasks to queue
[2025-07-22T09:11:56.574+0000] {logging_mixin.py:188} INFO - [2025-07-22T09:11:56.574+0000] {dagbag.py:545} INFO - Filling up the DagBag from /home/airflow/.local/lib/python3.12/site-packages/airflow/example_dags/example_nested_branch_dag.py
[2025-07-22T09:11:56.585+0000] {processor.py:840} INFO - DAG(s) 'example_nested_branch_dag' retrieved from /home/airflow/.local/lib/python3.12/site-packages/airflow/example_dags/example_nested_branch_dag.py
[2025-07-22T09:11:56.607+0000] {logging_mixin.py:188} INFO - [2025-07-22T09:11:56.607+0000] {dag.py:3096} INFO - Sync 1 DAGs
[2025-07-22T09:11:56.630+0000] {logging_mixin.py:188} INFO - [2025-07-22T09:11:56.629+0000] {dag.py:3954} INFO - Setting next_dagrun for example_nested_branch_dag to 2025-07-21 00:00:00+00:00, run_after=2025-07-22 00:00:00+00:00
[2025-07-22T09:11:56.650+0000] {processor.py:183} INFO - Processing /home/airflow/.local/lib/python3.12/site-packages/airflow/example_dags/example_nested_branch_dag.py took 0.085 seconds
[2025-07-22T09:12:27.000+0000] {processor.py:161} INFO - Started process (PID=2460) to work on /home/airflow/.local/lib/python3.12/site-packages/airflow/example_dags/example_nested_branch_dag.py
[2025-07-22T09:12:27.002+0000] {processor.py:830} INFO - Processing file /home/airflow/.local/lib/python3.12/site-packages/airflow/example_dags/example_nested_branch_dag.py for tasks to queue
[2025-07-22T09:12:27.006+0000] {logging_mixin.py:188} INFO - [2025-07-22T09:12:27.006+0000] {dagbag.py:545} INFO - Filling up the DagBag from /home/airflow/.local/lib/python3.12/site-packages/airflow/example_dags/example_nested_branch_dag.py
[2025-07-22T09:12:27.027+0000] {processor.py:840} INFO - DAG(s) 'example_nested_branch_dag' retrieved from /home/airflow/.local/lib/python3.12/site-packages/airflow/example_dags/example_nested_branch_dag.py
[2025-07-22T09:12:27.067+0000] {logging_mixin.py:188} INFO - [2025-07-22T09:12:27.066+0000] {dag.py:3096} INFO - Sync 1 DAGs
[2025-07-22T09:12:27.128+0000] {logging_mixin.py:188} INFO - [2025-07-22T09:12:27.127+0000] {dag.py:3954} INFO - Setting next_dagrun for example_nested_branch_dag to 2025-07-21 00:00:00+00:00, run_after=2025-07-22 00:00:00+00:00
[2025-07-22T09:12:27.180+0000] {processor.py:183} INFO - Processing /home/airflow/.local/lib/python3.12/site-packages/airflow/example_dags/example_nested_branch_dag.py took 0.191 seconds
[2025-07-22T09:12:57.294+0000] {processor.py:161} INFO - Started process (PID=2520) to work on /home/airflow/.local/lib/python3.12/site-packages/airflow/example_dags/example_nested_branch_dag.py
[2025-07-22T09:12:57.295+0000] {processor.py:830} INFO - Processing file /home/airflow/.local/lib/python3.12/site-packages/airflow/example_dags/example_nested_branch_dag.py for tasks to queue
[2025-07-22T09:12:57.298+0000] {logging_mixin.py:188} INFO - [2025-07-22T09:12:57.297+0000] {dagbag.py:545} INFO - Filling up the DagBag from /home/airflow/.local/lib/python3.12/site-packages/airflow/example_dags/example_nested_branch_dag.py
[2025-07-22T09:12:57.308+0000] {processor.py:840} INFO - DAG(s) 'example_nested_branch_dag' retrieved from /home/airflow/.local/lib/python3.12/site-packages/airflow/example_dags/example_nested_branch_dag.py
[2025-07-22T09:12:57.332+0000] {logging_mixin.py:188} INFO - [2025-07-22T09:12:57.332+0000] {dag.py:3096} INFO - Sync 1 DAGs
[2025-07-22T09:12:57.357+0000] {logging_mixin.py:188} INFO - [2025-07-22T09:12:57.356+0000] {dag.py:3954} INFO - Setting next_dagrun for example_nested_branch_dag to 2025-07-21 00:00:00+00:00, run_after=2025-07-22 00:00:00+00:00
[2025-07-22T09:12:57.378+0000] {processor.py:183} INFO - Processing /home/airflow/.local/lib/python3.12/site-packages/airflow/example_dags/example_nested_branch_dag.py took 0.090 seconds
[2025-07-22T09:13:27.729+0000] {processor.py:161} INFO - Started process (PID=2580) to work on /home/airflow/.local/lib/python3.12/site-packages/airflow/example_dags/example_nested_branch_dag.py
[2025-07-22T09:13:27.730+0000] {processor.py:830} INFO - Processing file /home/airflow/.local/lib/python3.12/site-packages/airflow/example_dags/example_nested_branch_dag.py for tasks to queue
[2025-07-22T09:13:27.732+0000] {logging_mixin.py:188} INFO - [2025-07-22T09:13:27.732+0000] {dagbag.py:545} INFO - Filling up the DagBag from /home/airflow/.local/lib/python3.12/site-packages/airflow/example_dags/example_nested_branch_dag.py
[2025-07-22T09:13:27.744+0000] {processor.py:840} INFO - DAG(s) 'example_nested_branch_dag' retrieved from /home/airflow/.local/lib/python3.12/site-packages/airflow/example_dags/example_nested_branch_dag.py
[2025-07-22T09:13:27.767+0000] {logging_mixin.py:188} INFO - [2025-07-22T09:13:27.767+0000] {dag.py:3096} INFO - Sync 1 DAGs
[2025-07-22T09:13:27.792+0000] {logging_mixin.py:188} INFO - [2025-07-22T09:13:27.791+0000] {dag.py:3954} INFO - Setting next_dagrun for example_nested_branch_dag to 2025-07-21 00:00:00+00:00, run_after=2025-07-22 00:00:00+00:00
[2025-07-22T09:13:27.814+0000] {processor.py:183} INFO - Processing /home/airflow/.local/lib/python3.12/site-packages/airflow/example_dags/example_nested_branch_dag.py took 0.091 seconds
[2025-07-22T09:13:57.975+0000] {processor.py:161} INFO - Started process (PID=2640) to work on /home/airflow/.local/lib/python3.12/site-packages/airflow/example_dags/example_nested_branch_dag.py
[2025-07-22T09:13:57.976+0000] {processor.py:830} INFO - Processing file /home/airflow/.local/lib/python3.12/site-packages/airflow/example_dags/example_nested_branch_dag.py for tasks to queue
[2025-07-22T09:13:57.978+0000] {logging_mixin.py:188} INFO - [2025-07-22T09:13:57.978+0000] {dagbag.py:545} INFO - Filling up the DagBag from /home/airflow/.local/lib/python3.12/site-packages/airflow/example_dags/example_nested_branch_dag.py
[2025-07-22T09:13:57.989+0000] {processor.py:840} INFO - DAG(s) 'example_nested_branch_dag' retrieved from /home/airflow/.local/lib/python3.12/site-packages/airflow/example_dags/example_nested_branch_dag.py
[2025-07-22T09:13:58.015+0000] {logging_mixin.py:188} INFO - [2025-07-22T09:13:58.015+0000] {dag.py:3096} INFO - Sync 1 DAGs
[2025-07-22T09:13:58.040+0000] {logging_mixin.py:188} INFO - [2025-07-22T09:13:58.040+0000] {dag.py:3954} INFO - Setting next_dagrun for example_nested_branch_dag to 2025-07-21 00:00:00+00:00, run_after=2025-07-22 00:00:00+00:00
[2025-07-22T09:13:58.063+0000] {processor.py:183} INFO - Processing /home/airflow/.local/lib/python3.12/site-packages/airflow/example_dags/example_nested_branch_dag.py took 0.095 seconds
[2025-07-22T09:14:28.294+0000] {processor.py:161} INFO - Started process (PID=2701) to work on /home/airflow/.local/lib/python3.12/site-packages/airflow/example_dags/example_nested_branch_dag.py
[2025-07-22T09:14:28.296+0000] {processor.py:830} INFO - Processing file /home/airflow/.local/lib/python3.12/site-packages/airflow/example_dags/example_nested_branch_dag.py for tasks to queue
[2025-07-22T09:14:28.298+0000] {logging_mixin.py:188} INFO - [2025-07-22T09:14:28.298+0000] {dagbag.py:545} INFO - Filling up the DagBag from /home/airflow/.local/lib/python3.12/site-packages/airflow/example_dags/example_nested_branch_dag.py
[2025-07-22T09:14:28.309+0000] {processor.py:840} INFO - DAG(s) 'example_nested_branch_dag' retrieved from /home/airflow/.local/lib/python3.12/site-packages/airflow/example_dags/example_nested_branch_dag.py
[2025-07-22T09:14:28.332+0000] {logging_mixin.py:188} INFO - [2025-07-22T09:14:28.332+0000] {dag.py:3096} INFO - Sync 1 DAGs
[2025-07-22T09:14:28.356+0000] {logging_mixin.py:188} INFO - [2025-07-22T09:14:28.356+0000] {dag.py:3954} INFO - Setting next_dagrun for example_nested_branch_dag to 2025-07-21 00:00:00+00:00, run_after=2025-07-22 00:00:00+00:00
[2025-07-22T09:14:28.377+0000] {processor.py:183} INFO - Processing /home/airflow/.local/lib/python3.12/site-packages/airflow/example_dags/example_nested_branch_dag.py took 0.088 seconds
[2025-07-22T09:14:58.600+0000] {processor.py:161} INFO - Started process (PID=2761) to work on /home/airflow/.local/lib/python3.12/site-packages/airflow/example_dags/example_nested_branch_dag.py
[2025-07-22T09:14:58.601+0000] {processor.py:830} INFO - Processing file /home/airflow/.local/lib/python3.12/site-packages/airflow/example_dags/example_nested_branch_dag.py for tasks to queue
[2025-07-22T09:14:58.604+0000] {logging_mixin.py:188} INFO - [2025-07-22T09:14:58.603+0000] {dagbag.py:545} INFO - Filling up the DagBag from /home/airflow/.local/lib/python3.12/site-packages/airflow/example_dags/example_nested_branch_dag.py
[2025-07-22T09:14:58.614+0000] {processor.py:840} INFO - DAG(s) 'example_nested_branch_dag' retrieved from /home/airflow/.local/lib/python3.12/site-packages/airflow/example_dags/example_nested_branch_dag.py
[2025-07-22T09:14:58.642+0000] {logging_mixin.py:188} INFO - [2025-07-22T09:14:58.641+0000] {dag.py:3096} INFO - Sync 1 DAGs
[2025-07-22T09:14:58.665+0000] {logging_mixin.py:188} INFO - [2025-07-22T09:14:58.665+0000] {dag.py:3954} INFO - Setting next_dagrun for example_nested_branch_dag to 2025-07-21 00:00:00+00:00, run_after=2025-07-22 00:00:00+00:00
[2025-07-22T09:14:58.687+0000] {processor.py:183} INFO - Processing /home/airflow/.local/lib/python3.12/site-packages/airflow/example_dags/example_nested_branch_dag.py took 0.093 seconds
[2025-07-22T09:15:28.935+0000] {processor.py:161} INFO - Started process (PID=2821) to work on /home/airflow/.local/lib/python3.12/site-packages/airflow/example_dags/example_nested_branch_dag.py
[2025-07-22T09:15:28.937+0000] {processor.py:830} INFO - Processing file /home/airflow/.local/lib/python3.12/site-packages/airflow/example_dags/example_nested_branch_dag.py for tasks to queue
[2025-07-22T09:15:28.939+0000] {logging_mixin.py:188} INFO - [2025-07-22T09:15:28.939+0000] {dagbag.py:545} INFO - Filling up the DagBag from /home/airflow/.local/lib/python3.12/site-packages/airflow/example_dags/example_nested_branch_dag.py
[2025-07-22T09:15:28.950+0000] {processor.py:840} INFO - DAG(s) 'example_nested_branch_dag' retrieved from /home/airflow/.local/lib/python3.12/site-packages/airflow/example_dags/example_nested_branch_dag.py
[2025-07-22T09:15:28.976+0000] {logging_mixin.py:188} INFO - [2025-07-22T09:15:28.975+0000] {dag.py:3096} INFO - Sync 1 DAGs
[2025-07-22T09:15:29.002+0000] {logging_mixin.py:188} INFO - [2025-07-22T09:15:29.002+0000] {dag.py:3954} INFO - Setting next_dagrun for example_nested_branch_dag to 2025-07-21 00:00:00+00:00, run_after=2025-07-22 00:00:00+00:00
[2025-07-22T09:15:29.023+0000] {processor.py:183} INFO - Processing /home/airflow/.local/lib/python3.12/site-packages/airflow/example_dags/example_nested_branch_dag.py took 0.095 seconds
[2025-07-22T09:15:59.157+0000] {processor.py:161} INFO - Started process (PID=2881) to work on /home/airflow/.local/lib/python3.12/site-packages/airflow/example_dags/example_nested_branch_dag.py
[2025-07-22T09:15:59.158+0000] {processor.py:830} INFO - Processing file /home/airflow/.local/lib/python3.12/site-packages/airflow/example_dags/example_nested_branch_dag.py for tasks to queue
[2025-07-22T09:15:59.161+0000] {logging_mixin.py:188} INFO - [2025-07-22T09:15:59.161+0000] {dagbag.py:545} INFO - Filling up the DagBag from /home/airflow/.local/lib/python3.12/site-packages/airflow/example_dags/example_nested_branch_dag.py
[2025-07-22T09:15:59.173+0000] {processor.py:840} INFO - DAG(s) 'example_nested_branch_dag' retrieved from /home/airflow/.local/lib/python3.12/site-packages/airflow/example_dags/example_nested_branch_dag.py
[2025-07-22T09:15:59.198+0000] {logging_mixin.py:188} INFO - [2025-07-22T09:15:59.198+0000] {dag.py:3096} INFO - Sync 1 DAGs
[2025-07-22T09:15:59.227+0000] {logging_mixin.py:188} INFO - [2025-07-22T09:15:59.227+0000] {dag.py:3954} INFO - Setting next_dagrun for example_nested_branch_dag to 2025-07-21 00:00:00+00:00, run_after=2025-07-22 00:00:00+00:00
[2025-07-22T09:15:59.252+0000] {processor.py:183} INFO - Processing /home/airflow/.local/lib/python3.12/site-packages/airflow/example_dags/example_nested_branch_dag.py took 0.102 seconds
[2025-07-22T09:16:29.310+0000] {processor.py:161} INFO - Started process (PID=2941) to work on /home/airflow/.local/lib/python3.12/site-packages/airflow/example_dags/example_nested_branch_dag.py
[2025-07-22T09:16:29.312+0000] {processor.py:830} INFO - Processing file /home/airflow/.local/lib/python3.12/site-packages/airflow/example_dags/example_nested_branch_dag.py for tasks to queue
[2025-07-22T09:16:29.315+0000] {logging_mixin.py:188} INFO - [2025-07-22T09:16:29.314+0000] {dagbag.py:545} INFO - Filling up the DagBag from /home/airflow/.local/lib/python3.12/site-packages/airflow/example_dags/example_nested_branch_dag.py
[2025-07-22T09:16:29.328+0000] {processor.py:840} INFO - DAG(s) 'example_nested_branch_dag' retrieved from /home/airflow/.local/lib/python3.12/site-packages/airflow/example_dags/example_nested_branch_dag.py
[2025-07-22T09:16:29.360+0000] {logging_mixin.py:188} INFO - [2025-07-22T09:16:29.360+0000] {dag.py:3096} INFO - Sync 1 DAGs
[2025-07-22T09:16:29.390+0000] {logging_mixin.py:188} INFO - [2025-07-22T09:16:29.389+0000] {dag.py:3954} INFO - Setting next_dagrun for example_nested_branch_dag to 2025-07-21 00:00:00+00:00, run_after=2025-07-22 00:00:00+00:00
[2025-07-22T09:16:29.427+0000] {processor.py:183} INFO - Processing /home/airflow/.local/lib/python3.12/site-packages/airflow/example_dags/example_nested_branch_dag.py took 0.123 seconds
[2025-07-22T09:17:00.287+0000] {processor.py:161} INFO - Started process (PID=2999) to work on /home/airflow/.local/lib/python3.12/site-packages/airflow/example_dags/example_nested_branch_dag.py
[2025-07-22T09:17:00.288+0000] {processor.py:830} INFO - Processing file /home/airflow/.local/lib/python3.12/site-packages/airflow/example_dags/example_nested_branch_dag.py for tasks to queue
[2025-07-22T09:17:00.291+0000] {logging_mixin.py:188} INFO - [2025-07-22T09:17:00.291+0000] {dagbag.py:545} INFO - Filling up the DagBag from /home/airflow/.local/lib/python3.12/site-packages/airflow/example_dags/example_nested_branch_dag.py
[2025-07-22T09:17:00.304+0000] {processor.py:840} INFO - DAG(s) 'example_nested_branch_dag' retrieved from /home/airflow/.local/lib/python3.12/site-packages/airflow/example_dags/example_nested_branch_dag.py
[2025-07-22T09:17:00.335+0000] {logging_mixin.py:188} INFO - [2025-07-22T09:17:00.335+0000] {dag.py:3096} INFO - Sync 1 DAGs
[2025-07-22T09:17:00.369+0000] {logging_mixin.py:188} INFO - [2025-07-22T09:17:00.369+0000] {dag.py:3954} INFO - Setting next_dagrun for example_nested_branch_dag to 2025-07-21 00:00:00+00:00, run_after=2025-07-22 00:00:00+00:00
[2025-07-22T09:17:00.398+0000] {processor.py:183} INFO - Processing /home/airflow/.local/lib/python3.12/site-packages/airflow/example_dags/example_nested_branch_dag.py took 0.119 seconds
[2025-07-22T09:17:30.978+0000] {processor.py:161} INFO - Started process (PID=3059) to work on /home/airflow/.local/lib/python3.12/site-packages/airflow/example_dags/example_nested_branch_dag.py
[2025-07-22T09:17:30.979+0000] {processor.py:830} INFO - Processing file /home/airflow/.local/lib/python3.12/site-packages/airflow/example_dags/example_nested_branch_dag.py for tasks to queue
[2025-07-22T09:17:30.982+0000] {logging_mixin.py:188} INFO - [2025-07-22T09:17:30.981+0000] {dagbag.py:545} INFO - Filling up the DagBag from /home/airflow/.local/lib/python3.12/site-packages/airflow/example_dags/example_nested_branch_dag.py
[2025-07-22T09:17:30.993+0000] {processor.py:840} INFO - DAG(s) 'example_nested_branch_dag' retrieved from /home/airflow/.local/lib/python3.12/site-packages/airflow/example_dags/example_nested_branch_dag.py
[2025-07-22T09:17:31.019+0000] {logging_mixin.py:188} INFO - [2025-07-22T09:17:31.019+0000] {dag.py:3096} INFO - Sync 1 DAGs
[2025-07-22T09:17:31.045+0000] {logging_mixin.py:188} INFO - [2025-07-22T09:17:31.045+0000] {dag.py:3954} INFO - Setting next_dagrun for example_nested_branch_dag to 2025-07-21 00:00:00+00:00, run_after=2025-07-22 00:00:00+00:00
[2025-07-22T09:17:31.068+0000] {processor.py:183} INFO - Processing /home/airflow/.local/lib/python3.12/site-packages/airflow/example_dags/example_nested_branch_dag.py took 0.097 seconds
[2025-07-22T09:18:01.230+0000] {processor.py:161} INFO - Started process (PID=3119) to work on /home/airflow/.local/lib/python3.12/site-packages/airflow/example_dags/example_nested_branch_dag.py
[2025-07-22T09:18:01.231+0000] {processor.py:830} INFO - Processing file /home/airflow/.local/lib/python3.12/site-packages/airflow/example_dags/example_nested_branch_dag.py for tasks to queue
[2025-07-22T09:18:01.233+0000] {logging_mixin.py:188} INFO - [2025-07-22T09:18:01.233+0000] {dagbag.py:545} INFO - Filling up the DagBag from /home/airflow/.local/lib/python3.12/site-packages/airflow/example_dags/example_nested_branch_dag.py
[2025-07-22T09:18:01.244+0000] {processor.py:840} INFO - DAG(s) 'example_nested_branch_dag' retrieved from /home/airflow/.local/lib/python3.12/site-packages/airflow/example_dags/example_nested_branch_dag.py
[2025-07-22T09:18:01.267+0000] {logging_mixin.py:188} INFO - [2025-07-22T09:18:01.267+0000] {dag.py:3096} INFO - Sync 1 DAGs
[2025-07-22T09:18:01.291+0000] {logging_mixin.py:188} INFO - [2025-07-22T09:18:01.291+0000] {dag.py:3954} INFO - Setting next_dagrun for example_nested_branch_dag to 2025-07-21 00:00:00+00:00, run_after=2025-07-22 00:00:00+00:00
[2025-07-22T09:18:01.313+0000] {processor.py:183} INFO - Processing /home/airflow/.local/lib/python3.12/site-packages/airflow/example_dags/example_nested_branch_dag.py took 0.090 seconds
[2025-07-22T09:18:32.175+0000] {processor.py:161} INFO - Started process (PID=3179) to work on /home/airflow/.local/lib/python3.12/site-packages/airflow/example_dags/example_nested_branch_dag.py
[2025-07-22T09:18:32.177+0000] {processor.py:830} INFO - Processing file /home/airflow/.local/lib/python3.12/site-packages/airflow/example_dags/example_nested_branch_dag.py for tasks to queue
[2025-07-22T09:18:32.180+0000] {logging_mixin.py:188} INFO - [2025-07-22T09:18:32.180+0000] {dagbag.py:545} INFO - Filling up the DagBag from /home/airflow/.local/lib/python3.12/site-packages/airflow/example_dags/example_nested_branch_dag.py
[2025-07-22T09:18:32.206+0000] {processor.py:840} INFO - DAG(s) 'example_nested_branch_dag' retrieved from /home/airflow/.local/lib/python3.12/site-packages/airflow/example_dags/example_nested_branch_dag.py
[2025-07-22T09:18:32.250+0000] {logging_mixin.py:188} INFO - [2025-07-22T09:18:32.250+0000] {dag.py:3096} INFO - Sync 1 DAGs
[2025-07-22T09:18:32.318+0000] {logging_mixin.py:188} INFO - [2025-07-22T09:18:32.317+0000] {dag.py:3954} INFO - Setting next_dagrun for example_nested_branch_dag to 2025-07-21 00:00:00+00:00, run_after=2025-07-22 00:00:00+00:00
[2025-07-22T09:18:32.357+0000] {processor.py:183} INFO - Processing /home/airflow/.local/lib/python3.12/site-packages/airflow/example_dags/example_nested_branch_dag.py took 0.190 seconds
[2025-07-22T09:19:02.654+0000] {processor.py:161} INFO - Started process (PID=3239) to work on /home/airflow/.local/lib/python3.12/site-packages/airflow/example_dags/example_nested_branch_dag.py
[2025-07-22T09:19:02.655+0000] {processor.py:830} INFO - Processing file /home/airflow/.local/lib/python3.12/site-packages/airflow/example_dags/example_nested_branch_dag.py for tasks to queue
[2025-07-22T09:19:02.657+0000] {logging_mixin.py:188} INFO - [2025-07-22T09:19:02.657+0000] {dagbag.py:545} INFO - Filling up the DagBag from /home/airflow/.local/lib/python3.12/site-packages/airflow/example_dags/example_nested_branch_dag.py
[2025-07-22T09:19:02.668+0000] {processor.py:840} INFO - DAG(s) 'example_nested_branch_dag' retrieved from /home/airflow/.local/lib/python3.12/site-packages/airflow/example_dags/example_nested_branch_dag.py
[2025-07-22T09:19:02.692+0000] {logging_mixin.py:188} INFO - [2025-07-22T09:19:02.692+0000] {dag.py:3096} INFO - Sync 1 DAGs
[2025-07-22T09:19:02.719+0000] {logging_mixin.py:188} INFO - [2025-07-22T09:19:02.719+0000] {dag.py:3954} INFO - Setting next_dagrun for example_nested_branch_dag to 2025-07-21 00:00:00+00:00, run_after=2025-07-22 00:00:00+00:00
[2025-07-22T09:19:02.743+0000] {processor.py:183} INFO - Processing /home/airflow/.local/lib/python3.12/site-packages/airflow/example_dags/example_nested_branch_dag.py took 0.098 seconds
[2025-07-22T09:19:33.203+0000] {processor.py:161} INFO - Started process (PID=3299) to work on /home/airflow/.local/lib/python3.12/site-packages/airflow/example_dags/example_nested_branch_dag.py
[2025-07-22T09:19:33.204+0000] {processor.py:830} INFO - Processing file /home/airflow/.local/lib/python3.12/site-packages/airflow/example_dags/example_nested_branch_dag.py for tasks to queue
[2025-07-22T09:19:33.206+0000] {logging_mixin.py:188} INFO - [2025-07-22T09:19:33.206+0000] {dagbag.py:545} INFO - Filling up the DagBag from /home/airflow/.local/lib/python3.12/site-packages/airflow/example_dags/example_nested_branch_dag.py
[2025-07-22T09:19:33.217+0000] {processor.py:840} INFO - DAG(s) 'example_nested_branch_dag' retrieved from /home/airflow/.local/lib/python3.12/site-packages/airflow/example_dags/example_nested_branch_dag.py
[2025-07-22T09:19:33.241+0000] {logging_mixin.py:188} INFO - [2025-07-22T09:19:33.241+0000] {dag.py:3096} INFO - Sync 1 DAGs
[2025-07-22T09:19:33.266+0000] {logging_mixin.py:188} INFO - [2025-07-22T09:19:33.265+0000] {dag.py:3954} INFO - Setting next_dagrun for example_nested_branch_dag to 2025-07-21 00:00:00+00:00, run_after=2025-07-22 00:00:00+00:00
[2025-07-22T09:19:33.294+0000] {processor.py:183} INFO - Processing /home/airflow/.local/lib/python3.12/site-packages/airflow/example_dags/example_nested_branch_dag.py took 0.097 seconds
[2025-07-22T09:20:03.819+0000] {processor.py:161} INFO - Started process (PID=3359) to work on /home/airflow/.local/lib/python3.12/site-packages/airflow/example_dags/example_nested_branch_dag.py
[2025-07-22T09:20:03.820+0000] {processor.py:830} INFO - Processing file /home/airflow/.local/lib/python3.12/site-packages/airflow/example_dags/example_nested_branch_dag.py for tasks to queue
[2025-07-22T09:20:03.822+0000] {logging_mixin.py:188} INFO - [2025-07-22T09:20:03.822+0000] {dagbag.py:545} INFO - Filling up the DagBag from /home/airflow/.local/lib/python3.12/site-packages/airflow/example_dags/example_nested_branch_dag.py
[2025-07-22T09:20:03.835+0000] {processor.py:840} INFO - DAG(s) 'example_nested_branch_dag' retrieved from /home/airflow/.local/lib/python3.12/site-packages/airflow/example_dags/example_nested_branch_dag.py
[2025-07-22T09:20:03.861+0000] {logging_mixin.py:188} INFO - [2025-07-22T09:20:03.861+0000] {dag.py:3096} INFO - Sync 1 DAGs
[2025-07-22T09:20:03.886+0000] {logging_mixin.py:188} INFO - [2025-07-22T09:20:03.885+0000] {dag.py:3954} INFO - Setting next_dagrun for example_nested_branch_dag to 2025-07-21 00:00:00+00:00, run_after=2025-07-22 00:00:00+00:00
[2025-07-22T09:20:03.907+0000] {processor.py:183} INFO - Processing /home/airflow/.local/lib/python3.12/site-packages/airflow/example_dags/example_nested_branch_dag.py took 0.097 seconds
[2025-07-22T09:20:34.169+0000] {processor.py:161} INFO - Started process (PID=3419) to work on /home/airflow/.local/lib/python3.12/site-packages/airflow/example_dags/example_nested_branch_dag.py
[2025-07-22T09:20:34.172+0000] {processor.py:830} INFO - Processing file /home/airflow/.local/lib/python3.12/site-packages/airflow/example_dags/example_nested_branch_dag.py for tasks to queue
[2025-07-22T09:20:34.175+0000] {logging_mixin.py:188} INFO - [2025-07-22T09:20:34.175+0000] {dagbag.py:545} INFO - Filling up the DagBag from /home/airflow/.local/lib/python3.12/site-packages/airflow/example_dags/example_nested_branch_dag.py
[2025-07-22T09:20:34.187+0000] {processor.py:840} INFO - DAG(s) 'example_nested_branch_dag' retrieved from /home/airflow/.local/lib/python3.12/site-packages/airflow/example_dags/example_nested_branch_dag.py
[2025-07-22T09:20:34.214+0000] {logging_mixin.py:188} INFO - [2025-07-22T09:20:34.214+0000] {dag.py:3096} INFO - Sync 1 DAGs
[2025-07-22T09:20:34.243+0000] {logging_mixin.py:188} INFO - [2025-07-22T09:20:34.243+0000] {dag.py:3954} INFO - Setting next_dagrun for example_nested_branch_dag to 2025-07-21 00:00:00+00:00, run_after=2025-07-22 00:00:00+00:00
[2025-07-22T09:20:34.267+0000] {processor.py:183} INFO - Processing /home/airflow/.local/lib/python3.12/site-packages/airflow/example_dags/example_nested_branch_dag.py took 0.114 seconds
[2025-07-22T09:21:04.511+0000] {processor.py:161} INFO - Started process (PID=3479) to work on /home/airflow/.local/lib/python3.12/site-packages/airflow/example_dags/example_nested_branch_dag.py
[2025-07-22T09:21:04.513+0000] {processor.py:830} INFO - Processing file /home/airflow/.local/lib/python3.12/site-packages/airflow/example_dags/example_nested_branch_dag.py for tasks to queue
[2025-07-22T09:21:04.518+0000] {logging_mixin.py:188} INFO - [2025-07-22T09:21:04.517+0000] {dagbag.py:545} INFO - Filling up the DagBag from /home/airflow/.local/lib/python3.12/site-packages/airflow/example_dags/example_nested_branch_dag.py
[2025-07-22T09:21:04.531+0000] {processor.py:840} INFO - DAG(s) 'example_nested_branch_dag' retrieved from /home/airflow/.local/lib/python3.12/site-packages/airflow/example_dags/example_nested_branch_dag.py
[2025-07-22T09:21:04.559+0000] {logging_mixin.py:188} INFO - [2025-07-22T09:21:04.558+0000] {dag.py:3096} INFO - Sync 1 DAGs
[2025-07-22T09:21:04.589+0000] {logging_mixin.py:188} INFO - [2025-07-22T09:21:04.589+0000] {dag.py:3954} INFO - Setting next_dagrun for example_nested_branch_dag to 2025-07-21 00:00:00+00:00, run_after=2025-07-22 00:00:00+00:00
[2025-07-22T09:21:04.612+0000] {processor.py:183} INFO - Processing /home/airflow/.local/lib/python3.12/site-packages/airflow/example_dags/example_nested_branch_dag.py took 0.112 seconds
[2025-07-22T09:21:34.700+0000] {processor.py:161} INFO - Started process (PID=3540) to work on /home/airflow/.local/lib/python3.12/site-packages/airflow/example_dags/example_nested_branch_dag.py
[2025-07-22T09:21:34.702+0000] {processor.py:830} INFO - Processing file /home/airflow/.local/lib/python3.12/site-packages/airflow/example_dags/example_nested_branch_dag.py for tasks to queue
[2025-07-22T09:21:34.704+0000] {logging_mixin.py:188} INFO - [2025-07-22T09:21:34.704+0000] {dagbag.py:545} INFO - Filling up the DagBag from /home/airflow/.local/lib/python3.12/site-packages/airflow/example_dags/example_nested_branch_dag.py
[2025-07-22T09:21:34.717+0000] {processor.py:840} INFO - DAG(s) 'example_nested_branch_dag' retrieved from /home/airflow/.local/lib/python3.12/site-packages/airflow/example_dags/example_nested_branch_dag.py
[2025-07-22T09:21:34.750+0000] {logging_mixin.py:188} INFO - [2025-07-22T09:21:34.750+0000] {dag.py:3096} INFO - Sync 1 DAGs
[2025-07-22T09:21:34.778+0000] {logging_mixin.py:188} INFO - [2025-07-22T09:21:34.777+0000] {dag.py:3954} INFO - Setting next_dagrun for example_nested_branch_dag to 2025-07-21 00:00:00+00:00, run_after=2025-07-22 00:00:00+00:00
[2025-07-22T09:21:34.799+0000] {processor.py:183} INFO - Processing /home/airflow/.local/lib/python3.12/site-packages/airflow/example_dags/example_nested_branch_dag.py took 0.108 seconds
[2025-07-22T09:22:04.997+0000] {processor.py:161} INFO - Started process (PID=3600) to work on /home/airflow/.local/lib/python3.12/site-packages/airflow/example_dags/example_nested_branch_dag.py
[2025-07-22T09:22:04.999+0000] {processor.py:830} INFO - Processing file /home/airflow/.local/lib/python3.12/site-packages/airflow/example_dags/example_nested_branch_dag.py for tasks to queue
[2025-07-22T09:22:05.001+0000] {logging_mixin.py:188} INFO - [2025-07-22T09:22:05.001+0000] {dagbag.py:545} INFO - Filling up the DagBag from /home/airflow/.local/lib/python3.12/site-packages/airflow/example_dags/example_nested_branch_dag.py
[2025-07-22T09:22:05.014+0000] {processor.py:840} INFO - DAG(s) 'example_nested_branch_dag' retrieved from /home/airflow/.local/lib/python3.12/site-packages/airflow/example_dags/example_nested_branch_dag.py
[2025-07-22T09:22:05.049+0000] {logging_mixin.py:188} INFO - [2025-07-22T09:22:05.048+0000] {dag.py:3096} INFO - Sync 1 DAGs
[2025-07-22T09:22:05.080+0000] {logging_mixin.py:188} INFO - [2025-07-22T09:22:05.079+0000] {dag.py:3954} INFO - Setting next_dagrun for example_nested_branch_dag to 2025-07-21 00:00:00+00:00, run_after=2025-07-22 00:00:00+00:00
[2025-07-22T09:22:05.104+0000] {processor.py:183} INFO - Processing /home/airflow/.local/lib/python3.12/site-packages/airflow/example_dags/example_nested_branch_dag.py took 0.114 seconds
[2025-07-22T09:22:35.862+0000] {processor.py:161} INFO - Started process (PID=3666) to work on /home/airflow/.local/lib/python3.12/site-packages/airflow/example_dags/example_nested_branch_dag.py
[2025-07-22T09:22:35.865+0000] {processor.py:830} INFO - Processing file /home/airflow/.local/lib/python3.12/site-packages/airflow/example_dags/example_nested_branch_dag.py for tasks to queue
[2025-07-22T09:22:35.874+0000] {logging_mixin.py:188} INFO - [2025-07-22T09:22:35.873+0000] {dagbag.py:545} INFO - Filling up the DagBag from /home/airflow/.local/lib/python3.12/site-packages/airflow/example_dags/example_nested_branch_dag.py
[2025-07-22T09:22:35.920+0000] {processor.py:840} INFO - DAG(s) 'example_nested_branch_dag' retrieved from /home/airflow/.local/lib/python3.12/site-packages/airflow/example_dags/example_nested_branch_dag.py
[2025-07-22T09:22:36.003+0000] {logging_mixin.py:188} INFO - [2025-07-22T09:22:36.002+0000] {dag.py:3096} INFO - Sync 1 DAGs
[2025-07-22T09:22:36.043+0000] {logging_mixin.py:188} INFO - [2025-07-22T09:22:36.042+0000] {dag.py:3954} INFO - Setting next_dagrun for example_nested_branch_dag to 2025-07-21 00:00:00+00:00, run_after=2025-07-22 00:00:00+00:00
[2025-07-22T09:22:36.065+0000] {processor.py:183} INFO - Processing /home/airflow/.local/lib/python3.12/site-packages/airflow/example_dags/example_nested_branch_dag.py took 0.225 seconds
