[2025-07-22T08:52:07.556+0000] {processor.py:161} INFO - Started process (PID=89) to work on /home/airflow/.local/lib/python3.12/site-packages/airflow/example_dags/example_short_circuit_decorator.py
[2025-07-22T08:52:07.558+0000] {processor.py:830} INFO - Processing file /home/airflow/.local/lib/python3.12/site-packages/airflow/example_dags/example_short_circuit_decorator.py for tasks to queue
[2025-07-22T08:52:07.560+0000] {logging_mixin.py:188} INFO - [2025-07-22T08:52:07.560+0000] {dagbag.py:545} INFO - Filling up the DagBag from /home/airflow/.local/lib/python3.12/site-packages/airflow/example_dags/example_short_circuit_decorator.py
[2025-07-22T08:52:07.578+0000] {processor.py:840} INFO - DAG(s) 'example_short_circuit_decorator' retrieved from /home/airflow/.local/lib/python3.12/site-packages/airflow/example_dags/example_short_circuit_decorator.py
[2025-07-22T08:52:07.797+0000] {logging_mixin.py:188} INFO - [2025-07-22T08:52:07.797+0000] {dag.py:3096} INFO - Sync 1 DAGs
[2025-07-22T08:52:07.832+0000] {logging_mixin.py:188} INFO - [2025-07-22T08:52:07.832+0000] {dag.py:3954} INFO - Setting next_dagrun for example_short_circuit_decorator to 2025-07-21 00:00:00+00:00, run_after=2025-07-22 00:00:00+00:00
[2025-07-22T08:52:07.868+0000] {processor.py:183} INFO - Processing /home/airflow/.local/lib/python3.12/site-packages/airflow/example_dags/example_short_circuit_decorator.py took 0.321 seconds
[2025-07-22T08:52:38.351+0000] {processor.py:161} INFO - Started process (PID=147) to work on /home/airflow/.local/lib/python3.12/site-packages/airflow/example_dags/example_short_circuit_decorator.py
[2025-07-22T08:52:38.352+0000] {processor.py:830} INFO - Processing file /home/airflow/.local/lib/python3.12/site-packages/airflow/example_dags/example_short_circuit_decorator.py for tasks to queue
[2025-07-22T08:52:38.354+0000] {logging_mixin.py:188} INFO - [2025-07-22T08:52:38.354+0000] {dagbag.py:545} INFO - Filling up the DagBag from /home/airflow/.local/lib/python3.12/site-packages/airflow/example_dags/example_short_circuit_decorator.py
[2025-07-22T08:52:38.364+0000] {processor.py:840} INFO - DAG(s) 'example_short_circuit_decorator' retrieved from /home/airflow/.local/lib/python3.12/site-packages/airflow/example_dags/example_short_circuit_decorator.py
[2025-07-22T08:52:38.388+0000] {logging_mixin.py:188} INFO - [2025-07-22T08:52:38.388+0000] {dag.py:3096} INFO - Sync 1 DAGs
[2025-07-22T08:52:38.410+0000] {logging_mixin.py:188} INFO - [2025-07-22T08:52:38.410+0000] {dag.py:3954} INFO - Setting next_dagrun for example_short_circuit_decorator to 2025-07-21 00:00:00+00:00, run_after=2025-07-22 00:00:00+00:00
[2025-07-22T08:52:38.435+0000] {processor.py:183} INFO - Processing /home/airflow/.local/lib/python3.12/site-packages/airflow/example_dags/example_short_circuit_decorator.py took 0.090 seconds
[2025-07-22T08:53:08.987+0000] {processor.py:161} INFO - Started process (PID=205) to work on /home/airflow/.local/lib/python3.12/site-packages/airflow/example_dags/example_short_circuit_decorator.py
[2025-07-22T08:53:08.988+0000] {processor.py:830} INFO - Processing file /home/airflow/.local/lib/python3.12/site-packages/airflow/example_dags/example_short_circuit_decorator.py for tasks to queue
[2025-07-22T08:53:08.990+0000] {logging_mixin.py:188} INFO - [2025-07-22T08:53:08.990+0000] {dagbag.py:545} INFO - Filling up the DagBag from /home/airflow/.local/lib/python3.12/site-packages/airflow/example_dags/example_short_circuit_decorator.py
[2025-07-22T08:53:09.001+0000] {processor.py:840} INFO - DAG(s) 'example_short_circuit_decorator' retrieved from /home/airflow/.local/lib/python3.12/site-packages/airflow/example_dags/example_short_circuit_decorator.py
[2025-07-22T08:53:09.035+0000] {logging_mixin.py:188} INFO - [2025-07-22T08:53:09.035+0000] {dag.py:3096} INFO - Sync 1 DAGs
[2025-07-22T08:53:09.061+0000] {logging_mixin.py:188} INFO - [2025-07-22T08:53:09.060+0000] {dag.py:3954} INFO - Setting next_dagrun for example_short_circuit_decorator to 2025-07-21 00:00:00+00:00, run_after=2025-07-22 00:00:00+00:00
[2025-07-22T08:53:09.083+0000] {processor.py:183} INFO - Processing /home/airflow/.local/lib/python3.12/site-packages/airflow/example_dags/example_short_circuit_decorator.py took 0.105 seconds
[2025-07-22T08:53:39.246+0000] {processor.py:161} INFO - Started process (PID=263) to work on /home/airflow/.local/lib/python3.12/site-packages/airflow/example_dags/example_short_circuit_decorator.py
[2025-07-22T08:53:39.248+0000] {processor.py:830} INFO - Processing file /home/airflow/.local/lib/python3.12/site-packages/airflow/example_dags/example_short_circuit_decorator.py for tasks to queue
[2025-07-22T08:53:39.250+0000] {logging_mixin.py:188} INFO - [2025-07-22T08:53:39.250+0000] {dagbag.py:545} INFO - Filling up the DagBag from /home/airflow/.local/lib/python3.12/site-packages/airflow/example_dags/example_short_circuit_decorator.py
[2025-07-22T08:53:39.266+0000] {processor.py:840} INFO - DAG(s) 'example_short_circuit_decorator' retrieved from /home/airflow/.local/lib/python3.12/site-packages/airflow/example_dags/example_short_circuit_decorator.py
[2025-07-22T08:53:39.296+0000] {logging_mixin.py:188} INFO - [2025-07-22T08:53:39.296+0000] {dag.py:3096} INFO - Sync 1 DAGs
[2025-07-22T08:53:39.325+0000] {logging_mixin.py:188} INFO - [2025-07-22T08:53:39.324+0000] {dag.py:3954} INFO - Setting next_dagrun for example_short_circuit_decorator to 2025-07-21 00:00:00+00:00, run_after=2025-07-22 00:00:00+00:00
[2025-07-22T08:53:39.353+0000] {processor.py:183} INFO - Processing /home/airflow/.local/lib/python3.12/site-packages/airflow/example_dags/example_short_circuit_decorator.py took 0.114 seconds
[2025-07-22T08:54:09.668+0000] {processor.py:161} INFO - Started process (PID=321) to work on /home/airflow/.local/lib/python3.12/site-packages/airflow/example_dags/example_short_circuit_decorator.py
[2025-07-22T08:54:09.669+0000] {processor.py:830} INFO - Processing file /home/airflow/.local/lib/python3.12/site-packages/airflow/example_dags/example_short_circuit_decorator.py for tasks to queue
[2025-07-22T08:54:09.671+0000] {logging_mixin.py:188} INFO - [2025-07-22T08:54:09.671+0000] {dagbag.py:545} INFO - Filling up the DagBag from /home/airflow/.local/lib/python3.12/site-packages/airflow/example_dags/example_short_circuit_decorator.py
[2025-07-22T08:54:09.681+0000] {processor.py:840} INFO - DAG(s) 'example_short_circuit_decorator' retrieved from /home/airflow/.local/lib/python3.12/site-packages/airflow/example_dags/example_short_circuit_decorator.py
[2025-07-22T08:54:09.705+0000] {logging_mixin.py:188} INFO - [2025-07-22T08:54:09.705+0000] {dag.py:3096} INFO - Sync 1 DAGs
[2025-07-22T08:54:09.729+0000] {logging_mixin.py:188} INFO - [2025-07-22T08:54:09.728+0000] {dag.py:3954} INFO - Setting next_dagrun for example_short_circuit_decorator to 2025-07-21 00:00:00+00:00, run_after=2025-07-22 00:00:00+00:00
[2025-07-22T08:54:09.753+0000] {processor.py:183} INFO - Processing /home/airflow/.local/lib/python3.12/site-packages/airflow/example_dags/example_short_circuit_decorator.py took 0.091 seconds
[2025-07-22T08:54:39.976+0000] {processor.py:161} INFO - Started process (PID=379) to work on /home/airflow/.local/lib/python3.12/site-packages/airflow/example_dags/example_short_circuit_decorator.py
[2025-07-22T08:54:39.977+0000] {processor.py:830} INFO - Processing file /home/airflow/.local/lib/python3.12/site-packages/airflow/example_dags/example_short_circuit_decorator.py for tasks to queue
[2025-07-22T08:54:39.980+0000] {logging_mixin.py:188} INFO - [2025-07-22T08:54:39.980+0000] {dagbag.py:545} INFO - Filling up the DagBag from /home/airflow/.local/lib/python3.12/site-packages/airflow/example_dags/example_short_circuit_decorator.py
[2025-07-22T08:54:39.994+0000] {processor.py:840} INFO - DAG(s) 'example_short_circuit_decorator' retrieved from /home/airflow/.local/lib/python3.12/site-packages/airflow/example_dags/example_short_circuit_decorator.py
[2025-07-22T08:54:40.030+0000] {logging_mixin.py:188} INFO - [2025-07-22T08:54:40.029+0000] {dag.py:3096} INFO - Sync 1 DAGs
[2025-07-22T08:54:40.060+0000] {logging_mixin.py:188} INFO - [2025-07-22T08:54:40.060+0000] {dag.py:3954} INFO - Setting next_dagrun for example_short_circuit_decorator to 2025-07-21 00:00:00+00:00, run_after=2025-07-22 00:00:00+00:00
[2025-07-22T08:54:40.083+0000] {processor.py:183} INFO - Processing /home/airflow/.local/lib/python3.12/site-packages/airflow/example_dags/example_short_circuit_decorator.py took 0.117 seconds
[2025-07-22T08:55:10.488+0000] {processor.py:161} INFO - Started process (PID=437) to work on /home/airflow/.local/lib/python3.12/site-packages/airflow/example_dags/example_short_circuit_decorator.py
[2025-07-22T08:55:10.490+0000] {processor.py:830} INFO - Processing file /home/airflow/.local/lib/python3.12/site-packages/airflow/example_dags/example_short_circuit_decorator.py for tasks to queue
[2025-07-22T08:55:10.492+0000] {logging_mixin.py:188} INFO - [2025-07-22T08:55:10.492+0000] {dagbag.py:545} INFO - Filling up the DagBag from /home/airflow/.local/lib/python3.12/site-packages/airflow/example_dags/example_short_circuit_decorator.py
[2025-07-22T08:55:10.503+0000] {processor.py:840} INFO - DAG(s) 'example_short_circuit_decorator' retrieved from /home/airflow/.local/lib/python3.12/site-packages/airflow/example_dags/example_short_circuit_decorator.py
[2025-07-22T08:55:10.530+0000] {logging_mixin.py:188} INFO - [2025-07-22T08:55:10.530+0000] {dag.py:3096} INFO - Sync 1 DAGs
[2025-07-22T08:55:10.556+0000] {logging_mixin.py:188} INFO - [2025-07-22T08:55:10.556+0000] {dag.py:3954} INFO - Setting next_dagrun for example_short_circuit_decorator to 2025-07-21 00:00:00+00:00, run_after=2025-07-22 00:00:00+00:00
[2025-07-22T08:55:10.578+0000] {processor.py:183} INFO - Processing /home/airflow/.local/lib/python3.12/site-packages/airflow/example_dags/example_short_circuit_decorator.py took 0.097 seconds
[2025-07-22T08:55:40.964+0000] {processor.py:161} INFO - Started process (PID=495) to work on /home/airflow/.local/lib/python3.12/site-packages/airflow/example_dags/example_short_circuit_decorator.py
[2025-07-22T08:55:40.965+0000] {processor.py:830} INFO - Processing file /home/airflow/.local/lib/python3.12/site-packages/airflow/example_dags/example_short_circuit_decorator.py for tasks to queue
[2025-07-22T08:55:40.967+0000] {logging_mixin.py:188} INFO - [2025-07-22T08:55:40.967+0000] {dagbag.py:545} INFO - Filling up the DagBag from /home/airflow/.local/lib/python3.12/site-packages/airflow/example_dags/example_short_circuit_decorator.py
[2025-07-22T08:55:40.978+0000] {processor.py:840} INFO - DAG(s) 'example_short_circuit_decorator' retrieved from /home/airflow/.local/lib/python3.12/site-packages/airflow/example_dags/example_short_circuit_decorator.py
[2025-07-22T08:55:41.005+0000] {logging_mixin.py:188} INFO - [2025-07-22T08:55:41.004+0000] {dag.py:3096} INFO - Sync 1 DAGs
[2025-07-22T08:55:41.030+0000] {logging_mixin.py:188} INFO - [2025-07-22T08:55:41.029+0000] {dag.py:3954} INFO - Setting next_dagrun for example_short_circuit_decorator to 2025-07-21 00:00:00+00:00, run_after=2025-07-22 00:00:00+00:00
[2025-07-22T08:55:41.052+0000] {processor.py:183} INFO - Processing /home/airflow/.local/lib/python3.12/site-packages/airflow/example_dags/example_short_circuit_decorator.py took 0.096 seconds
[2025-07-22T08:56:11.239+0000] {processor.py:161} INFO - Started process (PID=553) to work on /home/airflow/.local/lib/python3.12/site-packages/airflow/example_dags/example_short_circuit_decorator.py
[2025-07-22T08:56:11.240+0000] {processor.py:830} INFO - Processing file /home/airflow/.local/lib/python3.12/site-packages/airflow/example_dags/example_short_circuit_decorator.py for tasks to queue
[2025-07-22T08:56:11.242+0000] {logging_mixin.py:188} INFO - [2025-07-22T08:56:11.242+0000] {dagbag.py:545} INFO - Filling up the DagBag from /home/airflow/.local/lib/python3.12/site-packages/airflow/example_dags/example_short_circuit_decorator.py
[2025-07-22T08:56:11.252+0000] {processor.py:840} INFO - DAG(s) 'example_short_circuit_decorator' retrieved from /home/airflow/.local/lib/python3.12/site-packages/airflow/example_dags/example_short_circuit_decorator.py
[2025-07-22T08:56:11.279+0000] {logging_mixin.py:188} INFO - [2025-07-22T08:56:11.279+0000] {dag.py:3096} INFO - Sync 1 DAGs
[2025-07-22T08:56:11.303+0000] {logging_mixin.py:188} INFO - [2025-07-22T08:56:11.303+0000] {dag.py:3954} INFO - Setting next_dagrun for example_short_circuit_decorator to 2025-07-21 00:00:00+00:00, run_after=2025-07-22 00:00:00+00:00
[2025-07-22T08:56:11.326+0000] {processor.py:183} INFO - Processing /home/airflow/.local/lib/python3.12/site-packages/airflow/example_dags/example_short_circuit_decorator.py took 0.094 seconds
[2025-07-22T08:56:41.715+0000] {processor.py:161} INFO - Started process (PID=611) to work on /home/airflow/.local/lib/python3.12/site-packages/airflow/example_dags/example_short_circuit_decorator.py
[2025-07-22T08:56:41.716+0000] {processor.py:830} INFO - Processing file /home/airflow/.local/lib/python3.12/site-packages/airflow/example_dags/example_short_circuit_decorator.py for tasks to queue
[2025-07-22T08:56:41.719+0000] {logging_mixin.py:188} INFO - [2025-07-22T08:56:41.718+0000] {dagbag.py:545} INFO - Filling up the DagBag from /home/airflow/.local/lib/python3.12/site-packages/airflow/example_dags/example_short_circuit_decorator.py
[2025-07-22T08:56:41.736+0000] {processor.py:840} INFO - DAG(s) 'example_short_circuit_decorator' retrieved from /home/airflow/.local/lib/python3.12/site-packages/airflow/example_dags/example_short_circuit_decorator.py
[2025-07-22T08:56:41.767+0000] {logging_mixin.py:188} INFO - [2025-07-22T08:56:41.766+0000] {dag.py:3096} INFO - Sync 1 DAGs
[2025-07-22T08:56:41.798+0000] {logging_mixin.py:188} INFO - [2025-07-22T08:56:41.798+0000] {dag.py:3954} INFO - Setting next_dagrun for example_short_circuit_decorator to 2025-07-21 00:00:00+00:00, run_after=2025-07-22 00:00:00+00:00
[2025-07-22T08:56:41.819+0000] {processor.py:183} INFO - Processing /home/airflow/.local/lib/python3.12/site-packages/airflow/example_dags/example_short_circuit_decorator.py took 0.112 seconds
[2025-07-22T08:57:12.059+0000] {processor.py:161} INFO - Started process (PID=671) to work on /home/airflow/.local/lib/python3.12/site-packages/airflow/example_dags/example_short_circuit_decorator.py
[2025-07-22T08:57:12.060+0000] {processor.py:830} INFO - Processing file /home/airflow/.local/lib/python3.12/site-packages/airflow/example_dags/example_short_circuit_decorator.py for tasks to queue
[2025-07-22T08:57:12.063+0000] {logging_mixin.py:188} INFO - [2025-07-22T08:57:12.063+0000] {dagbag.py:545} INFO - Filling up the DagBag from /home/airflow/.local/lib/python3.12/site-packages/airflow/example_dags/example_short_circuit_decorator.py
[2025-07-22T08:57:12.080+0000] {processor.py:840} INFO - DAG(s) 'example_short_circuit_decorator' retrieved from /home/airflow/.local/lib/python3.12/site-packages/airflow/example_dags/example_short_circuit_decorator.py
[2025-07-22T08:57:12.111+0000] {logging_mixin.py:188} INFO - [2025-07-22T08:57:12.110+0000] {dag.py:3096} INFO - Sync 1 DAGs
[2025-07-22T08:57:12.137+0000] {logging_mixin.py:188} INFO - [2025-07-22T08:57:12.137+0000] {dag.py:3954} INFO - Setting next_dagrun for example_short_circuit_decorator to 2025-07-21 00:00:00+00:00, run_after=2025-07-22 00:00:00+00:00
[2025-07-22T08:57:12.161+0000] {processor.py:183} INFO - Processing /home/airflow/.local/lib/python3.12/site-packages/airflow/example_dags/example_short_circuit_decorator.py took 0.110 seconds
[2025-07-22T08:57:42.237+0000] {processor.py:161} INFO - Started process (PID=731) to work on /home/airflow/.local/lib/python3.12/site-packages/airflow/example_dags/example_short_circuit_decorator.py
[2025-07-22T08:57:42.239+0000] {processor.py:830} INFO - Processing file /home/airflow/.local/lib/python3.12/site-packages/airflow/example_dags/example_short_circuit_decorator.py for tasks to queue
[2025-07-22T08:57:42.241+0000] {logging_mixin.py:188} INFO - [2025-07-22T08:57:42.240+0000] {dagbag.py:545} INFO - Filling up the DagBag from /home/airflow/.local/lib/python3.12/site-packages/airflow/example_dags/example_short_circuit_decorator.py
[2025-07-22T08:57:42.252+0000] {processor.py:840} INFO - DAG(s) 'example_short_circuit_decorator' retrieved from /home/airflow/.local/lib/python3.12/site-packages/airflow/example_dags/example_short_circuit_decorator.py
[2025-07-22T08:57:42.301+0000] {logging_mixin.py:188} INFO - [2025-07-22T08:57:42.301+0000] {dag.py:3096} INFO - Sync 1 DAGs
[2025-07-22T08:57:42.345+0000] {logging_mixin.py:188} INFO - [2025-07-22T08:57:42.345+0000] {dag.py:3954} INFO - Setting next_dagrun for example_short_circuit_decorator to 2025-07-21 00:00:00+00:00, run_after=2025-07-22 00:00:00+00:00
[2025-07-22T08:57:42.372+0000] {processor.py:183} INFO - Processing /home/airflow/.local/lib/python3.12/site-packages/airflow/example_dags/example_short_circuit_decorator.py took 0.141 seconds
[2025-07-22T08:58:12.788+0000] {processor.py:161} INFO - Started process (PID=791) to work on /home/airflow/.local/lib/python3.12/site-packages/airflow/example_dags/example_short_circuit_decorator.py
[2025-07-22T08:58:12.789+0000] {processor.py:830} INFO - Processing file /home/airflow/.local/lib/python3.12/site-packages/airflow/example_dags/example_short_circuit_decorator.py for tasks to queue
[2025-07-22T08:58:12.791+0000] {logging_mixin.py:188} INFO - [2025-07-22T08:58:12.791+0000] {dagbag.py:545} INFO - Filling up the DagBag from /home/airflow/.local/lib/python3.12/site-packages/airflow/example_dags/example_short_circuit_decorator.py
[2025-07-22T08:58:12.801+0000] {processor.py:840} INFO - DAG(s) 'example_short_circuit_decorator' retrieved from /home/airflow/.local/lib/python3.12/site-packages/airflow/example_dags/example_short_circuit_decorator.py
[2025-07-22T08:58:12.825+0000] {logging_mixin.py:188} INFO - [2025-07-22T08:58:12.825+0000] {dag.py:3096} INFO - Sync 1 DAGs
[2025-07-22T08:58:12.850+0000] {logging_mixin.py:188} INFO - [2025-07-22T08:58:12.849+0000] {dag.py:3954} INFO - Setting next_dagrun for example_short_circuit_decorator to 2025-07-21 00:00:00+00:00, run_after=2025-07-22 00:00:00+00:00
[2025-07-22T08:58:12.871+0000] {processor.py:183} INFO - Processing /home/airflow/.local/lib/python3.12/site-packages/airflow/example_dags/example_short_circuit_decorator.py took 0.090 seconds
[2025-07-22T08:58:43.475+0000] {processor.py:161} INFO - Started process (PID=851) to work on /home/airflow/.local/lib/python3.12/site-packages/airflow/example_dags/example_short_circuit_decorator.py
[2025-07-22T08:58:43.478+0000] {processor.py:830} INFO - Processing file /home/airflow/.local/lib/python3.12/site-packages/airflow/example_dags/example_short_circuit_decorator.py for tasks to queue
[2025-07-22T08:58:43.482+0000] {logging_mixin.py:188} INFO - [2025-07-22T08:58:43.481+0000] {dagbag.py:545} INFO - Filling up the DagBag from /home/airflow/.local/lib/python3.12/site-packages/airflow/example_dags/example_short_circuit_decorator.py
[2025-07-22T08:58:43.515+0000] {processor.py:840} INFO - DAG(s) 'example_short_circuit_decorator' retrieved from /home/airflow/.local/lib/python3.12/site-packages/airflow/example_dags/example_short_circuit_decorator.py
[2025-07-22T08:58:43.580+0000] {logging_mixin.py:188} INFO - [2025-07-22T08:58:43.580+0000] {dag.py:3096} INFO - Sync 1 DAGs
[2025-07-22T08:58:43.644+0000] {logging_mixin.py:188} INFO - [2025-07-22T08:58:43.641+0000] {dag.py:3954} INFO - Setting next_dagrun for example_short_circuit_decorator to 2025-07-21 00:00:00+00:00, run_after=2025-07-22 00:00:00+00:00
[2025-07-22T08:58:43.694+0000] {processor.py:183} INFO - Processing /home/airflow/.local/lib/python3.12/site-packages/airflow/example_dags/example_short_circuit_decorator.py took 0.239 seconds
[2025-07-22T08:59:13.952+0000] {processor.py:161} INFO - Started process (PID=911) to work on /home/airflow/.local/lib/python3.12/site-packages/airflow/example_dags/example_short_circuit_decorator.py
[2025-07-22T08:59:13.955+0000] {processor.py:830} INFO - Processing file /home/airflow/.local/lib/python3.12/site-packages/airflow/example_dags/example_short_circuit_decorator.py for tasks to queue
[2025-07-22T08:59:13.960+0000] {logging_mixin.py:188} INFO - [2025-07-22T08:59:13.959+0000] {dagbag.py:545} INFO - Filling up the DagBag from /home/airflow/.local/lib/python3.12/site-packages/airflow/example_dags/example_short_circuit_decorator.py
[2025-07-22T08:59:13.982+0000] {processor.py:840} INFO - DAG(s) 'example_short_circuit_decorator' retrieved from /home/airflow/.local/lib/python3.12/site-packages/airflow/example_dags/example_short_circuit_decorator.py
[2025-07-22T08:59:14.021+0000] {logging_mixin.py:188} INFO - [2025-07-22T08:59:14.021+0000] {dag.py:3096} INFO - Sync 1 DAGs
[2025-07-22T08:59:14.060+0000] {logging_mixin.py:188} INFO - [2025-07-22T08:59:14.059+0000] {dag.py:3954} INFO - Setting next_dagrun for example_short_circuit_decorator to 2025-07-21 00:00:00+00:00, run_after=2025-07-22 00:00:00+00:00
[2025-07-22T08:59:14.095+0000] {processor.py:183} INFO - Processing /home/airflow/.local/lib/python3.12/site-packages/airflow/example_dags/example_short_circuit_decorator.py took 0.158 seconds
[2025-07-22T08:59:44.463+0000] {processor.py:161} INFO - Started process (PID=971) to work on /home/airflow/.local/lib/python3.12/site-packages/airflow/example_dags/example_short_circuit_decorator.py
[2025-07-22T08:59:44.464+0000] {processor.py:830} INFO - Processing file /home/airflow/.local/lib/python3.12/site-packages/airflow/example_dags/example_short_circuit_decorator.py for tasks to queue
[2025-07-22T08:59:44.467+0000] {logging_mixin.py:188} INFO - [2025-07-22T08:59:44.466+0000] {dagbag.py:545} INFO - Filling up the DagBag from /home/airflow/.local/lib/python3.12/site-packages/airflow/example_dags/example_short_circuit_decorator.py
[2025-07-22T08:59:44.477+0000] {processor.py:840} INFO - DAG(s) 'example_short_circuit_decorator' retrieved from /home/airflow/.local/lib/python3.12/site-packages/airflow/example_dags/example_short_circuit_decorator.py
[2025-07-22T08:59:44.506+0000] {logging_mixin.py:188} INFO - [2025-07-22T08:59:44.506+0000] {dag.py:3096} INFO - Sync 1 DAGs
[2025-07-22T08:59:44.532+0000] {logging_mixin.py:188} INFO - [2025-07-22T08:59:44.531+0000] {dag.py:3954} INFO - Setting next_dagrun for example_short_circuit_decorator to 2025-07-21 00:00:00+00:00, run_after=2025-07-22 00:00:00+00:00
[2025-07-22T08:59:44.554+0000] {processor.py:183} INFO - Processing /home/airflow/.local/lib/python3.12/site-packages/airflow/example_dags/example_short_circuit_decorator.py took 0.098 seconds
[2025-07-22T09:00:15.093+0000] {processor.py:161} INFO - Started process (PID=1031) to work on /home/airflow/.local/lib/python3.12/site-packages/airflow/example_dags/example_short_circuit_decorator.py
[2025-07-22T09:00:15.095+0000] {processor.py:830} INFO - Processing file /home/airflow/.local/lib/python3.12/site-packages/airflow/example_dags/example_short_circuit_decorator.py for tasks to queue
[2025-07-22T09:00:15.098+0000] {logging_mixin.py:188} INFO - [2025-07-22T09:00:15.097+0000] {dagbag.py:545} INFO - Filling up the DagBag from /home/airflow/.local/lib/python3.12/site-packages/airflow/example_dags/example_short_circuit_decorator.py
[2025-07-22T09:00:15.110+0000] {processor.py:840} INFO - DAG(s) 'example_short_circuit_decorator' retrieved from /home/airflow/.local/lib/python3.12/site-packages/airflow/example_dags/example_short_circuit_decorator.py
[2025-07-22T09:00:15.140+0000] {logging_mixin.py:188} INFO - [2025-07-22T09:00:15.139+0000] {dag.py:3096} INFO - Sync 1 DAGs
[2025-07-22T09:00:15.168+0000] {logging_mixin.py:188} INFO - [2025-07-22T09:00:15.167+0000] {dag.py:3954} INFO - Setting next_dagrun for example_short_circuit_decorator to 2025-07-21 00:00:00+00:00, run_after=2025-07-22 00:00:00+00:00
[2025-07-22T09:00:15.190+0000] {processor.py:183} INFO - Processing /home/airflow/.local/lib/python3.12/site-packages/airflow/example_dags/example_short_circuit_decorator.py took 0.105 seconds
[2025-07-22T09:00:45.867+0000] {processor.py:161} INFO - Started process (PID=1091) to work on /home/airflow/.local/lib/python3.12/site-packages/airflow/example_dags/example_short_circuit_decorator.py
[2025-07-22T09:00:45.868+0000] {processor.py:830} INFO - Processing file /home/airflow/.local/lib/python3.12/site-packages/airflow/example_dags/example_short_circuit_decorator.py for tasks to queue
[2025-07-22T09:00:45.871+0000] {logging_mixin.py:188} INFO - [2025-07-22T09:00:45.870+0000] {dagbag.py:545} INFO - Filling up the DagBag from /home/airflow/.local/lib/python3.12/site-packages/airflow/example_dags/example_short_circuit_decorator.py
[2025-07-22T09:00:45.883+0000] {processor.py:840} INFO - DAG(s) 'example_short_circuit_decorator' retrieved from /home/airflow/.local/lib/python3.12/site-packages/airflow/example_dags/example_short_circuit_decorator.py
[2025-07-22T09:00:45.919+0000] {logging_mixin.py:188} INFO - [2025-07-22T09:00:45.919+0000] {dag.py:3096} INFO - Sync 1 DAGs
[2025-07-22T09:00:45.951+0000] {logging_mixin.py:188} INFO - [2025-07-22T09:00:45.950+0000] {dag.py:3954} INFO - Setting next_dagrun for example_short_circuit_decorator to 2025-07-21 00:00:00+00:00, run_after=2025-07-22 00:00:00+00:00
[2025-07-22T09:00:45.980+0000] {processor.py:183} INFO - Processing /home/airflow/.local/lib/python3.12/site-packages/airflow/example_dags/example_short_circuit_decorator.py took 0.122 seconds
[2025-07-22T09:01:16.865+0000] {processor.py:161} INFO - Started process (PID=1151) to work on /home/airflow/.local/lib/python3.12/site-packages/airflow/example_dags/example_short_circuit_decorator.py
[2025-07-22T09:01:16.867+0000] {processor.py:830} INFO - Processing file /home/airflow/.local/lib/python3.12/site-packages/airflow/example_dags/example_short_circuit_decorator.py for tasks to queue
[2025-07-22T09:01:16.869+0000] {logging_mixin.py:188} INFO - [2025-07-22T09:01:16.869+0000] {dagbag.py:545} INFO - Filling up the DagBag from /home/airflow/.local/lib/python3.12/site-packages/airflow/example_dags/example_short_circuit_decorator.py
[2025-07-22T09:01:16.880+0000] {processor.py:840} INFO - DAG(s) 'example_short_circuit_decorator' retrieved from /home/airflow/.local/lib/python3.12/site-packages/airflow/example_dags/example_short_circuit_decorator.py
[2025-07-22T09:01:16.909+0000] {logging_mixin.py:188} INFO - [2025-07-22T09:01:16.909+0000] {dag.py:3096} INFO - Sync 1 DAGs
[2025-07-22T09:01:16.938+0000] {logging_mixin.py:188} INFO - [2025-07-22T09:01:16.938+0000] {dag.py:3954} INFO - Setting next_dagrun for example_short_circuit_decorator to 2025-07-21 00:00:00+00:00, run_after=2025-07-22 00:00:00+00:00
[2025-07-22T09:01:16.964+0000] {processor.py:183} INFO - Processing /home/airflow/.local/lib/python3.12/site-packages/airflow/example_dags/example_short_circuit_decorator.py took 0.107 seconds
[2025-07-22T09:01:47.158+0000] {processor.py:161} INFO - Started process (PID=1211) to work on /home/airflow/.local/lib/python3.12/site-packages/airflow/example_dags/example_short_circuit_decorator.py
[2025-07-22T09:01:47.159+0000] {processor.py:830} INFO - Processing file /home/airflow/.local/lib/python3.12/site-packages/airflow/example_dags/example_short_circuit_decorator.py for tasks to queue
[2025-07-22T09:01:47.161+0000] {logging_mixin.py:188} INFO - [2025-07-22T09:01:47.161+0000] {dagbag.py:545} INFO - Filling up the DagBag from /home/airflow/.local/lib/python3.12/site-packages/airflow/example_dags/example_short_circuit_decorator.py
[2025-07-22T09:01:47.171+0000] {processor.py:840} INFO - DAG(s) 'example_short_circuit_decorator' retrieved from /home/airflow/.local/lib/python3.12/site-packages/airflow/example_dags/example_short_circuit_decorator.py
[2025-07-22T09:01:47.197+0000] {logging_mixin.py:188} INFO - [2025-07-22T09:01:47.196+0000] {dag.py:3096} INFO - Sync 1 DAGs
[2025-07-22T09:01:47.219+0000] {logging_mixin.py:188} INFO - [2025-07-22T09:01:47.219+0000] {dag.py:3954} INFO - Setting next_dagrun for example_short_circuit_decorator to 2025-07-21 00:00:00+00:00, run_after=2025-07-22 00:00:00+00:00
[2025-07-22T09:01:47.241+0000] {processor.py:183} INFO - Processing /home/airflow/.local/lib/python3.12/site-packages/airflow/example_dags/example_short_circuit_decorator.py took 0.090 seconds
[2025-07-22T09:02:17.328+0000] {processor.py:161} INFO - Started process (PID=1271) to work on /home/airflow/.local/lib/python3.12/site-packages/airflow/example_dags/example_short_circuit_decorator.py
[2025-07-22T09:02:17.329+0000] {processor.py:830} INFO - Processing file /home/airflow/.local/lib/python3.12/site-packages/airflow/example_dags/example_short_circuit_decorator.py for tasks to queue
[2025-07-22T09:02:17.331+0000] {logging_mixin.py:188} INFO - [2025-07-22T09:02:17.331+0000] {dagbag.py:545} INFO - Filling up the DagBag from /home/airflow/.local/lib/python3.12/site-packages/airflow/example_dags/example_short_circuit_decorator.py
[2025-07-22T09:02:17.341+0000] {processor.py:840} INFO - DAG(s) 'example_short_circuit_decorator' retrieved from /home/airflow/.local/lib/python3.12/site-packages/airflow/example_dags/example_short_circuit_decorator.py
[2025-07-22T09:02:17.369+0000] {logging_mixin.py:188} INFO - [2025-07-22T09:02:17.369+0000] {dag.py:3096} INFO - Sync 1 DAGs
[2025-07-22T09:02:17.394+0000] {logging_mixin.py:188} INFO - [2025-07-22T09:02:17.394+0000] {dag.py:3954} INFO - Setting next_dagrun for example_short_circuit_decorator to 2025-07-21 00:00:00+00:00, run_after=2025-07-22 00:00:00+00:00
[2025-07-22T09:02:17.418+0000] {processor.py:183} INFO - Processing /home/airflow/.local/lib/python3.12/site-packages/airflow/example_dags/example_short_circuit_decorator.py took 0.097 seconds
[2025-07-22T09:02:47.902+0000] {processor.py:161} INFO - Started process (PID=1331) to work on /home/airflow/.local/lib/python3.12/site-packages/airflow/example_dags/example_short_circuit_decorator.py
[2025-07-22T09:02:47.903+0000] {processor.py:830} INFO - Processing file /home/airflow/.local/lib/python3.12/site-packages/airflow/example_dags/example_short_circuit_decorator.py for tasks to queue
[2025-07-22T09:02:47.906+0000] {logging_mixin.py:188} INFO - [2025-07-22T09:02:47.905+0000] {dagbag.py:545} INFO - Filling up the DagBag from /home/airflow/.local/lib/python3.12/site-packages/airflow/example_dags/example_short_circuit_decorator.py
[2025-07-22T09:02:47.917+0000] {processor.py:840} INFO - DAG(s) 'example_short_circuit_decorator' retrieved from /home/airflow/.local/lib/python3.12/site-packages/airflow/example_dags/example_short_circuit_decorator.py
[2025-07-22T09:02:47.947+0000] {logging_mixin.py:188} INFO - [2025-07-22T09:02:47.947+0000] {dag.py:3096} INFO - Sync 1 DAGs
[2025-07-22T09:02:47.974+0000] {logging_mixin.py:188} INFO - [2025-07-22T09:02:47.974+0000] {dag.py:3954} INFO - Setting next_dagrun for example_short_circuit_decorator to 2025-07-21 00:00:00+00:00, run_after=2025-07-22 00:00:00+00:00
[2025-07-22T09:02:48.001+0000] {processor.py:183} INFO - Processing /home/airflow/.local/lib/python3.12/site-packages/airflow/example_dags/example_short_circuit_decorator.py took 0.107 seconds
[2025-07-22T09:03:18.312+0000] {processor.py:161} INFO - Started process (PID=1391) to work on /home/airflow/.local/lib/python3.12/site-packages/airflow/example_dags/example_short_circuit_decorator.py
[2025-07-22T09:03:18.313+0000] {processor.py:830} INFO - Processing file /home/airflow/.local/lib/python3.12/site-packages/airflow/example_dags/example_short_circuit_decorator.py for tasks to queue
[2025-07-22T09:03:18.316+0000] {logging_mixin.py:188} INFO - [2025-07-22T09:03:18.315+0000] {dagbag.py:545} INFO - Filling up the DagBag from /home/airflow/.local/lib/python3.12/site-packages/airflow/example_dags/example_short_circuit_decorator.py
[2025-07-22T09:03:18.326+0000] {processor.py:840} INFO - DAG(s) 'example_short_circuit_decorator' retrieved from /home/airflow/.local/lib/python3.12/site-packages/airflow/example_dags/example_short_circuit_decorator.py
[2025-07-22T09:03:18.356+0000] {logging_mixin.py:188} INFO - [2025-07-22T09:03:18.355+0000] {dag.py:3096} INFO - Sync 1 DAGs
[2025-07-22T09:03:18.380+0000] {logging_mixin.py:188} INFO - [2025-07-22T09:03:18.379+0000] {dag.py:3954} INFO - Setting next_dagrun for example_short_circuit_decorator to 2025-07-21 00:00:00+00:00, run_after=2025-07-22 00:00:00+00:00
[2025-07-22T09:03:18.402+0000] {processor.py:183} INFO - Processing /home/airflow/.local/lib/python3.12/site-packages/airflow/example_dags/example_short_circuit_decorator.py took 0.096 seconds
[2025-07-22T09:03:48.584+0000] {processor.py:161} INFO - Started process (PID=1451) to work on /home/airflow/.local/lib/python3.12/site-packages/airflow/example_dags/example_short_circuit_decorator.py
[2025-07-22T09:03:48.585+0000] {processor.py:830} INFO - Processing file /home/airflow/.local/lib/python3.12/site-packages/airflow/example_dags/example_short_circuit_decorator.py for tasks to queue
[2025-07-22T09:03:48.587+0000] {logging_mixin.py:188} INFO - [2025-07-22T09:03:48.587+0000] {dagbag.py:545} INFO - Filling up the DagBag from /home/airflow/.local/lib/python3.12/site-packages/airflow/example_dags/example_short_circuit_decorator.py
[2025-07-22T09:03:48.596+0000] {processor.py:840} INFO - DAG(s) 'example_short_circuit_decorator' retrieved from /home/airflow/.local/lib/python3.12/site-packages/airflow/example_dags/example_short_circuit_decorator.py
[2025-07-22T09:03:48.621+0000] {logging_mixin.py:188} INFO - [2025-07-22T09:03:48.621+0000] {dag.py:3096} INFO - Sync 1 DAGs
[2025-07-22T09:03:48.644+0000] {logging_mixin.py:188} INFO - [2025-07-22T09:03:48.644+0000] {dag.py:3954} INFO - Setting next_dagrun for example_short_circuit_decorator to 2025-07-21 00:00:00+00:00, run_after=2025-07-22 00:00:00+00:00
[2025-07-22T09:03:48.665+0000] {processor.py:183} INFO - Processing /home/airflow/.local/lib/python3.12/site-packages/airflow/example_dags/example_short_circuit_decorator.py took 0.087 seconds
[2025-07-22T09:04:19.128+0000] {processor.py:161} INFO - Started process (PID=1511) to work on /home/airflow/.local/lib/python3.12/site-packages/airflow/example_dags/example_short_circuit_decorator.py
[2025-07-22T09:04:19.129+0000] {processor.py:830} INFO - Processing file /home/airflow/.local/lib/python3.12/site-packages/airflow/example_dags/example_short_circuit_decorator.py for tasks to queue
[2025-07-22T09:04:19.132+0000] {logging_mixin.py:188} INFO - [2025-07-22T09:04:19.131+0000] {dagbag.py:545} INFO - Filling up the DagBag from /home/airflow/.local/lib/python3.12/site-packages/airflow/example_dags/example_short_circuit_decorator.py
[2025-07-22T09:04:19.143+0000] {processor.py:840} INFO - DAG(s) 'example_short_circuit_decorator' retrieved from /home/airflow/.local/lib/python3.12/site-packages/airflow/example_dags/example_short_circuit_decorator.py
[2025-07-22T09:04:19.174+0000] {logging_mixin.py:188} INFO - [2025-07-22T09:04:19.174+0000] {dag.py:3096} INFO - Sync 1 DAGs
[2025-07-22T09:04:19.207+0000] {logging_mixin.py:188} INFO - [2025-07-22T09:04:19.207+0000] {dag.py:3954} INFO - Setting next_dagrun for example_short_circuit_decorator to 2025-07-21 00:00:00+00:00, run_after=2025-07-22 00:00:00+00:00
[2025-07-22T09:04:19.239+0000] {processor.py:183} INFO - Processing /home/airflow/.local/lib/python3.12/site-packages/airflow/example_dags/example_short_circuit_decorator.py took 0.119 seconds
[2025-07-22T09:04:49.705+0000] {processor.py:161} INFO - Started process (PID=1571) to work on /home/airflow/.local/lib/python3.12/site-packages/airflow/example_dags/example_short_circuit_decorator.py
[2025-07-22T09:04:49.706+0000] {processor.py:830} INFO - Processing file /home/airflow/.local/lib/python3.12/site-packages/airflow/example_dags/example_short_circuit_decorator.py for tasks to queue
[2025-07-22T09:04:49.709+0000] {logging_mixin.py:188} INFO - [2025-07-22T09:04:49.708+0000] {dagbag.py:545} INFO - Filling up the DagBag from /home/airflow/.local/lib/python3.12/site-packages/airflow/example_dags/example_short_circuit_decorator.py
[2025-07-22T09:04:49.720+0000] {processor.py:840} INFO - DAG(s) 'example_short_circuit_decorator' retrieved from /home/airflow/.local/lib/python3.12/site-packages/airflow/example_dags/example_short_circuit_decorator.py
[2025-07-22T09:04:49.751+0000] {logging_mixin.py:188} INFO - [2025-07-22T09:04:49.751+0000] {dag.py:3096} INFO - Sync 1 DAGs
[2025-07-22T09:04:49.778+0000] {logging_mixin.py:188} INFO - [2025-07-22T09:04:49.778+0000] {dag.py:3954} INFO - Setting next_dagrun for example_short_circuit_decorator to 2025-07-21 00:00:00+00:00, run_after=2025-07-22 00:00:00+00:00
[2025-07-22T09:04:49.804+0000] {processor.py:183} INFO - Processing /home/airflow/.local/lib/python3.12/site-packages/airflow/example_dags/example_short_circuit_decorator.py took 0.106 seconds
[2025-07-22T09:05:20.581+0000] {processor.py:161} INFO - Started process (PID=1631) to work on /home/airflow/.local/lib/python3.12/site-packages/airflow/example_dags/example_short_circuit_decorator.py
[2025-07-22T09:05:20.582+0000] {processor.py:830} INFO - Processing file /home/airflow/.local/lib/python3.12/site-packages/airflow/example_dags/example_short_circuit_decorator.py for tasks to queue
[2025-07-22T09:05:20.584+0000] {logging_mixin.py:188} INFO - [2025-07-22T09:05:20.584+0000] {dagbag.py:545} INFO - Filling up the DagBag from /home/airflow/.local/lib/python3.12/site-packages/airflow/example_dags/example_short_circuit_decorator.py
[2025-07-22T09:05:20.596+0000] {processor.py:840} INFO - DAG(s) 'example_short_circuit_decorator' retrieved from /home/airflow/.local/lib/python3.12/site-packages/airflow/example_dags/example_short_circuit_decorator.py
[2025-07-22T09:05:20.628+0000] {logging_mixin.py:188} INFO - [2025-07-22T09:05:20.627+0000] {dag.py:3096} INFO - Sync 1 DAGs
[2025-07-22T09:05:20.658+0000] {logging_mixin.py:188} INFO - [2025-07-22T09:05:20.658+0000] {dag.py:3954} INFO - Setting next_dagrun for example_short_circuit_decorator to 2025-07-21 00:00:00+00:00, run_after=2025-07-22 00:00:00+00:00
[2025-07-22T09:05:20.692+0000] {processor.py:183} INFO - Processing /home/airflow/.local/lib/python3.12/site-packages/airflow/example_dags/example_short_circuit_decorator.py took 0.119 seconds
[2025-07-22T09:05:50.861+0000] {processor.py:161} INFO - Started process (PID=1691) to work on /home/airflow/.local/lib/python3.12/site-packages/airflow/example_dags/example_short_circuit_decorator.py
[2025-07-22T09:05:50.862+0000] {processor.py:830} INFO - Processing file /home/airflow/.local/lib/python3.12/site-packages/airflow/example_dags/example_short_circuit_decorator.py for tasks to queue
[2025-07-22T09:05:50.864+0000] {logging_mixin.py:188} INFO - [2025-07-22T09:05:50.864+0000] {dagbag.py:545} INFO - Filling up the DagBag from /home/airflow/.local/lib/python3.12/site-packages/airflow/example_dags/example_short_circuit_decorator.py
[2025-07-22T09:05:50.874+0000] {processor.py:840} INFO - DAG(s) 'example_short_circuit_decorator' retrieved from /home/airflow/.local/lib/python3.12/site-packages/airflow/example_dags/example_short_circuit_decorator.py
[2025-07-22T09:05:50.900+0000] {logging_mixin.py:188} INFO - [2025-07-22T09:05:50.899+0000] {dag.py:3096} INFO - Sync 1 DAGs
[2025-07-22T09:05:50.928+0000] {logging_mixin.py:188} INFO - [2025-07-22T09:05:50.928+0000] {dag.py:3954} INFO - Setting next_dagrun for example_short_circuit_decorator to 2025-07-21 00:00:00+00:00, run_after=2025-07-22 00:00:00+00:00
[2025-07-22T09:05:50.955+0000] {processor.py:183} INFO - Processing /home/airflow/.local/lib/python3.12/site-packages/airflow/example_dags/example_short_circuit_decorator.py took 0.101 seconds
[2025-07-22T09:06:21.311+0000] {processor.py:161} INFO - Started process (PID=1751) to work on /home/airflow/.local/lib/python3.12/site-packages/airflow/example_dags/example_short_circuit_decorator.py
[2025-07-22T09:06:21.312+0000] {processor.py:830} INFO - Processing file /home/airflow/.local/lib/python3.12/site-packages/airflow/example_dags/example_short_circuit_decorator.py for tasks to queue
[2025-07-22T09:06:21.315+0000] {logging_mixin.py:188} INFO - [2025-07-22T09:06:21.315+0000] {dagbag.py:545} INFO - Filling up the DagBag from /home/airflow/.local/lib/python3.12/site-packages/airflow/example_dags/example_short_circuit_decorator.py
[2025-07-22T09:06:21.330+0000] {processor.py:840} INFO - DAG(s) 'example_short_circuit_decorator' retrieved from /home/airflow/.local/lib/python3.12/site-packages/airflow/example_dags/example_short_circuit_decorator.py
[2025-07-22T09:06:21.369+0000] {logging_mixin.py:188} INFO - [2025-07-22T09:06:21.369+0000] {dag.py:3096} INFO - Sync 1 DAGs
[2025-07-22T09:06:21.402+0000] {logging_mixin.py:188} INFO - [2025-07-22T09:06:21.402+0000] {dag.py:3954} INFO - Setting next_dagrun for example_short_circuit_decorator to 2025-07-21 00:00:00+00:00, run_after=2025-07-22 00:00:00+00:00
[2025-07-22T09:06:21.447+0000] {processor.py:183} INFO - Processing /home/airflow/.local/lib/python3.12/site-packages/airflow/example_dags/example_short_circuit_decorator.py took 0.144 seconds
[2025-07-22T09:06:51.591+0000] {processor.py:161} INFO - Started process (PID=1811) to work on /home/airflow/.local/lib/python3.12/site-packages/airflow/example_dags/example_short_circuit_decorator.py
[2025-07-22T09:06:51.592+0000] {processor.py:830} INFO - Processing file /home/airflow/.local/lib/python3.12/site-packages/airflow/example_dags/example_short_circuit_decorator.py for tasks to queue
[2025-07-22T09:06:51.595+0000] {logging_mixin.py:188} INFO - [2025-07-22T09:06:51.594+0000] {dagbag.py:545} INFO - Filling up the DagBag from /home/airflow/.local/lib/python3.12/site-packages/airflow/example_dags/example_short_circuit_decorator.py
[2025-07-22T09:06:51.607+0000] {processor.py:840} INFO - DAG(s) 'example_short_circuit_decorator' retrieved from /home/airflow/.local/lib/python3.12/site-packages/airflow/example_dags/example_short_circuit_decorator.py
[2025-07-22T09:06:51.640+0000] {logging_mixin.py:188} INFO - [2025-07-22T09:06:51.640+0000] {dag.py:3096} INFO - Sync 1 DAGs
[2025-07-22T09:06:51.671+0000] {logging_mixin.py:188} INFO - [2025-07-22T09:06:51.671+0000] {dag.py:3954} INFO - Setting next_dagrun for example_short_circuit_decorator to 2025-07-21 00:00:00+00:00, run_after=2025-07-22 00:00:00+00:00
[2025-07-22T09:06:51.705+0000] {processor.py:183} INFO - Processing /home/airflow/.local/lib/python3.12/site-packages/airflow/example_dags/example_short_circuit_decorator.py took 0.123 seconds
[2025-07-22T09:07:22.610+0000] {processor.py:161} INFO - Started process (PID=1871) to work on /home/airflow/.local/lib/python3.12/site-packages/airflow/example_dags/example_short_circuit_decorator.py
[2025-07-22T09:07:22.611+0000] {processor.py:830} INFO - Processing file /home/airflow/.local/lib/python3.12/site-packages/airflow/example_dags/example_short_circuit_decorator.py for tasks to queue
[2025-07-22T09:07:22.614+0000] {logging_mixin.py:188} INFO - [2025-07-22T09:07:22.614+0000] {dagbag.py:545} INFO - Filling up the DagBag from /home/airflow/.local/lib/python3.12/site-packages/airflow/example_dags/example_short_circuit_decorator.py
[2025-07-22T09:07:22.625+0000] {processor.py:840} INFO - DAG(s) 'example_short_circuit_decorator' retrieved from /home/airflow/.local/lib/python3.12/site-packages/airflow/example_dags/example_short_circuit_decorator.py
[2025-07-22T09:07:22.655+0000] {logging_mixin.py:188} INFO - [2025-07-22T09:07:22.655+0000] {dag.py:3096} INFO - Sync 1 DAGs
[2025-07-22T09:07:22.691+0000] {logging_mixin.py:188} INFO - [2025-07-22T09:07:22.691+0000] {dag.py:3954} INFO - Setting next_dagrun for example_short_circuit_decorator to 2025-07-21 00:00:00+00:00, run_after=2025-07-22 00:00:00+00:00
[2025-07-22T09:07:22.720+0000] {processor.py:183} INFO - Processing /home/airflow/.local/lib/python3.12/site-packages/airflow/example_dags/example_short_circuit_decorator.py took 0.117 seconds
[2025-07-22T09:07:54.554+0000] {processor.py:161} INFO - Started process (PID=1931) to work on /home/airflow/.local/lib/python3.12/site-packages/airflow/example_dags/example_short_circuit_decorator.py
[2025-07-22T09:07:54.556+0000] {processor.py:830} INFO - Processing file /home/airflow/.local/lib/python3.12/site-packages/airflow/example_dags/example_short_circuit_decorator.py for tasks to queue
[2025-07-22T09:07:54.558+0000] {logging_mixin.py:188} INFO - [2025-07-22T09:07:54.558+0000] {dagbag.py:545} INFO - Filling up the DagBag from /home/airflow/.local/lib/python3.12/site-packages/airflow/example_dags/example_short_circuit_decorator.py
[2025-07-22T09:07:54.570+0000] {processor.py:840} INFO - DAG(s) 'example_short_circuit_decorator' retrieved from /home/airflow/.local/lib/python3.12/site-packages/airflow/example_dags/example_short_circuit_decorator.py
[2025-07-22T09:07:54.602+0000] {logging_mixin.py:188} INFO - [2025-07-22T09:07:54.601+0000] {dag.py:3096} INFO - Sync 1 DAGs
[2025-07-22T09:07:54.632+0000] {logging_mixin.py:188} INFO - [2025-07-22T09:07:54.632+0000] {dag.py:3954} INFO - Setting next_dagrun for example_short_circuit_decorator to 2025-07-21 00:00:00+00:00, run_after=2025-07-22 00:00:00+00:00
[2025-07-22T09:07:54.837+0000] {processor.py:183} INFO - Processing /home/airflow/.local/lib/python3.12/site-packages/airflow/example_dags/example_short_circuit_decorator.py took 0.290 seconds
[2025-07-22T09:08:25.360+0000] {processor.py:161} INFO - Started process (PID=1991) to work on /home/airflow/.local/lib/python3.12/site-packages/airflow/example_dags/example_short_circuit_decorator.py
[2025-07-22T09:08:25.362+0000] {processor.py:830} INFO - Processing file /home/airflow/.local/lib/python3.12/site-packages/airflow/example_dags/example_short_circuit_decorator.py for tasks to queue
[2025-07-22T09:08:25.365+0000] {logging_mixin.py:188} INFO - [2025-07-22T09:08:25.365+0000] {dagbag.py:545} INFO - Filling up the DagBag from /home/airflow/.local/lib/python3.12/site-packages/airflow/example_dags/example_short_circuit_decorator.py
[2025-07-22T09:08:25.382+0000] {processor.py:840} INFO - DAG(s) 'example_short_circuit_decorator' retrieved from /home/airflow/.local/lib/python3.12/site-packages/airflow/example_dags/example_short_circuit_decorator.py
[2025-07-22T09:08:25.415+0000] {logging_mixin.py:188} INFO - [2025-07-22T09:08:25.415+0000] {dag.py:3096} INFO - Sync 1 DAGs
[2025-07-22T09:08:25.450+0000] {logging_mixin.py:188} INFO - [2025-07-22T09:08:25.449+0000] {dag.py:3954} INFO - Setting next_dagrun for example_short_circuit_decorator to 2025-07-21 00:00:00+00:00, run_after=2025-07-22 00:00:00+00:00
[2025-07-22T09:08:25.483+0000] {processor.py:183} INFO - Processing /home/airflow/.local/lib/python3.12/site-packages/airflow/example_dags/example_short_circuit_decorator.py took 0.133 seconds
[2025-07-22T09:08:56.550+0000] {processor.py:161} INFO - Started process (PID=2051) to work on /home/airflow/.local/lib/python3.12/site-packages/airflow/example_dags/example_short_circuit_decorator.py
[2025-07-22T09:08:56.552+0000] {processor.py:830} INFO - Processing file /home/airflow/.local/lib/python3.12/site-packages/airflow/example_dags/example_short_circuit_decorator.py for tasks to queue
[2025-07-22T09:08:56.557+0000] {logging_mixin.py:188} INFO - [2025-07-22T09:08:56.556+0000] {dagbag.py:545} INFO - Filling up the DagBag from /home/airflow/.local/lib/python3.12/site-packages/airflow/example_dags/example_short_circuit_decorator.py
[2025-07-22T09:08:56.580+0000] {processor.py:840} INFO - DAG(s) 'example_short_circuit_decorator' retrieved from /home/airflow/.local/lib/python3.12/site-packages/airflow/example_dags/example_short_circuit_decorator.py
[2025-07-22T09:08:56.620+0000] {logging_mixin.py:188} INFO - [2025-07-22T09:08:56.620+0000] {dag.py:3096} INFO - Sync 1 DAGs
[2025-07-22T09:08:56.658+0000] {logging_mixin.py:188} INFO - [2025-07-22T09:08:56.657+0000] {dag.py:3954} INFO - Setting next_dagrun for example_short_circuit_decorator to 2025-07-21 00:00:00+00:00, run_after=2025-07-22 00:00:00+00:00
[2025-07-22T09:08:56.697+0000] {processor.py:183} INFO - Processing /home/airflow/.local/lib/python3.12/site-packages/airflow/example_dags/example_short_circuit_decorator.py took 0.160 seconds
[2025-07-22T09:09:27.715+0000] {processor.py:161} INFO - Started process (PID=2111) to work on /home/airflow/.local/lib/python3.12/site-packages/airflow/example_dags/example_short_circuit_decorator.py
[2025-07-22T09:09:27.717+0000] {processor.py:830} INFO - Processing file /home/airflow/.local/lib/python3.12/site-packages/airflow/example_dags/example_short_circuit_decorator.py for tasks to queue
[2025-07-22T09:09:27.720+0000] {logging_mixin.py:188} INFO - [2025-07-22T09:09:27.720+0000] {dagbag.py:545} INFO - Filling up the DagBag from /home/airflow/.local/lib/python3.12/site-packages/airflow/example_dags/example_short_circuit_decorator.py
[2025-07-22T09:09:27.731+0000] {processor.py:840} INFO - DAG(s) 'example_short_circuit_decorator' retrieved from /home/airflow/.local/lib/python3.12/site-packages/airflow/example_dags/example_short_circuit_decorator.py
[2025-07-22T09:09:27.759+0000] {logging_mixin.py:188} INFO - [2025-07-22T09:09:27.759+0000] {dag.py:3096} INFO - Sync 1 DAGs
[2025-07-22T09:09:27.943+0000] {logging_mixin.py:188} INFO - [2025-07-22T09:09:27.943+0000] {dag.py:3954} INFO - Setting next_dagrun for example_short_circuit_decorator to 2025-07-21 00:00:00+00:00, run_after=2025-07-22 00:00:00+00:00
[2025-07-22T09:09:27.968+0000] {processor.py:183} INFO - Processing /home/airflow/.local/lib/python3.12/site-packages/airflow/example_dags/example_short_circuit_decorator.py took 0.267 seconds
[2025-07-22T09:09:58.012+0000] {processor.py:161} INFO - Started process (PID=2171) to work on /home/airflow/.local/lib/python3.12/site-packages/airflow/example_dags/example_short_circuit_decorator.py
[2025-07-22T09:09:58.013+0000] {processor.py:830} INFO - Processing file /home/airflow/.local/lib/python3.12/site-packages/airflow/example_dags/example_short_circuit_decorator.py for tasks to queue
[2025-07-22T09:09:58.015+0000] {logging_mixin.py:188} INFO - [2025-07-22T09:09:58.015+0000] {dagbag.py:545} INFO - Filling up the DagBag from /home/airflow/.local/lib/python3.12/site-packages/airflow/example_dags/example_short_circuit_decorator.py
[2025-07-22T09:09:58.025+0000] {processor.py:840} INFO - DAG(s) 'example_short_circuit_decorator' retrieved from /home/airflow/.local/lib/python3.12/site-packages/airflow/example_dags/example_short_circuit_decorator.py
[2025-07-22T09:09:58.052+0000] {logging_mixin.py:188} INFO - [2025-07-22T09:09:58.052+0000] {dag.py:3096} INFO - Sync 1 DAGs
[2025-07-22T09:09:58.077+0000] {logging_mixin.py:188} INFO - [2025-07-22T09:09:58.076+0000] {dag.py:3954} INFO - Setting next_dagrun for example_short_circuit_decorator to 2025-07-21 00:00:00+00:00, run_after=2025-07-22 00:00:00+00:00
[2025-07-22T09:09:58.230+0000] {processor.py:183} INFO - Processing /home/airflow/.local/lib/python3.12/site-packages/airflow/example_dags/example_short_circuit_decorator.py took 0.224 seconds
[2025-07-22T09:10:28.499+0000] {processor.py:161} INFO - Started process (PID=2231) to work on /home/airflow/.local/lib/python3.12/site-packages/airflow/example_dags/example_short_circuit_decorator.py
[2025-07-22T09:10:28.500+0000] {processor.py:830} INFO - Processing file /home/airflow/.local/lib/python3.12/site-packages/airflow/example_dags/example_short_circuit_decorator.py for tasks to queue
[2025-07-22T09:10:28.502+0000] {logging_mixin.py:188} INFO - [2025-07-22T09:10:28.502+0000] {dagbag.py:545} INFO - Filling up the DagBag from /home/airflow/.local/lib/python3.12/site-packages/airflow/example_dags/example_short_circuit_decorator.py
[2025-07-22T09:10:28.512+0000] {processor.py:840} INFO - DAG(s) 'example_short_circuit_decorator' retrieved from /home/airflow/.local/lib/python3.12/site-packages/airflow/example_dags/example_short_circuit_decorator.py
[2025-07-22T09:10:28.538+0000] {logging_mixin.py:188} INFO - [2025-07-22T09:10:28.538+0000] {dag.py:3096} INFO - Sync 1 DAGs
[2025-07-22T09:10:28.563+0000] {logging_mixin.py:188} INFO - [2025-07-22T09:10:28.562+0000] {dag.py:3954} INFO - Setting next_dagrun for example_short_circuit_decorator to 2025-07-21 00:00:00+00:00, run_after=2025-07-22 00:00:00+00:00
[2025-07-22T09:10:28.585+0000] {processor.py:183} INFO - Processing /home/airflow/.local/lib/python3.12/site-packages/airflow/example_dags/example_short_circuit_decorator.py took 0.092 seconds
[2025-07-22T09:10:58.845+0000] {processor.py:161} INFO - Started process (PID=2291) to work on /home/airflow/.local/lib/python3.12/site-packages/airflow/example_dags/example_short_circuit_decorator.py
[2025-07-22T09:10:58.846+0000] {processor.py:830} INFO - Processing file /home/airflow/.local/lib/python3.12/site-packages/airflow/example_dags/example_short_circuit_decorator.py for tasks to queue
[2025-07-22T09:10:58.848+0000] {logging_mixin.py:188} INFO - [2025-07-22T09:10:58.848+0000] {dagbag.py:545} INFO - Filling up the DagBag from /home/airflow/.local/lib/python3.12/site-packages/airflow/example_dags/example_short_circuit_decorator.py
[2025-07-22T09:10:58.858+0000] {processor.py:840} INFO - DAG(s) 'example_short_circuit_decorator' retrieved from /home/airflow/.local/lib/python3.12/site-packages/airflow/example_dags/example_short_circuit_decorator.py
[2025-07-22T09:10:58.884+0000] {logging_mixin.py:188} INFO - [2025-07-22T09:10:58.884+0000] {dag.py:3096} INFO - Sync 1 DAGs
[2025-07-22T09:10:58.908+0000] {logging_mixin.py:188} INFO - [2025-07-22T09:10:58.908+0000] {dag.py:3954} INFO - Setting next_dagrun for example_short_circuit_decorator to 2025-07-21 00:00:00+00:00, run_after=2025-07-22 00:00:00+00:00
[2025-07-22T09:10:58.929+0000] {processor.py:183} INFO - Processing /home/airflow/.local/lib/python3.12/site-packages/airflow/example_dags/example_short_circuit_decorator.py took 0.091 seconds
[2025-07-22T09:11:29.589+0000] {processor.py:161} INFO - Started process (PID=2351) to work on /home/airflow/.local/lib/python3.12/site-packages/airflow/example_dags/example_short_circuit_decorator.py
[2025-07-22T09:11:29.590+0000] {processor.py:830} INFO - Processing file /home/airflow/.local/lib/python3.12/site-packages/airflow/example_dags/example_short_circuit_decorator.py for tasks to queue
[2025-07-22T09:11:29.594+0000] {logging_mixin.py:188} INFO - [2025-07-22T09:11:29.593+0000] {dagbag.py:545} INFO - Filling up the DagBag from /home/airflow/.local/lib/python3.12/site-packages/airflow/example_dags/example_short_circuit_decorator.py
[2025-07-22T09:11:29.606+0000] {processor.py:840} INFO - DAG(s) 'example_short_circuit_decorator' retrieved from /home/airflow/.local/lib/python3.12/site-packages/airflow/example_dags/example_short_circuit_decorator.py
[2025-07-22T09:11:29.636+0000] {logging_mixin.py:188} INFO - [2025-07-22T09:11:29.636+0000] {dag.py:3096} INFO - Sync 1 DAGs
[2025-07-22T09:11:29.664+0000] {logging_mixin.py:188} INFO - [2025-07-22T09:11:29.664+0000] {dag.py:3954} INFO - Setting next_dagrun for example_short_circuit_decorator to 2025-07-21 00:00:00+00:00, run_after=2025-07-22 00:00:00+00:00
[2025-07-22T09:11:29.689+0000] {processor.py:183} INFO - Processing /home/airflow/.local/lib/python3.12/site-packages/airflow/example_dags/example_short_circuit_decorator.py took 0.110 seconds
[2025-07-22T09:11:59.743+0000] {processor.py:161} INFO - Started process (PID=2410) to work on /home/airflow/.local/lib/python3.12/site-packages/airflow/example_dags/example_short_circuit_decorator.py
[2025-07-22T09:11:59.744+0000] {processor.py:830} INFO - Processing file /home/airflow/.local/lib/python3.12/site-packages/airflow/example_dags/example_short_circuit_decorator.py for tasks to queue
[2025-07-22T09:11:59.747+0000] {logging_mixin.py:188} INFO - [2025-07-22T09:11:59.746+0000] {dagbag.py:545} INFO - Filling up the DagBag from /home/airflow/.local/lib/python3.12/site-packages/airflow/example_dags/example_short_circuit_decorator.py
[2025-07-22T09:11:59.758+0000] {processor.py:840} INFO - DAG(s) 'example_short_circuit_decorator' retrieved from /home/airflow/.local/lib/python3.12/site-packages/airflow/example_dags/example_short_circuit_decorator.py
[2025-07-22T09:11:59.791+0000] {logging_mixin.py:188} INFO - [2025-07-22T09:11:59.790+0000] {dag.py:3096} INFO - Sync 1 DAGs
[2025-07-22T09:11:59.817+0000] {logging_mixin.py:188} INFO - [2025-07-22T09:11:59.817+0000] {dag.py:3954} INFO - Setting next_dagrun for example_short_circuit_decorator to 2025-07-21 00:00:00+00:00, run_after=2025-07-22 00:00:00+00:00
[2025-07-22T09:11:59.843+0000] {processor.py:183} INFO - Processing /home/airflow/.local/lib/python3.12/site-packages/airflow/example_dags/example_short_circuit_decorator.py took 0.107 seconds
[2025-07-22T09:12:29.883+0000] {processor.py:161} INFO - Started process (PID=2469) to work on /home/airflow/.local/lib/python3.12/site-packages/airflow/example_dags/example_short_circuit_decorator.py
[2025-07-22T09:12:29.884+0000] {processor.py:830} INFO - Processing file /home/airflow/.local/lib/python3.12/site-packages/airflow/example_dags/example_short_circuit_decorator.py for tasks to queue
[2025-07-22T09:12:29.887+0000] {logging_mixin.py:188} INFO - [2025-07-22T09:12:29.886+0000] {dagbag.py:545} INFO - Filling up the DagBag from /home/airflow/.local/lib/python3.12/site-packages/airflow/example_dags/example_short_circuit_decorator.py
[2025-07-22T09:12:29.896+0000] {processor.py:840} INFO - DAG(s) 'example_short_circuit_decorator' retrieved from /home/airflow/.local/lib/python3.12/site-packages/airflow/example_dags/example_short_circuit_decorator.py
[2025-07-22T09:12:29.924+0000] {logging_mixin.py:188} INFO - [2025-07-22T09:12:29.924+0000] {dag.py:3096} INFO - Sync 1 DAGs
[2025-07-22T09:12:29.950+0000] {logging_mixin.py:188} INFO - [2025-07-22T09:12:29.950+0000] {dag.py:3954} INFO - Setting next_dagrun for example_short_circuit_decorator to 2025-07-21 00:00:00+00:00, run_after=2025-07-22 00:00:00+00:00
[2025-07-22T09:12:29.972+0000] {processor.py:183} INFO - Processing /home/airflow/.local/lib/python3.12/site-packages/airflow/example_dags/example_short_circuit_decorator.py took 0.095 seconds
[2025-07-22T09:13:00.133+0000] {processor.py:161} INFO - Started process (PID=2529) to work on /home/airflow/.local/lib/python3.12/site-packages/airflow/example_dags/example_short_circuit_decorator.py
[2025-07-22T09:13:00.135+0000] {processor.py:830} INFO - Processing file /home/airflow/.local/lib/python3.12/site-packages/airflow/example_dags/example_short_circuit_decorator.py for tasks to queue
[2025-07-22T09:13:00.138+0000] {logging_mixin.py:188} INFO - [2025-07-22T09:13:00.137+0000] {dagbag.py:545} INFO - Filling up the DagBag from /home/airflow/.local/lib/python3.12/site-packages/airflow/example_dags/example_short_circuit_decorator.py
[2025-07-22T09:13:00.151+0000] {processor.py:840} INFO - DAG(s) 'example_short_circuit_decorator' retrieved from /home/airflow/.local/lib/python3.12/site-packages/airflow/example_dags/example_short_circuit_decorator.py
[2025-07-22T09:13:00.183+0000] {logging_mixin.py:188} INFO - [2025-07-22T09:13:00.183+0000] {dag.py:3096} INFO - Sync 1 DAGs
[2025-07-22T09:13:00.214+0000] {logging_mixin.py:188} INFO - [2025-07-22T09:13:00.213+0000] {dag.py:3954} INFO - Setting next_dagrun for example_short_circuit_decorator to 2025-07-21 00:00:00+00:00, run_after=2025-07-22 00:00:00+00:00
[2025-07-22T09:13:00.238+0000] {processor.py:183} INFO - Processing /home/airflow/.local/lib/python3.12/site-packages/airflow/example_dags/example_short_circuit_decorator.py took 0.112 seconds
[2025-07-22T09:13:30.370+0000] {processor.py:161} INFO - Started process (PID=2589) to work on /home/airflow/.local/lib/python3.12/site-packages/airflow/example_dags/example_short_circuit_decorator.py
[2025-07-22T09:13:30.372+0000] {processor.py:830} INFO - Processing file /home/airflow/.local/lib/python3.12/site-packages/airflow/example_dags/example_short_circuit_decorator.py for tasks to queue
[2025-07-22T09:13:30.375+0000] {logging_mixin.py:188} INFO - [2025-07-22T09:13:30.375+0000] {dagbag.py:545} INFO - Filling up the DagBag from /home/airflow/.local/lib/python3.12/site-packages/airflow/example_dags/example_short_circuit_decorator.py
[2025-07-22T09:13:30.388+0000] {processor.py:840} INFO - DAG(s) 'example_short_circuit_decorator' retrieved from /home/airflow/.local/lib/python3.12/site-packages/airflow/example_dags/example_short_circuit_decorator.py
[2025-07-22T09:13:30.421+0000] {logging_mixin.py:188} INFO - [2025-07-22T09:13:30.421+0000] {dag.py:3096} INFO - Sync 1 DAGs
[2025-07-22T09:13:30.450+0000] {logging_mixin.py:188} INFO - [2025-07-22T09:13:30.450+0000] {dag.py:3954} INFO - Setting next_dagrun for example_short_circuit_decorator to 2025-07-21 00:00:00+00:00, run_after=2025-07-22 00:00:00+00:00
[2025-07-22T09:13:30.475+0000] {processor.py:183} INFO - Processing /home/airflow/.local/lib/python3.12/site-packages/airflow/example_dags/example_short_circuit_decorator.py took 0.114 seconds
[2025-07-22T09:14:00.544+0000] {processor.py:161} INFO - Started process (PID=2649) to work on /home/airflow/.local/lib/python3.12/site-packages/airflow/example_dags/example_short_circuit_decorator.py
[2025-07-22T09:14:00.546+0000] {processor.py:830} INFO - Processing file /home/airflow/.local/lib/python3.12/site-packages/airflow/example_dags/example_short_circuit_decorator.py for tasks to queue
[2025-07-22T09:14:00.549+0000] {logging_mixin.py:188} INFO - [2025-07-22T09:14:00.548+0000] {dagbag.py:545} INFO - Filling up the DagBag from /home/airflow/.local/lib/python3.12/site-packages/airflow/example_dags/example_short_circuit_decorator.py
[2025-07-22T09:14:00.560+0000] {processor.py:840} INFO - DAG(s) 'example_short_circuit_decorator' retrieved from /home/airflow/.local/lib/python3.12/site-packages/airflow/example_dags/example_short_circuit_decorator.py
[2025-07-22T09:14:00.589+0000] {logging_mixin.py:188} INFO - [2025-07-22T09:14:00.589+0000] {dag.py:3096} INFO - Sync 1 DAGs
[2025-07-22T09:14:00.617+0000] {logging_mixin.py:188} INFO - [2025-07-22T09:14:00.617+0000] {dag.py:3954} INFO - Setting next_dagrun for example_short_circuit_decorator to 2025-07-21 00:00:00+00:00, run_after=2025-07-22 00:00:00+00:00
[2025-07-22T09:14:00.640+0000] {processor.py:183} INFO - Processing /home/airflow/.local/lib/python3.12/site-packages/airflow/example_dags/example_short_circuit_decorator.py took 0.105 seconds
[2025-07-22T09:14:30.841+0000] {processor.py:161} INFO - Started process (PID=2710) to work on /home/airflow/.local/lib/python3.12/site-packages/airflow/example_dags/example_short_circuit_decorator.py
[2025-07-22T09:14:30.843+0000] {processor.py:830} INFO - Processing file /home/airflow/.local/lib/python3.12/site-packages/airflow/example_dags/example_short_circuit_decorator.py for tasks to queue
[2025-07-22T09:14:30.845+0000] {logging_mixin.py:188} INFO - [2025-07-22T09:14:30.845+0000] {dagbag.py:545} INFO - Filling up the DagBag from /home/airflow/.local/lib/python3.12/site-packages/airflow/example_dags/example_short_circuit_decorator.py
[2025-07-22T09:14:30.858+0000] {processor.py:840} INFO - DAG(s) 'example_short_circuit_decorator' retrieved from /home/airflow/.local/lib/python3.12/site-packages/airflow/example_dags/example_short_circuit_decorator.py
[2025-07-22T09:14:30.897+0000] {logging_mixin.py:188} INFO - [2025-07-22T09:14:30.896+0000] {dag.py:3096} INFO - Sync 1 DAGs
[2025-07-22T09:14:30.928+0000] {logging_mixin.py:188} INFO - [2025-07-22T09:14:30.928+0000] {dag.py:3954} INFO - Setting next_dagrun for example_short_circuit_decorator to 2025-07-21 00:00:00+00:00, run_after=2025-07-22 00:00:00+00:00
[2025-07-22T09:14:30.954+0000] {processor.py:183} INFO - Processing /home/airflow/.local/lib/python3.12/site-packages/airflow/example_dags/example_short_circuit_decorator.py took 0.120 seconds
[2025-07-22T09:15:01.185+0000] {processor.py:161} INFO - Started process (PID=2770) to work on /home/airflow/.local/lib/python3.12/site-packages/airflow/example_dags/example_short_circuit_decorator.py
[2025-07-22T09:15:01.187+0000] {processor.py:830} INFO - Processing file /home/airflow/.local/lib/python3.12/site-packages/airflow/example_dags/example_short_circuit_decorator.py for tasks to queue
[2025-07-22T09:15:01.189+0000] {logging_mixin.py:188} INFO - [2025-07-22T09:15:01.188+0000] {dagbag.py:545} INFO - Filling up the DagBag from /home/airflow/.local/lib/python3.12/site-packages/airflow/example_dags/example_short_circuit_decorator.py
[2025-07-22T09:15:01.200+0000] {processor.py:840} INFO - DAG(s) 'example_short_circuit_decorator' retrieved from /home/airflow/.local/lib/python3.12/site-packages/airflow/example_dags/example_short_circuit_decorator.py
[2025-07-22T09:15:01.228+0000] {logging_mixin.py:188} INFO - [2025-07-22T09:15:01.228+0000] {dag.py:3096} INFO - Sync 1 DAGs
[2025-07-22T09:15:01.254+0000] {logging_mixin.py:188} INFO - [2025-07-22T09:15:01.254+0000] {dag.py:3954} INFO - Setting next_dagrun for example_short_circuit_decorator to 2025-07-21 00:00:00+00:00, run_after=2025-07-22 00:00:00+00:00
[2025-07-22T09:15:01.275+0000] {processor.py:183} INFO - Processing /home/airflow/.local/lib/python3.12/site-packages/airflow/example_dags/example_short_circuit_decorator.py took 0.097 seconds
[2025-07-22T09:15:31.539+0000] {processor.py:161} INFO - Started process (PID=2830) to work on /home/airflow/.local/lib/python3.12/site-packages/airflow/example_dags/example_short_circuit_decorator.py
[2025-07-22T09:15:31.540+0000] {processor.py:830} INFO - Processing file /home/airflow/.local/lib/python3.12/site-packages/airflow/example_dags/example_short_circuit_decorator.py for tasks to queue
[2025-07-22T09:15:31.543+0000] {logging_mixin.py:188} INFO - [2025-07-22T09:15:31.542+0000] {dagbag.py:545} INFO - Filling up the DagBag from /home/airflow/.local/lib/python3.12/site-packages/airflow/example_dags/example_short_circuit_decorator.py
[2025-07-22T09:15:31.553+0000] {processor.py:840} INFO - DAG(s) 'example_short_circuit_decorator' retrieved from /home/airflow/.local/lib/python3.12/site-packages/airflow/example_dags/example_short_circuit_decorator.py
[2025-07-22T09:15:31.579+0000] {logging_mixin.py:188} INFO - [2025-07-22T09:15:31.579+0000] {dag.py:3096} INFO - Sync 1 DAGs
[2025-07-22T09:15:31.605+0000] {logging_mixin.py:188} INFO - [2025-07-22T09:15:31.604+0000] {dag.py:3954} INFO - Setting next_dagrun for example_short_circuit_decorator to 2025-07-21 00:00:00+00:00, run_after=2025-07-22 00:00:00+00:00
[2025-07-22T09:15:31.629+0000] {processor.py:183} INFO - Processing /home/airflow/.local/lib/python3.12/site-packages/airflow/example_dags/example_short_circuit_decorator.py took 0.097 seconds
[2025-07-22T09:16:01.749+0000] {processor.py:161} INFO - Started process (PID=2890) to work on /home/airflow/.local/lib/python3.12/site-packages/airflow/example_dags/example_short_circuit_decorator.py
[2025-07-22T09:16:01.750+0000] {processor.py:830} INFO - Processing file /home/airflow/.local/lib/python3.12/site-packages/airflow/example_dags/example_short_circuit_decorator.py for tasks to queue
[2025-07-22T09:16:01.753+0000] {logging_mixin.py:188} INFO - [2025-07-22T09:16:01.752+0000] {dagbag.py:545} INFO - Filling up the DagBag from /home/airflow/.local/lib/python3.12/site-packages/airflow/example_dags/example_short_circuit_decorator.py
[2025-07-22T09:16:01.764+0000] {processor.py:840} INFO - DAG(s) 'example_short_circuit_decorator' retrieved from /home/airflow/.local/lib/python3.12/site-packages/airflow/example_dags/example_short_circuit_decorator.py
[2025-07-22T09:16:01.794+0000] {logging_mixin.py:188} INFO - [2025-07-22T09:16:01.793+0000] {dag.py:3096} INFO - Sync 1 DAGs
[2025-07-22T09:16:01.825+0000] {logging_mixin.py:188} INFO - [2025-07-22T09:16:01.825+0000] {dag.py:3954} INFO - Setting next_dagrun for example_short_circuit_decorator to 2025-07-21 00:00:00+00:00, run_after=2025-07-22 00:00:00+00:00
[2025-07-22T09:16:01.848+0000] {processor.py:183} INFO - Processing /home/airflow/.local/lib/python3.12/site-packages/airflow/example_dags/example_short_circuit_decorator.py took 0.107 seconds
[2025-07-22T09:16:32.110+0000] {processor.py:161} INFO - Started process (PID=2950) to work on /home/airflow/.local/lib/python3.12/site-packages/airflow/example_dags/example_short_circuit_decorator.py
[2025-07-22T09:16:32.112+0000] {processor.py:830} INFO - Processing file /home/airflow/.local/lib/python3.12/site-packages/airflow/example_dags/example_short_circuit_decorator.py for tasks to queue
[2025-07-22T09:16:32.114+0000] {logging_mixin.py:188} INFO - [2025-07-22T09:16:32.114+0000] {dagbag.py:545} INFO - Filling up the DagBag from /home/airflow/.local/lib/python3.12/site-packages/airflow/example_dags/example_short_circuit_decorator.py
[2025-07-22T09:16:32.126+0000] {processor.py:840} INFO - DAG(s) 'example_short_circuit_decorator' retrieved from /home/airflow/.local/lib/python3.12/site-packages/airflow/example_dags/example_short_circuit_decorator.py
[2025-07-22T09:16:32.158+0000] {logging_mixin.py:188} INFO - [2025-07-22T09:16:32.158+0000] {dag.py:3096} INFO - Sync 1 DAGs
[2025-07-22T09:16:32.189+0000] {logging_mixin.py:188} INFO - [2025-07-22T09:16:32.189+0000] {dag.py:3954} INFO - Setting next_dagrun for example_short_circuit_decorator to 2025-07-21 00:00:00+00:00, run_after=2025-07-22 00:00:00+00:00
[2025-07-22T09:16:32.213+0000] {processor.py:183} INFO - Processing /home/airflow/.local/lib/python3.12/site-packages/airflow/example_dags/example_short_circuit_decorator.py took 0.110 seconds
[2025-07-22T09:17:02.505+0000] {processor.py:161} INFO - Started process (PID=3010) to work on /home/airflow/.local/lib/python3.12/site-packages/airflow/example_dags/example_short_circuit_decorator.py
[2025-07-22T09:17:02.507+0000] {processor.py:830} INFO - Processing file /home/airflow/.local/lib/python3.12/site-packages/airflow/example_dags/example_short_circuit_decorator.py for tasks to queue
[2025-07-22T09:17:02.509+0000] {logging_mixin.py:188} INFO - [2025-07-22T09:17:02.509+0000] {dagbag.py:545} INFO - Filling up the DagBag from /home/airflow/.local/lib/python3.12/site-packages/airflow/example_dags/example_short_circuit_decorator.py
[2025-07-22T09:17:02.522+0000] {processor.py:840} INFO - DAG(s) 'example_short_circuit_decorator' retrieved from /home/airflow/.local/lib/python3.12/site-packages/airflow/example_dags/example_short_circuit_decorator.py
[2025-07-22T09:17:02.557+0000] {logging_mixin.py:188} INFO - [2025-07-22T09:17:02.557+0000] {dag.py:3096} INFO - Sync 1 DAGs
[2025-07-22T09:17:02.589+0000] {logging_mixin.py:188} INFO - [2025-07-22T09:17:02.589+0000] {dag.py:3954} INFO - Setting next_dagrun for example_short_circuit_decorator to 2025-07-21 00:00:00+00:00, run_after=2025-07-22 00:00:00+00:00
[2025-07-22T09:17:02.620+0000] {processor.py:183} INFO - Processing /home/airflow/.local/lib/python3.12/site-packages/airflow/example_dags/example_short_circuit_decorator.py took 0.126 seconds
[2025-07-22T09:17:32.859+0000] {processor.py:161} INFO - Started process (PID=3070) to work on /home/airflow/.local/lib/python3.12/site-packages/airflow/example_dags/example_short_circuit_decorator.py
[2025-07-22T09:17:32.860+0000] {processor.py:830} INFO - Processing file /home/airflow/.local/lib/python3.12/site-packages/airflow/example_dags/example_short_circuit_decorator.py for tasks to queue
[2025-07-22T09:17:32.863+0000] {logging_mixin.py:188} INFO - [2025-07-22T09:17:32.862+0000] {dagbag.py:545} INFO - Filling up the DagBag from /home/airflow/.local/lib/python3.12/site-packages/airflow/example_dags/example_short_circuit_decorator.py
[2025-07-22T09:17:32.876+0000] {processor.py:840} INFO - DAG(s) 'example_short_circuit_decorator' retrieved from /home/airflow/.local/lib/python3.12/site-packages/airflow/example_dags/example_short_circuit_decorator.py
[2025-07-22T09:17:32.907+0000] {logging_mixin.py:188} INFO - [2025-07-22T09:17:32.907+0000] {dag.py:3096} INFO - Sync 1 DAGs
[2025-07-22T09:17:32.938+0000] {logging_mixin.py:188} INFO - [2025-07-22T09:17:32.938+0000] {dag.py:3954} INFO - Setting next_dagrun for example_short_circuit_decorator to 2025-07-21 00:00:00+00:00, run_after=2025-07-22 00:00:00+00:00
[2025-07-22T09:17:32.965+0000] {processor.py:183} INFO - Processing /home/airflow/.local/lib/python3.12/site-packages/airflow/example_dags/example_short_circuit_decorator.py took 0.114 seconds
[2025-07-22T09:18:03.051+0000] {processor.py:161} INFO - Started process (PID=3130) to work on /home/airflow/.local/lib/python3.12/site-packages/airflow/example_dags/example_short_circuit_decorator.py
[2025-07-22T09:18:03.052+0000] {processor.py:830} INFO - Processing file /home/airflow/.local/lib/python3.12/site-packages/airflow/example_dags/example_short_circuit_decorator.py for tasks to queue
[2025-07-22T09:18:03.056+0000] {logging_mixin.py:188} INFO - [2025-07-22T09:18:03.056+0000] {dagbag.py:545} INFO - Filling up the DagBag from /home/airflow/.local/lib/python3.12/site-packages/airflow/example_dags/example_short_circuit_decorator.py
[2025-07-22T09:18:03.068+0000] {processor.py:840} INFO - DAG(s) 'example_short_circuit_decorator' retrieved from /home/airflow/.local/lib/python3.12/site-packages/airflow/example_dags/example_short_circuit_decorator.py
[2025-07-22T09:18:03.101+0000] {logging_mixin.py:188} INFO - [2025-07-22T09:18:03.101+0000] {dag.py:3096} INFO - Sync 1 DAGs
[2025-07-22T09:18:03.125+0000] {logging_mixin.py:188} INFO - [2025-07-22T09:18:03.125+0000] {dag.py:3954} INFO - Setting next_dagrun for example_short_circuit_decorator to 2025-07-21 00:00:00+00:00, run_after=2025-07-22 00:00:00+00:00
[2025-07-22T09:18:03.147+0000] {processor.py:183} INFO - Processing /home/airflow/.local/lib/python3.12/site-packages/airflow/example_dags/example_short_circuit_decorator.py took 0.103 seconds
[2025-07-22T09:18:33.429+0000] {processor.py:161} INFO - Started process (PID=3190) to work on /home/airflow/.local/lib/python3.12/site-packages/airflow/example_dags/example_short_circuit_decorator.py
[2025-07-22T09:18:33.431+0000] {processor.py:830} INFO - Processing file /home/airflow/.local/lib/python3.12/site-packages/airflow/example_dags/example_short_circuit_decorator.py for tasks to queue
[2025-07-22T09:18:33.433+0000] {logging_mixin.py:188} INFO - [2025-07-22T09:18:33.433+0000] {dagbag.py:545} INFO - Filling up the DagBag from /home/airflow/.local/lib/python3.12/site-packages/airflow/example_dags/example_short_circuit_decorator.py
[2025-07-22T09:18:33.445+0000] {processor.py:840} INFO - DAG(s) 'example_short_circuit_decorator' retrieved from /home/airflow/.local/lib/python3.12/site-packages/airflow/example_dags/example_short_circuit_decorator.py
[2025-07-22T09:18:33.476+0000] {logging_mixin.py:188} INFO - [2025-07-22T09:18:33.476+0000] {dag.py:3096} INFO - Sync 1 DAGs
[2025-07-22T09:18:33.503+0000] {logging_mixin.py:188} INFO - [2025-07-22T09:18:33.502+0000] {dag.py:3954} INFO - Setting next_dagrun for example_short_circuit_decorator to 2025-07-21 00:00:00+00:00, run_after=2025-07-22 00:00:00+00:00
[2025-07-22T09:18:33.533+0000] {processor.py:183} INFO - Processing /home/airflow/.local/lib/python3.12/site-packages/airflow/example_dags/example_short_circuit_decorator.py took 0.112 seconds
[2025-07-22T09:19:04.234+0000] {processor.py:161} INFO - Started process (PID=3248) to work on /home/airflow/.local/lib/python3.12/site-packages/airflow/example_dags/example_short_circuit_decorator.py
[2025-07-22T09:19:04.235+0000] {processor.py:830} INFO - Processing file /home/airflow/.local/lib/python3.12/site-packages/airflow/example_dags/example_short_circuit_decorator.py for tasks to queue
[2025-07-22T09:19:04.238+0000] {logging_mixin.py:188} INFO - [2025-07-22T09:19:04.238+0000] {dagbag.py:545} INFO - Filling up the DagBag from /home/airflow/.local/lib/python3.12/site-packages/airflow/example_dags/example_short_circuit_decorator.py
[2025-07-22T09:19:04.250+0000] {processor.py:840} INFO - DAG(s) 'example_short_circuit_decorator' retrieved from /home/airflow/.local/lib/python3.12/site-packages/airflow/example_dags/example_short_circuit_decorator.py
[2025-07-22T09:19:04.282+0000] {logging_mixin.py:188} INFO - [2025-07-22T09:19:04.282+0000] {dag.py:3096} INFO - Sync 1 DAGs
[2025-07-22T09:19:04.314+0000] {logging_mixin.py:188} INFO - [2025-07-22T09:19:04.314+0000] {dag.py:3954} INFO - Setting next_dagrun for example_short_circuit_decorator to 2025-07-21 00:00:00+00:00, run_after=2025-07-22 00:00:00+00:00
[2025-07-22T09:19:04.344+0000] {processor.py:183} INFO - Processing /home/airflow/.local/lib/python3.12/site-packages/airflow/example_dags/example_short_circuit_decorator.py took 0.117 seconds
[2025-07-22T09:19:34.920+0000] {processor.py:161} INFO - Started process (PID=3308) to work on /home/airflow/.local/lib/python3.12/site-packages/airflow/example_dags/example_short_circuit_decorator.py
[2025-07-22T09:19:34.923+0000] {processor.py:830} INFO - Processing file /home/airflow/.local/lib/python3.12/site-packages/airflow/example_dags/example_short_circuit_decorator.py for tasks to queue
[2025-07-22T09:19:34.926+0000] {logging_mixin.py:188} INFO - [2025-07-22T09:19:34.926+0000] {dagbag.py:545} INFO - Filling up the DagBag from /home/airflow/.local/lib/python3.12/site-packages/airflow/example_dags/example_short_circuit_decorator.py
[2025-07-22T09:19:34.943+0000] {processor.py:840} INFO - DAG(s) 'example_short_circuit_decorator' retrieved from /home/airflow/.local/lib/python3.12/site-packages/airflow/example_dags/example_short_circuit_decorator.py
[2025-07-22T09:19:34.985+0000] {logging_mixin.py:188} INFO - [2025-07-22T09:19:34.985+0000] {dag.py:3096} INFO - Sync 1 DAGs
[2025-07-22T09:19:35.029+0000] {logging_mixin.py:188} INFO - [2025-07-22T09:19:35.029+0000] {dag.py:3954} INFO - Setting next_dagrun for example_short_circuit_decorator to 2025-07-21 00:00:00+00:00, run_after=2025-07-22 00:00:00+00:00
[2025-07-22T09:19:35.067+0000] {processor.py:183} INFO - Processing /home/airflow/.local/lib/python3.12/site-packages/airflow/example_dags/example_short_circuit_decorator.py took 0.156 seconds
[2025-07-22T09:20:05.435+0000] {processor.py:161} INFO - Started process (PID=3374) to work on /home/airflow/.local/lib/python3.12/site-packages/airflow/example_dags/example_short_circuit_decorator.py
[2025-07-22T09:20:05.437+0000] {processor.py:830} INFO - Processing file /home/airflow/.local/lib/python3.12/site-packages/airflow/example_dags/example_short_circuit_decorator.py for tasks to queue
[2025-07-22T09:20:05.439+0000] {logging_mixin.py:188} INFO - [2025-07-22T09:20:05.439+0000] {dagbag.py:545} INFO - Filling up the DagBag from /home/airflow/.local/lib/python3.12/site-packages/airflow/example_dags/example_short_circuit_decorator.py
[2025-07-22T09:20:05.449+0000] {processor.py:840} INFO - DAG(s) 'example_short_circuit_decorator' retrieved from /home/airflow/.local/lib/python3.12/site-packages/airflow/example_dags/example_short_circuit_decorator.py
[2025-07-22T09:20:05.482+0000] {logging_mixin.py:188} INFO - [2025-07-22T09:20:05.481+0000] {dag.py:3096} INFO - Sync 1 DAGs
[2025-07-22T09:20:05.506+0000] {logging_mixin.py:188} INFO - [2025-07-22T09:20:05.506+0000] {dag.py:3954} INFO - Setting next_dagrun for example_short_circuit_decorator to 2025-07-21 00:00:00+00:00, run_after=2025-07-22 00:00:00+00:00
[2025-07-22T09:20:05.531+0000] {processor.py:183} INFO - Processing /home/airflow/.local/lib/python3.12/site-packages/airflow/example_dags/example_short_circuit_decorator.py took 0.103 seconds
[2025-07-22T09:20:35.802+0000] {processor.py:161} INFO - Started process (PID=3434) to work on /home/airflow/.local/lib/python3.12/site-packages/airflow/example_dags/example_short_circuit_decorator.py
[2025-07-22T09:20:35.805+0000] {processor.py:830} INFO - Processing file /home/airflow/.local/lib/python3.12/site-packages/airflow/example_dags/example_short_circuit_decorator.py for tasks to queue
[2025-07-22T09:20:35.808+0000] {logging_mixin.py:188} INFO - [2025-07-22T09:20:35.808+0000] {dagbag.py:545} INFO - Filling up the DagBag from /home/airflow/.local/lib/python3.12/site-packages/airflow/example_dags/example_short_circuit_decorator.py
[2025-07-22T09:20:35.825+0000] {processor.py:840} INFO - DAG(s) 'example_short_circuit_decorator' retrieved from /home/airflow/.local/lib/python3.12/site-packages/airflow/example_dags/example_short_circuit_decorator.py
[2025-07-22T09:20:35.868+0000] {logging_mixin.py:188} INFO - [2025-07-22T09:20:35.867+0000] {dag.py:3096} INFO - Sync 1 DAGs
[2025-07-22T09:20:35.912+0000] {logging_mixin.py:188} INFO - [2025-07-22T09:20:35.911+0000] {dag.py:3954} INFO - Setting next_dagrun for example_short_circuit_decorator to 2025-07-21 00:00:00+00:00, run_after=2025-07-22 00:00:00+00:00
[2025-07-22T09:20:35.939+0000] {processor.py:183} INFO - Processing /home/airflow/.local/lib/python3.12/site-packages/airflow/example_dags/example_short_circuit_decorator.py took 0.154 seconds
[2025-07-22T09:21:06.108+0000] {processor.py:161} INFO - Started process (PID=3495) to work on /home/airflow/.local/lib/python3.12/site-packages/airflow/example_dags/example_short_circuit_decorator.py
[2025-07-22T09:21:06.111+0000] {processor.py:830} INFO - Processing file /home/airflow/.local/lib/python3.12/site-packages/airflow/example_dags/example_short_circuit_decorator.py for tasks to queue
[2025-07-22T09:21:06.116+0000] {logging_mixin.py:188} INFO - [2025-07-22T09:21:06.115+0000] {dagbag.py:545} INFO - Filling up the DagBag from /home/airflow/.local/lib/python3.12/site-packages/airflow/example_dags/example_short_circuit_decorator.py
[2025-07-22T09:21:06.129+0000] {processor.py:840} INFO - DAG(s) 'example_short_circuit_decorator' retrieved from /home/airflow/.local/lib/python3.12/site-packages/airflow/example_dags/example_short_circuit_decorator.py
[2025-07-22T09:21:06.161+0000] {logging_mixin.py:188} INFO - [2025-07-22T09:21:06.161+0000] {dag.py:3096} INFO - Sync 1 DAGs
[2025-07-22T09:21:06.189+0000] {logging_mixin.py:188} INFO - [2025-07-22T09:21:06.189+0000] {dag.py:3954} INFO - Setting next_dagrun for example_short_circuit_decorator to 2025-07-21 00:00:00+00:00, run_after=2025-07-22 00:00:00+00:00
[2025-07-22T09:21:06.215+0000] {processor.py:183} INFO - Processing /home/airflow/.local/lib/python3.12/site-packages/airflow/example_dags/example_short_circuit_decorator.py took 0.116 seconds
[2025-07-22T09:21:36.275+0000] {processor.py:161} INFO - Started process (PID=3555) to work on /home/airflow/.local/lib/python3.12/site-packages/airflow/example_dags/example_short_circuit_decorator.py
[2025-07-22T09:21:36.277+0000] {processor.py:830} INFO - Processing file /home/airflow/.local/lib/python3.12/site-packages/airflow/example_dags/example_short_circuit_decorator.py for tasks to queue
[2025-07-22T09:21:36.280+0000] {logging_mixin.py:188} INFO - [2025-07-22T09:21:36.279+0000] {dagbag.py:545} INFO - Filling up the DagBag from /home/airflow/.local/lib/python3.12/site-packages/airflow/example_dags/example_short_circuit_decorator.py
[2025-07-22T09:21:36.291+0000] {processor.py:840} INFO - DAG(s) 'example_short_circuit_decorator' retrieved from /home/airflow/.local/lib/python3.12/site-packages/airflow/example_dags/example_short_circuit_decorator.py
[2025-07-22T09:21:36.319+0000] {logging_mixin.py:188} INFO - [2025-07-22T09:21:36.319+0000] {dag.py:3096} INFO - Sync 1 DAGs
[2025-07-22T09:21:36.344+0000] {logging_mixin.py:188} INFO - [2025-07-22T09:21:36.344+0000] {dag.py:3954} INFO - Setting next_dagrun for example_short_circuit_decorator to 2025-07-21 00:00:00+00:00, run_after=2025-07-22 00:00:00+00:00
[2025-07-22T09:21:36.365+0000] {processor.py:183} INFO - Processing /home/airflow/.local/lib/python3.12/site-packages/airflow/example_dags/example_short_circuit_decorator.py took 0.097 seconds
[2025-07-22T09:22:06.600+0000] {processor.py:161} INFO - Started process (PID=3615) to work on /home/airflow/.local/lib/python3.12/site-packages/airflow/example_dags/example_short_circuit_decorator.py
[2025-07-22T09:22:06.601+0000] {processor.py:830} INFO - Processing file /home/airflow/.local/lib/python3.12/site-packages/airflow/example_dags/example_short_circuit_decorator.py for tasks to queue
[2025-07-22T09:22:06.603+0000] {logging_mixin.py:188} INFO - [2025-07-22T09:22:06.603+0000] {dagbag.py:545} INFO - Filling up the DagBag from /home/airflow/.local/lib/python3.12/site-packages/airflow/example_dags/example_short_circuit_decorator.py
[2025-07-22T09:22:06.613+0000] {processor.py:840} INFO - DAG(s) 'example_short_circuit_decorator' retrieved from /home/airflow/.local/lib/python3.12/site-packages/airflow/example_dags/example_short_circuit_decorator.py
[2025-07-22T09:22:06.649+0000] {logging_mixin.py:188} INFO - [2025-07-22T09:22:06.649+0000] {dag.py:3096} INFO - Sync 1 DAGs
[2025-07-22T09:22:06.688+0000] {logging_mixin.py:188} INFO - [2025-07-22T09:22:06.687+0000] {dag.py:3954} INFO - Setting next_dagrun for example_short_circuit_decorator to 2025-07-21 00:00:00+00:00, run_after=2025-07-22 00:00:00+00:00
[2025-07-22T09:22:06.720+0000] {processor.py:183} INFO - Processing /home/airflow/.local/lib/python3.12/site-packages/airflow/example_dags/example_short_circuit_decorator.py took 0.128 seconds
[2025-07-22T09:22:37.679+0000] {processor.py:161} INFO - Started process (PID=3675) to work on /home/airflow/.local/lib/python3.12/site-packages/airflow/example_dags/example_short_circuit_decorator.py
[2025-07-22T09:22:37.681+0000] {processor.py:830} INFO - Processing file /home/airflow/.local/lib/python3.12/site-packages/airflow/example_dags/example_short_circuit_decorator.py for tasks to queue
[2025-07-22T09:22:37.687+0000] {logging_mixin.py:188} INFO - [2025-07-22T09:22:37.685+0000] {dagbag.py:545} INFO - Filling up the DagBag from /home/airflow/.local/lib/python3.12/site-packages/airflow/example_dags/example_short_circuit_decorator.py
[2025-07-22T09:22:37.703+0000] {processor.py:840} INFO - DAG(s) 'example_short_circuit_decorator' retrieved from /home/airflow/.local/lib/python3.12/site-packages/airflow/example_dags/example_short_circuit_decorator.py
[2025-07-22T09:22:37.775+0000] {logging_mixin.py:188} INFO - [2025-07-22T09:22:37.774+0000] {dag.py:3096} INFO - Sync 1 DAGs
[2025-07-22T09:22:37.848+0000] {logging_mixin.py:188} INFO - [2025-07-22T09:22:37.847+0000] {dag.py:3954} INFO - Setting next_dagrun for example_short_circuit_decorator to 2025-07-21 00:00:00+00:00, run_after=2025-07-22 00:00:00+00:00
[2025-07-22T09:22:37.915+0000] {processor.py:183} INFO - Processing /home/airflow/.local/lib/python3.12/site-packages/airflow/example_dags/example_short_circuit_decorator.py took 0.245 seconds
