[2025-07-22T08:52:11.290+0000] {processor.py:161} INFO - Started process (PID=108) to work on /home/airflow/.local/lib/python3.12/site-packages/airflow/example_dags/example_sla_dag.py
[2025-07-22T08:52:11.292+0000] {processor.py:830} INFO - Processing file /home/airflow/.local/lib/python3.12/site-packages/airflow/example_dags/example_sla_dag.py for tasks to queue
[2025-07-22T08:52:11.297+0000] {logging_mixin.py:188} INFO - [2025-07-22T08:52:11.296+0000] {dagbag.py:545} INFO - Filling up the DagBag from /home/airflow/.local/lib/python3.12/site-packages/airflow/example_dags/example_sla_dag.py
[2025-07-22T08:52:11.316+0000] {processor.py:840} INFO - DAG(s) 'example_sla_dag' retrieved from /home/airflow/.local/lib/python3.12/site-packages/airflow/example_dags/example_sla_dag.py
[2025-07-22T08:52:11.466+0000] {logging_mixin.py:188} INFO - [2025-07-22T08:52:11.466+0000] {dag.py:3096} INFO - Sync 1 DAGs
[2025-07-22T08:52:11.494+0000] {logging_mixin.py:188} INFO - [2025-07-22T08:52:11.494+0000] {dag.py:3954} INFO - Setting next_dagrun for example_sla_dag to 2025-07-22 08:50:00+00:00, run_after=2025-07-22 08:52:00+00:00
[2025-07-22T08:52:11.516+0000] {processor.py:183} INFO - Processing /home/airflow/.local/lib/python3.12/site-packages/airflow/example_dags/example_sla_dag.py took 0.238 seconds
[2025-07-22T08:52:41.936+0000] {processor.py:161} INFO - Started process (PID=166) to work on /home/airflow/.local/lib/python3.12/site-packages/airflow/example_dags/example_sla_dag.py
[2025-07-22T08:52:41.937+0000] {processor.py:830} INFO - Processing file /home/airflow/.local/lib/python3.12/site-packages/airflow/example_dags/example_sla_dag.py for tasks to queue
[2025-07-22T08:52:41.939+0000] {logging_mixin.py:188} INFO - [2025-07-22T08:52:41.939+0000] {dagbag.py:545} INFO - Filling up the DagBag from /home/airflow/.local/lib/python3.12/site-packages/airflow/example_dags/example_sla_dag.py
[2025-07-22T08:52:41.949+0000] {processor.py:840} INFO - DAG(s) 'example_sla_dag' retrieved from /home/airflow/.local/lib/python3.12/site-packages/airflow/example_dags/example_sla_dag.py
[2025-07-22T08:52:41.972+0000] {logging_mixin.py:188} INFO - [2025-07-22T08:52:41.971+0000] {dag.py:3096} INFO - Sync 1 DAGs
[2025-07-22T08:52:42.003+0000] {logging_mixin.py:188} INFO - [2025-07-22T08:52:42.003+0000] {dag.py:3954} INFO - Setting next_dagrun for example_sla_dag to 2025-07-22 08:50:00+00:00, run_after=2025-07-22 08:52:00+00:00
[2025-07-22T08:52:42.025+0000] {processor.py:183} INFO - Processing /home/airflow/.local/lib/python3.12/site-packages/airflow/example_dags/example_sla_dag.py took 0.096 seconds
[2025-07-22T08:53:12.290+0000] {processor.py:161} INFO - Started process (PID=224) to work on /home/airflow/.local/lib/python3.12/site-packages/airflow/example_dags/example_sla_dag.py
[2025-07-22T08:53:12.292+0000] {processor.py:830} INFO - Processing file /home/airflow/.local/lib/python3.12/site-packages/airflow/example_dags/example_sla_dag.py for tasks to queue
[2025-07-22T08:53:12.295+0000] {logging_mixin.py:188} INFO - [2025-07-22T08:53:12.294+0000] {dagbag.py:545} INFO - Filling up the DagBag from /home/airflow/.local/lib/python3.12/site-packages/airflow/example_dags/example_sla_dag.py
[2025-07-22T08:53:12.307+0000] {processor.py:840} INFO - DAG(s) 'example_sla_dag' retrieved from /home/airflow/.local/lib/python3.12/site-packages/airflow/example_dags/example_sla_dag.py
[2025-07-22T08:53:12.332+0000] {logging_mixin.py:188} INFO - [2025-07-22T08:53:12.332+0000] {dag.py:3096} INFO - Sync 1 DAGs
[2025-07-22T08:53:12.370+0000] {logging_mixin.py:188} INFO - [2025-07-22T08:53:12.369+0000] {dag.py:3954} INFO - Setting next_dagrun for example_sla_dag to 2025-07-22 08:50:00+00:00, run_after=2025-07-22 08:52:00+00:00
[2025-07-22T08:53:12.399+0000] {processor.py:183} INFO - Processing /home/airflow/.local/lib/python3.12/site-packages/airflow/example_dags/example_sla_dag.py took 0.117 seconds
[2025-07-22T08:53:43.501+0000] {processor.py:161} INFO - Started process (PID=282) to work on /home/airflow/.local/lib/python3.12/site-packages/airflow/example_dags/example_sla_dag.py
[2025-07-22T08:53:43.505+0000] {processor.py:830} INFO - Processing file /home/airflow/.local/lib/python3.12/site-packages/airflow/example_dags/example_sla_dag.py for tasks to queue
[2025-07-22T08:53:43.513+0000] {logging_mixin.py:188} INFO - [2025-07-22T08:53:43.511+0000] {dagbag.py:545} INFO - Filling up the DagBag from /home/airflow/.local/lib/python3.12/site-packages/airflow/example_dags/example_sla_dag.py
[2025-07-22T08:53:43.538+0000] {processor.py:840} INFO - DAG(s) 'example_sla_dag' retrieved from /home/airflow/.local/lib/python3.12/site-packages/airflow/example_dags/example_sla_dag.py
[2025-07-22T08:53:43.580+0000] {logging_mixin.py:188} INFO - [2025-07-22T08:53:43.579+0000] {dag.py:3096} INFO - Sync 1 DAGs
[2025-07-22T08:53:43.623+0000] {logging_mixin.py:188} INFO - [2025-07-22T08:53:43.623+0000] {dag.py:3954} INFO - Setting next_dagrun for example_sla_dag to 2025-07-22 08:50:00+00:00, run_after=2025-07-22 08:52:00+00:00
[2025-07-22T08:53:43.656+0000] {processor.py:183} INFO - Processing /home/airflow/.local/lib/python3.12/site-packages/airflow/example_dags/example_sla_dag.py took 0.174 seconds
[2025-07-22T08:54:13.803+0000] {processor.py:161} INFO - Started process (PID=340) to work on /home/airflow/.local/lib/python3.12/site-packages/airflow/example_dags/example_sla_dag.py
[2025-07-22T08:54:13.805+0000] {processor.py:830} INFO - Processing file /home/airflow/.local/lib/python3.12/site-packages/airflow/example_dags/example_sla_dag.py for tasks to queue
[2025-07-22T08:54:13.807+0000] {logging_mixin.py:188} INFO - [2025-07-22T08:54:13.807+0000] {dagbag.py:545} INFO - Filling up the DagBag from /home/airflow/.local/lib/python3.12/site-packages/airflow/example_dags/example_sla_dag.py
[2025-07-22T08:54:13.817+0000] {processor.py:840} INFO - DAG(s) 'example_sla_dag' retrieved from /home/airflow/.local/lib/python3.12/site-packages/airflow/example_dags/example_sla_dag.py
[2025-07-22T08:54:13.841+0000] {logging_mixin.py:188} INFO - [2025-07-22T08:54:13.841+0000] {dag.py:3096} INFO - Sync 1 DAGs
[2025-07-22T08:54:13.872+0000] {logging_mixin.py:188} INFO - [2025-07-22T08:54:13.872+0000] {dag.py:3954} INFO - Setting next_dagrun for example_sla_dag to 2025-07-22 08:52:00+00:00, run_after=2025-07-22 08:54:00+00:00
[2025-07-22T08:54:13.902+0000] {processor.py:183} INFO - Processing /home/airflow/.local/lib/python3.12/site-packages/airflow/example_dags/example_sla_dag.py took 0.106 seconds
[2025-07-22T08:54:44.845+0000] {processor.py:161} INFO - Started process (PID=398) to work on /home/airflow/.local/lib/python3.12/site-packages/airflow/example_dags/example_sla_dag.py
[2025-07-22T08:54:44.847+0000] {processor.py:830} INFO - Processing file /home/airflow/.local/lib/python3.12/site-packages/airflow/example_dags/example_sla_dag.py for tasks to queue
[2025-07-22T08:54:44.851+0000] {logging_mixin.py:188} INFO - [2025-07-22T08:54:44.850+0000] {dagbag.py:545} INFO - Filling up the DagBag from /home/airflow/.local/lib/python3.12/site-packages/airflow/example_dags/example_sla_dag.py
[2025-07-22T08:54:44.878+0000] {processor.py:840} INFO - DAG(s) 'example_sla_dag' retrieved from /home/airflow/.local/lib/python3.12/site-packages/airflow/example_dags/example_sla_dag.py
[2025-07-22T08:54:44.926+0000] {logging_mixin.py:188} INFO - [2025-07-22T08:54:44.925+0000] {dag.py:3096} INFO - Sync 1 DAGs
[2025-07-22T08:54:44.972+0000] {logging_mixin.py:188} INFO - [2025-07-22T08:54:44.972+0000] {dag.py:3954} INFO - Setting next_dagrun for example_sla_dag to 2025-07-22 08:52:00+00:00, run_after=2025-07-22 08:54:00+00:00
[2025-07-22T08:54:45.020+0000] {processor.py:183} INFO - Processing /home/airflow/.local/lib/python3.12/site-packages/airflow/example_dags/example_sla_dag.py took 0.188 seconds
[2025-07-22T08:55:15.651+0000] {processor.py:161} INFO - Started process (PID=456) to work on /home/airflow/.local/lib/python3.12/site-packages/airflow/example_dags/example_sla_dag.py
[2025-07-22T08:55:15.653+0000] {processor.py:830} INFO - Processing file /home/airflow/.local/lib/python3.12/site-packages/airflow/example_dags/example_sla_dag.py for tasks to queue
[2025-07-22T08:55:15.655+0000] {logging_mixin.py:188} INFO - [2025-07-22T08:55:15.655+0000] {dagbag.py:545} INFO - Filling up the DagBag from /home/airflow/.local/lib/python3.12/site-packages/airflow/example_dags/example_sla_dag.py
[2025-07-22T08:55:15.664+0000] {processor.py:840} INFO - DAG(s) 'example_sla_dag' retrieved from /home/airflow/.local/lib/python3.12/site-packages/airflow/example_dags/example_sla_dag.py
[2025-07-22T08:55:15.686+0000] {logging_mixin.py:188} INFO - [2025-07-22T08:55:15.686+0000] {dag.py:3096} INFO - Sync 1 DAGs
[2025-07-22T08:55:15.713+0000] {logging_mixin.py:188} INFO - [2025-07-22T08:55:15.713+0000] {dag.py:3954} INFO - Setting next_dagrun for example_sla_dag to 2025-07-22 08:52:00+00:00, run_after=2025-07-22 08:54:00+00:00
[2025-07-22T08:55:15.739+0000] {processor.py:183} INFO - Processing /home/airflow/.local/lib/python3.12/site-packages/airflow/example_dags/example_sla_dag.py took 0.095 seconds
[2025-07-22T08:55:46.495+0000] {processor.py:161} INFO - Started process (PID=514) to work on /home/airflow/.local/lib/python3.12/site-packages/airflow/example_dags/example_sla_dag.py
[2025-07-22T08:55:46.497+0000] {processor.py:830} INFO - Processing file /home/airflow/.local/lib/python3.12/site-packages/airflow/example_dags/example_sla_dag.py for tasks to queue
[2025-07-22T08:55:46.499+0000] {logging_mixin.py:188} INFO - [2025-07-22T08:55:46.499+0000] {dagbag.py:545} INFO - Filling up the DagBag from /home/airflow/.local/lib/python3.12/site-packages/airflow/example_dags/example_sla_dag.py
[2025-07-22T08:55:46.508+0000] {processor.py:840} INFO - DAG(s) 'example_sla_dag' retrieved from /home/airflow/.local/lib/python3.12/site-packages/airflow/example_dags/example_sla_dag.py
[2025-07-22T08:55:46.530+0000] {logging_mixin.py:188} INFO - [2025-07-22T08:55:46.530+0000] {dag.py:3096} INFO - Sync 1 DAGs
[2025-07-22T08:55:46.558+0000] {logging_mixin.py:188} INFO - [2025-07-22T08:55:46.558+0000] {dag.py:3954} INFO - Setting next_dagrun for example_sla_dag to 2025-07-22 08:52:00+00:00, run_after=2025-07-22 08:54:00+00:00
[2025-07-22T08:55:46.581+0000] {processor.py:183} INFO - Processing /home/airflow/.local/lib/python3.12/site-packages/airflow/example_dags/example_sla_dag.py took 0.094 seconds
[2025-07-22T08:56:16.917+0000] {processor.py:161} INFO - Started process (PID=572) to work on /home/airflow/.local/lib/python3.12/site-packages/airflow/example_dags/example_sla_dag.py
[2025-07-22T08:56:16.918+0000] {processor.py:830} INFO - Processing file /home/airflow/.local/lib/python3.12/site-packages/airflow/example_dags/example_sla_dag.py for tasks to queue
[2025-07-22T08:56:16.921+0000] {logging_mixin.py:188} INFO - [2025-07-22T08:56:16.920+0000] {dagbag.py:545} INFO - Filling up the DagBag from /home/airflow/.local/lib/python3.12/site-packages/airflow/example_dags/example_sla_dag.py
[2025-07-22T08:56:16.931+0000] {processor.py:840} INFO - DAG(s) 'example_sla_dag' retrieved from /home/airflow/.local/lib/python3.12/site-packages/airflow/example_dags/example_sla_dag.py
[2025-07-22T08:56:16.957+0000] {logging_mixin.py:188} INFO - [2025-07-22T08:56:16.956+0000] {dag.py:3096} INFO - Sync 1 DAGs
[2025-07-22T08:56:16.997+0000] {logging_mixin.py:188} INFO - [2025-07-22T08:56:16.996+0000] {dag.py:3954} INFO - Setting next_dagrun for example_sla_dag to 2025-07-22 08:54:00+00:00, run_after=2025-07-22 08:56:00+00:00
[2025-07-22T08:56:17.020+0000] {processor.py:183} INFO - Processing /home/airflow/.local/lib/python3.12/site-packages/airflow/example_dags/example_sla_dag.py took 0.110 seconds
[2025-07-22T08:56:47.707+0000] {processor.py:161} INFO - Started process (PID=630) to work on /home/airflow/.local/lib/python3.12/site-packages/airflow/example_dags/example_sla_dag.py
[2025-07-22T08:56:47.708+0000] {processor.py:830} INFO - Processing file /home/airflow/.local/lib/python3.12/site-packages/airflow/example_dags/example_sla_dag.py for tasks to queue
[2025-07-22T08:56:47.712+0000] {logging_mixin.py:188} INFO - [2025-07-22T08:56:47.711+0000] {dagbag.py:545} INFO - Filling up the DagBag from /home/airflow/.local/lib/python3.12/site-packages/airflow/example_dags/example_sla_dag.py
[2025-07-22T08:56:47.726+0000] {processor.py:840} INFO - DAG(s) 'example_sla_dag' retrieved from /home/airflow/.local/lib/python3.12/site-packages/airflow/example_dags/example_sla_dag.py
[2025-07-22T08:56:47.750+0000] {logging_mixin.py:188} INFO - [2025-07-22T08:56:47.750+0000] {dag.py:3096} INFO - Sync 1 DAGs
[2025-07-22T08:56:47.781+0000] {logging_mixin.py:188} INFO - [2025-07-22T08:56:47.780+0000] {dag.py:3954} INFO - Setting next_dagrun for example_sla_dag to 2025-07-22 08:54:00+00:00, run_after=2025-07-22 08:56:00+00:00
[2025-07-22T08:56:47.805+0000] {processor.py:183} INFO - Processing /home/airflow/.local/lib/python3.12/site-packages/airflow/example_dags/example_sla_dag.py took 0.106 seconds
[2025-07-22T08:57:17.976+0000] {processor.py:161} INFO - Started process (PID=690) to work on /home/airflow/.local/lib/python3.12/site-packages/airflow/example_dags/example_sla_dag.py
[2025-07-22T08:57:17.978+0000] {processor.py:830} INFO - Processing file /home/airflow/.local/lib/python3.12/site-packages/airflow/example_dags/example_sla_dag.py for tasks to queue
[2025-07-22T08:57:17.980+0000] {logging_mixin.py:188} INFO - [2025-07-22T08:57:17.980+0000] {dagbag.py:545} INFO - Filling up the DagBag from /home/airflow/.local/lib/python3.12/site-packages/airflow/example_dags/example_sla_dag.py
[2025-07-22T08:57:17.991+0000] {processor.py:840} INFO - DAG(s) 'example_sla_dag' retrieved from /home/airflow/.local/lib/python3.12/site-packages/airflow/example_dags/example_sla_dag.py
[2025-07-22T08:57:18.015+0000] {logging_mixin.py:188} INFO - [2025-07-22T08:57:18.015+0000] {dag.py:3096} INFO - Sync 1 DAGs
[2025-07-22T08:57:18.045+0000] {logging_mixin.py:188} INFO - [2025-07-22T08:57:18.045+0000] {dag.py:3954} INFO - Setting next_dagrun for example_sla_dag to 2025-07-22 08:54:00+00:00, run_after=2025-07-22 08:56:00+00:00
[2025-07-22T08:57:18.070+0000] {processor.py:183} INFO - Processing /home/airflow/.local/lib/python3.12/site-packages/airflow/example_dags/example_sla_dag.py took 0.101 seconds
[2025-07-22T08:57:48.190+0000] {processor.py:161} INFO - Started process (PID=750) to work on /home/airflow/.local/lib/python3.12/site-packages/airflow/example_dags/example_sla_dag.py
[2025-07-22T08:57:48.191+0000] {processor.py:830} INFO - Processing file /home/airflow/.local/lib/python3.12/site-packages/airflow/example_dags/example_sla_dag.py for tasks to queue
[2025-07-22T08:57:48.193+0000] {logging_mixin.py:188} INFO - [2025-07-22T08:57:48.193+0000] {dagbag.py:545} INFO - Filling up the DagBag from /home/airflow/.local/lib/python3.12/site-packages/airflow/example_dags/example_sla_dag.py
[2025-07-22T08:57:48.202+0000] {processor.py:840} INFO - DAG(s) 'example_sla_dag' retrieved from /home/airflow/.local/lib/python3.12/site-packages/airflow/example_dags/example_sla_dag.py
[2025-07-22T08:57:48.225+0000] {logging_mixin.py:188} INFO - [2025-07-22T08:57:48.225+0000] {dag.py:3096} INFO - Sync 1 DAGs
[2025-07-22T08:57:48.250+0000] {logging_mixin.py:188} INFO - [2025-07-22T08:57:48.249+0000] {dag.py:3954} INFO - Setting next_dagrun for example_sla_dag to 2025-07-22 08:54:00+00:00, run_after=2025-07-22 08:56:00+00:00
[2025-07-22T08:57:48.270+0000] {processor.py:183} INFO - Processing /home/airflow/.local/lib/python3.12/site-packages/airflow/example_dags/example_sla_dag.py took 0.086 seconds
[2025-07-22T08:58:18.895+0000] {processor.py:161} INFO - Started process (PID=810) to work on /home/airflow/.local/lib/python3.12/site-packages/airflow/example_dags/example_sla_dag.py
[2025-07-22T08:58:18.897+0000] {processor.py:830} INFO - Processing file /home/airflow/.local/lib/python3.12/site-packages/airflow/example_dags/example_sla_dag.py for tasks to queue
[2025-07-22T08:58:18.899+0000] {logging_mixin.py:188} INFO - [2025-07-22T08:58:18.899+0000] {dagbag.py:545} INFO - Filling up the DagBag from /home/airflow/.local/lib/python3.12/site-packages/airflow/example_dags/example_sla_dag.py
[2025-07-22T08:58:18.908+0000] {processor.py:840} INFO - DAG(s) 'example_sla_dag' retrieved from /home/airflow/.local/lib/python3.12/site-packages/airflow/example_dags/example_sla_dag.py
[2025-07-22T08:58:18.930+0000] {logging_mixin.py:188} INFO - [2025-07-22T08:58:18.930+0000] {dag.py:3096} INFO - Sync 1 DAGs
[2025-07-22T08:58:18.957+0000] {logging_mixin.py:188} INFO - [2025-07-22T08:58:18.956+0000] {dag.py:3954} INFO - Setting next_dagrun for example_sla_dag to 2025-07-22 08:56:00+00:00, run_after=2025-07-22 08:58:00+00:00
[2025-07-22T08:58:18.977+0000] {processor.py:183} INFO - Processing /home/airflow/.local/lib/python3.12/site-packages/airflow/example_dags/example_sla_dag.py took 0.089 seconds
[2025-07-22T08:58:49.632+0000] {processor.py:161} INFO - Started process (PID=870) to work on /home/airflow/.local/lib/python3.12/site-packages/airflow/example_dags/example_sla_dag.py
[2025-07-22T08:58:49.633+0000] {processor.py:830} INFO - Processing file /home/airflow/.local/lib/python3.12/site-packages/airflow/example_dags/example_sla_dag.py for tasks to queue
[2025-07-22T08:58:49.635+0000] {logging_mixin.py:188} INFO - [2025-07-22T08:58:49.635+0000] {dagbag.py:545} INFO - Filling up the DagBag from /home/airflow/.local/lib/python3.12/site-packages/airflow/example_dags/example_sla_dag.py
[2025-07-22T08:58:49.644+0000] {processor.py:840} INFO - DAG(s) 'example_sla_dag' retrieved from /home/airflow/.local/lib/python3.12/site-packages/airflow/example_dags/example_sla_dag.py
[2025-07-22T08:58:49.667+0000] {logging_mixin.py:188} INFO - [2025-07-22T08:58:49.666+0000] {dag.py:3096} INFO - Sync 1 DAGs
[2025-07-22T08:58:49.692+0000] {logging_mixin.py:188} INFO - [2025-07-22T08:58:49.692+0000] {dag.py:3954} INFO - Setting next_dagrun for example_sla_dag to 2025-07-22 08:56:00+00:00, run_after=2025-07-22 08:58:00+00:00
[2025-07-22T08:58:49.713+0000] {processor.py:183} INFO - Processing /home/airflow/.local/lib/python3.12/site-packages/airflow/example_dags/example_sla_dag.py took 0.087 seconds
[2025-07-22T08:59:20.530+0000] {processor.py:161} INFO - Started process (PID=930) to work on /home/airflow/.local/lib/python3.12/site-packages/airflow/example_dags/example_sla_dag.py
[2025-07-22T08:59:20.531+0000] {processor.py:830} INFO - Processing file /home/airflow/.local/lib/python3.12/site-packages/airflow/example_dags/example_sla_dag.py for tasks to queue
[2025-07-22T08:59:20.534+0000] {logging_mixin.py:188} INFO - [2025-07-22T08:59:20.533+0000] {dagbag.py:545} INFO - Filling up the DagBag from /home/airflow/.local/lib/python3.12/site-packages/airflow/example_dags/example_sla_dag.py
[2025-07-22T08:59:20.543+0000] {processor.py:840} INFO - DAG(s) 'example_sla_dag' retrieved from /home/airflow/.local/lib/python3.12/site-packages/airflow/example_dags/example_sla_dag.py
[2025-07-22T08:59:20.567+0000] {logging_mixin.py:188} INFO - [2025-07-22T08:59:20.567+0000] {dag.py:3096} INFO - Sync 1 DAGs
[2025-07-22T08:59:20.596+0000] {logging_mixin.py:188} INFO - [2025-07-22T08:59:20.596+0000] {dag.py:3954} INFO - Setting next_dagrun for example_sla_dag to 2025-07-22 08:56:00+00:00, run_after=2025-07-22 08:58:00+00:00
[2025-07-22T08:59:20.620+0000] {processor.py:183} INFO - Processing /home/airflow/.local/lib/python3.12/site-packages/airflow/example_dags/example_sla_dag.py took 0.099 seconds
[2025-07-22T08:59:51.082+0000] {processor.py:161} INFO - Started process (PID=990) to work on /home/airflow/.local/lib/python3.12/site-packages/airflow/example_dags/example_sla_dag.py
[2025-07-22T08:59:51.083+0000] {processor.py:830} INFO - Processing file /home/airflow/.local/lib/python3.12/site-packages/airflow/example_dags/example_sla_dag.py for tasks to queue
[2025-07-22T08:59:51.086+0000] {logging_mixin.py:188} INFO - [2025-07-22T08:59:51.085+0000] {dagbag.py:545} INFO - Filling up the DagBag from /home/airflow/.local/lib/python3.12/site-packages/airflow/example_dags/example_sla_dag.py
[2025-07-22T08:59:51.094+0000] {processor.py:840} INFO - DAG(s) 'example_sla_dag' retrieved from /home/airflow/.local/lib/python3.12/site-packages/airflow/example_dags/example_sla_dag.py
[2025-07-22T08:59:51.118+0000] {logging_mixin.py:188} INFO - [2025-07-22T08:59:51.118+0000] {dag.py:3096} INFO - Sync 1 DAGs
[2025-07-22T08:59:51.146+0000] {logging_mixin.py:188} INFO - [2025-07-22T08:59:51.146+0000] {dag.py:3954} INFO - Setting next_dagrun for example_sla_dag to 2025-07-22 08:56:00+00:00, run_after=2025-07-22 08:58:00+00:00
[2025-07-22T08:59:51.177+0000] {processor.py:183} INFO - Processing /home/airflow/.local/lib/python3.12/site-packages/airflow/example_dags/example_sla_dag.py took 0.102 seconds
[2025-07-22T09:00:21.755+0000] {processor.py:161} INFO - Started process (PID=1050) to work on /home/airflow/.local/lib/python3.12/site-packages/airflow/example_dags/example_sla_dag.py
[2025-07-22T09:00:21.756+0000] {processor.py:830} INFO - Processing file /home/airflow/.local/lib/python3.12/site-packages/airflow/example_dags/example_sla_dag.py for tasks to queue
[2025-07-22T09:00:21.759+0000] {logging_mixin.py:188} INFO - [2025-07-22T09:00:21.758+0000] {dagbag.py:545} INFO - Filling up the DagBag from /home/airflow/.local/lib/python3.12/site-packages/airflow/example_dags/example_sla_dag.py
[2025-07-22T09:00:21.770+0000] {processor.py:840} INFO - DAG(s) 'example_sla_dag' retrieved from /home/airflow/.local/lib/python3.12/site-packages/airflow/example_dags/example_sla_dag.py
[2025-07-22T09:00:21.794+0000] {logging_mixin.py:188} INFO - [2025-07-22T09:00:21.793+0000] {dag.py:3096} INFO - Sync 1 DAGs
[2025-07-22T09:00:21.829+0000] {logging_mixin.py:188} INFO - [2025-07-22T09:00:21.829+0000] {dag.py:3954} INFO - Setting next_dagrun for example_sla_dag to 2025-07-22 08:58:00+00:00, run_after=2025-07-22 09:00:00+00:00
[2025-07-22T09:00:21.857+0000] {processor.py:183} INFO - Processing /home/airflow/.local/lib/python3.12/site-packages/airflow/example_dags/example_sla_dag.py took 0.111 seconds
[2025-07-22T09:00:52.390+0000] {processor.py:161} INFO - Started process (PID=1110) to work on /home/airflow/.local/lib/python3.12/site-packages/airflow/example_dags/example_sla_dag.py
[2025-07-22T09:00:52.391+0000] {processor.py:830} INFO - Processing file /home/airflow/.local/lib/python3.12/site-packages/airflow/example_dags/example_sla_dag.py for tasks to queue
[2025-07-22T09:00:52.393+0000] {logging_mixin.py:188} INFO - [2025-07-22T09:00:52.393+0000] {dagbag.py:545} INFO - Filling up the DagBag from /home/airflow/.local/lib/python3.12/site-packages/airflow/example_dags/example_sla_dag.py
[2025-07-22T09:00:52.402+0000] {processor.py:840} INFO - DAG(s) 'example_sla_dag' retrieved from /home/airflow/.local/lib/python3.12/site-packages/airflow/example_dags/example_sla_dag.py
[2025-07-22T09:00:52.424+0000] {logging_mixin.py:188} INFO - [2025-07-22T09:00:52.423+0000] {dag.py:3096} INFO - Sync 1 DAGs
[2025-07-22T09:00:52.450+0000] {logging_mixin.py:188} INFO - [2025-07-22T09:00:52.450+0000] {dag.py:3954} INFO - Setting next_dagrun for example_sla_dag to 2025-07-22 08:58:00+00:00, run_after=2025-07-22 09:00:00+00:00
[2025-07-22T09:00:52.472+0000] {processor.py:183} INFO - Processing /home/airflow/.local/lib/python3.12/site-packages/airflow/example_dags/example_sla_dag.py took 0.090 seconds
[2025-07-22T09:01:22.580+0000] {processor.py:161} INFO - Started process (PID=1170) to work on /home/airflow/.local/lib/python3.12/site-packages/airflow/example_dags/example_sla_dag.py
[2025-07-22T09:01:22.581+0000] {processor.py:830} INFO - Processing file /home/airflow/.local/lib/python3.12/site-packages/airflow/example_dags/example_sla_dag.py for tasks to queue
[2025-07-22T09:01:22.584+0000] {logging_mixin.py:188} INFO - [2025-07-22T09:01:22.583+0000] {dagbag.py:545} INFO - Filling up the DagBag from /home/airflow/.local/lib/python3.12/site-packages/airflow/example_dags/example_sla_dag.py
[2025-07-22T09:01:22.593+0000] {processor.py:840} INFO - DAG(s) 'example_sla_dag' retrieved from /home/airflow/.local/lib/python3.12/site-packages/airflow/example_dags/example_sla_dag.py
[2025-07-22T09:01:22.618+0000] {logging_mixin.py:188} INFO - [2025-07-22T09:01:22.618+0000] {dag.py:3096} INFO - Sync 1 DAGs
[2025-07-22T09:01:22.652+0000] {logging_mixin.py:188} INFO - [2025-07-22T09:01:22.651+0000] {dag.py:3954} INFO - Setting next_dagrun for example_sla_dag to 2025-07-22 08:58:00+00:00, run_after=2025-07-22 09:00:00+00:00
[2025-07-22T09:01:22.673+0000] {processor.py:183} INFO - Processing /home/airflow/.local/lib/python3.12/site-packages/airflow/example_dags/example_sla_dag.py took 0.099 seconds
[2025-07-22T09:01:53.262+0000] {processor.py:161} INFO - Started process (PID=1230) to work on /home/airflow/.local/lib/python3.12/site-packages/airflow/example_dags/example_sla_dag.py
[2025-07-22T09:01:53.263+0000] {processor.py:830} INFO - Processing file /home/airflow/.local/lib/python3.12/site-packages/airflow/example_dags/example_sla_dag.py for tasks to queue
[2025-07-22T09:01:53.265+0000] {logging_mixin.py:188} INFO - [2025-07-22T09:01:53.265+0000] {dagbag.py:545} INFO - Filling up the DagBag from /home/airflow/.local/lib/python3.12/site-packages/airflow/example_dags/example_sla_dag.py
[2025-07-22T09:01:53.274+0000] {processor.py:840} INFO - DAG(s) 'example_sla_dag' retrieved from /home/airflow/.local/lib/python3.12/site-packages/airflow/example_dags/example_sla_dag.py
[2025-07-22T09:01:53.295+0000] {logging_mixin.py:188} INFO - [2025-07-22T09:01:53.295+0000] {dag.py:3096} INFO - Sync 1 DAGs
[2025-07-22T09:01:53.320+0000] {logging_mixin.py:188} INFO - [2025-07-22T09:01:53.320+0000] {dag.py:3954} INFO - Setting next_dagrun for example_sla_dag to 2025-07-22 08:58:00+00:00, run_after=2025-07-22 09:00:00+00:00
[2025-07-22T09:01:53.341+0000] {processor.py:183} INFO - Processing /home/airflow/.local/lib/python3.12/site-packages/airflow/example_dags/example_sla_dag.py took 0.085 seconds
[2025-07-22T09:02:23.516+0000] {processor.py:161} INFO - Started process (PID=1289) to work on /home/airflow/.local/lib/python3.12/site-packages/airflow/example_dags/example_sla_dag.py
[2025-07-22T09:02:23.517+0000] {processor.py:830} INFO - Processing file /home/airflow/.local/lib/python3.12/site-packages/airflow/example_dags/example_sla_dag.py for tasks to queue
[2025-07-22T09:02:23.521+0000] {logging_mixin.py:188} INFO - [2025-07-22T09:02:23.520+0000] {dagbag.py:545} INFO - Filling up the DagBag from /home/airflow/.local/lib/python3.12/site-packages/airflow/example_dags/example_sla_dag.py
[2025-07-22T09:02:23.535+0000] {processor.py:840} INFO - DAG(s) 'example_sla_dag' retrieved from /home/airflow/.local/lib/python3.12/site-packages/airflow/example_dags/example_sla_dag.py
[2025-07-22T09:02:23.562+0000] {logging_mixin.py:188} INFO - [2025-07-22T09:02:23.561+0000] {dag.py:3096} INFO - Sync 1 DAGs
[2025-07-22T09:02:23.598+0000] {logging_mixin.py:188} INFO - [2025-07-22T09:02:23.598+0000] {dag.py:3954} INFO - Setting next_dagrun for example_sla_dag to 2025-07-22 09:00:00+00:00, run_after=2025-07-22 09:02:00+00:00
[2025-07-22T09:02:23.633+0000] {processor.py:183} INFO - Processing /home/airflow/.local/lib/python3.12/site-packages/airflow/example_dags/example_sla_dag.py took 0.127 seconds
[2025-07-22T09:02:54.046+0000] {processor.py:161} INFO - Started process (PID=1349) to work on /home/airflow/.local/lib/python3.12/site-packages/airflow/example_dags/example_sla_dag.py
[2025-07-22T09:02:54.048+0000] {processor.py:830} INFO - Processing file /home/airflow/.local/lib/python3.12/site-packages/airflow/example_dags/example_sla_dag.py for tasks to queue
[2025-07-22T09:02:54.051+0000] {logging_mixin.py:188} INFO - [2025-07-22T09:02:54.050+0000] {dagbag.py:545} INFO - Filling up the DagBag from /home/airflow/.local/lib/python3.12/site-packages/airflow/example_dags/example_sla_dag.py
[2025-07-22T09:02:54.063+0000] {processor.py:840} INFO - DAG(s) 'example_sla_dag' retrieved from /home/airflow/.local/lib/python3.12/site-packages/airflow/example_dags/example_sla_dag.py
[2025-07-22T09:02:54.090+0000] {logging_mixin.py:188} INFO - [2025-07-22T09:02:54.089+0000] {dag.py:3096} INFO - Sync 1 DAGs
[2025-07-22T09:02:54.121+0000] {logging_mixin.py:188} INFO - [2025-07-22T09:02:54.120+0000] {dag.py:3954} INFO - Setting next_dagrun for example_sla_dag to 2025-07-22 09:00:00+00:00, run_after=2025-07-22 09:02:00+00:00
[2025-07-22T09:02:54.146+0000] {processor.py:183} INFO - Processing /home/airflow/.local/lib/python3.12/site-packages/airflow/example_dags/example_sla_dag.py took 0.107 seconds
[2025-07-22T09:03:24.514+0000] {processor.py:161} INFO - Started process (PID=1409) to work on /home/airflow/.local/lib/python3.12/site-packages/airflow/example_dags/example_sla_dag.py
[2025-07-22T09:03:24.515+0000] {processor.py:830} INFO - Processing file /home/airflow/.local/lib/python3.12/site-packages/airflow/example_dags/example_sla_dag.py for tasks to queue
[2025-07-22T09:03:24.517+0000] {logging_mixin.py:188} INFO - [2025-07-22T09:03:24.517+0000] {dagbag.py:545} INFO - Filling up the DagBag from /home/airflow/.local/lib/python3.12/site-packages/airflow/example_dags/example_sla_dag.py
[2025-07-22T09:03:24.526+0000] {processor.py:840} INFO - DAG(s) 'example_sla_dag' retrieved from /home/airflow/.local/lib/python3.12/site-packages/airflow/example_dags/example_sla_dag.py
[2025-07-22T09:03:24.552+0000] {logging_mixin.py:188} INFO - [2025-07-22T09:03:24.552+0000] {dag.py:3096} INFO - Sync 1 DAGs
[2025-07-22T09:03:24.584+0000] {logging_mixin.py:188} INFO - [2025-07-22T09:03:24.583+0000] {dag.py:3954} INFO - Setting next_dagrun for example_sla_dag to 2025-07-22 09:00:00+00:00, run_after=2025-07-22 09:02:00+00:00
[2025-07-22T09:03:24.608+0000] {processor.py:183} INFO - Processing /home/airflow/.local/lib/python3.12/site-packages/airflow/example_dags/example_sla_dag.py took 0.101 seconds
[2025-07-22T09:03:54.731+0000] {processor.py:161} INFO - Started process (PID=1469) to work on /home/airflow/.local/lib/python3.12/site-packages/airflow/example_dags/example_sla_dag.py
[2025-07-22T09:03:54.733+0000] {processor.py:830} INFO - Processing file /home/airflow/.local/lib/python3.12/site-packages/airflow/example_dags/example_sla_dag.py for tasks to queue
[2025-07-22T09:03:54.735+0000] {logging_mixin.py:188} INFO - [2025-07-22T09:03:54.735+0000] {dagbag.py:545} INFO - Filling up the DagBag from /home/airflow/.local/lib/python3.12/site-packages/airflow/example_dags/example_sla_dag.py
[2025-07-22T09:03:54.744+0000] {processor.py:840} INFO - DAG(s) 'example_sla_dag' retrieved from /home/airflow/.local/lib/python3.12/site-packages/airflow/example_dags/example_sla_dag.py
[2025-07-22T09:03:54.769+0000] {logging_mixin.py:188} INFO - [2025-07-22T09:03:54.769+0000] {dag.py:3096} INFO - Sync 1 DAGs
[2025-07-22T09:03:54.794+0000] {logging_mixin.py:188} INFO - [2025-07-22T09:03:54.794+0000] {dag.py:3954} INFO - Setting next_dagrun for example_sla_dag to 2025-07-22 09:00:00+00:00, run_after=2025-07-22 09:02:00+00:00
[2025-07-22T09:03:54.817+0000] {processor.py:183} INFO - Processing /home/airflow/.local/lib/python3.12/site-packages/airflow/example_dags/example_sla_dag.py took 0.092 seconds
[2025-07-22T09:04:25.418+0000] {processor.py:161} INFO - Started process (PID=1529) to work on /home/airflow/.local/lib/python3.12/site-packages/airflow/example_dags/example_sla_dag.py
[2025-07-22T09:04:25.419+0000] {processor.py:830} INFO - Processing file /home/airflow/.local/lib/python3.12/site-packages/airflow/example_dags/example_sla_dag.py for tasks to queue
[2025-07-22T09:04:25.422+0000] {logging_mixin.py:188} INFO - [2025-07-22T09:04:25.421+0000] {dagbag.py:545} INFO - Filling up the DagBag from /home/airflow/.local/lib/python3.12/site-packages/airflow/example_dags/example_sla_dag.py
[2025-07-22T09:04:25.431+0000] {processor.py:840} INFO - DAG(s) 'example_sla_dag' retrieved from /home/airflow/.local/lib/python3.12/site-packages/airflow/example_dags/example_sla_dag.py
[2025-07-22T09:04:25.456+0000] {logging_mixin.py:188} INFO - [2025-07-22T09:04:25.456+0000] {dag.py:3096} INFO - Sync 1 DAGs
[2025-07-22T09:04:25.486+0000] {logging_mixin.py:188} INFO - [2025-07-22T09:04:25.485+0000] {dag.py:3954} INFO - Setting next_dagrun for example_sla_dag to 2025-07-22 09:02:00+00:00, run_after=2025-07-22 09:04:00+00:00
[2025-07-22T09:04:25.511+0000] {processor.py:183} INFO - Processing /home/airflow/.local/lib/python3.12/site-packages/airflow/example_dags/example_sla_dag.py took 0.100 seconds
[2025-07-22T09:04:55.838+0000] {processor.py:161} INFO - Started process (PID=1589) to work on /home/airflow/.local/lib/python3.12/site-packages/airflow/example_dags/example_sla_dag.py
[2025-07-22T09:04:55.840+0000] {processor.py:830} INFO - Processing file /home/airflow/.local/lib/python3.12/site-packages/airflow/example_dags/example_sla_dag.py for tasks to queue
[2025-07-22T09:04:55.843+0000] {logging_mixin.py:188} INFO - [2025-07-22T09:04:55.842+0000] {dagbag.py:545} INFO - Filling up the DagBag from /home/airflow/.local/lib/python3.12/site-packages/airflow/example_dags/example_sla_dag.py
[2025-07-22T09:04:55.855+0000] {processor.py:840} INFO - DAG(s) 'example_sla_dag' retrieved from /home/airflow/.local/lib/python3.12/site-packages/airflow/example_dags/example_sla_dag.py
[2025-07-22T09:04:55.881+0000] {logging_mixin.py:188} INFO - [2025-07-22T09:04:55.881+0000] {dag.py:3096} INFO - Sync 1 DAGs
[2025-07-22T09:04:55.913+0000] {logging_mixin.py:188} INFO - [2025-07-22T09:04:55.912+0000] {dag.py:3954} INFO - Setting next_dagrun for example_sla_dag to 2025-07-22 09:02:00+00:00, run_after=2025-07-22 09:04:00+00:00
[2025-07-22T09:04:55.940+0000] {processor.py:183} INFO - Processing /home/airflow/.local/lib/python3.12/site-packages/airflow/example_dags/example_sla_dag.py took 0.113 seconds
[2025-07-22T09:05:26.835+0000] {processor.py:161} INFO - Started process (PID=1649) to work on /home/airflow/.local/lib/python3.12/site-packages/airflow/example_dags/example_sla_dag.py
[2025-07-22T09:05:26.837+0000] {processor.py:830} INFO - Processing file /home/airflow/.local/lib/python3.12/site-packages/airflow/example_dags/example_sla_dag.py for tasks to queue
[2025-07-22T09:05:26.839+0000] {logging_mixin.py:188} INFO - [2025-07-22T09:05:26.838+0000] {dagbag.py:545} INFO - Filling up the DagBag from /home/airflow/.local/lib/python3.12/site-packages/airflow/example_dags/example_sla_dag.py
[2025-07-22T09:05:26.855+0000] {processor.py:840} INFO - DAG(s) 'example_sla_dag' retrieved from /home/airflow/.local/lib/python3.12/site-packages/airflow/example_dags/example_sla_dag.py
[2025-07-22T09:05:26.880+0000] {logging_mixin.py:188} INFO - [2025-07-22T09:05:26.880+0000] {dag.py:3096} INFO - Sync 1 DAGs
[2025-07-22T09:05:26.911+0000] {logging_mixin.py:188} INFO - [2025-07-22T09:05:26.911+0000] {dag.py:3954} INFO - Setting next_dagrun for example_sla_dag to 2025-07-22 09:02:00+00:00, run_after=2025-07-22 09:04:00+00:00
[2025-07-22T09:05:26.947+0000] {processor.py:183} INFO - Processing /home/airflow/.local/lib/python3.12/site-packages/airflow/example_dags/example_sla_dag.py took 0.118 seconds
[2025-07-22T09:05:57.168+0000] {processor.py:161} INFO - Started process (PID=1709) to work on /home/airflow/.local/lib/python3.12/site-packages/airflow/example_dags/example_sla_dag.py
[2025-07-22T09:05:57.169+0000] {processor.py:830} INFO - Processing file /home/airflow/.local/lib/python3.12/site-packages/airflow/example_dags/example_sla_dag.py for tasks to queue
[2025-07-22T09:05:57.171+0000] {logging_mixin.py:188} INFO - [2025-07-22T09:05:57.171+0000] {dagbag.py:545} INFO - Filling up the DagBag from /home/airflow/.local/lib/python3.12/site-packages/airflow/example_dags/example_sla_dag.py
[2025-07-22T09:05:57.180+0000] {processor.py:840} INFO - DAG(s) 'example_sla_dag' retrieved from /home/airflow/.local/lib/python3.12/site-packages/airflow/example_dags/example_sla_dag.py
[2025-07-22T09:05:57.202+0000] {logging_mixin.py:188} INFO - [2025-07-22T09:05:57.202+0000] {dag.py:3096} INFO - Sync 1 DAGs
[2025-07-22T09:05:57.228+0000] {logging_mixin.py:188} INFO - [2025-07-22T09:05:57.228+0000] {dag.py:3954} INFO - Setting next_dagrun for example_sla_dag to 2025-07-22 09:02:00+00:00, run_after=2025-07-22 09:04:00+00:00
[2025-07-22T09:05:57.260+0000] {processor.py:183} INFO - Processing /home/airflow/.local/lib/python3.12/site-packages/airflow/example_dags/example_sla_dag.py took 0.099 seconds
[2025-07-22T09:06:27.686+0000] {processor.py:161} INFO - Started process (PID=1769) to work on /home/airflow/.local/lib/python3.12/site-packages/airflow/example_dags/example_sla_dag.py
[2025-07-22T09:06:27.688+0000] {processor.py:830} INFO - Processing file /home/airflow/.local/lib/python3.12/site-packages/airflow/example_dags/example_sla_dag.py for tasks to queue
[2025-07-22T09:06:27.690+0000] {logging_mixin.py:188} INFO - [2025-07-22T09:06:27.690+0000] {dagbag.py:545} INFO - Filling up the DagBag from /home/airflow/.local/lib/python3.12/site-packages/airflow/example_dags/example_sla_dag.py
[2025-07-22T09:06:27.701+0000] {processor.py:840} INFO - DAG(s) 'example_sla_dag' retrieved from /home/airflow/.local/lib/python3.12/site-packages/airflow/example_dags/example_sla_dag.py
[2025-07-22T09:06:27.726+0000] {logging_mixin.py:188} INFO - [2025-07-22T09:06:27.726+0000] {dag.py:3096} INFO - Sync 1 DAGs
[2025-07-22T09:06:27.758+0000] {logging_mixin.py:188} INFO - [2025-07-22T09:06:27.758+0000] {dag.py:3954} INFO - Setting next_dagrun for example_sla_dag to 2025-07-22 09:04:00+00:00, run_after=2025-07-22 09:06:00+00:00
[2025-07-22T09:06:27.782+0000] {processor.py:183} INFO - Processing /home/airflow/.local/lib/python3.12/site-packages/airflow/example_dags/example_sla_dag.py took 0.103 seconds
[2025-07-22T09:06:58.520+0000] {processor.py:161} INFO - Started process (PID=1829) to work on /home/airflow/.local/lib/python3.12/site-packages/airflow/example_dags/example_sla_dag.py
[2025-07-22T09:06:58.524+0000] {processor.py:830} INFO - Processing file /home/airflow/.local/lib/python3.12/site-packages/airflow/example_dags/example_sla_dag.py for tasks to queue
[2025-07-22T09:06:58.531+0000] {logging_mixin.py:188} INFO - [2025-07-22T09:06:58.530+0000] {dagbag.py:545} INFO - Filling up the DagBag from /home/airflow/.local/lib/python3.12/site-packages/airflow/example_dags/example_sla_dag.py
[2025-07-22T09:06:58.576+0000] {processor.py:840} INFO - DAG(s) 'example_sla_dag' retrieved from /home/airflow/.local/lib/python3.12/site-packages/airflow/example_dags/example_sla_dag.py
[2025-07-22T09:06:58.643+0000] {logging_mixin.py:188} INFO - [2025-07-22T09:06:58.642+0000] {dag.py:3096} INFO - Sync 1 DAGs
[2025-07-22T09:06:58.714+0000] {logging_mixin.py:188} INFO - [2025-07-22T09:06:58.714+0000] {dag.py:3954} INFO - Setting next_dagrun for example_sla_dag to 2025-07-22 09:04:00+00:00, run_after=2025-07-22 09:06:00+00:00
[2025-07-22T09:06:58.762+0000] {processor.py:183} INFO - Processing /home/airflow/.local/lib/python3.12/site-packages/airflow/example_dags/example_sla_dag.py took 0.259 seconds
[2025-07-22T09:07:28.858+0000] {processor.py:161} INFO - Started process (PID=1889) to work on /home/airflow/.local/lib/python3.12/site-packages/airflow/example_dags/example_sla_dag.py
[2025-07-22T09:07:28.860+0000] {processor.py:830} INFO - Processing file /home/airflow/.local/lib/python3.12/site-packages/airflow/example_dags/example_sla_dag.py for tasks to queue
[2025-07-22T09:07:28.865+0000] {logging_mixin.py:188} INFO - [2025-07-22T09:07:28.864+0000] {dagbag.py:545} INFO - Filling up the DagBag from /home/airflow/.local/lib/python3.12/site-packages/airflow/example_dags/example_sla_dag.py
[2025-07-22T09:07:28.879+0000] {processor.py:840} INFO - DAG(s) 'example_sla_dag' retrieved from /home/airflow/.local/lib/python3.12/site-packages/airflow/example_dags/example_sla_dag.py
[2025-07-22T09:07:28.913+0000] {logging_mixin.py:188} INFO - [2025-07-22T09:07:28.912+0000] {dag.py:3096} INFO - Sync 1 DAGs
[2025-07-22T09:07:28.949+0000] {logging_mixin.py:188} INFO - [2025-07-22T09:07:28.949+0000] {dag.py:3954} INFO - Setting next_dagrun for example_sla_dag to 2025-07-22 09:04:00+00:00, run_after=2025-07-22 09:06:00+00:00
[2025-07-22T09:07:28.970+0000] {processor.py:183} INFO - Processing /home/airflow/.local/lib/python3.12/site-packages/airflow/example_dags/example_sla_dag.py took 0.128 seconds
[2025-07-22T09:07:59.089+0000] {processor.py:161} INFO - Started process (PID=1949) to work on /home/airflow/.local/lib/python3.12/site-packages/airflow/example_dags/example_sla_dag.py
[2025-07-22T09:07:59.090+0000] {processor.py:830} INFO - Processing file /home/airflow/.local/lib/python3.12/site-packages/airflow/example_dags/example_sla_dag.py for tasks to queue
[2025-07-22T09:07:59.092+0000] {logging_mixin.py:188} INFO - [2025-07-22T09:07:59.092+0000] {dagbag.py:545} INFO - Filling up the DagBag from /home/airflow/.local/lib/python3.12/site-packages/airflow/example_dags/example_sla_dag.py
[2025-07-22T09:07:59.101+0000] {processor.py:840} INFO - DAG(s) 'example_sla_dag' retrieved from /home/airflow/.local/lib/python3.12/site-packages/airflow/example_dags/example_sla_dag.py
[2025-07-22T09:07:59.123+0000] {logging_mixin.py:188} INFO - [2025-07-22T09:07:59.122+0000] {dag.py:3096} INFO - Sync 1 DAGs
[2025-07-22T09:07:59.148+0000] {logging_mixin.py:188} INFO - [2025-07-22T09:07:59.148+0000] {dag.py:3954} INFO - Setting next_dagrun for example_sla_dag to 2025-07-22 09:04:00+00:00, run_after=2025-07-22 09:06:00+00:00
[2025-07-22T09:07:59.168+0000] {processor.py:183} INFO - Processing /home/airflow/.local/lib/python3.12/site-packages/airflow/example_dags/example_sla_dag.py took 0.086 seconds
[2025-07-22T09:08:29.939+0000] {processor.py:161} INFO - Started process (PID=2009) to work on /home/airflow/.local/lib/python3.12/site-packages/airflow/example_dags/example_sla_dag.py
[2025-07-22T09:08:29.940+0000] {processor.py:830} INFO - Processing file /home/airflow/.local/lib/python3.12/site-packages/airflow/example_dags/example_sla_dag.py for tasks to queue
[2025-07-22T09:08:29.943+0000] {logging_mixin.py:188} INFO - [2025-07-22T09:08:29.943+0000] {dagbag.py:545} INFO - Filling up the DagBag from /home/airflow/.local/lib/python3.12/site-packages/airflow/example_dags/example_sla_dag.py
[2025-07-22T09:08:29.955+0000] {processor.py:840} INFO - DAG(s) 'example_sla_dag' retrieved from /home/airflow/.local/lib/python3.12/site-packages/airflow/example_dags/example_sla_dag.py
[2025-07-22T09:08:29.981+0000] {logging_mixin.py:188} INFO - [2025-07-22T09:08:29.980+0000] {dag.py:3096} INFO - Sync 1 DAGs
[2025-07-22T09:08:30.012+0000] {logging_mixin.py:188} INFO - [2025-07-22T09:08:30.011+0000] {dag.py:3954} INFO - Setting next_dagrun for example_sla_dag to 2025-07-22 09:06:00+00:00, run_after=2025-07-22 09:08:00+00:00
[2025-07-22T09:08:30.039+0000] {processor.py:183} INFO - Processing /home/airflow/.local/lib/python3.12/site-packages/airflow/example_dags/example_sla_dag.py took 0.109 seconds
[2025-07-22T09:09:00.141+0000] {processor.py:161} INFO - Started process (PID=2069) to work on /home/airflow/.local/lib/python3.12/site-packages/airflow/example_dags/example_sla_dag.py
[2025-07-22T09:09:00.142+0000] {processor.py:830} INFO - Processing file /home/airflow/.local/lib/python3.12/site-packages/airflow/example_dags/example_sla_dag.py for tasks to queue
[2025-07-22T09:09:00.145+0000] {logging_mixin.py:188} INFO - [2025-07-22T09:09:00.145+0000] {dagbag.py:545} INFO - Filling up the DagBag from /home/airflow/.local/lib/python3.12/site-packages/airflow/example_dags/example_sla_dag.py
[2025-07-22T09:09:00.156+0000] {processor.py:840} INFO - DAG(s) 'example_sla_dag' retrieved from /home/airflow/.local/lib/python3.12/site-packages/airflow/example_dags/example_sla_dag.py
[2025-07-22T09:09:00.183+0000] {logging_mixin.py:188} INFO - [2025-07-22T09:09:00.183+0000] {dag.py:3096} INFO - Sync 1 DAGs
[2025-07-22T09:09:00.222+0000] {logging_mixin.py:188} INFO - [2025-07-22T09:09:00.222+0000] {dag.py:3954} INFO - Setting next_dagrun for example_sla_dag to 2025-07-22 09:06:00+00:00, run_after=2025-07-22 09:08:00+00:00
[2025-07-22T09:09:00.245+0000] {processor.py:183} INFO - Processing /home/airflow/.local/lib/python3.12/site-packages/airflow/example_dags/example_sla_dag.py took 0.112 seconds
[2025-07-22T09:09:30.433+0000] {processor.py:161} INFO - Started process (PID=2129) to work on /home/airflow/.local/lib/python3.12/site-packages/airflow/example_dags/example_sla_dag.py
[2025-07-22T09:09:30.434+0000] {processor.py:830} INFO - Processing file /home/airflow/.local/lib/python3.12/site-packages/airflow/example_dags/example_sla_dag.py for tasks to queue
[2025-07-22T09:09:30.436+0000] {logging_mixin.py:188} INFO - [2025-07-22T09:09:30.436+0000] {dagbag.py:545} INFO - Filling up the DagBag from /home/airflow/.local/lib/python3.12/site-packages/airflow/example_dags/example_sla_dag.py
[2025-07-22T09:09:30.447+0000] {processor.py:840} INFO - DAG(s) 'example_sla_dag' retrieved from /home/airflow/.local/lib/python3.12/site-packages/airflow/example_dags/example_sla_dag.py
[2025-07-22T09:09:30.473+0000] {logging_mixin.py:188} INFO - [2025-07-22T09:09:30.473+0000] {dag.py:3096} INFO - Sync 1 DAGs
[2025-07-22T09:09:30.501+0000] {logging_mixin.py:188} INFO - [2025-07-22T09:09:30.500+0000] {dag.py:3954} INFO - Setting next_dagrun for example_sla_dag to 2025-07-22 09:06:00+00:00, run_after=2025-07-22 09:08:00+00:00
[2025-07-22T09:09:30.524+0000] {processor.py:183} INFO - Processing /home/airflow/.local/lib/python3.12/site-packages/airflow/example_dags/example_sla_dag.py took 0.098 seconds
[2025-07-22T09:10:00.700+0000] {processor.py:161} INFO - Started process (PID=2189) to work on /home/airflow/.local/lib/python3.12/site-packages/airflow/example_dags/example_sla_dag.py
[2025-07-22T09:10:00.701+0000] {processor.py:830} INFO - Processing file /home/airflow/.local/lib/python3.12/site-packages/airflow/example_dags/example_sla_dag.py for tasks to queue
[2025-07-22T09:10:00.704+0000] {logging_mixin.py:188} INFO - [2025-07-22T09:10:00.703+0000] {dagbag.py:545} INFO - Filling up the DagBag from /home/airflow/.local/lib/python3.12/site-packages/airflow/example_dags/example_sla_dag.py
[2025-07-22T09:10:00.714+0000] {processor.py:840} INFO - DAG(s) 'example_sla_dag' retrieved from /home/airflow/.local/lib/python3.12/site-packages/airflow/example_dags/example_sla_dag.py
[2025-07-22T09:10:00.736+0000] {logging_mixin.py:188} INFO - [2025-07-22T09:10:00.736+0000] {dag.py:3096} INFO - Sync 1 DAGs
[2025-07-22T09:10:00.975+0000] {logging_mixin.py:188} INFO - [2025-07-22T09:10:00.974+0000] {dag.py:3954} INFO - Setting next_dagrun for example_sla_dag to 2025-07-22 09:08:00+00:00, run_after=2025-07-22 09:10:00+00:00
[2025-07-22T09:10:01.015+0000] {processor.py:183} INFO - Processing /home/airflow/.local/lib/python3.12/site-packages/airflow/example_dags/example_sla_dag.py took 0.322 seconds
[2025-07-22T09:10:31.843+0000] {processor.py:161} INFO - Started process (PID=2249) to work on /home/airflow/.local/lib/python3.12/site-packages/airflow/example_dags/example_sla_dag.py
[2025-07-22T09:10:31.845+0000] {processor.py:830} INFO - Processing file /home/airflow/.local/lib/python3.12/site-packages/airflow/example_dags/example_sla_dag.py for tasks to queue
[2025-07-22T09:10:31.847+0000] {logging_mixin.py:188} INFO - [2025-07-22T09:10:31.847+0000] {dagbag.py:545} INFO - Filling up the DagBag from /home/airflow/.local/lib/python3.12/site-packages/airflow/example_dags/example_sla_dag.py
[2025-07-22T09:10:31.856+0000] {processor.py:840} INFO - DAG(s) 'example_sla_dag' retrieved from /home/airflow/.local/lib/python3.12/site-packages/airflow/example_dags/example_sla_dag.py
[2025-07-22T09:10:31.877+0000] {logging_mixin.py:188} INFO - [2025-07-22T09:10:31.877+0000] {dag.py:3096} INFO - Sync 1 DAGs
[2025-07-22T09:10:31.903+0000] {logging_mixin.py:188} INFO - [2025-07-22T09:10:31.902+0000] {dag.py:3954} INFO - Setting next_dagrun for example_sla_dag to 2025-07-22 09:08:00+00:00, run_after=2025-07-22 09:10:00+00:00
[2025-07-22T09:10:31.924+0000] {processor.py:183} INFO - Processing /home/airflow/.local/lib/python3.12/site-packages/airflow/example_dags/example_sla_dag.py took 0.087 seconds
[2025-07-22T09:11:02.242+0000] {processor.py:161} INFO - Started process (PID=2309) to work on /home/airflow/.local/lib/python3.12/site-packages/airflow/example_dags/example_sla_dag.py
[2025-07-22T09:11:02.243+0000] {processor.py:830} INFO - Processing file /home/airflow/.local/lib/python3.12/site-packages/airflow/example_dags/example_sla_dag.py for tasks to queue
[2025-07-22T09:11:02.245+0000] {logging_mixin.py:188} INFO - [2025-07-22T09:11:02.245+0000] {dagbag.py:545} INFO - Filling up the DagBag from /home/airflow/.local/lib/python3.12/site-packages/airflow/example_dags/example_sla_dag.py
[2025-07-22T09:11:02.254+0000] {processor.py:840} INFO - DAG(s) 'example_sla_dag' retrieved from /home/airflow/.local/lib/python3.12/site-packages/airflow/example_dags/example_sla_dag.py
[2025-07-22T09:11:02.277+0000] {logging_mixin.py:188} INFO - [2025-07-22T09:11:02.277+0000] {dag.py:3096} INFO - Sync 1 DAGs
[2025-07-22T09:11:02.317+0000] {logging_mixin.py:188} INFO - [2025-07-22T09:11:02.317+0000] {dag.py:3954} INFO - Setting next_dagrun for example_sla_dag to 2025-07-22 09:08:00+00:00, run_after=2025-07-22 09:10:00+00:00
[2025-07-22T09:11:02.363+0000] {processor.py:183} INFO - Processing /home/airflow/.local/lib/python3.12/site-packages/airflow/example_dags/example_sla_dag.py took 0.127 seconds
[2025-07-22T09:11:33.020+0000] {processor.py:161} INFO - Started process (PID=2369) to work on /home/airflow/.local/lib/python3.12/site-packages/airflow/example_dags/example_sla_dag.py
[2025-07-22T09:11:33.022+0000] {processor.py:830} INFO - Processing file /home/airflow/.local/lib/python3.12/site-packages/airflow/example_dags/example_sla_dag.py for tasks to queue
[2025-07-22T09:11:33.024+0000] {logging_mixin.py:188} INFO - [2025-07-22T09:11:33.024+0000] {dagbag.py:545} INFO - Filling up the DagBag from /home/airflow/.local/lib/python3.12/site-packages/airflow/example_dags/example_sla_dag.py
[2025-07-22T09:11:33.033+0000] {processor.py:840} INFO - DAG(s) 'example_sla_dag' retrieved from /home/airflow/.local/lib/python3.12/site-packages/airflow/example_dags/example_sla_dag.py
[2025-07-22T09:11:33.055+0000] {logging_mixin.py:188} INFO - [2025-07-22T09:11:33.054+0000] {dag.py:3096} INFO - Sync 1 DAGs
[2025-07-22T09:11:33.080+0000] {logging_mixin.py:188} INFO - [2025-07-22T09:11:33.080+0000] {dag.py:3954} INFO - Setting next_dagrun for example_sla_dag to 2025-07-22 09:08:00+00:00, run_after=2025-07-22 09:10:00+00:00
[2025-07-22T09:11:33.101+0000] {processor.py:183} INFO - Processing /home/airflow/.local/lib/python3.12/site-packages/airflow/example_dags/example_sla_dag.py took 0.087 seconds
[2025-07-22T09:12:03.328+0000] {processor.py:161} INFO - Started process (PID=2429) to work on /home/airflow/.local/lib/python3.12/site-packages/airflow/example_dags/example_sla_dag.py
[2025-07-22T09:12:03.329+0000] {processor.py:830} INFO - Processing file /home/airflow/.local/lib/python3.12/site-packages/airflow/example_dags/example_sla_dag.py for tasks to queue
[2025-07-22T09:12:03.333+0000] {logging_mixin.py:188} INFO - [2025-07-22T09:12:03.332+0000] {dagbag.py:545} INFO - Filling up the DagBag from /home/airflow/.local/lib/python3.12/site-packages/airflow/example_dags/example_sla_dag.py
[2025-07-22T09:12:03.357+0000] {processor.py:840} INFO - DAG(s) 'example_sla_dag' retrieved from /home/airflow/.local/lib/python3.12/site-packages/airflow/example_dags/example_sla_dag.py
[2025-07-22T09:12:03.421+0000] {logging_mixin.py:188} INFO - [2025-07-22T09:12:03.421+0000] {dag.py:3096} INFO - Sync 1 DAGs
[2025-07-22T09:12:03.462+0000] {logging_mixin.py:188} INFO - [2025-07-22T09:12:03.462+0000] {dag.py:3954} INFO - Setting next_dagrun for example_sla_dag to 2025-07-22 09:10:00+00:00, run_after=2025-07-22 09:12:00+00:00
[2025-07-22T09:12:03.488+0000] {processor.py:183} INFO - Processing /home/airflow/.local/lib/python3.12/site-packages/airflow/example_dags/example_sla_dag.py took 0.173 seconds
[2025-07-22T09:12:34.062+0000] {processor.py:161} INFO - Started process (PID=2489) to work on /home/airflow/.local/lib/python3.12/site-packages/airflow/example_dags/example_sla_dag.py
[2025-07-22T09:12:34.064+0000] {processor.py:830} INFO - Processing file /home/airflow/.local/lib/python3.12/site-packages/airflow/example_dags/example_sla_dag.py for tasks to queue
[2025-07-22T09:12:34.069+0000] {logging_mixin.py:188} INFO - [2025-07-22T09:12:34.068+0000] {dagbag.py:545} INFO - Filling up the DagBag from /home/airflow/.local/lib/python3.12/site-packages/airflow/example_dags/example_sla_dag.py
[2025-07-22T09:12:34.083+0000] {processor.py:840} INFO - DAG(s) 'example_sla_dag' retrieved from /home/airflow/.local/lib/python3.12/site-packages/airflow/example_dags/example_sla_dag.py
[2025-07-22T09:12:34.129+0000] {logging_mixin.py:188} INFO - [2025-07-22T09:12:34.129+0000] {dag.py:3096} INFO - Sync 1 DAGs
[2025-07-22T09:12:34.181+0000] {logging_mixin.py:188} INFO - [2025-07-22T09:12:34.180+0000] {dag.py:3954} INFO - Setting next_dagrun for example_sla_dag to 2025-07-22 09:10:00+00:00, run_after=2025-07-22 09:12:00+00:00
[2025-07-22T09:12:34.217+0000] {processor.py:183} INFO - Processing /home/airflow/.local/lib/python3.12/site-packages/airflow/example_dags/example_sla_dag.py took 0.175 seconds
[2025-07-22T09:13:05.015+0000] {processor.py:161} INFO - Started process (PID=2555) to work on /home/airflow/.local/lib/python3.12/site-packages/airflow/example_dags/example_sla_dag.py
[2025-07-22T09:13:05.017+0000] {processor.py:830} INFO - Processing file /home/airflow/.local/lib/python3.12/site-packages/airflow/example_dags/example_sla_dag.py for tasks to queue
[2025-07-22T09:13:05.019+0000] {logging_mixin.py:188} INFO - [2025-07-22T09:13:05.019+0000] {dagbag.py:545} INFO - Filling up the DagBag from /home/airflow/.local/lib/python3.12/site-packages/airflow/example_dags/example_sla_dag.py
[2025-07-22T09:13:05.032+0000] {processor.py:840} INFO - DAG(s) 'example_sla_dag' retrieved from /home/airflow/.local/lib/python3.12/site-packages/airflow/example_dags/example_sla_dag.py
[2025-07-22T09:13:05.063+0000] {logging_mixin.py:188} INFO - [2025-07-22T09:13:05.062+0000] {dag.py:3096} INFO - Sync 1 DAGs
[2025-07-22T09:13:05.105+0000] {logging_mixin.py:188} INFO - [2025-07-22T09:13:05.105+0000] {dag.py:3954} INFO - Setting next_dagrun for example_sla_dag to 2025-07-22 09:10:00+00:00, run_after=2025-07-22 09:12:00+00:00
[2025-07-22T09:13:05.140+0000] {processor.py:183} INFO - Processing /home/airflow/.local/lib/python3.12/site-packages/airflow/example_dags/example_sla_dag.py took 0.133 seconds
[2025-07-22T09:13:35.326+0000] {processor.py:161} INFO - Started process (PID=2615) to work on /home/airflow/.local/lib/python3.12/site-packages/airflow/example_dags/example_sla_dag.py
[2025-07-22T09:13:35.328+0000] {processor.py:830} INFO - Processing file /home/airflow/.local/lib/python3.12/site-packages/airflow/example_dags/example_sla_dag.py for tasks to queue
[2025-07-22T09:13:35.330+0000] {logging_mixin.py:188} INFO - [2025-07-22T09:13:35.330+0000] {dagbag.py:545} INFO - Filling up the DagBag from /home/airflow/.local/lib/python3.12/site-packages/airflow/example_dags/example_sla_dag.py
[2025-07-22T09:13:35.343+0000] {processor.py:840} INFO - DAG(s) 'example_sla_dag' retrieved from /home/airflow/.local/lib/python3.12/site-packages/airflow/example_dags/example_sla_dag.py
[2025-07-22T09:13:35.368+0000] {logging_mixin.py:188} INFO - [2025-07-22T09:13:35.368+0000] {dag.py:3096} INFO - Sync 1 DAGs
[2025-07-22T09:13:35.408+0000] {logging_mixin.py:188} INFO - [2025-07-22T09:13:35.407+0000] {dag.py:3954} INFO - Setting next_dagrun for example_sla_dag to 2025-07-22 09:10:00+00:00, run_after=2025-07-22 09:12:00+00:00
[2025-07-22T09:13:35.433+0000] {processor.py:183} INFO - Processing /home/airflow/.local/lib/python3.12/site-packages/airflow/example_dags/example_sla_dag.py took 0.116 seconds
[2025-07-22T09:14:05.537+0000] {processor.py:161} INFO - Started process (PID=2676) to work on /home/airflow/.local/lib/python3.12/site-packages/airflow/example_dags/example_sla_dag.py
[2025-07-22T09:14:05.538+0000] {processor.py:830} INFO - Processing file /home/airflow/.local/lib/python3.12/site-packages/airflow/example_dags/example_sla_dag.py for tasks to queue
[2025-07-22T09:14:05.541+0000] {logging_mixin.py:188} INFO - [2025-07-22T09:14:05.540+0000] {dagbag.py:545} INFO - Filling up the DagBag from /home/airflow/.local/lib/python3.12/site-packages/airflow/example_dags/example_sla_dag.py
[2025-07-22T09:14:05.551+0000] {processor.py:840} INFO - DAG(s) 'example_sla_dag' retrieved from /home/airflow/.local/lib/python3.12/site-packages/airflow/example_dags/example_sla_dag.py
[2025-07-22T09:14:05.573+0000] {logging_mixin.py:188} INFO - [2025-07-22T09:14:05.573+0000] {dag.py:3096} INFO - Sync 1 DAGs
[2025-07-22T09:14:05.607+0000] {logging_mixin.py:188} INFO - [2025-07-22T09:14:05.607+0000] {dag.py:3954} INFO - Setting next_dagrun for example_sla_dag to 2025-07-22 09:12:00+00:00, run_after=2025-07-22 09:14:00+00:00
[2025-07-22T09:14:05.633+0000] {processor.py:183} INFO - Processing /home/airflow/.local/lib/python3.12/site-packages/airflow/example_dags/example_sla_dag.py took 0.103 seconds
[2025-07-22T09:14:36.368+0000] {processor.py:161} INFO - Started process (PID=2736) to work on /home/airflow/.local/lib/python3.12/site-packages/airflow/example_dags/example_sla_dag.py
[2025-07-22T09:14:36.369+0000] {processor.py:830} INFO - Processing file /home/airflow/.local/lib/python3.12/site-packages/airflow/example_dags/example_sla_dag.py for tasks to queue
[2025-07-22T09:14:36.372+0000] {logging_mixin.py:188} INFO - [2025-07-22T09:14:36.371+0000] {dagbag.py:545} INFO - Filling up the DagBag from /home/airflow/.local/lib/python3.12/site-packages/airflow/example_dags/example_sla_dag.py
[2025-07-22T09:14:36.381+0000] {processor.py:840} INFO - DAG(s) 'example_sla_dag' retrieved from /home/airflow/.local/lib/python3.12/site-packages/airflow/example_dags/example_sla_dag.py
[2025-07-22T09:14:36.403+0000] {logging_mixin.py:188} INFO - [2025-07-22T09:14:36.402+0000] {dag.py:3096} INFO - Sync 1 DAGs
[2025-07-22T09:14:36.430+0000] {logging_mixin.py:188} INFO - [2025-07-22T09:14:36.430+0000] {dag.py:3954} INFO - Setting next_dagrun for example_sla_dag to 2025-07-22 09:12:00+00:00, run_after=2025-07-22 09:14:00+00:00
[2025-07-22T09:14:36.454+0000] {processor.py:183} INFO - Processing /home/airflow/.local/lib/python3.12/site-packages/airflow/example_dags/example_sla_dag.py took 0.093 seconds
[2025-07-22T09:15:06.844+0000] {processor.py:161} INFO - Started process (PID=2796) to work on /home/airflow/.local/lib/python3.12/site-packages/airflow/example_dags/example_sla_dag.py
[2025-07-22T09:15:06.846+0000] {processor.py:830} INFO - Processing file /home/airflow/.local/lib/python3.12/site-packages/airflow/example_dags/example_sla_dag.py for tasks to queue
[2025-07-22T09:15:06.849+0000] {logging_mixin.py:188} INFO - [2025-07-22T09:15:06.849+0000] {dagbag.py:545} INFO - Filling up the DagBag from /home/airflow/.local/lib/python3.12/site-packages/airflow/example_dags/example_sla_dag.py
[2025-07-22T09:15:06.861+0000] {processor.py:840} INFO - DAG(s) 'example_sla_dag' retrieved from /home/airflow/.local/lib/python3.12/site-packages/airflow/example_dags/example_sla_dag.py
[2025-07-22T09:15:06.883+0000] {logging_mixin.py:188} INFO - [2025-07-22T09:15:06.883+0000] {dag.py:3096} INFO - Sync 1 DAGs
[2025-07-22T09:15:06.928+0000] {logging_mixin.py:188} INFO - [2025-07-22T09:15:06.928+0000] {dag.py:3954} INFO - Setting next_dagrun for example_sla_dag to 2025-07-22 09:12:00+00:00, run_after=2025-07-22 09:14:00+00:00
[2025-07-22T09:15:06.951+0000] {processor.py:183} INFO - Processing /home/airflow/.local/lib/python3.12/site-packages/airflow/example_dags/example_sla_dag.py took 0.118 seconds
[2025-07-22T09:15:37.159+0000] {processor.py:161} INFO - Started process (PID=2856) to work on /home/airflow/.local/lib/python3.12/site-packages/airflow/example_dags/example_sla_dag.py
[2025-07-22T09:15:37.160+0000] {processor.py:830} INFO - Processing file /home/airflow/.local/lib/python3.12/site-packages/airflow/example_dags/example_sla_dag.py for tasks to queue
[2025-07-22T09:15:37.162+0000] {logging_mixin.py:188} INFO - [2025-07-22T09:15:37.162+0000] {dagbag.py:545} INFO - Filling up the DagBag from /home/airflow/.local/lib/python3.12/site-packages/airflow/example_dags/example_sla_dag.py
[2025-07-22T09:15:37.172+0000] {processor.py:840} INFO - DAG(s) 'example_sla_dag' retrieved from /home/airflow/.local/lib/python3.12/site-packages/airflow/example_dags/example_sla_dag.py
[2025-07-22T09:15:37.195+0000] {logging_mixin.py:188} INFO - [2025-07-22T09:15:37.195+0000] {dag.py:3096} INFO - Sync 1 DAGs
[2025-07-22T09:15:37.226+0000] {logging_mixin.py:188} INFO - [2025-07-22T09:15:37.226+0000] {dag.py:3954} INFO - Setting next_dagrun for example_sla_dag to 2025-07-22 09:12:00+00:00, run_after=2025-07-22 09:14:00+00:00
[2025-07-22T09:15:37.251+0000] {processor.py:183} INFO - Processing /home/airflow/.local/lib/python3.12/site-packages/airflow/example_dags/example_sla_dag.py took 0.100 seconds
[2025-07-22T09:16:07.567+0000] {processor.py:161} INFO - Started process (PID=2916) to work on /home/airflow/.local/lib/python3.12/site-packages/airflow/example_dags/example_sla_dag.py
[2025-07-22T09:16:07.568+0000] {processor.py:830} INFO - Processing file /home/airflow/.local/lib/python3.12/site-packages/airflow/example_dags/example_sla_dag.py for tasks to queue
[2025-07-22T09:16:07.571+0000] {logging_mixin.py:188} INFO - [2025-07-22T09:16:07.570+0000] {dagbag.py:545} INFO - Filling up the DagBag from /home/airflow/.local/lib/python3.12/site-packages/airflow/example_dags/example_sla_dag.py
[2025-07-22T09:16:07.581+0000] {processor.py:840} INFO - DAG(s) 'example_sla_dag' retrieved from /home/airflow/.local/lib/python3.12/site-packages/airflow/example_dags/example_sla_dag.py
[2025-07-22T09:16:07.603+0000] {logging_mixin.py:188} INFO - [2025-07-22T09:16:07.603+0000] {dag.py:3096} INFO - Sync 1 DAGs
[2025-07-22T09:16:07.632+0000] {logging_mixin.py:188} INFO - [2025-07-22T09:16:07.632+0000] {dag.py:3954} INFO - Setting next_dagrun for example_sla_dag to 2025-07-22 09:14:00+00:00, run_after=2025-07-22 09:16:00+00:00
[2025-07-22T09:16:07.654+0000] {processor.py:183} INFO - Processing /home/airflow/.local/lib/python3.12/site-packages/airflow/example_dags/example_sla_dag.py took 0.094 seconds
[2025-07-22T09:16:38.788+0000] {processor.py:161} INFO - Started process (PID=2976) to work on /home/airflow/.local/lib/python3.12/site-packages/airflow/example_dags/example_sla_dag.py
[2025-07-22T09:16:38.790+0000] {processor.py:830} INFO - Processing file /home/airflow/.local/lib/python3.12/site-packages/airflow/example_dags/example_sla_dag.py for tasks to queue
[2025-07-22T09:16:38.792+0000] {logging_mixin.py:188} INFO - [2025-07-22T09:16:38.792+0000] {dagbag.py:545} INFO - Filling up the DagBag from /home/airflow/.local/lib/python3.12/site-packages/airflow/example_dags/example_sla_dag.py
[2025-07-22T09:16:38.804+0000] {processor.py:840} INFO - DAG(s) 'example_sla_dag' retrieved from /home/airflow/.local/lib/python3.12/site-packages/airflow/example_dags/example_sla_dag.py
[2025-07-22T09:16:38.829+0000] {logging_mixin.py:188} INFO - [2025-07-22T09:16:38.828+0000] {dag.py:3096} INFO - Sync 1 DAGs
[2025-07-22T09:16:38.863+0000] {logging_mixin.py:188} INFO - [2025-07-22T09:16:38.862+0000] {dag.py:3954} INFO - Setting next_dagrun for example_sla_dag to 2025-07-22 09:14:00+00:00, run_after=2025-07-22 09:16:00+00:00
[2025-07-22T09:16:38.891+0000] {processor.py:183} INFO - Processing /home/airflow/.local/lib/python3.12/site-packages/airflow/example_dags/example_sla_dag.py took 0.110 seconds
[2025-07-22T09:17:09.423+0000] {processor.py:161} INFO - Started process (PID=3036) to work on /home/airflow/.local/lib/python3.12/site-packages/airflow/example_dags/example_sla_dag.py
[2025-07-22T09:17:09.424+0000] {processor.py:830} INFO - Processing file /home/airflow/.local/lib/python3.12/site-packages/airflow/example_dags/example_sla_dag.py for tasks to queue
[2025-07-22T09:17:09.427+0000] {logging_mixin.py:188} INFO - [2025-07-22T09:17:09.426+0000] {dagbag.py:545} INFO - Filling up the DagBag from /home/airflow/.local/lib/python3.12/site-packages/airflow/example_dags/example_sla_dag.py
[2025-07-22T09:17:09.439+0000] {processor.py:840} INFO - DAG(s) 'example_sla_dag' retrieved from /home/airflow/.local/lib/python3.12/site-packages/airflow/example_dags/example_sla_dag.py
[2025-07-22T09:17:09.465+0000] {logging_mixin.py:188} INFO - [2025-07-22T09:17:09.465+0000] {dag.py:3096} INFO - Sync 1 DAGs
[2025-07-22T09:17:09.498+0000] {logging_mixin.py:188} INFO - [2025-07-22T09:17:09.498+0000] {dag.py:3954} INFO - Setting next_dagrun for example_sla_dag to 2025-07-22 09:14:00+00:00, run_after=2025-07-22 09:16:00+00:00
[2025-07-22T09:17:09.521+0000] {processor.py:183} INFO - Processing /home/airflow/.local/lib/python3.12/site-packages/airflow/example_dags/example_sla_dag.py took 0.109 seconds
[2025-07-22T09:17:39.772+0000] {processor.py:161} INFO - Started process (PID=3096) to work on /home/airflow/.local/lib/python3.12/site-packages/airflow/example_dags/example_sla_dag.py
[2025-07-22T09:17:39.774+0000] {processor.py:830} INFO - Processing file /home/airflow/.local/lib/python3.12/site-packages/airflow/example_dags/example_sla_dag.py for tasks to queue
[2025-07-22T09:17:39.776+0000] {logging_mixin.py:188} INFO - [2025-07-22T09:17:39.776+0000] {dagbag.py:545} INFO - Filling up the DagBag from /home/airflow/.local/lib/python3.12/site-packages/airflow/example_dags/example_sla_dag.py
[2025-07-22T09:17:39.787+0000] {processor.py:840} INFO - DAG(s) 'example_sla_dag' retrieved from /home/airflow/.local/lib/python3.12/site-packages/airflow/example_dags/example_sla_dag.py
[2025-07-22T09:17:39.812+0000] {logging_mixin.py:188} INFO - [2025-07-22T09:17:39.811+0000] {dag.py:3096} INFO - Sync 1 DAGs
[2025-07-22T09:17:39.855+0000] {logging_mixin.py:188} INFO - [2025-07-22T09:17:39.855+0000] {dag.py:3954} INFO - Setting next_dagrun for example_sla_dag to 2025-07-22 09:14:00+00:00, run_after=2025-07-22 09:16:00+00:00
[2025-07-22T09:17:39.885+0000] {processor.py:183} INFO - Processing /home/airflow/.local/lib/python3.12/site-packages/airflow/example_dags/example_sla_dag.py took 0.120 seconds
[2025-07-22T09:18:10.295+0000] {processor.py:161} INFO - Started process (PID=3155) to work on /home/airflow/.local/lib/python3.12/site-packages/airflow/example_dags/example_sla_dag.py
[2025-07-22T09:18:10.296+0000] {processor.py:830} INFO - Processing file /home/airflow/.local/lib/python3.12/site-packages/airflow/example_dags/example_sla_dag.py for tasks to queue
[2025-07-22T09:18:10.299+0000] {logging_mixin.py:188} INFO - [2025-07-22T09:18:10.298+0000] {dagbag.py:545} INFO - Filling up the DagBag from /home/airflow/.local/lib/python3.12/site-packages/airflow/example_dags/example_sla_dag.py
[2025-07-22T09:18:10.312+0000] {processor.py:840} INFO - DAG(s) 'example_sla_dag' retrieved from /home/airflow/.local/lib/python3.12/site-packages/airflow/example_dags/example_sla_dag.py
[2025-07-22T09:18:10.342+0000] {logging_mixin.py:188} INFO - [2025-07-22T09:18:10.342+0000] {dag.py:3096} INFO - Sync 1 DAGs
[2025-07-22T09:18:10.380+0000] {logging_mixin.py:188} INFO - [2025-07-22T09:18:10.380+0000] {dag.py:3954} INFO - Setting next_dagrun for example_sla_dag to 2025-07-22 09:16:00+00:00, run_after=2025-07-22 09:18:00+00:00
[2025-07-22T09:18:10.410+0000] {processor.py:183} INFO - Processing /home/airflow/.local/lib/python3.12/site-packages/airflow/example_dags/example_sla_dag.py took 0.126 seconds
[2025-07-22T09:18:41.064+0000] {processor.py:161} INFO - Started process (PID=3214) to work on /home/airflow/.local/lib/python3.12/site-packages/airflow/example_dags/example_sla_dag.py
[2025-07-22T09:18:41.066+0000] {processor.py:830} INFO - Processing file /home/airflow/.local/lib/python3.12/site-packages/airflow/example_dags/example_sla_dag.py for tasks to queue
[2025-07-22T09:18:41.069+0000] {logging_mixin.py:188} INFO - [2025-07-22T09:18:41.068+0000] {dagbag.py:545} INFO - Filling up the DagBag from /home/airflow/.local/lib/python3.12/site-packages/airflow/example_dags/example_sla_dag.py
[2025-07-22T09:18:41.086+0000] {processor.py:840} INFO - DAG(s) 'example_sla_dag' retrieved from /home/airflow/.local/lib/python3.12/site-packages/airflow/example_dags/example_sla_dag.py
[2025-07-22T09:18:41.114+0000] {logging_mixin.py:188} INFO - [2025-07-22T09:18:41.113+0000] {dag.py:3096} INFO - Sync 1 DAGs
[2025-07-22T09:18:41.147+0000] {logging_mixin.py:188} INFO - [2025-07-22T09:18:41.147+0000] {dag.py:3954} INFO - Setting next_dagrun for example_sla_dag to 2025-07-22 09:16:00+00:00, run_after=2025-07-22 09:18:00+00:00
[2025-07-22T09:18:41.172+0000] {processor.py:183} INFO - Processing /home/airflow/.local/lib/python3.12/site-packages/airflow/example_dags/example_sla_dag.py took 0.118 seconds
[2025-07-22T09:19:11.527+0000] {processor.py:161} INFO - Started process (PID=3274) to work on /home/airflow/.local/lib/python3.12/site-packages/airflow/example_dags/example_sla_dag.py
[2025-07-22T09:19:11.528+0000] {processor.py:830} INFO - Processing file /home/airflow/.local/lib/python3.12/site-packages/airflow/example_dags/example_sla_dag.py for tasks to queue
[2025-07-22T09:19:11.531+0000] {logging_mixin.py:188} INFO - [2025-07-22T09:19:11.530+0000] {dagbag.py:545} INFO - Filling up the DagBag from /home/airflow/.local/lib/python3.12/site-packages/airflow/example_dags/example_sla_dag.py
[2025-07-22T09:19:11.540+0000] {processor.py:840} INFO - DAG(s) 'example_sla_dag' retrieved from /home/airflow/.local/lib/python3.12/site-packages/airflow/example_dags/example_sla_dag.py
[2025-07-22T09:19:11.560+0000] {logging_mixin.py:188} INFO - [2025-07-22T09:19:11.559+0000] {dag.py:3096} INFO - Sync 1 DAGs
[2025-07-22T09:19:11.587+0000] {logging_mixin.py:188} INFO - [2025-07-22T09:19:11.587+0000] {dag.py:3954} INFO - Setting next_dagrun for example_sla_dag to 2025-07-22 09:16:00+00:00, run_after=2025-07-22 09:18:00+00:00
[2025-07-22T09:19:11.608+0000] {processor.py:183} INFO - Processing /home/airflow/.local/lib/python3.12/site-packages/airflow/example_dags/example_sla_dag.py took 0.088 seconds
[2025-07-22T09:19:41.924+0000] {processor.py:161} INFO - Started process (PID=3334) to work on /home/airflow/.local/lib/python3.12/site-packages/airflow/example_dags/example_sla_dag.py
[2025-07-22T09:19:41.926+0000] {processor.py:830} INFO - Processing file /home/airflow/.local/lib/python3.12/site-packages/airflow/example_dags/example_sla_dag.py for tasks to queue
[2025-07-22T09:19:41.930+0000] {logging_mixin.py:188} INFO - [2025-07-22T09:19:41.929+0000] {dagbag.py:545} INFO - Filling up the DagBag from /home/airflow/.local/lib/python3.12/site-packages/airflow/example_dags/example_sla_dag.py
[2025-07-22T09:19:41.946+0000] {processor.py:840} INFO - DAG(s) 'example_sla_dag' retrieved from /home/airflow/.local/lib/python3.12/site-packages/airflow/example_dags/example_sla_dag.py
[2025-07-22T09:19:41.984+0000] {logging_mixin.py:188} INFO - [2025-07-22T09:19:41.984+0000] {dag.py:3096} INFO - Sync 1 DAGs
[2025-07-22T09:19:42.027+0000] {logging_mixin.py:188} INFO - [2025-07-22T09:19:42.027+0000] {dag.py:3954} INFO - Setting next_dagrun for example_sla_dag to 2025-07-22 09:16:00+00:00, run_after=2025-07-22 09:18:00+00:00
[2025-07-22T09:19:42.057+0000] {processor.py:183} INFO - Processing /home/airflow/.local/lib/python3.12/site-packages/airflow/example_dags/example_sla_dag.py took 0.146 seconds
[2025-07-22T09:20:12.172+0000] {processor.py:161} INFO - Started process (PID=3394) to work on /home/airflow/.local/lib/python3.12/site-packages/airflow/example_dags/example_sla_dag.py
[2025-07-22T09:20:12.174+0000] {processor.py:830} INFO - Processing file /home/airflow/.local/lib/python3.12/site-packages/airflow/example_dags/example_sla_dag.py for tasks to queue
[2025-07-22T09:20:12.177+0000] {logging_mixin.py:188} INFO - [2025-07-22T09:20:12.176+0000] {dagbag.py:545} INFO - Filling up the DagBag from /home/airflow/.local/lib/python3.12/site-packages/airflow/example_dags/example_sla_dag.py
[2025-07-22T09:20:12.191+0000] {processor.py:840} INFO - DAG(s) 'example_sla_dag' retrieved from /home/airflow/.local/lib/python3.12/site-packages/airflow/example_dags/example_sla_dag.py
[2025-07-22T09:20:12.219+0000] {logging_mixin.py:188} INFO - [2025-07-22T09:20:12.218+0000] {dag.py:3096} INFO - Sync 1 DAGs
[2025-07-22T09:20:12.257+0000] {logging_mixin.py:188} INFO - [2025-07-22T09:20:12.256+0000] {dag.py:3954} INFO - Setting next_dagrun for example_sla_dag to 2025-07-22 09:18:00+00:00, run_after=2025-07-22 09:20:00+00:00
[2025-07-22T09:20:12.289+0000] {processor.py:183} INFO - Processing /home/airflow/.local/lib/python3.12/site-packages/airflow/example_dags/example_sla_dag.py took 0.128 seconds
[2025-07-22T09:20:42.439+0000] {processor.py:161} INFO - Started process (PID=3454) to work on /home/airflow/.local/lib/python3.12/site-packages/airflow/example_dags/example_sla_dag.py
[2025-07-22T09:20:42.440+0000] {processor.py:830} INFO - Processing file /home/airflow/.local/lib/python3.12/site-packages/airflow/example_dags/example_sla_dag.py for tasks to queue
[2025-07-22T09:20:42.443+0000] {logging_mixin.py:188} INFO - [2025-07-22T09:20:42.442+0000] {dagbag.py:545} INFO - Filling up the DagBag from /home/airflow/.local/lib/python3.12/site-packages/airflow/example_dags/example_sla_dag.py
[2025-07-22T09:20:42.452+0000] {processor.py:840} INFO - DAG(s) 'example_sla_dag' retrieved from /home/airflow/.local/lib/python3.12/site-packages/airflow/example_dags/example_sla_dag.py
[2025-07-22T09:20:42.474+0000] {logging_mixin.py:188} INFO - [2025-07-22T09:20:42.473+0000] {dag.py:3096} INFO - Sync 1 DAGs
[2025-07-22T09:20:42.503+0000] {logging_mixin.py:188} INFO - [2025-07-22T09:20:42.503+0000] {dag.py:3954} INFO - Setting next_dagrun for example_sla_dag to 2025-07-22 09:18:00+00:00, run_after=2025-07-22 09:20:00+00:00
[2025-07-22T09:20:42.527+0000] {processor.py:183} INFO - Processing /home/airflow/.local/lib/python3.12/site-packages/airflow/example_dags/example_sla_dag.py took 0.094 seconds
[2025-07-22T09:21:12.727+0000] {processor.py:161} INFO - Started process (PID=3515) to work on /home/airflow/.local/lib/python3.12/site-packages/airflow/example_dags/example_sla_dag.py
[2025-07-22T09:21:12.728+0000] {processor.py:830} INFO - Processing file /home/airflow/.local/lib/python3.12/site-packages/airflow/example_dags/example_sla_dag.py for tasks to queue
[2025-07-22T09:21:12.731+0000] {logging_mixin.py:188} INFO - [2025-07-22T09:21:12.730+0000] {dagbag.py:545} INFO - Filling up the DagBag from /home/airflow/.local/lib/python3.12/site-packages/airflow/example_dags/example_sla_dag.py
[2025-07-22T09:21:12.741+0000] {processor.py:840} INFO - DAG(s) 'example_sla_dag' retrieved from /home/airflow/.local/lib/python3.12/site-packages/airflow/example_dags/example_sla_dag.py
[2025-07-22T09:21:12.763+0000] {logging_mixin.py:188} INFO - [2025-07-22T09:21:12.763+0000] {dag.py:3096} INFO - Sync 1 DAGs
[2025-07-22T09:21:12.792+0000] {logging_mixin.py:188} INFO - [2025-07-22T09:21:12.792+0000] {dag.py:3954} INFO - Setting next_dagrun for example_sla_dag to 2025-07-22 09:18:00+00:00, run_after=2025-07-22 09:20:00+00:00
[2025-07-22T09:21:12.813+0000] {processor.py:183} INFO - Processing /home/airflow/.local/lib/python3.12/site-packages/airflow/example_dags/example_sla_dag.py took 0.093 seconds
[2025-07-22T09:21:43.025+0000] {processor.py:161} INFO - Started process (PID=3575) to work on /home/airflow/.local/lib/python3.12/site-packages/airflow/example_dags/example_sla_dag.py
[2025-07-22T09:21:43.027+0000] {processor.py:830} INFO - Processing file /home/airflow/.local/lib/python3.12/site-packages/airflow/example_dags/example_sla_dag.py for tasks to queue
[2025-07-22T09:21:43.029+0000] {logging_mixin.py:188} INFO - [2025-07-22T09:21:43.028+0000] {dagbag.py:545} INFO - Filling up the DagBag from /home/airflow/.local/lib/python3.12/site-packages/airflow/example_dags/example_sla_dag.py
[2025-07-22T09:21:43.043+0000] {processor.py:840} INFO - DAG(s) 'example_sla_dag' retrieved from /home/airflow/.local/lib/python3.12/site-packages/airflow/example_dags/example_sla_dag.py
[2025-07-22T09:21:43.067+0000] {logging_mixin.py:188} INFO - [2025-07-22T09:21:43.067+0000] {dag.py:3096} INFO - Sync 1 DAGs
[2025-07-22T09:21:43.096+0000] {logging_mixin.py:188} INFO - [2025-07-22T09:21:43.095+0000] {dag.py:3954} INFO - Setting next_dagrun for example_sla_dag to 2025-07-22 09:18:00+00:00, run_after=2025-07-22 09:20:00+00:00
[2025-07-22T09:21:43.116+0000] {processor.py:183} INFO - Processing /home/airflow/.local/lib/python3.12/site-packages/airflow/example_dags/example_sla_dag.py took 0.098 seconds
[2025-07-22T09:22:13.284+0000] {processor.py:161} INFO - Started process (PID=3635) to work on /home/airflow/.local/lib/python3.12/site-packages/airflow/example_dags/example_sla_dag.py
[2025-07-22T09:22:13.286+0000] {processor.py:830} INFO - Processing file /home/airflow/.local/lib/python3.12/site-packages/airflow/example_dags/example_sla_dag.py for tasks to queue
[2025-07-22T09:22:13.290+0000] {logging_mixin.py:188} INFO - [2025-07-22T09:22:13.290+0000] {dagbag.py:545} INFO - Filling up the DagBag from /home/airflow/.local/lib/python3.12/site-packages/airflow/example_dags/example_sla_dag.py
[2025-07-22T09:22:13.311+0000] {processor.py:840} INFO - DAG(s) 'example_sla_dag' retrieved from /home/airflow/.local/lib/python3.12/site-packages/airflow/example_dags/example_sla_dag.py
[2025-07-22T09:22:13.344+0000] {logging_mixin.py:188} INFO - [2025-07-22T09:22:13.344+0000] {dag.py:3096} INFO - Sync 1 DAGs
[2025-07-22T09:22:13.388+0000] {logging_mixin.py:188} INFO - [2025-07-22T09:22:13.388+0000] {dag.py:3954} INFO - Setting next_dagrun for example_sla_dag to 2025-07-22 09:20:00+00:00, run_after=2025-07-22 09:22:00+00:00
[2025-07-22T09:22:13.409+0000] {processor.py:183} INFO - Processing /home/airflow/.local/lib/python3.12/site-packages/airflow/example_dags/example_sla_dag.py took 0.140 seconds
