[2025-07-22T08:52:02.331+0000] {processor.py:161} INFO - Started process (PID=73) to work on /home/airflow/.local/lib/python3.12/site-packages/airflow/example_dags/example_branch_python_dop_operator_3.py
[2025-07-22T08:52:02.333+0000] {processor.py:830} INFO - Processing file /home/airflow/.local/lib/python3.12/site-packages/airflow/example_dags/example_branch_python_dop_operator_3.py for tasks to queue
[2025-07-22T08:52:02.337+0000] {logging_mixin.py:188} INFO - [2025-07-22T08:52:02.337+0000] {dagbag.py:545} INFO - Filling up the DagBag from /home/airflow/.local/lib/python3.12/site-packages/airflow/example_dags/example_branch_python_dop_operator_3.py
[2025-07-22T08:52:02.367+0000] {processor.py:840} INFO - DAG(s) 'example_branch_dop_operator_v3' retrieved from /home/airflow/.local/lib/python3.12/site-packages/airflow/example_dags/example_branch_python_dop_operator_3.py
[2025-07-22T08:52:02.646+0000] {logging_mixin.py:188} INFO - [2025-07-22T08:52:02.646+0000] {dag.py:3096} INFO - Sync 1 DAGs
[2025-07-22T08:52:02.712+0000] {logging_mixin.py:188} INFO - [2025-07-22T08:52:02.711+0000] {dag.py:3954} INFO - Setting next_dagrun for example_branch_dop_operator_v3 to 2025-07-22 08:51:00+00:00, run_after=2025-07-22 08:52:00+00:00
[2025-07-22T08:52:02.765+0000] {processor.py:183} INFO - Processing /home/airflow/.local/lib/python3.12/site-packages/airflow/example_dags/example_branch_python_dop_operator_3.py took 0.448 seconds
[2025-07-22T08:52:33.190+0000] {processor.py:161} INFO - Started process (PID=131) to work on /home/airflow/.local/lib/python3.12/site-packages/airflow/example_dags/example_branch_python_dop_operator_3.py
[2025-07-22T08:52:33.192+0000] {processor.py:830} INFO - Processing file /home/airflow/.local/lib/python3.12/site-packages/airflow/example_dags/example_branch_python_dop_operator_3.py for tasks to queue
[2025-07-22T08:52:33.198+0000] {logging_mixin.py:188} INFO - [2025-07-22T08:52:33.197+0000] {dagbag.py:545} INFO - Filling up the DagBag from /home/airflow/.local/lib/python3.12/site-packages/airflow/example_dags/example_branch_python_dop_operator_3.py
[2025-07-22T08:52:33.221+0000] {processor.py:840} INFO - DAG(s) 'example_branch_dop_operator_v3' retrieved from /home/airflow/.local/lib/python3.12/site-packages/airflow/example_dags/example_branch_python_dop_operator_3.py
[2025-07-22T08:52:33.268+0000] {logging_mixin.py:188} INFO - [2025-07-22T08:52:33.267+0000] {dag.py:3096} INFO - Sync 1 DAGs
[2025-07-22T08:52:33.317+0000] {logging_mixin.py:188} INFO - [2025-07-22T08:52:33.317+0000] {dag.py:3954} INFO - Setting next_dagrun for example_branch_dop_operator_v3 to 2025-07-22 08:51:00+00:00, run_after=2025-07-22 08:52:00+00:00
[2025-07-22T08:52:33.345+0000] {processor.py:183} INFO - Processing /home/airflow/.local/lib/python3.12/site-packages/airflow/example_dags/example_branch_python_dop_operator_3.py took 0.171 seconds
[2025-07-22T08:53:03.504+0000] {processor.py:161} INFO - Started process (PID=189) to work on /home/airflow/.local/lib/python3.12/site-packages/airflow/example_dags/example_branch_python_dop_operator_3.py
[2025-07-22T08:53:03.505+0000] {processor.py:830} INFO - Processing file /home/airflow/.local/lib/python3.12/site-packages/airflow/example_dags/example_branch_python_dop_operator_3.py for tasks to queue
[2025-07-22T08:53:03.508+0000] {logging_mixin.py:188} INFO - [2025-07-22T08:53:03.507+0000] {dagbag.py:545} INFO - Filling up the DagBag from /home/airflow/.local/lib/python3.12/site-packages/airflow/example_dags/example_branch_python_dop_operator_3.py
[2025-07-22T08:53:03.521+0000] {processor.py:840} INFO - DAG(s) 'example_branch_dop_operator_v3' retrieved from /home/airflow/.local/lib/python3.12/site-packages/airflow/example_dags/example_branch_python_dop_operator_3.py
[2025-07-22T08:53:03.546+0000] {logging_mixin.py:188} INFO - [2025-07-22T08:53:03.546+0000] {dag.py:3096} INFO - Sync 1 DAGs
[2025-07-22T08:53:03.579+0000] {logging_mixin.py:188} INFO - [2025-07-22T08:53:03.579+0000] {dag.py:3954} INFO - Setting next_dagrun for example_branch_dop_operator_v3 to 2025-07-22 08:52:00+00:00, run_after=2025-07-22 08:53:00+00:00
[2025-07-22T08:53:03.603+0000] {processor.py:183} INFO - Processing /home/airflow/.local/lib/python3.12/site-packages/airflow/example_dags/example_branch_python_dop_operator_3.py took 0.107 seconds
[2025-07-22T08:53:34.180+0000] {processor.py:161} INFO - Started process (PID=247) to work on /home/airflow/.local/lib/python3.12/site-packages/airflow/example_dags/example_branch_python_dop_operator_3.py
[2025-07-22T08:53:34.182+0000] {processor.py:830} INFO - Processing file /home/airflow/.local/lib/python3.12/site-packages/airflow/example_dags/example_branch_python_dop_operator_3.py for tasks to queue
[2025-07-22T08:53:34.184+0000] {logging_mixin.py:188} INFO - [2025-07-22T08:53:34.184+0000] {dagbag.py:545} INFO - Filling up the DagBag from /home/airflow/.local/lib/python3.12/site-packages/airflow/example_dags/example_branch_python_dop_operator_3.py
[2025-07-22T08:53:34.194+0000] {processor.py:840} INFO - DAG(s) 'example_branch_dop_operator_v3' retrieved from /home/airflow/.local/lib/python3.12/site-packages/airflow/example_dags/example_branch_python_dop_operator_3.py
[2025-07-22T08:53:34.217+0000] {logging_mixin.py:188} INFO - [2025-07-22T08:53:34.217+0000] {dag.py:3096} INFO - Sync 1 DAGs
[2025-07-22T08:53:34.254+0000] {logging_mixin.py:188} INFO - [2025-07-22T08:53:34.253+0000] {dag.py:3954} INFO - Setting next_dagrun for example_branch_dop_operator_v3 to 2025-07-22 08:52:00+00:00, run_after=2025-07-22 08:53:00+00:00
[2025-07-22T08:53:34.287+0000] {processor.py:183} INFO - Processing /home/airflow/.local/lib/python3.12/site-packages/airflow/example_dags/example_branch_python_dop_operator_3.py took 0.113 seconds
[2025-07-22T08:54:04.441+0000] {processor.py:161} INFO - Started process (PID=306) to work on /home/airflow/.local/lib/python3.12/site-packages/airflow/example_dags/example_branch_python_dop_operator_3.py
[2025-07-22T08:54:04.442+0000] {processor.py:830} INFO - Processing file /home/airflow/.local/lib/python3.12/site-packages/airflow/example_dags/example_branch_python_dop_operator_3.py for tasks to queue
[2025-07-22T08:54:04.445+0000] {logging_mixin.py:188} INFO - [2025-07-22T08:54:04.445+0000] {dagbag.py:545} INFO - Filling up the DagBag from /home/airflow/.local/lib/python3.12/site-packages/airflow/example_dags/example_branch_python_dop_operator_3.py
[2025-07-22T08:54:04.457+0000] {processor.py:840} INFO - DAG(s) 'example_branch_dop_operator_v3' retrieved from /home/airflow/.local/lib/python3.12/site-packages/airflow/example_dags/example_branch_python_dop_operator_3.py
[2025-07-22T08:54:04.489+0000] {logging_mixin.py:188} INFO - [2025-07-22T08:54:04.488+0000] {dag.py:3096} INFO - Sync 1 DAGs
[2025-07-22T08:54:04.525+0000] {logging_mixin.py:188} INFO - [2025-07-22T08:54:04.525+0000] {dag.py:3954} INFO - Setting next_dagrun for example_branch_dop_operator_v3 to 2025-07-22 08:53:00+00:00, run_after=2025-07-22 08:54:00+00:00
[2025-07-22T08:54:04.556+0000] {processor.py:183} INFO - Processing /home/airflow/.local/lib/python3.12/site-packages/airflow/example_dags/example_branch_python_dop_operator_3.py took 0.123 seconds
[2025-07-22T08:54:34.795+0000] {processor.py:161} INFO - Started process (PID=364) to work on /home/airflow/.local/lib/python3.12/site-packages/airflow/example_dags/example_branch_python_dop_operator_3.py
[2025-07-22T08:54:34.797+0000] {processor.py:830} INFO - Processing file /home/airflow/.local/lib/python3.12/site-packages/airflow/example_dags/example_branch_python_dop_operator_3.py for tasks to queue
[2025-07-22T08:54:34.799+0000] {logging_mixin.py:188} INFO - [2025-07-22T08:54:34.799+0000] {dagbag.py:545} INFO - Filling up the DagBag from /home/airflow/.local/lib/python3.12/site-packages/airflow/example_dags/example_branch_python_dop_operator_3.py
[2025-07-22T08:54:34.811+0000] {processor.py:840} INFO - DAG(s) 'example_branch_dop_operator_v3' retrieved from /home/airflow/.local/lib/python3.12/site-packages/airflow/example_dags/example_branch_python_dop_operator_3.py
[2025-07-22T08:54:34.838+0000] {logging_mixin.py:188} INFO - [2025-07-22T08:54:34.837+0000] {dag.py:3096} INFO - Sync 1 DAGs
[2025-07-22T08:54:34.885+0000] {logging_mixin.py:188} INFO - [2025-07-22T08:54:34.885+0000] {dag.py:3954} INFO - Setting next_dagrun for example_branch_dop_operator_v3 to 2025-07-22 08:53:00+00:00, run_after=2025-07-22 08:54:00+00:00
[2025-07-22T08:54:34.942+0000] {processor.py:183} INFO - Processing /home/airflow/.local/lib/python3.12/site-packages/airflow/example_dags/example_branch_python_dop_operator_3.py took 0.153 seconds
[2025-07-22T08:55:05.449+0000] {processor.py:161} INFO - Started process (PID=422) to work on /home/airflow/.local/lib/python3.12/site-packages/airflow/example_dags/example_branch_python_dop_operator_3.py
[2025-07-22T08:55:05.450+0000] {processor.py:830} INFO - Processing file /home/airflow/.local/lib/python3.12/site-packages/airflow/example_dags/example_branch_python_dop_operator_3.py for tasks to queue
[2025-07-22T08:55:05.453+0000] {logging_mixin.py:188} INFO - [2025-07-22T08:55:05.453+0000] {dagbag.py:545} INFO - Filling up the DagBag from /home/airflow/.local/lib/python3.12/site-packages/airflow/example_dags/example_branch_python_dop_operator_3.py
[2025-07-22T08:55:05.467+0000] {processor.py:840} INFO - DAG(s) 'example_branch_dop_operator_v3' retrieved from /home/airflow/.local/lib/python3.12/site-packages/airflow/example_dags/example_branch_python_dop_operator_3.py
[2025-07-22T08:55:05.500+0000] {logging_mixin.py:188} INFO - [2025-07-22T08:55:05.499+0000] {dag.py:3096} INFO - Sync 1 DAGs
[2025-07-22T08:55:05.533+0000] {logging_mixin.py:188} INFO - [2025-07-22T08:55:05.533+0000] {dag.py:3954} INFO - Setting next_dagrun for example_branch_dop_operator_v3 to 2025-07-22 08:54:00+00:00, run_after=2025-07-22 08:55:00+00:00
[2025-07-22T08:55:05.556+0000] {processor.py:183} INFO - Processing /home/airflow/.local/lib/python3.12/site-packages/airflow/example_dags/example_branch_python_dop_operator_3.py took 0.115 seconds
[2025-07-22T08:55:35.607+0000] {processor.py:161} INFO - Started process (PID=479) to work on /home/airflow/.local/lib/python3.12/site-packages/airflow/example_dags/example_branch_python_dop_operator_3.py
[2025-07-22T08:55:35.609+0000] {processor.py:830} INFO - Processing file /home/airflow/.local/lib/python3.12/site-packages/airflow/example_dags/example_branch_python_dop_operator_3.py for tasks to queue
[2025-07-22T08:55:35.611+0000] {logging_mixin.py:188} INFO - [2025-07-22T08:55:35.611+0000] {dagbag.py:545} INFO - Filling up the DagBag from /home/airflow/.local/lib/python3.12/site-packages/airflow/example_dags/example_branch_python_dop_operator_3.py
[2025-07-22T08:55:35.621+0000] {processor.py:840} INFO - DAG(s) 'example_branch_dop_operator_v3' retrieved from /home/airflow/.local/lib/python3.12/site-packages/airflow/example_dags/example_branch_python_dop_operator_3.py
[2025-07-22T08:55:35.644+0000] {logging_mixin.py:188} INFO - [2025-07-22T08:55:35.643+0000] {dag.py:3096} INFO - Sync 1 DAGs
[2025-07-22T08:55:35.676+0000] {logging_mixin.py:188} INFO - [2025-07-22T08:55:35.675+0000] {dag.py:3954} INFO - Setting next_dagrun for example_branch_dop_operator_v3 to 2025-07-22 08:54:00+00:00, run_after=2025-07-22 08:55:00+00:00
[2025-07-22T08:55:35.700+0000] {processor.py:183} INFO - Processing /home/airflow/.local/lib/python3.12/site-packages/airflow/example_dags/example_branch_python_dop_operator_3.py took 0.099 seconds
[2025-07-22T08:56:06.263+0000] {processor.py:161} INFO - Started process (PID=537) to work on /home/airflow/.local/lib/python3.12/site-packages/airflow/example_dags/example_branch_python_dop_operator_3.py
[2025-07-22T08:56:06.264+0000] {processor.py:830} INFO - Processing file /home/airflow/.local/lib/python3.12/site-packages/airflow/example_dags/example_branch_python_dop_operator_3.py for tasks to queue
[2025-07-22T08:56:06.267+0000] {logging_mixin.py:188} INFO - [2025-07-22T08:56:06.266+0000] {dagbag.py:545} INFO - Filling up the DagBag from /home/airflow/.local/lib/python3.12/site-packages/airflow/example_dags/example_branch_python_dop_operator_3.py
[2025-07-22T08:56:06.278+0000] {processor.py:840} INFO - DAG(s) 'example_branch_dop_operator_v3' retrieved from /home/airflow/.local/lib/python3.12/site-packages/airflow/example_dags/example_branch_python_dop_operator_3.py
[2025-07-22T08:56:06.303+0000] {logging_mixin.py:188} INFO - [2025-07-22T08:56:06.303+0000] {dag.py:3096} INFO - Sync 1 DAGs
[2025-07-22T08:56:06.333+0000] {logging_mixin.py:188} INFO - [2025-07-22T08:56:06.332+0000] {dag.py:3954} INFO - Setting next_dagrun for example_branch_dop_operator_v3 to 2025-07-22 08:55:00+00:00, run_after=2025-07-22 08:56:00+00:00
[2025-07-22T08:56:06.362+0000] {processor.py:183} INFO - Processing /home/airflow/.local/lib/python3.12/site-packages/airflow/example_dags/example_branch_python_dop_operator_3.py took 0.107 seconds
[2025-07-22T08:56:36.669+0000] {processor.py:161} INFO - Started process (PID=595) to work on /home/airflow/.local/lib/python3.12/site-packages/airflow/example_dags/example_branch_python_dop_operator_3.py
[2025-07-22T08:56:36.670+0000] {processor.py:830} INFO - Processing file /home/airflow/.local/lib/python3.12/site-packages/airflow/example_dags/example_branch_python_dop_operator_3.py for tasks to queue
[2025-07-22T08:56:36.672+0000] {logging_mixin.py:188} INFO - [2025-07-22T08:56:36.672+0000] {dagbag.py:545} INFO - Filling up the DagBag from /home/airflow/.local/lib/python3.12/site-packages/airflow/example_dags/example_branch_python_dop_operator_3.py
[2025-07-22T08:56:36.682+0000] {processor.py:840} INFO - DAG(s) 'example_branch_dop_operator_v3' retrieved from /home/airflow/.local/lib/python3.12/site-packages/airflow/example_dags/example_branch_python_dop_operator_3.py
[2025-07-22T08:56:36.706+0000] {logging_mixin.py:188} INFO - [2025-07-22T08:56:36.706+0000] {dag.py:3096} INFO - Sync 1 DAGs
[2025-07-22T08:56:36.735+0000] {logging_mixin.py:188} INFO - [2025-07-22T08:56:36.735+0000] {dag.py:3954} INFO - Setting next_dagrun for example_branch_dop_operator_v3 to 2025-07-22 08:55:00+00:00, run_after=2025-07-22 08:56:00+00:00
[2025-07-22T08:56:36.760+0000] {processor.py:183} INFO - Processing /home/airflow/.local/lib/python3.12/site-packages/airflow/example_dags/example_branch_python_dop_operator_3.py took 0.098 seconds
[2025-07-22T08:57:06.926+0000] {processor.py:161} INFO - Started process (PID=656) to work on /home/airflow/.local/lib/python3.12/site-packages/airflow/example_dags/example_branch_python_dop_operator_3.py
[2025-07-22T08:57:06.927+0000] {processor.py:830} INFO - Processing file /home/airflow/.local/lib/python3.12/site-packages/airflow/example_dags/example_branch_python_dop_operator_3.py for tasks to queue
[2025-07-22T08:57:06.929+0000] {logging_mixin.py:188} INFO - [2025-07-22T08:57:06.929+0000] {dagbag.py:545} INFO - Filling up the DagBag from /home/airflow/.local/lib/python3.12/site-packages/airflow/example_dags/example_branch_python_dop_operator_3.py
[2025-07-22T08:57:06.941+0000] {processor.py:840} INFO - DAG(s) 'example_branch_dop_operator_v3' retrieved from /home/airflow/.local/lib/python3.12/site-packages/airflow/example_dags/example_branch_python_dop_operator_3.py
[2025-07-22T08:57:06.972+0000] {logging_mixin.py:188} INFO - [2025-07-22T08:57:06.972+0000] {dag.py:3096} INFO - Sync 1 DAGs
[2025-07-22T08:57:07.015+0000] {logging_mixin.py:188} INFO - [2025-07-22T08:57:07.014+0000] {dag.py:3954} INFO - Setting next_dagrun for example_branch_dop_operator_v3 to 2025-07-22 08:56:00+00:00, run_after=2025-07-22 08:57:00+00:00
[2025-07-22T08:57:07.040+0000] {processor.py:183} INFO - Processing /home/airflow/.local/lib/python3.12/site-packages/airflow/example_dags/example_branch_python_dop_operator_3.py took 0.122 seconds
[2025-07-22T08:57:37.160+0000] {processor.py:161} INFO - Started process (PID=716) to work on /home/airflow/.local/lib/python3.12/site-packages/airflow/example_dags/example_branch_python_dop_operator_3.py
[2025-07-22T08:57:37.161+0000] {processor.py:830} INFO - Processing file /home/airflow/.local/lib/python3.12/site-packages/airflow/example_dags/example_branch_python_dop_operator_3.py for tasks to queue
[2025-07-22T08:57:37.164+0000] {logging_mixin.py:188} INFO - [2025-07-22T08:57:37.163+0000] {dagbag.py:545} INFO - Filling up the DagBag from /home/airflow/.local/lib/python3.12/site-packages/airflow/example_dags/example_branch_python_dop_operator_3.py
[2025-07-22T08:57:37.174+0000] {processor.py:840} INFO - DAG(s) 'example_branch_dop_operator_v3' retrieved from /home/airflow/.local/lib/python3.12/site-packages/airflow/example_dags/example_branch_python_dop_operator_3.py
[2025-07-22T08:57:37.198+0000] {logging_mixin.py:188} INFO - [2025-07-22T08:57:37.197+0000] {dag.py:3096} INFO - Sync 1 DAGs
[2025-07-22T08:57:37.231+0000] {logging_mixin.py:188} INFO - [2025-07-22T08:57:37.231+0000] {dag.py:3954} INFO - Setting next_dagrun for example_branch_dop_operator_v3 to 2025-07-22 08:56:00+00:00, run_after=2025-07-22 08:57:00+00:00
[2025-07-22T08:57:37.255+0000] {processor.py:183} INFO - Processing /home/airflow/.local/lib/python3.12/site-packages/airflow/example_dags/example_branch_python_dop_operator_3.py took 0.101 seconds
[2025-07-22T08:58:07.800+0000] {processor.py:161} INFO - Started process (PID=775) to work on /home/airflow/.local/lib/python3.12/site-packages/airflow/example_dags/example_branch_python_dop_operator_3.py
[2025-07-22T08:58:07.801+0000] {processor.py:830} INFO - Processing file /home/airflow/.local/lib/python3.12/site-packages/airflow/example_dags/example_branch_python_dop_operator_3.py for tasks to queue
[2025-07-22T08:58:07.803+0000] {logging_mixin.py:188} INFO - [2025-07-22T08:58:07.803+0000] {dagbag.py:545} INFO - Filling up the DagBag from /home/airflow/.local/lib/python3.12/site-packages/airflow/example_dags/example_branch_python_dop_operator_3.py
[2025-07-22T08:58:07.812+0000] {processor.py:840} INFO - DAG(s) 'example_branch_dop_operator_v3' retrieved from /home/airflow/.local/lib/python3.12/site-packages/airflow/example_dags/example_branch_python_dop_operator_3.py
[2025-07-22T08:58:07.835+0000] {logging_mixin.py:188} INFO - [2025-07-22T08:58:07.834+0000] {dag.py:3096} INFO - Sync 1 DAGs
[2025-07-22T08:58:07.864+0000] {logging_mixin.py:188} INFO - [2025-07-22T08:58:07.864+0000] {dag.py:3954} INFO - Setting next_dagrun for example_branch_dop_operator_v3 to 2025-07-22 08:57:00+00:00, run_after=2025-07-22 08:58:00+00:00
[2025-07-22T08:58:07.889+0000] {processor.py:183} INFO - Processing /home/airflow/.local/lib/python3.12/site-packages/airflow/example_dags/example_branch_python_dop_operator_3.py took 0.096 seconds
[2025-07-22T08:58:38.502+0000] {processor.py:161} INFO - Started process (PID=835) to work on /home/airflow/.local/lib/python3.12/site-packages/airflow/example_dags/example_branch_python_dop_operator_3.py
[2025-07-22T08:58:38.503+0000] {processor.py:830} INFO - Processing file /home/airflow/.local/lib/python3.12/site-packages/airflow/example_dags/example_branch_python_dop_operator_3.py for tasks to queue
[2025-07-22T08:58:38.505+0000] {logging_mixin.py:188} INFO - [2025-07-22T08:58:38.505+0000] {dagbag.py:545} INFO - Filling up the DagBag from /home/airflow/.local/lib/python3.12/site-packages/airflow/example_dags/example_branch_python_dop_operator_3.py
[2025-07-22T08:58:38.514+0000] {processor.py:840} INFO - DAG(s) 'example_branch_dop_operator_v3' retrieved from /home/airflow/.local/lib/python3.12/site-packages/airflow/example_dags/example_branch_python_dop_operator_3.py
[2025-07-22T08:58:38.536+0000] {logging_mixin.py:188} INFO - [2025-07-22T08:58:38.536+0000] {dag.py:3096} INFO - Sync 1 DAGs
[2025-07-22T08:58:38.562+0000] {logging_mixin.py:188} INFO - [2025-07-22T08:58:38.562+0000] {dag.py:3954} INFO - Setting next_dagrun for example_branch_dop_operator_v3 to 2025-07-22 08:57:00+00:00, run_after=2025-07-22 08:58:00+00:00
[2025-07-22T08:58:38.584+0000] {processor.py:183} INFO - Processing /home/airflow/.local/lib/python3.12/site-packages/airflow/example_dags/example_branch_python_dop_operator_3.py took 0.088 seconds
[2025-07-22T08:59:09.150+0000] {processor.py:161} INFO - Started process (PID=895) to work on /home/airflow/.local/lib/python3.12/site-packages/airflow/example_dags/example_branch_python_dop_operator_3.py
[2025-07-22T08:59:09.151+0000] {processor.py:830} INFO - Processing file /home/airflow/.local/lib/python3.12/site-packages/airflow/example_dags/example_branch_python_dop_operator_3.py for tasks to queue
[2025-07-22T08:59:09.154+0000] {logging_mixin.py:188} INFO - [2025-07-22T08:59:09.154+0000] {dagbag.py:545} INFO - Filling up the DagBag from /home/airflow/.local/lib/python3.12/site-packages/airflow/example_dags/example_branch_python_dop_operator_3.py
[2025-07-22T08:59:09.165+0000] {processor.py:840} INFO - DAG(s) 'example_branch_dop_operator_v3' retrieved from /home/airflow/.local/lib/python3.12/site-packages/airflow/example_dags/example_branch_python_dop_operator_3.py
[2025-07-22T08:59:09.193+0000] {logging_mixin.py:188} INFO - [2025-07-22T08:59:09.192+0000] {dag.py:3096} INFO - Sync 1 DAGs
[2025-07-22T08:59:09.225+0000] {logging_mixin.py:188} INFO - [2025-07-22T08:59:09.225+0000] {dag.py:3954} INFO - Setting next_dagrun for example_branch_dop_operator_v3 to 2025-07-22 08:58:00+00:00, run_after=2025-07-22 08:59:00+00:00
[2025-07-22T08:59:09.250+0000] {processor.py:183} INFO - Processing /home/airflow/.local/lib/python3.12/site-packages/airflow/example_dags/example_branch_python_dop_operator_3.py took 0.107 seconds
[2025-07-22T08:59:40.260+0000] {processor.py:161} INFO - Started process (PID=955) to work on /home/airflow/.local/lib/python3.12/site-packages/airflow/example_dags/example_branch_python_dop_operator_3.py
[2025-07-22T08:59:40.261+0000] {processor.py:830} INFO - Processing file /home/airflow/.local/lib/python3.12/site-packages/airflow/example_dags/example_branch_python_dop_operator_3.py for tasks to queue
[2025-07-22T08:59:40.264+0000] {logging_mixin.py:188} INFO - [2025-07-22T08:59:40.263+0000] {dagbag.py:545} INFO - Filling up the DagBag from /home/airflow/.local/lib/python3.12/site-packages/airflow/example_dags/example_branch_python_dop_operator_3.py
[2025-07-22T08:59:40.273+0000] {processor.py:840} INFO - DAG(s) 'example_branch_dop_operator_v3' retrieved from /home/airflow/.local/lib/python3.12/site-packages/airflow/example_dags/example_branch_python_dop_operator_3.py
[2025-07-22T08:59:40.296+0000] {logging_mixin.py:188} INFO - [2025-07-22T08:59:40.296+0000] {dag.py:3096} INFO - Sync 1 DAGs
[2025-07-22T08:59:40.329+0000] {logging_mixin.py:188} INFO - [2025-07-22T08:59:40.329+0000] {dag.py:3954} INFO - Setting next_dagrun for example_branch_dop_operator_v3 to 2025-07-22 08:58:00+00:00, run_after=2025-07-22 08:59:00+00:00
[2025-07-22T08:59:40.354+0000] {processor.py:183} INFO - Processing /home/airflow/.local/lib/python3.12/site-packages/airflow/example_dags/example_branch_python_dop_operator_3.py took 0.101 seconds
[2025-07-22T09:00:10.817+0000] {processor.py:161} INFO - Started process (PID=1015) to work on /home/airflow/.local/lib/python3.12/site-packages/airflow/example_dags/example_branch_python_dop_operator_3.py
[2025-07-22T09:00:10.818+0000] {processor.py:830} INFO - Processing file /home/airflow/.local/lib/python3.12/site-packages/airflow/example_dags/example_branch_python_dop_operator_3.py for tasks to queue
[2025-07-22T09:00:10.820+0000] {logging_mixin.py:188} INFO - [2025-07-22T09:00:10.820+0000] {dagbag.py:545} INFO - Filling up the DagBag from /home/airflow/.local/lib/python3.12/site-packages/airflow/example_dags/example_branch_python_dop_operator_3.py
[2025-07-22T09:00:10.829+0000] {processor.py:840} INFO - DAG(s) 'example_branch_dop_operator_v3' retrieved from /home/airflow/.local/lib/python3.12/site-packages/airflow/example_dags/example_branch_python_dop_operator_3.py
[2025-07-22T09:00:10.850+0000] {logging_mixin.py:188} INFO - [2025-07-22T09:00:10.850+0000] {dag.py:3096} INFO - Sync 1 DAGs
[2025-07-22T09:00:10.879+0000] {logging_mixin.py:188} INFO - [2025-07-22T09:00:10.879+0000] {dag.py:3954} INFO - Setting next_dagrun for example_branch_dop_operator_v3 to 2025-07-22 08:59:00+00:00, run_after=2025-07-22 09:00:00+00:00
[2025-07-22T09:00:10.903+0000] {processor.py:183} INFO - Processing /home/airflow/.local/lib/python3.12/site-packages/airflow/example_dags/example_branch_python_dop_operator_3.py took 0.095 seconds
[2025-07-22T09:00:41.712+0000] {processor.py:161} INFO - Started process (PID=1075) to work on /home/airflow/.local/lib/python3.12/site-packages/airflow/example_dags/example_branch_python_dop_operator_3.py
[2025-07-22T09:00:41.714+0000] {processor.py:830} INFO - Processing file /home/airflow/.local/lib/python3.12/site-packages/airflow/example_dags/example_branch_python_dop_operator_3.py for tasks to queue
[2025-07-22T09:00:41.717+0000] {logging_mixin.py:188} INFO - [2025-07-22T09:00:41.716+0000] {dagbag.py:545} INFO - Filling up the DagBag from /home/airflow/.local/lib/python3.12/site-packages/airflow/example_dags/example_branch_python_dop_operator_3.py
[2025-07-22T09:00:41.727+0000] {processor.py:840} INFO - DAG(s) 'example_branch_dop_operator_v3' retrieved from /home/airflow/.local/lib/python3.12/site-packages/airflow/example_dags/example_branch_python_dop_operator_3.py
[2025-07-22T09:00:41.749+0000] {logging_mixin.py:188} INFO - [2025-07-22T09:00:41.749+0000] {dag.py:3096} INFO - Sync 1 DAGs
[2025-07-22T09:00:41.776+0000] {logging_mixin.py:188} INFO - [2025-07-22T09:00:41.776+0000] {dag.py:3954} INFO - Setting next_dagrun for example_branch_dop_operator_v3 to 2025-07-22 08:59:00+00:00, run_after=2025-07-22 09:00:00+00:00
[2025-07-22T09:00:41.799+0000] {processor.py:183} INFO - Processing /home/airflow/.local/lib/python3.12/site-packages/airflow/example_dags/example_branch_python_dop_operator_3.py took 0.094 seconds
[2025-07-22T09:01:12.584+0000] {processor.py:161} INFO - Started process (PID=1135) to work on /home/airflow/.local/lib/python3.12/site-packages/airflow/example_dags/example_branch_python_dop_operator_3.py
[2025-07-22T09:01:12.585+0000] {processor.py:830} INFO - Processing file /home/airflow/.local/lib/python3.12/site-packages/airflow/example_dags/example_branch_python_dop_operator_3.py for tasks to queue
[2025-07-22T09:01:12.587+0000] {logging_mixin.py:188} INFO - [2025-07-22T09:01:12.587+0000] {dagbag.py:545} INFO - Filling up the DagBag from /home/airflow/.local/lib/python3.12/site-packages/airflow/example_dags/example_branch_python_dop_operator_3.py
[2025-07-22T09:01:12.597+0000] {processor.py:840} INFO - DAG(s) 'example_branch_dop_operator_v3' retrieved from /home/airflow/.local/lib/python3.12/site-packages/airflow/example_dags/example_branch_python_dop_operator_3.py
[2025-07-22T09:01:12.620+0000] {logging_mixin.py:188} INFO - [2025-07-22T09:01:12.620+0000] {dag.py:3096} INFO - Sync 1 DAGs
[2025-07-22T09:01:12.647+0000] {logging_mixin.py:188} INFO - [2025-07-22T09:01:12.647+0000] {dag.py:3954} INFO - Setting next_dagrun for example_branch_dop_operator_v3 to 2025-07-22 09:00:00+00:00, run_after=2025-07-22 09:01:00+00:00
[2025-07-22T09:01:12.672+0000] {processor.py:183} INFO - Processing /home/airflow/.local/lib/python3.12/site-packages/airflow/example_dags/example_branch_python_dop_operator_3.py took 0.094 seconds
[2025-07-22T09:01:42.813+0000] {processor.py:161} INFO - Started process (PID=1195) to work on /home/airflow/.local/lib/python3.12/site-packages/airflow/example_dags/example_branch_python_dop_operator_3.py
[2025-07-22T09:01:42.814+0000] {processor.py:830} INFO - Processing file /home/airflow/.local/lib/python3.12/site-packages/airflow/example_dags/example_branch_python_dop_operator_3.py for tasks to queue
[2025-07-22T09:01:42.816+0000] {logging_mixin.py:188} INFO - [2025-07-22T09:01:42.816+0000] {dagbag.py:545} INFO - Filling up the DagBag from /home/airflow/.local/lib/python3.12/site-packages/airflow/example_dags/example_branch_python_dop_operator_3.py
[2025-07-22T09:01:42.828+0000] {processor.py:840} INFO - DAG(s) 'example_branch_dop_operator_v3' retrieved from /home/airflow/.local/lib/python3.12/site-packages/airflow/example_dags/example_branch_python_dop_operator_3.py
[2025-07-22T09:01:42.852+0000] {logging_mixin.py:188} INFO - [2025-07-22T09:01:42.852+0000] {dag.py:3096} INFO - Sync 1 DAGs
[2025-07-22T09:01:42.883+0000] {logging_mixin.py:188} INFO - [2025-07-22T09:01:42.883+0000] {dag.py:3954} INFO - Setting next_dagrun for example_branch_dop_operator_v3 to 2025-07-22 09:00:00+00:00, run_after=2025-07-22 09:01:00+00:00
[2025-07-22T09:01:42.909+0000] {processor.py:183} INFO - Processing /home/airflow/.local/lib/python3.12/site-packages/airflow/example_dags/example_branch_python_dop_operator_3.py took 0.105 seconds
[2025-07-22T09:02:12.992+0000] {processor.py:161} INFO - Started process (PID=1255) to work on /home/airflow/.local/lib/python3.12/site-packages/airflow/example_dags/example_branch_python_dop_operator_3.py
[2025-07-22T09:02:12.993+0000] {processor.py:830} INFO - Processing file /home/airflow/.local/lib/python3.12/site-packages/airflow/example_dags/example_branch_python_dop_operator_3.py for tasks to queue
[2025-07-22T09:02:12.996+0000] {logging_mixin.py:188} INFO - [2025-07-22T09:02:12.995+0000] {dagbag.py:545} INFO - Filling up the DagBag from /home/airflow/.local/lib/python3.12/site-packages/airflow/example_dags/example_branch_python_dop_operator_3.py
[2025-07-22T09:02:13.005+0000] {processor.py:840} INFO - DAG(s) 'example_branch_dop_operator_v3' retrieved from /home/airflow/.local/lib/python3.12/site-packages/airflow/example_dags/example_branch_python_dop_operator_3.py
[2025-07-22T09:02:13.027+0000] {logging_mixin.py:188} INFO - [2025-07-22T09:02:13.027+0000] {dag.py:3096} INFO - Sync 1 DAGs
[2025-07-22T09:02:13.057+0000] {logging_mixin.py:188} INFO - [2025-07-22T09:02:13.057+0000] {dag.py:3954} INFO - Setting next_dagrun for example_branch_dop_operator_v3 to 2025-07-22 09:01:00+00:00, run_after=2025-07-22 09:02:00+00:00
[2025-07-22T09:02:13.079+0000] {processor.py:183} INFO - Processing /home/airflow/.local/lib/python3.12/site-packages/airflow/example_dags/example_branch_python_dop_operator_3.py took 0.093 seconds
[2025-07-22T09:02:43.837+0000] {processor.py:161} INFO - Started process (PID=1315) to work on /home/airflow/.local/lib/python3.12/site-packages/airflow/example_dags/example_branch_python_dop_operator_3.py
[2025-07-22T09:02:43.839+0000] {processor.py:830} INFO - Processing file /home/airflow/.local/lib/python3.12/site-packages/airflow/example_dags/example_branch_python_dop_operator_3.py for tasks to queue
[2025-07-22T09:02:43.841+0000] {logging_mixin.py:188} INFO - [2025-07-22T09:02:43.841+0000] {dagbag.py:545} INFO - Filling up the DagBag from /home/airflow/.local/lib/python3.12/site-packages/airflow/example_dags/example_branch_python_dop_operator_3.py
[2025-07-22T09:02:43.850+0000] {processor.py:840} INFO - DAG(s) 'example_branch_dop_operator_v3' retrieved from /home/airflow/.local/lib/python3.12/site-packages/airflow/example_dags/example_branch_python_dop_operator_3.py
[2025-07-22T09:02:43.872+0000] {logging_mixin.py:188} INFO - [2025-07-22T09:02:43.872+0000] {dag.py:3096} INFO - Sync 1 DAGs
[2025-07-22T09:02:43.899+0000] {logging_mixin.py:188} INFO - [2025-07-22T09:02:43.899+0000] {dag.py:3954} INFO - Setting next_dagrun for example_branch_dop_operator_v3 to 2025-07-22 09:01:00+00:00, run_after=2025-07-22 09:02:00+00:00
[2025-07-22T09:02:43.921+0000] {processor.py:183} INFO - Processing /home/airflow/.local/lib/python3.12/site-packages/airflow/example_dags/example_branch_python_dop_operator_3.py took 0.090 seconds
[2025-07-22T09:03:14.167+0000] {processor.py:161} INFO - Started process (PID=1375) to work on /home/airflow/.local/lib/python3.12/site-packages/airflow/example_dags/example_branch_python_dop_operator_3.py
[2025-07-22T09:03:14.169+0000] {processor.py:830} INFO - Processing file /home/airflow/.local/lib/python3.12/site-packages/airflow/example_dags/example_branch_python_dop_operator_3.py for tasks to queue
[2025-07-22T09:03:14.172+0000] {logging_mixin.py:188} INFO - [2025-07-22T09:03:14.171+0000] {dagbag.py:545} INFO - Filling up the DagBag from /home/airflow/.local/lib/python3.12/site-packages/airflow/example_dags/example_branch_python_dop_operator_3.py
[2025-07-22T09:03:14.183+0000] {processor.py:840} INFO - DAG(s) 'example_branch_dop_operator_v3' retrieved from /home/airflow/.local/lib/python3.12/site-packages/airflow/example_dags/example_branch_python_dop_operator_3.py
[2025-07-22T09:03:14.208+0000] {logging_mixin.py:188} INFO - [2025-07-22T09:03:14.208+0000] {dag.py:3096} INFO - Sync 1 DAGs
[2025-07-22T09:03:14.242+0000] {logging_mixin.py:188} INFO - [2025-07-22T09:03:14.242+0000] {dag.py:3954} INFO - Setting next_dagrun for example_branch_dop_operator_v3 to 2025-07-22 09:02:00+00:00, run_after=2025-07-22 09:03:00+00:00
[2025-07-22T09:03:14.276+0000] {processor.py:183} INFO - Processing /home/airflow/.local/lib/python3.12/site-packages/airflow/example_dags/example_branch_python_dop_operator_3.py took 0.117 seconds
[2025-07-22T09:03:44.567+0000] {processor.py:161} INFO - Started process (PID=1435) to work on /home/airflow/.local/lib/python3.12/site-packages/airflow/example_dags/example_branch_python_dop_operator_3.py
[2025-07-22T09:03:44.568+0000] {processor.py:830} INFO - Processing file /home/airflow/.local/lib/python3.12/site-packages/airflow/example_dags/example_branch_python_dop_operator_3.py for tasks to queue
[2025-07-22T09:03:44.571+0000] {logging_mixin.py:188} INFO - [2025-07-22T09:03:44.570+0000] {dagbag.py:545} INFO - Filling up the DagBag from /home/airflow/.local/lib/python3.12/site-packages/airflow/example_dags/example_branch_python_dop_operator_3.py
[2025-07-22T09:03:44.579+0000] {processor.py:840} INFO - DAG(s) 'example_branch_dop_operator_v3' retrieved from /home/airflow/.local/lib/python3.12/site-packages/airflow/example_dags/example_branch_python_dop_operator_3.py
[2025-07-22T09:03:44.601+0000] {logging_mixin.py:188} INFO - [2025-07-22T09:03:44.601+0000] {dag.py:3096} INFO - Sync 1 DAGs
[2025-07-22T09:03:44.627+0000] {logging_mixin.py:188} INFO - [2025-07-22T09:03:44.627+0000] {dag.py:3954} INFO - Setting next_dagrun for example_branch_dop_operator_v3 to 2025-07-22 09:02:00+00:00, run_after=2025-07-22 09:03:00+00:00
[2025-07-22T09:03:44.648+0000] {processor.py:183} INFO - Processing /home/airflow/.local/lib/python3.12/site-packages/airflow/example_dags/example_branch_python_dop_operator_3.py took 0.087 seconds
[2025-07-22T09:04:14.740+0000] {processor.py:161} INFO - Started process (PID=1495) to work on /home/airflow/.local/lib/python3.12/site-packages/airflow/example_dags/example_branch_python_dop_operator_3.py
[2025-07-22T09:04:14.742+0000] {processor.py:830} INFO - Processing file /home/airflow/.local/lib/python3.12/site-packages/airflow/example_dags/example_branch_python_dop_operator_3.py for tasks to queue
[2025-07-22T09:04:14.757+0000] {logging_mixin.py:188} INFO - [2025-07-22T09:04:14.755+0000] {dagbag.py:545} INFO - Filling up the DagBag from /home/airflow/.local/lib/python3.12/site-packages/airflow/example_dags/example_branch_python_dop_operator_3.py
[2025-07-22T09:04:14.791+0000] {processor.py:840} INFO - DAG(s) 'example_branch_dop_operator_v3' retrieved from /home/airflow/.local/lib/python3.12/site-packages/airflow/example_dags/example_branch_python_dop_operator_3.py
[2025-07-22T09:04:14.854+0000] {logging_mixin.py:188} INFO - [2025-07-22T09:04:14.854+0000] {dag.py:3096} INFO - Sync 1 DAGs
[2025-07-22T09:04:14.919+0000] {logging_mixin.py:188} INFO - [2025-07-22T09:04:14.918+0000] {dag.py:3954} INFO - Setting next_dagrun for example_branch_dop_operator_v3 to 2025-07-22 09:03:00+00:00, run_after=2025-07-22 09:04:00+00:00
[2025-07-22T09:04:14.975+0000] {processor.py:183} INFO - Processing /home/airflow/.local/lib/python3.12/site-packages/airflow/example_dags/example_branch_python_dop_operator_3.py took 0.267 seconds
[2025-07-22T09:04:45.443+0000] {processor.py:161} INFO - Started process (PID=1555) to work on /home/airflow/.local/lib/python3.12/site-packages/airflow/example_dags/example_branch_python_dop_operator_3.py
[2025-07-22T09:04:45.445+0000] {processor.py:830} INFO - Processing file /home/airflow/.local/lib/python3.12/site-packages/airflow/example_dags/example_branch_python_dop_operator_3.py for tasks to queue
[2025-07-22T09:04:45.447+0000] {logging_mixin.py:188} INFO - [2025-07-22T09:04:45.446+0000] {dagbag.py:545} INFO - Filling up the DagBag from /home/airflow/.local/lib/python3.12/site-packages/airflow/example_dags/example_branch_python_dop_operator_3.py
[2025-07-22T09:04:45.456+0000] {processor.py:840} INFO - DAG(s) 'example_branch_dop_operator_v3' retrieved from /home/airflow/.local/lib/python3.12/site-packages/airflow/example_dags/example_branch_python_dop_operator_3.py
[2025-07-22T09:04:45.478+0000] {logging_mixin.py:188} INFO - [2025-07-22T09:04:45.478+0000] {dag.py:3096} INFO - Sync 1 DAGs
[2025-07-22T09:04:45.508+0000] {logging_mixin.py:188} INFO - [2025-07-22T09:04:45.507+0000] {dag.py:3954} INFO - Setting next_dagrun for example_branch_dop_operator_v3 to 2025-07-22 09:03:00+00:00, run_after=2025-07-22 09:04:00+00:00
[2025-07-22T09:04:45.533+0000] {processor.py:183} INFO - Processing /home/airflow/.local/lib/python3.12/site-packages/airflow/example_dags/example_branch_python_dop_operator_3.py took 0.095 seconds
[2025-07-22T09:05:16.064+0000] {processor.py:161} INFO - Started process (PID=1615) to work on /home/airflow/.local/lib/python3.12/site-packages/airflow/example_dags/example_branch_python_dop_operator_3.py
[2025-07-22T09:05:16.065+0000] {processor.py:830} INFO - Processing file /home/airflow/.local/lib/python3.12/site-packages/airflow/example_dags/example_branch_python_dop_operator_3.py for tasks to queue
[2025-07-22T09:05:16.068+0000] {logging_mixin.py:188} INFO - [2025-07-22T09:05:16.068+0000] {dagbag.py:545} INFO - Filling up the DagBag from /home/airflow/.local/lib/python3.12/site-packages/airflow/example_dags/example_branch_python_dop_operator_3.py
[2025-07-22T09:05:16.079+0000] {processor.py:840} INFO - DAG(s) 'example_branch_dop_operator_v3' retrieved from /home/airflow/.local/lib/python3.12/site-packages/airflow/example_dags/example_branch_python_dop_operator_3.py
[2025-07-22T09:05:16.106+0000] {logging_mixin.py:188} INFO - [2025-07-22T09:05:16.106+0000] {dag.py:3096} INFO - Sync 1 DAGs
[2025-07-22T09:05:16.144+0000] {logging_mixin.py:188} INFO - [2025-07-22T09:05:16.143+0000] {dag.py:3954} INFO - Setting next_dagrun for example_branch_dop_operator_v3 to 2025-07-22 09:04:00+00:00, run_after=2025-07-22 09:05:00+00:00
[2025-07-22T09:05:16.172+0000] {processor.py:183} INFO - Processing /home/airflow/.local/lib/python3.12/site-packages/airflow/example_dags/example_branch_python_dop_operator_3.py took 0.116 seconds
[2025-07-22T09:05:46.322+0000] {processor.py:161} INFO - Started process (PID=1673) to work on /home/airflow/.local/lib/python3.12/site-packages/airflow/example_dags/example_branch_python_dop_operator_3.py
[2025-07-22T09:05:46.324+0000] {processor.py:830} INFO - Processing file /home/airflow/.local/lib/python3.12/site-packages/airflow/example_dags/example_branch_python_dop_operator_3.py for tasks to queue
[2025-07-22T09:05:46.326+0000] {logging_mixin.py:188} INFO - [2025-07-22T09:05:46.326+0000] {dagbag.py:545} INFO - Filling up the DagBag from /home/airflow/.local/lib/python3.12/site-packages/airflow/example_dags/example_branch_python_dop_operator_3.py
[2025-07-22T09:05:46.336+0000] {processor.py:840} INFO - DAG(s) 'example_branch_dop_operator_v3' retrieved from /home/airflow/.local/lib/python3.12/site-packages/airflow/example_dags/example_branch_python_dop_operator_3.py
[2025-07-22T09:05:46.360+0000] {logging_mixin.py:188} INFO - [2025-07-22T09:05:46.360+0000] {dag.py:3096} INFO - Sync 1 DAGs
[2025-07-22T09:05:46.392+0000] {logging_mixin.py:188} INFO - [2025-07-22T09:05:46.392+0000] {dag.py:3954} INFO - Setting next_dagrun for example_branch_dop_operator_v3 to 2025-07-22 09:04:00+00:00, run_after=2025-07-22 09:05:00+00:00
[2025-07-22T09:05:46.414+0000] {processor.py:183} INFO - Processing /home/airflow/.local/lib/python3.12/site-packages/airflow/example_dags/example_branch_python_dop_operator_3.py took 0.098 seconds
[2025-07-22T09:06:16.577+0000] {processor.py:161} INFO - Started process (PID=1733) to work on /home/airflow/.local/lib/python3.12/site-packages/airflow/example_dags/example_branch_python_dop_operator_3.py
[2025-07-22T09:06:16.578+0000] {processor.py:830} INFO - Processing file /home/airflow/.local/lib/python3.12/site-packages/airflow/example_dags/example_branch_python_dop_operator_3.py for tasks to queue
[2025-07-22T09:06:16.580+0000] {logging_mixin.py:188} INFO - [2025-07-22T09:06:16.580+0000] {dagbag.py:545} INFO - Filling up the DagBag from /home/airflow/.local/lib/python3.12/site-packages/airflow/example_dags/example_branch_python_dop_operator_3.py
[2025-07-22T09:06:16.589+0000] {processor.py:840} INFO - DAG(s) 'example_branch_dop_operator_v3' retrieved from /home/airflow/.local/lib/python3.12/site-packages/airflow/example_dags/example_branch_python_dop_operator_3.py
[2025-07-22T09:06:16.611+0000] {logging_mixin.py:188} INFO - [2025-07-22T09:06:16.611+0000] {dag.py:3096} INFO - Sync 1 DAGs
[2025-07-22T09:06:16.638+0000] {logging_mixin.py:188} INFO - [2025-07-22T09:06:16.638+0000] {dag.py:3954} INFO - Setting next_dagrun for example_branch_dop_operator_v3 to 2025-07-22 09:05:00+00:00, run_after=2025-07-22 09:06:00+00:00
[2025-07-22T09:06:16.661+0000] {processor.py:183} INFO - Processing /home/airflow/.local/lib/python3.12/site-packages/airflow/example_dags/example_branch_python_dop_operator_3.py took 0.091 seconds
[2025-07-22T09:06:47.010+0000] {processor.py:161} INFO - Started process (PID=1793) to work on /home/airflow/.local/lib/python3.12/site-packages/airflow/example_dags/example_branch_python_dop_operator_3.py
[2025-07-22T09:06:47.011+0000] {processor.py:830} INFO - Processing file /home/airflow/.local/lib/python3.12/site-packages/airflow/example_dags/example_branch_python_dop_operator_3.py for tasks to queue
[2025-07-22T09:06:47.015+0000] {logging_mixin.py:188} INFO - [2025-07-22T09:06:47.014+0000] {dagbag.py:545} INFO - Filling up the DagBag from /home/airflow/.local/lib/python3.12/site-packages/airflow/example_dags/example_branch_python_dop_operator_3.py
[2025-07-22T09:06:47.026+0000] {processor.py:840} INFO - DAG(s) 'example_branch_dop_operator_v3' retrieved from /home/airflow/.local/lib/python3.12/site-packages/airflow/example_dags/example_branch_python_dop_operator_3.py
[2025-07-22T09:06:47.052+0000] {logging_mixin.py:188} INFO - [2025-07-22T09:06:47.052+0000] {dag.py:3096} INFO - Sync 1 DAGs
[2025-07-22T09:06:47.085+0000] {logging_mixin.py:188} INFO - [2025-07-22T09:06:47.084+0000] {dag.py:3954} INFO - Setting next_dagrun for example_branch_dop_operator_v3 to 2025-07-22 09:05:00+00:00, run_after=2025-07-22 09:06:00+00:00
[2025-07-22T09:06:47.107+0000] {processor.py:183} INFO - Processing /home/airflow/.local/lib/python3.12/site-packages/airflow/example_dags/example_branch_python_dop_operator_3.py took 0.104 seconds
[2025-07-22T09:07:17.581+0000] {processor.py:161} INFO - Started process (PID=1853) to work on /home/airflow/.local/lib/python3.12/site-packages/airflow/example_dags/example_branch_python_dop_operator_3.py
[2025-07-22T09:07:17.582+0000] {processor.py:830} INFO - Processing file /home/airflow/.local/lib/python3.12/site-packages/airflow/example_dags/example_branch_python_dop_operator_3.py for tasks to queue
[2025-07-22T09:07:17.584+0000] {logging_mixin.py:188} INFO - [2025-07-22T09:07:17.584+0000] {dagbag.py:545} INFO - Filling up the DagBag from /home/airflow/.local/lib/python3.12/site-packages/airflow/example_dags/example_branch_python_dop_operator_3.py
[2025-07-22T09:07:17.594+0000] {processor.py:840} INFO - DAG(s) 'example_branch_dop_operator_v3' retrieved from /home/airflow/.local/lib/python3.12/site-packages/airflow/example_dags/example_branch_python_dop_operator_3.py
[2025-07-22T09:07:17.619+0000] {logging_mixin.py:188} INFO - [2025-07-22T09:07:17.618+0000] {dag.py:3096} INFO - Sync 1 DAGs
[2025-07-22T09:07:17.655+0000] {logging_mixin.py:188} INFO - [2025-07-22T09:07:17.655+0000] {dag.py:3954} INFO - Setting next_dagrun for example_branch_dop_operator_v3 to 2025-07-22 09:06:00+00:00, run_after=2025-07-22 09:07:00+00:00
[2025-07-22T09:07:17.680+0000] {processor.py:183} INFO - Processing /home/airflow/.local/lib/python3.12/site-packages/airflow/example_dags/example_branch_python_dop_operator_3.py took 0.106 seconds
[2025-07-22T09:07:48.067+0000] {processor.py:161} INFO - Started process (PID=1913) to work on /home/airflow/.local/lib/python3.12/site-packages/airflow/example_dags/example_branch_python_dop_operator_3.py
[2025-07-22T09:07:48.069+0000] {processor.py:830} INFO - Processing file /home/airflow/.local/lib/python3.12/site-packages/airflow/example_dags/example_branch_python_dop_operator_3.py for tasks to queue
[2025-07-22T09:07:48.071+0000] {logging_mixin.py:188} INFO - [2025-07-22T09:07:48.070+0000] {dagbag.py:545} INFO - Filling up the DagBag from /home/airflow/.local/lib/python3.12/site-packages/airflow/example_dags/example_branch_python_dop_operator_3.py
[2025-07-22T09:07:48.080+0000] {processor.py:840} INFO - DAG(s) 'example_branch_dop_operator_v3' retrieved from /home/airflow/.local/lib/python3.12/site-packages/airflow/example_dags/example_branch_python_dop_operator_3.py
[2025-07-22T09:07:48.100+0000] {logging_mixin.py:188} INFO - [2025-07-22T09:07:48.100+0000] {dag.py:3096} INFO - Sync 1 DAGs
[2025-07-22T09:07:48.127+0000] {logging_mixin.py:188} INFO - [2025-07-22T09:07:48.127+0000] {dag.py:3954} INFO - Setting next_dagrun for example_branch_dop_operator_v3 to 2025-07-22 09:06:00+00:00, run_after=2025-07-22 09:07:00+00:00
[2025-07-22T09:07:48.149+0000] {processor.py:183} INFO - Processing /home/airflow/.local/lib/python3.12/site-packages/airflow/example_dags/example_branch_python_dop_operator_3.py took 0.088 seconds
[2025-07-22T09:08:18.514+0000] {processor.py:161} INFO - Started process (PID=1973) to work on /home/airflow/.local/lib/python3.12/site-packages/airflow/example_dags/example_branch_python_dop_operator_3.py
[2025-07-22T09:08:18.516+0000] {processor.py:830} INFO - Processing file /home/airflow/.local/lib/python3.12/site-packages/airflow/example_dags/example_branch_python_dop_operator_3.py for tasks to queue
[2025-07-22T09:08:18.519+0000] {logging_mixin.py:188} INFO - [2025-07-22T09:08:18.518+0000] {dagbag.py:545} INFO - Filling up the DagBag from /home/airflow/.local/lib/python3.12/site-packages/airflow/example_dags/example_branch_python_dop_operator_3.py
[2025-07-22T09:08:18.532+0000] {processor.py:840} INFO - DAG(s) 'example_branch_dop_operator_v3' retrieved from /home/airflow/.local/lib/python3.12/site-packages/airflow/example_dags/example_branch_python_dop_operator_3.py
[2025-07-22T09:08:18.562+0000] {logging_mixin.py:188} INFO - [2025-07-22T09:08:18.562+0000] {dag.py:3096} INFO - Sync 1 DAGs
[2025-07-22T09:08:18.609+0000] {logging_mixin.py:188} INFO - [2025-07-22T09:08:18.608+0000] {dag.py:3954} INFO - Setting next_dagrun for example_branch_dop_operator_v3 to 2025-07-22 09:07:00+00:00, run_after=2025-07-22 09:08:00+00:00
[2025-07-22T09:08:18.645+0000] {processor.py:183} INFO - Processing /home/airflow/.local/lib/python3.12/site-packages/airflow/example_dags/example_branch_python_dop_operator_3.py took 0.139 seconds
[2025-07-22T09:08:49.552+0000] {processor.py:161} INFO - Started process (PID=2033) to work on /home/airflow/.local/lib/python3.12/site-packages/airflow/example_dags/example_branch_python_dop_operator_3.py
[2025-07-22T09:08:49.554+0000] {processor.py:830} INFO - Processing file /home/airflow/.local/lib/python3.12/site-packages/airflow/example_dags/example_branch_python_dop_operator_3.py for tasks to queue
[2025-07-22T09:08:49.556+0000] {logging_mixin.py:188} INFO - [2025-07-22T09:08:49.555+0000] {dagbag.py:545} INFO - Filling up the DagBag from /home/airflow/.local/lib/python3.12/site-packages/airflow/example_dags/example_branch_python_dop_operator_3.py
[2025-07-22T09:08:49.565+0000] {processor.py:840} INFO - DAG(s) 'example_branch_dop_operator_v3' retrieved from /home/airflow/.local/lib/python3.12/site-packages/airflow/example_dags/example_branch_python_dop_operator_3.py
[2025-07-22T09:08:49.587+0000] {logging_mixin.py:188} INFO - [2025-07-22T09:08:49.587+0000] {dag.py:3096} INFO - Sync 1 DAGs
[2025-07-22T09:08:49.614+0000] {logging_mixin.py:188} INFO - [2025-07-22T09:08:49.614+0000] {dag.py:3954} INFO - Setting next_dagrun for example_branch_dop_operator_v3 to 2025-07-22 09:07:00+00:00, run_after=2025-07-22 09:08:00+00:00
[2025-07-22T09:08:49.635+0000] {processor.py:183} INFO - Processing /home/airflow/.local/lib/python3.12/site-packages/airflow/example_dags/example_branch_python_dop_operator_3.py took 0.089 seconds
[2025-07-22T09:09:20.086+0000] {processor.py:161} INFO - Started process (PID=2093) to work on /home/airflow/.local/lib/python3.12/site-packages/airflow/example_dags/example_branch_python_dop_operator_3.py
[2025-07-22T09:09:20.087+0000] {processor.py:830} INFO - Processing file /home/airflow/.local/lib/python3.12/site-packages/airflow/example_dags/example_branch_python_dop_operator_3.py for tasks to queue
[2025-07-22T09:09:20.090+0000] {logging_mixin.py:188} INFO - [2025-07-22T09:09:20.090+0000] {dagbag.py:545} INFO - Filling up the DagBag from /home/airflow/.local/lib/python3.12/site-packages/airflow/example_dags/example_branch_python_dop_operator_3.py
[2025-07-22T09:09:20.102+0000] {processor.py:840} INFO - DAG(s) 'example_branch_dop_operator_v3' retrieved from /home/airflow/.local/lib/python3.12/site-packages/airflow/example_dags/example_branch_python_dop_operator_3.py
[2025-07-22T09:09:20.127+0000] {logging_mixin.py:188} INFO - [2025-07-22T09:09:20.126+0000] {dag.py:3096} INFO - Sync 1 DAGs
[2025-07-22T09:09:20.158+0000] {logging_mixin.py:188} INFO - [2025-07-22T09:09:20.158+0000] {dag.py:3954} INFO - Setting next_dagrun for example_branch_dop_operator_v3 to 2025-07-22 09:08:00+00:00, run_after=2025-07-22 09:09:00+00:00
[2025-07-22T09:09:20.187+0000] {processor.py:183} INFO - Processing /home/airflow/.local/lib/python3.12/site-packages/airflow/example_dags/example_branch_python_dop_operator_3.py took 0.108 seconds
[2025-07-22T09:09:50.350+0000] {processor.py:161} INFO - Started process (PID=2153) to work on /home/airflow/.local/lib/python3.12/site-packages/airflow/example_dags/example_branch_python_dop_operator_3.py
[2025-07-22T09:09:50.351+0000] {processor.py:830} INFO - Processing file /home/airflow/.local/lib/python3.12/site-packages/airflow/example_dags/example_branch_python_dop_operator_3.py for tasks to queue
[2025-07-22T09:09:50.353+0000] {logging_mixin.py:188} INFO - [2025-07-22T09:09:50.353+0000] {dagbag.py:545} INFO - Filling up the DagBag from /home/airflow/.local/lib/python3.12/site-packages/airflow/example_dags/example_branch_python_dop_operator_3.py
[2025-07-22T09:09:50.363+0000] {processor.py:840} INFO - DAG(s) 'example_branch_dop_operator_v3' retrieved from /home/airflow/.local/lib/python3.12/site-packages/airflow/example_dags/example_branch_python_dop_operator_3.py
[2025-07-22T09:09:50.387+0000] {logging_mixin.py:188} INFO - [2025-07-22T09:09:50.387+0000] {dag.py:3096} INFO - Sync 1 DAGs
[2025-07-22T09:09:50.416+0000] {logging_mixin.py:188} INFO - [2025-07-22T09:09:50.416+0000] {dag.py:3954} INFO - Setting next_dagrun for example_branch_dop_operator_v3 to 2025-07-22 09:08:00+00:00, run_after=2025-07-22 09:09:00+00:00
[2025-07-22T09:09:50.440+0000] {processor.py:183} INFO - Processing /home/airflow/.local/lib/python3.12/site-packages/airflow/example_dags/example_branch_python_dop_operator_3.py took 0.097 seconds
[2025-07-22T09:10:20.614+0000] {processor.py:161} INFO - Started process (PID=2213) to work on /home/airflow/.local/lib/python3.12/site-packages/airflow/example_dags/example_branch_python_dop_operator_3.py
[2025-07-22T09:10:20.615+0000] {processor.py:830} INFO - Processing file /home/airflow/.local/lib/python3.12/site-packages/airflow/example_dags/example_branch_python_dop_operator_3.py for tasks to queue
[2025-07-22T09:10:20.617+0000] {logging_mixin.py:188} INFO - [2025-07-22T09:10:20.617+0000] {dagbag.py:545} INFO - Filling up the DagBag from /home/airflow/.local/lib/python3.12/site-packages/airflow/example_dags/example_branch_python_dop_operator_3.py
[2025-07-22T09:10:20.627+0000] {processor.py:840} INFO - DAG(s) 'example_branch_dop_operator_v3' retrieved from /home/airflow/.local/lib/python3.12/site-packages/airflow/example_dags/example_branch_python_dop_operator_3.py
[2025-07-22T09:10:20.658+0000] {logging_mixin.py:188} INFO - [2025-07-22T09:10:20.658+0000] {dag.py:3096} INFO - Sync 1 DAGs
[2025-07-22T09:10:20.691+0000] {logging_mixin.py:188} INFO - [2025-07-22T09:10:20.690+0000] {dag.py:3954} INFO - Setting next_dagrun for example_branch_dop_operator_v3 to 2025-07-22 09:09:00+00:00, run_after=2025-07-22 09:10:00+00:00
[2025-07-22T09:10:20.716+0000] {processor.py:183} INFO - Processing /home/airflow/.local/lib/python3.12/site-packages/airflow/example_dags/example_branch_python_dop_operator_3.py took 0.110 seconds
[2025-07-22T09:10:51.301+0000] {processor.py:161} INFO - Started process (PID=2273) to work on /home/airflow/.local/lib/python3.12/site-packages/airflow/example_dags/example_branch_python_dop_operator_3.py
[2025-07-22T09:10:51.303+0000] {processor.py:830} INFO - Processing file /home/airflow/.local/lib/python3.12/site-packages/airflow/example_dags/example_branch_python_dop_operator_3.py for tasks to queue
[2025-07-22T09:10:51.309+0000] {logging_mixin.py:188} INFO - [2025-07-22T09:10:51.308+0000] {dagbag.py:545} INFO - Filling up the DagBag from /home/airflow/.local/lib/python3.12/site-packages/airflow/example_dags/example_branch_python_dop_operator_3.py
[2025-07-22T09:10:51.341+0000] {processor.py:840} INFO - DAG(s) 'example_branch_dop_operator_v3' retrieved from /home/airflow/.local/lib/python3.12/site-packages/airflow/example_dags/example_branch_python_dop_operator_3.py
[2025-07-22T09:10:51.433+0000] {logging_mixin.py:188} INFO - [2025-07-22T09:10:51.432+0000] {dag.py:3096} INFO - Sync 1 DAGs
[2025-07-22T09:10:51.500+0000] {logging_mixin.py:188} INFO - [2025-07-22T09:10:51.499+0000] {dag.py:3954} INFO - Setting next_dagrun for example_branch_dop_operator_v3 to 2025-07-22 09:09:00+00:00, run_after=2025-07-22 09:10:00+00:00
[2025-07-22T09:10:51.531+0000] {processor.py:183} INFO - Processing /home/airflow/.local/lib/python3.12/site-packages/airflow/example_dags/example_branch_python_dop_operator_3.py took 0.242 seconds
[2025-07-22T09:11:21.678+0000] {processor.py:161} INFO - Started process (PID=2333) to work on /home/airflow/.local/lib/python3.12/site-packages/airflow/example_dags/example_branch_python_dop_operator_3.py
[2025-07-22T09:11:21.680+0000] {processor.py:830} INFO - Processing file /home/airflow/.local/lib/python3.12/site-packages/airflow/example_dags/example_branch_python_dop_operator_3.py for tasks to queue
[2025-07-22T09:11:21.682+0000] {logging_mixin.py:188} INFO - [2025-07-22T09:11:21.682+0000] {dagbag.py:545} INFO - Filling up the DagBag from /home/airflow/.local/lib/python3.12/site-packages/airflow/example_dags/example_branch_python_dop_operator_3.py
[2025-07-22T09:11:21.693+0000] {processor.py:840} INFO - DAG(s) 'example_branch_dop_operator_v3' retrieved from /home/airflow/.local/lib/python3.12/site-packages/airflow/example_dags/example_branch_python_dop_operator_3.py
[2025-07-22T09:11:21.718+0000] {logging_mixin.py:188} INFO - [2025-07-22T09:11:21.718+0000] {dag.py:3096} INFO - Sync 1 DAGs
[2025-07-22T09:11:21.751+0000] {logging_mixin.py:188} INFO - [2025-07-22T09:11:21.751+0000] {dag.py:3954} INFO - Setting next_dagrun for example_branch_dop_operator_v3 to 2025-07-22 09:10:00+00:00, run_after=2025-07-22 09:11:00+00:00
[2025-07-22T09:11:21.776+0000] {processor.py:183} INFO - Processing /home/airflow/.local/lib/python3.12/site-packages/airflow/example_dags/example_branch_python_dop_operator_3.py took 0.106 seconds
[2025-07-22T09:11:51.839+0000] {processor.py:161} INFO - Started process (PID=2391) to work on /home/airflow/.local/lib/python3.12/site-packages/airflow/example_dags/example_branch_python_dop_operator_3.py
[2025-07-22T09:11:51.841+0000] {processor.py:830} INFO - Processing file /home/airflow/.local/lib/python3.12/site-packages/airflow/example_dags/example_branch_python_dop_operator_3.py for tasks to queue
[2025-07-22T09:11:51.843+0000] {logging_mixin.py:188} INFO - [2025-07-22T09:11:51.842+0000] {dagbag.py:545} INFO - Filling up the DagBag from /home/airflow/.local/lib/python3.12/site-packages/airflow/example_dags/example_branch_python_dop_operator_3.py
[2025-07-22T09:11:51.852+0000] {processor.py:840} INFO - DAG(s) 'example_branch_dop_operator_v3' retrieved from /home/airflow/.local/lib/python3.12/site-packages/airflow/example_dags/example_branch_python_dop_operator_3.py
[2025-07-22T09:11:51.875+0000] {logging_mixin.py:188} INFO - [2025-07-22T09:11:51.874+0000] {dag.py:3096} INFO - Sync 1 DAGs
[2025-07-22T09:11:51.903+0000] {logging_mixin.py:188} INFO - [2025-07-22T09:11:51.902+0000] {dag.py:3954} INFO - Setting next_dagrun for example_branch_dop_operator_v3 to 2025-07-22 09:10:00+00:00, run_after=2025-07-22 09:11:00+00:00
[2025-07-22T09:11:51.924+0000] {processor.py:183} INFO - Processing /home/airflow/.local/lib/python3.12/site-packages/airflow/example_dags/example_branch_python_dop_operator_3.py took 0.091 seconds
[2025-07-22T09:12:22.367+0000] {processor.py:161} INFO - Started process (PID=2451) to work on /home/airflow/.local/lib/python3.12/site-packages/airflow/example_dags/example_branch_python_dop_operator_3.py
[2025-07-22T09:12:22.369+0000] {processor.py:830} INFO - Processing file /home/airflow/.local/lib/python3.12/site-packages/airflow/example_dags/example_branch_python_dop_operator_3.py for tasks to queue
[2025-07-22T09:12:22.371+0000] {logging_mixin.py:188} INFO - [2025-07-22T09:12:22.371+0000] {dagbag.py:545} INFO - Filling up the DagBag from /home/airflow/.local/lib/python3.12/site-packages/airflow/example_dags/example_branch_python_dop_operator_3.py
[2025-07-22T09:12:22.380+0000] {processor.py:840} INFO - DAG(s) 'example_branch_dop_operator_v3' retrieved from /home/airflow/.local/lib/python3.12/site-packages/airflow/example_dags/example_branch_python_dop_operator_3.py
[2025-07-22T09:12:22.402+0000] {logging_mixin.py:188} INFO - [2025-07-22T09:12:22.402+0000] {dag.py:3096} INFO - Sync 1 DAGs
[2025-07-22T09:12:22.429+0000] {logging_mixin.py:188} INFO - [2025-07-22T09:12:22.429+0000] {dag.py:3954} INFO - Setting next_dagrun for example_branch_dop_operator_v3 to 2025-07-22 09:11:00+00:00, run_after=2025-07-22 09:12:00+00:00
[2025-07-22T09:12:22.451+0000] {processor.py:183} INFO - Processing /home/airflow/.local/lib/python3.12/site-packages/airflow/example_dags/example_branch_python_dop_operator_3.py took 0.090 seconds
[2025-07-22T09:12:52.536+0000] {processor.py:161} INFO - Started process (PID=2511) to work on /home/airflow/.local/lib/python3.12/site-packages/airflow/example_dags/example_branch_python_dop_operator_3.py
[2025-07-22T09:12:52.537+0000] {processor.py:830} INFO - Processing file /home/airflow/.local/lib/python3.12/site-packages/airflow/example_dags/example_branch_python_dop_operator_3.py for tasks to queue
[2025-07-22T09:12:52.540+0000] {logging_mixin.py:188} INFO - [2025-07-22T09:12:52.540+0000] {dagbag.py:545} INFO - Filling up the DagBag from /home/airflow/.local/lib/python3.12/site-packages/airflow/example_dags/example_branch_python_dop_operator_3.py
[2025-07-22T09:12:52.553+0000] {processor.py:840} INFO - DAG(s) 'example_branch_dop_operator_v3' retrieved from /home/airflow/.local/lib/python3.12/site-packages/airflow/example_dags/example_branch_python_dop_operator_3.py
[2025-07-22T09:12:52.579+0000] {logging_mixin.py:188} INFO - [2025-07-22T09:12:52.579+0000] {dag.py:3096} INFO - Sync 1 DAGs
[2025-07-22T09:12:52.608+0000] {logging_mixin.py:188} INFO - [2025-07-22T09:12:52.607+0000] {dag.py:3954} INFO - Setting next_dagrun for example_branch_dop_operator_v3 to 2025-07-22 09:11:00+00:00, run_after=2025-07-22 09:12:00+00:00
[2025-07-22T09:12:52.635+0000] {processor.py:183} INFO - Processing /home/airflow/.local/lib/python3.12/site-packages/airflow/example_dags/example_branch_python_dop_operator_3.py took 0.108 seconds
[2025-07-22T09:13:23.072+0000] {processor.py:161} INFO - Started process (PID=2571) to work on /home/airflow/.local/lib/python3.12/site-packages/airflow/example_dags/example_branch_python_dop_operator_3.py
[2025-07-22T09:13:23.073+0000] {processor.py:830} INFO - Processing file /home/airflow/.local/lib/python3.12/site-packages/airflow/example_dags/example_branch_python_dop_operator_3.py for tasks to queue
[2025-07-22T09:13:23.075+0000] {logging_mixin.py:188} INFO - [2025-07-22T09:13:23.075+0000] {dagbag.py:545} INFO - Filling up the DagBag from /home/airflow/.local/lib/python3.12/site-packages/airflow/example_dags/example_branch_python_dop_operator_3.py
[2025-07-22T09:13:23.085+0000] {processor.py:840} INFO - DAG(s) 'example_branch_dop_operator_v3' retrieved from /home/airflow/.local/lib/python3.12/site-packages/airflow/example_dags/example_branch_python_dop_operator_3.py
[2025-07-22T09:13:23.107+0000] {logging_mixin.py:188} INFO - [2025-07-22T09:13:23.107+0000] {dag.py:3096} INFO - Sync 1 DAGs
[2025-07-22T09:13:23.134+0000] {logging_mixin.py:188} INFO - [2025-07-22T09:13:23.134+0000] {dag.py:3954} INFO - Setting next_dagrun for example_branch_dop_operator_v3 to 2025-07-22 09:12:00+00:00, run_after=2025-07-22 09:13:00+00:00
[2025-07-22T09:13:23.156+0000] {processor.py:183} INFO - Processing /home/airflow/.local/lib/python3.12/site-packages/airflow/example_dags/example_branch_python_dop_operator_3.py took 0.091 seconds
[2025-07-22T09:13:53.287+0000] {processor.py:161} INFO - Started process (PID=2631) to work on /home/airflow/.local/lib/python3.12/site-packages/airflow/example_dags/example_branch_python_dop_operator_3.py
[2025-07-22T09:13:53.288+0000] {processor.py:830} INFO - Processing file /home/airflow/.local/lib/python3.12/site-packages/airflow/example_dags/example_branch_python_dop_operator_3.py for tasks to queue
[2025-07-22T09:13:53.291+0000] {logging_mixin.py:188} INFO - [2025-07-22T09:13:53.290+0000] {dagbag.py:545} INFO - Filling up the DagBag from /home/airflow/.local/lib/python3.12/site-packages/airflow/example_dags/example_branch_python_dop_operator_3.py
[2025-07-22T09:13:53.301+0000] {processor.py:840} INFO - DAG(s) 'example_branch_dop_operator_v3' retrieved from /home/airflow/.local/lib/python3.12/site-packages/airflow/example_dags/example_branch_python_dop_operator_3.py
[2025-07-22T09:13:53.322+0000] {logging_mixin.py:188} INFO - [2025-07-22T09:13:53.322+0000] {dag.py:3096} INFO - Sync 1 DAGs
[2025-07-22T09:13:53.349+0000] {logging_mixin.py:188} INFO - [2025-07-22T09:13:53.349+0000] {dag.py:3954} INFO - Setting next_dagrun for example_branch_dop_operator_v3 to 2025-07-22 09:12:00+00:00, run_after=2025-07-22 09:13:00+00:00
[2025-07-22T09:13:53.372+0000] {processor.py:183} INFO - Processing /home/airflow/.local/lib/python3.12/site-packages/airflow/example_dags/example_branch_python_dop_operator_3.py took 0.092 seconds
[2025-07-22T09:14:23.555+0000] {processor.py:161} INFO - Started process (PID=2692) to work on /home/airflow/.local/lib/python3.12/site-packages/airflow/example_dags/example_branch_python_dop_operator_3.py
[2025-07-22T09:14:23.556+0000] {processor.py:830} INFO - Processing file /home/airflow/.local/lib/python3.12/site-packages/airflow/example_dags/example_branch_python_dop_operator_3.py for tasks to queue
[2025-07-22T09:14:23.559+0000] {logging_mixin.py:188} INFO - [2025-07-22T09:14:23.558+0000] {dagbag.py:545} INFO - Filling up the DagBag from /home/airflow/.local/lib/python3.12/site-packages/airflow/example_dags/example_branch_python_dop_operator_3.py
[2025-07-22T09:14:23.568+0000] {processor.py:840} INFO - DAG(s) 'example_branch_dop_operator_v3' retrieved from /home/airflow/.local/lib/python3.12/site-packages/airflow/example_dags/example_branch_python_dop_operator_3.py
[2025-07-22T09:14:23.589+0000] {logging_mixin.py:188} INFO - [2025-07-22T09:14:23.589+0000] {dag.py:3096} INFO - Sync 1 DAGs
[2025-07-22T09:14:23.617+0000] {logging_mixin.py:188} INFO - [2025-07-22T09:14:23.616+0000] {dag.py:3954} INFO - Setting next_dagrun for example_branch_dop_operator_v3 to 2025-07-22 09:13:00+00:00, run_after=2025-07-22 09:14:00+00:00
[2025-07-22T09:14:23.638+0000] {processor.py:183} INFO - Processing /home/airflow/.local/lib/python3.12/site-packages/airflow/example_dags/example_branch_python_dop_operator_3.py took 0.089 seconds
[2025-07-22T09:14:53.787+0000] {processor.py:161} INFO - Started process (PID=2752) to work on /home/airflow/.local/lib/python3.12/site-packages/airflow/example_dags/example_branch_python_dop_operator_3.py
[2025-07-22T09:14:53.788+0000] {processor.py:830} INFO - Processing file /home/airflow/.local/lib/python3.12/site-packages/airflow/example_dags/example_branch_python_dop_operator_3.py for tasks to queue
[2025-07-22T09:14:53.790+0000] {logging_mixin.py:188} INFO - [2025-07-22T09:14:53.790+0000] {dagbag.py:545} INFO - Filling up the DagBag from /home/airflow/.local/lib/python3.12/site-packages/airflow/example_dags/example_branch_python_dop_operator_3.py
[2025-07-22T09:14:53.800+0000] {processor.py:840} INFO - DAG(s) 'example_branch_dop_operator_v3' retrieved from /home/airflow/.local/lib/python3.12/site-packages/airflow/example_dags/example_branch_python_dop_operator_3.py
[2025-07-22T09:14:53.822+0000] {logging_mixin.py:188} INFO - [2025-07-22T09:14:53.822+0000] {dag.py:3096} INFO - Sync 1 DAGs
[2025-07-22T09:14:53.849+0000] {logging_mixin.py:188} INFO - [2025-07-22T09:14:53.849+0000] {dag.py:3954} INFO - Setting next_dagrun for example_branch_dop_operator_v3 to 2025-07-22 09:13:00+00:00, run_after=2025-07-22 09:14:00+00:00
[2025-07-22T09:14:53.871+0000] {processor.py:183} INFO - Processing /home/airflow/.local/lib/python3.12/site-packages/airflow/example_dags/example_branch_python_dop_operator_3.py took 0.091 seconds
[2025-07-22T09:15:23.945+0000] {processor.py:161} INFO - Started process (PID=2812) to work on /home/airflow/.local/lib/python3.12/site-packages/airflow/example_dags/example_branch_python_dop_operator_3.py
[2025-07-22T09:15:23.947+0000] {processor.py:830} INFO - Processing file /home/airflow/.local/lib/python3.12/site-packages/airflow/example_dags/example_branch_python_dop_operator_3.py for tasks to queue
[2025-07-22T09:15:23.950+0000] {logging_mixin.py:188} INFO - [2025-07-22T09:15:23.950+0000] {dagbag.py:545} INFO - Filling up the DagBag from /home/airflow/.local/lib/python3.12/site-packages/airflow/example_dags/example_branch_python_dop_operator_3.py
[2025-07-22T09:15:23.966+0000] {processor.py:840} INFO - DAG(s) 'example_branch_dop_operator_v3' retrieved from /home/airflow/.local/lib/python3.12/site-packages/airflow/example_dags/example_branch_python_dop_operator_3.py
[2025-07-22T09:15:23.995+0000] {logging_mixin.py:188} INFO - [2025-07-22T09:15:23.995+0000] {dag.py:3096} INFO - Sync 1 DAGs
[2025-07-22T09:15:24.033+0000] {logging_mixin.py:188} INFO - [2025-07-22T09:15:24.033+0000] {dag.py:3954} INFO - Setting next_dagrun for example_branch_dop_operator_v3 to 2025-07-22 09:14:00+00:00, run_after=2025-07-22 09:15:00+00:00
[2025-07-22T09:15:24.066+0000] {processor.py:183} INFO - Processing /home/airflow/.local/lib/python3.12/site-packages/airflow/example_dags/example_branch_python_dop_operator_3.py took 0.132 seconds
[2025-07-22T09:15:54.124+0000] {processor.py:161} INFO - Started process (PID=2872) to work on /home/airflow/.local/lib/python3.12/site-packages/airflow/example_dags/example_branch_python_dop_operator_3.py
[2025-07-22T09:15:54.125+0000] {processor.py:830} INFO - Processing file /home/airflow/.local/lib/python3.12/site-packages/airflow/example_dags/example_branch_python_dop_operator_3.py for tasks to queue
[2025-07-22T09:15:54.128+0000] {logging_mixin.py:188} INFO - [2025-07-22T09:15:54.128+0000] {dagbag.py:545} INFO - Filling up the DagBag from /home/airflow/.local/lib/python3.12/site-packages/airflow/example_dags/example_branch_python_dop_operator_3.py
[2025-07-22T09:15:54.140+0000] {processor.py:840} INFO - DAG(s) 'example_branch_dop_operator_v3' retrieved from /home/airflow/.local/lib/python3.12/site-packages/airflow/example_dags/example_branch_python_dop_operator_3.py
[2025-07-22T09:15:54.168+0000] {logging_mixin.py:188} INFO - [2025-07-22T09:15:54.168+0000] {dag.py:3096} INFO - Sync 1 DAGs
[2025-07-22T09:15:54.206+0000] {logging_mixin.py:188} INFO - [2025-07-22T09:15:54.206+0000] {dag.py:3954} INFO - Setting next_dagrun for example_branch_dop_operator_v3 to 2025-07-22 09:14:00+00:00, run_after=2025-07-22 09:15:00+00:00
[2025-07-22T09:15:54.246+0000] {processor.py:183} INFO - Processing /home/airflow/.local/lib/python3.12/site-packages/airflow/example_dags/example_branch_python_dop_operator_3.py took 0.130 seconds
[2025-07-22T09:16:24.496+0000] {processor.py:161} INFO - Started process (PID=2932) to work on /home/airflow/.local/lib/python3.12/site-packages/airflow/example_dags/example_branch_python_dop_operator_3.py
[2025-07-22T09:16:24.497+0000] {processor.py:830} INFO - Processing file /home/airflow/.local/lib/python3.12/site-packages/airflow/example_dags/example_branch_python_dop_operator_3.py for tasks to queue
[2025-07-22T09:16:24.500+0000] {logging_mixin.py:188} INFO - [2025-07-22T09:16:24.499+0000] {dagbag.py:545} INFO - Filling up the DagBag from /home/airflow/.local/lib/python3.12/site-packages/airflow/example_dags/example_branch_python_dop_operator_3.py
[2025-07-22T09:16:24.511+0000] {processor.py:840} INFO - DAG(s) 'example_branch_dop_operator_v3' retrieved from /home/airflow/.local/lib/python3.12/site-packages/airflow/example_dags/example_branch_python_dop_operator_3.py
[2025-07-22T09:16:24.537+0000] {logging_mixin.py:188} INFO - [2025-07-22T09:16:24.537+0000] {dag.py:3096} INFO - Sync 1 DAGs
[2025-07-22T09:16:24.571+0000] {logging_mixin.py:188} INFO - [2025-07-22T09:16:24.571+0000] {dag.py:3954} INFO - Setting next_dagrun for example_branch_dop_operator_v3 to 2025-07-22 09:15:00+00:00, run_after=2025-07-22 09:16:00+00:00
[2025-07-22T09:16:24.595+0000] {processor.py:183} INFO - Processing /home/airflow/.local/lib/python3.12/site-packages/airflow/example_dags/example_branch_python_dop_operator_3.py took 0.107 seconds
[2025-07-22T09:16:54.653+0000] {processor.py:161} INFO - Started process (PID=2992) to work on /home/airflow/.local/lib/python3.12/site-packages/airflow/example_dags/example_branch_python_dop_operator_3.py
[2025-07-22T09:16:54.654+0000] {processor.py:830} INFO - Processing file /home/airflow/.local/lib/python3.12/site-packages/airflow/example_dags/example_branch_python_dop_operator_3.py for tasks to queue
[2025-07-22T09:16:54.657+0000] {logging_mixin.py:188} INFO - [2025-07-22T09:16:54.656+0000] {dagbag.py:545} INFO - Filling up the DagBag from /home/airflow/.local/lib/python3.12/site-packages/airflow/example_dags/example_branch_python_dop_operator_3.py
[2025-07-22T09:16:54.668+0000] {processor.py:840} INFO - DAG(s) 'example_branch_dop_operator_v3' retrieved from /home/airflow/.local/lib/python3.12/site-packages/airflow/example_dags/example_branch_python_dop_operator_3.py
[2025-07-22T09:16:54.694+0000] {logging_mixin.py:188} INFO - [2025-07-22T09:16:54.694+0000] {dag.py:3096} INFO - Sync 1 DAGs
[2025-07-22T09:16:54.726+0000] {logging_mixin.py:188} INFO - [2025-07-22T09:16:54.726+0000] {dag.py:3954} INFO - Setting next_dagrun for example_branch_dop_operator_v3 to 2025-07-22 09:15:00+00:00, run_after=2025-07-22 09:16:00+00:00
[2025-07-22T09:16:54.758+0000] {processor.py:183} INFO - Processing /home/airflow/.local/lib/python3.12/site-packages/airflow/example_dags/example_branch_python_dop_operator_3.py took 0.112 seconds
[2025-07-22T09:17:25.392+0000] {processor.py:161} INFO - Started process (PID=3052) to work on /home/airflow/.local/lib/python3.12/site-packages/airflow/example_dags/example_branch_python_dop_operator_3.py
[2025-07-22T09:17:25.393+0000] {processor.py:830} INFO - Processing file /home/airflow/.local/lib/python3.12/site-packages/airflow/example_dags/example_branch_python_dop_operator_3.py for tasks to queue
[2025-07-22T09:17:25.396+0000] {logging_mixin.py:188} INFO - [2025-07-22T09:17:25.395+0000] {dagbag.py:545} INFO - Filling up the DagBag from /home/airflow/.local/lib/python3.12/site-packages/airflow/example_dags/example_branch_python_dop_operator_3.py
[2025-07-22T09:17:25.405+0000] {processor.py:840} INFO - DAG(s) 'example_branch_dop_operator_v3' retrieved from /home/airflow/.local/lib/python3.12/site-packages/airflow/example_dags/example_branch_python_dop_operator_3.py
[2025-07-22T09:17:25.426+0000] {logging_mixin.py:188} INFO - [2025-07-22T09:17:25.426+0000] {dag.py:3096} INFO - Sync 1 DAGs
[2025-07-22T09:17:25.455+0000] {logging_mixin.py:188} INFO - [2025-07-22T09:17:25.454+0000] {dag.py:3954} INFO - Setting next_dagrun for example_branch_dop_operator_v3 to 2025-07-22 09:16:00+00:00, run_after=2025-07-22 09:17:00+00:00
[2025-07-22T09:17:25.477+0000] {processor.py:183} INFO - Processing /home/airflow/.local/lib/python3.12/site-packages/airflow/example_dags/example_branch_python_dop_operator_3.py took 0.091 seconds
[2025-07-22T09:17:55.689+0000] {processor.py:161} INFO - Started process (PID=3112) to work on /home/airflow/.local/lib/python3.12/site-packages/airflow/example_dags/example_branch_python_dop_operator_3.py
[2025-07-22T09:17:55.690+0000] {processor.py:830} INFO - Processing file /home/airflow/.local/lib/python3.12/site-packages/airflow/example_dags/example_branch_python_dop_operator_3.py for tasks to queue
[2025-07-22T09:17:55.692+0000] {logging_mixin.py:188} INFO - [2025-07-22T09:17:55.692+0000] {dagbag.py:545} INFO - Filling up the DagBag from /home/airflow/.local/lib/python3.12/site-packages/airflow/example_dags/example_branch_python_dop_operator_3.py
[2025-07-22T09:17:55.702+0000] {processor.py:840} INFO - DAG(s) 'example_branch_dop_operator_v3' retrieved from /home/airflow/.local/lib/python3.12/site-packages/airflow/example_dags/example_branch_python_dop_operator_3.py
[2025-07-22T09:17:55.724+0000] {logging_mixin.py:188} INFO - [2025-07-22T09:17:55.724+0000] {dag.py:3096} INFO - Sync 1 DAGs
[2025-07-22T09:17:55.756+0000] {logging_mixin.py:188} INFO - [2025-07-22T09:17:55.755+0000] {dag.py:3954} INFO - Setting next_dagrun for example_branch_dop_operator_v3 to 2025-07-22 09:16:00+00:00, run_after=2025-07-22 09:17:00+00:00
[2025-07-22T09:17:55.779+0000] {processor.py:183} INFO - Processing /home/airflow/.local/lib/python3.12/site-packages/airflow/example_dags/example_branch_python_dop_operator_3.py took 0.096 seconds
[2025-07-22T09:18:26.597+0000] {processor.py:161} INFO - Started process (PID=3172) to work on /home/airflow/.local/lib/python3.12/site-packages/airflow/example_dags/example_branch_python_dop_operator_3.py
[2025-07-22T09:18:26.598+0000] {processor.py:830} INFO - Processing file /home/airflow/.local/lib/python3.12/site-packages/airflow/example_dags/example_branch_python_dop_operator_3.py for tasks to queue
[2025-07-22T09:18:26.600+0000] {logging_mixin.py:188} INFO - [2025-07-22T09:18:26.600+0000] {dagbag.py:545} INFO - Filling up the DagBag from /home/airflow/.local/lib/python3.12/site-packages/airflow/example_dags/example_branch_python_dop_operator_3.py
[2025-07-22T09:18:26.613+0000] {processor.py:840} INFO - DAG(s) 'example_branch_dop_operator_v3' retrieved from /home/airflow/.local/lib/python3.12/site-packages/airflow/example_dags/example_branch_python_dop_operator_3.py
[2025-07-22T09:18:26.641+0000] {logging_mixin.py:188} INFO - [2025-07-22T09:18:26.641+0000] {dag.py:3096} INFO - Sync 1 DAGs
[2025-07-22T09:18:26.675+0000] {logging_mixin.py:188} INFO - [2025-07-22T09:18:26.675+0000] {dag.py:3954} INFO - Setting next_dagrun for example_branch_dop_operator_v3 to 2025-07-22 09:17:00+00:00, run_after=2025-07-22 09:18:00+00:00
[2025-07-22T09:18:26.701+0000] {processor.py:183} INFO - Processing /home/airflow/.local/lib/python3.12/site-packages/airflow/example_dags/example_branch_python_dop_operator_3.py took 0.111 seconds
[2025-07-22T09:18:57.083+0000] {processor.py:161} INFO - Started process (PID=3232) to work on /home/airflow/.local/lib/python3.12/site-packages/airflow/example_dags/example_branch_python_dop_operator_3.py
[2025-07-22T09:18:57.084+0000] {processor.py:830} INFO - Processing file /home/airflow/.local/lib/python3.12/site-packages/airflow/example_dags/example_branch_python_dop_operator_3.py for tasks to queue
[2025-07-22T09:18:57.086+0000] {logging_mixin.py:188} INFO - [2025-07-22T09:18:57.086+0000] {dagbag.py:545} INFO - Filling up the DagBag from /home/airflow/.local/lib/python3.12/site-packages/airflow/example_dags/example_branch_python_dop_operator_3.py
[2025-07-22T09:18:57.095+0000] {processor.py:840} INFO - DAG(s) 'example_branch_dop_operator_v3' retrieved from /home/airflow/.local/lib/python3.12/site-packages/airflow/example_dags/example_branch_python_dop_operator_3.py
[2025-07-22T09:18:57.117+0000] {logging_mixin.py:188} INFO - [2025-07-22T09:18:57.117+0000] {dag.py:3096} INFO - Sync 1 DAGs
[2025-07-22T09:18:57.144+0000] {logging_mixin.py:188} INFO - [2025-07-22T09:18:57.144+0000] {dag.py:3954} INFO - Setting next_dagrun for example_branch_dop_operator_v3 to 2025-07-22 09:17:00+00:00, run_after=2025-07-22 09:18:00+00:00
[2025-07-22T09:18:57.166+0000] {processor.py:183} INFO - Processing /home/airflow/.local/lib/python3.12/site-packages/airflow/example_dags/example_branch_python_dop_operator_3.py took 0.089 seconds
[2025-07-22T09:19:27.738+0000] {processor.py:161} INFO - Started process (PID=3292) to work on /home/airflow/.local/lib/python3.12/site-packages/airflow/example_dags/example_branch_python_dop_operator_3.py
[2025-07-22T09:19:27.739+0000] {processor.py:830} INFO - Processing file /home/airflow/.local/lib/python3.12/site-packages/airflow/example_dags/example_branch_python_dop_operator_3.py for tasks to queue
[2025-07-22T09:19:27.741+0000] {logging_mixin.py:188} INFO - [2025-07-22T09:19:27.741+0000] {dagbag.py:545} INFO - Filling up the DagBag from /home/airflow/.local/lib/python3.12/site-packages/airflow/example_dags/example_branch_python_dop_operator_3.py
[2025-07-22T09:19:27.751+0000] {processor.py:840} INFO - DAG(s) 'example_branch_dop_operator_v3' retrieved from /home/airflow/.local/lib/python3.12/site-packages/airflow/example_dags/example_branch_python_dop_operator_3.py
[2025-07-22T09:19:27.772+0000] {logging_mixin.py:188} INFO - [2025-07-22T09:19:27.772+0000] {dag.py:3096} INFO - Sync 1 DAGs
[2025-07-22T09:19:27.800+0000] {logging_mixin.py:188} INFO - [2025-07-22T09:19:27.800+0000] {dag.py:3954} INFO - Setting next_dagrun for example_branch_dop_operator_v3 to 2025-07-22 09:18:00+00:00, run_after=2025-07-22 09:19:00+00:00
[2025-07-22T09:19:27.822+0000] {processor.py:183} INFO - Processing /home/airflow/.local/lib/python3.12/site-packages/airflow/example_dags/example_branch_python_dop_operator_3.py took 0.091 seconds
[2025-07-22T09:19:58.235+0000] {processor.py:161} INFO - Started process (PID=3352) to work on /home/airflow/.local/lib/python3.12/site-packages/airflow/example_dags/example_branch_python_dop_operator_3.py
[2025-07-22T09:19:58.237+0000] {processor.py:830} INFO - Processing file /home/airflow/.local/lib/python3.12/site-packages/airflow/example_dags/example_branch_python_dop_operator_3.py for tasks to queue
[2025-07-22T09:19:58.239+0000] {logging_mixin.py:188} INFO - [2025-07-22T09:19:58.239+0000] {dagbag.py:545} INFO - Filling up the DagBag from /home/airflow/.local/lib/python3.12/site-packages/airflow/example_dags/example_branch_python_dop_operator_3.py
[2025-07-22T09:19:58.249+0000] {processor.py:840} INFO - DAG(s) 'example_branch_dop_operator_v3' retrieved from /home/airflow/.local/lib/python3.12/site-packages/airflow/example_dags/example_branch_python_dop_operator_3.py
[2025-07-22T09:19:58.270+0000] {logging_mixin.py:188} INFO - [2025-07-22T09:19:58.270+0000] {dag.py:3096} INFO - Sync 1 DAGs
[2025-07-22T09:19:58.298+0000] {logging_mixin.py:188} INFO - [2025-07-22T09:19:58.297+0000] {dag.py:3954} INFO - Setting next_dagrun for example_branch_dop_operator_v3 to 2025-07-22 09:18:00+00:00, run_after=2025-07-22 09:19:00+00:00
[2025-07-22T09:19:58.318+0000] {processor.py:183} INFO - Processing /home/airflow/.local/lib/python3.12/site-packages/airflow/example_dags/example_branch_python_dop_operator_3.py took 0.091 seconds
[2025-07-22T09:20:28.595+0000] {processor.py:161} INFO - Started process (PID=3412) to work on /home/airflow/.local/lib/python3.12/site-packages/airflow/example_dags/example_branch_python_dop_operator_3.py
[2025-07-22T09:20:28.596+0000] {processor.py:830} INFO - Processing file /home/airflow/.local/lib/python3.12/site-packages/airflow/example_dags/example_branch_python_dop_operator_3.py for tasks to queue
[2025-07-22T09:20:28.598+0000] {logging_mixin.py:188} INFO - [2025-07-22T09:20:28.598+0000] {dagbag.py:545} INFO - Filling up the DagBag from /home/airflow/.local/lib/python3.12/site-packages/airflow/example_dags/example_branch_python_dop_operator_3.py
[2025-07-22T09:20:28.608+0000] {processor.py:840} INFO - DAG(s) 'example_branch_dop_operator_v3' retrieved from /home/airflow/.local/lib/python3.12/site-packages/airflow/example_dags/example_branch_python_dop_operator_3.py
[2025-07-22T09:20:28.631+0000] {logging_mixin.py:188} INFO - [2025-07-22T09:20:28.631+0000] {dag.py:3096} INFO - Sync 1 DAGs
[2025-07-22T09:20:28.659+0000] {logging_mixin.py:188} INFO - [2025-07-22T09:20:28.658+0000] {dag.py:3954} INFO - Setting next_dagrun for example_branch_dop_operator_v3 to 2025-07-22 09:19:00+00:00, run_after=2025-07-22 09:20:00+00:00
[2025-07-22T09:20:28.682+0000] {processor.py:183} INFO - Processing /home/airflow/.local/lib/python3.12/site-packages/airflow/example_dags/example_branch_python_dop_operator_3.py took 0.094 seconds
[2025-07-22T09:20:58.907+0000] {processor.py:161} INFO - Started process (PID=3472) to work on /home/airflow/.local/lib/python3.12/site-packages/airflow/example_dags/example_branch_python_dop_operator_3.py
[2025-07-22T09:20:58.909+0000] {processor.py:830} INFO - Processing file /home/airflow/.local/lib/python3.12/site-packages/airflow/example_dags/example_branch_python_dop_operator_3.py for tasks to queue
[2025-07-22T09:20:58.911+0000] {logging_mixin.py:188} INFO - [2025-07-22T09:20:58.910+0000] {dagbag.py:545} INFO - Filling up the DagBag from /home/airflow/.local/lib/python3.12/site-packages/airflow/example_dags/example_branch_python_dop_operator_3.py
[2025-07-22T09:20:58.921+0000] {processor.py:840} INFO - DAG(s) 'example_branch_dop_operator_v3' retrieved from /home/airflow/.local/lib/python3.12/site-packages/airflow/example_dags/example_branch_python_dop_operator_3.py
[2025-07-22T09:20:58.958+0000] {logging_mixin.py:188} INFO - [2025-07-22T09:20:58.957+0000] {dag.py:3096} INFO - Sync 1 DAGs
[2025-07-22T09:20:58.999+0000] {logging_mixin.py:188} INFO - [2025-07-22T09:20:58.999+0000] {dag.py:3954} INFO - Setting next_dagrun for example_branch_dop_operator_v3 to 2025-07-22 09:19:00+00:00, run_after=2025-07-22 09:20:00+00:00
[2025-07-22T09:20:59.027+0000] {processor.py:183} INFO - Processing /home/airflow/.local/lib/python3.12/site-packages/airflow/example_dags/example_branch_python_dop_operator_3.py took 0.126 seconds
[2025-07-22T09:21:29.079+0000] {processor.py:161} INFO - Started process (PID=3533) to work on /home/airflow/.local/lib/python3.12/site-packages/airflow/example_dags/example_branch_python_dop_operator_3.py
[2025-07-22T09:21:29.080+0000] {processor.py:830} INFO - Processing file /home/airflow/.local/lib/python3.12/site-packages/airflow/example_dags/example_branch_python_dop_operator_3.py for tasks to queue
[2025-07-22T09:21:29.083+0000] {logging_mixin.py:188} INFO - [2025-07-22T09:21:29.083+0000] {dagbag.py:545} INFO - Filling up the DagBag from /home/airflow/.local/lib/python3.12/site-packages/airflow/example_dags/example_branch_python_dop_operator_3.py
[2025-07-22T09:21:29.095+0000] {processor.py:840} INFO - DAG(s) 'example_branch_dop_operator_v3' retrieved from /home/airflow/.local/lib/python3.12/site-packages/airflow/example_dags/example_branch_python_dop_operator_3.py
[2025-07-22T09:21:29.126+0000] {logging_mixin.py:188} INFO - [2025-07-22T09:21:29.125+0000] {dag.py:3096} INFO - Sync 1 DAGs
[2025-07-22T09:21:29.168+0000] {logging_mixin.py:188} INFO - [2025-07-22T09:21:29.168+0000] {dag.py:3954} INFO - Setting next_dagrun for example_branch_dop_operator_v3 to 2025-07-22 09:20:00+00:00, run_after=2025-07-22 09:21:00+00:00
[2025-07-22T09:21:29.204+0000] {processor.py:183} INFO - Processing /home/airflow/.local/lib/python3.12/site-packages/airflow/example_dags/example_branch_python_dop_operator_3.py took 0.132 seconds
[2025-07-22T09:21:59.501+0000] {processor.py:161} INFO - Started process (PID=3593) to work on /home/airflow/.local/lib/python3.12/site-packages/airflow/example_dags/example_branch_python_dop_operator_3.py
[2025-07-22T09:21:59.502+0000] {processor.py:830} INFO - Processing file /home/airflow/.local/lib/python3.12/site-packages/airflow/example_dags/example_branch_python_dop_operator_3.py for tasks to queue
[2025-07-22T09:21:59.504+0000] {logging_mixin.py:188} INFO - [2025-07-22T09:21:59.504+0000] {dagbag.py:545} INFO - Filling up the DagBag from /home/airflow/.local/lib/python3.12/site-packages/airflow/example_dags/example_branch_python_dop_operator_3.py
[2025-07-22T09:21:59.515+0000] {processor.py:840} INFO - DAG(s) 'example_branch_dop_operator_v3' retrieved from /home/airflow/.local/lib/python3.12/site-packages/airflow/example_dags/example_branch_python_dop_operator_3.py
[2025-07-22T09:21:59.539+0000] {logging_mixin.py:188} INFO - [2025-07-22T09:21:59.538+0000] {dag.py:3096} INFO - Sync 1 DAGs
[2025-07-22T09:21:59.569+0000] {logging_mixin.py:188} INFO - [2025-07-22T09:21:59.568+0000] {dag.py:3954} INFO - Setting next_dagrun for example_branch_dop_operator_v3 to 2025-07-22 09:20:00+00:00, run_after=2025-07-22 09:21:00+00:00
[2025-07-22T09:21:59.594+0000] {processor.py:183} INFO - Processing /home/airflow/.local/lib/python3.12/site-packages/airflow/example_dags/example_branch_python_dop_operator_3.py took 0.100 seconds
[2025-07-22T09:22:29.816+0000] {processor.py:161} INFO - Started process (PID=3653) to work on /home/airflow/.local/lib/python3.12/site-packages/airflow/example_dags/example_branch_python_dop_operator_3.py
[2025-07-22T09:22:29.817+0000] {processor.py:830} INFO - Processing file /home/airflow/.local/lib/python3.12/site-packages/airflow/example_dags/example_branch_python_dop_operator_3.py for tasks to queue
[2025-07-22T09:22:29.819+0000] {logging_mixin.py:188} INFO - [2025-07-22T09:22:29.819+0000] {dagbag.py:545} INFO - Filling up the DagBag from /home/airflow/.local/lib/python3.12/site-packages/airflow/example_dags/example_branch_python_dop_operator_3.py
[2025-07-22T09:22:29.829+0000] {processor.py:840} INFO - DAG(s) 'example_branch_dop_operator_v3' retrieved from /home/airflow/.local/lib/python3.12/site-packages/airflow/example_dags/example_branch_python_dop_operator_3.py
[2025-07-22T09:22:29.853+0000] {logging_mixin.py:188} INFO - [2025-07-22T09:22:29.853+0000] {dag.py:3096} INFO - Sync 1 DAGs
[2025-07-22T09:22:29.886+0000] {logging_mixin.py:188} INFO - [2025-07-22T09:22:29.885+0000] {dag.py:3954} INFO - Setting next_dagrun for example_branch_dop_operator_v3 to 2025-07-22 09:21:00+00:00, run_after=2025-07-22 09:22:00+00:00
[2025-07-22T09:22:29.912+0000] {processor.py:183} INFO - Processing /home/airflow/.local/lib/python3.12/site-packages/airflow/example_dags/example_branch_python_dop_operator_3.py took 0.104 seconds
