[2025-07-22T08:52:08.723+0000] {processor.py:161} INFO - Started process (PID=94) to work on /home/airflow/.local/lib/python3.12/site-packages/airflow/example_dags/example_python_operator.py
[2025-07-22T08:52:08.725+0000] {processor.py:830} INFO - Processing file /home/airflow/.local/lib/python3.12/site-packages/airflow/example_dags/example_python_operator.py for tasks to queue
[2025-07-22T08:52:08.727+0000] {logging_mixin.py:188} INFO - [2025-07-22T08:52:08.726+0000] {dagbag.py:545} INFO - Filling up the DagBag from /home/airflow/.local/lib/python3.12/site-packages/airflow/example_dags/example_python_operator.py
[2025-07-22T08:52:08.741+0000] {processor.py:840} INFO - DAG(s) 'example_python_operator' retrieved from /home/airflow/.local/lib/python3.12/site-packages/airflow/example_dags/example_python_operator.py
[2025-07-22T08:52:08.914+0000] {logging_mixin.py:188} INFO - [2025-07-22T08:52:08.913+0000] {dag.py:3096} INFO - Sync 1 DAGs
[2025-07-22T08:52:08.927+0000] {logging_mixin.py:188} INFO - [2025-07-22T08:52:08.926+0000] {dag.py:3954} INFO - Setting next_dagrun for example_python_operator to None, run_after=None
[2025-07-22T08:52:08.953+0000] {processor.py:183} INFO - Processing /home/airflow/.local/lib/python3.12/site-packages/airflow/example_dags/example_python_operator.py took 0.237 seconds
[2025-07-22T08:52:39.734+0000] {processor.py:161} INFO - Started process (PID=152) to work on /home/airflow/.local/lib/python3.12/site-packages/airflow/example_dags/example_python_operator.py
[2025-07-22T08:52:39.735+0000] {processor.py:830} INFO - Processing file /home/airflow/.local/lib/python3.12/site-packages/airflow/example_dags/example_python_operator.py for tasks to queue
[2025-07-22T08:52:39.737+0000] {logging_mixin.py:188} INFO - [2025-07-22T08:52:39.737+0000] {dagbag.py:545} INFO - Filling up the DagBag from /home/airflow/.local/lib/python3.12/site-packages/airflow/example_dags/example_python_operator.py
[2025-07-22T08:52:39.748+0000] {processor.py:840} INFO - DAG(s) 'example_python_operator' retrieved from /home/airflow/.local/lib/python3.12/site-packages/airflow/example_dags/example_python_operator.py
[2025-07-22T08:52:39.773+0000] {logging_mixin.py:188} INFO - [2025-07-22T08:52:39.773+0000] {dag.py:3096} INFO - Sync 1 DAGs
[2025-07-22T08:52:39.787+0000] {logging_mixin.py:188} INFO - [2025-07-22T08:52:39.787+0000] {dag.py:3954} INFO - Setting next_dagrun for example_python_operator to None, run_after=None
[2025-07-22T08:52:39.809+0000] {processor.py:183} INFO - Processing /home/airflow/.local/lib/python3.12/site-packages/airflow/example_dags/example_python_operator.py took 0.082 seconds
[2025-07-22T08:53:10.364+0000] {processor.py:161} INFO - Started process (PID=210) to work on /home/airflow/.local/lib/python3.12/site-packages/airflow/example_dags/example_python_operator.py
[2025-07-22T08:53:10.365+0000] {processor.py:830} INFO - Processing file /home/airflow/.local/lib/python3.12/site-packages/airflow/example_dags/example_python_operator.py for tasks to queue
[2025-07-22T08:53:10.369+0000] {logging_mixin.py:188} INFO - [2025-07-22T08:53:10.368+0000] {dagbag.py:545} INFO - Filling up the DagBag from /home/airflow/.local/lib/python3.12/site-packages/airflow/example_dags/example_python_operator.py
[2025-07-22T08:53:10.387+0000] {processor.py:840} INFO - DAG(s) 'example_python_operator' retrieved from /home/airflow/.local/lib/python3.12/site-packages/airflow/example_dags/example_python_operator.py
[2025-07-22T08:53:10.426+0000] {logging_mixin.py:188} INFO - [2025-07-22T08:53:10.426+0000] {dag.py:3096} INFO - Sync 1 DAGs
[2025-07-22T08:53:10.450+0000] {logging_mixin.py:188} INFO - [2025-07-22T08:53:10.450+0000] {dag.py:3954} INFO - Setting next_dagrun for example_python_operator to None, run_after=None
[2025-07-22T08:53:10.482+0000] {processor.py:183} INFO - Processing /home/airflow/.local/lib/python3.12/site-packages/airflow/example_dags/example_python_operator.py took 0.130 seconds
[2025-07-22T08:53:40.569+0000] {processor.py:161} INFO - Started process (PID=268) to work on /home/airflow/.local/lib/python3.12/site-packages/airflow/example_dags/example_python_operator.py
[2025-07-22T08:53:40.570+0000] {processor.py:830} INFO - Processing file /home/airflow/.local/lib/python3.12/site-packages/airflow/example_dags/example_python_operator.py for tasks to queue
[2025-07-22T08:53:40.573+0000] {logging_mixin.py:188} INFO - [2025-07-22T08:53:40.572+0000] {dagbag.py:545} INFO - Filling up the DagBag from /home/airflow/.local/lib/python3.12/site-packages/airflow/example_dags/example_python_operator.py
[2025-07-22T08:53:40.588+0000] {processor.py:840} INFO - DAG(s) 'example_python_operator' retrieved from /home/airflow/.local/lib/python3.12/site-packages/airflow/example_dags/example_python_operator.py
[2025-07-22T08:53:40.660+0000] {logging_mixin.py:188} INFO - [2025-07-22T08:53:40.660+0000] {dag.py:3096} INFO - Sync 1 DAGs
[2025-07-22T08:53:40.685+0000] {logging_mixin.py:188} INFO - [2025-07-22T08:53:40.685+0000] {dag.py:3954} INFO - Setting next_dagrun for example_python_operator to None, run_after=None
[2025-07-22T08:53:40.729+0000] {processor.py:183} INFO - Processing /home/airflow/.local/lib/python3.12/site-packages/airflow/example_dags/example_python_operator.py took 0.167 seconds
[2025-07-22T08:54:11.075+0000] {processor.py:161} INFO - Started process (PID=326) to work on /home/airflow/.local/lib/python3.12/site-packages/airflow/example_dags/example_python_operator.py
[2025-07-22T08:54:11.076+0000] {processor.py:830} INFO - Processing file /home/airflow/.local/lib/python3.12/site-packages/airflow/example_dags/example_python_operator.py for tasks to queue
[2025-07-22T08:54:11.078+0000] {logging_mixin.py:188} INFO - [2025-07-22T08:54:11.078+0000] {dagbag.py:545} INFO - Filling up the DagBag from /home/airflow/.local/lib/python3.12/site-packages/airflow/example_dags/example_python_operator.py
[2025-07-22T08:54:11.092+0000] {processor.py:840} INFO - DAG(s) 'example_python_operator' retrieved from /home/airflow/.local/lib/python3.12/site-packages/airflow/example_dags/example_python_operator.py
[2025-07-22T08:54:11.119+0000] {logging_mixin.py:188} INFO - [2025-07-22T08:54:11.119+0000] {dag.py:3096} INFO - Sync 1 DAGs
[2025-07-22T08:54:11.134+0000] {logging_mixin.py:188} INFO - [2025-07-22T08:54:11.134+0000] {dag.py:3954} INFO - Setting next_dagrun for example_python_operator to None, run_after=None
[2025-07-22T08:54:11.158+0000] {processor.py:183} INFO - Processing /home/airflow/.local/lib/python3.12/site-packages/airflow/example_dags/example_python_operator.py took 0.090 seconds
[2025-07-22T08:54:41.414+0000] {processor.py:161} INFO - Started process (PID=384) to work on /home/airflow/.local/lib/python3.12/site-packages/airflow/example_dags/example_python_operator.py
[2025-07-22T08:54:41.416+0000] {processor.py:830} INFO - Processing file /home/airflow/.local/lib/python3.12/site-packages/airflow/example_dags/example_python_operator.py for tasks to queue
[2025-07-22T08:54:41.420+0000] {logging_mixin.py:188} INFO - [2025-07-22T08:54:41.419+0000] {dagbag.py:545} INFO - Filling up the DagBag from /home/airflow/.local/lib/python3.12/site-packages/airflow/example_dags/example_python_operator.py
[2025-07-22T08:54:41.436+0000] {processor.py:840} INFO - DAG(s) 'example_python_operator' retrieved from /home/airflow/.local/lib/python3.12/site-packages/airflow/example_dags/example_python_operator.py
[2025-07-22T08:54:41.468+0000] {logging_mixin.py:188} INFO - [2025-07-22T08:54:41.467+0000] {dag.py:3096} INFO - Sync 1 DAGs
[2025-07-22T08:54:41.486+0000] {logging_mixin.py:188} INFO - [2025-07-22T08:54:41.486+0000] {dag.py:3954} INFO - Setting next_dagrun for example_python_operator to None, run_after=None
[2025-07-22T08:54:41.514+0000] {processor.py:183} INFO - Processing /home/airflow/.local/lib/python3.12/site-packages/airflow/example_dags/example_python_operator.py took 0.107 seconds
[2025-07-22T08:55:11.952+0000] {processor.py:161} INFO - Started process (PID=442) to work on /home/airflow/.local/lib/python3.12/site-packages/airflow/example_dags/example_python_operator.py
[2025-07-22T08:55:11.954+0000] {processor.py:830} INFO - Processing file /home/airflow/.local/lib/python3.12/site-packages/airflow/example_dags/example_python_operator.py for tasks to queue
[2025-07-22T08:55:11.957+0000] {logging_mixin.py:188} INFO - [2025-07-22T08:55:11.957+0000] {dagbag.py:545} INFO - Filling up the DagBag from /home/airflow/.local/lib/python3.12/site-packages/airflow/example_dags/example_python_operator.py
[2025-07-22T08:55:11.972+0000] {processor.py:840} INFO - DAG(s) 'example_python_operator' retrieved from /home/airflow/.local/lib/python3.12/site-packages/airflow/example_dags/example_python_operator.py
[2025-07-22T08:55:12.033+0000] {logging_mixin.py:188} INFO - [2025-07-22T08:55:12.032+0000] {dag.py:3096} INFO - Sync 1 DAGs
[2025-07-22T08:55:12.089+0000] {logging_mixin.py:188} INFO - [2025-07-22T08:55:12.088+0000] {dag.py:3954} INFO - Setting next_dagrun for example_python_operator to None, run_after=None
[2025-07-22T08:55:12.156+0000] {processor.py:183} INFO - Processing /home/airflow/.local/lib/python3.12/site-packages/airflow/example_dags/example_python_operator.py took 0.213 seconds
[2025-07-22T08:55:42.350+0000] {processor.py:161} INFO - Started process (PID=500) to work on /home/airflow/.local/lib/python3.12/site-packages/airflow/example_dags/example_python_operator.py
[2025-07-22T08:55:42.351+0000] {processor.py:830} INFO - Processing file /home/airflow/.local/lib/python3.12/site-packages/airflow/example_dags/example_python_operator.py for tasks to queue
[2025-07-22T08:55:42.354+0000] {logging_mixin.py:188} INFO - [2025-07-22T08:55:42.353+0000] {dagbag.py:545} INFO - Filling up the DagBag from /home/airflow/.local/lib/python3.12/site-packages/airflow/example_dags/example_python_operator.py
[2025-07-22T08:55:42.364+0000] {processor.py:840} INFO - DAG(s) 'example_python_operator' retrieved from /home/airflow/.local/lib/python3.12/site-packages/airflow/example_dags/example_python_operator.py
[2025-07-22T08:55:42.388+0000] {logging_mixin.py:188} INFO - [2025-07-22T08:55:42.388+0000] {dag.py:3096} INFO - Sync 1 DAGs
[2025-07-22T08:55:42.402+0000] {logging_mixin.py:188} INFO - [2025-07-22T08:55:42.402+0000] {dag.py:3954} INFO - Setting next_dagrun for example_python_operator to None, run_after=None
[2025-07-22T08:55:42.425+0000] {processor.py:183} INFO - Processing /home/airflow/.local/lib/python3.12/site-packages/airflow/example_dags/example_python_operator.py took 0.082 seconds
[2025-07-22T08:56:12.628+0000] {processor.py:161} INFO - Started process (PID=558) to work on /home/airflow/.local/lib/python3.12/site-packages/airflow/example_dags/example_python_operator.py
[2025-07-22T08:56:12.629+0000] {processor.py:830} INFO - Processing file /home/airflow/.local/lib/python3.12/site-packages/airflow/example_dags/example_python_operator.py for tasks to queue
[2025-07-22T08:56:12.632+0000] {logging_mixin.py:188} INFO - [2025-07-22T08:56:12.631+0000] {dagbag.py:545} INFO - Filling up the DagBag from /home/airflow/.local/lib/python3.12/site-packages/airflow/example_dags/example_python_operator.py
[2025-07-22T08:56:12.645+0000] {processor.py:840} INFO - DAG(s) 'example_python_operator' retrieved from /home/airflow/.local/lib/python3.12/site-packages/airflow/example_dags/example_python_operator.py
[2025-07-22T08:56:12.674+0000] {logging_mixin.py:188} INFO - [2025-07-22T08:56:12.674+0000] {dag.py:3096} INFO - Sync 1 DAGs
[2025-07-22T08:56:12.689+0000] {logging_mixin.py:188} INFO - [2025-07-22T08:56:12.689+0000] {dag.py:3954} INFO - Setting next_dagrun for example_python_operator to None, run_after=None
[2025-07-22T08:56:12.717+0000] {processor.py:183} INFO - Processing /home/airflow/.local/lib/python3.12/site-packages/airflow/example_dags/example_python_operator.py took 0.097 seconds
[2025-07-22T08:56:43.117+0000] {processor.py:161} INFO - Started process (PID=616) to work on /home/airflow/.local/lib/python3.12/site-packages/airflow/example_dags/example_python_operator.py
[2025-07-22T08:56:43.118+0000] {processor.py:830} INFO - Processing file /home/airflow/.local/lib/python3.12/site-packages/airflow/example_dags/example_python_operator.py for tasks to queue
[2025-07-22T08:56:43.120+0000] {logging_mixin.py:188} INFO - [2025-07-22T08:56:43.120+0000] {dagbag.py:545} INFO - Filling up the DagBag from /home/airflow/.local/lib/python3.12/site-packages/airflow/example_dags/example_python_operator.py
[2025-07-22T08:56:43.132+0000] {processor.py:840} INFO - DAG(s) 'example_python_operator' retrieved from /home/airflow/.local/lib/python3.12/site-packages/airflow/example_dags/example_python_operator.py
[2025-07-22T08:56:43.161+0000] {logging_mixin.py:188} INFO - [2025-07-22T08:56:43.160+0000] {dag.py:3096} INFO - Sync 1 DAGs
[2025-07-22T08:56:43.179+0000] {logging_mixin.py:188} INFO - [2025-07-22T08:56:43.178+0000] {dag.py:3954} INFO - Setting next_dagrun for example_python_operator to None, run_after=None
[2025-07-22T08:56:43.212+0000] {processor.py:183} INFO - Processing /home/airflow/.local/lib/python3.12/site-packages/airflow/example_dags/example_python_operator.py took 0.102 seconds
[2025-07-22T08:57:13.537+0000] {processor.py:161} INFO - Started process (PID=676) to work on /home/airflow/.local/lib/python3.12/site-packages/airflow/example_dags/example_python_operator.py
[2025-07-22T08:57:13.538+0000] {processor.py:830} INFO - Processing file /home/airflow/.local/lib/python3.12/site-packages/airflow/example_dags/example_python_operator.py for tasks to queue
[2025-07-22T08:57:13.541+0000] {logging_mixin.py:188} INFO - [2025-07-22T08:57:13.540+0000] {dagbag.py:545} INFO - Filling up the DagBag from /home/airflow/.local/lib/python3.12/site-packages/airflow/example_dags/example_python_operator.py
[2025-07-22T08:57:13.559+0000] {processor.py:840} INFO - DAG(s) 'example_python_operator' retrieved from /home/airflow/.local/lib/python3.12/site-packages/airflow/example_dags/example_python_operator.py
[2025-07-22T08:57:13.595+0000] {logging_mixin.py:188} INFO - [2025-07-22T08:57:13.594+0000] {dag.py:3096} INFO - Sync 1 DAGs
[2025-07-22T08:57:13.617+0000] {logging_mixin.py:188} INFO - [2025-07-22T08:57:13.616+0000] {dag.py:3954} INFO - Setting next_dagrun for example_python_operator to None, run_after=None
[2025-07-22T08:57:13.657+0000] {processor.py:183} INFO - Processing /home/airflow/.local/lib/python3.12/site-packages/airflow/example_dags/example_python_operator.py took 0.129 seconds
[2025-07-22T08:57:43.711+0000] {processor.py:161} INFO - Started process (PID=736) to work on /home/airflow/.local/lib/python3.12/site-packages/airflow/example_dags/example_python_operator.py
[2025-07-22T08:57:43.713+0000] {processor.py:830} INFO - Processing file /home/airflow/.local/lib/python3.12/site-packages/airflow/example_dags/example_python_operator.py for tasks to queue
[2025-07-22T08:57:43.715+0000] {logging_mixin.py:188} INFO - [2025-07-22T08:57:43.715+0000] {dagbag.py:545} INFO - Filling up the DagBag from /home/airflow/.local/lib/python3.12/site-packages/airflow/example_dags/example_python_operator.py
[2025-07-22T08:57:43.729+0000] {processor.py:840} INFO - DAG(s) 'example_python_operator' retrieved from /home/airflow/.local/lib/python3.12/site-packages/airflow/example_dags/example_python_operator.py
[2025-07-22T08:57:43.759+0000] {logging_mixin.py:188} INFO - [2025-07-22T08:57:43.759+0000] {dag.py:3096} INFO - Sync 1 DAGs
[2025-07-22T08:57:43.776+0000] {logging_mixin.py:188} INFO - [2025-07-22T08:57:43.775+0000] {dag.py:3954} INFO - Setting next_dagrun for example_python_operator to None, run_after=None
[2025-07-22T08:57:43.801+0000] {processor.py:183} INFO - Processing /home/airflow/.local/lib/python3.12/site-packages/airflow/example_dags/example_python_operator.py took 0.098 seconds
[2025-07-22T08:58:14.247+0000] {processor.py:161} INFO - Started process (PID=796) to work on /home/airflow/.local/lib/python3.12/site-packages/airflow/example_dags/example_python_operator.py
[2025-07-22T08:58:14.248+0000] {processor.py:830} INFO - Processing file /home/airflow/.local/lib/python3.12/site-packages/airflow/example_dags/example_python_operator.py for tasks to queue
[2025-07-22T08:58:14.251+0000] {logging_mixin.py:188} INFO - [2025-07-22T08:58:14.250+0000] {dagbag.py:545} INFO - Filling up the DagBag from /home/airflow/.local/lib/python3.12/site-packages/airflow/example_dags/example_python_operator.py
[2025-07-22T08:58:14.265+0000] {processor.py:840} INFO - DAG(s) 'example_python_operator' retrieved from /home/airflow/.local/lib/python3.12/site-packages/airflow/example_dags/example_python_operator.py
[2025-07-22T08:58:14.300+0000] {logging_mixin.py:188} INFO - [2025-07-22T08:58:14.300+0000] {dag.py:3096} INFO - Sync 1 DAGs
[2025-07-22T08:58:14.320+0000] {logging_mixin.py:188} INFO - [2025-07-22T08:58:14.319+0000] {dag.py:3954} INFO - Setting next_dagrun for example_python_operator to None, run_after=None
[2025-07-22T08:58:14.349+0000] {processor.py:183} INFO - Processing /home/airflow/.local/lib/python3.12/site-packages/airflow/example_dags/example_python_operator.py took 0.112 seconds
[2025-07-22T08:58:44.491+0000] {processor.py:161} INFO - Started process (PID=856) to work on /home/airflow/.local/lib/python3.12/site-packages/airflow/example_dags/example_python_operator.py
[2025-07-22T08:58:44.493+0000] {processor.py:830} INFO - Processing file /home/airflow/.local/lib/python3.12/site-packages/airflow/example_dags/example_python_operator.py for tasks to queue
[2025-07-22T08:58:44.496+0000] {logging_mixin.py:188} INFO - [2025-07-22T08:58:44.495+0000] {dagbag.py:545} INFO - Filling up the DagBag from /home/airflow/.local/lib/python3.12/site-packages/airflow/example_dags/example_python_operator.py
[2025-07-22T08:58:44.511+0000] {processor.py:840} INFO - DAG(s) 'example_python_operator' retrieved from /home/airflow/.local/lib/python3.12/site-packages/airflow/example_dags/example_python_operator.py
[2025-07-22T08:58:44.546+0000] {logging_mixin.py:188} INFO - [2025-07-22T08:58:44.546+0000] {dag.py:3096} INFO - Sync 1 DAGs
[2025-07-22T08:58:44.565+0000] {logging_mixin.py:188} INFO - [2025-07-22T08:58:44.565+0000] {dag.py:3954} INFO - Setting next_dagrun for example_python_operator to None, run_after=None
[2025-07-22T08:58:44.600+0000] {processor.py:183} INFO - Processing /home/airflow/.local/lib/python3.12/site-packages/airflow/example_dags/example_python_operator.py took 0.118 seconds
[2025-07-22T08:59:15.424+0000] {processor.py:161} INFO - Started process (PID=916) to work on /home/airflow/.local/lib/python3.12/site-packages/airflow/example_dags/example_python_operator.py
[2025-07-22T08:59:15.425+0000] {processor.py:830} INFO - Processing file /home/airflow/.local/lib/python3.12/site-packages/airflow/example_dags/example_python_operator.py for tasks to queue
[2025-07-22T08:59:15.428+0000] {logging_mixin.py:188} INFO - [2025-07-22T08:59:15.427+0000] {dagbag.py:545} INFO - Filling up the DagBag from /home/airflow/.local/lib/python3.12/site-packages/airflow/example_dags/example_python_operator.py
[2025-07-22T08:59:15.440+0000] {processor.py:840} INFO - DAG(s) 'example_python_operator' retrieved from /home/airflow/.local/lib/python3.12/site-packages/airflow/example_dags/example_python_operator.py
[2025-07-22T08:59:15.472+0000] {logging_mixin.py:188} INFO - [2025-07-22T08:59:15.472+0000] {dag.py:3096} INFO - Sync 1 DAGs
[2025-07-22T08:59:15.500+0000] {logging_mixin.py:188} INFO - [2025-07-22T08:59:15.500+0000] {dag.py:3954} INFO - Setting next_dagrun for example_python_operator to None, run_after=None
[2025-07-22T08:59:15.557+0000] {processor.py:183} INFO - Processing /home/airflow/.local/lib/python3.12/site-packages/airflow/example_dags/example_python_operator.py took 0.140 seconds
[2025-07-22T08:59:45.823+0000] {processor.py:161} INFO - Started process (PID=976) to work on /home/airflow/.local/lib/python3.12/site-packages/airflow/example_dags/example_python_operator.py
[2025-07-22T08:59:45.824+0000] {processor.py:830} INFO - Processing file /home/airflow/.local/lib/python3.12/site-packages/airflow/example_dags/example_python_operator.py for tasks to queue
[2025-07-22T08:59:45.826+0000] {logging_mixin.py:188} INFO - [2025-07-22T08:59:45.826+0000] {dagbag.py:545} INFO - Filling up the DagBag from /home/airflow/.local/lib/python3.12/site-packages/airflow/example_dags/example_python_operator.py
[2025-07-22T08:59:45.838+0000] {processor.py:840} INFO - DAG(s) 'example_python_operator' retrieved from /home/airflow/.local/lib/python3.12/site-packages/airflow/example_dags/example_python_operator.py
[2025-07-22T08:59:45.864+0000] {logging_mixin.py:188} INFO - [2025-07-22T08:59:45.864+0000] {dag.py:3096} INFO - Sync 1 DAGs
[2025-07-22T08:59:45.879+0000] {logging_mixin.py:188} INFO - [2025-07-22T08:59:45.879+0000] {dag.py:3954} INFO - Setting next_dagrun for example_python_operator to None, run_after=None
[2025-07-22T08:59:45.903+0000] {processor.py:183} INFO - Processing /home/airflow/.local/lib/python3.12/site-packages/airflow/example_dags/example_python_operator.py took 0.087 seconds
[2025-07-22T09:00:16.496+0000] {processor.py:161} INFO - Started process (PID=1036) to work on /home/airflow/.local/lib/python3.12/site-packages/airflow/example_dags/example_python_operator.py
[2025-07-22T09:00:16.498+0000] {processor.py:830} INFO - Processing file /home/airflow/.local/lib/python3.12/site-packages/airflow/example_dags/example_python_operator.py for tasks to queue
[2025-07-22T09:00:16.501+0000] {logging_mixin.py:188} INFO - [2025-07-22T09:00:16.500+0000] {dagbag.py:545} INFO - Filling up the DagBag from /home/airflow/.local/lib/python3.12/site-packages/airflow/example_dags/example_python_operator.py
[2025-07-22T09:00:16.515+0000] {processor.py:840} INFO - DAG(s) 'example_python_operator' retrieved from /home/airflow/.local/lib/python3.12/site-packages/airflow/example_dags/example_python_operator.py
[2025-07-22T09:00:16.547+0000] {logging_mixin.py:188} INFO - [2025-07-22T09:00:16.546+0000] {dag.py:3096} INFO - Sync 1 DAGs
[2025-07-22T09:00:16.565+0000] {logging_mixin.py:188} INFO - [2025-07-22T09:00:16.565+0000] {dag.py:3954} INFO - Setting next_dagrun for example_python_operator to None, run_after=None
[2025-07-22T09:00:16.592+0000] {processor.py:183} INFO - Processing /home/airflow/.local/lib/python3.12/site-packages/airflow/example_dags/example_python_operator.py took 0.104 seconds
[2025-07-22T09:00:47.297+0000] {processor.py:161} INFO - Started process (PID=1096) to work on /home/airflow/.local/lib/python3.12/site-packages/airflow/example_dags/example_python_operator.py
[2025-07-22T09:00:47.298+0000] {processor.py:830} INFO - Processing file /home/airflow/.local/lib/python3.12/site-packages/airflow/example_dags/example_python_operator.py for tasks to queue
[2025-07-22T09:00:47.301+0000] {logging_mixin.py:188} INFO - [2025-07-22T09:00:47.301+0000] {dagbag.py:545} INFO - Filling up the DagBag from /home/airflow/.local/lib/python3.12/site-packages/airflow/example_dags/example_python_operator.py
[2025-07-22T09:00:47.316+0000] {processor.py:840} INFO - DAG(s) 'example_python_operator' retrieved from /home/airflow/.local/lib/python3.12/site-packages/airflow/example_dags/example_python_operator.py
[2025-07-22T09:00:47.349+0000] {logging_mixin.py:188} INFO - [2025-07-22T09:00:47.348+0000] {dag.py:3096} INFO - Sync 1 DAGs
[2025-07-22T09:00:47.366+0000] {logging_mixin.py:188} INFO - [2025-07-22T09:00:47.366+0000] {dag.py:3954} INFO - Setting next_dagrun for example_python_operator to None, run_after=None
[2025-07-22T09:00:47.392+0000] {processor.py:183} INFO - Processing /home/airflow/.local/lib/python3.12/site-packages/airflow/example_dags/example_python_operator.py took 0.103 seconds
[2025-07-22T09:01:18.181+0000] {processor.py:161} INFO - Started process (PID=1156) to work on /home/airflow/.local/lib/python3.12/site-packages/airflow/example_dags/example_python_operator.py
[2025-07-22T09:01:18.182+0000] {processor.py:830} INFO - Processing file /home/airflow/.local/lib/python3.12/site-packages/airflow/example_dags/example_python_operator.py for tasks to queue
[2025-07-22T09:01:18.184+0000] {logging_mixin.py:188} INFO - [2025-07-22T09:01:18.184+0000] {dagbag.py:545} INFO - Filling up the DagBag from /home/airflow/.local/lib/python3.12/site-packages/airflow/example_dags/example_python_operator.py
[2025-07-22T09:01:18.195+0000] {processor.py:840} INFO - DAG(s) 'example_python_operator' retrieved from /home/airflow/.local/lib/python3.12/site-packages/airflow/example_dags/example_python_operator.py
[2025-07-22T09:01:18.221+0000] {logging_mixin.py:188} INFO - [2025-07-22T09:01:18.221+0000] {dag.py:3096} INFO - Sync 1 DAGs
[2025-07-22T09:01:18.235+0000] {logging_mixin.py:188} INFO - [2025-07-22T09:01:18.235+0000] {dag.py:3954} INFO - Setting next_dagrun for example_python_operator to None, run_after=None
[2025-07-22T09:01:18.258+0000] {processor.py:183} INFO - Processing /home/airflow/.local/lib/python3.12/site-packages/airflow/example_dags/example_python_operator.py took 0.084 seconds
[2025-07-22T09:01:48.433+0000] {processor.py:161} INFO - Started process (PID=1216) to work on /home/airflow/.local/lib/python3.12/site-packages/airflow/example_dags/example_python_operator.py
[2025-07-22T09:01:48.434+0000] {processor.py:830} INFO - Processing file /home/airflow/.local/lib/python3.12/site-packages/airflow/example_dags/example_python_operator.py for tasks to queue
[2025-07-22T09:01:48.437+0000] {logging_mixin.py:188} INFO - [2025-07-22T09:01:48.436+0000] {dagbag.py:545} INFO - Filling up the DagBag from /home/airflow/.local/lib/python3.12/site-packages/airflow/example_dags/example_python_operator.py
[2025-07-22T09:01:48.448+0000] {processor.py:840} INFO - DAG(s) 'example_python_operator' retrieved from /home/airflow/.local/lib/python3.12/site-packages/airflow/example_dags/example_python_operator.py
[2025-07-22T09:01:48.473+0000] {logging_mixin.py:188} INFO - [2025-07-22T09:01:48.473+0000] {dag.py:3096} INFO - Sync 1 DAGs
[2025-07-22T09:01:48.490+0000] {logging_mixin.py:188} INFO - [2025-07-22T09:01:48.489+0000] {dag.py:3954} INFO - Setting next_dagrun for example_python_operator to None, run_after=None
[2025-07-22T09:01:48.512+0000] {processor.py:183} INFO - Processing /home/airflow/.local/lib/python3.12/site-packages/airflow/example_dags/example_python_operator.py took 0.085 seconds
[2025-07-22T09:02:18.598+0000] {processor.py:161} INFO - Started process (PID=1276) to work on /home/airflow/.local/lib/python3.12/site-packages/airflow/example_dags/example_python_operator.py
[2025-07-22T09:02:18.599+0000] {processor.py:830} INFO - Processing file /home/airflow/.local/lib/python3.12/site-packages/airflow/example_dags/example_python_operator.py for tasks to queue
[2025-07-22T09:02:18.601+0000] {logging_mixin.py:188} INFO - [2025-07-22T09:02:18.601+0000] {dagbag.py:545} INFO - Filling up the DagBag from /home/airflow/.local/lib/python3.12/site-packages/airflow/example_dags/example_python_operator.py
[2025-07-22T09:02:18.613+0000] {processor.py:840} INFO - DAG(s) 'example_python_operator' retrieved from /home/airflow/.local/lib/python3.12/site-packages/airflow/example_dags/example_python_operator.py
[2025-07-22T09:02:18.638+0000] {logging_mixin.py:188} INFO - [2025-07-22T09:02:18.638+0000] {dag.py:3096} INFO - Sync 1 DAGs
[2025-07-22T09:02:18.653+0000] {logging_mixin.py:188} INFO - [2025-07-22T09:02:18.653+0000] {dag.py:3954} INFO - Setting next_dagrun for example_python_operator to None, run_after=None
[2025-07-22T09:02:18.675+0000] {processor.py:183} INFO - Processing /home/airflow/.local/lib/python3.12/site-packages/airflow/example_dags/example_python_operator.py took 0.084 seconds
[2025-07-22T09:02:49.262+0000] {processor.py:161} INFO - Started process (PID=1336) to work on /home/airflow/.local/lib/python3.12/site-packages/airflow/example_dags/example_python_operator.py
[2025-07-22T09:02:49.263+0000] {processor.py:830} INFO - Processing file /home/airflow/.local/lib/python3.12/site-packages/airflow/example_dags/example_python_operator.py for tasks to queue
[2025-07-22T09:02:49.266+0000] {logging_mixin.py:188} INFO - [2025-07-22T09:02:49.265+0000] {dagbag.py:545} INFO - Filling up the DagBag from /home/airflow/.local/lib/python3.12/site-packages/airflow/example_dags/example_python_operator.py
[2025-07-22T09:02:49.278+0000] {processor.py:840} INFO - DAG(s) 'example_python_operator' retrieved from /home/airflow/.local/lib/python3.12/site-packages/airflow/example_dags/example_python_operator.py
[2025-07-22T09:02:49.304+0000] {logging_mixin.py:188} INFO - [2025-07-22T09:02:49.303+0000] {dag.py:3096} INFO - Sync 1 DAGs
[2025-07-22T09:02:49.318+0000] {logging_mixin.py:188} INFO - [2025-07-22T09:02:49.318+0000] {dag.py:3954} INFO - Setting next_dagrun for example_python_operator to None, run_after=None
[2025-07-22T09:02:49.342+0000] {processor.py:183} INFO - Processing /home/airflow/.local/lib/python3.12/site-packages/airflow/example_dags/example_python_operator.py took 0.086 seconds
[2025-07-22T09:03:19.664+0000] {processor.py:161} INFO - Started process (PID=1396) to work on /home/airflow/.local/lib/python3.12/site-packages/airflow/example_dags/example_python_operator.py
[2025-07-22T09:03:19.665+0000] {processor.py:830} INFO - Processing file /home/airflow/.local/lib/python3.12/site-packages/airflow/example_dags/example_python_operator.py for tasks to queue
[2025-07-22T09:03:19.667+0000] {logging_mixin.py:188} INFO - [2025-07-22T09:03:19.667+0000] {dagbag.py:545} INFO - Filling up the DagBag from /home/airflow/.local/lib/python3.12/site-packages/airflow/example_dags/example_python_operator.py
[2025-07-22T09:03:19.681+0000] {processor.py:840} INFO - DAG(s) 'example_python_operator' retrieved from /home/airflow/.local/lib/python3.12/site-packages/airflow/example_dags/example_python_operator.py
[2025-07-22T09:03:19.710+0000] {logging_mixin.py:188} INFO - [2025-07-22T09:03:19.710+0000] {dag.py:3096} INFO - Sync 1 DAGs
[2025-07-22T09:03:19.727+0000] {logging_mixin.py:188} INFO - [2025-07-22T09:03:19.726+0000] {dag.py:3954} INFO - Setting next_dagrun for example_python_operator to None, run_after=None
[2025-07-22T09:03:19.751+0000] {processor.py:183} INFO - Processing /home/airflow/.local/lib/python3.12/site-packages/airflow/example_dags/example_python_operator.py took 0.095 seconds
[2025-07-22T09:03:49.845+0000] {processor.py:161} INFO - Started process (PID=1456) to work on /home/airflow/.local/lib/python3.12/site-packages/airflow/example_dags/example_python_operator.py
[2025-07-22T09:03:49.846+0000] {processor.py:830} INFO - Processing file /home/airflow/.local/lib/python3.12/site-packages/airflow/example_dags/example_python_operator.py for tasks to queue
[2025-07-22T09:03:49.848+0000] {logging_mixin.py:188} INFO - [2025-07-22T09:03:49.848+0000] {dagbag.py:545} INFO - Filling up the DagBag from /home/airflow/.local/lib/python3.12/site-packages/airflow/example_dags/example_python_operator.py
[2025-07-22T09:03:49.859+0000] {processor.py:840} INFO - DAG(s) 'example_python_operator' retrieved from /home/airflow/.local/lib/python3.12/site-packages/airflow/example_dags/example_python_operator.py
[2025-07-22T09:03:49.884+0000] {logging_mixin.py:188} INFO - [2025-07-22T09:03:49.884+0000] {dag.py:3096} INFO - Sync 1 DAGs
[2025-07-22T09:03:49.897+0000] {logging_mixin.py:188} INFO - [2025-07-22T09:03:49.897+0000] {dag.py:3954} INFO - Setting next_dagrun for example_python_operator to None, run_after=None
[2025-07-22T09:03:49.917+0000] {processor.py:183} INFO - Processing /home/airflow/.local/lib/python3.12/site-packages/airflow/example_dags/example_python_operator.py took 0.078 seconds
[2025-07-22T09:04:20.562+0000] {processor.py:161} INFO - Started process (PID=1516) to work on /home/airflow/.local/lib/python3.12/site-packages/airflow/example_dags/example_python_operator.py
[2025-07-22T09:04:20.564+0000] {processor.py:830} INFO - Processing file /home/airflow/.local/lib/python3.12/site-packages/airflow/example_dags/example_python_operator.py for tasks to queue
[2025-07-22T09:04:20.566+0000] {logging_mixin.py:188} INFO - [2025-07-22T09:04:20.566+0000] {dagbag.py:545} INFO - Filling up the DagBag from /home/airflow/.local/lib/python3.12/site-packages/airflow/example_dags/example_python_operator.py
[2025-07-22T09:04:20.579+0000] {processor.py:840} INFO - DAG(s) 'example_python_operator' retrieved from /home/airflow/.local/lib/python3.12/site-packages/airflow/example_dags/example_python_operator.py
[2025-07-22T09:04:20.606+0000] {logging_mixin.py:188} INFO - [2025-07-22T09:04:20.606+0000] {dag.py:3096} INFO - Sync 1 DAGs
[2025-07-22T09:04:20.622+0000] {logging_mixin.py:188} INFO - [2025-07-22T09:04:20.622+0000] {dag.py:3954} INFO - Setting next_dagrun for example_python_operator to None, run_after=None
[2025-07-22T09:04:20.647+0000] {processor.py:183} INFO - Processing /home/airflow/.local/lib/python3.12/site-packages/airflow/example_dags/example_python_operator.py took 0.092 seconds
[2025-07-22T09:04:51.018+0000] {processor.py:161} INFO - Started process (PID=1576) to work on /home/airflow/.local/lib/python3.12/site-packages/airflow/example_dags/example_python_operator.py
[2025-07-22T09:04:51.019+0000] {processor.py:830} INFO - Processing file /home/airflow/.local/lib/python3.12/site-packages/airflow/example_dags/example_python_operator.py for tasks to queue
[2025-07-22T09:04:51.022+0000] {logging_mixin.py:188} INFO - [2025-07-22T09:04:51.021+0000] {dagbag.py:545} INFO - Filling up the DagBag from /home/airflow/.local/lib/python3.12/site-packages/airflow/example_dags/example_python_operator.py
[2025-07-22T09:04:51.033+0000] {processor.py:840} INFO - DAG(s) 'example_python_operator' retrieved from /home/airflow/.local/lib/python3.12/site-packages/airflow/example_dags/example_python_operator.py
[2025-07-22T09:04:51.059+0000] {logging_mixin.py:188} INFO - [2025-07-22T09:04:51.058+0000] {dag.py:3096} INFO - Sync 1 DAGs
[2025-07-22T09:04:51.073+0000] {logging_mixin.py:188} INFO - [2025-07-22T09:04:51.073+0000] {dag.py:3954} INFO - Setting next_dagrun for example_python_operator to None, run_after=None
[2025-07-22T09:04:51.095+0000] {processor.py:183} INFO - Processing /home/airflow/.local/lib/python3.12/site-packages/airflow/example_dags/example_python_operator.py took 0.084 seconds
[2025-07-22T09:05:22.035+0000] {processor.py:161} INFO - Started process (PID=1636) to work on /home/airflow/.local/lib/python3.12/site-packages/airflow/example_dags/example_python_operator.py
[2025-07-22T09:05:22.037+0000] {processor.py:830} INFO - Processing file /home/airflow/.local/lib/python3.12/site-packages/airflow/example_dags/example_python_operator.py for tasks to queue
[2025-07-22T09:05:22.039+0000] {logging_mixin.py:188} INFO - [2025-07-22T09:05:22.039+0000] {dagbag.py:545} INFO - Filling up the DagBag from /home/airflow/.local/lib/python3.12/site-packages/airflow/example_dags/example_python_operator.py
[2025-07-22T09:05:22.051+0000] {processor.py:840} INFO - DAG(s) 'example_python_operator' retrieved from /home/airflow/.local/lib/python3.12/site-packages/airflow/example_dags/example_python_operator.py
[2025-07-22T09:05:22.079+0000] {logging_mixin.py:188} INFO - [2025-07-22T09:05:22.078+0000] {dag.py:3096} INFO - Sync 1 DAGs
[2025-07-22T09:05:22.093+0000] {logging_mixin.py:188} INFO - [2025-07-22T09:05:22.093+0000] {dag.py:3954} INFO - Setting next_dagrun for example_python_operator to None, run_after=None
[2025-07-22T09:05:22.116+0000] {processor.py:183} INFO - Processing /home/airflow/.local/lib/python3.12/site-packages/airflow/example_dags/example_python_operator.py took 0.088 seconds
[2025-07-22T09:05:52.209+0000] {processor.py:161} INFO - Started process (PID=1696) to work on /home/airflow/.local/lib/python3.12/site-packages/airflow/example_dags/example_python_operator.py
[2025-07-22T09:05:52.210+0000] {processor.py:830} INFO - Processing file /home/airflow/.local/lib/python3.12/site-packages/airflow/example_dags/example_python_operator.py for tasks to queue
[2025-07-22T09:05:52.212+0000] {logging_mixin.py:188} INFO - [2025-07-22T09:05:52.212+0000] {dagbag.py:545} INFO - Filling up the DagBag from /home/airflow/.local/lib/python3.12/site-packages/airflow/example_dags/example_python_operator.py
[2025-07-22T09:05:52.223+0000] {processor.py:840} INFO - DAG(s) 'example_python_operator' retrieved from /home/airflow/.local/lib/python3.12/site-packages/airflow/example_dags/example_python_operator.py
[2025-07-22T09:05:52.251+0000] {logging_mixin.py:188} INFO - [2025-07-22T09:05:52.250+0000] {dag.py:3096} INFO - Sync 1 DAGs
[2025-07-22T09:05:52.265+0000] {logging_mixin.py:188} INFO - [2025-07-22T09:05:52.264+0000] {dag.py:3954} INFO - Setting next_dagrun for example_python_operator to None, run_after=None
[2025-07-22T09:05:52.286+0000] {processor.py:183} INFO - Processing /home/airflow/.local/lib/python3.12/site-packages/airflow/example_dags/example_python_operator.py took 0.083 seconds
[2025-07-22T09:06:22.723+0000] {processor.py:161} INFO - Started process (PID=1756) to work on /home/airflow/.local/lib/python3.12/site-packages/airflow/example_dags/example_python_operator.py
[2025-07-22T09:06:22.725+0000] {processor.py:830} INFO - Processing file /home/airflow/.local/lib/python3.12/site-packages/airflow/example_dags/example_python_operator.py for tasks to queue
[2025-07-22T09:06:22.728+0000] {logging_mixin.py:188} INFO - [2025-07-22T09:06:22.727+0000] {dagbag.py:545} INFO - Filling up the DagBag from /home/airflow/.local/lib/python3.12/site-packages/airflow/example_dags/example_python_operator.py
[2025-07-22T09:06:22.741+0000] {processor.py:840} INFO - DAG(s) 'example_python_operator' retrieved from /home/airflow/.local/lib/python3.12/site-packages/airflow/example_dags/example_python_operator.py
[2025-07-22T09:06:22.772+0000] {logging_mixin.py:188} INFO - [2025-07-22T09:06:22.771+0000] {dag.py:3096} INFO - Sync 1 DAGs
[2025-07-22T09:06:22.789+0000] {logging_mixin.py:188} INFO - [2025-07-22T09:06:22.789+0000] {dag.py:3954} INFO - Setting next_dagrun for example_python_operator to None, run_after=None
[2025-07-22T09:06:22.821+0000] {processor.py:183} INFO - Processing /home/airflow/.local/lib/python3.12/site-packages/airflow/example_dags/example_python_operator.py took 0.105 seconds
[2025-07-22T09:06:52.975+0000] {processor.py:161} INFO - Started process (PID=1816) to work on /home/airflow/.local/lib/python3.12/site-packages/airflow/example_dags/example_python_operator.py
[2025-07-22T09:06:52.976+0000] {processor.py:830} INFO - Processing file /home/airflow/.local/lib/python3.12/site-packages/airflow/example_dags/example_python_operator.py for tasks to queue
[2025-07-22T09:06:52.979+0000] {logging_mixin.py:188} INFO - [2025-07-22T09:06:52.978+0000] {dagbag.py:545} INFO - Filling up the DagBag from /home/airflow/.local/lib/python3.12/site-packages/airflow/example_dags/example_python_operator.py
[2025-07-22T09:06:52.990+0000] {processor.py:840} INFO - DAG(s) 'example_python_operator' retrieved from /home/airflow/.local/lib/python3.12/site-packages/airflow/example_dags/example_python_operator.py
[2025-07-22T09:06:53.017+0000] {logging_mixin.py:188} INFO - [2025-07-22T09:06:53.016+0000] {dag.py:3096} INFO - Sync 1 DAGs
[2025-07-22T09:06:53.035+0000] {logging_mixin.py:188} INFO - [2025-07-22T09:06:53.034+0000] {dag.py:3954} INFO - Setting next_dagrun for example_python_operator to None, run_after=None
[2025-07-22T09:06:53.058+0000] {processor.py:183} INFO - Processing /home/airflow/.local/lib/python3.12/site-packages/airflow/example_dags/example_python_operator.py took 0.091 seconds
[2025-07-22T09:07:23.148+0000] {processor.py:161} INFO - Started process (PID=1876) to work on /home/airflow/.local/lib/python3.12/site-packages/airflow/example_dags/example_python_operator.py
[2025-07-22T09:07:23.149+0000] {processor.py:830} INFO - Processing file /home/airflow/.local/lib/python3.12/site-packages/airflow/example_dags/example_python_operator.py for tasks to queue
[2025-07-22T09:07:23.152+0000] {logging_mixin.py:188} INFO - [2025-07-22T09:07:23.152+0000] {dagbag.py:545} INFO - Filling up the DagBag from /home/airflow/.local/lib/python3.12/site-packages/airflow/example_dags/example_python_operator.py
[2025-07-22T09:07:23.165+0000] {processor.py:840} INFO - DAG(s) 'example_python_operator' retrieved from /home/airflow/.local/lib/python3.12/site-packages/airflow/example_dags/example_python_operator.py
[2025-07-22T09:07:23.197+0000] {logging_mixin.py:188} INFO - [2025-07-22T09:07:23.196+0000] {dag.py:3096} INFO - Sync 1 DAGs
[2025-07-22T09:07:23.214+0000] {logging_mixin.py:188} INFO - [2025-07-22T09:07:23.214+0000] {dag.py:3954} INFO - Setting next_dagrun for example_python_operator to None, run_after=None
[2025-07-22T09:07:23.240+0000] {processor.py:183} INFO - Processing /home/airflow/.local/lib/python3.12/site-packages/airflow/example_dags/example_python_operator.py took 0.099 seconds
[2025-07-22T09:07:55.295+0000] {processor.py:161} INFO - Started process (PID=1936) to work on /home/airflow/.local/lib/python3.12/site-packages/airflow/example_dags/example_python_operator.py
[2025-07-22T09:07:55.296+0000] {processor.py:830} INFO - Processing file /home/airflow/.local/lib/python3.12/site-packages/airflow/example_dags/example_python_operator.py for tasks to queue
[2025-07-22T09:07:55.298+0000] {logging_mixin.py:188} INFO - [2025-07-22T09:07:55.298+0000] {dagbag.py:545} INFO - Filling up the DagBag from /home/airflow/.local/lib/python3.12/site-packages/airflow/example_dags/example_python_operator.py
[2025-07-22T09:07:55.311+0000] {processor.py:840} INFO - DAG(s) 'example_python_operator' retrieved from /home/airflow/.local/lib/python3.12/site-packages/airflow/example_dags/example_python_operator.py
[2025-07-22T09:07:55.343+0000] {logging_mixin.py:188} INFO - [2025-07-22T09:07:55.343+0000] {dag.py:3096} INFO - Sync 1 DAGs
[2025-07-22T09:07:55.361+0000] {logging_mixin.py:188} INFO - [2025-07-22T09:07:55.360+0000] {dag.py:3954} INFO - Setting next_dagrun for example_python_operator to None, run_after=None
[2025-07-22T09:07:55.385+0000] {processor.py:183} INFO - Processing /home/airflow/.local/lib/python3.12/site-packages/airflow/example_dags/example_python_operator.py took 0.098 seconds
[2025-07-22T09:08:25.862+0000] {processor.py:161} INFO - Started process (PID=1996) to work on /home/airflow/.local/lib/python3.12/site-packages/airflow/example_dags/example_python_operator.py
[2025-07-22T09:08:25.865+0000] {processor.py:830} INFO - Processing file /home/airflow/.local/lib/python3.12/site-packages/airflow/example_dags/example_python_operator.py for tasks to queue
[2025-07-22T09:08:25.869+0000] {logging_mixin.py:188} INFO - [2025-07-22T09:08:25.868+0000] {dagbag.py:545} INFO - Filling up the DagBag from /home/airflow/.local/lib/python3.12/site-packages/airflow/example_dags/example_python_operator.py
[2025-07-22T09:08:25.890+0000] {processor.py:840} INFO - DAG(s) 'example_python_operator' retrieved from /home/airflow/.local/lib/python3.12/site-packages/airflow/example_dags/example_python_operator.py
[2025-07-22T09:08:25.933+0000] {logging_mixin.py:188} INFO - [2025-07-22T09:08:25.932+0000] {dag.py:3096} INFO - Sync 1 DAGs
[2025-07-22T09:08:25.954+0000] {logging_mixin.py:188} INFO - [2025-07-22T09:08:25.954+0000] {dag.py:3954} INFO - Setting next_dagrun for example_python_operator to None, run_after=None
[2025-07-22T09:08:25.992+0000] {processor.py:183} INFO - Processing /home/airflow/.local/lib/python3.12/site-packages/airflow/example_dags/example_python_operator.py took 0.141 seconds
[2025-07-22T09:08:57.066+0000] {processor.py:161} INFO - Started process (PID=2056) to work on /home/airflow/.local/lib/python3.12/site-packages/airflow/example_dags/example_python_operator.py
[2025-07-22T09:08:57.068+0000] {processor.py:830} INFO - Processing file /home/airflow/.local/lib/python3.12/site-packages/airflow/example_dags/example_python_operator.py for tasks to queue
[2025-07-22T09:08:57.071+0000] {logging_mixin.py:188} INFO - [2025-07-22T09:08:57.070+0000] {dagbag.py:545} INFO - Filling up the DagBag from /home/airflow/.local/lib/python3.12/site-packages/airflow/example_dags/example_python_operator.py
[2025-07-22T09:08:57.084+0000] {processor.py:840} INFO - DAG(s) 'example_python_operator' retrieved from /home/airflow/.local/lib/python3.12/site-packages/airflow/example_dags/example_python_operator.py
[2025-07-22T09:08:57.115+0000] {logging_mixin.py:188} INFO - [2025-07-22T09:08:57.114+0000] {dag.py:3096} INFO - Sync 1 DAGs
[2025-07-22T09:08:57.132+0000] {logging_mixin.py:188} INFO - [2025-07-22T09:08:57.131+0000] {dag.py:3954} INFO - Setting next_dagrun for example_python_operator to None, run_after=None
[2025-07-22T09:08:57.157+0000] {processor.py:183} INFO - Processing /home/airflow/.local/lib/python3.12/site-packages/airflow/example_dags/example_python_operator.py took 0.099 seconds
[2025-07-22T09:09:28.420+0000] {processor.py:161} INFO - Started process (PID=2116) to work on /home/airflow/.local/lib/python3.12/site-packages/airflow/example_dags/example_python_operator.py
[2025-07-22T09:09:28.422+0000] {processor.py:830} INFO - Processing file /home/airflow/.local/lib/python3.12/site-packages/airflow/example_dags/example_python_operator.py for tasks to queue
[2025-07-22T09:09:28.425+0000] {logging_mixin.py:188} INFO - [2025-07-22T09:09:28.424+0000] {dagbag.py:545} INFO - Filling up the DagBag from /home/airflow/.local/lib/python3.12/site-packages/airflow/example_dags/example_python_operator.py
[2025-07-22T09:09:28.438+0000] {processor.py:840} INFO - DAG(s) 'example_python_operator' retrieved from /home/airflow/.local/lib/python3.12/site-packages/airflow/example_dags/example_python_operator.py
[2025-07-22T09:09:28.468+0000] {logging_mixin.py:188} INFO - [2025-07-22T09:09:28.468+0000] {dag.py:3096} INFO - Sync 1 DAGs
[2025-07-22T09:09:28.484+0000] {logging_mixin.py:188} INFO - [2025-07-22T09:09:28.484+0000] {dag.py:3954} INFO - Setting next_dagrun for example_python_operator to None, run_after=None
[2025-07-22T09:09:28.511+0000] {processor.py:183} INFO - Processing /home/airflow/.local/lib/python3.12/site-packages/airflow/example_dags/example_python_operator.py took 0.099 seconds
[2025-07-22T09:09:58.814+0000] {processor.py:161} INFO - Started process (PID=2176) to work on /home/airflow/.local/lib/python3.12/site-packages/airflow/example_dags/example_python_operator.py
[2025-07-22T09:09:58.815+0000] {processor.py:830} INFO - Processing file /home/airflow/.local/lib/python3.12/site-packages/airflow/example_dags/example_python_operator.py for tasks to queue
[2025-07-22T09:09:58.817+0000] {logging_mixin.py:188} INFO - [2025-07-22T09:09:58.817+0000] {dagbag.py:545} INFO - Filling up the DagBag from /home/airflow/.local/lib/python3.12/site-packages/airflow/example_dags/example_python_operator.py
[2025-07-22T09:09:58.828+0000] {processor.py:840} INFO - DAG(s) 'example_python_operator' retrieved from /home/airflow/.local/lib/python3.12/site-packages/airflow/example_dags/example_python_operator.py
[2025-07-22T09:09:58.854+0000] {logging_mixin.py:188} INFO - [2025-07-22T09:09:58.854+0000] {dag.py:3096} INFO - Sync 1 DAGs
[2025-07-22T09:09:58.870+0000] {logging_mixin.py:188} INFO - [2025-07-22T09:09:58.870+0000] {dag.py:3954} INFO - Setting next_dagrun for example_python_operator to None, run_after=None
[2025-07-22T09:09:59.025+0000] {processor.py:183} INFO - Processing /home/airflow/.local/lib/python3.12/site-packages/airflow/example_dags/example_python_operator.py took 0.218 seconds
[2025-07-22T09:10:29.767+0000] {processor.py:161} INFO - Started process (PID=2236) to work on /home/airflow/.local/lib/python3.12/site-packages/airflow/example_dags/example_python_operator.py
[2025-07-22T09:10:29.769+0000] {processor.py:830} INFO - Processing file /home/airflow/.local/lib/python3.12/site-packages/airflow/example_dags/example_python_operator.py for tasks to queue
[2025-07-22T09:10:29.771+0000] {logging_mixin.py:188} INFO - [2025-07-22T09:10:29.770+0000] {dagbag.py:545} INFO - Filling up the DagBag from /home/airflow/.local/lib/python3.12/site-packages/airflow/example_dags/example_python_operator.py
[2025-07-22T09:10:29.782+0000] {processor.py:840} INFO - DAG(s) 'example_python_operator' retrieved from /home/airflow/.local/lib/python3.12/site-packages/airflow/example_dags/example_python_operator.py
[2025-07-22T09:10:29.808+0000] {logging_mixin.py:188} INFO - [2025-07-22T09:10:29.808+0000] {dag.py:3096} INFO - Sync 1 DAGs
[2025-07-22T09:10:29.823+0000] {logging_mixin.py:188} INFO - [2025-07-22T09:10:29.822+0000] {dag.py:3954} INFO - Setting next_dagrun for example_python_operator to None, run_after=None
[2025-07-22T09:10:29.854+0000] {processor.py:183} INFO - Processing /home/airflow/.local/lib/python3.12/site-packages/airflow/example_dags/example_python_operator.py took 0.093 seconds
[2025-07-22T09:11:00.158+0000] {processor.py:161} INFO - Started process (PID=2296) to work on /home/airflow/.local/lib/python3.12/site-packages/airflow/example_dags/example_python_operator.py
[2025-07-22T09:11:00.159+0000] {processor.py:830} INFO - Processing file /home/airflow/.local/lib/python3.12/site-packages/airflow/example_dags/example_python_operator.py for tasks to queue
[2025-07-22T09:11:00.161+0000] {logging_mixin.py:188} INFO - [2025-07-22T09:11:00.161+0000] {dagbag.py:545} INFO - Filling up the DagBag from /home/airflow/.local/lib/python3.12/site-packages/airflow/example_dags/example_python_operator.py
[2025-07-22T09:11:00.175+0000] {processor.py:840} INFO - DAG(s) 'example_python_operator' retrieved from /home/airflow/.local/lib/python3.12/site-packages/airflow/example_dags/example_python_operator.py
[2025-07-22T09:11:00.207+0000] {logging_mixin.py:188} INFO - [2025-07-22T09:11:00.207+0000] {dag.py:3096} INFO - Sync 1 DAGs
[2025-07-22T09:11:00.234+0000] {logging_mixin.py:188} INFO - [2025-07-22T09:11:00.233+0000] {dag.py:3954} INFO - Setting next_dagrun for example_python_operator to None, run_after=None
[2025-07-22T09:11:00.260+0000] {processor.py:183} INFO - Processing /home/airflow/.local/lib/python3.12/site-packages/airflow/example_dags/example_python_operator.py took 0.109 seconds
[2025-07-22T09:11:30.884+0000] {processor.py:161} INFO - Started process (PID=2356) to work on /home/airflow/.local/lib/python3.12/site-packages/airflow/example_dags/example_python_operator.py
[2025-07-22T09:11:30.885+0000] {processor.py:830} INFO - Processing file /home/airflow/.local/lib/python3.12/site-packages/airflow/example_dags/example_python_operator.py for tasks to queue
[2025-07-22T09:11:30.888+0000] {logging_mixin.py:188} INFO - [2025-07-22T09:11:30.887+0000] {dagbag.py:545} INFO - Filling up the DagBag from /home/airflow/.local/lib/python3.12/site-packages/airflow/example_dags/example_python_operator.py
[2025-07-22T09:11:30.900+0000] {processor.py:840} INFO - DAG(s) 'example_python_operator' retrieved from /home/airflow/.local/lib/python3.12/site-packages/airflow/example_dags/example_python_operator.py
[2025-07-22T09:11:30.927+0000] {logging_mixin.py:188} INFO - [2025-07-22T09:11:30.927+0000] {dag.py:3096} INFO - Sync 1 DAGs
[2025-07-22T09:11:30.941+0000] {logging_mixin.py:188} INFO - [2025-07-22T09:11:30.941+0000] {dag.py:3954} INFO - Setting next_dagrun for example_python_operator to None, run_after=None
[2025-07-22T09:11:30.965+0000] {processor.py:183} INFO - Processing /home/airflow/.local/lib/python3.12/site-packages/airflow/example_dags/example_python_operator.py took 0.089 seconds
[2025-07-22T09:12:01.321+0000] {processor.py:161} INFO - Started process (PID=2416) to work on /home/airflow/.local/lib/python3.12/site-packages/airflow/example_dags/example_python_operator.py
[2025-07-22T09:12:01.322+0000] {processor.py:830} INFO - Processing file /home/airflow/.local/lib/python3.12/site-packages/airflow/example_dags/example_python_operator.py for tasks to queue
[2025-07-22T09:12:01.324+0000] {logging_mixin.py:188} INFO - [2025-07-22T09:12:01.324+0000] {dagbag.py:545} INFO - Filling up the DagBag from /home/airflow/.local/lib/python3.12/site-packages/airflow/example_dags/example_python_operator.py
[2025-07-22T09:12:01.338+0000] {processor.py:840} INFO - DAG(s) 'example_python_operator' retrieved from /home/airflow/.local/lib/python3.12/site-packages/airflow/example_dags/example_python_operator.py
[2025-07-22T09:12:01.396+0000] {logging_mixin.py:188} INFO - [2025-07-22T09:12:01.395+0000] {dag.py:3096} INFO - Sync 1 DAGs
[2025-07-22T09:12:01.418+0000] {logging_mixin.py:188} INFO - [2025-07-22T09:12:01.418+0000] {dag.py:3954} INFO - Setting next_dagrun for example_python_operator to None, run_after=None
[2025-07-22T09:12:01.468+0000] {processor.py:183} INFO - Processing /home/airflow/.local/lib/python3.12/site-packages/airflow/example_dags/example_python_operator.py took 0.154 seconds
[2025-07-22T09:12:31.848+0000] {processor.py:161} INFO - Started process (PID=2476) to work on /home/airflow/.local/lib/python3.12/site-packages/airflow/example_dags/example_python_operator.py
[2025-07-22T09:12:31.849+0000] {processor.py:830} INFO - Processing file /home/airflow/.local/lib/python3.12/site-packages/airflow/example_dags/example_python_operator.py for tasks to queue
[2025-07-22T09:12:31.852+0000] {logging_mixin.py:188} INFO - [2025-07-22T09:12:31.852+0000] {dagbag.py:545} INFO - Filling up the DagBag from /home/airflow/.local/lib/python3.12/site-packages/airflow/example_dags/example_python_operator.py
[2025-07-22T09:12:31.869+0000] {processor.py:840} INFO - DAG(s) 'example_python_operator' retrieved from /home/airflow/.local/lib/python3.12/site-packages/airflow/example_dags/example_python_operator.py
[2025-07-22T09:12:31.901+0000] {logging_mixin.py:188} INFO - [2025-07-22T09:12:31.901+0000] {dag.py:3096} INFO - Sync 1 DAGs
[2025-07-22T09:12:31.918+0000] {logging_mixin.py:188} INFO - [2025-07-22T09:12:31.918+0000] {dag.py:3954} INFO - Setting next_dagrun for example_python_operator to None, run_after=None
[2025-07-22T09:12:31.950+0000] {processor.py:183} INFO - Processing /home/airflow/.local/lib/python3.12/site-packages/airflow/example_dags/example_python_operator.py took 0.110 seconds
[2025-07-22T09:13:02.682+0000] {processor.py:161} INFO - Started process (PID=2536) to work on /home/airflow/.local/lib/python3.12/site-packages/airflow/example_dags/example_python_operator.py
[2025-07-22T09:13:02.683+0000] {processor.py:830} INFO - Processing file /home/airflow/.local/lib/python3.12/site-packages/airflow/example_dags/example_python_operator.py for tasks to queue
[2025-07-22T09:13:02.685+0000] {logging_mixin.py:188} INFO - [2025-07-22T09:13:02.685+0000] {dagbag.py:545} INFO - Filling up the DagBag from /home/airflow/.local/lib/python3.12/site-packages/airflow/example_dags/example_python_operator.py
[2025-07-22T09:13:02.698+0000] {processor.py:840} INFO - DAG(s) 'example_python_operator' retrieved from /home/airflow/.local/lib/python3.12/site-packages/airflow/example_dags/example_python_operator.py
[2025-07-22T09:13:02.724+0000] {logging_mixin.py:188} INFO - [2025-07-22T09:13:02.724+0000] {dag.py:3096} INFO - Sync 1 DAGs
[2025-07-22T09:13:02.739+0000] {logging_mixin.py:188} INFO - [2025-07-22T09:13:02.739+0000] {dag.py:3954} INFO - Setting next_dagrun for example_python_operator to None, run_after=None
[2025-07-22T09:13:02.773+0000] {processor.py:183} INFO - Processing /home/airflow/.local/lib/python3.12/site-packages/airflow/example_dags/example_python_operator.py took 0.099 seconds
[2025-07-22T09:13:32.982+0000] {processor.py:161} INFO - Started process (PID=2596) to work on /home/airflow/.local/lib/python3.12/site-packages/airflow/example_dags/example_python_operator.py
[2025-07-22T09:13:32.984+0000] {processor.py:830} INFO - Processing file /home/airflow/.local/lib/python3.12/site-packages/airflow/example_dags/example_python_operator.py for tasks to queue
[2025-07-22T09:13:32.986+0000] {logging_mixin.py:188} INFO - [2025-07-22T09:13:32.985+0000] {dagbag.py:545} INFO - Filling up the DagBag from /home/airflow/.local/lib/python3.12/site-packages/airflow/example_dags/example_python_operator.py
[2025-07-22T09:13:32.999+0000] {processor.py:840} INFO - DAG(s) 'example_python_operator' retrieved from /home/airflow/.local/lib/python3.12/site-packages/airflow/example_dags/example_python_operator.py
[2025-07-22T09:13:33.028+0000] {logging_mixin.py:188} INFO - [2025-07-22T09:13:33.027+0000] {dag.py:3096} INFO - Sync 1 DAGs
[2025-07-22T09:13:33.044+0000] {logging_mixin.py:188} INFO - [2025-07-22T09:13:33.044+0000] {dag.py:3954} INFO - Setting next_dagrun for example_python_operator to None, run_after=None
[2025-07-22T09:13:33.069+0000] {processor.py:183} INFO - Processing /home/airflow/.local/lib/python3.12/site-packages/airflow/example_dags/example_python_operator.py took 0.093 seconds
[2025-07-22T09:14:04.105+0000] {processor.py:161} INFO - Started process (PID=2656) to work on /home/airflow/.local/lib/python3.12/site-packages/airflow/example_dags/example_python_operator.py
[2025-07-22T09:14:04.107+0000] {processor.py:830} INFO - Processing file /home/airflow/.local/lib/python3.12/site-packages/airflow/example_dags/example_python_operator.py for tasks to queue
[2025-07-22T09:14:04.110+0000] {logging_mixin.py:188} INFO - [2025-07-22T09:14:04.110+0000] {dagbag.py:545} INFO - Filling up the DagBag from /home/airflow/.local/lib/python3.12/site-packages/airflow/example_dags/example_python_operator.py
[2025-07-22T09:14:04.126+0000] {processor.py:840} INFO - DAG(s) 'example_python_operator' retrieved from /home/airflow/.local/lib/python3.12/site-packages/airflow/example_dags/example_python_operator.py
[2025-07-22T09:14:04.163+0000] {logging_mixin.py:188} INFO - [2025-07-22T09:14:04.163+0000] {dag.py:3096} INFO - Sync 1 DAGs
[2025-07-22T09:14:04.189+0000] {logging_mixin.py:188} INFO - [2025-07-22T09:14:04.188+0000] {dag.py:3954} INFO - Setting next_dagrun for example_python_operator to None, run_after=None
[2025-07-22T09:14:04.228+0000] {processor.py:183} INFO - Processing /home/airflow/.local/lib/python3.12/site-packages/airflow/example_dags/example_python_operator.py took 0.132 seconds
[2025-07-22T09:14:34.287+0000] {processor.py:161} INFO - Started process (PID=2715) to work on /home/airflow/.local/lib/python3.12/site-packages/airflow/example_dags/example_python_operator.py
[2025-07-22T09:14:34.289+0000] {processor.py:830} INFO - Processing file /home/airflow/.local/lib/python3.12/site-packages/airflow/example_dags/example_python_operator.py for tasks to queue
[2025-07-22T09:14:34.292+0000] {logging_mixin.py:188} INFO - [2025-07-22T09:14:34.291+0000] {dagbag.py:545} INFO - Filling up the DagBag from /home/airflow/.local/lib/python3.12/site-packages/airflow/example_dags/example_python_operator.py
[2025-07-22T09:14:34.309+0000] {processor.py:840} INFO - DAG(s) 'example_python_operator' retrieved from /home/airflow/.local/lib/python3.12/site-packages/airflow/example_dags/example_python_operator.py
[2025-07-22T09:14:34.341+0000] {logging_mixin.py:188} INFO - [2025-07-22T09:14:34.341+0000] {dag.py:3096} INFO - Sync 1 DAGs
[2025-07-22T09:14:34.360+0000] {logging_mixin.py:188} INFO - [2025-07-22T09:14:34.359+0000] {dag.py:3954} INFO - Setting next_dagrun for example_python_operator to None, run_after=None
[2025-07-22T09:14:34.387+0000] {processor.py:183} INFO - Processing /home/airflow/.local/lib/python3.12/site-packages/airflow/example_dags/example_python_operator.py took 0.110 seconds
[2025-07-22T09:15:04.632+0000] {processor.py:161} INFO - Started process (PID=2781) to work on /home/airflow/.local/lib/python3.12/site-packages/airflow/example_dags/example_python_operator.py
[2025-07-22T09:15:04.633+0000] {processor.py:830} INFO - Processing file /home/airflow/.local/lib/python3.12/site-packages/airflow/example_dags/example_python_operator.py for tasks to queue
[2025-07-22T09:15:04.636+0000] {logging_mixin.py:188} INFO - [2025-07-22T09:15:04.635+0000] {dagbag.py:545} INFO - Filling up the DagBag from /home/airflow/.local/lib/python3.12/site-packages/airflow/example_dags/example_python_operator.py
[2025-07-22T09:15:04.652+0000] {processor.py:840} INFO - DAG(s) 'example_python_operator' retrieved from /home/airflow/.local/lib/python3.12/site-packages/airflow/example_dags/example_python_operator.py
[2025-07-22T09:15:04.686+0000] {logging_mixin.py:188} INFO - [2025-07-22T09:15:04.686+0000] {dag.py:3096} INFO - Sync 1 DAGs
[2025-07-22T09:15:04.704+0000] {logging_mixin.py:188} INFO - [2025-07-22T09:15:04.704+0000] {dag.py:3954} INFO - Setting next_dagrun for example_python_operator to None, run_after=None
[2025-07-22T09:15:04.731+0000] {processor.py:183} INFO - Processing /home/airflow/.local/lib/python3.12/site-packages/airflow/example_dags/example_python_operator.py took 0.109 seconds
[2025-07-22T09:15:35.026+0000] {processor.py:161} INFO - Started process (PID=2841) to work on /home/airflow/.local/lib/python3.12/site-packages/airflow/example_dags/example_python_operator.py
[2025-07-22T09:15:35.031+0000] {processor.py:830} INFO - Processing file /home/airflow/.local/lib/python3.12/site-packages/airflow/example_dags/example_python_operator.py for tasks to queue
[2025-07-22T09:15:35.037+0000] {logging_mixin.py:188} INFO - [2025-07-22T09:15:35.036+0000] {dagbag.py:545} INFO - Filling up the DagBag from /home/airflow/.local/lib/python3.12/site-packages/airflow/example_dags/example_python_operator.py
[2025-07-22T09:15:35.057+0000] {processor.py:840} INFO - DAG(s) 'example_python_operator' retrieved from /home/airflow/.local/lib/python3.12/site-packages/airflow/example_dags/example_python_operator.py
[2025-07-22T09:15:35.097+0000] {logging_mixin.py:188} INFO - [2025-07-22T09:15:35.096+0000] {dag.py:3096} INFO - Sync 1 DAGs
[2025-07-22T09:15:35.119+0000] {logging_mixin.py:188} INFO - [2025-07-22T09:15:35.119+0000] {dag.py:3954} INFO - Setting next_dagrun for example_python_operator to None, run_after=None
[2025-07-22T09:15:35.153+0000] {processor.py:183} INFO - Processing /home/airflow/.local/lib/python3.12/site-packages/airflow/example_dags/example_python_operator.py took 0.136 seconds
[2025-07-22T09:16:05.254+0000] {processor.py:161} INFO - Started process (PID=2901) to work on /home/airflow/.local/lib/python3.12/site-packages/airflow/example_dags/example_python_operator.py
[2025-07-22T09:16:05.257+0000] {processor.py:830} INFO - Processing file /home/airflow/.local/lib/python3.12/site-packages/airflow/example_dags/example_python_operator.py for tasks to queue
[2025-07-22T09:16:05.259+0000] {logging_mixin.py:188} INFO - [2025-07-22T09:16:05.259+0000] {dagbag.py:545} INFO - Filling up the DagBag from /home/airflow/.local/lib/python3.12/site-packages/airflow/example_dags/example_python_operator.py
[2025-07-22T09:16:05.276+0000] {processor.py:840} INFO - DAG(s) 'example_python_operator' retrieved from /home/airflow/.local/lib/python3.12/site-packages/airflow/example_dags/example_python_operator.py
[2025-07-22T09:16:05.309+0000] {logging_mixin.py:188} INFO - [2025-07-22T09:16:05.309+0000] {dag.py:3096} INFO - Sync 1 DAGs
[2025-07-22T09:16:05.331+0000] {logging_mixin.py:188} INFO - [2025-07-22T09:16:05.331+0000] {dag.py:3954} INFO - Setting next_dagrun for example_python_operator to None, run_after=None
[2025-07-22T09:16:05.354+0000] {processor.py:183} INFO - Processing /home/airflow/.local/lib/python3.12/site-packages/airflow/example_dags/example_python_operator.py took 0.108 seconds
[2025-07-22T09:16:35.525+0000] {processor.py:161} INFO - Started process (PID=2961) to work on /home/airflow/.local/lib/python3.12/site-packages/airflow/example_dags/example_python_operator.py
[2025-07-22T09:16:35.527+0000] {processor.py:830} INFO - Processing file /home/airflow/.local/lib/python3.12/site-packages/airflow/example_dags/example_python_operator.py for tasks to queue
[2025-07-22T09:16:35.531+0000] {logging_mixin.py:188} INFO - [2025-07-22T09:16:35.530+0000] {dagbag.py:545} INFO - Filling up the DagBag from /home/airflow/.local/lib/python3.12/site-packages/airflow/example_dags/example_python_operator.py
[2025-07-22T09:16:35.550+0000] {processor.py:840} INFO - DAG(s) 'example_python_operator' retrieved from /home/airflow/.local/lib/python3.12/site-packages/airflow/example_dags/example_python_operator.py
[2025-07-22T09:16:35.587+0000] {logging_mixin.py:188} INFO - [2025-07-22T09:16:35.586+0000] {dag.py:3096} INFO - Sync 1 DAGs
[2025-07-22T09:16:35.605+0000] {logging_mixin.py:188} INFO - [2025-07-22T09:16:35.605+0000] {dag.py:3954} INFO - Setting next_dagrun for example_python_operator to None, run_after=None
[2025-07-22T09:16:35.633+0000] {processor.py:183} INFO - Processing /home/airflow/.local/lib/python3.12/site-packages/airflow/example_dags/example_python_operator.py took 0.121 seconds
[2025-07-22T09:17:05.704+0000] {processor.py:161} INFO - Started process (PID=3020) to work on /home/airflow/.local/lib/python3.12/site-packages/airflow/example_dags/example_python_operator.py
[2025-07-22T09:17:05.706+0000] {processor.py:830} INFO - Processing file /home/airflow/.local/lib/python3.12/site-packages/airflow/example_dags/example_python_operator.py for tasks to queue
[2025-07-22T09:17:05.710+0000] {logging_mixin.py:188} INFO - [2025-07-22T09:17:05.709+0000] {dagbag.py:545} INFO - Filling up the DagBag from /home/airflow/.local/lib/python3.12/site-packages/airflow/example_dags/example_python_operator.py
[2025-07-22T09:17:05.722+0000] {processor.py:840} INFO - DAG(s) 'example_python_operator' retrieved from /home/airflow/.local/lib/python3.12/site-packages/airflow/example_dags/example_python_operator.py
[2025-07-22T09:17:05.752+0000] {logging_mixin.py:188} INFO - [2025-07-22T09:17:05.751+0000] {dag.py:3096} INFO - Sync 1 DAGs
[2025-07-22T09:17:05.768+0000] {logging_mixin.py:188} INFO - [2025-07-22T09:17:05.768+0000] {dag.py:3954} INFO - Setting next_dagrun for example_python_operator to None, run_after=None
[2025-07-22T09:17:05.793+0000] {processor.py:183} INFO - Processing /home/airflow/.local/lib/python3.12/site-packages/airflow/example_dags/example_python_operator.py took 0.104 seconds
[2025-07-22T09:17:36.046+0000] {processor.py:161} INFO - Started process (PID=3080) to work on /home/airflow/.local/lib/python3.12/site-packages/airflow/example_dags/example_python_operator.py
[2025-07-22T09:17:36.048+0000] {processor.py:830} INFO - Processing file /home/airflow/.local/lib/python3.12/site-packages/airflow/example_dags/example_python_operator.py for tasks to queue
[2025-07-22T09:17:36.050+0000] {logging_mixin.py:188} INFO - [2025-07-22T09:17:36.050+0000] {dagbag.py:545} INFO - Filling up the DagBag from /home/airflow/.local/lib/python3.12/site-packages/airflow/example_dags/example_python_operator.py
[2025-07-22T09:17:36.066+0000] {processor.py:840} INFO - DAG(s) 'example_python_operator' retrieved from /home/airflow/.local/lib/python3.12/site-packages/airflow/example_dags/example_python_operator.py
[2025-07-22T09:17:36.102+0000] {logging_mixin.py:188} INFO - [2025-07-22T09:17:36.101+0000] {dag.py:3096} INFO - Sync 1 DAGs
[2025-07-22T09:17:36.126+0000] {logging_mixin.py:188} INFO - [2025-07-22T09:17:36.125+0000] {dag.py:3954} INFO - Setting next_dagrun for example_python_operator to None, run_after=None
[2025-07-22T09:17:36.166+0000] {processor.py:183} INFO - Processing /home/airflow/.local/lib/python3.12/site-packages/airflow/example_dags/example_python_operator.py took 0.130 seconds
[2025-07-22T09:18:06.239+0000] {processor.py:161} INFO - Started process (PID=3140) to work on /home/airflow/.local/lib/python3.12/site-packages/airflow/example_dags/example_python_operator.py
[2025-07-22T09:18:06.240+0000] {processor.py:830} INFO - Processing file /home/airflow/.local/lib/python3.12/site-packages/airflow/example_dags/example_python_operator.py for tasks to queue
[2025-07-22T09:18:06.242+0000] {logging_mixin.py:188} INFO - [2025-07-22T09:18:06.242+0000] {dagbag.py:545} INFO - Filling up the DagBag from /home/airflow/.local/lib/python3.12/site-packages/airflow/example_dags/example_python_operator.py
[2025-07-22T09:18:06.253+0000] {processor.py:840} INFO - DAG(s) 'example_python_operator' retrieved from /home/airflow/.local/lib/python3.12/site-packages/airflow/example_dags/example_python_operator.py
[2025-07-22T09:18:06.280+0000] {logging_mixin.py:188} INFO - [2025-07-22T09:18:06.280+0000] {dag.py:3096} INFO - Sync 1 DAGs
[2025-07-22T09:18:06.294+0000] {logging_mixin.py:188} INFO - [2025-07-22T09:18:06.293+0000] {dag.py:3954} INFO - Setting next_dagrun for example_python_operator to None, run_after=None
[2025-07-22T09:18:06.317+0000] {processor.py:183} INFO - Processing /home/airflow/.local/lib/python3.12/site-packages/airflow/example_dags/example_python_operator.py took 0.085 seconds
[2025-07-22T09:18:36.843+0000] {processor.py:161} INFO - Started process (PID=3200) to work on /home/airflow/.local/lib/python3.12/site-packages/airflow/example_dags/example_python_operator.py
[2025-07-22T09:18:36.844+0000] {processor.py:830} INFO - Processing file /home/airflow/.local/lib/python3.12/site-packages/airflow/example_dags/example_python_operator.py for tasks to queue
[2025-07-22T09:18:36.847+0000] {logging_mixin.py:188} INFO - [2025-07-22T09:18:36.847+0000] {dagbag.py:545} INFO - Filling up the DagBag from /home/airflow/.local/lib/python3.12/site-packages/airflow/example_dags/example_python_operator.py
[2025-07-22T09:18:36.860+0000] {processor.py:840} INFO - DAG(s) 'example_python_operator' retrieved from /home/airflow/.local/lib/python3.12/site-packages/airflow/example_dags/example_python_operator.py
[2025-07-22T09:18:36.890+0000] {logging_mixin.py:188} INFO - [2025-07-22T09:18:36.890+0000] {dag.py:3096} INFO - Sync 1 DAGs
[2025-07-22T09:18:36.907+0000] {logging_mixin.py:188} INFO - [2025-07-22T09:18:36.907+0000] {dag.py:3954} INFO - Setting next_dagrun for example_python_operator to None, run_after=None
[2025-07-22T09:18:36.935+0000] {processor.py:183} INFO - Processing /home/airflow/.local/lib/python3.12/site-packages/airflow/example_dags/example_python_operator.py took 0.100 seconds
[2025-07-22T09:19:07.539+0000] {processor.py:161} INFO - Started process (PID=3260) to work on /home/airflow/.local/lib/python3.12/site-packages/airflow/example_dags/example_python_operator.py
[2025-07-22T09:19:07.541+0000] {processor.py:830} INFO - Processing file /home/airflow/.local/lib/python3.12/site-packages/airflow/example_dags/example_python_operator.py for tasks to queue
[2025-07-22T09:19:07.543+0000] {logging_mixin.py:188} INFO - [2025-07-22T09:19:07.542+0000] {dagbag.py:545} INFO - Filling up the DagBag from /home/airflow/.local/lib/python3.12/site-packages/airflow/example_dags/example_python_operator.py
[2025-07-22T09:19:07.554+0000] {processor.py:840} INFO - DAG(s) 'example_python_operator' retrieved from /home/airflow/.local/lib/python3.12/site-packages/airflow/example_dags/example_python_operator.py
[2025-07-22T09:19:07.580+0000] {logging_mixin.py:188} INFO - [2025-07-22T09:19:07.580+0000] {dag.py:3096} INFO - Sync 1 DAGs
[2025-07-22T09:19:07.594+0000] {logging_mixin.py:188} INFO - [2025-07-22T09:19:07.593+0000] {dag.py:3954} INFO - Setting next_dagrun for example_python_operator to None, run_after=None
[2025-07-22T09:19:07.618+0000] {processor.py:183} INFO - Processing /home/airflow/.local/lib/python3.12/site-packages/airflow/example_dags/example_python_operator.py took 0.086 seconds
[2025-07-22T09:19:37.724+0000] {processor.py:161} INFO - Started process (PID=3320) to work on /home/airflow/.local/lib/python3.12/site-packages/airflow/example_dags/example_python_operator.py
[2025-07-22T09:19:37.726+0000] {processor.py:830} INFO - Processing file /home/airflow/.local/lib/python3.12/site-packages/airflow/example_dags/example_python_operator.py for tasks to queue
[2025-07-22T09:19:37.729+0000] {logging_mixin.py:188} INFO - [2025-07-22T09:19:37.729+0000] {dagbag.py:545} INFO - Filling up the DagBag from /home/airflow/.local/lib/python3.12/site-packages/airflow/example_dags/example_python_operator.py
[2025-07-22T09:19:37.743+0000] {processor.py:840} INFO - DAG(s) 'example_python_operator' retrieved from /home/airflow/.local/lib/python3.12/site-packages/airflow/example_dags/example_python_operator.py
[2025-07-22T09:19:37.777+0000] {logging_mixin.py:188} INFO - [2025-07-22T09:19:37.776+0000] {dag.py:3096} INFO - Sync 1 DAGs
[2025-07-22T09:19:37.796+0000] {logging_mixin.py:188} INFO - [2025-07-22T09:19:37.796+0000] {dag.py:3954} INFO - Setting next_dagrun for example_python_operator to None, run_after=None
[2025-07-22T09:19:37.829+0000] {processor.py:183} INFO - Processing /home/airflow/.local/lib/python3.12/site-packages/airflow/example_dags/example_python_operator.py took 0.113 seconds
[2025-07-22T09:20:08.156+0000] {processor.py:161} INFO - Started process (PID=3380) to work on /home/airflow/.local/lib/python3.12/site-packages/airflow/example_dags/example_python_operator.py
[2025-07-22T09:20:08.157+0000] {processor.py:830} INFO - Processing file /home/airflow/.local/lib/python3.12/site-packages/airflow/example_dags/example_python_operator.py for tasks to queue
[2025-07-22T09:20:08.159+0000] {logging_mixin.py:188} INFO - [2025-07-22T09:20:08.159+0000] {dagbag.py:545} INFO - Filling up the DagBag from /home/airflow/.local/lib/python3.12/site-packages/airflow/example_dags/example_python_operator.py
[2025-07-22T09:20:08.170+0000] {processor.py:840} INFO - DAG(s) 'example_python_operator' retrieved from /home/airflow/.local/lib/python3.12/site-packages/airflow/example_dags/example_python_operator.py
[2025-07-22T09:20:08.195+0000] {logging_mixin.py:188} INFO - [2025-07-22T09:20:08.195+0000] {dag.py:3096} INFO - Sync 1 DAGs
[2025-07-22T09:20:08.209+0000] {logging_mixin.py:188} INFO - [2025-07-22T09:20:08.208+0000] {dag.py:3954} INFO - Setting next_dagrun for example_python_operator to None, run_after=None
[2025-07-22T09:20:08.235+0000] {processor.py:183} INFO - Processing /home/airflow/.local/lib/python3.12/site-packages/airflow/example_dags/example_python_operator.py took 0.086 seconds
[2025-07-22T09:20:38.608+0000] {processor.py:161} INFO - Started process (PID=3440) to work on /home/airflow/.local/lib/python3.12/site-packages/airflow/example_dags/example_python_operator.py
[2025-07-22T09:20:38.610+0000] {processor.py:830} INFO - Processing file /home/airflow/.local/lib/python3.12/site-packages/airflow/example_dags/example_python_operator.py for tasks to queue
[2025-07-22T09:20:38.612+0000] {logging_mixin.py:188} INFO - [2025-07-22T09:20:38.611+0000] {dagbag.py:545} INFO - Filling up the DagBag from /home/airflow/.local/lib/python3.12/site-packages/airflow/example_dags/example_python_operator.py
[2025-07-22T09:20:38.623+0000] {processor.py:840} INFO - DAG(s) 'example_python_operator' retrieved from /home/airflow/.local/lib/python3.12/site-packages/airflow/example_dags/example_python_operator.py
[2025-07-22T09:20:38.649+0000] {logging_mixin.py:188} INFO - [2025-07-22T09:20:38.648+0000] {dag.py:3096} INFO - Sync 1 DAGs
[2025-07-22T09:20:38.662+0000] {logging_mixin.py:188} INFO - [2025-07-22T09:20:38.662+0000] {dag.py:3954} INFO - Setting next_dagrun for example_python_operator to None, run_after=None
[2025-07-22T09:20:38.685+0000] {processor.py:183} INFO - Processing /home/airflow/.local/lib/python3.12/site-packages/airflow/example_dags/example_python_operator.py took 0.083 seconds
[2025-07-22T09:21:08.843+0000] {processor.py:161} INFO - Started process (PID=3501) to work on /home/airflow/.local/lib/python3.12/site-packages/airflow/example_dags/example_python_operator.py
[2025-07-22T09:21:08.845+0000] {processor.py:830} INFO - Processing file /home/airflow/.local/lib/python3.12/site-packages/airflow/example_dags/example_python_operator.py for tasks to queue
[2025-07-22T09:21:08.848+0000] {logging_mixin.py:188} INFO - [2025-07-22T09:21:08.847+0000] {dagbag.py:545} INFO - Filling up the DagBag from /home/airflow/.local/lib/python3.12/site-packages/airflow/example_dags/example_python_operator.py
[2025-07-22T09:21:08.867+0000] {processor.py:840} INFO - DAG(s) 'example_python_operator' retrieved from /home/airflow/.local/lib/python3.12/site-packages/airflow/example_dags/example_python_operator.py
[2025-07-22T09:21:08.900+0000] {logging_mixin.py:188} INFO - [2025-07-22T09:21:08.899+0000] {dag.py:3096} INFO - Sync 1 DAGs
[2025-07-22T09:21:08.916+0000] {logging_mixin.py:188} INFO - [2025-07-22T09:21:08.916+0000] {dag.py:3954} INFO - Setting next_dagrun for example_python_operator to None, run_after=None
[2025-07-22T09:21:08.944+0000] {processor.py:183} INFO - Processing /home/airflow/.local/lib/python3.12/site-packages/airflow/example_dags/example_python_operator.py took 0.109 seconds
[2025-07-22T09:21:39.502+0000] {processor.py:161} INFO - Started process (PID=3559) to work on /home/airflow/.local/lib/python3.12/site-packages/airflow/example_dags/example_python_operator.py
[2025-07-22T09:21:39.504+0000] {processor.py:830} INFO - Processing file /home/airflow/.local/lib/python3.12/site-packages/airflow/example_dags/example_python_operator.py for tasks to queue
[2025-07-22T09:21:39.506+0000] {logging_mixin.py:188} INFO - [2025-07-22T09:21:39.506+0000] {dagbag.py:545} INFO - Filling up the DagBag from /home/airflow/.local/lib/python3.12/site-packages/airflow/example_dags/example_python_operator.py
[2025-07-22T09:21:39.517+0000] {processor.py:840} INFO - DAG(s) 'example_python_operator' retrieved from /home/airflow/.local/lib/python3.12/site-packages/airflow/example_dags/example_python_operator.py
[2025-07-22T09:21:39.543+0000] {logging_mixin.py:188} INFO - [2025-07-22T09:21:39.543+0000] {dag.py:3096} INFO - Sync 1 DAGs
[2025-07-22T09:21:39.557+0000] {logging_mixin.py:188} INFO - [2025-07-22T09:21:39.557+0000] {dag.py:3954} INFO - Setting next_dagrun for example_python_operator to None, run_after=None
[2025-07-22T09:21:39.581+0000] {processor.py:183} INFO - Processing /home/airflow/.local/lib/python3.12/site-packages/airflow/example_dags/example_python_operator.py took 0.085 seconds
[2025-07-22T09:22:09.886+0000] {processor.py:161} INFO - Started process (PID=3619) to work on /home/airflow/.local/lib/python3.12/site-packages/airflow/example_dags/example_python_operator.py
[2025-07-22T09:22:09.888+0000] {processor.py:830} INFO - Processing file /home/airflow/.local/lib/python3.12/site-packages/airflow/example_dags/example_python_operator.py for tasks to queue
[2025-07-22T09:22:09.890+0000] {logging_mixin.py:188} INFO - [2025-07-22T09:22:09.889+0000] {dagbag.py:545} INFO - Filling up the DagBag from /home/airflow/.local/lib/python3.12/site-packages/airflow/example_dags/example_python_operator.py
[2025-07-22T09:22:09.901+0000] {processor.py:840} INFO - DAG(s) 'example_python_operator' retrieved from /home/airflow/.local/lib/python3.12/site-packages/airflow/example_dags/example_python_operator.py
[2025-07-22T09:22:09.926+0000] {logging_mixin.py:188} INFO - [2025-07-22T09:22:09.926+0000] {dag.py:3096} INFO - Sync 1 DAGs
[2025-07-22T09:22:09.940+0000] {logging_mixin.py:188} INFO - [2025-07-22T09:22:09.939+0000] {dag.py:3954} INFO - Setting next_dagrun for example_python_operator to None, run_after=None
[2025-07-22T09:22:09.965+0000] {processor.py:183} INFO - Processing /home/airflow/.local/lib/python3.12/site-packages/airflow/example_dags/example_python_operator.py took 0.085 seconds
[2025-07-22T09:22:40.257+0000] {processor.py:161} INFO - Started process (PID=3679) to work on /home/airflow/.local/lib/python3.12/site-packages/airflow/example_dags/example_python_operator.py
[2025-07-22T09:22:40.258+0000] {processor.py:830} INFO - Processing file /home/airflow/.local/lib/python3.12/site-packages/airflow/example_dags/example_python_operator.py for tasks to queue
[2025-07-22T09:22:40.261+0000] {logging_mixin.py:188} INFO - [2025-07-22T09:22:40.261+0000] {dagbag.py:545} INFO - Filling up the DagBag from /home/airflow/.local/lib/python3.12/site-packages/airflow/example_dags/example_python_operator.py
[2025-07-22T09:22:40.281+0000] {processor.py:840} INFO - DAG(s) 'example_python_operator' retrieved from /home/airflow/.local/lib/python3.12/site-packages/airflow/example_dags/example_python_operator.py
[2025-07-22T09:22:40.312+0000] {logging_mixin.py:188} INFO - [2025-07-22T09:22:40.311+0000] {dag.py:3096} INFO - Sync 1 DAGs
[2025-07-22T09:22:40.330+0000] {logging_mixin.py:188} INFO - [2025-07-22T09:22:40.330+0000] {dag.py:3954} INFO - Setting next_dagrun for example_python_operator to None, run_after=None
[2025-07-22T09:22:40.363+0000] {processor.py:183} INFO - Processing /home/airflow/.local/lib/python3.12/site-packages/airflow/example_dags/example_python_operator.py took 0.115 seconds
