[2025-07-22T08:52:03.536+0000] {processor.py:161} INFO - Started process (PID=77) to work on /home/airflow/.local/lib/python3.12/site-packages/airflow/example_dags/example_latest_only.py
[2025-07-22T08:52:03.540+0000] {processor.py:830} INFO - Processing file /home/airflow/.local/lib/python3.12/site-packages/airflow/example_dags/example_latest_only.py for tasks to queue
[2025-07-22T08:52:03.545+0000] {logging_mixin.py:188} INFO - [2025-07-22T08:52:03.544+0000] {dagbag.py:545} INFO - Filling up the DagBag from /home/airflow/.local/lib/python3.12/site-packages/airflow/example_dags/example_latest_only.py
[2025-07-22T08:52:03.579+0000] {processor.py:840} INFO - DAG(s) 'latest_only' retrieved from /home/airflow/.local/lib/python3.12/site-packages/airflow/example_dags/example_latest_only.py
[2025-07-22T08:52:03.871+0000] {logging_mixin.py:188} INFO - [2025-07-22T08:52:03.871+0000] {dag.py:3096} INFO - Sync 1 DAGs
[2025-07-22T08:52:03.932+0000] {logging_mixin.py:188} INFO - [2025-07-22T08:52:03.932+0000] {dag.py:3954} INFO - Setting next_dagrun for latest_only to 2025-07-22 04:00:00+00:00, run_after=2025-07-22 08:00:00+00:00
[2025-07-22T08:52:04.060+0000] {processor.py:183} INFO - Processing /home/airflow/.local/lib/python3.12/site-packages/airflow/example_dags/example_latest_only.py took 0.552 seconds
[2025-07-22T08:52:34.548+0000] {processor.py:161} INFO - Started process (PID=135) to work on /home/airflow/.local/lib/python3.12/site-packages/airflow/example_dags/example_latest_only.py
[2025-07-22T08:52:34.550+0000] {processor.py:830} INFO - Processing file /home/airflow/.local/lib/python3.12/site-packages/airflow/example_dags/example_latest_only.py for tasks to queue
[2025-07-22T08:52:34.552+0000] {logging_mixin.py:188} INFO - [2025-07-22T08:52:34.551+0000] {dagbag.py:545} INFO - Filling up the DagBag from /home/airflow/.local/lib/python3.12/site-packages/airflow/example_dags/example_latest_only.py
[2025-07-22T08:52:34.557+0000] {processor.py:840} INFO - DAG(s) 'latest_only' retrieved from /home/airflow/.local/lib/python3.12/site-packages/airflow/example_dags/example_latest_only.py
[2025-07-22T08:52:34.582+0000] {logging_mixin.py:188} INFO - [2025-07-22T08:52:34.582+0000] {dag.py:3096} INFO - Sync 1 DAGs
[2025-07-22T08:52:34.604+0000] {logging_mixin.py:188} INFO - [2025-07-22T08:52:34.604+0000] {dag.py:3954} INFO - Setting next_dagrun for latest_only to 2025-07-22 04:00:00+00:00, run_after=2025-07-22 08:00:00+00:00
[2025-07-22T08:52:34.630+0000] {processor.py:183} INFO - Processing /home/airflow/.local/lib/python3.12/site-packages/airflow/example_dags/example_latest_only.py took 0.097 seconds
[2025-07-22T08:53:04.760+0000] {processor.py:161} INFO - Started process (PID=193) to work on /home/airflow/.local/lib/python3.12/site-packages/airflow/example_dags/example_latest_only.py
[2025-07-22T08:53:04.764+0000] {processor.py:830} INFO - Processing file /home/airflow/.local/lib/python3.12/site-packages/airflow/example_dags/example_latest_only.py for tasks to queue
[2025-07-22T08:53:04.768+0000] {logging_mixin.py:188} INFO - [2025-07-22T08:53:04.768+0000] {dagbag.py:545} INFO - Filling up the DagBag from /home/airflow/.local/lib/python3.12/site-packages/airflow/example_dags/example_latest_only.py
[2025-07-22T08:53:04.785+0000] {processor.py:840} INFO - DAG(s) 'latest_only' retrieved from /home/airflow/.local/lib/python3.12/site-packages/airflow/example_dags/example_latest_only.py
[2025-07-22T08:53:04.844+0000] {logging_mixin.py:188} INFO - [2025-07-22T08:53:04.843+0000] {dag.py:3096} INFO - Sync 1 DAGs
[2025-07-22T08:53:04.912+0000] {logging_mixin.py:188} INFO - [2025-07-22T08:53:04.912+0000] {dag.py:3954} INFO - Setting next_dagrun for latest_only to 2025-07-22 04:00:00+00:00, run_after=2025-07-22 08:00:00+00:00
[2025-07-22T08:53:04.943+0000] {processor.py:183} INFO - Processing /home/airflow/.local/lib/python3.12/site-packages/airflow/example_dags/example_latest_only.py took 0.196 seconds
[2025-07-22T08:53:35.357+0000] {processor.py:161} INFO - Started process (PID=251) to work on /home/airflow/.local/lib/python3.12/site-packages/airflow/example_dags/example_latest_only.py
[2025-07-22T08:53:35.359+0000] {processor.py:830} INFO - Processing file /home/airflow/.local/lib/python3.12/site-packages/airflow/example_dags/example_latest_only.py for tasks to queue
[2025-07-22T08:53:35.362+0000] {logging_mixin.py:188} INFO - [2025-07-22T08:53:35.361+0000] {dagbag.py:545} INFO - Filling up the DagBag from /home/airflow/.local/lib/python3.12/site-packages/airflow/example_dags/example_latest_only.py
[2025-07-22T08:53:35.369+0000] {processor.py:840} INFO - DAG(s) 'latest_only' retrieved from /home/airflow/.local/lib/python3.12/site-packages/airflow/example_dags/example_latest_only.py
[2025-07-22T08:53:35.394+0000] {logging_mixin.py:188} INFO - [2025-07-22T08:53:35.394+0000] {dag.py:3096} INFO - Sync 1 DAGs
[2025-07-22T08:53:35.424+0000] {logging_mixin.py:188} INFO - [2025-07-22T08:53:35.424+0000] {dag.py:3954} INFO - Setting next_dagrun for latest_only to 2025-07-22 04:00:00+00:00, run_after=2025-07-22 08:00:00+00:00
[2025-07-22T08:53:35.448+0000] {processor.py:183} INFO - Processing /home/airflow/.local/lib/python3.12/site-packages/airflow/example_dags/example_latest_only.py took 0.102 seconds
[2025-07-22T08:54:05.619+0000] {processor.py:161} INFO - Started process (PID=309) to work on /home/airflow/.local/lib/python3.12/site-packages/airflow/example_dags/example_latest_only.py
[2025-07-22T08:54:05.620+0000] {processor.py:830} INFO - Processing file /home/airflow/.local/lib/python3.12/site-packages/airflow/example_dags/example_latest_only.py for tasks to queue
[2025-07-22T08:54:05.623+0000] {logging_mixin.py:188} INFO - [2025-07-22T08:54:05.623+0000] {dagbag.py:545} INFO - Filling up the DagBag from /home/airflow/.local/lib/python3.12/site-packages/airflow/example_dags/example_latest_only.py
[2025-07-22T08:54:05.633+0000] {processor.py:840} INFO - DAG(s) 'latest_only' retrieved from /home/airflow/.local/lib/python3.12/site-packages/airflow/example_dags/example_latest_only.py
[2025-07-22T08:54:05.665+0000] {logging_mixin.py:188} INFO - [2025-07-22T08:54:05.665+0000] {dag.py:3096} INFO - Sync 1 DAGs
[2025-07-22T08:54:05.702+0000] {logging_mixin.py:188} INFO - [2025-07-22T08:54:05.702+0000] {dag.py:3954} INFO - Setting next_dagrun for latest_only to 2025-07-22 04:00:00+00:00, run_after=2025-07-22 08:00:00+00:00
[2025-07-22T08:54:05.729+0000] {processor.py:183} INFO - Processing /home/airflow/.local/lib/python3.12/site-packages/airflow/example_dags/example_latest_only.py took 0.118 seconds
[2025-07-22T08:54:35.825+0000] {processor.py:161} INFO - Started process (PID=367) to work on /home/airflow/.local/lib/python3.12/site-packages/airflow/example_dags/example_latest_only.py
[2025-07-22T08:54:35.826+0000] {processor.py:830} INFO - Processing file /home/airflow/.local/lib/python3.12/site-packages/airflow/example_dags/example_latest_only.py for tasks to queue
[2025-07-22T08:54:35.830+0000] {logging_mixin.py:188} INFO - [2025-07-22T08:54:35.830+0000] {dagbag.py:545} INFO - Filling up the DagBag from /home/airflow/.local/lib/python3.12/site-packages/airflow/example_dags/example_latest_only.py
[2025-07-22T08:54:35.846+0000] {processor.py:840} INFO - DAG(s) 'latest_only' retrieved from /home/airflow/.local/lib/python3.12/site-packages/airflow/example_dags/example_latest_only.py
[2025-07-22T08:54:35.899+0000] {logging_mixin.py:188} INFO - [2025-07-22T08:54:35.899+0000] {dag.py:3096} INFO - Sync 1 DAGs
[2025-07-22T08:54:35.946+0000] {logging_mixin.py:188} INFO - [2025-07-22T08:54:35.946+0000] {dag.py:3954} INFO - Setting next_dagrun for latest_only to 2025-07-22 04:00:00+00:00, run_after=2025-07-22 08:00:00+00:00
[2025-07-22T08:54:35.989+0000] {processor.py:183} INFO - Processing /home/airflow/.local/lib/python3.12/site-packages/airflow/example_dags/example_latest_only.py took 0.174 seconds
[2025-07-22T08:55:06.485+0000] {processor.py:161} INFO - Started process (PID=425) to work on /home/airflow/.local/lib/python3.12/site-packages/airflow/example_dags/example_latest_only.py
[2025-07-22T08:55:06.486+0000] {processor.py:830} INFO - Processing file /home/airflow/.local/lib/python3.12/site-packages/airflow/example_dags/example_latest_only.py for tasks to queue
[2025-07-22T08:55:06.489+0000] {logging_mixin.py:188} INFO - [2025-07-22T08:55:06.488+0000] {dagbag.py:545} INFO - Filling up the DagBag from /home/airflow/.local/lib/python3.12/site-packages/airflow/example_dags/example_latest_only.py
[2025-07-22T08:55:06.496+0000] {processor.py:840} INFO - DAG(s) 'latest_only' retrieved from /home/airflow/.local/lib/python3.12/site-packages/airflow/example_dags/example_latest_only.py
[2025-07-22T08:55:06.521+0000] {logging_mixin.py:188} INFO - [2025-07-22T08:55:06.521+0000] {dag.py:3096} INFO - Sync 1 DAGs
[2025-07-22T08:55:06.552+0000] {logging_mixin.py:188} INFO - [2025-07-22T08:55:06.552+0000] {dag.py:3954} INFO - Setting next_dagrun for latest_only to 2025-07-22 04:00:00+00:00, run_after=2025-07-22 08:00:00+00:00
[2025-07-22T08:55:06.588+0000] {processor.py:183} INFO - Processing /home/airflow/.local/lib/python3.12/site-packages/airflow/example_dags/example_latest_only.py took 0.114 seconds
[2025-07-22T08:55:36.785+0000] {processor.py:161} INFO - Started process (PID=483) to work on /home/airflow/.local/lib/python3.12/site-packages/airflow/example_dags/example_latest_only.py
[2025-07-22T08:55:36.789+0000] {processor.py:830} INFO - Processing file /home/airflow/.local/lib/python3.12/site-packages/airflow/example_dags/example_latest_only.py for tasks to queue
[2025-07-22T08:55:36.795+0000] {logging_mixin.py:188} INFO - [2025-07-22T08:55:36.794+0000] {dagbag.py:545} INFO - Filling up the DagBag from /home/airflow/.local/lib/python3.12/site-packages/airflow/example_dags/example_latest_only.py
[2025-07-22T08:55:36.806+0000] {processor.py:840} INFO - DAG(s) 'latest_only' retrieved from /home/airflow/.local/lib/python3.12/site-packages/airflow/example_dags/example_latest_only.py
[2025-07-22T08:55:36.859+0000] {logging_mixin.py:188} INFO - [2025-07-22T08:55:36.859+0000] {dag.py:3096} INFO - Sync 1 DAGs
[2025-07-22T08:55:36.918+0000] {logging_mixin.py:188} INFO - [2025-07-22T08:55:36.918+0000] {dag.py:3954} INFO - Setting next_dagrun for latest_only to 2025-07-22 04:00:00+00:00, run_after=2025-07-22 08:00:00+00:00
[2025-07-22T08:55:36.971+0000] {processor.py:183} INFO - Processing /home/airflow/.local/lib/python3.12/site-packages/airflow/example_dags/example_latest_only.py took 0.206 seconds
[2025-07-22T08:56:07.412+0000] {processor.py:161} INFO - Started process (PID=541) to work on /home/airflow/.local/lib/python3.12/site-packages/airflow/example_dags/example_latest_only.py
[2025-07-22T08:56:07.413+0000] {processor.py:830} INFO - Processing file /home/airflow/.local/lib/python3.12/site-packages/airflow/example_dags/example_latest_only.py for tasks to queue
[2025-07-22T08:56:07.416+0000] {logging_mixin.py:188} INFO - [2025-07-22T08:56:07.415+0000] {dagbag.py:545} INFO - Filling up the DagBag from /home/airflow/.local/lib/python3.12/site-packages/airflow/example_dags/example_latest_only.py
[2025-07-22T08:56:07.421+0000] {processor.py:840} INFO - DAG(s) 'latest_only' retrieved from /home/airflow/.local/lib/python3.12/site-packages/airflow/example_dags/example_latest_only.py
[2025-07-22T08:56:07.446+0000] {logging_mixin.py:188} INFO - [2025-07-22T08:56:07.445+0000] {dag.py:3096} INFO - Sync 1 DAGs
[2025-07-22T08:56:07.471+0000] {logging_mixin.py:188} INFO - [2025-07-22T08:56:07.471+0000] {dag.py:3954} INFO - Setting next_dagrun for latest_only to 2025-07-22 04:00:00+00:00, run_after=2025-07-22 08:00:00+00:00
[2025-07-22T08:56:07.496+0000] {processor.py:183} INFO - Processing /home/airflow/.local/lib/python3.12/site-packages/airflow/example_dags/example_latest_only.py took 0.090 seconds
[2025-07-22T08:56:37.825+0000] {processor.py:161} INFO - Started process (PID=599) to work on /home/airflow/.local/lib/python3.12/site-packages/airflow/example_dags/example_latest_only.py
[2025-07-22T08:56:37.827+0000] {processor.py:830} INFO - Processing file /home/airflow/.local/lib/python3.12/site-packages/airflow/example_dags/example_latest_only.py for tasks to queue
[2025-07-22T08:56:37.829+0000] {logging_mixin.py:188} INFO - [2025-07-22T08:56:37.829+0000] {dagbag.py:545} INFO - Filling up the DagBag from /home/airflow/.local/lib/python3.12/site-packages/airflow/example_dags/example_latest_only.py
[2025-07-22T08:56:37.834+0000] {processor.py:840} INFO - DAG(s) 'latest_only' retrieved from /home/airflow/.local/lib/python3.12/site-packages/airflow/example_dags/example_latest_only.py
[2025-07-22T08:56:37.861+0000] {logging_mixin.py:188} INFO - [2025-07-22T08:56:37.860+0000] {dag.py:3096} INFO - Sync 1 DAGs
[2025-07-22T08:56:37.885+0000] {logging_mixin.py:188} INFO - [2025-07-22T08:56:37.884+0000] {dag.py:3954} INFO - Setting next_dagrun for latest_only to 2025-07-22 04:00:00+00:00, run_after=2025-07-22 08:00:00+00:00
[2025-07-22T08:56:37.906+0000] {processor.py:183} INFO - Processing /home/airflow/.local/lib/python3.12/site-packages/airflow/example_dags/example_latest_only.py took 0.087 seconds
[2025-07-22T08:57:07.942+0000] {processor.py:161} INFO - Started process (PID=658) to work on /home/airflow/.local/lib/python3.12/site-packages/airflow/example_dags/example_latest_only.py
[2025-07-22T08:57:07.944+0000] {processor.py:830} INFO - Processing file /home/airflow/.local/lib/python3.12/site-packages/airflow/example_dags/example_latest_only.py for tasks to queue
[2025-07-22T08:57:07.946+0000] {logging_mixin.py:188} INFO - [2025-07-22T08:57:07.946+0000] {dagbag.py:545} INFO - Filling up the DagBag from /home/airflow/.local/lib/python3.12/site-packages/airflow/example_dags/example_latest_only.py
[2025-07-22T08:57:07.951+0000] {processor.py:840} INFO - DAG(s) 'latest_only' retrieved from /home/airflow/.local/lib/python3.12/site-packages/airflow/example_dags/example_latest_only.py
[2025-07-22T08:57:07.972+0000] {logging_mixin.py:188} INFO - [2025-07-22T08:57:07.972+0000] {dag.py:3096} INFO - Sync 1 DAGs
[2025-07-22T08:57:07.995+0000] {logging_mixin.py:188} INFO - [2025-07-22T08:57:07.995+0000] {dag.py:3954} INFO - Setting next_dagrun for latest_only to 2025-07-22 04:00:00+00:00, run_after=2025-07-22 08:00:00+00:00
[2025-07-22T08:57:08.022+0000] {processor.py:183} INFO - Processing /home/airflow/.local/lib/python3.12/site-packages/airflow/example_dags/example_latest_only.py took 0.086 seconds
[2025-07-22T08:57:38.207+0000] {processor.py:161} INFO - Started process (PID=718) to work on /home/airflow/.local/lib/python3.12/site-packages/airflow/example_dags/example_latest_only.py
[2025-07-22T08:57:38.208+0000] {processor.py:830} INFO - Processing file /home/airflow/.local/lib/python3.12/site-packages/airflow/example_dags/example_latest_only.py for tasks to queue
[2025-07-22T08:57:38.211+0000] {logging_mixin.py:188} INFO - [2025-07-22T08:57:38.211+0000] {dagbag.py:545} INFO - Filling up the DagBag from /home/airflow/.local/lib/python3.12/site-packages/airflow/example_dags/example_latest_only.py
[2025-07-22T08:57:38.220+0000] {processor.py:840} INFO - DAG(s) 'latest_only' retrieved from /home/airflow/.local/lib/python3.12/site-packages/airflow/example_dags/example_latest_only.py
[2025-07-22T08:57:38.247+0000] {logging_mixin.py:188} INFO - [2025-07-22T08:57:38.246+0000] {dag.py:3096} INFO - Sync 1 DAGs
[2025-07-22T08:57:38.273+0000] {logging_mixin.py:188} INFO - [2025-07-22T08:57:38.272+0000] {dag.py:3954} INFO - Setting next_dagrun for latest_only to 2025-07-22 04:00:00+00:00, run_after=2025-07-22 08:00:00+00:00
[2025-07-22T08:57:38.297+0000] {processor.py:183} INFO - Processing /home/airflow/.local/lib/python3.12/site-packages/airflow/example_dags/example_latest_only.py took 0.101 seconds
[2025-07-22T08:58:08.951+0000] {processor.py:161} INFO - Started process (PID=779) to work on /home/airflow/.local/lib/python3.12/site-packages/airflow/example_dags/example_latest_only.py
[2025-07-22T08:58:08.953+0000] {processor.py:830} INFO - Processing file /home/airflow/.local/lib/python3.12/site-packages/airflow/example_dags/example_latest_only.py for tasks to queue
[2025-07-22T08:58:08.956+0000] {logging_mixin.py:188} INFO - [2025-07-22T08:58:08.955+0000] {dagbag.py:545} INFO - Filling up the DagBag from /home/airflow/.local/lib/python3.12/site-packages/airflow/example_dags/example_latest_only.py
[2025-07-22T08:58:08.961+0000] {processor.py:840} INFO - DAG(s) 'latest_only' retrieved from /home/airflow/.local/lib/python3.12/site-packages/airflow/example_dags/example_latest_only.py
[2025-07-22T08:58:09.000+0000] {logging_mixin.py:188} INFO - [2025-07-22T08:58:08.999+0000] {dag.py:3096} INFO - Sync 1 DAGs
[2025-07-22T08:58:09.063+0000] {logging_mixin.py:188} INFO - [2025-07-22T08:58:09.063+0000] {dag.py:3954} INFO - Setting next_dagrun for latest_only to 2025-07-22 04:00:00+00:00, run_after=2025-07-22 08:00:00+00:00
[2025-07-22T08:58:09.114+0000] {processor.py:183} INFO - Processing /home/airflow/.local/lib/python3.12/site-packages/airflow/example_dags/example_latest_only.py took 0.170 seconds
[2025-07-22T08:58:39.663+0000] {processor.py:161} INFO - Started process (PID=839) to work on /home/airflow/.local/lib/python3.12/site-packages/airflow/example_dags/example_latest_only.py
[2025-07-22T08:58:39.665+0000] {processor.py:830} INFO - Processing file /home/airflow/.local/lib/python3.12/site-packages/airflow/example_dags/example_latest_only.py for tasks to queue
[2025-07-22T08:58:39.667+0000] {logging_mixin.py:188} INFO - [2025-07-22T08:58:39.666+0000] {dagbag.py:545} INFO - Filling up the DagBag from /home/airflow/.local/lib/python3.12/site-packages/airflow/example_dags/example_latest_only.py
[2025-07-22T08:58:39.672+0000] {processor.py:840} INFO - DAG(s) 'latest_only' retrieved from /home/airflow/.local/lib/python3.12/site-packages/airflow/example_dags/example_latest_only.py
[2025-07-22T08:58:39.693+0000] {logging_mixin.py:188} INFO - [2025-07-22T08:58:39.693+0000] {dag.py:3096} INFO - Sync 1 DAGs
[2025-07-22T08:58:39.717+0000] {logging_mixin.py:188} INFO - [2025-07-22T08:58:39.717+0000] {dag.py:3954} INFO - Setting next_dagrun for latest_only to 2025-07-22 04:00:00+00:00, run_after=2025-07-22 08:00:00+00:00
[2025-07-22T08:58:39.740+0000] {processor.py:183} INFO - Processing /home/airflow/.local/lib/python3.12/site-packages/airflow/example_dags/example_latest_only.py took 0.083 seconds
[2025-07-22T08:59:10.440+0000] {processor.py:161} INFO - Started process (PID=899) to work on /home/airflow/.local/lib/python3.12/site-packages/airflow/example_dags/example_latest_only.py
[2025-07-22T08:59:10.441+0000] {processor.py:830} INFO - Processing file /home/airflow/.local/lib/python3.12/site-packages/airflow/example_dags/example_latest_only.py for tasks to queue
[2025-07-22T08:59:10.444+0000] {logging_mixin.py:188} INFO - [2025-07-22T08:59:10.443+0000] {dagbag.py:545} INFO - Filling up the DagBag from /home/airflow/.local/lib/python3.12/site-packages/airflow/example_dags/example_latest_only.py
[2025-07-22T08:59:10.448+0000] {processor.py:840} INFO - DAG(s) 'latest_only' retrieved from /home/airflow/.local/lib/python3.12/site-packages/airflow/example_dags/example_latest_only.py
[2025-07-22T08:59:10.470+0000] {logging_mixin.py:188} INFO - [2025-07-22T08:59:10.470+0000] {dag.py:3096} INFO - Sync 1 DAGs
[2025-07-22T08:59:10.494+0000] {logging_mixin.py:188} INFO - [2025-07-22T08:59:10.494+0000] {dag.py:3954} INFO - Setting next_dagrun for latest_only to 2025-07-22 04:00:00+00:00, run_after=2025-07-22 08:00:00+00:00
[2025-07-22T08:59:10.530+0000] {processor.py:183} INFO - Processing /home/airflow/.local/lib/python3.12/site-packages/airflow/example_dags/example_latest_only.py took 0.096 seconds
[2025-07-22T08:59:41.404+0000] {processor.py:161} INFO - Started process (PID=959) to work on /home/airflow/.local/lib/python3.12/site-packages/airflow/example_dags/example_latest_only.py
[2025-07-22T08:59:41.405+0000] {processor.py:830} INFO - Processing file /home/airflow/.local/lib/python3.12/site-packages/airflow/example_dags/example_latest_only.py for tasks to queue
[2025-07-22T08:59:41.408+0000] {logging_mixin.py:188} INFO - [2025-07-22T08:59:41.408+0000] {dagbag.py:545} INFO - Filling up the DagBag from /home/airflow/.local/lib/python3.12/site-packages/airflow/example_dags/example_latest_only.py
[2025-07-22T08:59:41.414+0000] {processor.py:840} INFO - DAG(s) 'latest_only' retrieved from /home/airflow/.local/lib/python3.12/site-packages/airflow/example_dags/example_latest_only.py
[2025-07-22T08:59:41.438+0000] {logging_mixin.py:188} INFO - [2025-07-22T08:59:41.437+0000] {dag.py:3096} INFO - Sync 1 DAGs
[2025-07-22T08:59:41.464+0000] {logging_mixin.py:188} INFO - [2025-07-22T08:59:41.464+0000] {dag.py:3954} INFO - Setting next_dagrun for latest_only to 2025-07-22 04:00:00+00:00, run_after=2025-07-22 08:00:00+00:00
[2025-07-22T08:59:41.489+0000] {processor.py:183} INFO - Processing /home/airflow/.local/lib/python3.12/site-packages/airflow/example_dags/example_latest_only.py took 0.092 seconds
[2025-07-22T09:00:11.966+0000] {processor.py:161} INFO - Started process (PID=1019) to work on /home/airflow/.local/lib/python3.12/site-packages/airflow/example_dags/example_latest_only.py
[2025-07-22T09:00:11.967+0000] {processor.py:830} INFO - Processing file /home/airflow/.local/lib/python3.12/site-packages/airflow/example_dags/example_latest_only.py for tasks to queue
[2025-07-22T09:00:11.970+0000] {logging_mixin.py:188} INFO - [2025-07-22T09:00:11.970+0000] {dagbag.py:545} INFO - Filling up the DagBag from /home/airflow/.local/lib/python3.12/site-packages/airflow/example_dags/example_latest_only.py
[2025-07-22T09:00:11.979+0000] {processor.py:840} INFO - DAG(s) 'latest_only' retrieved from /home/airflow/.local/lib/python3.12/site-packages/airflow/example_dags/example_latest_only.py
[2025-07-22T09:00:12.004+0000] {logging_mixin.py:188} INFO - [2025-07-22T09:00:12.004+0000] {dag.py:3096} INFO - Sync 1 DAGs
[2025-07-22T09:00:12.030+0000] {logging_mixin.py:188} INFO - [2025-07-22T09:00:12.029+0000] {dag.py:3954} INFO - Setting next_dagrun for latest_only to 2025-07-22 04:00:00+00:00, run_after=2025-07-22 08:00:00+00:00
[2025-07-22T09:00:12.053+0000] {processor.py:183} INFO - Processing /home/airflow/.local/lib/python3.12/site-packages/airflow/example_dags/example_latest_only.py took 0.093 seconds
[2025-07-22T09:00:42.963+0000] {processor.py:161} INFO - Started process (PID=1079) to work on /home/airflow/.local/lib/python3.12/site-packages/airflow/example_dags/example_latest_only.py
[2025-07-22T09:00:42.964+0000] {processor.py:830} INFO - Processing file /home/airflow/.local/lib/python3.12/site-packages/airflow/example_dags/example_latest_only.py for tasks to queue
[2025-07-22T09:00:42.967+0000] {logging_mixin.py:188} INFO - [2025-07-22T09:00:42.966+0000] {dagbag.py:545} INFO - Filling up the DagBag from /home/airflow/.local/lib/python3.12/site-packages/airflow/example_dags/example_latest_only.py
[2025-07-22T09:00:42.972+0000] {processor.py:840} INFO - DAG(s) 'latest_only' retrieved from /home/airflow/.local/lib/python3.12/site-packages/airflow/example_dags/example_latest_only.py
[2025-07-22T09:00:42.996+0000] {logging_mixin.py:188} INFO - [2025-07-22T09:00:42.995+0000] {dag.py:3096} INFO - Sync 1 DAGs
[2025-07-22T09:00:43.021+0000] {logging_mixin.py:188} INFO - [2025-07-22T09:00:43.021+0000] {dag.py:3954} INFO - Setting next_dagrun for latest_only to 2025-07-22 04:00:00+00:00, run_after=2025-07-22 08:00:00+00:00
[2025-07-22T09:00:43.046+0000] {processor.py:183} INFO - Processing /home/airflow/.local/lib/python3.12/site-packages/airflow/example_dags/example_latest_only.py took 0.090 seconds
[2025-07-22T09:01:13.830+0000] {processor.py:161} INFO - Started process (PID=1139) to work on /home/airflow/.local/lib/python3.12/site-packages/airflow/example_dags/example_latest_only.py
[2025-07-22T09:01:13.832+0000] {processor.py:830} INFO - Processing file /home/airflow/.local/lib/python3.12/site-packages/airflow/example_dags/example_latest_only.py for tasks to queue
[2025-07-22T09:01:13.835+0000] {logging_mixin.py:188} INFO - [2025-07-22T09:01:13.835+0000] {dagbag.py:545} INFO - Filling up the DagBag from /home/airflow/.local/lib/python3.12/site-packages/airflow/example_dags/example_latest_only.py
[2025-07-22T09:01:13.842+0000] {processor.py:840} INFO - DAG(s) 'latest_only' retrieved from /home/airflow/.local/lib/python3.12/site-packages/airflow/example_dags/example_latest_only.py
[2025-07-22T09:01:13.870+0000] {logging_mixin.py:188} INFO - [2025-07-22T09:01:13.869+0000] {dag.py:3096} INFO - Sync 1 DAGs
[2025-07-22T09:01:13.903+0000] {logging_mixin.py:188} INFO - [2025-07-22T09:01:13.903+0000] {dag.py:3954} INFO - Setting next_dagrun for latest_only to 2025-07-22 04:00:00+00:00, run_after=2025-07-22 08:00:00+00:00
[2025-07-22T09:01:13.929+0000] {processor.py:183} INFO - Processing /home/airflow/.local/lib/python3.12/site-packages/airflow/example_dags/example_latest_only.py took 0.108 seconds
[2025-07-22T09:01:44.056+0000] {processor.py:161} INFO - Started process (PID=1199) to work on /home/airflow/.local/lib/python3.12/site-packages/airflow/example_dags/example_latest_only.py
[2025-07-22T09:01:44.058+0000] {processor.py:830} INFO - Processing file /home/airflow/.local/lib/python3.12/site-packages/airflow/example_dags/example_latest_only.py for tasks to queue
[2025-07-22T09:01:44.060+0000] {logging_mixin.py:188} INFO - [2025-07-22T09:01:44.060+0000] {dagbag.py:545} INFO - Filling up the DagBag from /home/airflow/.local/lib/python3.12/site-packages/airflow/example_dags/example_latest_only.py
[2025-07-22T09:01:44.067+0000] {processor.py:840} INFO - DAG(s) 'latest_only' retrieved from /home/airflow/.local/lib/python3.12/site-packages/airflow/example_dags/example_latest_only.py
[2025-07-22T09:01:44.092+0000] {logging_mixin.py:188} INFO - [2025-07-22T09:01:44.092+0000] {dag.py:3096} INFO - Sync 1 DAGs
[2025-07-22T09:01:44.125+0000] {logging_mixin.py:188} INFO - [2025-07-22T09:01:44.124+0000] {dag.py:3954} INFO - Setting next_dagrun for latest_only to 2025-07-22 04:00:00+00:00, run_after=2025-07-22 08:00:00+00:00
[2025-07-22T09:01:44.151+0000] {processor.py:183} INFO - Processing /home/airflow/.local/lib/python3.12/site-packages/airflow/example_dags/example_latest_only.py took 0.103 seconds
[2025-07-22T09:02:14.224+0000] {processor.py:161} INFO - Started process (PID=1259) to work on /home/airflow/.local/lib/python3.12/site-packages/airflow/example_dags/example_latest_only.py
[2025-07-22T09:02:14.225+0000] {processor.py:830} INFO - Processing file /home/airflow/.local/lib/python3.12/site-packages/airflow/example_dags/example_latest_only.py for tasks to queue
[2025-07-22T09:02:14.227+0000] {logging_mixin.py:188} INFO - [2025-07-22T09:02:14.227+0000] {dagbag.py:545} INFO - Filling up the DagBag from /home/airflow/.local/lib/python3.12/site-packages/airflow/example_dags/example_latest_only.py
[2025-07-22T09:02:14.233+0000] {processor.py:840} INFO - DAG(s) 'latest_only' retrieved from /home/airflow/.local/lib/python3.12/site-packages/airflow/example_dags/example_latest_only.py
[2025-07-22T09:02:14.256+0000] {logging_mixin.py:188} INFO - [2025-07-22T09:02:14.255+0000] {dag.py:3096} INFO - Sync 1 DAGs
[2025-07-22T09:02:14.281+0000] {logging_mixin.py:188} INFO - [2025-07-22T09:02:14.281+0000] {dag.py:3954} INFO - Setting next_dagrun for latest_only to 2025-07-22 04:00:00+00:00, run_after=2025-07-22 08:00:00+00:00
[2025-07-22T09:02:14.305+0000] {processor.py:183} INFO - Processing /home/airflow/.local/lib/python3.12/site-packages/airflow/example_dags/example_latest_only.py took 0.088 seconds
[2025-07-22T09:02:45.077+0000] {processor.py:161} INFO - Started process (PID=1319) to work on /home/airflow/.local/lib/python3.12/site-packages/airflow/example_dags/example_latest_only.py
[2025-07-22T09:02:45.078+0000] {processor.py:830} INFO - Processing file /home/airflow/.local/lib/python3.12/site-packages/airflow/example_dags/example_latest_only.py for tasks to queue
[2025-07-22T09:02:45.080+0000] {logging_mixin.py:188} INFO - [2025-07-22T09:02:45.080+0000] {dagbag.py:545} INFO - Filling up the DagBag from /home/airflow/.local/lib/python3.12/site-packages/airflow/example_dags/example_latest_only.py
[2025-07-22T09:02:45.085+0000] {processor.py:840} INFO - DAG(s) 'latest_only' retrieved from /home/airflow/.local/lib/python3.12/site-packages/airflow/example_dags/example_latest_only.py
[2025-07-22T09:02:45.106+0000] {logging_mixin.py:188} INFO - [2025-07-22T09:02:45.106+0000] {dag.py:3096} INFO - Sync 1 DAGs
[2025-07-22T09:02:45.128+0000] {logging_mixin.py:188} INFO - [2025-07-22T09:02:45.128+0000] {dag.py:3954} INFO - Setting next_dagrun for latest_only to 2025-07-22 04:00:00+00:00, run_after=2025-07-22 08:00:00+00:00
[2025-07-22T09:02:45.149+0000] {processor.py:183} INFO - Processing /home/airflow/.local/lib/python3.12/site-packages/airflow/example_dags/example_latest_only.py took 0.078 seconds
[2025-07-22T09:03:15.440+0000] {processor.py:161} INFO - Started process (PID=1379) to work on /home/airflow/.local/lib/python3.12/site-packages/airflow/example_dags/example_latest_only.py
[2025-07-22T09:03:15.441+0000] {processor.py:830} INFO - Processing file /home/airflow/.local/lib/python3.12/site-packages/airflow/example_dags/example_latest_only.py for tasks to queue
[2025-07-22T09:03:15.444+0000] {logging_mixin.py:188} INFO - [2025-07-22T09:03:15.443+0000] {dagbag.py:545} INFO - Filling up the DagBag from /home/airflow/.local/lib/python3.12/site-packages/airflow/example_dags/example_latest_only.py
[2025-07-22T09:03:15.450+0000] {processor.py:840} INFO - DAG(s) 'latest_only' retrieved from /home/airflow/.local/lib/python3.12/site-packages/airflow/example_dags/example_latest_only.py
[2025-07-22T09:03:15.476+0000] {logging_mixin.py:188} INFO - [2025-07-22T09:03:15.476+0000] {dag.py:3096} INFO - Sync 1 DAGs
[2025-07-22T09:03:15.505+0000] {logging_mixin.py:188} INFO - [2025-07-22T09:03:15.505+0000] {dag.py:3954} INFO - Setting next_dagrun for latest_only to 2025-07-22 04:00:00+00:00, run_after=2025-07-22 08:00:00+00:00
[2025-07-22T09:03:15.532+0000] {processor.py:183} INFO - Processing /home/airflow/.local/lib/python3.12/site-packages/airflow/example_dags/example_latest_only.py took 0.099 seconds
[2025-07-22T09:03:45.801+0000] {processor.py:161} INFO - Started process (PID=1439) to work on /home/airflow/.local/lib/python3.12/site-packages/airflow/example_dags/example_latest_only.py
[2025-07-22T09:03:45.802+0000] {processor.py:830} INFO - Processing file /home/airflow/.local/lib/python3.12/site-packages/airflow/example_dags/example_latest_only.py for tasks to queue
[2025-07-22T09:03:45.804+0000] {logging_mixin.py:188} INFO - [2025-07-22T09:03:45.804+0000] {dagbag.py:545} INFO - Filling up the DagBag from /home/airflow/.local/lib/python3.12/site-packages/airflow/example_dags/example_latest_only.py
[2025-07-22T09:03:45.810+0000] {processor.py:840} INFO - DAG(s) 'latest_only' retrieved from /home/airflow/.local/lib/python3.12/site-packages/airflow/example_dags/example_latest_only.py
[2025-07-22T09:03:45.831+0000] {logging_mixin.py:188} INFO - [2025-07-22T09:03:45.831+0000] {dag.py:3096} INFO - Sync 1 DAGs
[2025-07-22T09:03:45.854+0000] {logging_mixin.py:188} INFO - [2025-07-22T09:03:45.854+0000] {dag.py:3954} INFO - Setting next_dagrun for latest_only to 2025-07-22 04:00:00+00:00, run_after=2025-07-22 08:00:00+00:00
[2025-07-22T09:03:45.874+0000] {processor.py:183} INFO - Processing /home/airflow/.local/lib/python3.12/site-packages/airflow/example_dags/example_latest_only.py took 0.081 seconds
[2025-07-22T09:04:16.198+0000] {processor.py:161} INFO - Started process (PID=1499) to work on /home/airflow/.local/lib/python3.12/site-packages/airflow/example_dags/example_latest_only.py
[2025-07-22T09:04:16.199+0000] {processor.py:830} INFO - Processing file /home/airflow/.local/lib/python3.12/site-packages/airflow/example_dags/example_latest_only.py for tasks to queue
[2025-07-22T09:04:16.202+0000] {logging_mixin.py:188} INFO - [2025-07-22T09:04:16.202+0000] {dagbag.py:545} INFO - Filling up the DagBag from /home/airflow/.local/lib/python3.12/site-packages/airflow/example_dags/example_latest_only.py
[2025-07-22T09:04:16.209+0000] {processor.py:840} INFO - DAG(s) 'latest_only' retrieved from /home/airflow/.local/lib/python3.12/site-packages/airflow/example_dags/example_latest_only.py
[2025-07-22T09:04:16.238+0000] {logging_mixin.py:188} INFO - [2025-07-22T09:04:16.238+0000] {dag.py:3096} INFO - Sync 1 DAGs
[2025-07-22T09:04:16.269+0000] {logging_mixin.py:188} INFO - [2025-07-22T09:04:16.269+0000] {dag.py:3954} INFO - Setting next_dagrun for latest_only to 2025-07-22 04:00:00+00:00, run_after=2025-07-22 08:00:00+00:00
[2025-07-22T09:04:16.310+0000] {processor.py:183} INFO - Processing /home/airflow/.local/lib/python3.12/site-packages/airflow/example_dags/example_latest_only.py took 0.120 seconds
[2025-07-22T09:04:46.837+0000] {processor.py:161} INFO - Started process (PID=1559) to work on /home/airflow/.local/lib/python3.12/site-packages/airflow/example_dags/example_latest_only.py
[2025-07-22T09:04:46.838+0000] {processor.py:830} INFO - Processing file /home/airflow/.local/lib/python3.12/site-packages/airflow/example_dags/example_latest_only.py for tasks to queue
[2025-07-22T09:04:46.841+0000] {logging_mixin.py:188} INFO - [2025-07-22T09:04:46.840+0000] {dagbag.py:545} INFO - Filling up the DagBag from /home/airflow/.local/lib/python3.12/site-packages/airflow/example_dags/example_latest_only.py
[2025-07-22T09:04:46.846+0000] {processor.py:840} INFO - DAG(s) 'latest_only' retrieved from /home/airflow/.local/lib/python3.12/site-packages/airflow/example_dags/example_latest_only.py
[2025-07-22T09:04:46.877+0000] {logging_mixin.py:188} INFO - [2025-07-22T09:04:46.877+0000] {dag.py:3096} INFO - Sync 1 DAGs
[2025-07-22T09:04:46.909+0000] {logging_mixin.py:188} INFO - [2025-07-22T09:04:46.909+0000] {dag.py:3954} INFO - Setting next_dagrun for latest_only to 2025-07-22 04:00:00+00:00, run_after=2025-07-22 08:00:00+00:00
[2025-07-22T09:04:46.935+0000] {processor.py:183} INFO - Processing /home/airflow/.local/lib/python3.12/site-packages/airflow/example_dags/example_latest_only.py took 0.104 seconds
[2025-07-22T09:05:17.630+0000] {processor.py:161} INFO - Started process (PID=1619) to work on /home/airflow/.local/lib/python3.12/site-packages/airflow/example_dags/example_latest_only.py
[2025-07-22T09:05:17.631+0000] {processor.py:830} INFO - Processing file /home/airflow/.local/lib/python3.12/site-packages/airflow/example_dags/example_latest_only.py for tasks to queue
[2025-07-22T09:05:17.634+0000] {logging_mixin.py:188} INFO - [2025-07-22T09:05:17.633+0000] {dagbag.py:545} INFO - Filling up the DagBag from /home/airflow/.local/lib/python3.12/site-packages/airflow/example_dags/example_latest_only.py
[2025-07-22T09:05:17.640+0000] {processor.py:840} INFO - DAG(s) 'latest_only' retrieved from /home/airflow/.local/lib/python3.12/site-packages/airflow/example_dags/example_latest_only.py
[2025-07-22T09:05:17.666+0000] {logging_mixin.py:188} INFO - [2025-07-22T09:05:17.666+0000] {dag.py:3096} INFO - Sync 1 DAGs
[2025-07-22T09:05:17.694+0000] {logging_mixin.py:188} INFO - [2025-07-22T09:05:17.693+0000] {dag.py:3954} INFO - Setting next_dagrun for latest_only to 2025-07-22 04:00:00+00:00, run_after=2025-07-22 08:00:00+00:00
[2025-07-22T09:05:17.717+0000] {processor.py:183} INFO - Processing /home/airflow/.local/lib/python3.12/site-packages/airflow/example_dags/example_latest_only.py took 0.095 seconds
[2025-07-22T09:05:48.112+0000] {processor.py:161} INFO - Started process (PID=1679) to work on /home/airflow/.local/lib/python3.12/site-packages/airflow/example_dags/example_latest_only.py
[2025-07-22T09:05:48.113+0000] {processor.py:830} INFO - Processing file /home/airflow/.local/lib/python3.12/site-packages/airflow/example_dags/example_latest_only.py for tasks to queue
[2025-07-22T09:05:48.116+0000] {logging_mixin.py:188} INFO - [2025-07-22T09:05:48.116+0000] {dagbag.py:545} INFO - Filling up the DagBag from /home/airflow/.local/lib/python3.12/site-packages/airflow/example_dags/example_latest_only.py
[2025-07-22T09:05:48.122+0000] {processor.py:840} INFO - DAG(s) 'latest_only' retrieved from /home/airflow/.local/lib/python3.12/site-packages/airflow/example_dags/example_latest_only.py
[2025-07-22T09:05:48.149+0000] {logging_mixin.py:188} INFO - [2025-07-22T09:05:48.149+0000] {dag.py:3096} INFO - Sync 1 DAGs
[2025-07-22T09:05:48.176+0000] {logging_mixin.py:188} INFO - [2025-07-22T09:05:48.175+0000] {dag.py:3954} INFO - Setting next_dagrun for latest_only to 2025-07-22 04:00:00+00:00, run_after=2025-07-22 08:00:00+00:00
[2025-07-22T09:05:48.201+0000] {processor.py:183} INFO - Processing /home/airflow/.local/lib/python3.12/site-packages/airflow/example_dags/example_latest_only.py took 0.096 seconds
[2025-07-22T09:06:18.964+0000] {processor.py:161} INFO - Started process (PID=1739) to work on /home/airflow/.local/lib/python3.12/site-packages/airflow/example_dags/example_latest_only.py
[2025-07-22T09:06:18.965+0000] {processor.py:830} INFO - Processing file /home/airflow/.local/lib/python3.12/site-packages/airflow/example_dags/example_latest_only.py for tasks to queue
[2025-07-22T09:06:18.967+0000] {logging_mixin.py:188} INFO - [2025-07-22T09:06:18.967+0000] {dagbag.py:545} INFO - Filling up the DagBag from /home/airflow/.local/lib/python3.12/site-packages/airflow/example_dags/example_latest_only.py
[2025-07-22T09:06:18.972+0000] {processor.py:840} INFO - DAG(s) 'latest_only' retrieved from /home/airflow/.local/lib/python3.12/site-packages/airflow/example_dags/example_latest_only.py
[2025-07-22T09:06:18.995+0000] {logging_mixin.py:188} INFO - [2025-07-22T09:06:18.995+0000] {dag.py:3096} INFO - Sync 1 DAGs
[2025-07-22T09:06:19.022+0000] {logging_mixin.py:188} INFO - [2025-07-22T09:06:19.021+0000] {dag.py:3954} INFO - Setting next_dagrun for latest_only to 2025-07-22 04:00:00+00:00, run_after=2025-07-22 08:00:00+00:00
[2025-07-22T09:06:19.050+0000] {processor.py:183} INFO - Processing /home/airflow/.local/lib/python3.12/site-packages/airflow/example_dags/example_latest_only.py took 0.093 seconds
[2025-07-22T09:06:49.264+0000] {processor.py:161} INFO - Started process (PID=1797) to work on /home/airflow/.local/lib/python3.12/site-packages/airflow/example_dags/example_latest_only.py
[2025-07-22T09:06:49.266+0000] {processor.py:830} INFO - Processing file /home/airflow/.local/lib/python3.12/site-packages/airflow/example_dags/example_latest_only.py for tasks to queue
[2025-07-22T09:06:49.268+0000] {logging_mixin.py:188} INFO - [2025-07-22T09:06:49.268+0000] {dagbag.py:545} INFO - Filling up the DagBag from /home/airflow/.local/lib/python3.12/site-packages/airflow/example_dags/example_latest_only.py
[2025-07-22T09:06:49.273+0000] {processor.py:840} INFO - DAG(s) 'latest_only' retrieved from /home/airflow/.local/lib/python3.12/site-packages/airflow/example_dags/example_latest_only.py
[2025-07-22T09:06:49.296+0000] {logging_mixin.py:188} INFO - [2025-07-22T09:06:49.295+0000] {dag.py:3096} INFO - Sync 1 DAGs
[2025-07-22T09:06:49.319+0000] {logging_mixin.py:188} INFO - [2025-07-22T09:06:49.319+0000] {dag.py:3954} INFO - Setting next_dagrun for latest_only to 2025-07-22 04:00:00+00:00, run_after=2025-07-22 08:00:00+00:00
[2025-07-22T09:06:49.340+0000] {processor.py:183} INFO - Processing /home/airflow/.local/lib/python3.12/site-packages/airflow/example_dags/example_latest_only.py took 0.082 seconds
[2025-07-22T09:07:19.842+0000] {processor.py:161} INFO - Started process (PID=1857) to work on /home/airflow/.local/lib/python3.12/site-packages/airflow/example_dags/example_latest_only.py
[2025-07-22T09:07:19.843+0000] {processor.py:830} INFO - Processing file /home/airflow/.local/lib/python3.12/site-packages/airflow/example_dags/example_latest_only.py for tasks to queue
[2025-07-22T09:07:19.846+0000] {logging_mixin.py:188} INFO - [2025-07-22T09:07:19.845+0000] {dagbag.py:545} INFO - Filling up the DagBag from /home/airflow/.local/lib/python3.12/site-packages/airflow/example_dags/example_latest_only.py
[2025-07-22T09:07:19.853+0000] {processor.py:840} INFO - DAG(s) 'latest_only' retrieved from /home/airflow/.local/lib/python3.12/site-packages/airflow/example_dags/example_latest_only.py
[2025-07-22T09:07:19.885+0000] {logging_mixin.py:188} INFO - [2025-07-22T09:07:19.885+0000] {dag.py:3096} INFO - Sync 1 DAGs
[2025-07-22T09:07:19.923+0000] {logging_mixin.py:188} INFO - [2025-07-22T09:07:19.923+0000] {dag.py:3954} INFO - Setting next_dagrun for latest_only to 2025-07-22 04:00:00+00:00, run_after=2025-07-22 08:00:00+00:00
[2025-07-22T09:07:19.949+0000] {processor.py:183} INFO - Processing /home/airflow/.local/lib/python3.12/site-packages/airflow/example_dags/example_latest_only.py took 0.115 seconds
[2025-07-22T09:07:50.307+0000] {processor.py:161} INFO - Started process (PID=1917) to work on /home/airflow/.local/lib/python3.12/site-packages/airflow/example_dags/example_latest_only.py
[2025-07-22T09:07:50.308+0000] {processor.py:830} INFO - Processing file /home/airflow/.local/lib/python3.12/site-packages/airflow/example_dags/example_latest_only.py for tasks to queue
[2025-07-22T09:07:50.311+0000] {logging_mixin.py:188} INFO - [2025-07-22T09:07:50.310+0000] {dagbag.py:545} INFO - Filling up the DagBag from /home/airflow/.local/lib/python3.12/site-packages/airflow/example_dags/example_latest_only.py
[2025-07-22T09:07:50.316+0000] {processor.py:840} INFO - DAG(s) 'latest_only' retrieved from /home/airflow/.local/lib/python3.12/site-packages/airflow/example_dags/example_latest_only.py
[2025-07-22T09:07:50.340+0000] {logging_mixin.py:188} INFO - [2025-07-22T09:07:50.339+0000] {dag.py:3096} INFO - Sync 1 DAGs
[2025-07-22T09:07:50.363+0000] {logging_mixin.py:188} INFO - [2025-07-22T09:07:50.363+0000] {dag.py:3954} INFO - Setting next_dagrun for latest_only to 2025-07-22 04:00:00+00:00, run_after=2025-07-22 08:00:00+00:00
[2025-07-22T09:07:50.388+0000] {processor.py:183} INFO - Processing /home/airflow/.local/lib/python3.12/site-packages/airflow/example_dags/example_latest_only.py took 0.089 seconds
[2025-07-22T09:08:20.725+0000] {processor.py:161} INFO - Started process (PID=1977) to work on /home/airflow/.local/lib/python3.12/site-packages/airflow/example_dags/example_latest_only.py
[2025-07-22T09:08:20.727+0000] {processor.py:830} INFO - Processing file /home/airflow/.local/lib/python3.12/site-packages/airflow/example_dags/example_latest_only.py for tasks to queue
[2025-07-22T09:08:20.729+0000] {logging_mixin.py:188} INFO - [2025-07-22T09:08:20.729+0000] {dagbag.py:545} INFO - Filling up the DagBag from /home/airflow/.local/lib/python3.12/site-packages/airflow/example_dags/example_latest_only.py
[2025-07-22T09:08:20.734+0000] {processor.py:840} INFO - DAG(s) 'latest_only' retrieved from /home/airflow/.local/lib/python3.12/site-packages/airflow/example_dags/example_latest_only.py
[2025-07-22T09:08:20.767+0000] {logging_mixin.py:188} INFO - [2025-07-22T09:08:20.766+0000] {dag.py:3096} INFO - Sync 1 DAGs
[2025-07-22T09:08:20.797+0000] {logging_mixin.py:188} INFO - [2025-07-22T09:08:20.797+0000] {dag.py:3954} INFO - Setting next_dagrun for latest_only to 2025-07-22 04:00:00+00:00, run_after=2025-07-22 08:00:00+00:00
[2025-07-22T09:08:20.823+0000] {processor.py:183} INFO - Processing /home/airflow/.local/lib/python3.12/site-packages/airflow/example_dags/example_latest_only.py took 0.106 seconds
[2025-07-22T09:08:51.000+0000] {processor.py:161} INFO - Started process (PID=2037) to work on /home/airflow/.local/lib/python3.12/site-packages/airflow/example_dags/example_latest_only.py
[2025-07-22T09:08:51.001+0000] {processor.py:830} INFO - Processing file /home/airflow/.local/lib/python3.12/site-packages/airflow/example_dags/example_latest_only.py for tasks to queue
[2025-07-22T09:08:51.003+0000] {logging_mixin.py:188} INFO - [2025-07-22T09:08:51.003+0000] {dagbag.py:545} INFO - Filling up the DagBag from /home/airflow/.local/lib/python3.12/site-packages/airflow/example_dags/example_latest_only.py
[2025-07-22T09:08:51.008+0000] {processor.py:840} INFO - DAG(s) 'latest_only' retrieved from /home/airflow/.local/lib/python3.12/site-packages/airflow/example_dags/example_latest_only.py
[2025-07-22T09:08:51.030+0000] {logging_mixin.py:188} INFO - [2025-07-22T09:08:51.030+0000] {dag.py:3096} INFO - Sync 1 DAGs
[2025-07-22T09:08:51.053+0000] {logging_mixin.py:188} INFO - [2025-07-22T09:08:51.053+0000] {dag.py:3954} INFO - Setting next_dagrun for latest_only to 2025-07-22 04:00:00+00:00, run_after=2025-07-22 08:00:00+00:00
[2025-07-22T09:08:51.075+0000] {processor.py:183} INFO - Processing /home/airflow/.local/lib/python3.12/site-packages/airflow/example_dags/example_latest_only.py took 0.082 seconds
[2025-07-22T09:09:21.596+0000] {processor.py:161} INFO - Started process (PID=2097) to work on /home/airflow/.local/lib/python3.12/site-packages/airflow/example_dags/example_latest_only.py
[2025-07-22T09:09:21.598+0000] {processor.py:830} INFO - Processing file /home/airflow/.local/lib/python3.12/site-packages/airflow/example_dags/example_latest_only.py for tasks to queue
[2025-07-22T09:09:21.602+0000] {logging_mixin.py:188} INFO - [2025-07-22T09:09:21.601+0000] {dagbag.py:545} INFO - Filling up the DagBag from /home/airflow/.local/lib/python3.12/site-packages/airflow/example_dags/example_latest_only.py
[2025-07-22T09:09:21.610+0000] {processor.py:840} INFO - DAG(s) 'latest_only' retrieved from /home/airflow/.local/lib/python3.12/site-packages/airflow/example_dags/example_latest_only.py
[2025-07-22T09:09:21.658+0000] {logging_mixin.py:188} INFO - [2025-07-22T09:09:21.657+0000] {dag.py:3096} INFO - Sync 1 DAGs
[2025-07-22T09:09:21.700+0000] {logging_mixin.py:188} INFO - [2025-07-22T09:09:21.700+0000] {dag.py:3954} INFO - Setting next_dagrun for latest_only to 2025-07-22 04:00:00+00:00, run_after=2025-07-22 08:00:00+00:00
[2025-07-22T09:09:21.883+0000] {processor.py:183} INFO - Processing /home/airflow/.local/lib/python3.12/site-packages/airflow/example_dags/example_latest_only.py took 0.297 seconds
[2025-07-22T09:09:52.611+0000] {processor.py:161} INFO - Started process (PID=2157) to work on /home/airflow/.local/lib/python3.12/site-packages/airflow/example_dags/example_latest_only.py
[2025-07-22T09:09:52.612+0000] {processor.py:830} INFO - Processing file /home/airflow/.local/lib/python3.12/site-packages/airflow/example_dags/example_latest_only.py for tasks to queue
[2025-07-22T09:09:52.615+0000] {logging_mixin.py:188} INFO - [2025-07-22T09:09:52.614+0000] {dagbag.py:545} INFO - Filling up the DagBag from /home/airflow/.local/lib/python3.12/site-packages/airflow/example_dags/example_latest_only.py
[2025-07-22T09:09:52.620+0000] {processor.py:840} INFO - DAG(s) 'latest_only' retrieved from /home/airflow/.local/lib/python3.12/site-packages/airflow/example_dags/example_latest_only.py
[2025-07-22T09:09:52.643+0000] {logging_mixin.py:188} INFO - [2025-07-22T09:09:52.642+0000] {dag.py:3096} INFO - Sync 1 DAGs
[2025-07-22T09:09:52.666+0000] {logging_mixin.py:188} INFO - [2025-07-22T09:09:52.666+0000] {dag.py:3954} INFO - Setting next_dagrun for latest_only to 2025-07-22 04:00:00+00:00, run_after=2025-07-22 08:00:00+00:00
[2025-07-22T09:09:52.687+0000] {processor.py:183} INFO - Processing /home/airflow/.local/lib/python3.12/site-packages/airflow/example_dags/example_latest_only.py took 0.082 seconds
[2025-07-22T09:10:22.871+0000] {processor.py:161} INFO - Started process (PID=2217) to work on /home/airflow/.local/lib/python3.12/site-packages/airflow/example_dags/example_latest_only.py
[2025-07-22T09:10:22.873+0000] {processor.py:830} INFO - Processing file /home/airflow/.local/lib/python3.12/site-packages/airflow/example_dags/example_latest_only.py for tasks to queue
[2025-07-22T09:10:22.875+0000] {logging_mixin.py:188} INFO - [2025-07-22T09:10:22.875+0000] {dagbag.py:545} INFO - Filling up the DagBag from /home/airflow/.local/lib/python3.12/site-packages/airflow/example_dags/example_latest_only.py
[2025-07-22T09:10:22.882+0000] {processor.py:840} INFO - DAG(s) 'latest_only' retrieved from /home/airflow/.local/lib/python3.12/site-packages/airflow/example_dags/example_latest_only.py
[2025-07-22T09:10:23.099+0000] {logging_mixin.py:188} INFO - [2025-07-22T09:10:23.098+0000] {dag.py:3096} INFO - Sync 1 DAGs
[2025-07-22T09:10:23.131+0000] {logging_mixin.py:188} INFO - [2025-07-22T09:10:23.130+0000] {dag.py:3954} INFO - Setting next_dagrun for latest_only to 2025-07-22 04:00:00+00:00, run_after=2025-07-22 08:00:00+00:00
[2025-07-22T09:10:23.163+0000] {processor.py:183} INFO - Processing /home/airflow/.local/lib/python3.12/site-packages/airflow/example_dags/example_latest_only.py took 0.300 seconds
[2025-07-22T09:10:53.719+0000] {processor.py:161} INFO - Started process (PID=2277) to work on /home/airflow/.local/lib/python3.12/site-packages/airflow/example_dags/example_latest_only.py
[2025-07-22T09:10:53.720+0000] {processor.py:830} INFO - Processing file /home/airflow/.local/lib/python3.12/site-packages/airflow/example_dags/example_latest_only.py for tasks to queue
[2025-07-22T09:10:53.723+0000] {logging_mixin.py:188} INFO - [2025-07-22T09:10:53.722+0000] {dagbag.py:545} INFO - Filling up the DagBag from /home/airflow/.local/lib/python3.12/site-packages/airflow/example_dags/example_latest_only.py
[2025-07-22T09:10:53.728+0000] {processor.py:840} INFO - DAG(s) 'latest_only' retrieved from /home/airflow/.local/lib/python3.12/site-packages/airflow/example_dags/example_latest_only.py
[2025-07-22T09:10:53.757+0000] {logging_mixin.py:188} INFO - [2025-07-22T09:10:53.756+0000] {dag.py:3096} INFO - Sync 1 DAGs
[2025-07-22T09:10:53.789+0000] {logging_mixin.py:188} INFO - [2025-07-22T09:10:53.789+0000] {dag.py:3954} INFO - Setting next_dagrun for latest_only to 2025-07-22 04:00:00+00:00, run_after=2025-07-22 08:00:00+00:00
[2025-07-22T09:10:53.814+0000] {processor.py:183} INFO - Processing /home/airflow/.local/lib/python3.12/site-packages/airflow/example_dags/example_latest_only.py took 0.110 seconds
[2025-07-22T09:11:23.971+0000] {processor.py:161} INFO - Started process (PID=2337) to work on /home/airflow/.local/lib/python3.12/site-packages/airflow/example_dags/example_latest_only.py
[2025-07-22T09:11:23.973+0000] {processor.py:830} INFO - Processing file /home/airflow/.local/lib/python3.12/site-packages/airflow/example_dags/example_latest_only.py for tasks to queue
[2025-07-22T09:11:23.976+0000] {logging_mixin.py:188} INFO - [2025-07-22T09:11:23.975+0000] {dagbag.py:545} INFO - Filling up the DagBag from /home/airflow/.local/lib/python3.12/site-packages/airflow/example_dags/example_latest_only.py
[2025-07-22T09:11:23.982+0000] {processor.py:840} INFO - DAG(s) 'latest_only' retrieved from /home/airflow/.local/lib/python3.12/site-packages/airflow/example_dags/example_latest_only.py
[2025-07-22T09:11:24.017+0000] {logging_mixin.py:188} INFO - [2025-07-22T09:11:24.016+0000] {dag.py:3096} INFO - Sync 1 DAGs
[2025-07-22T09:11:24.057+0000] {logging_mixin.py:188} INFO - [2025-07-22T09:11:24.057+0000] {dag.py:3954} INFO - Setting next_dagrun for latest_only to 2025-07-22 04:00:00+00:00, run_after=2025-07-22 08:00:00+00:00
[2025-07-22T09:11:24.096+0000] {processor.py:183} INFO - Processing /home/airflow/.local/lib/python3.12/site-packages/airflow/example_dags/example_latest_only.py took 0.134 seconds
[2025-07-22T09:11:54.243+0000] {processor.py:161} INFO - Started process (PID=2397) to work on /home/airflow/.local/lib/python3.12/site-packages/airflow/example_dags/example_latest_only.py
[2025-07-22T09:11:54.244+0000] {processor.py:830} INFO - Processing file /home/airflow/.local/lib/python3.12/site-packages/airflow/example_dags/example_latest_only.py for tasks to queue
[2025-07-22T09:11:54.247+0000] {logging_mixin.py:188} INFO - [2025-07-22T09:11:54.246+0000] {dagbag.py:545} INFO - Filling up the DagBag from /home/airflow/.local/lib/python3.12/site-packages/airflow/example_dags/example_latest_only.py
[2025-07-22T09:11:54.252+0000] {processor.py:840} INFO - DAG(s) 'latest_only' retrieved from /home/airflow/.local/lib/python3.12/site-packages/airflow/example_dags/example_latest_only.py
[2025-07-22T09:11:54.277+0000] {logging_mixin.py:188} INFO - [2025-07-22T09:11:54.277+0000] {dag.py:3096} INFO - Sync 1 DAGs
[2025-07-22T09:11:54.307+0000] {logging_mixin.py:188} INFO - [2025-07-22T09:11:54.306+0000] {dag.py:3954} INFO - Setting next_dagrun for latest_only to 2025-07-22 04:00:00+00:00, run_after=2025-07-22 08:00:00+00:00
[2025-07-22T09:11:54.336+0000] {processor.py:183} INFO - Processing /home/airflow/.local/lib/python3.12/site-packages/airflow/example_dags/example_latest_only.py took 0.099 seconds
[2025-07-22T09:12:24.652+0000] {processor.py:161} INFO - Started process (PID=2457) to work on /home/airflow/.local/lib/python3.12/site-packages/airflow/example_dags/example_latest_only.py
[2025-07-22T09:12:24.654+0000] {processor.py:830} INFO - Processing file /home/airflow/.local/lib/python3.12/site-packages/airflow/example_dags/example_latest_only.py for tasks to queue
[2025-07-22T09:12:24.657+0000] {logging_mixin.py:188} INFO - [2025-07-22T09:12:24.656+0000] {dagbag.py:545} INFO - Filling up the DagBag from /home/airflow/.local/lib/python3.12/site-packages/airflow/example_dags/example_latest_only.py
[2025-07-22T09:12:24.664+0000] {processor.py:840} INFO - DAG(s) 'latest_only' retrieved from /home/airflow/.local/lib/python3.12/site-packages/airflow/example_dags/example_latest_only.py
[2025-07-22T09:12:24.698+0000] {logging_mixin.py:188} INFO - [2025-07-22T09:12:24.697+0000] {dag.py:3096} INFO - Sync 1 DAGs
[2025-07-22T09:12:24.731+0000] {logging_mixin.py:188} INFO - [2025-07-22T09:12:24.730+0000] {dag.py:3954} INFO - Setting next_dagrun for latest_only to 2025-07-22 04:00:00+00:00, run_after=2025-07-22 08:00:00+00:00
[2025-07-22T09:12:24.759+0000] {processor.py:183} INFO - Processing /home/airflow/.local/lib/python3.12/site-packages/airflow/example_dags/example_latest_only.py took 0.118 seconds
[2025-07-22T09:12:54.958+0000] {processor.py:161} INFO - Started process (PID=2517) to work on /home/airflow/.local/lib/python3.12/site-packages/airflow/example_dags/example_latest_only.py
[2025-07-22T09:12:54.960+0000] {processor.py:830} INFO - Processing file /home/airflow/.local/lib/python3.12/site-packages/airflow/example_dags/example_latest_only.py for tasks to queue
[2025-07-22T09:12:54.962+0000] {logging_mixin.py:188} INFO - [2025-07-22T09:12:54.962+0000] {dagbag.py:545} INFO - Filling up the DagBag from /home/airflow/.local/lib/python3.12/site-packages/airflow/example_dags/example_latest_only.py
[2025-07-22T09:12:54.968+0000] {processor.py:840} INFO - DAG(s) 'latest_only' retrieved from /home/airflow/.local/lib/python3.12/site-packages/airflow/example_dags/example_latest_only.py
[2025-07-22T09:12:54.997+0000] {logging_mixin.py:188} INFO - [2025-07-22T09:12:54.996+0000] {dag.py:3096} INFO - Sync 1 DAGs
[2025-07-22T09:12:55.041+0000] {logging_mixin.py:188} INFO - [2025-07-22T09:12:55.041+0000] {dag.py:3954} INFO - Setting next_dagrun for latest_only to 2025-07-22 04:00:00+00:00, run_after=2025-07-22 08:00:00+00:00
[2025-07-22T09:12:55.073+0000] {processor.py:183} INFO - Processing /home/airflow/.local/lib/python3.12/site-packages/airflow/example_dags/example_latest_only.py took 0.124 seconds
[2025-07-22T09:13:25.404+0000] {processor.py:161} INFO - Started process (PID=2577) to work on /home/airflow/.local/lib/python3.12/site-packages/airflow/example_dags/example_latest_only.py
[2025-07-22T09:13:25.406+0000] {processor.py:830} INFO - Processing file /home/airflow/.local/lib/python3.12/site-packages/airflow/example_dags/example_latest_only.py for tasks to queue
[2025-07-22T09:13:25.409+0000] {logging_mixin.py:188} INFO - [2025-07-22T09:13:25.408+0000] {dagbag.py:545} INFO - Filling up the DagBag from /home/airflow/.local/lib/python3.12/site-packages/airflow/example_dags/example_latest_only.py
[2025-07-22T09:13:25.415+0000] {processor.py:840} INFO - DAG(s) 'latest_only' retrieved from /home/airflow/.local/lib/python3.12/site-packages/airflow/example_dags/example_latest_only.py
[2025-07-22T09:13:25.441+0000] {logging_mixin.py:188} INFO - [2025-07-22T09:13:25.441+0000] {dag.py:3096} INFO - Sync 1 DAGs
[2025-07-22T09:13:25.475+0000] {logging_mixin.py:188} INFO - [2025-07-22T09:13:25.474+0000] {dag.py:3954} INFO - Setting next_dagrun for latest_only to 2025-07-22 04:00:00+00:00, run_after=2025-07-22 08:00:00+00:00
[2025-07-22T09:13:25.503+0000] {processor.py:183} INFO - Processing /home/airflow/.local/lib/python3.12/site-packages/airflow/example_dags/example_latest_only.py took 0.107 seconds
[2025-07-22T09:13:55.577+0000] {processor.py:161} INFO - Started process (PID=2636) to work on /home/airflow/.local/lib/python3.12/site-packages/airflow/example_dags/example_latest_only.py
[2025-07-22T09:13:55.578+0000] {processor.py:830} INFO - Processing file /home/airflow/.local/lib/python3.12/site-packages/airflow/example_dags/example_latest_only.py for tasks to queue
[2025-07-22T09:13:55.581+0000] {logging_mixin.py:188} INFO - [2025-07-22T09:13:55.581+0000] {dagbag.py:545} INFO - Filling up the DagBag from /home/airflow/.local/lib/python3.12/site-packages/airflow/example_dags/example_latest_only.py
[2025-07-22T09:13:55.587+0000] {processor.py:840} INFO - DAG(s) 'latest_only' retrieved from /home/airflow/.local/lib/python3.12/site-packages/airflow/example_dags/example_latest_only.py
[2025-07-22T09:13:55.610+0000] {logging_mixin.py:188} INFO - [2025-07-22T09:13:55.610+0000] {dag.py:3096} INFO - Sync 1 DAGs
[2025-07-22T09:13:55.635+0000] {logging_mixin.py:188} INFO - [2025-07-22T09:13:55.635+0000] {dag.py:3954} INFO - Setting next_dagrun for latest_only to 2025-07-22 04:00:00+00:00, run_after=2025-07-22 08:00:00+00:00
[2025-07-22T09:13:55.657+0000] {processor.py:183} INFO - Processing /home/airflow/.local/lib/python3.12/site-packages/airflow/example_dags/example_latest_only.py took 0.087 seconds
[2025-07-22T09:14:25.828+0000] {processor.py:161} INFO - Started process (PID=2695) to work on /home/airflow/.local/lib/python3.12/site-packages/airflow/example_dags/example_latest_only.py
[2025-07-22T09:14:25.830+0000] {processor.py:830} INFO - Processing file /home/airflow/.local/lib/python3.12/site-packages/airflow/example_dags/example_latest_only.py for tasks to queue
[2025-07-22T09:14:25.832+0000] {logging_mixin.py:188} INFO - [2025-07-22T09:14:25.831+0000] {dagbag.py:545} INFO - Filling up the DagBag from /home/airflow/.local/lib/python3.12/site-packages/airflow/example_dags/example_latest_only.py
[2025-07-22T09:14:25.837+0000] {processor.py:840} INFO - DAG(s) 'latest_only' retrieved from /home/airflow/.local/lib/python3.12/site-packages/airflow/example_dags/example_latest_only.py
[2025-07-22T09:14:25.858+0000] {logging_mixin.py:188} INFO - [2025-07-22T09:14:25.857+0000] {dag.py:3096} INFO - Sync 1 DAGs
[2025-07-22T09:14:25.881+0000] {logging_mixin.py:188} INFO - [2025-07-22T09:14:25.881+0000] {dag.py:3954} INFO - Setting next_dagrun for latest_only to 2025-07-22 04:00:00+00:00, run_after=2025-07-22 08:00:00+00:00
[2025-07-22T09:14:25.915+0000] {processor.py:183} INFO - Processing /home/airflow/.local/lib/python3.12/site-packages/airflow/example_dags/example_latest_only.py took 0.093 seconds
[2025-07-22T09:14:56.050+0000] {processor.py:161} INFO - Started process (PID=2755) to work on /home/airflow/.local/lib/python3.12/site-packages/airflow/example_dags/example_latest_only.py
[2025-07-22T09:14:56.051+0000] {processor.py:830} INFO - Processing file /home/airflow/.local/lib/python3.12/site-packages/airflow/example_dags/example_latest_only.py for tasks to queue
[2025-07-22T09:14:56.053+0000] {logging_mixin.py:188} INFO - [2025-07-22T09:14:56.053+0000] {dagbag.py:545} INFO - Filling up the DagBag from /home/airflow/.local/lib/python3.12/site-packages/airflow/example_dags/example_latest_only.py
[2025-07-22T09:14:56.059+0000] {processor.py:840} INFO - DAG(s) 'latest_only' retrieved from /home/airflow/.local/lib/python3.12/site-packages/airflow/example_dags/example_latest_only.py
[2025-07-22T09:14:56.080+0000] {logging_mixin.py:188} INFO - [2025-07-22T09:14:56.079+0000] {dag.py:3096} INFO - Sync 1 DAGs
[2025-07-22T09:14:56.103+0000] {logging_mixin.py:188} INFO - [2025-07-22T09:14:56.102+0000] {dag.py:3954} INFO - Setting next_dagrun for latest_only to 2025-07-22 04:00:00+00:00, run_after=2025-07-22 08:00:00+00:00
[2025-07-22T09:14:56.132+0000] {processor.py:183} INFO - Processing /home/airflow/.local/lib/python3.12/site-packages/airflow/example_dags/example_latest_only.py took 0.089 seconds
[2025-07-22T09:15:26.280+0000] {processor.py:161} INFO - Started process (PID=2815) to work on /home/airflow/.local/lib/python3.12/site-packages/airflow/example_dags/example_latest_only.py
[2025-07-22T09:15:26.282+0000] {processor.py:830} INFO - Processing file /home/airflow/.local/lib/python3.12/site-packages/airflow/example_dags/example_latest_only.py for tasks to queue
[2025-07-22T09:15:26.284+0000] {logging_mixin.py:188} INFO - [2025-07-22T09:15:26.284+0000] {dagbag.py:545} INFO - Filling up the DagBag from /home/airflow/.local/lib/python3.12/site-packages/airflow/example_dags/example_latest_only.py
[2025-07-22T09:15:26.291+0000] {processor.py:840} INFO - DAG(s) 'latest_only' retrieved from /home/airflow/.local/lib/python3.12/site-packages/airflow/example_dags/example_latest_only.py
[2025-07-22T09:15:26.314+0000] {logging_mixin.py:188} INFO - [2025-07-22T09:15:26.314+0000] {dag.py:3096} INFO - Sync 1 DAGs
[2025-07-22T09:15:26.342+0000] {logging_mixin.py:188} INFO - [2025-07-22T09:15:26.342+0000] {dag.py:3954} INFO - Setting next_dagrun for latest_only to 2025-07-22 04:00:00+00:00, run_after=2025-07-22 08:00:00+00:00
[2025-07-22T09:15:26.377+0000] {processor.py:183} INFO - Processing /home/airflow/.local/lib/python3.12/site-packages/airflow/example_dags/example_latest_only.py took 0.104 seconds
[2025-07-22T09:15:56.452+0000] {processor.py:161} INFO - Started process (PID=2875) to work on /home/airflow/.local/lib/python3.12/site-packages/airflow/example_dags/example_latest_only.py
[2025-07-22T09:15:56.453+0000] {processor.py:830} INFO - Processing file /home/airflow/.local/lib/python3.12/site-packages/airflow/example_dags/example_latest_only.py for tasks to queue
[2025-07-22T09:15:56.456+0000] {logging_mixin.py:188} INFO - [2025-07-22T09:15:56.456+0000] {dagbag.py:545} INFO - Filling up the DagBag from /home/airflow/.local/lib/python3.12/site-packages/airflow/example_dags/example_latest_only.py
[2025-07-22T09:15:56.463+0000] {processor.py:840} INFO - DAG(s) 'latest_only' retrieved from /home/airflow/.local/lib/python3.12/site-packages/airflow/example_dags/example_latest_only.py
[2025-07-22T09:15:56.491+0000] {logging_mixin.py:188} INFO - [2025-07-22T09:15:56.491+0000] {dag.py:3096} INFO - Sync 1 DAGs
[2025-07-22T09:15:56.523+0000] {logging_mixin.py:188} INFO - [2025-07-22T09:15:56.522+0000] {dag.py:3954} INFO - Setting next_dagrun for latest_only to 2025-07-22 04:00:00+00:00, run_after=2025-07-22 08:00:00+00:00
[2025-07-22T09:15:56.559+0000] {processor.py:183} INFO - Processing /home/airflow/.local/lib/python3.12/site-packages/airflow/example_dags/example_latest_only.py took 0.117 seconds
[2025-07-22T09:16:26.750+0000] {processor.py:161} INFO - Started process (PID=2935) to work on /home/airflow/.local/lib/python3.12/site-packages/airflow/example_dags/example_latest_only.py
[2025-07-22T09:16:26.751+0000] {processor.py:830} INFO - Processing file /home/airflow/.local/lib/python3.12/site-packages/airflow/example_dags/example_latest_only.py for tasks to queue
[2025-07-22T09:16:26.754+0000] {logging_mixin.py:188} INFO - [2025-07-22T09:16:26.754+0000] {dagbag.py:545} INFO - Filling up the DagBag from /home/airflow/.local/lib/python3.12/site-packages/airflow/example_dags/example_latest_only.py
[2025-07-22T09:16:26.760+0000] {processor.py:840} INFO - DAG(s) 'latest_only' retrieved from /home/airflow/.local/lib/python3.12/site-packages/airflow/example_dags/example_latest_only.py
[2025-07-22T09:16:26.787+0000] {logging_mixin.py:188} INFO - [2025-07-22T09:16:26.786+0000] {dag.py:3096} INFO - Sync 1 DAGs
[2025-07-22T09:16:26.822+0000] {logging_mixin.py:188} INFO - [2025-07-22T09:16:26.822+0000] {dag.py:3954} INFO - Setting next_dagrun for latest_only to 2025-07-22 04:00:00+00:00, run_after=2025-07-22 08:00:00+00:00
[2025-07-22T09:16:26.853+0000] {processor.py:183} INFO - Processing /home/airflow/.local/lib/python3.12/site-packages/airflow/example_dags/example_latest_only.py took 0.111 seconds
[2025-07-22T09:16:56.950+0000] {processor.py:161} INFO - Started process (PID=2995) to work on /home/airflow/.local/lib/python3.12/site-packages/airflow/example_dags/example_latest_only.py
[2025-07-22T09:16:56.951+0000] {processor.py:830} INFO - Processing file /home/airflow/.local/lib/python3.12/site-packages/airflow/example_dags/example_latest_only.py for tasks to queue
[2025-07-22T09:16:56.953+0000] {logging_mixin.py:188} INFO - [2025-07-22T09:16:56.953+0000] {dagbag.py:545} INFO - Filling up the DagBag from /home/airflow/.local/lib/python3.12/site-packages/airflow/example_dags/example_latest_only.py
[2025-07-22T09:16:56.959+0000] {processor.py:840} INFO - DAG(s) 'latest_only' retrieved from /home/airflow/.local/lib/python3.12/site-packages/airflow/example_dags/example_latest_only.py
[2025-07-22T09:16:56.986+0000] {logging_mixin.py:188} INFO - [2025-07-22T09:16:56.986+0000] {dag.py:3096} INFO - Sync 1 DAGs
[2025-07-22T09:16:57.012+0000] {logging_mixin.py:188} INFO - [2025-07-22T09:16:57.011+0000] {dag.py:3954} INFO - Setting next_dagrun for latest_only to 2025-07-22 04:00:00+00:00, run_after=2025-07-22 08:00:00+00:00
[2025-07-22T09:16:57.038+0000] {processor.py:183} INFO - Processing /home/airflow/.local/lib/python3.12/site-packages/airflow/example_dags/example_latest_only.py took 0.096 seconds
[2025-07-22T09:17:27.642+0000] {processor.py:161} INFO - Started process (PID=3056) to work on /home/airflow/.local/lib/python3.12/site-packages/airflow/example_dags/example_latest_only.py
[2025-07-22T09:17:27.643+0000] {processor.py:830} INFO - Processing file /home/airflow/.local/lib/python3.12/site-packages/airflow/example_dags/example_latest_only.py for tasks to queue
[2025-07-22T09:17:27.646+0000] {logging_mixin.py:188} INFO - [2025-07-22T09:17:27.645+0000] {dagbag.py:545} INFO - Filling up the DagBag from /home/airflow/.local/lib/python3.12/site-packages/airflow/example_dags/example_latest_only.py
[2025-07-22T09:17:27.652+0000] {processor.py:840} INFO - DAG(s) 'latest_only' retrieved from /home/airflow/.local/lib/python3.12/site-packages/airflow/example_dags/example_latest_only.py
[2025-07-22T09:17:27.682+0000] {logging_mixin.py:188} INFO - [2025-07-22T09:17:27.681+0000] {dag.py:3096} INFO - Sync 1 DAGs
[2025-07-22T09:17:27.721+0000] {logging_mixin.py:188} INFO - [2025-07-22T09:17:27.721+0000] {dag.py:3954} INFO - Setting next_dagrun for latest_only to 2025-07-22 04:00:00+00:00, run_after=2025-07-22 08:00:00+00:00
[2025-07-22T09:17:27.748+0000] {processor.py:183} INFO - Processing /home/airflow/.local/lib/python3.12/site-packages/airflow/example_dags/example_latest_only.py took 0.113 seconds
[2025-07-22T09:17:57.929+0000] {processor.py:161} INFO - Started process (PID=3116) to work on /home/airflow/.local/lib/python3.12/site-packages/airflow/example_dags/example_latest_only.py
[2025-07-22T09:17:57.930+0000] {processor.py:830} INFO - Processing file /home/airflow/.local/lib/python3.12/site-packages/airflow/example_dags/example_latest_only.py for tasks to queue
[2025-07-22T09:17:57.933+0000] {logging_mixin.py:188} INFO - [2025-07-22T09:17:57.932+0000] {dagbag.py:545} INFO - Filling up the DagBag from /home/airflow/.local/lib/python3.12/site-packages/airflow/example_dags/example_latest_only.py
[2025-07-22T09:17:57.938+0000] {processor.py:840} INFO - DAG(s) 'latest_only' retrieved from /home/airflow/.local/lib/python3.12/site-packages/airflow/example_dags/example_latest_only.py
[2025-07-22T09:17:57.961+0000] {logging_mixin.py:188} INFO - [2025-07-22T09:17:57.961+0000] {dag.py:3096} INFO - Sync 1 DAGs
[2025-07-22T09:17:57.985+0000] {logging_mixin.py:188} INFO - [2025-07-22T09:17:57.985+0000] {dag.py:3954} INFO - Setting next_dagrun for latest_only to 2025-07-22 04:00:00+00:00, run_after=2025-07-22 08:00:00+00:00
[2025-07-22T09:17:58.009+0000] {processor.py:183} INFO - Processing /home/airflow/.local/lib/python3.12/site-packages/airflow/example_dags/example_latest_only.py took 0.090 seconds
[2025-07-22T09:18:28.858+0000] {processor.py:161} INFO - Started process (PID=3176) to work on /home/airflow/.local/lib/python3.12/site-packages/airflow/example_dags/example_latest_only.py
[2025-07-22T09:18:28.859+0000] {processor.py:830} INFO - Processing file /home/airflow/.local/lib/python3.12/site-packages/airflow/example_dags/example_latest_only.py for tasks to queue
[2025-07-22T09:18:28.862+0000] {logging_mixin.py:188} INFO - [2025-07-22T09:18:28.861+0000] {dagbag.py:545} INFO - Filling up the DagBag from /home/airflow/.local/lib/python3.12/site-packages/airflow/example_dags/example_latest_only.py
[2025-07-22T09:18:28.867+0000] {processor.py:840} INFO - DAG(s) 'latest_only' retrieved from /home/airflow/.local/lib/python3.12/site-packages/airflow/example_dags/example_latest_only.py
[2025-07-22T09:18:28.891+0000] {logging_mixin.py:188} INFO - [2025-07-22T09:18:28.891+0000] {dag.py:3096} INFO - Sync 1 DAGs
[2025-07-22T09:18:28.916+0000] {logging_mixin.py:188} INFO - [2025-07-22T09:18:28.915+0000] {dag.py:3954} INFO - Setting next_dagrun for latest_only to 2025-07-22 04:00:00+00:00, run_after=2025-07-22 08:00:00+00:00
[2025-07-22T09:18:28.939+0000] {processor.py:183} INFO - Processing /home/airflow/.local/lib/python3.12/site-packages/airflow/example_dags/example_latest_only.py took 0.088 seconds
[2025-07-22T09:18:59.314+0000] {processor.py:161} INFO - Started process (PID=3236) to work on /home/airflow/.local/lib/python3.12/site-packages/airflow/example_dags/example_latest_only.py
[2025-07-22T09:18:59.315+0000] {processor.py:830} INFO - Processing file /home/airflow/.local/lib/python3.12/site-packages/airflow/example_dags/example_latest_only.py for tasks to queue
[2025-07-22T09:18:59.317+0000] {logging_mixin.py:188} INFO - [2025-07-22T09:18:59.317+0000] {dagbag.py:545} INFO - Filling up the DagBag from /home/airflow/.local/lib/python3.12/site-packages/airflow/example_dags/example_latest_only.py
[2025-07-22T09:18:59.323+0000] {processor.py:840} INFO - DAG(s) 'latest_only' retrieved from /home/airflow/.local/lib/python3.12/site-packages/airflow/example_dags/example_latest_only.py
[2025-07-22T09:18:59.351+0000] {logging_mixin.py:188} INFO - [2025-07-22T09:18:59.350+0000] {dag.py:3096} INFO - Sync 1 DAGs
[2025-07-22T09:18:59.379+0000] {logging_mixin.py:188} INFO - [2025-07-22T09:18:59.378+0000] {dag.py:3954} INFO - Setting next_dagrun for latest_only to 2025-07-22 04:00:00+00:00, run_after=2025-07-22 08:00:00+00:00
[2025-07-22T09:18:59.403+0000] {processor.py:183} INFO - Processing /home/airflow/.local/lib/python3.12/site-packages/airflow/example_dags/example_latest_only.py took 0.098 seconds
[2025-07-22T09:19:29.973+0000] {processor.py:161} INFO - Started process (PID=3296) to work on /home/airflow/.local/lib/python3.12/site-packages/airflow/example_dags/example_latest_only.py
[2025-07-22T09:19:29.974+0000] {processor.py:830} INFO - Processing file /home/airflow/.local/lib/python3.12/site-packages/airflow/example_dags/example_latest_only.py for tasks to queue
[2025-07-22T09:19:29.978+0000] {logging_mixin.py:188} INFO - [2025-07-22T09:19:29.977+0000] {dagbag.py:545} INFO - Filling up the DagBag from /home/airflow/.local/lib/python3.12/site-packages/airflow/example_dags/example_latest_only.py
[2025-07-22T09:19:29.985+0000] {processor.py:840} INFO - DAG(s) 'latest_only' retrieved from /home/airflow/.local/lib/python3.12/site-packages/airflow/example_dags/example_latest_only.py
[2025-07-22T09:19:30.013+0000] {logging_mixin.py:188} INFO - [2025-07-22T09:19:30.012+0000] {dag.py:3096} INFO - Sync 1 DAGs
[2025-07-22T09:19:30.047+0000] {logging_mixin.py:188} INFO - [2025-07-22T09:19:30.047+0000] {dag.py:3954} INFO - Setting next_dagrun for latest_only to 2025-07-22 04:00:00+00:00, run_after=2025-07-22 08:00:00+00:00
[2025-07-22T09:19:30.084+0000] {processor.py:183} INFO - Processing /home/airflow/.local/lib/python3.12/site-packages/airflow/example_dags/example_latest_only.py took 0.121 seconds
[2025-07-22T09:20:00.478+0000] {processor.py:161} INFO - Started process (PID=3356) to work on /home/airflow/.local/lib/python3.12/site-packages/airflow/example_dags/example_latest_only.py
[2025-07-22T09:20:00.479+0000] {processor.py:830} INFO - Processing file /home/airflow/.local/lib/python3.12/site-packages/airflow/example_dags/example_latest_only.py for tasks to queue
[2025-07-22T09:20:00.482+0000] {logging_mixin.py:188} INFO - [2025-07-22T09:20:00.482+0000] {dagbag.py:545} INFO - Filling up the DagBag from /home/airflow/.local/lib/python3.12/site-packages/airflow/example_dags/example_latest_only.py
[2025-07-22T09:20:00.490+0000] {processor.py:840} INFO - DAG(s) 'latest_only' retrieved from /home/airflow/.local/lib/python3.12/site-packages/airflow/example_dags/example_latest_only.py
[2025-07-22T09:20:00.527+0000] {logging_mixin.py:188} INFO - [2025-07-22T09:20:00.526+0000] {dag.py:3096} INFO - Sync 1 DAGs
[2025-07-22T09:20:00.560+0000] {logging_mixin.py:188} INFO - [2025-07-22T09:20:00.559+0000] {dag.py:3954} INFO - Setting next_dagrun for latest_only to 2025-07-22 04:00:00+00:00, run_after=2025-07-22 08:00:00+00:00
[2025-07-22T09:20:00.591+0000] {processor.py:183} INFO - Processing /home/airflow/.local/lib/python3.12/site-packages/airflow/example_dags/example_latest_only.py took 0.123 seconds
[2025-07-22T09:20:30.842+0000] {processor.py:161} INFO - Started process (PID=3416) to work on /home/airflow/.local/lib/python3.12/site-packages/airflow/example_dags/example_latest_only.py
[2025-07-22T09:20:30.844+0000] {processor.py:830} INFO - Processing file /home/airflow/.local/lib/python3.12/site-packages/airflow/example_dags/example_latest_only.py for tasks to queue
[2025-07-22T09:20:30.846+0000] {logging_mixin.py:188} INFO - [2025-07-22T09:20:30.846+0000] {dagbag.py:545} INFO - Filling up the DagBag from /home/airflow/.local/lib/python3.12/site-packages/airflow/example_dags/example_latest_only.py
[2025-07-22T09:20:30.852+0000] {processor.py:840} INFO - DAG(s) 'latest_only' retrieved from /home/airflow/.local/lib/python3.12/site-packages/airflow/example_dags/example_latest_only.py
[2025-07-22T09:20:30.880+0000] {logging_mixin.py:188} INFO - [2025-07-22T09:20:30.879+0000] {dag.py:3096} INFO - Sync 1 DAGs
[2025-07-22T09:20:30.913+0000] {logging_mixin.py:188} INFO - [2025-07-22T09:20:30.912+0000] {dag.py:3954} INFO - Setting next_dagrun for latest_only to 2025-07-22 04:00:00+00:00, run_after=2025-07-22 08:00:00+00:00
[2025-07-22T09:20:30.945+0000] {processor.py:183} INFO - Processing /home/airflow/.local/lib/python3.12/site-packages/airflow/example_dags/example_latest_only.py took 0.110 seconds
[2025-07-22T09:21:01.188+0000] {processor.py:161} INFO - Started process (PID=3476) to work on /home/airflow/.local/lib/python3.12/site-packages/airflow/example_dags/example_latest_only.py
[2025-07-22T09:21:01.190+0000] {processor.py:830} INFO - Processing file /home/airflow/.local/lib/python3.12/site-packages/airflow/example_dags/example_latest_only.py for tasks to queue
[2025-07-22T09:21:01.192+0000] {logging_mixin.py:188} INFO - [2025-07-22T09:21:01.192+0000] {dagbag.py:545} INFO - Filling up the DagBag from /home/airflow/.local/lib/python3.12/site-packages/airflow/example_dags/example_latest_only.py
[2025-07-22T09:21:01.197+0000] {processor.py:840} INFO - DAG(s) 'latest_only' retrieved from /home/airflow/.local/lib/python3.12/site-packages/airflow/example_dags/example_latest_only.py
[2025-07-22T09:21:01.220+0000] {logging_mixin.py:188} INFO - [2025-07-22T09:21:01.219+0000] {dag.py:3096} INFO - Sync 1 DAGs
[2025-07-22T09:21:01.244+0000] {logging_mixin.py:188} INFO - [2025-07-22T09:21:01.244+0000] {dag.py:3954} INFO - Setting next_dagrun for latest_only to 2025-07-22 04:00:00+00:00, run_after=2025-07-22 08:00:00+00:00
[2025-07-22T09:21:01.267+0000] {processor.py:183} INFO - Processing /home/airflow/.local/lib/python3.12/site-packages/airflow/example_dags/example_latest_only.py took 0.085 seconds
[2025-07-22T09:21:31.370+0000] {processor.py:161} INFO - Started process (PID=3537) to work on /home/airflow/.local/lib/python3.12/site-packages/airflow/example_dags/example_latest_only.py
[2025-07-22T09:21:31.372+0000] {processor.py:830} INFO - Processing file /home/airflow/.local/lib/python3.12/site-packages/airflow/example_dags/example_latest_only.py for tasks to queue
[2025-07-22T09:21:31.374+0000] {logging_mixin.py:188} INFO - [2025-07-22T09:21:31.374+0000] {dagbag.py:545} INFO - Filling up the DagBag from /home/airflow/.local/lib/python3.12/site-packages/airflow/example_dags/example_latest_only.py
[2025-07-22T09:21:31.380+0000] {processor.py:840} INFO - DAG(s) 'latest_only' retrieved from /home/airflow/.local/lib/python3.12/site-packages/airflow/example_dags/example_latest_only.py
[2025-07-22T09:21:31.409+0000] {logging_mixin.py:188} INFO - [2025-07-22T09:21:31.409+0000] {dag.py:3096} INFO - Sync 1 DAGs
[2025-07-22T09:21:31.444+0000] {logging_mixin.py:188} INFO - [2025-07-22T09:21:31.444+0000] {dag.py:3954} INFO - Setting next_dagrun for latest_only to 2025-07-22 04:00:00+00:00, run_after=2025-07-22 08:00:00+00:00
[2025-07-22T09:21:31.483+0000] {processor.py:183} INFO - Processing /home/airflow/.local/lib/python3.12/site-packages/airflow/example_dags/example_latest_only.py took 0.120 seconds
[2025-07-22T09:22:01.767+0000] {processor.py:161} INFO - Started process (PID=3597) to work on /home/airflow/.local/lib/python3.12/site-packages/airflow/example_dags/example_latest_only.py
[2025-07-22T09:22:01.769+0000] {processor.py:830} INFO - Processing file /home/airflow/.local/lib/python3.12/site-packages/airflow/example_dags/example_latest_only.py for tasks to queue
[2025-07-22T09:22:01.771+0000] {logging_mixin.py:188} INFO - [2025-07-22T09:22:01.771+0000] {dagbag.py:545} INFO - Filling up the DagBag from /home/airflow/.local/lib/python3.12/site-packages/airflow/example_dags/example_latest_only.py
[2025-07-22T09:22:01.777+0000] {processor.py:840} INFO - DAG(s) 'latest_only' retrieved from /home/airflow/.local/lib/python3.12/site-packages/airflow/example_dags/example_latest_only.py
[2025-07-22T09:22:01.802+0000] {logging_mixin.py:188} INFO - [2025-07-22T09:22:01.802+0000] {dag.py:3096} INFO - Sync 1 DAGs
[2025-07-22T09:22:01.830+0000] {logging_mixin.py:188} INFO - [2025-07-22T09:22:01.830+0000] {dag.py:3954} INFO - Setting next_dagrun for latest_only to 2025-07-22 04:00:00+00:00, run_after=2025-07-22 08:00:00+00:00
[2025-07-22T09:22:01.862+0000] {processor.py:183} INFO - Processing /home/airflow/.local/lib/python3.12/site-packages/airflow/example_dags/example_latest_only.py took 0.103 seconds
[2025-07-22T09:22:32.167+0000] {processor.py:161} INFO - Started process (PID=3657) to work on /home/airflow/.local/lib/python3.12/site-packages/airflow/example_dags/example_latest_only.py
[2025-07-22T09:22:32.170+0000] {processor.py:830} INFO - Processing file /home/airflow/.local/lib/python3.12/site-packages/airflow/example_dags/example_latest_only.py for tasks to queue
[2025-07-22T09:22:32.174+0000] {logging_mixin.py:188} INFO - [2025-07-22T09:22:32.173+0000] {dagbag.py:545} INFO - Filling up the DagBag from /home/airflow/.local/lib/python3.12/site-packages/airflow/example_dags/example_latest_only.py
[2025-07-22T09:22:32.188+0000] {processor.py:840} INFO - DAG(s) 'latest_only' retrieved from /home/airflow/.local/lib/python3.12/site-packages/airflow/example_dags/example_latest_only.py
[2025-07-22T09:22:32.248+0000] {logging_mixin.py:188} INFO - [2025-07-22T09:22:32.247+0000] {dag.py:3096} INFO - Sync 1 DAGs
[2025-07-22T09:22:32.316+0000] {logging_mixin.py:188} INFO - [2025-07-22T09:22:32.316+0000] {dag.py:3954} INFO - Setting next_dagrun for latest_only to 2025-07-22 04:00:00+00:00, run_after=2025-07-22 08:00:00+00:00
[2025-07-22T09:22:32.381+0000] {processor.py:183} INFO - Processing /home/airflow/.local/lib/python3.12/site-packages/airflow/example_dags/example_latest_only.py took 0.232 seconds
