[2025-07-22T08:52:07.918+0000] {processor.py:161} INFO - Started process (PID=91) to work on /home/airflow/.local/lib/python3.12/site-packages/airflow/example_dags/tutorial_dag.py
[2025-07-22T08:52:07.920+0000] {processor.py:830} INFO - Processing file /home/airflow/.local/lib/python3.12/site-packages/airflow/example_dags/tutorial_dag.py for tasks to queue
[2025-07-22T08:52:07.924+0000] {logging_mixin.py:188} INFO - [2025-07-22T08:52:07.923+0000] {dagbag.py:545} INFO - Filling up the DagBag from /home/airflow/.local/lib/python3.12/site-packages/airflow/example_dags/tutorial_dag.py
[2025-07-22T08:52:07.934+0000] {processor.py:840} INFO - DAG(s) 'tutorial_dag' retrieved from /home/airflow/.local/lib/python3.12/site-packages/airflow/example_dags/tutorial_dag.py
[2025-07-22T08:52:08.102+0000] {logging_mixin.py:188} INFO - [2025-07-22T08:52:08.102+0000] {dag.py:3096} INFO - Sync 1 DAGs
[2025-07-22T08:52:08.116+0000] {logging_mixin.py:188} INFO - [2025-07-22T08:52:08.116+0000] {dag.py:3954} INFO - Setting next_dagrun for tutorial_dag to None, run_after=None
[2025-07-22T08:52:08.142+0000] {processor.py:183} INFO - Processing /home/airflow/.local/lib/python3.12/site-packages/airflow/example_dags/tutorial_dag.py took 0.233 seconds
[2025-07-22T08:52:38.593+0000] {processor.py:161} INFO - Started process (PID=149) to work on /home/airflow/.local/lib/python3.12/site-packages/airflow/example_dags/tutorial_dag.py
[2025-07-22T08:52:38.595+0000] {processor.py:830} INFO - Processing file /home/airflow/.local/lib/python3.12/site-packages/airflow/example_dags/tutorial_dag.py for tasks to queue
[2025-07-22T08:52:38.597+0000] {logging_mixin.py:188} INFO - [2025-07-22T08:52:38.596+0000] {dagbag.py:545} INFO - Filling up the DagBag from /home/airflow/.local/lib/python3.12/site-packages/airflow/example_dags/tutorial_dag.py
[2025-07-22T08:52:38.602+0000] {processor.py:840} INFO - DAG(s) 'tutorial_dag' retrieved from /home/airflow/.local/lib/python3.12/site-packages/airflow/example_dags/tutorial_dag.py
[2025-07-22T08:52:38.624+0000] {logging_mixin.py:188} INFO - [2025-07-22T08:52:38.624+0000] {dag.py:3096} INFO - Sync 1 DAGs
[2025-07-22T08:52:38.645+0000] {logging_mixin.py:188} INFO - [2025-07-22T08:52:38.644+0000] {dag.py:3954} INFO - Setting next_dagrun for tutorial_dag to None, run_after=None
[2025-07-22T08:52:38.667+0000] {processor.py:183} INFO - Processing /home/airflow/.local/lib/python3.12/site-packages/airflow/example_dags/tutorial_dag.py took 0.080 seconds
[2025-07-22T08:53:09.122+0000] {processor.py:161} INFO - Started process (PID=207) to work on /home/airflow/.local/lib/python3.12/site-packages/airflow/example_dags/tutorial_dag.py
[2025-07-22T08:53:09.123+0000] {processor.py:830} INFO - Processing file /home/airflow/.local/lib/python3.12/site-packages/airflow/example_dags/tutorial_dag.py for tasks to queue
[2025-07-22T08:53:09.126+0000] {logging_mixin.py:188} INFO - [2025-07-22T08:53:09.126+0000] {dagbag.py:545} INFO - Filling up the DagBag from /home/airflow/.local/lib/python3.12/site-packages/airflow/example_dags/tutorial_dag.py
[2025-07-22T08:53:09.132+0000] {processor.py:840} INFO - DAG(s) 'tutorial_dag' retrieved from /home/airflow/.local/lib/python3.12/site-packages/airflow/example_dags/tutorial_dag.py
[2025-07-22T08:53:09.154+0000] {logging_mixin.py:188} INFO - [2025-07-22T08:53:09.153+0000] {dag.py:3096} INFO - Sync 1 DAGs
[2025-07-22T08:53:09.167+0000] {logging_mixin.py:188} INFO - [2025-07-22T08:53:09.167+0000] {dag.py:3954} INFO - Setting next_dagrun for tutorial_dag to None, run_after=None
[2025-07-22T08:53:09.188+0000] {processor.py:183} INFO - Processing /home/airflow/.local/lib/python3.12/site-packages/airflow/example_dags/tutorial_dag.py took 0.074 seconds
[2025-07-22T08:53:39.406+0000] {processor.py:161} INFO - Started process (PID=265) to work on /home/airflow/.local/lib/python3.12/site-packages/airflow/example_dags/tutorial_dag.py
[2025-07-22T08:53:39.408+0000] {processor.py:830} INFO - Processing file /home/airflow/.local/lib/python3.12/site-packages/airflow/example_dags/tutorial_dag.py for tasks to queue
[2025-07-22T08:53:39.410+0000] {logging_mixin.py:188} INFO - [2025-07-22T08:53:39.410+0000] {dagbag.py:545} INFO - Filling up the DagBag from /home/airflow/.local/lib/python3.12/site-packages/airflow/example_dags/tutorial_dag.py
[2025-07-22T08:53:39.418+0000] {processor.py:840} INFO - DAG(s) 'tutorial_dag' retrieved from /home/airflow/.local/lib/python3.12/site-packages/airflow/example_dags/tutorial_dag.py
[2025-07-22T08:53:39.444+0000] {logging_mixin.py:188} INFO - [2025-07-22T08:53:39.444+0000] {dag.py:3096} INFO - Sync 1 DAGs
[2025-07-22T08:53:39.461+0000] {logging_mixin.py:188} INFO - [2025-07-22T08:53:39.461+0000] {dag.py:3954} INFO - Setting next_dagrun for tutorial_dag to None, run_after=None
[2025-07-22T08:53:39.487+0000] {processor.py:183} INFO - Processing /home/airflow/.local/lib/python3.12/site-packages/airflow/example_dags/tutorial_dag.py took 0.088 seconds
[2025-07-22T08:54:09.918+0000] {processor.py:161} INFO - Started process (PID=323) to work on /home/airflow/.local/lib/python3.12/site-packages/airflow/example_dags/tutorial_dag.py
[2025-07-22T08:54:09.919+0000] {processor.py:830} INFO - Processing file /home/airflow/.local/lib/python3.12/site-packages/airflow/example_dags/tutorial_dag.py for tasks to queue
[2025-07-22T08:54:09.921+0000] {logging_mixin.py:188} INFO - [2025-07-22T08:54:09.921+0000] {dagbag.py:545} INFO - Filling up the DagBag from /home/airflow/.local/lib/python3.12/site-packages/airflow/example_dags/tutorial_dag.py
[2025-07-22T08:54:09.927+0000] {processor.py:840} INFO - DAG(s) 'tutorial_dag' retrieved from /home/airflow/.local/lib/python3.12/site-packages/airflow/example_dags/tutorial_dag.py
[2025-07-22T08:54:09.949+0000] {logging_mixin.py:188} INFO - [2025-07-22T08:54:09.949+0000] {dag.py:3096} INFO - Sync 1 DAGs
[2025-07-22T08:54:09.963+0000] {logging_mixin.py:188} INFO - [2025-07-22T08:54:09.963+0000] {dag.py:3954} INFO - Setting next_dagrun for tutorial_dag to None, run_after=None
[2025-07-22T08:54:09.986+0000] {processor.py:183} INFO - Processing /home/airflow/.local/lib/python3.12/site-packages/airflow/example_dags/tutorial_dag.py took 0.074 seconds
[2025-07-22T08:54:40.264+0000] {processor.py:161} INFO - Started process (PID=381) to work on /home/airflow/.local/lib/python3.12/site-packages/airflow/example_dags/tutorial_dag.py
[2025-07-22T08:54:40.265+0000] {processor.py:830} INFO - Processing file /home/airflow/.local/lib/python3.12/site-packages/airflow/example_dags/tutorial_dag.py for tasks to queue
[2025-07-22T08:54:40.267+0000] {logging_mixin.py:188} INFO - [2025-07-22T08:54:40.267+0000] {dagbag.py:545} INFO - Filling up the DagBag from /home/airflow/.local/lib/python3.12/site-packages/airflow/example_dags/tutorial_dag.py
[2025-07-22T08:54:40.274+0000] {processor.py:840} INFO - DAG(s) 'tutorial_dag' retrieved from /home/airflow/.local/lib/python3.12/site-packages/airflow/example_dags/tutorial_dag.py
[2025-07-22T08:54:40.296+0000] {logging_mixin.py:188} INFO - [2025-07-22T08:54:40.296+0000] {dag.py:3096} INFO - Sync 1 DAGs
[2025-07-22T08:54:40.309+0000] {logging_mixin.py:188} INFO - [2025-07-22T08:54:40.309+0000] {dag.py:3954} INFO - Setting next_dagrun for tutorial_dag to None, run_after=None
[2025-07-22T08:54:40.330+0000] {processor.py:183} INFO - Processing /home/airflow/.local/lib/python3.12/site-packages/airflow/example_dags/tutorial_dag.py took 0.073 seconds
[2025-07-22T08:55:10.770+0000] {processor.py:161} INFO - Started process (PID=439) to work on /home/airflow/.local/lib/python3.12/site-packages/airflow/example_dags/tutorial_dag.py
[2025-07-22T08:55:10.771+0000] {processor.py:830} INFO - Processing file /home/airflow/.local/lib/python3.12/site-packages/airflow/example_dags/tutorial_dag.py for tasks to queue
[2025-07-22T08:55:10.773+0000] {logging_mixin.py:188} INFO - [2025-07-22T08:55:10.773+0000] {dagbag.py:545} INFO - Filling up the DagBag from /home/airflow/.local/lib/python3.12/site-packages/airflow/example_dags/tutorial_dag.py
[2025-07-22T08:55:10.780+0000] {processor.py:840} INFO - DAG(s) 'tutorial_dag' retrieved from /home/airflow/.local/lib/python3.12/site-packages/airflow/example_dags/tutorial_dag.py
[2025-07-22T08:55:10.803+0000] {logging_mixin.py:188} INFO - [2025-07-22T08:55:10.803+0000] {dag.py:3096} INFO - Sync 1 DAGs
[2025-07-22T08:55:10.818+0000] {logging_mixin.py:188} INFO - [2025-07-22T08:55:10.818+0000] {dag.py:3954} INFO - Setting next_dagrun for tutorial_dag to None, run_after=None
[2025-07-22T08:55:10.847+0000] {processor.py:183} INFO - Processing /home/airflow/.local/lib/python3.12/site-packages/airflow/example_dags/tutorial_dag.py took 0.085 seconds
[2025-07-22T08:55:41.227+0000] {processor.py:161} INFO - Started process (PID=497) to work on /home/airflow/.local/lib/python3.12/site-packages/airflow/example_dags/tutorial_dag.py
[2025-07-22T08:55:41.228+0000] {processor.py:830} INFO - Processing file /home/airflow/.local/lib/python3.12/site-packages/airflow/example_dags/tutorial_dag.py for tasks to queue
[2025-07-22T08:55:41.230+0000] {logging_mixin.py:188} INFO - [2025-07-22T08:55:41.230+0000] {dagbag.py:545} INFO - Filling up the DagBag from /home/airflow/.local/lib/python3.12/site-packages/airflow/example_dags/tutorial_dag.py
[2025-07-22T08:55:41.236+0000] {processor.py:840} INFO - DAG(s) 'tutorial_dag' retrieved from /home/airflow/.local/lib/python3.12/site-packages/airflow/example_dags/tutorial_dag.py
[2025-07-22T08:55:41.257+0000] {logging_mixin.py:188} INFO - [2025-07-22T08:55:41.257+0000] {dag.py:3096} INFO - Sync 1 DAGs
[2025-07-22T08:55:41.271+0000] {logging_mixin.py:188} INFO - [2025-07-22T08:55:41.270+0000] {dag.py:3954} INFO - Setting next_dagrun for tutorial_dag to None, run_after=None
[2025-07-22T08:55:41.291+0000] {processor.py:183} INFO - Processing /home/airflow/.local/lib/python3.12/site-packages/airflow/example_dags/tutorial_dag.py took 0.073 seconds
[2025-07-22T08:56:11.500+0000] {processor.py:161} INFO - Started process (PID=555) to work on /home/airflow/.local/lib/python3.12/site-packages/airflow/example_dags/tutorial_dag.py
[2025-07-22T08:56:11.501+0000] {processor.py:830} INFO - Processing file /home/airflow/.local/lib/python3.12/site-packages/airflow/example_dags/tutorial_dag.py for tasks to queue
[2025-07-22T08:56:11.504+0000] {logging_mixin.py:188} INFO - [2025-07-22T08:56:11.503+0000] {dagbag.py:545} INFO - Filling up the DagBag from /home/airflow/.local/lib/python3.12/site-packages/airflow/example_dags/tutorial_dag.py
[2025-07-22T08:56:11.509+0000] {processor.py:840} INFO - DAG(s) 'tutorial_dag' retrieved from /home/airflow/.local/lib/python3.12/site-packages/airflow/example_dags/tutorial_dag.py
[2025-07-22T08:56:11.531+0000] {logging_mixin.py:188} INFO - [2025-07-22T08:56:11.531+0000] {dag.py:3096} INFO - Sync 1 DAGs
[2025-07-22T08:56:11.546+0000] {logging_mixin.py:188} INFO - [2025-07-22T08:56:11.546+0000] {dag.py:3954} INFO - Setting next_dagrun for tutorial_dag to None, run_after=None
[2025-07-22T08:56:11.568+0000] {processor.py:183} INFO - Processing /home/airflow/.local/lib/python3.12/site-packages/airflow/example_dags/tutorial_dag.py took 0.075 seconds
[2025-07-22T08:56:41.980+0000] {processor.py:161} INFO - Started process (PID=613) to work on /home/airflow/.local/lib/python3.12/site-packages/airflow/example_dags/tutorial_dag.py
[2025-07-22T08:56:41.981+0000] {processor.py:830} INFO - Processing file /home/airflow/.local/lib/python3.12/site-packages/airflow/example_dags/tutorial_dag.py for tasks to queue
[2025-07-22T08:56:41.983+0000] {logging_mixin.py:188} INFO - [2025-07-22T08:56:41.983+0000] {dagbag.py:545} INFO - Filling up the DagBag from /home/airflow/.local/lib/python3.12/site-packages/airflow/example_dags/tutorial_dag.py
[2025-07-22T08:56:41.989+0000] {processor.py:840} INFO - DAG(s) 'tutorial_dag' retrieved from /home/airflow/.local/lib/python3.12/site-packages/airflow/example_dags/tutorial_dag.py
[2025-07-22T08:56:42.011+0000] {logging_mixin.py:188} INFO - [2025-07-22T08:56:42.011+0000] {dag.py:3096} INFO - Sync 1 DAGs
[2025-07-22T08:56:42.026+0000] {logging_mixin.py:188} INFO - [2025-07-22T08:56:42.025+0000] {dag.py:3954} INFO - Setting next_dagrun for tutorial_dag to None, run_after=None
[2025-07-22T08:56:42.051+0000] {processor.py:183} INFO - Processing /home/airflow/.local/lib/python3.12/site-packages/airflow/example_dags/tutorial_dag.py took 0.078 seconds
[2025-07-22T08:57:12.332+0000] {processor.py:161} INFO - Started process (PID=673) to work on /home/airflow/.local/lib/python3.12/site-packages/airflow/example_dags/tutorial_dag.py
[2025-07-22T08:57:12.333+0000] {processor.py:830} INFO - Processing file /home/airflow/.local/lib/python3.12/site-packages/airflow/example_dags/tutorial_dag.py for tasks to queue
[2025-07-22T08:57:12.336+0000] {logging_mixin.py:188} INFO - [2025-07-22T08:57:12.335+0000] {dagbag.py:545} INFO - Filling up the DagBag from /home/airflow/.local/lib/python3.12/site-packages/airflow/example_dags/tutorial_dag.py
[2025-07-22T08:57:12.343+0000] {processor.py:840} INFO - DAG(s) 'tutorial_dag' retrieved from /home/airflow/.local/lib/python3.12/site-packages/airflow/example_dags/tutorial_dag.py
[2025-07-22T08:57:12.368+0000] {logging_mixin.py:188} INFO - [2025-07-22T08:57:12.368+0000] {dag.py:3096} INFO - Sync 1 DAGs
[2025-07-22T08:57:12.384+0000] {logging_mixin.py:188} INFO - [2025-07-22T08:57:12.384+0000] {dag.py:3954} INFO - Setting next_dagrun for tutorial_dag to None, run_after=None
[2025-07-22T08:57:12.409+0000] {processor.py:183} INFO - Processing /home/airflow/.local/lib/python3.12/site-packages/airflow/example_dags/tutorial_dag.py took 0.085 seconds
[2025-07-22T08:57:42.532+0000] {processor.py:161} INFO - Started process (PID=733) to work on /home/airflow/.local/lib/python3.12/site-packages/airflow/example_dags/tutorial_dag.py
[2025-07-22T08:57:42.533+0000] {processor.py:830} INFO - Processing file /home/airflow/.local/lib/python3.12/site-packages/airflow/example_dags/tutorial_dag.py for tasks to queue
[2025-07-22T08:57:42.536+0000] {logging_mixin.py:188} INFO - [2025-07-22T08:57:42.535+0000] {dagbag.py:545} INFO - Filling up the DagBag from /home/airflow/.local/lib/python3.12/site-packages/airflow/example_dags/tutorial_dag.py
[2025-07-22T08:57:42.541+0000] {processor.py:840} INFO - DAG(s) 'tutorial_dag' retrieved from /home/airflow/.local/lib/python3.12/site-packages/airflow/example_dags/tutorial_dag.py
[2025-07-22T08:57:42.563+0000] {logging_mixin.py:188} INFO - [2025-07-22T08:57:42.563+0000] {dag.py:3096} INFO - Sync 1 DAGs
[2025-07-22T08:57:42.578+0000] {logging_mixin.py:188} INFO - [2025-07-22T08:57:42.578+0000] {dag.py:3954} INFO - Setting next_dagrun for tutorial_dag to None, run_after=None
[2025-07-22T08:57:42.601+0000] {processor.py:183} INFO - Processing /home/airflow/.local/lib/python3.12/site-packages/airflow/example_dags/tutorial_dag.py took 0.076 seconds
[2025-07-22T08:58:13.035+0000] {processor.py:161} INFO - Started process (PID=793) to work on /home/airflow/.local/lib/python3.12/site-packages/airflow/example_dags/tutorial_dag.py
[2025-07-22T08:58:13.036+0000] {processor.py:830} INFO - Processing file /home/airflow/.local/lib/python3.12/site-packages/airflow/example_dags/tutorial_dag.py for tasks to queue
[2025-07-22T08:58:13.038+0000] {logging_mixin.py:188} INFO - [2025-07-22T08:58:13.038+0000] {dagbag.py:545} INFO - Filling up the DagBag from /home/airflow/.local/lib/python3.12/site-packages/airflow/example_dags/tutorial_dag.py
[2025-07-22T08:58:13.043+0000] {processor.py:840} INFO - DAG(s) 'tutorial_dag' retrieved from /home/airflow/.local/lib/python3.12/site-packages/airflow/example_dags/tutorial_dag.py
[2025-07-22T08:58:13.065+0000] {logging_mixin.py:188} INFO - [2025-07-22T08:58:13.064+0000] {dag.py:3096} INFO - Sync 1 DAGs
[2025-07-22T08:58:13.078+0000] {logging_mixin.py:188} INFO - [2025-07-22T08:58:13.078+0000] {dag.py:3954} INFO - Setting next_dagrun for tutorial_dag to None, run_after=None
[2025-07-22T08:58:13.100+0000] {processor.py:183} INFO - Processing /home/airflow/.local/lib/python3.12/site-packages/airflow/example_dags/tutorial_dag.py took 0.071 seconds
[2025-07-22T08:58:43.969+0000] {processor.py:161} INFO - Started process (PID=853) to work on /home/airflow/.local/lib/python3.12/site-packages/airflow/example_dags/tutorial_dag.py
[2025-07-22T08:58:43.972+0000] {processor.py:830} INFO - Processing file /home/airflow/.local/lib/python3.12/site-packages/airflow/example_dags/tutorial_dag.py for tasks to queue
[2025-07-22T08:58:43.977+0000] {logging_mixin.py:188} INFO - [2025-07-22T08:58:43.976+0000] {dagbag.py:545} INFO - Filling up the DagBag from /home/airflow/.local/lib/python3.12/site-packages/airflow/example_dags/tutorial_dag.py
[2025-07-22T08:58:43.989+0000] {processor.py:840} INFO - DAG(s) 'tutorial_dag' retrieved from /home/airflow/.local/lib/python3.12/site-packages/airflow/example_dags/tutorial_dag.py
[2025-07-22T08:58:44.069+0000] {logging_mixin.py:188} INFO - [2025-07-22T08:58:44.067+0000] {dag.py:3096} INFO - Sync 1 DAGs
[2025-07-22T08:58:44.114+0000] {logging_mixin.py:188} INFO - [2025-07-22T08:58:44.113+0000] {dag.py:3954} INFO - Setting next_dagrun for tutorial_dag to None, run_after=None
[2025-07-22T08:58:44.182+0000] {processor.py:183} INFO - Processing /home/airflow/.local/lib/python3.12/site-packages/airflow/example_dags/tutorial_dag.py took 0.233 seconds
[2025-07-22T08:59:14.287+0000] {processor.py:161} INFO - Started process (PID=913) to work on /home/airflow/.local/lib/python3.12/site-packages/airflow/example_dags/tutorial_dag.py
[2025-07-22T08:59:14.288+0000] {processor.py:830} INFO - Processing file /home/airflow/.local/lib/python3.12/site-packages/airflow/example_dags/tutorial_dag.py for tasks to queue
[2025-07-22T08:59:14.292+0000] {logging_mixin.py:188} INFO - [2025-07-22T08:59:14.291+0000] {dagbag.py:545} INFO - Filling up the DagBag from /home/airflow/.local/lib/python3.12/site-packages/airflow/example_dags/tutorial_dag.py
[2025-07-22T08:59:14.301+0000] {processor.py:840} INFO - DAG(s) 'tutorial_dag' retrieved from /home/airflow/.local/lib/python3.12/site-packages/airflow/example_dags/tutorial_dag.py
[2025-07-22T08:59:14.334+0000] {logging_mixin.py:188} INFO - [2025-07-22T08:59:14.333+0000] {dag.py:3096} INFO - Sync 1 DAGs
[2025-07-22T08:59:14.354+0000] {logging_mixin.py:188} INFO - [2025-07-22T08:59:14.353+0000] {dag.py:3954} INFO - Setting next_dagrun for tutorial_dag to None, run_after=None
[2025-07-22T08:59:14.387+0000] {processor.py:183} INFO - Processing /home/airflow/.local/lib/python3.12/site-packages/airflow/example_dags/tutorial_dag.py took 0.111 seconds
[2025-07-22T08:59:44.595+0000] {processor.py:161} INFO - Started process (PID=973) to work on /home/airflow/.local/lib/python3.12/site-packages/airflow/example_dags/tutorial_dag.py
[2025-07-22T08:59:44.597+0000] {processor.py:830} INFO - Processing file /home/airflow/.local/lib/python3.12/site-packages/airflow/example_dags/tutorial_dag.py for tasks to queue
[2025-07-22T08:59:44.599+0000] {logging_mixin.py:188} INFO - [2025-07-22T08:59:44.599+0000] {dagbag.py:545} INFO - Filling up the DagBag from /home/airflow/.local/lib/python3.12/site-packages/airflow/example_dags/tutorial_dag.py
[2025-07-22T08:59:44.605+0000] {processor.py:840} INFO - DAG(s) 'tutorial_dag' retrieved from /home/airflow/.local/lib/python3.12/site-packages/airflow/example_dags/tutorial_dag.py
[2025-07-22T08:59:44.633+0000] {logging_mixin.py:188} INFO - [2025-07-22T08:59:44.633+0000] {dag.py:3096} INFO - Sync 1 DAGs
[2025-07-22T08:59:44.649+0000] {logging_mixin.py:188} INFO - [2025-07-22T08:59:44.649+0000] {dag.py:3954} INFO - Setting next_dagrun for tutorial_dag to None, run_after=None
[2025-07-22T08:59:44.672+0000] {processor.py:183} INFO - Processing /home/airflow/.local/lib/python3.12/site-packages/airflow/example_dags/tutorial_dag.py took 0.083 seconds
[2025-07-22T09:00:15.239+0000] {processor.py:161} INFO - Started process (PID=1033) to work on /home/airflow/.local/lib/python3.12/site-packages/airflow/example_dags/tutorial_dag.py
[2025-07-22T09:00:15.240+0000] {processor.py:830} INFO - Processing file /home/airflow/.local/lib/python3.12/site-packages/airflow/example_dags/tutorial_dag.py for tasks to queue
[2025-07-22T09:00:15.243+0000] {logging_mixin.py:188} INFO - [2025-07-22T09:00:15.242+0000] {dagbag.py:545} INFO - Filling up the DagBag from /home/airflow/.local/lib/python3.12/site-packages/airflow/example_dags/tutorial_dag.py
[2025-07-22T09:00:15.250+0000] {processor.py:840} INFO - DAG(s) 'tutorial_dag' retrieved from /home/airflow/.local/lib/python3.12/site-packages/airflow/example_dags/tutorial_dag.py
[2025-07-22T09:00:15.277+0000] {logging_mixin.py:188} INFO - [2025-07-22T09:00:15.277+0000] {dag.py:3096} INFO - Sync 1 DAGs
[2025-07-22T09:00:15.293+0000] {logging_mixin.py:188} INFO - [2025-07-22T09:00:15.293+0000] {dag.py:3954} INFO - Setting next_dagrun for tutorial_dag to None, run_after=None
[2025-07-22T09:00:15.317+0000] {processor.py:183} INFO - Processing /home/airflow/.local/lib/python3.12/site-packages/airflow/example_dags/tutorial_dag.py took 0.086 seconds
[2025-07-22T09:00:46.027+0000] {processor.py:161} INFO - Started process (PID=1093) to work on /home/airflow/.local/lib/python3.12/site-packages/airflow/example_dags/tutorial_dag.py
[2025-07-22T09:00:46.029+0000] {processor.py:830} INFO - Processing file /home/airflow/.local/lib/python3.12/site-packages/airflow/example_dags/tutorial_dag.py for tasks to queue
[2025-07-22T09:00:46.033+0000] {logging_mixin.py:188} INFO - [2025-07-22T09:00:46.032+0000] {dagbag.py:545} INFO - Filling up the DagBag from /home/airflow/.local/lib/python3.12/site-packages/airflow/example_dags/tutorial_dag.py
[2025-07-22T09:00:46.041+0000] {processor.py:840} INFO - DAG(s) 'tutorial_dag' retrieved from /home/airflow/.local/lib/python3.12/site-packages/airflow/example_dags/tutorial_dag.py
[2025-07-22T09:00:46.067+0000] {logging_mixin.py:188} INFO - [2025-07-22T09:00:46.066+0000] {dag.py:3096} INFO - Sync 1 DAGs
[2025-07-22T09:00:46.082+0000] {logging_mixin.py:188} INFO - [2025-07-22T09:00:46.082+0000] {dag.py:3954} INFO - Setting next_dagrun for tutorial_dag to None, run_after=None
[2025-07-22T09:00:46.111+0000] {processor.py:183} INFO - Processing /home/airflow/.local/lib/python3.12/site-packages/airflow/example_dags/tutorial_dag.py took 0.091 seconds
[2025-07-22T09:01:17.004+0000] {processor.py:161} INFO - Started process (PID=1153) to work on /home/airflow/.local/lib/python3.12/site-packages/airflow/example_dags/tutorial_dag.py
[2025-07-22T09:01:17.005+0000] {processor.py:830} INFO - Processing file /home/airflow/.local/lib/python3.12/site-packages/airflow/example_dags/tutorial_dag.py for tasks to queue
[2025-07-22T09:01:17.007+0000] {logging_mixin.py:188} INFO - [2025-07-22T09:01:17.007+0000] {dagbag.py:545} INFO - Filling up the DagBag from /home/airflow/.local/lib/python3.12/site-packages/airflow/example_dags/tutorial_dag.py
[2025-07-22T09:01:17.013+0000] {processor.py:840} INFO - DAG(s) 'tutorial_dag' retrieved from /home/airflow/.local/lib/python3.12/site-packages/airflow/example_dags/tutorial_dag.py
[2025-07-22T09:01:17.033+0000] {logging_mixin.py:188} INFO - [2025-07-22T09:01:17.033+0000] {dag.py:3096} INFO - Sync 1 DAGs
[2025-07-22T09:01:17.047+0000] {logging_mixin.py:188} INFO - [2025-07-22T09:01:17.047+0000] {dag.py:3954} INFO - Setting next_dagrun for tutorial_dag to None, run_after=None
[2025-07-22T09:01:17.068+0000] {processor.py:183} INFO - Processing /home/airflow/.local/lib/python3.12/site-packages/airflow/example_dags/tutorial_dag.py took 0.072 seconds
[2025-07-22T09:01:47.279+0000] {processor.py:161} INFO - Started process (PID=1213) to work on /home/airflow/.local/lib/python3.12/site-packages/airflow/example_dags/tutorial_dag.py
[2025-07-22T09:01:47.280+0000] {processor.py:830} INFO - Processing file /home/airflow/.local/lib/python3.12/site-packages/airflow/example_dags/tutorial_dag.py for tasks to queue
[2025-07-22T09:01:47.282+0000] {logging_mixin.py:188} INFO - [2025-07-22T09:01:47.282+0000] {dagbag.py:545} INFO - Filling up the DagBag from /home/airflow/.local/lib/python3.12/site-packages/airflow/example_dags/tutorial_dag.py
[2025-07-22T09:01:47.288+0000] {processor.py:840} INFO - DAG(s) 'tutorial_dag' retrieved from /home/airflow/.local/lib/python3.12/site-packages/airflow/example_dags/tutorial_dag.py
[2025-07-22T09:01:47.309+0000] {logging_mixin.py:188} INFO - [2025-07-22T09:01:47.308+0000] {dag.py:3096} INFO - Sync 1 DAGs
[2025-07-22T09:01:47.322+0000] {logging_mixin.py:188} INFO - [2025-07-22T09:01:47.322+0000] {dag.py:3954} INFO - Setting next_dagrun for tutorial_dag to None, run_after=None
[2025-07-22T09:01:47.343+0000] {processor.py:183} INFO - Processing /home/airflow/.local/lib/python3.12/site-packages/airflow/example_dags/tutorial_dag.py took 0.071 seconds
[2025-07-22T09:02:17.460+0000] {processor.py:161} INFO - Started process (PID=1273) to work on /home/airflow/.local/lib/python3.12/site-packages/airflow/example_dags/tutorial_dag.py
[2025-07-22T09:02:17.461+0000] {processor.py:830} INFO - Processing file /home/airflow/.local/lib/python3.12/site-packages/airflow/example_dags/tutorial_dag.py for tasks to queue
[2025-07-22T09:02:17.463+0000] {logging_mixin.py:188} INFO - [2025-07-22T09:02:17.463+0000] {dagbag.py:545} INFO - Filling up the DagBag from /home/airflow/.local/lib/python3.12/site-packages/airflow/example_dags/tutorial_dag.py
[2025-07-22T09:02:17.469+0000] {processor.py:840} INFO - DAG(s) 'tutorial_dag' retrieved from /home/airflow/.local/lib/python3.12/site-packages/airflow/example_dags/tutorial_dag.py
[2025-07-22T09:02:17.490+0000] {logging_mixin.py:188} INFO - [2025-07-22T09:02:17.489+0000] {dag.py:3096} INFO - Sync 1 DAGs
[2025-07-22T09:02:17.503+0000] {logging_mixin.py:188} INFO - [2025-07-22T09:02:17.503+0000] {dag.py:3954} INFO - Setting next_dagrun for tutorial_dag to None, run_after=None
[2025-07-22T09:02:17.523+0000] {processor.py:183} INFO - Processing /home/airflow/.local/lib/python3.12/site-packages/airflow/example_dags/tutorial_dag.py took 0.070 seconds
[2025-07-22T09:02:48.039+0000] {processor.py:161} INFO - Started process (PID=1333) to work on /home/airflow/.local/lib/python3.12/site-packages/airflow/example_dags/tutorial_dag.py
[2025-07-22T09:02:48.040+0000] {processor.py:830} INFO - Processing file /home/airflow/.local/lib/python3.12/site-packages/airflow/example_dags/tutorial_dag.py for tasks to queue
[2025-07-22T09:02:48.042+0000] {logging_mixin.py:188} INFO - [2025-07-22T09:02:48.042+0000] {dagbag.py:545} INFO - Filling up the DagBag from /home/airflow/.local/lib/python3.12/site-packages/airflow/example_dags/tutorial_dag.py
[2025-07-22T09:02:48.048+0000] {processor.py:840} INFO - DAG(s) 'tutorial_dag' retrieved from /home/airflow/.local/lib/python3.12/site-packages/airflow/example_dags/tutorial_dag.py
[2025-07-22T09:02:48.070+0000] {logging_mixin.py:188} INFO - [2025-07-22T09:02:48.070+0000] {dag.py:3096} INFO - Sync 1 DAGs
[2025-07-22T09:02:48.084+0000] {logging_mixin.py:188} INFO - [2025-07-22T09:02:48.084+0000] {dag.py:3954} INFO - Setting next_dagrun for tutorial_dag to None, run_after=None
[2025-07-22T09:02:48.105+0000] {processor.py:183} INFO - Processing /home/airflow/.local/lib/python3.12/site-packages/airflow/example_dags/tutorial_dag.py took 0.072 seconds
[2025-07-22T09:03:18.439+0000] {processor.py:161} INFO - Started process (PID=1393) to work on /home/airflow/.local/lib/python3.12/site-packages/airflow/example_dags/tutorial_dag.py
[2025-07-22T09:03:18.440+0000] {processor.py:830} INFO - Processing file /home/airflow/.local/lib/python3.12/site-packages/airflow/example_dags/tutorial_dag.py for tasks to queue
[2025-07-22T09:03:18.442+0000] {logging_mixin.py:188} INFO - [2025-07-22T09:03:18.442+0000] {dagbag.py:545} INFO - Filling up the DagBag from /home/airflow/.local/lib/python3.12/site-packages/airflow/example_dags/tutorial_dag.py
[2025-07-22T09:03:18.449+0000] {processor.py:840} INFO - DAG(s) 'tutorial_dag' retrieved from /home/airflow/.local/lib/python3.12/site-packages/airflow/example_dags/tutorial_dag.py
[2025-07-22T09:03:18.472+0000] {logging_mixin.py:188} INFO - [2025-07-22T09:03:18.471+0000] {dag.py:3096} INFO - Sync 1 DAGs
[2025-07-22T09:03:18.486+0000] {logging_mixin.py:188} INFO - [2025-07-22T09:03:18.486+0000] {dag.py:3954} INFO - Setting next_dagrun for tutorial_dag to None, run_after=None
[2025-07-22T09:03:18.509+0000] {processor.py:183} INFO - Processing /home/airflow/.local/lib/python3.12/site-packages/airflow/example_dags/tutorial_dag.py took 0.077 seconds
[2025-07-22T09:03:48.701+0000] {processor.py:161} INFO - Started process (PID=1453) to work on /home/airflow/.local/lib/python3.12/site-packages/airflow/example_dags/tutorial_dag.py
[2025-07-22T09:03:48.702+0000] {processor.py:830} INFO - Processing file /home/airflow/.local/lib/python3.12/site-packages/airflow/example_dags/tutorial_dag.py for tasks to queue
[2025-07-22T09:03:48.704+0000] {logging_mixin.py:188} INFO - [2025-07-22T09:03:48.704+0000] {dagbag.py:545} INFO - Filling up the DagBag from /home/airflow/.local/lib/python3.12/site-packages/airflow/example_dags/tutorial_dag.py
[2025-07-22T09:03:48.710+0000] {processor.py:840} INFO - DAG(s) 'tutorial_dag' retrieved from /home/airflow/.local/lib/python3.12/site-packages/airflow/example_dags/tutorial_dag.py
[2025-07-22T09:03:48.734+0000] {logging_mixin.py:188} INFO - [2025-07-22T09:03:48.734+0000] {dag.py:3096} INFO - Sync 1 DAGs
[2025-07-22T09:03:48.748+0000] {logging_mixin.py:188} INFO - [2025-07-22T09:03:48.748+0000] {dag.py:3954} INFO - Setting next_dagrun for tutorial_dag to None, run_after=None
[2025-07-22T09:03:48.770+0000] {processor.py:183} INFO - Processing /home/airflow/.local/lib/python3.12/site-packages/airflow/example_dags/tutorial_dag.py took 0.076 seconds
[2025-07-22T09:04:19.294+0000] {processor.py:161} INFO - Started process (PID=1513) to work on /home/airflow/.local/lib/python3.12/site-packages/airflow/example_dags/tutorial_dag.py
[2025-07-22T09:04:19.296+0000] {processor.py:830} INFO - Processing file /home/airflow/.local/lib/python3.12/site-packages/airflow/example_dags/tutorial_dag.py for tasks to queue
[2025-07-22T09:04:19.299+0000] {logging_mixin.py:188} INFO - [2025-07-22T09:04:19.299+0000] {dagbag.py:545} INFO - Filling up the DagBag from /home/airflow/.local/lib/python3.12/site-packages/airflow/example_dags/tutorial_dag.py
[2025-07-22T09:04:19.307+0000] {processor.py:840} INFO - DAG(s) 'tutorial_dag' retrieved from /home/airflow/.local/lib/python3.12/site-packages/airflow/example_dags/tutorial_dag.py
[2025-07-22T09:04:19.337+0000] {logging_mixin.py:188} INFO - [2025-07-22T09:04:19.337+0000] {dag.py:3096} INFO - Sync 1 DAGs
[2025-07-22T09:04:19.356+0000] {logging_mixin.py:188} INFO - [2025-07-22T09:04:19.356+0000] {dag.py:3954} INFO - Setting next_dagrun for tutorial_dag to None, run_after=None
[2025-07-22T09:04:19.391+0000] {processor.py:183} INFO - Processing /home/airflow/.local/lib/python3.12/site-packages/airflow/example_dags/tutorial_dag.py took 0.106 seconds
[2025-07-22T09:04:49.851+0000] {processor.py:161} INFO - Started process (PID=1573) to work on /home/airflow/.local/lib/python3.12/site-packages/airflow/example_dags/tutorial_dag.py
[2025-07-22T09:04:49.852+0000] {processor.py:830} INFO - Processing file /home/airflow/.local/lib/python3.12/site-packages/airflow/example_dags/tutorial_dag.py for tasks to queue
[2025-07-22T09:04:49.855+0000] {logging_mixin.py:188} INFO - [2025-07-22T09:04:49.855+0000] {dagbag.py:545} INFO - Filling up the DagBag from /home/airflow/.local/lib/python3.12/site-packages/airflow/example_dags/tutorial_dag.py
[2025-07-22T09:04:49.862+0000] {processor.py:840} INFO - DAG(s) 'tutorial_dag' retrieved from /home/airflow/.local/lib/python3.12/site-packages/airflow/example_dags/tutorial_dag.py
[2025-07-22T09:04:49.888+0000] {logging_mixin.py:188} INFO - [2025-07-22T09:04:49.888+0000] {dag.py:3096} INFO - Sync 1 DAGs
[2025-07-22T09:04:49.904+0000] {logging_mixin.py:188} INFO - [2025-07-22T09:04:49.904+0000] {dag.py:3954} INFO - Setting next_dagrun for tutorial_dag to None, run_after=None
[2025-07-22T09:04:49.929+0000] {processor.py:183} INFO - Processing /home/airflow/.local/lib/python3.12/site-packages/airflow/example_dags/tutorial_dag.py took 0.086 seconds
[2025-07-22T09:05:20.740+0000] {processor.py:161} INFO - Started process (PID=1633) to work on /home/airflow/.local/lib/python3.12/site-packages/airflow/example_dags/tutorial_dag.py
[2025-07-22T09:05:20.742+0000] {processor.py:830} INFO - Processing file /home/airflow/.local/lib/python3.12/site-packages/airflow/example_dags/tutorial_dag.py for tasks to queue
[2025-07-22T09:05:20.744+0000] {logging_mixin.py:188} INFO - [2025-07-22T09:05:20.744+0000] {dagbag.py:545} INFO - Filling up the DagBag from /home/airflow/.local/lib/python3.12/site-packages/airflow/example_dags/tutorial_dag.py
[2025-07-22T09:05:20.752+0000] {processor.py:840} INFO - DAG(s) 'tutorial_dag' retrieved from /home/airflow/.local/lib/python3.12/site-packages/airflow/example_dags/tutorial_dag.py
[2025-07-22T09:05:20.780+0000] {logging_mixin.py:188} INFO - [2025-07-22T09:05:20.780+0000] {dag.py:3096} INFO - Sync 1 DAGs
[2025-07-22T09:05:20.797+0000] {logging_mixin.py:188} INFO - [2025-07-22T09:05:20.797+0000] {dag.py:3954} INFO - Setting next_dagrun for tutorial_dag to None, run_after=None
[2025-07-22T09:05:20.820+0000] {processor.py:183} INFO - Processing /home/airflow/.local/lib/python3.12/site-packages/airflow/example_dags/tutorial_dag.py took 0.088 seconds
[2025-07-22T09:05:50.996+0000] {processor.py:161} INFO - Started process (PID=1693) to work on /home/airflow/.local/lib/python3.12/site-packages/airflow/example_dags/tutorial_dag.py
[2025-07-22T09:05:50.998+0000] {processor.py:830} INFO - Processing file /home/airflow/.local/lib/python3.12/site-packages/airflow/example_dags/tutorial_dag.py for tasks to queue
[2025-07-22T09:05:51.000+0000] {logging_mixin.py:188} INFO - [2025-07-22T09:05:51.000+0000] {dagbag.py:545} INFO - Filling up the DagBag from /home/airflow/.local/lib/python3.12/site-packages/airflow/example_dags/tutorial_dag.py
[2025-07-22T09:05:51.006+0000] {processor.py:840} INFO - DAG(s) 'tutorial_dag' retrieved from /home/airflow/.local/lib/python3.12/site-packages/airflow/example_dags/tutorial_dag.py
[2025-07-22T09:05:51.028+0000] {logging_mixin.py:188} INFO - [2025-07-22T09:05:51.028+0000] {dag.py:3096} INFO - Sync 1 DAGs
[2025-07-22T09:05:51.043+0000] {logging_mixin.py:188} INFO - [2025-07-22T09:05:51.042+0000] {dag.py:3954} INFO - Setting next_dagrun for tutorial_dag to None, run_after=None
[2025-07-22T09:05:51.063+0000] {processor.py:183} INFO - Processing /home/airflow/.local/lib/python3.12/site-packages/airflow/example_dags/tutorial_dag.py took 0.075 seconds
[2025-07-22T09:06:21.505+0000] {processor.py:161} INFO - Started process (PID=1753) to work on /home/airflow/.local/lib/python3.12/site-packages/airflow/example_dags/tutorial_dag.py
[2025-07-22T09:06:21.507+0000] {processor.py:830} INFO - Processing file /home/airflow/.local/lib/python3.12/site-packages/airflow/example_dags/tutorial_dag.py for tasks to queue
[2025-07-22T09:06:21.510+0000] {logging_mixin.py:188} INFO - [2025-07-22T09:06:21.509+0000] {dagbag.py:545} INFO - Filling up the DagBag from /home/airflow/.local/lib/python3.12/site-packages/airflow/example_dags/tutorial_dag.py
[2025-07-22T09:06:21.517+0000] {processor.py:840} INFO - DAG(s) 'tutorial_dag' retrieved from /home/airflow/.local/lib/python3.12/site-packages/airflow/example_dags/tutorial_dag.py
[2025-07-22T09:06:21.544+0000] {logging_mixin.py:188} INFO - [2025-07-22T09:06:21.543+0000] {dag.py:3096} INFO - Sync 1 DAGs
[2025-07-22T09:06:21.560+0000] {logging_mixin.py:188} INFO - [2025-07-22T09:06:21.560+0000] {dag.py:3954} INFO - Setting next_dagrun for tutorial_dag to None, run_after=None
[2025-07-22T09:06:21.587+0000] {processor.py:183} INFO - Processing /home/airflow/.local/lib/python3.12/site-packages/airflow/example_dags/tutorial_dag.py took 0.089 seconds
[2025-07-22T09:06:51.752+0000] {processor.py:161} INFO - Started process (PID=1813) to work on /home/airflow/.local/lib/python3.12/site-packages/airflow/example_dags/tutorial_dag.py
[2025-07-22T09:06:51.753+0000] {processor.py:830} INFO - Processing file /home/airflow/.local/lib/python3.12/site-packages/airflow/example_dags/tutorial_dag.py for tasks to queue
[2025-07-22T09:06:51.756+0000] {logging_mixin.py:188} INFO - [2025-07-22T09:06:51.755+0000] {dagbag.py:545} INFO - Filling up the DagBag from /home/airflow/.local/lib/python3.12/site-packages/airflow/example_dags/tutorial_dag.py
[2025-07-22T09:06:51.763+0000] {processor.py:840} INFO - DAG(s) 'tutorial_dag' retrieved from /home/airflow/.local/lib/python3.12/site-packages/airflow/example_dags/tutorial_dag.py
[2025-07-22T09:06:51.790+0000] {logging_mixin.py:188} INFO - [2025-07-22T09:06:51.789+0000] {dag.py:3096} INFO - Sync 1 DAGs
[2025-07-22T09:06:51.807+0000] {logging_mixin.py:188} INFO - [2025-07-22T09:06:51.807+0000] {dag.py:3954} INFO - Setting next_dagrun for tutorial_dag to None, run_after=None
[2025-07-22T09:06:51.834+0000] {processor.py:183} INFO - Processing /home/airflow/.local/lib/python3.12/site-packages/airflow/example_dags/tutorial_dag.py took 0.091 seconds
[2025-07-22T09:07:22.789+0000] {processor.py:161} INFO - Started process (PID=1873) to work on /home/airflow/.local/lib/python3.12/site-packages/airflow/example_dags/tutorial_dag.py
[2025-07-22T09:07:22.791+0000] {processor.py:830} INFO - Processing file /home/airflow/.local/lib/python3.12/site-packages/airflow/example_dags/tutorial_dag.py for tasks to queue
[2025-07-22T09:07:22.794+0000] {logging_mixin.py:188} INFO - [2025-07-22T09:07:22.794+0000] {dagbag.py:545} INFO - Filling up the DagBag from /home/airflow/.local/lib/python3.12/site-packages/airflow/example_dags/tutorial_dag.py
[2025-07-22T09:07:22.808+0000] {processor.py:840} INFO - DAG(s) 'tutorial_dag' retrieved from /home/airflow/.local/lib/python3.12/site-packages/airflow/example_dags/tutorial_dag.py
[2025-07-22T09:07:22.874+0000] {logging_mixin.py:188} INFO - [2025-07-22T09:07:22.874+0000] {dag.py:3096} INFO - Sync 1 DAGs
[2025-07-22T09:07:22.908+0000] {logging_mixin.py:188} INFO - [2025-07-22T09:07:22.907+0000] {dag.py:3954} INFO - Setting next_dagrun for tutorial_dag to None, run_after=None
[2025-07-22T09:07:22.963+0000] {processor.py:183} INFO - Processing /home/airflow/.local/lib/python3.12/site-packages/airflow/example_dags/tutorial_dag.py took 0.189 seconds
[2025-07-22T09:07:54.906+0000] {processor.py:161} INFO - Started process (PID=1933) to work on /home/airflow/.local/lib/python3.12/site-packages/airflow/example_dags/tutorial_dag.py
[2025-07-22T09:07:54.908+0000] {processor.py:830} INFO - Processing file /home/airflow/.local/lib/python3.12/site-packages/airflow/example_dags/tutorial_dag.py for tasks to queue
[2025-07-22T09:07:54.912+0000] {logging_mixin.py:188} INFO - [2025-07-22T09:07:54.911+0000] {dagbag.py:545} INFO - Filling up the DagBag from /home/airflow/.local/lib/python3.12/site-packages/airflow/example_dags/tutorial_dag.py
[2025-07-22T09:07:54.920+0000] {processor.py:840} INFO - DAG(s) 'tutorial_dag' retrieved from /home/airflow/.local/lib/python3.12/site-packages/airflow/example_dags/tutorial_dag.py
[2025-07-22T09:07:54.947+0000] {logging_mixin.py:188} INFO - [2025-07-22T09:07:54.947+0000] {dag.py:3096} INFO - Sync 1 DAGs
[2025-07-22T09:07:54.971+0000] {logging_mixin.py:188} INFO - [2025-07-22T09:07:54.970+0000] {dag.py:3954} INFO - Setting next_dagrun for tutorial_dag to None, run_after=None
[2025-07-22T09:07:55.009+0000] {processor.py:183} INFO - Processing /home/airflow/.local/lib/python3.12/site-packages/airflow/example_dags/tutorial_dag.py took 0.111 seconds
[2025-07-22T09:08:25.541+0000] {processor.py:161} INFO - Started process (PID=1993) to work on /home/airflow/.local/lib/python3.12/site-packages/airflow/example_dags/tutorial_dag.py
[2025-07-22T09:08:25.543+0000] {processor.py:830} INFO - Processing file /home/airflow/.local/lib/python3.12/site-packages/airflow/example_dags/tutorial_dag.py for tasks to queue
[2025-07-22T09:08:25.546+0000] {logging_mixin.py:188} INFO - [2025-07-22T09:08:25.545+0000] {dagbag.py:545} INFO - Filling up the DagBag from /home/airflow/.local/lib/python3.12/site-packages/airflow/example_dags/tutorial_dag.py
[2025-07-22T09:08:25.555+0000] {processor.py:840} INFO - DAG(s) 'tutorial_dag' retrieved from /home/airflow/.local/lib/python3.12/site-packages/airflow/example_dags/tutorial_dag.py
[2025-07-22T09:08:25.586+0000] {logging_mixin.py:188} INFO - [2025-07-22T09:08:25.586+0000] {dag.py:3096} INFO - Sync 1 DAGs
[2025-07-22T09:08:25.607+0000] {logging_mixin.py:188} INFO - [2025-07-22T09:08:25.606+0000] {dag.py:3954} INFO - Setting next_dagrun for tutorial_dag to None, run_after=None
[2025-07-22T09:08:25.640+0000] {processor.py:183} INFO - Processing /home/airflow/.local/lib/python3.12/site-packages/airflow/example_dags/tutorial_dag.py took 0.108 seconds
[2025-07-22T09:08:56.780+0000] {processor.py:161} INFO - Started process (PID=2053) to work on /home/airflow/.local/lib/python3.12/site-packages/airflow/example_dags/tutorial_dag.py
[2025-07-22T09:08:56.781+0000] {processor.py:830} INFO - Processing file /home/airflow/.local/lib/python3.12/site-packages/airflow/example_dags/tutorial_dag.py for tasks to queue
[2025-07-22T09:08:56.784+0000] {logging_mixin.py:188} INFO - [2025-07-22T09:08:56.783+0000] {dagbag.py:545} INFO - Filling up the DagBag from /home/airflow/.local/lib/python3.12/site-packages/airflow/example_dags/tutorial_dag.py
[2025-07-22T09:08:56.791+0000] {processor.py:840} INFO - DAG(s) 'tutorial_dag' retrieved from /home/airflow/.local/lib/python3.12/site-packages/airflow/example_dags/tutorial_dag.py
[2025-07-22T09:08:56.818+0000] {logging_mixin.py:188} INFO - [2025-07-22T09:08:56.818+0000] {dag.py:3096} INFO - Sync 1 DAGs
[2025-07-22T09:08:56.838+0000] {logging_mixin.py:188} INFO - [2025-07-22T09:08:56.838+0000] {dag.py:3954} INFO - Setting next_dagrun for tutorial_dag to None, run_after=None
[2025-07-22T09:08:56.869+0000] {processor.py:183} INFO - Processing /home/airflow/.local/lib/python3.12/site-packages/airflow/example_dags/tutorial_dag.py took 0.101 seconds
[2025-07-22T09:09:28.014+0000] {processor.py:161} INFO - Started process (PID=2113) to work on /home/airflow/.local/lib/python3.12/site-packages/airflow/example_dags/tutorial_dag.py
[2025-07-22T09:09:28.016+0000] {processor.py:830} INFO - Processing file /home/airflow/.local/lib/python3.12/site-packages/airflow/example_dags/tutorial_dag.py for tasks to queue
[2025-07-22T09:09:28.019+0000] {logging_mixin.py:188} INFO - [2025-07-22T09:09:28.018+0000] {dagbag.py:545} INFO - Filling up the DagBag from /home/airflow/.local/lib/python3.12/site-packages/airflow/example_dags/tutorial_dag.py
[2025-07-22T09:09:28.026+0000] {processor.py:840} INFO - DAG(s) 'tutorial_dag' retrieved from /home/airflow/.local/lib/python3.12/site-packages/airflow/example_dags/tutorial_dag.py
[2025-07-22T09:09:28.051+0000] {logging_mixin.py:188} INFO - [2025-07-22T09:09:28.050+0000] {dag.py:3096} INFO - Sync 1 DAGs
[2025-07-22T09:09:28.211+0000] {logging_mixin.py:188} INFO - [2025-07-22T09:09:28.211+0000] {dag.py:3954} INFO - Setting next_dagrun for tutorial_dag to None, run_after=None
[2025-07-22T09:09:28.236+0000] {processor.py:183} INFO - Processing /home/airflow/.local/lib/python3.12/site-packages/airflow/example_dags/tutorial_dag.py took 0.230 seconds
[2025-07-22T09:09:58.278+0000] {processor.py:161} INFO - Started process (PID=2173) to work on /home/airflow/.local/lib/python3.12/site-packages/airflow/example_dags/tutorial_dag.py
[2025-07-22T09:09:58.280+0000] {processor.py:830} INFO - Processing file /home/airflow/.local/lib/python3.12/site-packages/airflow/example_dags/tutorial_dag.py for tasks to queue
[2025-07-22T09:09:58.282+0000] {logging_mixin.py:188} INFO - [2025-07-22T09:09:58.281+0000] {dagbag.py:545} INFO - Filling up the DagBag from /home/airflow/.local/lib/python3.12/site-packages/airflow/example_dags/tutorial_dag.py
[2025-07-22T09:09:58.288+0000] {processor.py:840} INFO - DAG(s) 'tutorial_dag' retrieved from /home/airflow/.local/lib/python3.12/site-packages/airflow/example_dags/tutorial_dag.py
[2025-07-22T09:09:58.312+0000] {logging_mixin.py:188} INFO - [2025-07-22T09:09:58.312+0000] {dag.py:3096} INFO - Sync 1 DAGs
[2025-07-22T09:09:58.327+0000] {logging_mixin.py:188} INFO - [2025-07-22T09:09:58.327+0000] {dag.py:3954} INFO - Setting next_dagrun for tutorial_dag to None, run_after=None
[2025-07-22T09:09:58.351+0000] {processor.py:183} INFO - Processing /home/airflow/.local/lib/python3.12/site-packages/airflow/example_dags/tutorial_dag.py took 0.079 seconds
[2025-07-22T09:10:28.499+0000] {processor.py:161} INFO - Started process (PID=2232) to work on /home/airflow/.local/lib/python3.12/site-packages/airflow/example_dags/tutorial_dag.py
[2025-07-22T09:10:28.500+0000] {processor.py:830} INFO - Processing file /home/airflow/.local/lib/python3.12/site-packages/airflow/example_dags/tutorial_dag.py for tasks to queue
[2025-07-22T09:10:28.502+0000] {logging_mixin.py:188} INFO - [2025-07-22T09:10:28.502+0000] {dagbag.py:545} INFO - Filling up the DagBag from /home/airflow/.local/lib/python3.12/site-packages/airflow/example_dags/tutorial_dag.py
[2025-07-22T09:10:28.508+0000] {processor.py:840} INFO - DAG(s) 'tutorial_dag' retrieved from /home/airflow/.local/lib/python3.12/site-packages/airflow/example_dags/tutorial_dag.py
[2025-07-22T09:10:28.530+0000] {logging_mixin.py:188} INFO - [2025-07-22T09:10:28.530+0000] {dag.py:3096} INFO - Sync 1 DAGs
[2025-07-22T09:10:28.545+0000] {logging_mixin.py:188} INFO - [2025-07-22T09:10:28.544+0000] {dag.py:3954} INFO - Setting next_dagrun for tutorial_dag to None, run_after=None
[2025-07-22T09:10:28.567+0000] {processor.py:183} INFO - Processing /home/airflow/.local/lib/python3.12/site-packages/airflow/example_dags/tutorial_dag.py took 0.075 seconds
[2025-07-22T09:10:58.885+0000] {processor.py:161} INFO - Started process (PID=2292) to work on /home/airflow/.local/lib/python3.12/site-packages/airflow/example_dags/tutorial_dag.py
[2025-07-22T09:10:58.887+0000] {processor.py:830} INFO - Processing file /home/airflow/.local/lib/python3.12/site-packages/airflow/example_dags/tutorial_dag.py for tasks to queue
[2025-07-22T09:10:58.889+0000] {logging_mixin.py:188} INFO - [2025-07-22T09:10:58.888+0000] {dagbag.py:545} INFO - Filling up the DagBag from /home/airflow/.local/lib/python3.12/site-packages/airflow/example_dags/tutorial_dag.py
[2025-07-22T09:10:58.895+0000] {processor.py:840} INFO - DAG(s) 'tutorial_dag' retrieved from /home/airflow/.local/lib/python3.12/site-packages/airflow/example_dags/tutorial_dag.py
[2025-07-22T09:10:58.917+0000] {logging_mixin.py:188} INFO - [2025-07-22T09:10:58.917+0000] {dag.py:3096} INFO - Sync 1 DAGs
[2025-07-22T09:10:58.930+0000] {logging_mixin.py:188} INFO - [2025-07-22T09:10:58.930+0000] {dag.py:3954} INFO - Setting next_dagrun for tutorial_dag to None, run_after=None
[2025-07-22T09:10:58.953+0000] {processor.py:183} INFO - Processing /home/airflow/.local/lib/python3.12/site-packages/airflow/example_dags/tutorial_dag.py took 0.074 seconds
[2025-07-22T09:11:29.611+0000] {processor.py:161} INFO - Started process (PID=2352) to work on /home/airflow/.local/lib/python3.12/site-packages/airflow/example_dags/tutorial_dag.py
[2025-07-22T09:11:29.613+0000] {processor.py:830} INFO - Processing file /home/airflow/.local/lib/python3.12/site-packages/airflow/example_dags/tutorial_dag.py for tasks to queue
[2025-07-22T09:11:29.616+0000] {logging_mixin.py:188} INFO - [2025-07-22T09:11:29.615+0000] {dagbag.py:545} INFO - Filling up the DagBag from /home/airflow/.local/lib/python3.12/site-packages/airflow/example_dags/tutorial_dag.py
[2025-07-22T09:11:29.623+0000] {processor.py:840} INFO - DAG(s) 'tutorial_dag' retrieved from /home/airflow/.local/lib/python3.12/site-packages/airflow/example_dags/tutorial_dag.py
[2025-07-22T09:11:29.649+0000] {logging_mixin.py:188} INFO - [2025-07-22T09:11:29.648+0000] {dag.py:3096} INFO - Sync 1 DAGs
[2025-07-22T09:11:29.666+0000] {logging_mixin.py:188} INFO - [2025-07-22T09:11:29.665+0000] {dag.py:3954} INFO - Setting next_dagrun for tutorial_dag to None, run_after=None
[2025-07-22T09:11:29.691+0000] {processor.py:183} INFO - Processing /home/airflow/.local/lib/python3.12/site-packages/airflow/example_dags/tutorial_dag.py took 0.087 seconds
[2025-07-22T09:12:00.048+0000] {processor.py:161} INFO - Started process (PID=2413) to work on /home/airflow/.local/lib/python3.12/site-packages/airflow/example_dags/tutorial_dag.py
[2025-07-22T09:12:00.049+0000] {processor.py:830} INFO - Processing file /home/airflow/.local/lib/python3.12/site-packages/airflow/example_dags/tutorial_dag.py for tasks to queue
[2025-07-22T09:12:00.052+0000] {logging_mixin.py:188} INFO - [2025-07-22T09:12:00.051+0000] {dagbag.py:545} INFO - Filling up the DagBag from /home/airflow/.local/lib/python3.12/site-packages/airflow/example_dags/tutorial_dag.py
[2025-07-22T09:12:00.058+0000] {processor.py:840} INFO - DAG(s) 'tutorial_dag' retrieved from /home/airflow/.local/lib/python3.12/site-packages/airflow/example_dags/tutorial_dag.py
[2025-07-22T09:12:00.082+0000] {logging_mixin.py:188} INFO - [2025-07-22T09:12:00.082+0000] {dag.py:3096} INFO - Sync 1 DAGs
[2025-07-22T09:12:00.105+0000] {logging_mixin.py:188} INFO - [2025-07-22T09:12:00.105+0000] {dag.py:3954} INFO - Setting next_dagrun for tutorial_dag to None, run_after=None
[2025-07-22T09:12:00.135+0000] {processor.py:183} INFO - Processing /home/airflow/.local/lib/python3.12/site-packages/airflow/example_dags/tutorial_dag.py took 0.098 seconds
[2025-07-22T09:12:31.058+0000] {processor.py:161} INFO - Started process (PID=2473) to work on /home/airflow/.local/lib/python3.12/site-packages/airflow/example_dags/tutorial_dag.py
[2025-07-22T09:12:31.060+0000] {processor.py:830} INFO - Processing file /home/airflow/.local/lib/python3.12/site-packages/airflow/example_dags/tutorial_dag.py for tasks to queue
[2025-07-22T09:12:31.062+0000] {logging_mixin.py:188} INFO - [2025-07-22T09:12:31.062+0000] {dagbag.py:545} INFO - Filling up the DagBag from /home/airflow/.local/lib/python3.12/site-packages/airflow/example_dags/tutorial_dag.py
[2025-07-22T09:12:31.070+0000] {processor.py:840} INFO - DAG(s) 'tutorial_dag' retrieved from /home/airflow/.local/lib/python3.12/site-packages/airflow/example_dags/tutorial_dag.py
[2025-07-22T09:12:31.097+0000] {logging_mixin.py:188} INFO - [2025-07-22T09:12:31.097+0000] {dag.py:3096} INFO - Sync 1 DAGs
[2025-07-22T09:12:31.116+0000] {logging_mixin.py:188} INFO - [2025-07-22T09:12:31.116+0000] {dag.py:3954} INFO - Setting next_dagrun for tutorial_dag to None, run_after=None
[2025-07-22T09:12:31.144+0000] {processor.py:183} INFO - Processing /home/airflow/.local/lib/python3.12/site-packages/airflow/example_dags/tutorial_dag.py took 0.093 seconds
[2025-07-22T09:13:01.283+0000] {processor.py:161} INFO - Started process (PID=2531) to work on /home/airflow/.local/lib/python3.12/site-packages/airflow/example_dags/tutorial_dag.py
[2025-07-22T09:13:01.284+0000] {processor.py:830} INFO - Processing file /home/airflow/.local/lib/python3.12/site-packages/airflow/example_dags/tutorial_dag.py for tasks to queue
[2025-07-22T09:13:01.287+0000] {logging_mixin.py:188} INFO - [2025-07-22T09:13:01.286+0000] {dagbag.py:545} INFO - Filling up the DagBag from /home/airflow/.local/lib/python3.12/site-packages/airflow/example_dags/tutorial_dag.py
[2025-07-22T09:13:01.293+0000] {processor.py:840} INFO - DAG(s) 'tutorial_dag' retrieved from /home/airflow/.local/lib/python3.12/site-packages/airflow/example_dags/tutorial_dag.py
[2025-07-22T09:13:01.323+0000] {logging_mixin.py:188} INFO - [2025-07-22T09:13:01.323+0000] {dag.py:3096} INFO - Sync 1 DAGs
[2025-07-22T09:13:01.338+0000] {logging_mixin.py:188} INFO - [2025-07-22T09:13:01.338+0000] {dag.py:3954} INFO - Setting next_dagrun for tutorial_dag to None, run_after=None
[2025-07-22T09:13:01.362+0000] {processor.py:183} INFO - Processing /home/airflow/.local/lib/python3.12/site-packages/airflow/example_dags/tutorial_dag.py took 0.087 seconds
[2025-07-22T09:13:31.489+0000] {processor.py:161} INFO - Started process (PID=2591) to work on /home/airflow/.local/lib/python3.12/site-packages/airflow/example_dags/tutorial_dag.py
[2025-07-22T09:13:31.490+0000] {processor.py:830} INFO - Processing file /home/airflow/.local/lib/python3.12/site-packages/airflow/example_dags/tutorial_dag.py for tasks to queue
[2025-07-22T09:13:31.493+0000] {logging_mixin.py:188} INFO - [2025-07-22T09:13:31.493+0000] {dagbag.py:545} INFO - Filling up the DagBag from /home/airflow/.local/lib/python3.12/site-packages/airflow/example_dags/tutorial_dag.py
[2025-07-22T09:13:31.501+0000] {processor.py:840} INFO - DAG(s) 'tutorial_dag' retrieved from /home/airflow/.local/lib/python3.12/site-packages/airflow/example_dags/tutorial_dag.py
[2025-07-22T09:13:31.523+0000] {logging_mixin.py:188} INFO - [2025-07-22T09:13:31.522+0000] {dag.py:3096} INFO - Sync 1 DAGs
[2025-07-22T09:13:31.536+0000] {logging_mixin.py:188} INFO - [2025-07-22T09:13:31.536+0000] {dag.py:3954} INFO - Setting next_dagrun for tutorial_dag to None, run_after=None
[2025-07-22T09:13:31.559+0000] {processor.py:183} INFO - Processing /home/airflow/.local/lib/python3.12/site-packages/airflow/example_dags/tutorial_dag.py took 0.077 seconds
[2025-07-22T09:14:01.666+0000] {processor.py:161} INFO - Started process (PID=2651) to work on /home/airflow/.local/lib/python3.12/site-packages/airflow/example_dags/tutorial_dag.py
[2025-07-22T09:14:01.667+0000] {processor.py:830} INFO - Processing file /home/airflow/.local/lib/python3.12/site-packages/airflow/example_dags/tutorial_dag.py for tasks to queue
[2025-07-22T09:14:01.669+0000] {logging_mixin.py:188} INFO - [2025-07-22T09:14:01.669+0000] {dagbag.py:545} INFO - Filling up the DagBag from /home/airflow/.local/lib/python3.12/site-packages/airflow/example_dags/tutorial_dag.py
[2025-07-22T09:14:01.675+0000] {processor.py:840} INFO - DAG(s) 'tutorial_dag' retrieved from /home/airflow/.local/lib/python3.12/site-packages/airflow/example_dags/tutorial_dag.py
[2025-07-22T09:14:01.697+0000] {logging_mixin.py:188} INFO - [2025-07-22T09:14:01.697+0000] {dag.py:3096} INFO - Sync 1 DAGs
[2025-07-22T09:14:01.713+0000] {logging_mixin.py:188} INFO - [2025-07-22T09:14:01.713+0000] {dag.py:3954} INFO - Setting next_dagrun for tutorial_dag to None, run_after=None
[2025-07-22T09:14:01.737+0000] {processor.py:183} INFO - Processing /home/airflow/.local/lib/python3.12/site-packages/airflow/example_dags/tutorial_dag.py took 0.078 seconds
[2025-07-22T09:14:31.960+0000] {processor.py:161} INFO - Started process (PID=2712) to work on /home/airflow/.local/lib/python3.12/site-packages/airflow/example_dags/tutorial_dag.py
[2025-07-22T09:14:31.961+0000] {processor.py:830} INFO - Processing file /home/airflow/.local/lib/python3.12/site-packages/airflow/example_dags/tutorial_dag.py for tasks to queue
[2025-07-22T09:14:31.963+0000] {logging_mixin.py:188} INFO - [2025-07-22T09:14:31.963+0000] {dagbag.py:545} INFO - Filling up the DagBag from /home/airflow/.local/lib/python3.12/site-packages/airflow/example_dags/tutorial_dag.py
[2025-07-22T09:14:31.971+0000] {processor.py:840} INFO - DAG(s) 'tutorial_dag' retrieved from /home/airflow/.local/lib/python3.12/site-packages/airflow/example_dags/tutorial_dag.py
[2025-07-22T09:14:31.996+0000] {logging_mixin.py:188} INFO - [2025-07-22T09:14:31.995+0000] {dag.py:3096} INFO - Sync 1 DAGs
[2025-07-22T09:14:32.018+0000] {logging_mixin.py:188} INFO - [2025-07-22T09:14:32.018+0000] {dag.py:3954} INFO - Setting next_dagrun for tutorial_dag to None, run_after=None
[2025-07-22T09:14:32.047+0000] {processor.py:183} INFO - Processing /home/airflow/.local/lib/python3.12/site-packages/airflow/example_dags/tutorial_dag.py took 0.095 seconds
[2025-07-22T09:15:02.307+0000] {processor.py:161} INFO - Started process (PID=2772) to work on /home/airflow/.local/lib/python3.12/site-packages/airflow/example_dags/tutorial_dag.py
[2025-07-22T09:15:02.308+0000] {processor.py:830} INFO - Processing file /home/airflow/.local/lib/python3.12/site-packages/airflow/example_dags/tutorial_dag.py for tasks to queue
[2025-07-22T09:15:02.311+0000] {logging_mixin.py:188} INFO - [2025-07-22T09:15:02.310+0000] {dagbag.py:545} INFO - Filling up the DagBag from /home/airflow/.local/lib/python3.12/site-packages/airflow/example_dags/tutorial_dag.py
[2025-07-22T09:15:02.316+0000] {processor.py:840} INFO - DAG(s) 'tutorial_dag' retrieved from /home/airflow/.local/lib/python3.12/site-packages/airflow/example_dags/tutorial_dag.py
[2025-07-22T09:15:02.338+0000] {logging_mixin.py:188} INFO - [2025-07-22T09:15:02.338+0000] {dag.py:3096} INFO - Sync 1 DAGs
[2025-07-22T09:15:02.353+0000] {logging_mixin.py:188} INFO - [2025-07-22T09:15:02.352+0000] {dag.py:3954} INFO - Setting next_dagrun for tutorial_dag to None, run_after=None
[2025-07-22T09:15:02.376+0000] {processor.py:183} INFO - Processing /home/airflow/.local/lib/python3.12/site-packages/airflow/example_dags/tutorial_dag.py took 0.075 seconds
[2025-07-22T09:15:32.645+0000] {processor.py:161} INFO - Started process (PID=2832) to work on /home/airflow/.local/lib/python3.12/site-packages/airflow/example_dags/tutorial_dag.py
[2025-07-22T09:15:32.647+0000] {processor.py:830} INFO - Processing file /home/airflow/.local/lib/python3.12/site-packages/airflow/example_dags/tutorial_dag.py for tasks to queue
[2025-07-22T09:15:32.651+0000] {logging_mixin.py:188} INFO - [2025-07-22T09:15:32.650+0000] {dagbag.py:545} INFO - Filling up the DagBag from /home/airflow/.local/lib/python3.12/site-packages/airflow/example_dags/tutorial_dag.py
[2025-07-22T09:15:32.663+0000] {processor.py:840} INFO - DAG(s) 'tutorial_dag' retrieved from /home/airflow/.local/lib/python3.12/site-packages/airflow/example_dags/tutorial_dag.py
[2025-07-22T09:15:32.711+0000] {logging_mixin.py:188} INFO - [2025-07-22T09:15:32.710+0000] {dag.py:3096} INFO - Sync 1 DAGs
[2025-07-22T09:15:32.752+0000] {logging_mixin.py:188} INFO - [2025-07-22T09:15:32.751+0000] {dag.py:3954} INFO - Setting next_dagrun for tutorial_dag to None, run_after=None
[2025-07-22T09:15:32.816+0000] {processor.py:183} INFO - Processing /home/airflow/.local/lib/python3.12/site-packages/airflow/example_dags/tutorial_dag.py took 0.185 seconds
[2025-07-22T09:16:02.906+0000] {processor.py:161} INFO - Started process (PID=2892) to work on /home/airflow/.local/lib/python3.12/site-packages/airflow/example_dags/tutorial_dag.py
[2025-07-22T09:16:02.908+0000] {processor.py:830} INFO - Processing file /home/airflow/.local/lib/python3.12/site-packages/airflow/example_dags/tutorial_dag.py for tasks to queue
[2025-07-22T09:16:02.910+0000] {logging_mixin.py:188} INFO - [2025-07-22T09:16:02.909+0000] {dagbag.py:545} INFO - Filling up the DagBag from /home/airflow/.local/lib/python3.12/site-packages/airflow/example_dags/tutorial_dag.py
[2025-07-22T09:16:02.916+0000] {processor.py:840} INFO - DAG(s) 'tutorial_dag' retrieved from /home/airflow/.local/lib/python3.12/site-packages/airflow/example_dags/tutorial_dag.py
[2025-07-22T09:16:02.939+0000] {logging_mixin.py:188} INFO - [2025-07-22T09:16:02.939+0000] {dag.py:3096} INFO - Sync 1 DAGs
[2025-07-22T09:16:02.956+0000] {logging_mixin.py:188} INFO - [2025-07-22T09:16:02.955+0000] {dag.py:3954} INFO - Setting next_dagrun for tutorial_dag to None, run_after=None
[2025-07-22T09:16:02.977+0000] {processor.py:183} INFO - Processing /home/airflow/.local/lib/python3.12/site-packages/airflow/example_dags/tutorial_dag.py took 0.077 seconds
[2025-07-22T09:16:33.214+0000] {processor.py:161} INFO - Started process (PID=2952) to work on /home/airflow/.local/lib/python3.12/site-packages/airflow/example_dags/tutorial_dag.py
[2025-07-22T09:16:33.216+0000] {processor.py:830} INFO - Processing file /home/airflow/.local/lib/python3.12/site-packages/airflow/example_dags/tutorial_dag.py for tasks to queue
[2025-07-22T09:16:33.218+0000] {logging_mixin.py:188} INFO - [2025-07-22T09:16:33.218+0000] {dagbag.py:545} INFO - Filling up the DagBag from /home/airflow/.local/lib/python3.12/site-packages/airflow/example_dags/tutorial_dag.py
[2025-07-22T09:16:33.225+0000] {processor.py:840} INFO - DAG(s) 'tutorial_dag' retrieved from /home/airflow/.local/lib/python3.12/site-packages/airflow/example_dags/tutorial_dag.py
[2025-07-22T09:16:33.248+0000] {logging_mixin.py:188} INFO - [2025-07-22T09:16:33.247+0000] {dag.py:3096} INFO - Sync 1 DAGs
[2025-07-22T09:16:33.262+0000] {logging_mixin.py:188} INFO - [2025-07-22T09:16:33.262+0000] {dag.py:3954} INFO - Setting next_dagrun for tutorial_dag to None, run_after=None
[2025-07-22T09:16:33.295+0000] {processor.py:183} INFO - Processing /home/airflow/.local/lib/python3.12/site-packages/airflow/example_dags/tutorial_dag.py took 0.088 seconds
[2025-07-22T09:17:03.638+0000] {processor.py:161} INFO - Started process (PID=3012) to work on /home/airflow/.local/lib/python3.12/site-packages/airflow/example_dags/tutorial_dag.py
[2025-07-22T09:17:03.640+0000] {processor.py:830} INFO - Processing file /home/airflow/.local/lib/python3.12/site-packages/airflow/example_dags/tutorial_dag.py for tasks to queue
[2025-07-22T09:17:03.643+0000] {logging_mixin.py:188} INFO - [2025-07-22T09:17:03.643+0000] {dagbag.py:545} INFO - Filling up the DagBag from /home/airflow/.local/lib/python3.12/site-packages/airflow/example_dags/tutorial_dag.py
[2025-07-22T09:17:03.654+0000] {processor.py:840} INFO - DAG(s) 'tutorial_dag' retrieved from /home/airflow/.local/lib/python3.12/site-packages/airflow/example_dags/tutorial_dag.py
[2025-07-22T09:17:03.696+0000] {logging_mixin.py:188} INFO - [2025-07-22T09:17:03.695+0000] {dag.py:3096} INFO - Sync 1 DAGs
[2025-07-22T09:17:03.720+0000] {logging_mixin.py:188} INFO - [2025-07-22T09:17:03.720+0000] {dag.py:3954} INFO - Setting next_dagrun for tutorial_dag to None, run_after=None
[2025-07-22T09:17:03.747+0000] {processor.py:183} INFO - Processing /home/airflow/.local/lib/python3.12/site-packages/airflow/example_dags/tutorial_dag.py took 0.122 seconds
[2025-07-22T09:17:33.876+0000] {processor.py:161} INFO - Started process (PID=3072) to work on /home/airflow/.local/lib/python3.12/site-packages/airflow/example_dags/tutorial_dag.py
[2025-07-22T09:17:33.878+0000] {processor.py:830} INFO - Processing file /home/airflow/.local/lib/python3.12/site-packages/airflow/example_dags/tutorial_dag.py for tasks to queue
[2025-07-22T09:17:33.880+0000] {logging_mixin.py:188} INFO - [2025-07-22T09:17:33.880+0000] {dagbag.py:545} INFO - Filling up the DagBag from /home/airflow/.local/lib/python3.12/site-packages/airflow/example_dags/tutorial_dag.py
[2025-07-22T09:17:33.890+0000] {processor.py:840} INFO - DAG(s) 'tutorial_dag' retrieved from /home/airflow/.local/lib/python3.12/site-packages/airflow/example_dags/tutorial_dag.py
[2025-07-22T09:17:33.921+0000] {logging_mixin.py:188} INFO - [2025-07-22T09:17:33.921+0000] {dag.py:3096} INFO - Sync 1 DAGs
[2025-07-22T09:17:33.939+0000] {logging_mixin.py:188} INFO - [2025-07-22T09:17:33.938+0000] {dag.py:3954} INFO - Setting next_dagrun for tutorial_dag to None, run_after=None
[2025-07-22T09:17:33.968+0000] {processor.py:183} INFO - Processing /home/airflow/.local/lib/python3.12/site-packages/airflow/example_dags/tutorial_dag.py took 0.100 seconds
[2025-07-22T09:18:04.084+0000] {processor.py:161} INFO - Started process (PID=3132) to work on /home/airflow/.local/lib/python3.12/site-packages/airflow/example_dags/tutorial_dag.py
[2025-07-22T09:18:04.086+0000] {processor.py:830} INFO - Processing file /home/airflow/.local/lib/python3.12/site-packages/airflow/example_dags/tutorial_dag.py for tasks to queue
[2025-07-22T09:18:04.088+0000] {logging_mixin.py:188} INFO - [2025-07-22T09:18:04.088+0000] {dagbag.py:545} INFO - Filling up the DagBag from /home/airflow/.local/lib/python3.12/site-packages/airflow/example_dags/tutorial_dag.py
[2025-07-22T09:18:04.094+0000] {processor.py:840} INFO - DAG(s) 'tutorial_dag' retrieved from /home/airflow/.local/lib/python3.12/site-packages/airflow/example_dags/tutorial_dag.py
[2025-07-22T09:18:04.118+0000] {logging_mixin.py:188} INFO - [2025-07-22T09:18:04.118+0000] {dag.py:3096} INFO - Sync 1 DAGs
[2025-07-22T09:18:04.133+0000] {logging_mixin.py:188} INFO - [2025-07-22T09:18:04.133+0000] {dag.py:3954} INFO - Setting next_dagrun for tutorial_dag to None, run_after=None
[2025-07-22T09:18:04.155+0000] {processor.py:183} INFO - Processing /home/airflow/.local/lib/python3.12/site-packages/airflow/example_dags/tutorial_dag.py took 0.077 seconds
[2025-07-22T09:18:34.580+0000] {processor.py:161} INFO - Started process (PID=3192) to work on /home/airflow/.local/lib/python3.12/site-packages/airflow/example_dags/tutorial_dag.py
[2025-07-22T09:18:34.582+0000] {processor.py:830} INFO - Processing file /home/airflow/.local/lib/python3.12/site-packages/airflow/example_dags/tutorial_dag.py for tasks to queue
[2025-07-22T09:18:34.587+0000] {logging_mixin.py:188} INFO - [2025-07-22T09:18:34.586+0000] {dagbag.py:545} INFO - Filling up the DagBag from /home/airflow/.local/lib/python3.12/site-packages/airflow/example_dags/tutorial_dag.py
[2025-07-22T09:18:34.606+0000] {processor.py:840} INFO - DAG(s) 'tutorial_dag' retrieved from /home/airflow/.local/lib/python3.12/site-packages/airflow/example_dags/tutorial_dag.py
[2025-07-22T09:18:34.675+0000] {logging_mixin.py:188} INFO - [2025-07-22T09:18:34.674+0000] {dag.py:3096} INFO - Sync 1 DAGs
[2025-07-22T09:18:34.711+0000] {logging_mixin.py:188} INFO - [2025-07-22T09:18:34.710+0000] {dag.py:3954} INFO - Setting next_dagrun for tutorial_dag to None, run_after=None
[2025-07-22T09:18:34.768+0000] {processor.py:183} INFO - Processing /home/airflow/.local/lib/python3.12/site-packages/airflow/example_dags/tutorial_dag.py took 0.209 seconds
[2025-07-22T09:19:05.406+0000] {processor.py:161} INFO - Started process (PID=3258) to work on /home/airflow/.local/lib/python3.12/site-packages/airflow/example_dags/tutorial_dag.py
[2025-07-22T09:19:05.407+0000] {processor.py:830} INFO - Processing file /home/airflow/.local/lib/python3.12/site-packages/airflow/example_dags/tutorial_dag.py for tasks to queue
[2025-07-22T09:19:05.410+0000] {logging_mixin.py:188} INFO - [2025-07-22T09:19:05.410+0000] {dagbag.py:545} INFO - Filling up the DagBag from /home/airflow/.local/lib/python3.12/site-packages/airflow/example_dags/tutorial_dag.py
[2025-07-22T09:19:05.416+0000] {processor.py:840} INFO - DAG(s) 'tutorial_dag' retrieved from /home/airflow/.local/lib/python3.12/site-packages/airflow/example_dags/tutorial_dag.py
[2025-07-22T09:19:05.439+0000] {logging_mixin.py:188} INFO - [2025-07-22T09:19:05.438+0000] {dag.py:3096} INFO - Sync 1 DAGs
[2025-07-22T09:19:05.460+0000] {logging_mixin.py:188} INFO - [2025-07-22T09:19:05.459+0000] {dag.py:3954} INFO - Setting next_dagrun for tutorial_dag to None, run_after=None
[2025-07-22T09:19:05.481+0000] {processor.py:183} INFO - Processing /home/airflow/.local/lib/python3.12/site-packages/airflow/example_dags/tutorial_dag.py took 0.083 seconds
[2025-07-22T09:19:35.577+0000] {processor.py:161} INFO - Started process (PID=3318) to work on /home/airflow/.local/lib/python3.12/site-packages/airflow/example_dags/tutorial_dag.py
[2025-07-22T09:19:35.579+0000] {processor.py:830} INFO - Processing file /home/airflow/.local/lib/python3.12/site-packages/airflow/example_dags/tutorial_dag.py for tasks to queue
[2025-07-22T09:19:35.581+0000] {logging_mixin.py:188} INFO - [2025-07-22T09:19:35.581+0000] {dagbag.py:545} INFO - Filling up the DagBag from /home/airflow/.local/lib/python3.12/site-packages/airflow/example_dags/tutorial_dag.py
[2025-07-22T09:19:35.588+0000] {processor.py:840} INFO - DAG(s) 'tutorial_dag' retrieved from /home/airflow/.local/lib/python3.12/site-packages/airflow/example_dags/tutorial_dag.py
[2025-07-22T09:19:35.612+0000] {logging_mixin.py:188} INFO - [2025-07-22T09:19:35.612+0000] {dag.py:3096} INFO - Sync 1 DAGs
[2025-07-22T09:19:35.627+0000] {logging_mixin.py:188} INFO - [2025-07-22T09:19:35.627+0000] {dag.py:3954} INFO - Setting next_dagrun for tutorial_dag to None, run_after=None
[2025-07-22T09:19:35.649+0000] {processor.py:183} INFO - Processing /home/airflow/.local/lib/python3.12/site-packages/airflow/example_dags/tutorial_dag.py took 0.079 seconds
[2025-07-22T09:20:06.021+0000] {processor.py:161} INFO - Started process (PID=3378) to work on /home/airflow/.local/lib/python3.12/site-packages/airflow/example_dags/tutorial_dag.py
[2025-07-22T09:20:06.022+0000] {processor.py:830} INFO - Processing file /home/airflow/.local/lib/python3.12/site-packages/airflow/example_dags/tutorial_dag.py for tasks to queue
[2025-07-22T09:20:06.024+0000] {logging_mixin.py:188} INFO - [2025-07-22T09:20:06.024+0000] {dagbag.py:545} INFO - Filling up the DagBag from /home/airflow/.local/lib/python3.12/site-packages/airflow/example_dags/tutorial_dag.py
[2025-07-22T09:20:06.030+0000] {processor.py:840} INFO - DAG(s) 'tutorial_dag' retrieved from /home/airflow/.local/lib/python3.12/site-packages/airflow/example_dags/tutorial_dag.py
[2025-07-22T09:20:06.053+0000] {logging_mixin.py:188} INFO - [2025-07-22T09:20:06.052+0000] {dag.py:3096} INFO - Sync 1 DAGs
[2025-07-22T09:20:06.068+0000] {logging_mixin.py:188} INFO - [2025-07-22T09:20:06.068+0000] {dag.py:3954} INFO - Setting next_dagrun for tutorial_dag to None, run_after=None
[2025-07-22T09:20:06.092+0000] {processor.py:183} INFO - Processing /home/airflow/.local/lib/python3.12/site-packages/airflow/example_dags/tutorial_dag.py took 0.078 seconds
[2025-07-22T09:20:36.956+0000] {processor.py:161} INFO - Started process (PID=3436) to work on /home/airflow/.local/lib/python3.12/site-packages/airflow/example_dags/tutorial_dag.py
[2025-07-22T09:20:36.957+0000] {processor.py:830} INFO - Processing file /home/airflow/.local/lib/python3.12/site-packages/airflow/example_dags/tutorial_dag.py for tasks to queue
[2025-07-22T09:20:36.960+0000] {logging_mixin.py:188} INFO - [2025-07-22T09:20:36.960+0000] {dagbag.py:545} INFO - Filling up the DagBag from /home/airflow/.local/lib/python3.12/site-packages/airflow/example_dags/tutorial_dag.py
[2025-07-22T09:20:36.968+0000] {processor.py:840} INFO - DAG(s) 'tutorial_dag' retrieved from /home/airflow/.local/lib/python3.12/site-packages/airflow/example_dags/tutorial_dag.py
[2025-07-22T09:20:36.999+0000] {logging_mixin.py:188} INFO - [2025-07-22T09:20:36.998+0000] {dag.py:3096} INFO - Sync 1 DAGs
[2025-07-22T09:20:37.017+0000] {logging_mixin.py:188} INFO - [2025-07-22T09:20:37.017+0000] {dag.py:3954} INFO - Setting next_dagrun for tutorial_dag to None, run_after=None
[2025-07-22T09:20:37.054+0000] {processor.py:183} INFO - Processing /home/airflow/.local/lib/python3.12/site-packages/airflow/example_dags/tutorial_dag.py took 0.107 seconds
[2025-07-22T09:21:07.214+0000] {processor.py:161} INFO - Started process (PID=3497) to work on /home/airflow/.local/lib/python3.12/site-packages/airflow/example_dags/tutorial_dag.py
[2025-07-22T09:21:07.216+0000] {processor.py:830} INFO - Processing file /home/airflow/.local/lib/python3.12/site-packages/airflow/example_dags/tutorial_dag.py for tasks to queue
[2025-07-22T09:21:07.220+0000] {logging_mixin.py:188} INFO - [2025-07-22T09:21:07.219+0000] {dagbag.py:545} INFO - Filling up the DagBag from /home/airflow/.local/lib/python3.12/site-packages/airflow/example_dags/tutorial_dag.py
[2025-07-22T09:21:07.229+0000] {processor.py:840} INFO - DAG(s) 'tutorial_dag' retrieved from /home/airflow/.local/lib/python3.12/site-packages/airflow/example_dags/tutorial_dag.py
[2025-07-22T09:21:07.262+0000] {logging_mixin.py:188} INFO - [2025-07-22T09:21:07.262+0000] {dag.py:3096} INFO - Sync 1 DAGs
[2025-07-22T09:21:07.283+0000] {logging_mixin.py:188} INFO - [2025-07-22T09:21:07.283+0000] {dag.py:3954} INFO - Setting next_dagrun for tutorial_dag to None, run_after=None
[2025-07-22T09:21:07.313+0000] {processor.py:183} INFO - Processing /home/airflow/.local/lib/python3.12/site-packages/airflow/example_dags/tutorial_dag.py took 0.105 seconds
[2025-07-22T09:21:37.370+0000] {processor.py:161} INFO - Started process (PID=3556) to work on /home/airflow/.local/lib/python3.12/site-packages/airflow/example_dags/tutorial_dag.py
[2025-07-22T09:21:37.371+0000] {processor.py:830} INFO - Processing file /home/airflow/.local/lib/python3.12/site-packages/airflow/example_dags/tutorial_dag.py for tasks to queue
[2025-07-22T09:21:37.373+0000] {logging_mixin.py:188} INFO - [2025-07-22T09:21:37.373+0000] {dagbag.py:545} INFO - Filling up the DagBag from /home/airflow/.local/lib/python3.12/site-packages/airflow/example_dags/tutorial_dag.py
[2025-07-22T09:21:37.379+0000] {processor.py:840} INFO - DAG(s) 'tutorial_dag' retrieved from /home/airflow/.local/lib/python3.12/site-packages/airflow/example_dags/tutorial_dag.py
[2025-07-22T09:21:37.400+0000] {logging_mixin.py:188} INFO - [2025-07-22T09:21:37.400+0000] {dag.py:3096} INFO - Sync 1 DAGs
[2025-07-22T09:21:37.415+0000] {logging_mixin.py:188} INFO - [2025-07-22T09:21:37.415+0000] {dag.py:3954} INFO - Setting next_dagrun for tutorial_dag to None, run_after=None
[2025-07-22T09:21:37.439+0000] {processor.py:183} INFO - Processing /home/airflow/.local/lib/python3.12/site-packages/airflow/example_dags/tutorial_dag.py took 0.075 seconds
[2025-07-22T09:22:07.729+0000] {processor.py:161} INFO - Started process (PID=3617) to work on /home/airflow/.local/lib/python3.12/site-packages/airflow/example_dags/tutorial_dag.py
[2025-07-22T09:22:07.731+0000] {processor.py:830} INFO - Processing file /home/airflow/.local/lib/python3.12/site-packages/airflow/example_dags/tutorial_dag.py for tasks to queue
[2025-07-22T09:22:07.733+0000] {logging_mixin.py:188} INFO - [2025-07-22T09:22:07.733+0000] {dagbag.py:545} INFO - Filling up the DagBag from /home/airflow/.local/lib/python3.12/site-packages/airflow/example_dags/tutorial_dag.py
[2025-07-22T09:22:07.739+0000] {processor.py:840} INFO - DAG(s) 'tutorial_dag' retrieved from /home/airflow/.local/lib/python3.12/site-packages/airflow/example_dags/tutorial_dag.py
[2025-07-22T09:22:07.763+0000] {logging_mixin.py:188} INFO - [2025-07-22T09:22:07.763+0000] {dag.py:3096} INFO - Sync 1 DAGs
[2025-07-22T09:22:07.778+0000] {logging_mixin.py:188} INFO - [2025-07-22T09:22:07.778+0000] {dag.py:3954} INFO - Setting next_dagrun for tutorial_dag to None, run_after=None
[2025-07-22T09:22:07.802+0000] {processor.py:183} INFO - Processing /home/airflow/.local/lib/python3.12/site-packages/airflow/example_dags/tutorial_dag.py took 0.080 seconds
[2025-07-22T09:22:38.030+0000] {processor.py:161} INFO - Started process (PID=3677) to work on /home/airflow/.local/lib/python3.12/site-packages/airflow/example_dags/tutorial_dag.py
[2025-07-22T09:22:38.034+0000] {processor.py:830} INFO - Processing file /home/airflow/.local/lib/python3.12/site-packages/airflow/example_dags/tutorial_dag.py for tasks to queue
[2025-07-22T09:22:38.042+0000] {logging_mixin.py:188} INFO - [2025-07-22T09:22:38.041+0000] {dagbag.py:545} INFO - Filling up the DagBag from /home/airflow/.local/lib/python3.12/site-packages/airflow/example_dags/tutorial_dag.py
[2025-07-22T09:22:38.062+0000] {processor.py:840} INFO - DAG(s) 'tutorial_dag' retrieved from /home/airflow/.local/lib/python3.12/site-packages/airflow/example_dags/tutorial_dag.py
[2025-07-22T09:22:38.121+0000] {logging_mixin.py:188} INFO - [2025-07-22T09:22:38.120+0000] {dag.py:3096} INFO - Sync 1 DAGs
[2025-07-22T09:22:38.142+0000] {logging_mixin.py:188} INFO - [2025-07-22T09:22:38.142+0000] {dag.py:3954} INFO - Setting next_dagrun for tutorial_dag to None, run_after=None
[2025-07-22T09:22:38.168+0000] {processor.py:183} INFO - Processing /home/airflow/.local/lib/python3.12/site-packages/airflow/example_dags/tutorial_dag.py took 0.156 seconds
