[2025-07-22T08:52:12.076+0000] {processor.py:161} INFO - Started process (PID=113) to work on /home/airflow/.local/lib/python3.12/site-packages/airflow/example_dags/tutorial.py
[2025-07-22T08:52:12.078+0000] {processor.py:830} INFO - Processing file /home/airflow/.local/lib/python3.12/site-packages/airflow/example_dags/tutorial.py for tasks to queue
[2025-07-22T08:52:12.080+0000] {logging_mixin.py:188} INFO - [2025-07-22T08:52:12.080+0000] {dagbag.py:545} INFO - Filling up the DagBag from /home/airflow/.local/lib/python3.12/site-packages/airflow/example_dags/tutorial.py
[2025-07-22T08:52:12.088+0000] {processor.py:840} INFO - DAG(s) 'tutorial' retrieved from /home/airflow/.local/lib/python3.12/site-packages/airflow/example_dags/tutorial.py
[2025-07-22T08:52:12.225+0000] {logging_mixin.py:188} INFO - [2025-07-22T08:52:12.225+0000] {dag.py:3096} INFO - Sync 1 DAGs
[2025-07-22T08:52:12.254+0000] {logging_mixin.py:188} INFO - [2025-07-22T08:52:12.253+0000] {dag.py:3954} INFO - Setting next_dagrun for tutorial to 2025-07-21 00:00:00+00:00, run_after=2025-07-22 00:00:00+00:00
[2025-07-22T08:52:12.280+0000] {processor.py:183} INFO - Processing /home/airflow/.local/lib/python3.12/site-packages/airflow/example_dags/tutorial.py took 0.210 seconds
[2025-07-22T08:52:42.358+0000] {processor.py:161} INFO - Started process (PID=171) to work on /home/airflow/.local/lib/python3.12/site-packages/airflow/example_dags/tutorial.py
[2025-07-22T08:52:42.359+0000] {processor.py:830} INFO - Processing file /home/airflow/.local/lib/python3.12/site-packages/airflow/example_dags/tutorial.py for tasks to queue
[2025-07-22T08:52:42.363+0000] {logging_mixin.py:188} INFO - [2025-07-22T08:52:42.362+0000] {dagbag.py:545} INFO - Filling up the DagBag from /home/airflow/.local/lib/python3.12/site-packages/airflow/example_dags/tutorial.py
[2025-07-22T08:52:42.371+0000] {processor.py:840} INFO - DAG(s) 'tutorial' retrieved from /home/airflow/.local/lib/python3.12/site-packages/airflow/example_dags/tutorial.py
[2025-07-22T08:52:42.399+0000] {logging_mixin.py:188} INFO - [2025-07-22T08:52:42.399+0000] {dag.py:3096} INFO - Sync 1 DAGs
[2025-07-22T08:52:42.429+0000] {logging_mixin.py:188} INFO - [2025-07-22T08:52:42.429+0000] {dag.py:3954} INFO - Setting next_dagrun for tutorial to 2025-07-21 00:00:00+00:00, run_after=2025-07-22 00:00:00+00:00
[2025-07-22T08:52:42.455+0000] {processor.py:183} INFO - Processing /home/airflow/.local/lib/python3.12/site-packages/airflow/example_dags/tutorial.py took 0.107 seconds
[2025-07-22T08:53:12.748+0000] {processor.py:161} INFO - Started process (PID=229) to work on /home/airflow/.local/lib/python3.12/site-packages/airflow/example_dags/tutorial.py
[2025-07-22T08:53:12.750+0000] {processor.py:830} INFO - Processing file /home/airflow/.local/lib/python3.12/site-packages/airflow/example_dags/tutorial.py for tasks to queue
[2025-07-22T08:53:12.752+0000] {logging_mixin.py:188} INFO - [2025-07-22T08:53:12.752+0000] {dagbag.py:545} INFO - Filling up the DagBag from /home/airflow/.local/lib/python3.12/site-packages/airflow/example_dags/tutorial.py
[2025-07-22T08:53:12.758+0000] {processor.py:840} INFO - DAG(s) 'tutorial' retrieved from /home/airflow/.local/lib/python3.12/site-packages/airflow/example_dags/tutorial.py
[2025-07-22T08:53:12.779+0000] {logging_mixin.py:188} INFO - [2025-07-22T08:53:12.779+0000] {dag.py:3096} INFO - Sync 1 DAGs
[2025-07-22T08:53:12.802+0000] {logging_mixin.py:188} INFO - [2025-07-22T08:53:12.802+0000] {dag.py:3954} INFO - Setting next_dagrun for tutorial to 2025-07-21 00:00:00+00:00, run_after=2025-07-22 00:00:00+00:00
[2025-07-22T08:53:12.824+0000] {processor.py:183} INFO - Processing /home/airflow/.local/lib/python3.12/site-packages/airflow/example_dags/tutorial.py took 0.082 seconds
[2025-07-22T08:53:44.061+0000] {processor.py:161} INFO - Started process (PID=287) to work on /home/airflow/.local/lib/python3.12/site-packages/airflow/example_dags/tutorial.py
[2025-07-22T08:53:44.063+0000] {processor.py:830} INFO - Processing file /home/airflow/.local/lib/python3.12/site-packages/airflow/example_dags/tutorial.py for tasks to queue
[2025-07-22T08:53:44.067+0000] {logging_mixin.py:188} INFO - [2025-07-22T08:53:44.066+0000] {dagbag.py:545} INFO - Filling up the DagBag from /home/airflow/.local/lib/python3.12/site-packages/airflow/example_dags/tutorial.py
[2025-07-22T08:53:44.076+0000] {processor.py:840} INFO - DAG(s) 'tutorial' retrieved from /home/airflow/.local/lib/python3.12/site-packages/airflow/example_dags/tutorial.py
[2025-07-22T08:53:44.120+0000] {logging_mixin.py:188} INFO - [2025-07-22T08:53:44.120+0000] {dag.py:3096} INFO - Sync 1 DAGs
[2025-07-22T08:53:44.168+0000] {logging_mixin.py:188} INFO - [2025-07-22T08:53:44.167+0000] {dag.py:3954} INFO - Setting next_dagrun for tutorial to 2025-07-21 00:00:00+00:00, run_after=2025-07-22 00:00:00+00:00
[2025-07-22T08:53:44.212+0000] {processor.py:183} INFO - Processing /home/airflow/.local/lib/python3.12/site-packages/airflow/example_dags/tutorial.py took 0.162 seconds
[2025-07-22T08:54:14.301+0000] {processor.py:161} INFO - Started process (PID=345) to work on /home/airflow/.local/lib/python3.12/site-packages/airflow/example_dags/tutorial.py
[2025-07-22T08:54:14.303+0000] {processor.py:830} INFO - Processing file /home/airflow/.local/lib/python3.12/site-packages/airflow/example_dags/tutorial.py for tasks to queue
[2025-07-22T08:54:14.307+0000] {logging_mixin.py:188} INFO - [2025-07-22T08:54:14.306+0000] {dagbag.py:545} INFO - Filling up the DagBag from /home/airflow/.local/lib/python3.12/site-packages/airflow/example_dags/tutorial.py
[2025-07-22T08:54:14.316+0000] {processor.py:840} INFO - DAG(s) 'tutorial' retrieved from /home/airflow/.local/lib/python3.12/site-packages/airflow/example_dags/tutorial.py
[2025-07-22T08:54:14.352+0000] {logging_mixin.py:188} INFO - [2025-07-22T08:54:14.352+0000] {dag.py:3096} INFO - Sync 1 DAGs
[2025-07-22T08:54:14.395+0000] {logging_mixin.py:188} INFO - [2025-07-22T08:54:14.395+0000] {dag.py:3954} INFO - Setting next_dagrun for tutorial to 2025-07-21 00:00:00+00:00, run_after=2025-07-22 00:00:00+00:00
[2025-07-22T08:54:14.429+0000] {processor.py:183} INFO - Processing /home/airflow/.local/lib/python3.12/site-packages/airflow/example_dags/tutorial.py took 0.142 seconds
[2025-07-22T08:54:45.327+0000] {processor.py:161} INFO - Started process (PID=403) to work on /home/airflow/.local/lib/python3.12/site-packages/airflow/example_dags/tutorial.py
[2025-07-22T08:54:45.329+0000] {processor.py:830} INFO - Processing file /home/airflow/.local/lib/python3.12/site-packages/airflow/example_dags/tutorial.py for tasks to queue
[2025-07-22T08:54:45.332+0000] {logging_mixin.py:188} INFO - [2025-07-22T08:54:45.331+0000] {dagbag.py:545} INFO - Filling up the DagBag from /home/airflow/.local/lib/python3.12/site-packages/airflow/example_dags/tutorial.py
[2025-07-22T08:54:45.339+0000] {processor.py:840} INFO - DAG(s) 'tutorial' retrieved from /home/airflow/.local/lib/python3.12/site-packages/airflow/example_dags/tutorial.py
[2025-07-22T08:54:45.367+0000] {logging_mixin.py:188} INFO - [2025-07-22T08:54:45.366+0000] {dag.py:3096} INFO - Sync 1 DAGs
[2025-07-22T08:54:45.400+0000] {logging_mixin.py:188} INFO - [2025-07-22T08:54:45.400+0000] {dag.py:3954} INFO - Setting next_dagrun for tutorial to 2025-07-21 00:00:00+00:00, run_after=2025-07-22 00:00:00+00:00
[2025-07-22T08:54:45.430+0000] {processor.py:183} INFO - Processing /home/airflow/.local/lib/python3.12/site-packages/airflow/example_dags/tutorial.py took 0.120 seconds
[2025-07-22T08:55:16.259+0000] {processor.py:161} INFO - Started process (PID=461) to work on /home/airflow/.local/lib/python3.12/site-packages/airflow/example_dags/tutorial.py
[2025-07-22T08:55:16.261+0000] {processor.py:830} INFO - Processing file /home/airflow/.local/lib/python3.12/site-packages/airflow/example_dags/tutorial.py for tasks to queue
[2025-07-22T08:55:16.264+0000] {logging_mixin.py:188} INFO - [2025-07-22T08:55:16.263+0000] {dagbag.py:545} INFO - Filling up the DagBag from /home/airflow/.local/lib/python3.12/site-packages/airflow/example_dags/tutorial.py
[2025-07-22T08:55:16.273+0000] {processor.py:840} INFO - DAG(s) 'tutorial' retrieved from /home/airflow/.local/lib/python3.12/site-packages/airflow/example_dags/tutorial.py
[2025-07-22T08:55:16.307+0000] {logging_mixin.py:188} INFO - [2025-07-22T08:55:16.306+0000] {dag.py:3096} INFO - Sync 1 DAGs
[2025-07-22T08:55:16.344+0000] {logging_mixin.py:188} INFO - [2025-07-22T08:55:16.344+0000] {dag.py:3954} INFO - Setting next_dagrun for tutorial to 2025-07-21 00:00:00+00:00, run_after=2025-07-22 00:00:00+00:00
[2025-07-22T08:55:16.376+0000] {processor.py:183} INFO - Processing /home/airflow/.local/lib/python3.12/site-packages/airflow/example_dags/tutorial.py took 0.127 seconds
[2025-07-22T08:55:46.910+0000] {processor.py:161} INFO - Started process (PID=519) to work on /home/airflow/.local/lib/python3.12/site-packages/airflow/example_dags/tutorial.py
[2025-07-22T08:55:46.912+0000] {processor.py:830} INFO - Processing file /home/airflow/.local/lib/python3.12/site-packages/airflow/example_dags/tutorial.py for tasks to queue
[2025-07-22T08:55:46.915+0000] {logging_mixin.py:188} INFO - [2025-07-22T08:55:46.914+0000] {dagbag.py:545} INFO - Filling up the DagBag from /home/airflow/.local/lib/python3.12/site-packages/airflow/example_dags/tutorial.py
[2025-07-22T08:55:46.922+0000] {processor.py:840} INFO - DAG(s) 'tutorial' retrieved from /home/airflow/.local/lib/python3.12/site-packages/airflow/example_dags/tutorial.py
[2025-07-22T08:55:46.946+0000] {logging_mixin.py:188} INFO - [2025-07-22T08:55:46.946+0000] {dag.py:3096} INFO - Sync 1 DAGs
[2025-07-22T08:55:46.972+0000] {logging_mixin.py:188} INFO - [2025-07-22T08:55:46.972+0000] {dag.py:3954} INFO - Setting next_dagrun for tutorial to 2025-07-21 00:00:00+00:00, run_after=2025-07-22 00:00:00+00:00
[2025-07-22T08:55:46.996+0000] {processor.py:183} INFO - Processing /home/airflow/.local/lib/python3.12/site-packages/airflow/example_dags/tutorial.py took 0.093 seconds
[2025-07-22T08:56:17.216+0000] {processor.py:161} INFO - Started process (PID=577) to work on /home/airflow/.local/lib/python3.12/site-packages/airflow/example_dags/tutorial.py
[2025-07-22T08:56:17.218+0000] {processor.py:830} INFO - Processing file /home/airflow/.local/lib/python3.12/site-packages/airflow/example_dags/tutorial.py for tasks to queue
[2025-07-22T08:56:17.220+0000] {logging_mixin.py:188} INFO - [2025-07-22T08:56:17.220+0000] {dagbag.py:545} INFO - Filling up the DagBag from /home/airflow/.local/lib/python3.12/site-packages/airflow/example_dags/tutorial.py
[2025-07-22T08:56:17.228+0000] {processor.py:840} INFO - DAG(s) 'tutorial' retrieved from /home/airflow/.local/lib/python3.12/site-packages/airflow/example_dags/tutorial.py
[2025-07-22T08:56:17.254+0000] {logging_mixin.py:188} INFO - [2025-07-22T08:56:17.253+0000] {dag.py:3096} INFO - Sync 1 DAGs
[2025-07-22T08:56:17.282+0000] {logging_mixin.py:188} INFO - [2025-07-22T08:56:17.281+0000] {dag.py:3954} INFO - Setting next_dagrun for tutorial to 2025-07-21 00:00:00+00:00, run_after=2025-07-22 00:00:00+00:00
[2025-07-22T08:56:17.308+0000] {processor.py:183} INFO - Processing /home/airflow/.local/lib/python3.12/site-packages/airflow/example_dags/tutorial.py took 0.099 seconds
[2025-07-22T08:56:48.207+0000] {processor.py:161} INFO - Started process (PID=635) to work on /home/airflow/.local/lib/python3.12/site-packages/airflow/example_dags/tutorial.py
[2025-07-22T08:56:48.209+0000] {processor.py:830} INFO - Processing file /home/airflow/.local/lib/python3.12/site-packages/airflow/example_dags/tutorial.py for tasks to queue
[2025-07-22T08:56:48.212+0000] {logging_mixin.py:188} INFO - [2025-07-22T08:56:48.211+0000] {dagbag.py:545} INFO - Filling up the DagBag from /home/airflow/.local/lib/python3.12/site-packages/airflow/example_dags/tutorial.py
[2025-07-22T08:56:48.226+0000] {processor.py:840} INFO - DAG(s) 'tutorial' retrieved from /home/airflow/.local/lib/python3.12/site-packages/airflow/example_dags/tutorial.py
[2025-07-22T08:56:48.272+0000] {logging_mixin.py:188} INFO - [2025-07-22T08:56:48.271+0000] {dag.py:3096} INFO - Sync 1 DAGs
[2025-07-22T08:56:48.319+0000] {logging_mixin.py:188} INFO - [2025-07-22T08:56:48.318+0000] {dag.py:3954} INFO - Setting next_dagrun for tutorial to 2025-07-21 00:00:00+00:00, run_after=2025-07-22 00:00:00+00:00
[2025-07-22T08:56:48.352+0000] {processor.py:183} INFO - Processing /home/airflow/.local/lib/python3.12/site-packages/airflow/example_dags/tutorial.py took 0.157 seconds
[2025-07-22T08:57:18.457+0000] {processor.py:161} INFO - Started process (PID=695) to work on /home/airflow/.local/lib/python3.12/site-packages/airflow/example_dags/tutorial.py
[2025-07-22T08:57:18.459+0000] {processor.py:830} INFO - Processing file /home/airflow/.local/lib/python3.12/site-packages/airflow/example_dags/tutorial.py for tasks to queue
[2025-07-22T08:57:18.462+0000] {logging_mixin.py:188} INFO - [2025-07-22T08:57:18.461+0000] {dagbag.py:545} INFO - Filling up the DagBag from /home/airflow/.local/lib/python3.12/site-packages/airflow/example_dags/tutorial.py
[2025-07-22T08:57:18.471+0000] {processor.py:840} INFO - DAG(s) 'tutorial' retrieved from /home/airflow/.local/lib/python3.12/site-packages/airflow/example_dags/tutorial.py
[2025-07-22T08:57:18.496+0000] {logging_mixin.py:188} INFO - [2025-07-22T08:57:18.495+0000] {dag.py:3096} INFO - Sync 1 DAGs
[2025-07-22T08:57:18.522+0000] {logging_mixin.py:188} INFO - [2025-07-22T08:57:18.522+0000] {dag.py:3954} INFO - Setting next_dagrun for tutorial to 2025-07-21 00:00:00+00:00, run_after=2025-07-22 00:00:00+00:00
[2025-07-22T08:57:18.546+0000] {processor.py:183} INFO - Processing /home/airflow/.local/lib/python3.12/site-packages/airflow/example_dags/tutorial.py took 0.099 seconds
[2025-07-22T08:57:49.480+0000] {processor.py:161} INFO - Started process (PID=755) to work on /home/airflow/.local/lib/python3.12/site-packages/airflow/example_dags/tutorial.py
[2025-07-22T08:57:49.481+0000] {processor.py:830} INFO - Processing file /home/airflow/.local/lib/python3.12/site-packages/airflow/example_dags/tutorial.py for tasks to queue
[2025-07-22T08:57:49.484+0000] {logging_mixin.py:188} INFO - [2025-07-22T08:57:49.484+0000] {dagbag.py:545} INFO - Filling up the DagBag from /home/airflow/.local/lib/python3.12/site-packages/airflow/example_dags/tutorial.py
[2025-07-22T08:57:49.491+0000] {processor.py:840} INFO - DAG(s) 'tutorial' retrieved from /home/airflow/.local/lib/python3.12/site-packages/airflow/example_dags/tutorial.py
[2025-07-22T08:57:49.516+0000] {logging_mixin.py:188} INFO - [2025-07-22T08:57:49.516+0000] {dag.py:3096} INFO - Sync 1 DAGs
[2025-07-22T08:57:49.543+0000] {logging_mixin.py:188} INFO - [2025-07-22T08:57:49.543+0000] {dag.py:3954} INFO - Setting next_dagrun for tutorial to 2025-07-21 00:00:00+00:00, run_after=2025-07-22 00:00:00+00:00
[2025-07-22T08:57:49.566+0000] {processor.py:183} INFO - Processing /home/airflow/.local/lib/python3.12/site-packages/airflow/example_dags/tutorial.py took 0.094 seconds
[2025-07-22T08:58:20.197+0000] {processor.py:161} INFO - Started process (PID=815) to work on /home/airflow/.local/lib/python3.12/site-packages/airflow/example_dags/tutorial.py
[2025-07-22T08:58:20.199+0000] {processor.py:830} INFO - Processing file /home/airflow/.local/lib/python3.12/site-packages/airflow/example_dags/tutorial.py for tasks to queue
[2025-07-22T08:58:20.201+0000] {logging_mixin.py:188} INFO - [2025-07-22T08:58:20.201+0000] {dagbag.py:545} INFO - Filling up the DagBag from /home/airflow/.local/lib/python3.12/site-packages/airflow/example_dags/tutorial.py
[2025-07-22T08:58:20.208+0000] {processor.py:840} INFO - DAG(s) 'tutorial' retrieved from /home/airflow/.local/lib/python3.12/site-packages/airflow/example_dags/tutorial.py
[2025-07-22T08:58:20.234+0000] {logging_mixin.py:188} INFO - [2025-07-22T08:58:20.233+0000] {dag.py:3096} INFO - Sync 1 DAGs
[2025-07-22T08:58:20.265+0000] {logging_mixin.py:188} INFO - [2025-07-22T08:58:20.265+0000] {dag.py:3954} INFO - Setting next_dagrun for tutorial to 2025-07-21 00:00:00+00:00, run_after=2025-07-22 00:00:00+00:00
[2025-07-22T08:58:20.299+0000] {processor.py:183} INFO - Processing /home/airflow/.local/lib/python3.12/site-packages/airflow/example_dags/tutorial.py took 0.109 seconds
[2025-07-22T08:58:50.939+0000] {processor.py:161} INFO - Started process (PID=875) to work on /home/airflow/.local/lib/python3.12/site-packages/airflow/example_dags/tutorial.py
[2025-07-22T08:58:50.940+0000] {processor.py:830} INFO - Processing file /home/airflow/.local/lib/python3.12/site-packages/airflow/example_dags/tutorial.py for tasks to queue
[2025-07-22T08:58:50.942+0000] {logging_mixin.py:188} INFO - [2025-07-22T08:58:50.942+0000] {dagbag.py:545} INFO - Filling up the DagBag from /home/airflow/.local/lib/python3.12/site-packages/airflow/example_dags/tutorial.py
[2025-07-22T08:58:50.948+0000] {processor.py:840} INFO - DAG(s) 'tutorial' retrieved from /home/airflow/.local/lib/python3.12/site-packages/airflow/example_dags/tutorial.py
[2025-07-22T08:58:50.984+0000] {logging_mixin.py:188} INFO - [2025-07-22T08:58:50.984+0000] {dag.py:3096} INFO - Sync 1 DAGs
[2025-07-22T08:58:51.021+0000] {logging_mixin.py:188} INFO - [2025-07-22T08:58:51.021+0000] {dag.py:3954} INFO - Setting next_dagrun for tutorial to 2025-07-21 00:00:00+00:00, run_after=2025-07-22 00:00:00+00:00
[2025-07-22T08:58:51.053+0000] {processor.py:183} INFO - Processing /home/airflow/.local/lib/python3.12/site-packages/airflow/example_dags/tutorial.py took 0.121 seconds
[2025-07-22T08:59:21.836+0000] {processor.py:161} INFO - Started process (PID=935) to work on /home/airflow/.local/lib/python3.12/site-packages/airflow/example_dags/tutorial.py
[2025-07-22T08:59:21.838+0000] {processor.py:830} INFO - Processing file /home/airflow/.local/lib/python3.12/site-packages/airflow/example_dags/tutorial.py for tasks to queue
[2025-07-22T08:59:21.840+0000] {logging_mixin.py:188} INFO - [2025-07-22T08:59:21.839+0000] {dagbag.py:545} INFO - Filling up the DagBag from /home/airflow/.local/lib/python3.12/site-packages/airflow/example_dags/tutorial.py
[2025-07-22T08:59:21.847+0000] {processor.py:840} INFO - DAG(s) 'tutorial' retrieved from /home/airflow/.local/lib/python3.12/site-packages/airflow/example_dags/tutorial.py
[2025-07-22T08:59:21.870+0000] {logging_mixin.py:188} INFO - [2025-07-22T08:59:21.870+0000] {dag.py:3096} INFO - Sync 1 DAGs
[2025-07-22T08:59:21.892+0000] {logging_mixin.py:188} INFO - [2025-07-22T08:59:21.892+0000] {dag.py:3954} INFO - Setting next_dagrun for tutorial to 2025-07-21 00:00:00+00:00, run_after=2025-07-22 00:00:00+00:00
[2025-07-22T08:59:21.915+0000] {processor.py:183} INFO - Processing /home/airflow/.local/lib/python3.12/site-packages/airflow/example_dags/tutorial.py took 0.085 seconds
[2025-07-22T08:59:52.433+0000] {processor.py:161} INFO - Started process (PID=995) to work on /home/airflow/.local/lib/python3.12/site-packages/airflow/example_dags/tutorial.py
[2025-07-22T08:59:52.435+0000] {processor.py:830} INFO - Processing file /home/airflow/.local/lib/python3.12/site-packages/airflow/example_dags/tutorial.py for tasks to queue
[2025-07-22T08:59:52.437+0000] {logging_mixin.py:188} INFO - [2025-07-22T08:59:52.436+0000] {dagbag.py:545} INFO - Filling up the DagBag from /home/airflow/.local/lib/python3.12/site-packages/airflow/example_dags/tutorial.py
[2025-07-22T08:59:52.443+0000] {processor.py:840} INFO - DAG(s) 'tutorial' retrieved from /home/airflow/.local/lib/python3.12/site-packages/airflow/example_dags/tutorial.py
[2025-07-22T08:59:52.465+0000] {logging_mixin.py:188} INFO - [2025-07-22T08:59:52.464+0000] {dag.py:3096} INFO - Sync 1 DAGs
[2025-07-22T08:59:52.488+0000] {logging_mixin.py:188} INFO - [2025-07-22T08:59:52.488+0000] {dag.py:3954} INFO - Setting next_dagrun for tutorial to 2025-07-21 00:00:00+00:00, run_after=2025-07-22 00:00:00+00:00
[2025-07-22T08:59:52.519+0000] {processor.py:183} INFO - Processing /home/airflow/.local/lib/python3.12/site-packages/airflow/example_dags/tutorial.py took 0.092 seconds
[2025-07-22T09:00:23.247+0000] {processor.py:161} INFO - Started process (PID=1055) to work on /home/airflow/.local/lib/python3.12/site-packages/airflow/example_dags/tutorial.py
[2025-07-22T09:00:23.250+0000] {processor.py:830} INFO - Processing file /home/airflow/.local/lib/python3.12/site-packages/airflow/example_dags/tutorial.py for tasks to queue
[2025-07-22T09:00:23.254+0000] {logging_mixin.py:188} INFO - [2025-07-22T09:00:23.253+0000] {dagbag.py:545} INFO - Filling up the DagBag from /home/airflow/.local/lib/python3.12/site-packages/airflow/example_dags/tutorial.py
[2025-07-22T09:00:23.273+0000] {processor.py:840} INFO - DAG(s) 'tutorial' retrieved from /home/airflow/.local/lib/python3.12/site-packages/airflow/example_dags/tutorial.py
[2025-07-22T09:00:23.311+0000] {logging_mixin.py:188} INFO - [2025-07-22T09:00:23.311+0000] {dag.py:3096} INFO - Sync 1 DAGs
[2025-07-22T09:00:23.337+0000] {logging_mixin.py:188} INFO - [2025-07-22T09:00:23.337+0000] {dag.py:3954} INFO - Setting next_dagrun for tutorial to 2025-07-21 00:00:00+00:00, run_after=2025-07-22 00:00:00+00:00
[2025-07-22T09:00:23.360+0000] {processor.py:183} INFO - Processing /home/airflow/.local/lib/python3.12/site-packages/airflow/example_dags/tutorial.py took 0.130 seconds
[2025-07-22T09:00:53.878+0000] {processor.py:161} INFO - Started process (PID=1115) to work on /home/airflow/.local/lib/python3.12/site-packages/airflow/example_dags/tutorial.py
[2025-07-22T09:00:53.880+0000] {processor.py:830} INFO - Processing file /home/airflow/.local/lib/python3.12/site-packages/airflow/example_dags/tutorial.py for tasks to queue
[2025-07-22T09:00:53.884+0000] {logging_mixin.py:188} INFO - [2025-07-22T09:00:53.883+0000] {dagbag.py:545} INFO - Filling up the DagBag from /home/airflow/.local/lib/python3.12/site-packages/airflow/example_dags/tutorial.py
[2025-07-22T09:00:53.892+0000] {processor.py:840} INFO - DAG(s) 'tutorial' retrieved from /home/airflow/.local/lib/python3.12/site-packages/airflow/example_dags/tutorial.py
[2025-07-22T09:00:53.928+0000] {logging_mixin.py:188} INFO - [2025-07-22T09:00:53.928+0000] {dag.py:3096} INFO - Sync 1 DAGs
[2025-07-22T09:00:53.985+0000] {logging_mixin.py:188} INFO - [2025-07-22T09:00:53.985+0000] {dag.py:3954} INFO - Setting next_dagrun for tutorial to 2025-07-21 00:00:00+00:00, run_after=2025-07-22 00:00:00+00:00
[2025-07-22T09:00:54.026+0000] {processor.py:183} INFO - Processing /home/airflow/.local/lib/python3.12/site-packages/airflow/example_dags/tutorial.py took 0.159 seconds
[2025-07-22T09:01:25.044+0000] {processor.py:161} INFO - Started process (PID=1175) to work on /home/airflow/.local/lib/python3.12/site-packages/airflow/example_dags/tutorial.py
[2025-07-22T09:01:25.045+0000] {processor.py:830} INFO - Processing file /home/airflow/.local/lib/python3.12/site-packages/airflow/example_dags/tutorial.py for tasks to queue
[2025-07-22T09:01:25.047+0000] {logging_mixin.py:188} INFO - [2025-07-22T09:01:25.047+0000] {dagbag.py:545} INFO - Filling up the DagBag from /home/airflow/.local/lib/python3.12/site-packages/airflow/example_dags/tutorial.py
[2025-07-22T09:01:25.053+0000] {processor.py:840} INFO - DAG(s) 'tutorial' retrieved from /home/airflow/.local/lib/python3.12/site-packages/airflow/example_dags/tutorial.py
[2025-07-22T09:01:25.077+0000] {logging_mixin.py:188} INFO - [2025-07-22T09:01:25.077+0000] {dag.py:3096} INFO - Sync 1 DAGs
[2025-07-22T09:01:25.103+0000] {logging_mixin.py:188} INFO - [2025-07-22T09:01:25.102+0000] {dag.py:3954} INFO - Setting next_dagrun for tutorial to 2025-07-21 00:00:00+00:00, run_after=2025-07-22 00:00:00+00:00
[2025-07-22T09:01:25.127+0000] {processor.py:183} INFO - Processing /home/airflow/.local/lib/python3.12/site-packages/airflow/example_dags/tutorial.py took 0.089 seconds
[2025-07-22T09:01:55.855+0000] {processor.py:161} INFO - Started process (PID=1235) to work on /home/airflow/.local/lib/python3.12/site-packages/airflow/example_dags/tutorial.py
[2025-07-22T09:01:55.857+0000] {processor.py:830} INFO - Processing file /home/airflow/.local/lib/python3.12/site-packages/airflow/example_dags/tutorial.py for tasks to queue
[2025-07-22T09:01:55.859+0000] {logging_mixin.py:188} INFO - [2025-07-22T09:01:55.859+0000] {dagbag.py:545} INFO - Filling up the DagBag from /home/airflow/.local/lib/python3.12/site-packages/airflow/example_dags/tutorial.py
[2025-07-22T09:01:55.866+0000] {processor.py:840} INFO - DAG(s) 'tutorial' retrieved from /home/airflow/.local/lib/python3.12/site-packages/airflow/example_dags/tutorial.py
[2025-07-22T09:01:55.893+0000] {logging_mixin.py:188} INFO - [2025-07-22T09:01:55.892+0000] {dag.py:3096} INFO - Sync 1 DAGs
[2025-07-22T09:01:55.919+0000] {logging_mixin.py:188} INFO - [2025-07-22T09:01:55.919+0000] {dag.py:3954} INFO - Setting next_dagrun for tutorial to 2025-07-21 00:00:00+00:00, run_after=2025-07-22 00:00:00+00:00
[2025-07-22T09:01:55.942+0000] {processor.py:183} INFO - Processing /home/airflow/.local/lib/python3.12/site-packages/airflow/example_dags/tutorial.py took 0.094 seconds
[2025-07-22T09:02:26.186+0000] {processor.py:161} INFO - Started process (PID=1295) to work on /home/airflow/.local/lib/python3.12/site-packages/airflow/example_dags/tutorial.py
[2025-07-22T09:02:26.188+0000] {processor.py:830} INFO - Processing file /home/airflow/.local/lib/python3.12/site-packages/airflow/example_dags/tutorial.py for tasks to queue
[2025-07-22T09:02:26.190+0000] {logging_mixin.py:188} INFO - [2025-07-22T09:02:26.190+0000] {dagbag.py:545} INFO - Filling up the DagBag from /home/airflow/.local/lib/python3.12/site-packages/airflow/example_dags/tutorial.py
[2025-07-22T09:02:26.197+0000] {processor.py:840} INFO - DAG(s) 'tutorial' retrieved from /home/airflow/.local/lib/python3.12/site-packages/airflow/example_dags/tutorial.py
[2025-07-22T09:02:26.224+0000] {logging_mixin.py:188} INFO - [2025-07-22T09:02:26.224+0000] {dag.py:3096} INFO - Sync 1 DAGs
[2025-07-22T09:02:26.252+0000] {logging_mixin.py:188} INFO - [2025-07-22T09:02:26.252+0000] {dag.py:3954} INFO - Setting next_dagrun for tutorial to 2025-07-21 00:00:00+00:00, run_after=2025-07-22 00:00:00+00:00
[2025-07-22T09:02:26.279+0000] {processor.py:183} INFO - Processing /home/airflow/.local/lib/python3.12/site-packages/airflow/example_dags/tutorial.py took 0.100 seconds
[2025-07-22T09:02:56.609+0000] {processor.py:161} INFO - Started process (PID=1355) to work on /home/airflow/.local/lib/python3.12/site-packages/airflow/example_dags/tutorial.py
[2025-07-22T09:02:56.611+0000] {processor.py:830} INFO - Processing file /home/airflow/.local/lib/python3.12/site-packages/airflow/example_dags/tutorial.py for tasks to queue
[2025-07-22T09:02:56.613+0000] {logging_mixin.py:188} INFO - [2025-07-22T09:02:56.613+0000] {dagbag.py:545} INFO - Filling up the DagBag from /home/airflow/.local/lib/python3.12/site-packages/airflow/example_dags/tutorial.py
[2025-07-22T09:02:56.619+0000] {processor.py:840} INFO - DAG(s) 'tutorial' retrieved from /home/airflow/.local/lib/python3.12/site-packages/airflow/example_dags/tutorial.py
[2025-07-22T09:02:56.644+0000] {logging_mixin.py:188} INFO - [2025-07-22T09:02:56.644+0000] {dag.py:3096} INFO - Sync 1 DAGs
[2025-07-22T09:02:56.672+0000] {logging_mixin.py:188} INFO - [2025-07-22T09:02:56.672+0000] {dag.py:3954} INFO - Setting next_dagrun for tutorial to 2025-07-21 00:00:00+00:00, run_after=2025-07-22 00:00:00+00:00
[2025-07-22T09:02:56.701+0000] {processor.py:183} INFO - Processing /home/airflow/.local/lib/python3.12/site-packages/airflow/example_dags/tutorial.py took 0.098 seconds
[2025-07-22T09:03:27.131+0000] {processor.py:161} INFO - Started process (PID=1415) to work on /home/airflow/.local/lib/python3.12/site-packages/airflow/example_dags/tutorial.py
[2025-07-22T09:03:27.133+0000] {processor.py:830} INFO - Processing file /home/airflow/.local/lib/python3.12/site-packages/airflow/example_dags/tutorial.py for tasks to queue
[2025-07-22T09:03:27.135+0000] {logging_mixin.py:188} INFO - [2025-07-22T09:03:27.135+0000] {dagbag.py:545} INFO - Filling up the DagBag from /home/airflow/.local/lib/python3.12/site-packages/airflow/example_dags/tutorial.py
[2025-07-22T09:03:27.142+0000] {processor.py:840} INFO - DAG(s) 'tutorial' retrieved from /home/airflow/.local/lib/python3.12/site-packages/airflow/example_dags/tutorial.py
[2025-07-22T09:03:27.166+0000] {logging_mixin.py:188} INFO - [2025-07-22T09:03:27.166+0000] {dag.py:3096} INFO - Sync 1 DAGs
[2025-07-22T09:03:27.191+0000] {logging_mixin.py:188} INFO - [2025-07-22T09:03:27.191+0000] {dag.py:3954} INFO - Setting next_dagrun for tutorial to 2025-07-21 00:00:00+00:00, run_after=2025-07-22 00:00:00+00:00
[2025-07-22T09:03:27.215+0000] {processor.py:183} INFO - Processing /home/airflow/.local/lib/python3.12/site-packages/airflow/example_dags/tutorial.py took 0.090 seconds
[2025-07-22T09:03:57.287+0000] {processor.py:161} INFO - Started process (PID=1475) to work on /home/airflow/.local/lib/python3.12/site-packages/airflow/example_dags/tutorial.py
[2025-07-22T09:03:57.288+0000] {processor.py:830} INFO - Processing file /home/airflow/.local/lib/python3.12/site-packages/airflow/example_dags/tutorial.py for tasks to queue
[2025-07-22T09:03:57.291+0000] {logging_mixin.py:188} INFO - [2025-07-22T09:03:57.290+0000] {dagbag.py:545} INFO - Filling up the DagBag from /home/airflow/.local/lib/python3.12/site-packages/airflow/example_dags/tutorial.py
[2025-07-22T09:03:57.296+0000] {processor.py:840} INFO - DAG(s) 'tutorial' retrieved from /home/airflow/.local/lib/python3.12/site-packages/airflow/example_dags/tutorial.py
[2025-07-22T09:03:57.318+0000] {logging_mixin.py:188} INFO - [2025-07-22T09:03:57.318+0000] {dag.py:3096} INFO - Sync 1 DAGs
[2025-07-22T09:03:57.340+0000] {logging_mixin.py:188} INFO - [2025-07-22T09:03:57.340+0000] {dag.py:3954} INFO - Setting next_dagrun for tutorial to 2025-07-21 00:00:00+00:00, run_after=2025-07-22 00:00:00+00:00
[2025-07-22T09:03:57.361+0000] {processor.py:183} INFO - Processing /home/airflow/.local/lib/python3.12/site-packages/airflow/example_dags/tutorial.py took 0.080 seconds
[2025-07-22T09:04:27.834+0000] {processor.py:161} INFO - Started process (PID=1535) to work on /home/airflow/.local/lib/python3.12/site-packages/airflow/example_dags/tutorial.py
[2025-07-22T09:04:27.835+0000] {processor.py:830} INFO - Processing file /home/airflow/.local/lib/python3.12/site-packages/airflow/example_dags/tutorial.py for tasks to queue
[2025-07-22T09:04:27.837+0000] {logging_mixin.py:188} INFO - [2025-07-22T09:04:27.837+0000] {dagbag.py:545} INFO - Filling up the DagBag from /home/airflow/.local/lib/python3.12/site-packages/airflow/example_dags/tutorial.py
[2025-07-22T09:04:27.844+0000] {processor.py:840} INFO - DAG(s) 'tutorial' retrieved from /home/airflow/.local/lib/python3.12/site-packages/airflow/example_dags/tutorial.py
[2025-07-22T09:04:27.866+0000] {logging_mixin.py:188} INFO - [2025-07-22T09:04:27.865+0000] {dag.py:3096} INFO - Sync 1 DAGs
[2025-07-22T09:04:27.888+0000] {logging_mixin.py:188} INFO - [2025-07-22T09:04:27.888+0000] {dag.py:3954} INFO - Setting next_dagrun for tutorial to 2025-07-21 00:00:00+00:00, run_after=2025-07-22 00:00:00+00:00
[2025-07-22T09:04:27.910+0000] {processor.py:183} INFO - Processing /home/airflow/.local/lib/python3.12/site-packages/airflow/example_dags/tutorial.py took 0.083 seconds
[2025-07-22T09:04:58.290+0000] {processor.py:161} INFO - Started process (PID=1595) to work on /home/airflow/.local/lib/python3.12/site-packages/airflow/example_dags/tutorial.py
[2025-07-22T09:04:58.291+0000] {processor.py:830} INFO - Processing file /home/airflow/.local/lib/python3.12/site-packages/airflow/example_dags/tutorial.py for tasks to queue
[2025-07-22T09:04:58.293+0000] {logging_mixin.py:188} INFO - [2025-07-22T09:04:58.293+0000] {dagbag.py:545} INFO - Filling up the DagBag from /home/airflow/.local/lib/python3.12/site-packages/airflow/example_dags/tutorial.py
[2025-07-22T09:04:58.301+0000] {processor.py:840} INFO - DAG(s) 'tutorial' retrieved from /home/airflow/.local/lib/python3.12/site-packages/airflow/example_dags/tutorial.py
[2025-07-22T09:04:58.323+0000] {logging_mixin.py:188} INFO - [2025-07-22T09:04:58.323+0000] {dag.py:3096} INFO - Sync 1 DAGs
[2025-07-22T09:04:58.352+0000] {logging_mixin.py:188} INFO - [2025-07-22T09:04:58.352+0000] {dag.py:3954} INFO - Setting next_dagrun for tutorial to 2025-07-21 00:00:00+00:00, run_after=2025-07-22 00:00:00+00:00
[2025-07-22T09:04:58.378+0000] {processor.py:183} INFO - Processing /home/airflow/.local/lib/python3.12/site-packages/airflow/example_dags/tutorial.py took 0.095 seconds
[2025-07-22T09:05:28.696+0000] {processor.py:161} INFO - Started process (PID=1655) to work on /home/airflow/.local/lib/python3.12/site-packages/airflow/example_dags/tutorial.py
[2025-07-22T09:05:28.697+0000] {processor.py:830} INFO - Processing file /home/airflow/.local/lib/python3.12/site-packages/airflow/example_dags/tutorial.py for tasks to queue
[2025-07-22T09:05:28.699+0000] {logging_mixin.py:188} INFO - [2025-07-22T09:05:28.699+0000] {dagbag.py:545} INFO - Filling up the DagBag from /home/airflow/.local/lib/python3.12/site-packages/airflow/example_dags/tutorial.py
[2025-07-22T09:05:28.706+0000] {processor.py:840} INFO - DAG(s) 'tutorial' retrieved from /home/airflow/.local/lib/python3.12/site-packages/airflow/example_dags/tutorial.py
[2025-07-22T09:05:28.733+0000] {logging_mixin.py:188} INFO - [2025-07-22T09:05:28.733+0000] {dag.py:3096} INFO - Sync 1 DAGs
[2025-07-22T09:05:28.759+0000] {logging_mixin.py:188} INFO - [2025-07-22T09:05:28.759+0000] {dag.py:3954} INFO - Setting next_dagrun for tutorial to 2025-07-21 00:00:00+00:00, run_after=2025-07-22 00:00:00+00:00
[2025-07-22T09:05:28.785+0000] {processor.py:183} INFO - Processing /home/airflow/.local/lib/python3.12/site-packages/airflow/example_dags/tutorial.py took 0.096 seconds
[2025-07-22T09:05:59.665+0000] {processor.py:161} INFO - Started process (PID=1715) to work on /home/airflow/.local/lib/python3.12/site-packages/airflow/example_dags/tutorial.py
[2025-07-22T09:05:59.666+0000] {processor.py:830} INFO - Processing file /home/airflow/.local/lib/python3.12/site-packages/airflow/example_dags/tutorial.py for tasks to queue
[2025-07-22T09:05:59.668+0000] {logging_mixin.py:188} INFO - [2025-07-22T09:05:59.668+0000] {dagbag.py:545} INFO - Filling up the DagBag from /home/airflow/.local/lib/python3.12/site-packages/airflow/example_dags/tutorial.py
[2025-07-22T09:05:59.674+0000] {processor.py:840} INFO - DAG(s) 'tutorial' retrieved from /home/airflow/.local/lib/python3.12/site-packages/airflow/example_dags/tutorial.py
[2025-07-22T09:05:59.696+0000] {logging_mixin.py:188} INFO - [2025-07-22T09:05:59.696+0000] {dag.py:3096} INFO - Sync 1 DAGs
[2025-07-22T09:05:59.719+0000] {logging_mixin.py:188} INFO - [2025-07-22T09:05:59.719+0000] {dag.py:3954} INFO - Setting next_dagrun for tutorial to 2025-07-21 00:00:00+00:00, run_after=2025-07-22 00:00:00+00:00
[2025-07-22T09:05:59.741+0000] {processor.py:183} INFO - Processing /home/airflow/.local/lib/python3.12/site-packages/airflow/example_dags/tutorial.py took 0.083 seconds
[2025-07-22T09:06:30.023+0000] {processor.py:161} INFO - Started process (PID=1774) to work on /home/airflow/.local/lib/python3.12/site-packages/airflow/example_dags/tutorial.py
[2025-07-22T09:06:30.025+0000] {processor.py:830} INFO - Processing file /home/airflow/.local/lib/python3.12/site-packages/airflow/example_dags/tutorial.py for tasks to queue
[2025-07-22T09:06:30.028+0000] {logging_mixin.py:188} INFO - [2025-07-22T09:06:30.027+0000] {dagbag.py:545} INFO - Filling up the DagBag from /home/airflow/.local/lib/python3.12/site-packages/airflow/example_dags/tutorial.py
[2025-07-22T09:06:30.034+0000] {processor.py:840} INFO - DAG(s) 'tutorial' retrieved from /home/airflow/.local/lib/python3.12/site-packages/airflow/example_dags/tutorial.py
[2025-07-22T09:06:30.060+0000] {logging_mixin.py:188} INFO - [2025-07-22T09:06:30.059+0000] {dag.py:3096} INFO - Sync 1 DAGs
[2025-07-22T09:06:30.083+0000] {logging_mixin.py:188} INFO - [2025-07-22T09:06:30.083+0000] {dag.py:3954} INFO - Setting next_dagrun for tutorial to 2025-07-21 00:00:00+00:00, run_after=2025-07-22 00:00:00+00:00
[2025-07-22T09:06:30.106+0000] {processor.py:183} INFO - Processing /home/airflow/.local/lib/python3.12/site-packages/airflow/example_dags/tutorial.py took 0.090 seconds
[2025-07-22T09:07:00.396+0000] {processor.py:161} INFO - Started process (PID=1834) to work on /home/airflow/.local/lib/python3.12/site-packages/airflow/example_dags/tutorial.py
[2025-07-22T09:07:00.398+0000] {processor.py:830} INFO - Processing file /home/airflow/.local/lib/python3.12/site-packages/airflow/example_dags/tutorial.py for tasks to queue
[2025-07-22T09:07:00.401+0000] {logging_mixin.py:188} INFO - [2025-07-22T09:07:00.400+0000] {dagbag.py:545} INFO - Filling up the DagBag from /home/airflow/.local/lib/python3.12/site-packages/airflow/example_dags/tutorial.py
[2025-07-22T09:07:00.411+0000] {processor.py:840} INFO - DAG(s) 'tutorial' retrieved from /home/airflow/.local/lib/python3.12/site-packages/airflow/example_dags/tutorial.py
[2025-07-22T09:07:00.448+0000] {logging_mixin.py:188} INFO - [2025-07-22T09:07:00.448+0000] {dag.py:3096} INFO - Sync 1 DAGs
[2025-07-22T09:07:00.496+0000] {logging_mixin.py:188} INFO - [2025-07-22T09:07:00.496+0000] {dag.py:3954} INFO - Setting next_dagrun for tutorial to 2025-07-21 00:00:00+00:00, run_after=2025-07-22 00:00:00+00:00
[2025-07-22T09:07:00.543+0000] {processor.py:183} INFO - Processing /home/airflow/.local/lib/python3.12/site-packages/airflow/example_dags/tutorial.py took 0.157 seconds
[2025-07-22T09:07:31.055+0000] {processor.py:161} INFO - Started process (PID=1894) to work on /home/airflow/.local/lib/python3.12/site-packages/airflow/example_dags/tutorial.py
[2025-07-22T09:07:31.057+0000] {processor.py:830} INFO - Processing file /home/airflow/.local/lib/python3.12/site-packages/airflow/example_dags/tutorial.py for tasks to queue
[2025-07-22T09:07:31.059+0000] {logging_mixin.py:188} INFO - [2025-07-22T09:07:31.059+0000] {dagbag.py:545} INFO - Filling up the DagBag from /home/airflow/.local/lib/python3.12/site-packages/airflow/example_dags/tutorial.py
[2025-07-22T09:07:31.066+0000] {processor.py:840} INFO - DAG(s) 'tutorial' retrieved from /home/airflow/.local/lib/python3.12/site-packages/airflow/example_dags/tutorial.py
[2025-07-22T09:07:31.090+0000] {logging_mixin.py:188} INFO - [2025-07-22T09:07:31.090+0000] {dag.py:3096} INFO - Sync 1 DAGs
[2025-07-22T09:07:31.119+0000] {logging_mixin.py:188} INFO - [2025-07-22T09:07:31.119+0000] {dag.py:3954} INFO - Setting next_dagrun for tutorial to 2025-07-21 00:00:00+00:00, run_after=2025-07-22 00:00:00+00:00
[2025-07-22T09:07:31.141+0000] {processor.py:183} INFO - Processing /home/airflow/.local/lib/python3.12/site-packages/airflow/example_dags/tutorial.py took 0.093 seconds
[2025-07-22T09:08:01.335+0000] {processor.py:161} INFO - Started process (PID=1954) to work on /home/airflow/.local/lib/python3.12/site-packages/airflow/example_dags/tutorial.py
[2025-07-22T09:08:01.337+0000] {processor.py:830} INFO - Processing file /home/airflow/.local/lib/python3.12/site-packages/airflow/example_dags/tutorial.py for tasks to queue
[2025-07-22T09:08:01.339+0000] {logging_mixin.py:188} INFO - [2025-07-22T09:08:01.339+0000] {dagbag.py:545} INFO - Filling up the DagBag from /home/airflow/.local/lib/python3.12/site-packages/airflow/example_dags/tutorial.py
[2025-07-22T09:08:01.345+0000] {processor.py:840} INFO - DAG(s) 'tutorial' retrieved from /home/airflow/.local/lib/python3.12/site-packages/airflow/example_dags/tutorial.py
[2025-07-22T09:08:01.368+0000] {logging_mixin.py:188} INFO - [2025-07-22T09:08:01.368+0000] {dag.py:3096} INFO - Sync 1 DAGs
[2025-07-22T09:08:01.391+0000] {logging_mixin.py:188} INFO - [2025-07-22T09:08:01.390+0000] {dag.py:3954} INFO - Setting next_dagrun for tutorial to 2025-07-21 00:00:00+00:00, run_after=2025-07-22 00:00:00+00:00
[2025-07-22T09:08:01.422+0000] {processor.py:183} INFO - Processing /home/airflow/.local/lib/python3.12/site-packages/airflow/example_dags/tutorial.py took 0.093 seconds
[2025-07-22T09:08:31.541+0000] {processor.py:161} INFO - Started process (PID=2014) to work on /home/airflow/.local/lib/python3.12/site-packages/airflow/example_dags/tutorial.py
[2025-07-22T09:08:31.542+0000] {processor.py:830} INFO - Processing file /home/airflow/.local/lib/python3.12/site-packages/airflow/example_dags/tutorial.py for tasks to queue
[2025-07-22T09:08:31.544+0000] {logging_mixin.py:188} INFO - [2025-07-22T09:08:31.544+0000] {dagbag.py:545} INFO - Filling up the DagBag from /home/airflow/.local/lib/python3.12/site-packages/airflow/example_dags/tutorial.py
[2025-07-22T09:08:31.550+0000] {processor.py:840} INFO - DAG(s) 'tutorial' retrieved from /home/airflow/.local/lib/python3.12/site-packages/airflow/example_dags/tutorial.py
[2025-07-22T09:08:31.571+0000] {logging_mixin.py:188} INFO - [2025-07-22T09:08:31.571+0000] {dag.py:3096} INFO - Sync 1 DAGs
[2025-07-22T09:08:31.598+0000] {logging_mixin.py:188} INFO - [2025-07-22T09:08:31.598+0000] {dag.py:3954} INFO - Setting next_dagrun for tutorial to 2025-07-21 00:00:00+00:00, run_after=2025-07-22 00:00:00+00:00
[2025-07-22T09:08:31.749+0000] {processor.py:183} INFO - Processing /home/airflow/.local/lib/python3.12/site-packages/airflow/example_dags/tutorial.py took 0.214 seconds
[2025-07-22T09:09:02.439+0000] {processor.py:161} INFO - Started process (PID=2074) to work on /home/airflow/.local/lib/python3.12/site-packages/airflow/example_dags/tutorial.py
[2025-07-22T09:09:02.440+0000] {processor.py:830} INFO - Processing file /home/airflow/.local/lib/python3.12/site-packages/airflow/example_dags/tutorial.py for tasks to queue
[2025-07-22T09:09:02.442+0000] {logging_mixin.py:188} INFO - [2025-07-22T09:09:02.442+0000] {dagbag.py:545} INFO - Filling up the DagBag from /home/airflow/.local/lib/python3.12/site-packages/airflow/example_dags/tutorial.py
[2025-07-22T09:09:02.448+0000] {processor.py:840} INFO - DAG(s) 'tutorial' retrieved from /home/airflow/.local/lib/python3.12/site-packages/airflow/example_dags/tutorial.py
[2025-07-22T09:09:02.472+0000] {logging_mixin.py:188} INFO - [2025-07-22T09:09:02.471+0000] {dag.py:3096} INFO - Sync 1 DAGs
[2025-07-22T09:09:02.496+0000] {logging_mixin.py:188} INFO - [2025-07-22T09:09:02.496+0000] {dag.py:3954} INFO - Setting next_dagrun for tutorial to 2025-07-21 00:00:00+00:00, run_after=2025-07-22 00:00:00+00:00
[2025-07-22T09:09:02.518+0000] {processor.py:183} INFO - Processing /home/airflow/.local/lib/python3.12/site-packages/airflow/example_dags/tutorial.py took 0.086 seconds
[2025-07-22T09:09:32.731+0000] {processor.py:161} INFO - Started process (PID=2134) to work on /home/airflow/.local/lib/python3.12/site-packages/airflow/example_dags/tutorial.py
[2025-07-22T09:09:32.732+0000] {processor.py:830} INFO - Processing file /home/airflow/.local/lib/python3.12/site-packages/airflow/example_dags/tutorial.py for tasks to queue
[2025-07-22T09:09:32.735+0000] {logging_mixin.py:188} INFO - [2025-07-22T09:09:32.734+0000] {dagbag.py:545} INFO - Filling up the DagBag from /home/airflow/.local/lib/python3.12/site-packages/airflow/example_dags/tutorial.py
[2025-07-22T09:09:32.741+0000] {processor.py:840} INFO - DAG(s) 'tutorial' retrieved from /home/airflow/.local/lib/python3.12/site-packages/airflow/example_dags/tutorial.py
[2025-07-22T09:09:32.762+0000] {logging_mixin.py:188} INFO - [2025-07-22T09:09:32.762+0000] {dag.py:3096} INFO - Sync 1 DAGs
[2025-07-22T09:09:32.786+0000] {logging_mixin.py:188} INFO - [2025-07-22T09:09:32.786+0000] {dag.py:3954} INFO - Setting next_dagrun for tutorial to 2025-07-21 00:00:00+00:00, run_after=2025-07-22 00:00:00+00:00
[2025-07-22T09:09:32.807+0000] {processor.py:183} INFO - Processing /home/airflow/.local/lib/python3.12/site-packages/airflow/example_dags/tutorial.py took 0.083 seconds
[2025-07-22T09:10:03.039+0000] {processor.py:161} INFO - Started process (PID=2194) to work on /home/airflow/.local/lib/python3.12/site-packages/airflow/example_dags/tutorial.py
[2025-07-22T09:10:03.040+0000] {processor.py:830} INFO - Processing file /home/airflow/.local/lib/python3.12/site-packages/airflow/example_dags/tutorial.py for tasks to queue
[2025-07-22T09:10:03.042+0000] {logging_mixin.py:188} INFO - [2025-07-22T09:10:03.042+0000] {dagbag.py:545} INFO - Filling up the DagBag from /home/airflow/.local/lib/python3.12/site-packages/airflow/example_dags/tutorial.py
[2025-07-22T09:10:03.048+0000] {processor.py:840} INFO - DAG(s) 'tutorial' retrieved from /home/airflow/.local/lib/python3.12/site-packages/airflow/example_dags/tutorial.py
[2025-07-22T09:10:03.070+0000] {logging_mixin.py:188} INFO - [2025-07-22T09:10:03.070+0000] {dag.py:3096} INFO - Sync 1 DAGs
[2025-07-22T09:10:03.247+0000] {logging_mixin.py:188} INFO - [2025-07-22T09:10:03.246+0000] {dag.py:3954} INFO - Setting next_dagrun for tutorial to 2025-07-21 00:00:00+00:00, run_after=2025-07-22 00:00:00+00:00
[2025-07-22T09:10:03.268+0000] {processor.py:183} INFO - Processing /home/airflow/.local/lib/python3.12/site-packages/airflow/example_dags/tutorial.py took 0.237 seconds
[2025-07-22T09:10:34.257+0000] {processor.py:161} INFO - Started process (PID=2260) to work on /home/airflow/.local/lib/python3.12/site-packages/airflow/example_dags/tutorial.py
[2025-07-22T09:10:34.259+0000] {processor.py:830} INFO - Processing file /home/airflow/.local/lib/python3.12/site-packages/airflow/example_dags/tutorial.py for tasks to queue
[2025-07-22T09:10:34.262+0000] {logging_mixin.py:188} INFO - [2025-07-22T09:10:34.261+0000] {dagbag.py:545} INFO - Filling up the DagBag from /home/airflow/.local/lib/python3.12/site-packages/airflow/example_dags/tutorial.py
[2025-07-22T09:10:34.270+0000] {processor.py:840} INFO - DAG(s) 'tutorial' retrieved from /home/airflow/.local/lib/python3.12/site-packages/airflow/example_dags/tutorial.py
[2025-07-22T09:10:34.305+0000] {logging_mixin.py:188} INFO - [2025-07-22T09:10:34.304+0000] {dag.py:3096} INFO - Sync 1 DAGs
[2025-07-22T09:10:34.336+0000] {logging_mixin.py:188} INFO - [2025-07-22T09:10:34.336+0000] {dag.py:3954} INFO - Setting next_dagrun for tutorial to 2025-07-21 00:00:00+00:00, run_after=2025-07-22 00:00:00+00:00
[2025-07-22T09:10:34.361+0000] {processor.py:183} INFO - Processing /home/airflow/.local/lib/python3.12/site-packages/airflow/example_dags/tutorial.py took 0.114 seconds
[2025-07-22T09:11:04.603+0000] {processor.py:161} INFO - Started process (PID=2320) to work on /home/airflow/.local/lib/python3.12/site-packages/airflow/example_dags/tutorial.py
[2025-07-22T09:11:04.604+0000] {processor.py:830} INFO - Processing file /home/airflow/.local/lib/python3.12/site-packages/airflow/example_dags/tutorial.py for tasks to queue
[2025-07-22T09:11:04.606+0000] {logging_mixin.py:188} INFO - [2025-07-22T09:11:04.606+0000] {dagbag.py:545} INFO - Filling up the DagBag from /home/airflow/.local/lib/python3.12/site-packages/airflow/example_dags/tutorial.py
[2025-07-22T09:11:04.613+0000] {processor.py:840} INFO - DAG(s) 'tutorial' retrieved from /home/airflow/.local/lib/python3.12/site-packages/airflow/example_dags/tutorial.py
[2025-07-22T09:11:04.637+0000] {logging_mixin.py:188} INFO - [2025-07-22T09:11:04.637+0000] {dag.py:3096} INFO - Sync 1 DAGs
[2025-07-22T09:11:04.664+0000] {logging_mixin.py:188} INFO - [2025-07-22T09:11:04.664+0000] {dag.py:3954} INFO - Setting next_dagrun for tutorial to 2025-07-21 00:00:00+00:00, run_after=2025-07-22 00:00:00+00:00
[2025-07-22T09:11:04.689+0000] {processor.py:183} INFO - Processing /home/airflow/.local/lib/python3.12/site-packages/airflow/example_dags/tutorial.py took 0.094 seconds
[2025-07-22T09:11:35.212+0000] {processor.py:161} INFO - Started process (PID=2380) to work on /home/airflow/.local/lib/python3.12/site-packages/airflow/example_dags/tutorial.py
[2025-07-22T09:11:35.213+0000] {processor.py:830} INFO - Processing file /home/airflow/.local/lib/python3.12/site-packages/airflow/example_dags/tutorial.py for tasks to queue
[2025-07-22T09:11:35.216+0000] {logging_mixin.py:188} INFO - [2025-07-22T09:11:35.215+0000] {dagbag.py:545} INFO - Filling up the DagBag from /home/airflow/.local/lib/python3.12/site-packages/airflow/example_dags/tutorial.py
[2025-07-22T09:11:35.222+0000] {processor.py:840} INFO - DAG(s) 'tutorial' retrieved from /home/airflow/.local/lib/python3.12/site-packages/airflow/example_dags/tutorial.py
[2025-07-22T09:11:35.244+0000] {logging_mixin.py:188} INFO - [2025-07-22T09:11:35.244+0000] {dag.py:3096} INFO - Sync 1 DAGs
[2025-07-22T09:11:35.268+0000] {logging_mixin.py:188} INFO - [2025-07-22T09:11:35.267+0000] {dag.py:3954} INFO - Setting next_dagrun for tutorial to 2025-07-21 00:00:00+00:00, run_after=2025-07-22 00:00:00+00:00
[2025-07-22T09:11:35.289+0000] {processor.py:183} INFO - Processing /home/airflow/.local/lib/python3.12/site-packages/airflow/example_dags/tutorial.py took 0.084 seconds
[2025-07-22T09:12:05.768+0000] {processor.py:161} INFO - Started process (PID=2440) to work on /home/airflow/.local/lib/python3.12/site-packages/airflow/example_dags/tutorial.py
[2025-07-22T09:12:05.770+0000] {processor.py:830} INFO - Processing file /home/airflow/.local/lib/python3.12/site-packages/airflow/example_dags/tutorial.py for tasks to queue
[2025-07-22T09:12:05.773+0000] {logging_mixin.py:188} INFO - [2025-07-22T09:12:05.772+0000] {dagbag.py:545} INFO - Filling up the DagBag from /home/airflow/.local/lib/python3.12/site-packages/airflow/example_dags/tutorial.py
[2025-07-22T09:12:05.787+0000] {processor.py:840} INFO - DAG(s) 'tutorial' retrieved from /home/airflow/.local/lib/python3.12/site-packages/airflow/example_dags/tutorial.py
[2025-07-22T09:12:05.827+0000] {logging_mixin.py:188} INFO - [2025-07-22T09:12:05.827+0000] {dag.py:3096} INFO - Sync 1 DAGs
[2025-07-22T09:12:05.868+0000] {logging_mixin.py:188} INFO - [2025-07-22T09:12:05.867+0000] {dag.py:3954} INFO - Setting next_dagrun for tutorial to 2025-07-21 00:00:00+00:00, run_after=2025-07-22 00:00:00+00:00
[2025-07-22T09:12:05.896+0000] {processor.py:183} INFO - Processing /home/airflow/.local/lib/python3.12/site-packages/airflow/example_dags/tutorial.py took 0.136 seconds
[2025-07-22T09:12:36.518+0000] {processor.py:161} INFO - Started process (PID=2500) to work on /home/airflow/.local/lib/python3.12/site-packages/airflow/example_dags/tutorial.py
[2025-07-22T09:12:36.519+0000] {processor.py:830} INFO - Processing file /home/airflow/.local/lib/python3.12/site-packages/airflow/example_dags/tutorial.py for tasks to queue
[2025-07-22T09:12:36.523+0000] {logging_mixin.py:188} INFO - [2025-07-22T09:12:36.522+0000] {dagbag.py:545} INFO - Filling up the DagBag from /home/airflow/.local/lib/python3.12/site-packages/airflow/example_dags/tutorial.py
[2025-07-22T09:12:36.533+0000] {processor.py:840} INFO - DAG(s) 'tutorial' retrieved from /home/airflow/.local/lib/python3.12/site-packages/airflow/example_dags/tutorial.py
[2025-07-22T09:12:36.563+0000] {logging_mixin.py:188} INFO - [2025-07-22T09:12:36.563+0000] {dag.py:3096} INFO - Sync 1 DAGs
[2025-07-22T09:12:36.596+0000] {logging_mixin.py:188} INFO - [2025-07-22T09:12:36.596+0000] {dag.py:3954} INFO - Setting next_dagrun for tutorial to 2025-07-21 00:00:00+00:00, run_after=2025-07-22 00:00:00+00:00
[2025-07-22T09:12:36.622+0000] {processor.py:183} INFO - Processing /home/airflow/.local/lib/python3.12/site-packages/airflow/example_dags/tutorial.py took 0.113 seconds
[2025-07-22T09:13:07.386+0000] {processor.py:161} INFO - Started process (PID=2560) to work on /home/airflow/.local/lib/python3.12/site-packages/airflow/example_dags/tutorial.py
[2025-07-22T09:13:07.388+0000] {processor.py:830} INFO - Processing file /home/airflow/.local/lib/python3.12/site-packages/airflow/example_dags/tutorial.py for tasks to queue
[2025-07-22T09:13:07.391+0000] {logging_mixin.py:188} INFO - [2025-07-22T09:13:07.391+0000] {dagbag.py:545} INFO - Filling up the DagBag from /home/airflow/.local/lib/python3.12/site-packages/airflow/example_dags/tutorial.py
[2025-07-22T09:13:07.401+0000] {processor.py:840} INFO - DAG(s) 'tutorial' retrieved from /home/airflow/.local/lib/python3.12/site-packages/airflow/example_dags/tutorial.py
[2025-07-22T09:13:07.429+0000] {logging_mixin.py:188} INFO - [2025-07-22T09:13:07.429+0000] {dag.py:3096} INFO - Sync 1 DAGs
[2025-07-22T09:13:07.458+0000] {logging_mixin.py:188} INFO - [2025-07-22T09:13:07.458+0000] {dag.py:3954} INFO - Setting next_dagrun for tutorial to 2025-07-21 00:00:00+00:00, run_after=2025-07-22 00:00:00+00:00
[2025-07-22T09:13:07.483+0000] {processor.py:183} INFO - Processing /home/airflow/.local/lib/python3.12/site-packages/airflow/example_dags/tutorial.py took 0.109 seconds
[2025-07-22T09:13:37.676+0000] {processor.py:161} INFO - Started process (PID=2620) to work on /home/airflow/.local/lib/python3.12/site-packages/airflow/example_dags/tutorial.py
[2025-07-22T09:13:37.677+0000] {processor.py:830} INFO - Processing file /home/airflow/.local/lib/python3.12/site-packages/airflow/example_dags/tutorial.py for tasks to queue
[2025-07-22T09:13:37.679+0000] {logging_mixin.py:188} INFO - [2025-07-22T09:13:37.679+0000] {dagbag.py:545} INFO - Filling up the DagBag from /home/airflow/.local/lib/python3.12/site-packages/airflow/example_dags/tutorial.py
[2025-07-22T09:13:37.686+0000] {processor.py:840} INFO - DAG(s) 'tutorial' retrieved from /home/airflow/.local/lib/python3.12/site-packages/airflow/example_dags/tutorial.py
[2025-07-22T09:13:37.708+0000] {logging_mixin.py:188} INFO - [2025-07-22T09:13:37.708+0000] {dag.py:3096} INFO - Sync 1 DAGs
[2025-07-22T09:13:37.733+0000] {logging_mixin.py:188} INFO - [2025-07-22T09:13:37.733+0000] {dag.py:3954} INFO - Setting next_dagrun for tutorial to 2025-07-21 00:00:00+00:00, run_after=2025-07-22 00:00:00+00:00
[2025-07-22T09:13:37.755+0000] {processor.py:183} INFO - Processing /home/airflow/.local/lib/python3.12/site-packages/airflow/example_dags/tutorial.py took 0.086 seconds
[2025-07-22T09:14:07.861+0000] {processor.py:161} INFO - Started process (PID=2681) to work on /home/airflow/.local/lib/python3.12/site-packages/airflow/example_dags/tutorial.py
[2025-07-22T09:14:07.863+0000] {processor.py:830} INFO - Processing file /home/airflow/.local/lib/python3.12/site-packages/airflow/example_dags/tutorial.py for tasks to queue
[2025-07-22T09:14:07.865+0000] {logging_mixin.py:188} INFO - [2025-07-22T09:14:07.865+0000] {dagbag.py:545} INFO - Filling up the DagBag from /home/airflow/.local/lib/python3.12/site-packages/airflow/example_dags/tutorial.py
[2025-07-22T09:14:07.873+0000] {processor.py:840} INFO - DAG(s) 'tutorial' retrieved from /home/airflow/.local/lib/python3.12/site-packages/airflow/example_dags/tutorial.py
[2025-07-22T09:14:07.897+0000] {logging_mixin.py:188} INFO - [2025-07-22T09:14:07.896+0000] {dag.py:3096} INFO - Sync 1 DAGs
[2025-07-22T09:14:07.923+0000] {logging_mixin.py:188} INFO - [2025-07-22T09:14:07.923+0000] {dag.py:3954} INFO - Setting next_dagrun for tutorial to 2025-07-21 00:00:00+00:00, run_after=2025-07-22 00:00:00+00:00
[2025-07-22T09:14:07.951+0000] {processor.py:183} INFO - Processing /home/airflow/.local/lib/python3.12/site-packages/airflow/example_dags/tutorial.py took 0.096 seconds
[2025-07-22T09:14:38.677+0000] {processor.py:161} INFO - Started process (PID=2741) to work on /home/airflow/.local/lib/python3.12/site-packages/airflow/example_dags/tutorial.py
[2025-07-22T09:14:38.678+0000] {processor.py:830} INFO - Processing file /home/airflow/.local/lib/python3.12/site-packages/airflow/example_dags/tutorial.py for tasks to queue
[2025-07-22T09:14:38.680+0000] {logging_mixin.py:188} INFO - [2025-07-22T09:14:38.680+0000] {dagbag.py:545} INFO - Filling up the DagBag from /home/airflow/.local/lib/python3.12/site-packages/airflow/example_dags/tutorial.py
[2025-07-22T09:14:38.686+0000] {processor.py:840} INFO - DAG(s) 'tutorial' retrieved from /home/airflow/.local/lib/python3.12/site-packages/airflow/example_dags/tutorial.py
[2025-07-22T09:14:38.709+0000] {logging_mixin.py:188} INFO - [2025-07-22T09:14:38.709+0000] {dag.py:3096} INFO - Sync 1 DAGs
[2025-07-22T09:14:38.734+0000] {logging_mixin.py:188} INFO - [2025-07-22T09:14:38.734+0000] {dag.py:3954} INFO - Setting next_dagrun for tutorial to 2025-07-21 00:00:00+00:00, run_after=2025-07-22 00:00:00+00:00
[2025-07-22T09:14:38.757+0000] {processor.py:183} INFO - Processing /home/airflow/.local/lib/python3.12/site-packages/airflow/example_dags/tutorial.py took 0.086 seconds
[2025-07-22T09:15:09.160+0000] {processor.py:161} INFO - Started process (PID=2801) to work on /home/airflow/.local/lib/python3.12/site-packages/airflow/example_dags/tutorial.py
[2025-07-22T09:15:09.161+0000] {processor.py:830} INFO - Processing file /home/airflow/.local/lib/python3.12/site-packages/airflow/example_dags/tutorial.py for tasks to queue
[2025-07-22T09:15:09.163+0000] {logging_mixin.py:188} INFO - [2025-07-22T09:15:09.162+0000] {dagbag.py:545} INFO - Filling up the DagBag from /home/airflow/.local/lib/python3.12/site-packages/airflow/example_dags/tutorial.py
[2025-07-22T09:15:09.169+0000] {processor.py:840} INFO - DAG(s) 'tutorial' retrieved from /home/airflow/.local/lib/python3.12/site-packages/airflow/example_dags/tutorial.py
[2025-07-22T09:15:09.192+0000] {logging_mixin.py:188} INFO - [2025-07-22T09:15:09.192+0000] {dag.py:3096} INFO - Sync 1 DAGs
[2025-07-22T09:15:09.216+0000] {logging_mixin.py:188} INFO - [2025-07-22T09:15:09.216+0000] {dag.py:3954} INFO - Setting next_dagrun for tutorial to 2025-07-21 00:00:00+00:00, run_after=2025-07-22 00:00:00+00:00
[2025-07-22T09:15:09.240+0000] {processor.py:183} INFO - Processing /home/airflow/.local/lib/python3.12/site-packages/airflow/example_dags/tutorial.py took 0.087 seconds
[2025-07-22T09:15:39.469+0000] {processor.py:161} INFO - Started process (PID=2861) to work on /home/airflow/.local/lib/python3.12/site-packages/airflow/example_dags/tutorial.py
[2025-07-22T09:15:39.470+0000] {processor.py:830} INFO - Processing file /home/airflow/.local/lib/python3.12/site-packages/airflow/example_dags/tutorial.py for tasks to queue
[2025-07-22T09:15:39.472+0000] {logging_mixin.py:188} INFO - [2025-07-22T09:15:39.472+0000] {dagbag.py:545} INFO - Filling up the DagBag from /home/airflow/.local/lib/python3.12/site-packages/airflow/example_dags/tutorial.py
[2025-07-22T09:15:39.479+0000] {processor.py:840} INFO - DAG(s) 'tutorial' retrieved from /home/airflow/.local/lib/python3.12/site-packages/airflow/example_dags/tutorial.py
[2025-07-22T09:15:39.504+0000] {logging_mixin.py:188} INFO - [2025-07-22T09:15:39.504+0000] {dag.py:3096} INFO - Sync 1 DAGs
[2025-07-22T09:15:39.529+0000] {logging_mixin.py:188} INFO - [2025-07-22T09:15:39.529+0000] {dag.py:3954} INFO - Setting next_dagrun for tutorial to 2025-07-21 00:00:00+00:00, run_after=2025-07-22 00:00:00+00:00
[2025-07-22T09:15:39.551+0000] {processor.py:183} INFO - Processing /home/airflow/.local/lib/python3.12/site-packages/airflow/example_dags/tutorial.py took 0.090 seconds
[2025-07-22T09:16:09.901+0000] {processor.py:161} INFO - Started process (PID=2921) to work on /home/airflow/.local/lib/python3.12/site-packages/airflow/example_dags/tutorial.py
[2025-07-22T09:16:09.903+0000] {processor.py:830} INFO - Processing file /home/airflow/.local/lib/python3.12/site-packages/airflow/example_dags/tutorial.py for tasks to queue
[2025-07-22T09:16:09.905+0000] {logging_mixin.py:188} INFO - [2025-07-22T09:16:09.905+0000] {dagbag.py:545} INFO - Filling up the DagBag from /home/airflow/.local/lib/python3.12/site-packages/airflow/example_dags/tutorial.py
[2025-07-22T09:16:09.912+0000] {processor.py:840} INFO - DAG(s) 'tutorial' retrieved from /home/airflow/.local/lib/python3.12/site-packages/airflow/example_dags/tutorial.py
[2025-07-22T09:16:09.938+0000] {logging_mixin.py:188} INFO - [2025-07-22T09:16:09.938+0000] {dag.py:3096} INFO - Sync 1 DAGs
[2025-07-22T09:16:09.968+0000] {logging_mixin.py:188} INFO - [2025-07-22T09:16:09.968+0000] {dag.py:3954} INFO - Setting next_dagrun for tutorial to 2025-07-21 00:00:00+00:00, run_after=2025-07-22 00:00:00+00:00
[2025-07-22T09:16:09.995+0000] {processor.py:183} INFO - Processing /home/airflow/.local/lib/python3.12/site-packages/airflow/example_dags/tutorial.py took 0.103 seconds
[2025-07-22T09:16:40.111+0000] {processor.py:161} INFO - Started process (PID=2981) to work on /home/airflow/.local/lib/python3.12/site-packages/airflow/example_dags/tutorial.py
[2025-07-22T09:16:40.112+0000] {processor.py:830} INFO - Processing file /home/airflow/.local/lib/python3.12/site-packages/airflow/example_dags/tutorial.py for tasks to queue
[2025-07-22T09:16:40.115+0000] {logging_mixin.py:188} INFO - [2025-07-22T09:16:40.114+0000] {dagbag.py:545} INFO - Filling up the DagBag from /home/airflow/.local/lib/python3.12/site-packages/airflow/example_dags/tutorial.py
[2025-07-22T09:16:40.121+0000] {processor.py:840} INFO - DAG(s) 'tutorial' retrieved from /home/airflow/.local/lib/python3.12/site-packages/airflow/example_dags/tutorial.py
[2025-07-22T09:16:40.146+0000] {logging_mixin.py:188} INFO - [2025-07-22T09:16:40.146+0000] {dag.py:3096} INFO - Sync 1 DAGs
[2025-07-22T09:16:40.172+0000] {logging_mixin.py:188} INFO - [2025-07-22T09:16:40.172+0000] {dag.py:3954} INFO - Setting next_dagrun for tutorial to 2025-07-21 00:00:00+00:00, run_after=2025-07-22 00:00:00+00:00
[2025-07-22T09:16:40.200+0000] {processor.py:183} INFO - Processing /home/airflow/.local/lib/python3.12/site-packages/airflow/example_dags/tutorial.py took 0.096 seconds
[2025-07-22T09:17:10.783+0000] {processor.py:161} INFO - Started process (PID=3041) to work on /home/airflow/.local/lib/python3.12/site-packages/airflow/example_dags/tutorial.py
[2025-07-22T09:17:10.785+0000] {processor.py:830} INFO - Processing file /home/airflow/.local/lib/python3.12/site-packages/airflow/example_dags/tutorial.py for tasks to queue
[2025-07-22T09:17:10.790+0000] {logging_mixin.py:188} INFO - [2025-07-22T09:17:10.789+0000] {dagbag.py:545} INFO - Filling up the DagBag from /home/airflow/.local/lib/python3.12/site-packages/airflow/example_dags/tutorial.py
[2025-07-22T09:17:10.804+0000] {processor.py:840} INFO - DAG(s) 'tutorial' retrieved from /home/airflow/.local/lib/python3.12/site-packages/airflow/example_dags/tutorial.py
[2025-07-22T09:17:10.842+0000] {logging_mixin.py:188} INFO - [2025-07-22T09:17:10.842+0000] {dag.py:3096} INFO - Sync 1 DAGs
[2025-07-22T09:17:10.873+0000] {logging_mixin.py:188} INFO - [2025-07-22T09:17:10.872+0000] {dag.py:3954} INFO - Setting next_dagrun for tutorial to 2025-07-21 00:00:00+00:00, run_after=2025-07-22 00:00:00+00:00
[2025-07-22T09:17:10.902+0000] {processor.py:183} INFO - Processing /home/airflow/.local/lib/python3.12/site-packages/airflow/example_dags/tutorial.py took 0.137 seconds
[2025-07-22T09:17:41.158+0000] {processor.py:161} INFO - Started process (PID=3101) to work on /home/airflow/.local/lib/python3.12/site-packages/airflow/example_dags/tutorial.py
[2025-07-22T09:17:41.159+0000] {processor.py:830} INFO - Processing file /home/airflow/.local/lib/python3.12/site-packages/airflow/example_dags/tutorial.py for tasks to queue
[2025-07-22T09:17:41.161+0000] {logging_mixin.py:188} INFO - [2025-07-22T09:17:41.161+0000] {dagbag.py:545} INFO - Filling up the DagBag from /home/airflow/.local/lib/python3.12/site-packages/airflow/example_dags/tutorial.py
[2025-07-22T09:17:41.168+0000] {processor.py:840} INFO - DAG(s) 'tutorial' retrieved from /home/airflow/.local/lib/python3.12/site-packages/airflow/example_dags/tutorial.py
[2025-07-22T09:17:41.191+0000] {logging_mixin.py:188} INFO - [2025-07-22T09:17:41.191+0000] {dag.py:3096} INFO - Sync 1 DAGs
[2025-07-22T09:17:41.215+0000] {logging_mixin.py:188} INFO - [2025-07-22T09:17:41.215+0000] {dag.py:3954} INFO - Setting next_dagrun for tutorial to 2025-07-21 00:00:00+00:00, run_after=2025-07-22 00:00:00+00:00
[2025-07-22T09:17:41.238+0000] {processor.py:183} INFO - Processing /home/airflow/.local/lib/python3.12/site-packages/airflow/example_dags/tutorial.py took 0.087 seconds
[2025-07-22T09:18:11.798+0000] {processor.py:161} INFO - Started process (PID=3161) to work on /home/airflow/.local/lib/python3.12/site-packages/airflow/example_dags/tutorial.py
[2025-07-22T09:18:11.799+0000] {processor.py:830} INFO - Processing file /home/airflow/.local/lib/python3.12/site-packages/airflow/example_dags/tutorial.py for tasks to queue
[2025-07-22T09:18:11.802+0000] {logging_mixin.py:188} INFO - [2025-07-22T09:18:11.801+0000] {dagbag.py:545} INFO - Filling up the DagBag from /home/airflow/.local/lib/python3.12/site-packages/airflow/example_dags/tutorial.py
[2025-07-22T09:18:11.810+0000] {processor.py:840} INFO - DAG(s) 'tutorial' retrieved from /home/airflow/.local/lib/python3.12/site-packages/airflow/example_dags/tutorial.py
[2025-07-22T09:18:11.836+0000] {logging_mixin.py:188} INFO - [2025-07-22T09:18:11.836+0000] {dag.py:3096} INFO - Sync 1 DAGs
[2025-07-22T09:18:11.872+0000] {logging_mixin.py:188} INFO - [2025-07-22T09:18:11.871+0000] {dag.py:3954} INFO - Setting next_dagrun for tutorial to 2025-07-21 00:00:00+00:00, run_after=2025-07-22 00:00:00+00:00
[2025-07-22T09:18:11.902+0000] {processor.py:183} INFO - Processing /home/airflow/.local/lib/python3.12/site-packages/airflow/example_dags/tutorial.py took 0.113 seconds
[2025-07-22T09:18:42.010+0000] {processor.py:161} INFO - Started process (PID=3221) to work on /home/airflow/.local/lib/python3.12/site-packages/airflow/example_dags/tutorial.py
[2025-07-22T09:18:42.011+0000] {processor.py:830} INFO - Processing file /home/airflow/.local/lib/python3.12/site-packages/airflow/example_dags/tutorial.py for tasks to queue
[2025-07-22T09:18:42.014+0000] {logging_mixin.py:188} INFO - [2025-07-22T09:18:42.013+0000] {dagbag.py:545} INFO - Filling up the DagBag from /home/airflow/.local/lib/python3.12/site-packages/airflow/example_dags/tutorial.py
[2025-07-22T09:18:42.020+0000] {processor.py:840} INFO - DAG(s) 'tutorial' retrieved from /home/airflow/.local/lib/python3.12/site-packages/airflow/example_dags/tutorial.py
[2025-07-22T09:18:42.044+0000] {logging_mixin.py:188} INFO - [2025-07-22T09:18:42.044+0000] {dag.py:3096} INFO - Sync 1 DAGs
[2025-07-22T09:18:42.072+0000] {logging_mixin.py:188} INFO - [2025-07-22T09:18:42.071+0000] {dag.py:3954} INFO - Setting next_dagrun for tutorial to 2025-07-21 00:00:00+00:00, run_after=2025-07-22 00:00:00+00:00
[2025-07-22T09:18:42.098+0000] {processor.py:183} INFO - Processing /home/airflow/.local/lib/python3.12/site-packages/airflow/example_dags/tutorial.py took 0.097 seconds
[2025-07-22T09:19:13.130+0000] {processor.py:161} INFO - Started process (PID=3281) to work on /home/airflow/.local/lib/python3.12/site-packages/airflow/example_dags/tutorial.py
[2025-07-22T09:19:13.131+0000] {processor.py:830} INFO - Processing file /home/airflow/.local/lib/python3.12/site-packages/airflow/example_dags/tutorial.py for tasks to queue
[2025-07-22T09:19:13.134+0000] {logging_mixin.py:188} INFO - [2025-07-22T09:19:13.133+0000] {dagbag.py:545} INFO - Filling up the DagBag from /home/airflow/.local/lib/python3.12/site-packages/airflow/example_dags/tutorial.py
[2025-07-22T09:19:13.140+0000] {processor.py:840} INFO - DAG(s) 'tutorial' retrieved from /home/airflow/.local/lib/python3.12/site-packages/airflow/example_dags/tutorial.py
[2025-07-22T09:19:13.162+0000] {logging_mixin.py:188} INFO - [2025-07-22T09:19:13.162+0000] {dag.py:3096} INFO - Sync 1 DAGs
[2025-07-22T09:19:13.186+0000] {logging_mixin.py:188} INFO - [2025-07-22T09:19:13.186+0000] {dag.py:3954} INFO - Setting next_dagrun for tutorial to 2025-07-21 00:00:00+00:00, run_after=2025-07-22 00:00:00+00:00
[2025-07-22T09:19:13.209+0000] {processor.py:183} INFO - Processing /home/airflow/.local/lib/python3.12/site-packages/airflow/example_dags/tutorial.py took 0.086 seconds
[2025-07-22T09:19:43.411+0000] {processor.py:161} INFO - Started process (PID=3341) to work on /home/airflow/.local/lib/python3.12/site-packages/airflow/example_dags/tutorial.py
[2025-07-22T09:19:43.412+0000] {processor.py:830} INFO - Processing file /home/airflow/.local/lib/python3.12/site-packages/airflow/example_dags/tutorial.py for tasks to queue
[2025-07-22T09:19:43.415+0000] {logging_mixin.py:188} INFO - [2025-07-22T09:19:43.414+0000] {dagbag.py:545} INFO - Filling up the DagBag from /home/airflow/.local/lib/python3.12/site-packages/airflow/example_dags/tutorial.py
[2025-07-22T09:19:43.422+0000] {processor.py:840} INFO - DAG(s) 'tutorial' retrieved from /home/airflow/.local/lib/python3.12/site-packages/airflow/example_dags/tutorial.py
[2025-07-22T09:19:43.446+0000] {logging_mixin.py:188} INFO - [2025-07-22T09:19:43.446+0000] {dag.py:3096} INFO - Sync 1 DAGs
[2025-07-22T09:19:43.474+0000] {logging_mixin.py:188} INFO - [2025-07-22T09:19:43.473+0000] {dag.py:3954} INFO - Setting next_dagrun for tutorial to 2025-07-21 00:00:00+00:00, run_after=2025-07-22 00:00:00+00:00
[2025-07-22T09:19:43.497+0000] {processor.py:183} INFO - Processing /home/airflow/.local/lib/python3.12/site-packages/airflow/example_dags/tutorial.py took 0.094 seconds
[2025-07-22T09:20:13.653+0000] {processor.py:161} INFO - Started process (PID=3399) to work on /home/airflow/.local/lib/python3.12/site-packages/airflow/example_dags/tutorial.py
[2025-07-22T09:20:13.656+0000] {processor.py:830} INFO - Processing file /home/airflow/.local/lib/python3.12/site-packages/airflow/example_dags/tutorial.py for tasks to queue
[2025-07-22T09:20:13.660+0000] {logging_mixin.py:188} INFO - [2025-07-22T09:20:13.659+0000] {dagbag.py:545} INFO - Filling up the DagBag from /home/airflow/.local/lib/python3.12/site-packages/airflow/example_dags/tutorial.py
[2025-07-22T09:20:13.670+0000] {processor.py:840} INFO - DAG(s) 'tutorial' retrieved from /home/airflow/.local/lib/python3.12/site-packages/airflow/example_dags/tutorial.py
[2025-07-22T09:20:13.708+0000] {logging_mixin.py:188} INFO - [2025-07-22T09:20:13.708+0000] {dag.py:3096} INFO - Sync 1 DAGs
[2025-07-22T09:20:13.748+0000] {logging_mixin.py:188} INFO - [2025-07-22T09:20:13.747+0000] {dag.py:3954} INFO - Setting next_dagrun for tutorial to 2025-07-21 00:00:00+00:00, run_after=2025-07-22 00:00:00+00:00
[2025-07-22T09:20:13.779+0000] {processor.py:183} INFO - Processing /home/airflow/.local/lib/python3.12/site-packages/airflow/example_dags/tutorial.py took 0.139 seconds
[2025-07-22T09:20:43.875+0000] {processor.py:161} INFO - Started process (PID=3459) to work on /home/airflow/.local/lib/python3.12/site-packages/airflow/example_dags/tutorial.py
[2025-07-22T09:20:43.877+0000] {processor.py:830} INFO - Processing file /home/airflow/.local/lib/python3.12/site-packages/airflow/example_dags/tutorial.py for tasks to queue
[2025-07-22T09:20:43.880+0000] {logging_mixin.py:188} INFO - [2025-07-22T09:20:43.879+0000] {dagbag.py:545} INFO - Filling up the DagBag from /home/airflow/.local/lib/python3.12/site-packages/airflow/example_dags/tutorial.py
[2025-07-22T09:20:43.888+0000] {processor.py:840} INFO - DAG(s) 'tutorial' retrieved from /home/airflow/.local/lib/python3.12/site-packages/airflow/example_dags/tutorial.py
[2025-07-22T09:20:43.915+0000] {logging_mixin.py:188} INFO - [2025-07-22T09:20:43.914+0000] {dag.py:3096} INFO - Sync 1 DAGs
[2025-07-22T09:20:43.943+0000] {logging_mixin.py:188} INFO - [2025-07-22T09:20:43.943+0000] {dag.py:3954} INFO - Setting next_dagrun for tutorial to 2025-07-21 00:00:00+00:00, run_after=2025-07-22 00:00:00+00:00
[2025-07-22T09:20:43.969+0000] {processor.py:183} INFO - Processing /home/airflow/.local/lib/python3.12/site-packages/airflow/example_dags/tutorial.py took 0.103 seconds
[2025-07-22T09:21:14.028+0000] {processor.py:161} INFO - Started process (PID=3520) to work on /home/airflow/.local/lib/python3.12/site-packages/airflow/example_dags/tutorial.py
[2025-07-22T09:21:14.030+0000] {processor.py:830} INFO - Processing file /home/airflow/.local/lib/python3.12/site-packages/airflow/example_dags/tutorial.py for tasks to queue
[2025-07-22T09:21:14.033+0000] {logging_mixin.py:188} INFO - [2025-07-22T09:21:14.032+0000] {dagbag.py:545} INFO - Filling up the DagBag from /home/airflow/.local/lib/python3.12/site-packages/airflow/example_dags/tutorial.py
[2025-07-22T09:21:14.039+0000] {processor.py:840} INFO - DAG(s) 'tutorial' retrieved from /home/airflow/.local/lib/python3.12/site-packages/airflow/example_dags/tutorial.py
[2025-07-22T09:21:14.063+0000] {logging_mixin.py:188} INFO - [2025-07-22T09:21:14.062+0000] {dag.py:3096} INFO - Sync 1 DAGs
[2025-07-22T09:21:14.089+0000] {logging_mixin.py:188} INFO - [2025-07-22T09:21:14.089+0000] {dag.py:3954} INFO - Setting next_dagrun for tutorial to 2025-07-21 00:00:00+00:00, run_after=2025-07-22 00:00:00+00:00
[2025-07-22T09:21:14.112+0000] {processor.py:183} INFO - Processing /home/airflow/.local/lib/python3.12/site-packages/airflow/example_dags/tutorial.py took 0.092 seconds
[2025-07-22T09:21:44.317+0000] {processor.py:161} INFO - Started process (PID=3580) to work on /home/airflow/.local/lib/python3.12/site-packages/airflow/example_dags/tutorial.py
[2025-07-22T09:21:44.319+0000] {processor.py:830} INFO - Processing file /home/airflow/.local/lib/python3.12/site-packages/airflow/example_dags/tutorial.py for tasks to queue
[2025-07-22T09:21:44.321+0000] {logging_mixin.py:188} INFO - [2025-07-22T09:21:44.321+0000] {dagbag.py:545} INFO - Filling up the DagBag from /home/airflow/.local/lib/python3.12/site-packages/airflow/example_dags/tutorial.py
[2025-07-22T09:21:44.328+0000] {processor.py:840} INFO - DAG(s) 'tutorial' retrieved from /home/airflow/.local/lib/python3.12/site-packages/airflow/example_dags/tutorial.py
[2025-07-22T09:21:44.361+0000] {logging_mixin.py:188} INFO - [2025-07-22T09:21:44.360+0000] {dag.py:3096} INFO - Sync 1 DAGs
[2025-07-22T09:21:44.393+0000] {logging_mixin.py:188} INFO - [2025-07-22T09:21:44.392+0000] {dag.py:3954} INFO - Setting next_dagrun for tutorial to 2025-07-21 00:00:00+00:00, run_after=2025-07-22 00:00:00+00:00
[2025-07-22T09:21:44.435+0000] {processor.py:183} INFO - Processing /home/airflow/.local/lib/python3.12/site-packages/airflow/example_dags/tutorial.py took 0.125 seconds
[2025-07-22T09:22:14.731+0000] {processor.py:161} INFO - Started process (PID=3640) to work on /home/airflow/.local/lib/python3.12/site-packages/airflow/example_dags/tutorial.py
[2025-07-22T09:22:14.735+0000] {processor.py:830} INFO - Processing file /home/airflow/.local/lib/python3.12/site-packages/airflow/example_dags/tutorial.py for tasks to queue
[2025-07-22T09:22:14.743+0000] {logging_mixin.py:188} INFO - [2025-07-22T09:22:14.741+0000] {dagbag.py:545} INFO - Filling up the DagBag from /home/airflow/.local/lib/python3.12/site-packages/airflow/example_dags/tutorial.py
[2025-07-22T09:22:14.779+0000] {processor.py:840} INFO - DAG(s) 'tutorial' retrieved from /home/airflow/.local/lib/python3.12/site-packages/airflow/example_dags/tutorial.py
[2025-07-22T09:22:14.874+0000] {logging_mixin.py:188} INFO - [2025-07-22T09:22:14.873+0000] {dag.py:3096} INFO - Sync 1 DAGs
[2025-07-22T09:22:14.915+0000] {logging_mixin.py:188} INFO - [2025-07-22T09:22:14.914+0000] {dag.py:3954} INFO - Setting next_dagrun for tutorial to 2025-07-21 00:00:00+00:00, run_after=2025-07-22 00:00:00+00:00
[2025-07-22T09:22:14.944+0000] {processor.py:183} INFO - Processing /home/airflow/.local/lib/python3.12/site-packages/airflow/example_dags/tutorial.py took 0.224 seconds
