[2025-07-22T08:52:01.386+0000] {processor.py:161} INFO - Started process (PID=70) to work on /home/airflow/.local/lib/python3.12/site-packages/airflow/example_dags/tutorial_objectstorage.py
[2025-07-22T08:52:01.388+0000] {processor.py:830} INFO - Processing file /home/airflow/.local/lib/python3.12/site-packages/airflow/example_dags/tutorial_objectstorage.py for tasks to queue
[2025-07-22T08:52:01.394+0000] {logging_mixin.py:188} INFO - [2025-07-22T08:52:01.393+0000] {dagbag.py:545} INFO - Filling up the DagBag from /home/airflow/.local/lib/python3.12/site-packages/airflow/example_dags/tutorial_objectstorage.py
[2025-07-22T08:52:01.434+0000] {processor.py:840} INFO - DAG(s) 'tutorial_objectstorage' retrieved from /home/airflow/.local/lib/python3.12/site-packages/airflow/example_dags/tutorial_objectstorage.py
[2025-07-22T08:52:02.092+0000] {logging_mixin.py:188} INFO - [2025-07-22T08:52:02.092+0000] {dag.py:3096} INFO - Sync 1 DAGs
[2025-07-22T08:52:02.125+0000] {logging_mixin.py:188} INFO - [2025-07-22T08:52:02.125+0000] {dag.py:3954} INFO - Setting next_dagrun for tutorial_objectstorage to None, run_after=None
[2025-07-22T08:52:02.201+0000] {processor.py:183} INFO - Processing /home/airflow/.local/lib/python3.12/site-packages/airflow/example_dags/tutorial_objectstorage.py took 0.829 seconds
[2025-07-22T08:52:32.724+0000] {processor.py:161} INFO - Started process (PID=128) to work on /home/airflow/.local/lib/python3.12/site-packages/airflow/example_dags/tutorial_objectstorage.py
[2025-07-22T08:52:32.726+0000] {processor.py:830} INFO - Processing file /home/airflow/.local/lib/python3.12/site-packages/airflow/example_dags/tutorial_objectstorage.py for tasks to queue
[2025-07-22T08:52:32.733+0000] {logging_mixin.py:188} INFO - [2025-07-22T08:52:32.731+0000] {dagbag.py:545} INFO - Filling up the DagBag from /home/airflow/.local/lib/python3.12/site-packages/airflow/example_dags/tutorial_objectstorage.py
[2025-07-22T08:52:32.758+0000] {processor.py:840} INFO - DAG(s) 'tutorial_objectstorage' retrieved from /home/airflow/.local/lib/python3.12/site-packages/airflow/example_dags/tutorial_objectstorage.py
[2025-07-22T08:52:32.808+0000] {logging_mixin.py:188} INFO - [2025-07-22T08:52:32.807+0000] {dag.py:3096} INFO - Sync 1 DAGs
[2025-07-22T08:52:32.859+0000] {logging_mixin.py:188} INFO - [2025-07-22T08:52:32.859+0000] {dag.py:3954} INFO - Setting next_dagrun for tutorial_objectstorage to None, run_after=None
[2025-07-22T08:52:32.897+0000] {processor.py:183} INFO - Processing /home/airflow/.local/lib/python3.12/site-packages/airflow/example_dags/tutorial_objectstorage.py took 0.180 seconds
[2025-07-22T08:53:03.370+0000] {processor.py:161} INFO - Started process (PID=186) to work on /home/airflow/.local/lib/python3.12/site-packages/airflow/example_dags/tutorial_objectstorage.py
[2025-07-22T08:53:03.372+0000] {processor.py:830} INFO - Processing file /home/airflow/.local/lib/python3.12/site-packages/airflow/example_dags/tutorial_objectstorage.py for tasks to queue
[2025-07-22T08:53:03.374+0000] {logging_mixin.py:188} INFO - [2025-07-22T08:53:03.374+0000] {dagbag.py:545} INFO - Filling up the DagBag from /home/airflow/.local/lib/python3.12/site-packages/airflow/example_dags/tutorial_objectstorage.py
[2025-07-22T08:53:03.382+0000] {processor.py:840} INFO - DAG(s) 'tutorial_objectstorage' retrieved from /home/airflow/.local/lib/python3.12/site-packages/airflow/example_dags/tutorial_objectstorage.py
[2025-07-22T08:53:03.406+0000] {logging_mixin.py:188} INFO - [2025-07-22T08:53:03.406+0000] {dag.py:3096} INFO - Sync 1 DAGs
[2025-07-22T08:53:03.423+0000] {logging_mixin.py:188} INFO - [2025-07-22T08:53:03.423+0000] {dag.py:3954} INFO - Setting next_dagrun for tutorial_objectstorage to None, run_after=None
[2025-07-22T08:53:03.449+0000] {processor.py:183} INFO - Processing /home/airflow/.local/lib/python3.12/site-packages/airflow/example_dags/tutorial_objectstorage.py took 0.086 seconds
[2025-07-22T08:53:33.837+0000] {processor.py:161} INFO - Started process (PID=244) to work on /home/airflow/.local/lib/python3.12/site-packages/airflow/example_dags/tutorial_objectstorage.py
[2025-07-22T08:53:33.839+0000] {processor.py:830} INFO - Processing file /home/airflow/.local/lib/python3.12/site-packages/airflow/example_dags/tutorial_objectstorage.py for tasks to queue
[2025-07-22T08:53:33.852+0000] {logging_mixin.py:188} INFO - [2025-07-22T08:53:33.850+0000] {dagbag.py:545} INFO - Filling up the DagBag from /home/airflow/.local/lib/python3.12/site-packages/airflow/example_dags/tutorial_objectstorage.py
[2025-07-22T08:53:33.882+0000] {processor.py:840} INFO - DAG(s) 'tutorial_objectstorage' retrieved from /home/airflow/.local/lib/python3.12/site-packages/airflow/example_dags/tutorial_objectstorage.py
[2025-07-22T08:53:33.948+0000] {logging_mixin.py:188} INFO - [2025-07-22T08:53:33.948+0000] {dag.py:3096} INFO - Sync 1 DAGs
[2025-07-22T08:53:33.965+0000] {logging_mixin.py:188} INFO - [2025-07-22T08:53:33.965+0000] {dag.py:3954} INFO - Setting next_dagrun for tutorial_objectstorage to None, run_after=None
[2025-07-22T08:53:33.991+0000] {processor.py:183} INFO - Processing /home/airflow/.local/lib/python3.12/site-packages/airflow/example_dags/tutorial_objectstorage.py took 0.179 seconds
[2025-07-22T08:54:04.041+0000] {processor.py:161} INFO - Started process (PID=302) to work on /home/airflow/.local/lib/python3.12/site-packages/airflow/example_dags/tutorial_objectstorage.py
[2025-07-22T08:54:04.042+0000] {processor.py:830} INFO - Processing file /home/airflow/.local/lib/python3.12/site-packages/airflow/example_dags/tutorial_objectstorage.py for tasks to queue
[2025-07-22T08:54:04.044+0000] {logging_mixin.py:188} INFO - [2025-07-22T08:54:04.044+0000] {dagbag.py:545} INFO - Filling up the DagBag from /home/airflow/.local/lib/python3.12/site-packages/airflow/example_dags/tutorial_objectstorage.py
[2025-07-22T08:54:04.054+0000] {processor.py:840} INFO - DAG(s) 'tutorial_objectstorage' retrieved from /home/airflow/.local/lib/python3.12/site-packages/airflow/example_dags/tutorial_objectstorage.py
[2025-07-22T08:54:04.080+0000] {logging_mixin.py:188} INFO - [2025-07-22T08:54:04.079+0000] {dag.py:3096} INFO - Sync 1 DAGs
[2025-07-22T08:54:04.097+0000] {logging_mixin.py:188} INFO - [2025-07-22T08:54:04.097+0000] {dag.py:3954} INFO - Setting next_dagrun for tutorial_objectstorage to None, run_after=None
[2025-07-22T08:54:04.124+0000] {processor.py:183} INFO - Processing /home/airflow/.local/lib/python3.12/site-packages/airflow/example_dags/tutorial_objectstorage.py took 0.090 seconds
[2025-07-22T08:54:34.469+0000] {processor.py:161} INFO - Started process (PID=360) to work on /home/airflow/.local/lib/python3.12/site-packages/airflow/example_dags/tutorial_objectstorage.py
[2025-07-22T08:54:34.470+0000] {processor.py:830} INFO - Processing file /home/airflow/.local/lib/python3.12/site-packages/airflow/example_dags/tutorial_objectstorage.py for tasks to queue
[2025-07-22T08:54:34.472+0000] {logging_mixin.py:188} INFO - [2025-07-22T08:54:34.472+0000] {dagbag.py:545} INFO - Filling up the DagBag from /home/airflow/.local/lib/python3.12/site-packages/airflow/example_dags/tutorial_objectstorage.py
[2025-07-22T08:54:34.479+0000] {processor.py:840} INFO - DAG(s) 'tutorial_objectstorage' retrieved from /home/airflow/.local/lib/python3.12/site-packages/airflow/example_dags/tutorial_objectstorage.py
[2025-07-22T08:54:34.501+0000] {logging_mixin.py:188} INFO - [2025-07-22T08:54:34.501+0000] {dag.py:3096} INFO - Sync 1 DAGs
[2025-07-22T08:54:34.517+0000] {logging_mixin.py:188} INFO - [2025-07-22T08:54:34.517+0000] {dag.py:3954} INFO - Setting next_dagrun for tutorial_objectstorage to None, run_after=None
[2025-07-22T08:54:34.538+0000] {processor.py:183} INFO - Processing /home/airflow/.local/lib/python3.12/site-packages/airflow/example_dags/tutorial_objectstorage.py took 0.075 seconds
[2025-07-22T08:55:04.900+0000] {processor.py:161} INFO - Started process (PID=418) to work on /home/airflow/.local/lib/python3.12/site-packages/airflow/example_dags/tutorial_objectstorage.py
[2025-07-22T08:55:04.902+0000] {processor.py:830} INFO - Processing file /home/airflow/.local/lib/python3.12/site-packages/airflow/example_dags/tutorial_objectstorage.py for tasks to queue
[2025-07-22T08:55:04.906+0000] {logging_mixin.py:188} INFO - [2025-07-22T08:55:04.905+0000] {dagbag.py:545} INFO - Filling up the DagBag from /home/airflow/.local/lib/python3.12/site-packages/airflow/example_dags/tutorial_objectstorage.py
[2025-07-22T08:55:04.917+0000] {processor.py:840} INFO - DAG(s) 'tutorial_objectstorage' retrieved from /home/airflow/.local/lib/python3.12/site-packages/airflow/example_dags/tutorial_objectstorage.py
[2025-07-22T08:55:04.957+0000] {logging_mixin.py:188} INFO - [2025-07-22T08:55:04.957+0000] {dag.py:3096} INFO - Sync 1 DAGs
[2025-07-22T08:55:04.993+0000] {logging_mixin.py:188} INFO - [2025-07-22T08:55:04.992+0000] {dag.py:3954} INFO - Setting next_dagrun for tutorial_objectstorage to None, run_after=None
[2025-07-22T08:55:05.046+0000] {processor.py:183} INFO - Processing /home/airflow/.local/lib/python3.12/site-packages/airflow/example_dags/tutorial_objectstorage.py took 0.161 seconds
[2025-07-22T08:55:35.387+0000] {processor.py:161} INFO - Started process (PID=476) to work on /home/airflow/.local/lib/python3.12/site-packages/airflow/example_dags/tutorial_objectstorage.py
[2025-07-22T08:55:35.389+0000] {processor.py:830} INFO - Processing file /home/airflow/.local/lib/python3.12/site-packages/airflow/example_dags/tutorial_objectstorage.py for tasks to queue
[2025-07-22T08:55:35.391+0000] {logging_mixin.py:188} INFO - [2025-07-22T08:55:35.391+0000] {dagbag.py:545} INFO - Filling up the DagBag from /home/airflow/.local/lib/python3.12/site-packages/airflow/example_dags/tutorial_objectstorage.py
[2025-07-22T08:55:35.400+0000] {processor.py:840} INFO - DAG(s) 'tutorial_objectstorage' retrieved from /home/airflow/.local/lib/python3.12/site-packages/airflow/example_dags/tutorial_objectstorage.py
[2025-07-22T08:55:35.422+0000] {logging_mixin.py:188} INFO - [2025-07-22T08:55:35.422+0000] {dag.py:3096} INFO - Sync 1 DAGs
[2025-07-22T08:55:35.436+0000] {logging_mixin.py:188} INFO - [2025-07-22T08:55:35.436+0000] {dag.py:3954} INFO - Setting next_dagrun for tutorial_objectstorage to None, run_after=None
[2025-07-22T08:55:35.459+0000] {processor.py:183} INFO - Processing /home/airflow/.local/lib/python3.12/site-packages/airflow/example_dags/tutorial_objectstorage.py took 0.079 seconds
[2025-07-22T08:56:06.039+0000] {processor.py:161} INFO - Started process (PID=534) to work on /home/airflow/.local/lib/python3.12/site-packages/airflow/example_dags/tutorial_objectstorage.py
[2025-07-22T08:56:06.040+0000] {processor.py:830} INFO - Processing file /home/airflow/.local/lib/python3.12/site-packages/airflow/example_dags/tutorial_objectstorage.py for tasks to queue
[2025-07-22T08:56:06.042+0000] {logging_mixin.py:188} INFO - [2025-07-22T08:56:06.042+0000] {dagbag.py:545} INFO - Filling up the DagBag from /home/airflow/.local/lib/python3.12/site-packages/airflow/example_dags/tutorial_objectstorage.py
[2025-07-22T08:56:06.050+0000] {processor.py:840} INFO - DAG(s) 'tutorial_objectstorage' retrieved from /home/airflow/.local/lib/python3.12/site-packages/airflow/example_dags/tutorial_objectstorage.py
[2025-07-22T08:56:06.072+0000] {logging_mixin.py:188} INFO - [2025-07-22T08:56:06.071+0000] {dag.py:3096} INFO - Sync 1 DAGs
[2025-07-22T08:56:06.088+0000] {logging_mixin.py:188} INFO - [2025-07-22T08:56:06.088+0000] {dag.py:3954} INFO - Setting next_dagrun for tutorial_objectstorage to None, run_after=None
[2025-07-22T08:56:06.110+0000] {processor.py:183} INFO - Processing /home/airflow/.local/lib/python3.12/site-packages/airflow/example_dags/tutorial_objectstorage.py took 0.077 seconds
[2025-07-22T08:56:36.414+0000] {processor.py:161} INFO - Started process (PID=592) to work on /home/airflow/.local/lib/python3.12/site-packages/airflow/example_dags/tutorial_objectstorage.py
[2025-07-22T08:56:36.417+0000] {processor.py:830} INFO - Processing file /home/airflow/.local/lib/python3.12/site-packages/airflow/example_dags/tutorial_objectstorage.py for tasks to queue
[2025-07-22T08:56:36.421+0000] {logging_mixin.py:188} INFO - [2025-07-22T08:56:36.420+0000] {dagbag.py:545} INFO - Filling up the DagBag from /home/airflow/.local/lib/python3.12/site-packages/airflow/example_dags/tutorial_objectstorage.py
[2025-07-22T08:56:36.432+0000] {processor.py:840} INFO - DAG(s) 'tutorial_objectstorage' retrieved from /home/airflow/.local/lib/python3.12/site-packages/airflow/example_dags/tutorial_objectstorage.py
[2025-07-22T08:56:36.456+0000] {logging_mixin.py:188} INFO - [2025-07-22T08:56:36.456+0000] {dag.py:3096} INFO - Sync 1 DAGs
[2025-07-22T08:56:36.471+0000] {logging_mixin.py:188} INFO - [2025-07-22T08:56:36.471+0000] {dag.py:3954} INFO - Setting next_dagrun for tutorial_objectstorage to None, run_after=None
[2025-07-22T08:56:36.498+0000] {processor.py:183} INFO - Processing /home/airflow/.local/lib/python3.12/site-packages/airflow/example_dags/tutorial_objectstorage.py took 0.096 seconds
[2025-07-22T08:57:06.553+0000] {processor.py:161} INFO - Started process (PID=652) to work on /home/airflow/.local/lib/python3.12/site-packages/airflow/example_dags/tutorial_objectstorage.py
[2025-07-22T08:57:06.555+0000] {processor.py:830} INFO - Processing file /home/airflow/.local/lib/python3.12/site-packages/airflow/example_dags/tutorial_objectstorage.py for tasks to queue
[2025-07-22T08:57:06.557+0000] {logging_mixin.py:188} INFO - [2025-07-22T08:57:06.557+0000] {dagbag.py:545} INFO - Filling up the DagBag from /home/airflow/.local/lib/python3.12/site-packages/airflow/example_dags/tutorial_objectstorage.py
[2025-07-22T08:57:06.565+0000] {processor.py:840} INFO - DAG(s) 'tutorial_objectstorage' retrieved from /home/airflow/.local/lib/python3.12/site-packages/airflow/example_dags/tutorial_objectstorage.py
[2025-07-22T08:57:06.589+0000] {logging_mixin.py:188} INFO - [2025-07-22T08:57:06.589+0000] {dag.py:3096} INFO - Sync 1 DAGs
[2025-07-22T08:57:06.604+0000] {logging_mixin.py:188} INFO - [2025-07-22T08:57:06.604+0000] {dag.py:3954} INFO - Setting next_dagrun for tutorial_objectstorage to None, run_after=None
[2025-07-22T08:57:06.636+0000] {processor.py:183} INFO - Processing /home/airflow/.local/lib/python3.12/site-packages/airflow/example_dags/tutorial_objectstorage.py took 0.089 seconds
[2025-07-22T08:57:36.803+0000] {processor.py:161} INFO - Started process (PID=712) to work on /home/airflow/.local/lib/python3.12/site-packages/airflow/example_dags/tutorial_objectstorage.py
[2025-07-22T08:57:36.804+0000] {processor.py:830} INFO - Processing file /home/airflow/.local/lib/python3.12/site-packages/airflow/example_dags/tutorial_objectstorage.py for tasks to queue
[2025-07-22T08:57:36.807+0000] {logging_mixin.py:188} INFO - [2025-07-22T08:57:36.806+0000] {dagbag.py:545} INFO - Filling up the DagBag from /home/airflow/.local/lib/python3.12/site-packages/airflow/example_dags/tutorial_objectstorage.py
[2025-07-22T08:57:36.814+0000] {processor.py:840} INFO - DAG(s) 'tutorial_objectstorage' retrieved from /home/airflow/.local/lib/python3.12/site-packages/airflow/example_dags/tutorial_objectstorage.py
[2025-07-22T08:57:36.836+0000] {logging_mixin.py:188} INFO - [2025-07-22T08:57:36.836+0000] {dag.py:3096} INFO - Sync 1 DAGs
[2025-07-22T08:57:36.850+0000] {logging_mixin.py:188} INFO - [2025-07-22T08:57:36.850+0000] {dag.py:3954} INFO - Setting next_dagrun for tutorial_objectstorage to None, run_after=None
[2025-07-22T08:57:36.874+0000] {processor.py:183} INFO - Processing /home/airflow/.local/lib/python3.12/site-packages/airflow/example_dags/tutorial_objectstorage.py took 0.077 seconds
[2025-07-22T08:58:07.559+0000] {processor.py:161} INFO - Started process (PID=772) to work on /home/airflow/.local/lib/python3.12/site-packages/airflow/example_dags/tutorial_objectstorage.py
[2025-07-22T08:58:07.560+0000] {processor.py:830} INFO - Processing file /home/airflow/.local/lib/python3.12/site-packages/airflow/example_dags/tutorial_objectstorage.py for tasks to queue
[2025-07-22T08:58:07.562+0000] {logging_mixin.py:188} INFO - [2025-07-22T08:58:07.562+0000] {dagbag.py:545} INFO - Filling up the DagBag from /home/airflow/.local/lib/python3.12/site-packages/airflow/example_dags/tutorial_objectstorage.py
[2025-07-22T08:58:07.570+0000] {processor.py:840} INFO - DAG(s) 'tutorial_objectstorage' retrieved from /home/airflow/.local/lib/python3.12/site-packages/airflow/example_dags/tutorial_objectstorage.py
[2025-07-22T08:58:07.592+0000] {logging_mixin.py:188} INFO - [2025-07-22T08:58:07.592+0000] {dag.py:3096} INFO - Sync 1 DAGs
[2025-07-22T08:58:07.606+0000] {logging_mixin.py:188} INFO - [2025-07-22T08:58:07.605+0000] {dag.py:3954} INFO - Setting next_dagrun for tutorial_objectstorage to None, run_after=None
[2025-07-22T08:58:07.639+0000] {processor.py:183} INFO - Processing /home/airflow/.local/lib/python3.12/site-packages/airflow/example_dags/tutorial_objectstorage.py took 0.087 seconds
[2025-07-22T08:58:38.284+0000] {processor.py:161} INFO - Started process (PID=832) to work on /home/airflow/.local/lib/python3.12/site-packages/airflow/example_dags/tutorial_objectstorage.py
[2025-07-22T08:58:38.285+0000] {processor.py:830} INFO - Processing file /home/airflow/.local/lib/python3.12/site-packages/airflow/example_dags/tutorial_objectstorage.py for tasks to queue
[2025-07-22T08:58:38.288+0000] {logging_mixin.py:188} INFO - [2025-07-22T08:58:38.287+0000] {dagbag.py:545} INFO - Filling up the DagBag from /home/airflow/.local/lib/python3.12/site-packages/airflow/example_dags/tutorial_objectstorage.py
[2025-07-22T08:58:38.295+0000] {processor.py:840} INFO - DAG(s) 'tutorial_objectstorage' retrieved from /home/airflow/.local/lib/python3.12/site-packages/airflow/example_dags/tutorial_objectstorage.py
[2025-07-22T08:58:38.316+0000] {logging_mixin.py:188} INFO - [2025-07-22T08:58:38.316+0000] {dag.py:3096} INFO - Sync 1 DAGs
[2025-07-22T08:58:38.329+0000] {logging_mixin.py:188} INFO - [2025-07-22T08:58:38.329+0000] {dag.py:3954} INFO - Setting next_dagrun for tutorial_objectstorage to None, run_after=None
[2025-07-22T08:58:38.354+0000] {processor.py:183} INFO - Processing /home/airflow/.local/lib/python3.12/site-packages/airflow/example_dags/tutorial_objectstorage.py took 0.076 seconds
[2025-07-22T08:59:09.018+0000] {processor.py:161} INFO - Started process (PID=892) to work on /home/airflow/.local/lib/python3.12/site-packages/airflow/example_dags/tutorial_objectstorage.py
[2025-07-22T08:59:09.020+0000] {processor.py:830} INFO - Processing file /home/airflow/.local/lib/python3.12/site-packages/airflow/example_dags/tutorial_objectstorage.py for tasks to queue
[2025-07-22T08:59:09.022+0000] {logging_mixin.py:188} INFO - [2025-07-22T08:59:09.022+0000] {dagbag.py:545} INFO - Filling up the DagBag from /home/airflow/.local/lib/python3.12/site-packages/airflow/example_dags/tutorial_objectstorage.py
[2025-07-22T08:59:09.032+0000] {processor.py:840} INFO - DAG(s) 'tutorial_objectstorage' retrieved from /home/airflow/.local/lib/python3.12/site-packages/airflow/example_dags/tutorial_objectstorage.py
[2025-07-22T08:59:09.058+0000] {logging_mixin.py:188} INFO - [2025-07-22T08:59:09.058+0000] {dag.py:3096} INFO - Sync 1 DAGs
[2025-07-22T08:59:09.078+0000] {logging_mixin.py:188} INFO - [2025-07-22T08:59:09.078+0000] {dag.py:3954} INFO - Setting next_dagrun for tutorial_objectstorage to None, run_after=None
[2025-07-22T08:59:09.100+0000] {processor.py:183} INFO - Processing /home/airflow/.local/lib/python3.12/site-packages/airflow/example_dags/tutorial_objectstorage.py took 0.089 seconds
[2025-07-22T08:59:40.012+0000] {processor.py:161} INFO - Started process (PID=952) to work on /home/airflow/.local/lib/python3.12/site-packages/airflow/example_dags/tutorial_objectstorage.py
[2025-07-22T08:59:40.013+0000] {processor.py:830} INFO - Processing file /home/airflow/.local/lib/python3.12/site-packages/airflow/example_dags/tutorial_objectstorage.py for tasks to queue
[2025-07-22T08:59:40.015+0000] {logging_mixin.py:188} INFO - [2025-07-22T08:59:40.015+0000] {dagbag.py:545} INFO - Filling up the DagBag from /home/airflow/.local/lib/python3.12/site-packages/airflow/example_dags/tutorial_objectstorage.py
[2025-07-22T08:59:40.025+0000] {processor.py:840} INFO - DAG(s) 'tutorial_objectstorage' retrieved from /home/airflow/.local/lib/python3.12/site-packages/airflow/example_dags/tutorial_objectstorage.py
[2025-07-22T08:59:40.049+0000] {logging_mixin.py:188} INFO - [2025-07-22T08:59:40.049+0000] {dag.py:3096} INFO - Sync 1 DAGs
[2025-07-22T08:59:40.063+0000] {logging_mixin.py:188} INFO - [2025-07-22T08:59:40.063+0000] {dag.py:3954} INFO - Setting next_dagrun for tutorial_objectstorage to None, run_after=None
[2025-07-22T08:59:40.087+0000] {processor.py:183} INFO - Processing /home/airflow/.local/lib/python3.12/site-packages/airflow/example_dags/tutorial_objectstorage.py took 0.081 seconds
[2025-07-22T09:00:10.552+0000] {processor.py:161} INFO - Started process (PID=1012) to work on /home/airflow/.local/lib/python3.12/site-packages/airflow/example_dags/tutorial_objectstorage.py
[2025-07-22T09:00:10.553+0000] {processor.py:830} INFO - Processing file /home/airflow/.local/lib/python3.12/site-packages/airflow/example_dags/tutorial_objectstorage.py for tasks to queue
[2025-07-22T09:00:10.556+0000] {logging_mixin.py:188} INFO - [2025-07-22T09:00:10.555+0000] {dagbag.py:545} INFO - Filling up the DagBag from /home/airflow/.local/lib/python3.12/site-packages/airflow/example_dags/tutorial_objectstorage.py
[2025-07-22T09:00:10.564+0000] {processor.py:840} INFO - DAG(s) 'tutorial_objectstorage' retrieved from /home/airflow/.local/lib/python3.12/site-packages/airflow/example_dags/tutorial_objectstorage.py
[2025-07-22T09:00:10.587+0000] {logging_mixin.py:188} INFO - [2025-07-22T09:00:10.587+0000] {dag.py:3096} INFO - Sync 1 DAGs
[2025-07-22T09:00:10.601+0000] {logging_mixin.py:188} INFO - [2025-07-22T09:00:10.601+0000] {dag.py:3954} INFO - Setting next_dagrun for tutorial_objectstorage to None, run_after=None
[2025-07-22T09:00:10.625+0000] {processor.py:183} INFO - Processing /home/airflow/.local/lib/python3.12/site-packages/airflow/example_dags/tutorial_objectstorage.py took 0.080 seconds
[2025-07-22T09:00:40.695+0000] {processor.py:161} INFO - Started process (PID=1072) to work on /home/airflow/.local/lib/python3.12/site-packages/airflow/example_dags/tutorial_objectstorage.py
[2025-07-22T09:00:40.696+0000] {processor.py:830} INFO - Processing file /home/airflow/.local/lib/python3.12/site-packages/airflow/example_dags/tutorial_objectstorage.py for tasks to queue
[2025-07-22T09:00:40.699+0000] {logging_mixin.py:188} INFO - [2025-07-22T09:00:40.698+0000] {dagbag.py:545} INFO - Filling up the DagBag from /home/airflow/.local/lib/python3.12/site-packages/airflow/example_dags/tutorial_objectstorage.py
[2025-07-22T09:00:40.706+0000] {processor.py:840} INFO - DAG(s) 'tutorial_objectstorage' retrieved from /home/airflow/.local/lib/python3.12/site-packages/airflow/example_dags/tutorial_objectstorage.py
[2025-07-22T09:00:40.726+0000] {logging_mixin.py:188} INFO - [2025-07-22T09:00:40.726+0000] {dag.py:3096} INFO - Sync 1 DAGs
[2025-07-22T09:00:40.739+0000] {logging_mixin.py:188} INFO - [2025-07-22T09:00:40.739+0000] {dag.py:3954} INFO - Setting next_dagrun for tutorial_objectstorage to None, run_after=None
[2025-07-22T09:00:40.762+0000] {processor.py:183} INFO - Processing /home/airflow/.local/lib/python3.12/site-packages/airflow/example_dags/tutorial_objectstorage.py took 0.073 seconds
[2025-07-22T09:01:11.561+0000] {processor.py:161} INFO - Started process (PID=1132) to work on /home/airflow/.local/lib/python3.12/site-packages/airflow/example_dags/tutorial_objectstorage.py
[2025-07-22T09:01:11.563+0000] {processor.py:830} INFO - Processing file /home/airflow/.local/lib/python3.12/site-packages/airflow/example_dags/tutorial_objectstorage.py for tasks to queue
[2025-07-22T09:01:11.565+0000] {logging_mixin.py:188} INFO - [2025-07-22T09:01:11.564+0000] {dagbag.py:545} INFO - Filling up the DagBag from /home/airflow/.local/lib/python3.12/site-packages/airflow/example_dags/tutorial_objectstorage.py
[2025-07-22T09:01:11.572+0000] {processor.py:840} INFO - DAG(s) 'tutorial_objectstorage' retrieved from /home/airflow/.local/lib/python3.12/site-packages/airflow/example_dags/tutorial_objectstorage.py
[2025-07-22T09:01:11.593+0000] {logging_mixin.py:188} INFO - [2025-07-22T09:01:11.593+0000] {dag.py:3096} INFO - Sync 1 DAGs
[2025-07-22T09:01:11.607+0000] {logging_mixin.py:188} INFO - [2025-07-22T09:01:11.607+0000] {dag.py:3954} INFO - Setting next_dagrun for tutorial_objectstorage to None, run_after=None
[2025-07-22T09:01:11.630+0000] {processor.py:183} INFO - Processing /home/airflow/.local/lib/python3.12/site-packages/airflow/example_dags/tutorial_objectstorage.py took 0.076 seconds
[2025-07-22T09:01:41.685+0000] {processor.py:161} INFO - Started process (PID=1192) to work on /home/airflow/.local/lib/python3.12/site-packages/airflow/example_dags/tutorial_objectstorage.py
[2025-07-22T09:01:41.686+0000] {processor.py:830} INFO - Processing file /home/airflow/.local/lib/python3.12/site-packages/airflow/example_dags/tutorial_objectstorage.py for tasks to queue
[2025-07-22T09:01:41.688+0000] {logging_mixin.py:188} INFO - [2025-07-22T09:01:41.688+0000] {dagbag.py:545} INFO - Filling up the DagBag from /home/airflow/.local/lib/python3.12/site-packages/airflow/example_dags/tutorial_objectstorage.py
[2025-07-22T09:01:41.696+0000] {processor.py:840} INFO - DAG(s) 'tutorial_objectstorage' retrieved from /home/airflow/.local/lib/python3.12/site-packages/airflow/example_dags/tutorial_objectstorage.py
[2025-07-22T09:01:41.718+0000] {logging_mixin.py:188} INFO - [2025-07-22T09:01:41.717+0000] {dag.py:3096} INFO - Sync 1 DAGs
[2025-07-22T09:01:41.731+0000] {logging_mixin.py:188} INFO - [2025-07-22T09:01:41.731+0000] {dag.py:3954} INFO - Setting next_dagrun for tutorial_objectstorage to None, run_after=None
[2025-07-22T09:01:41.753+0000] {processor.py:183} INFO - Processing /home/airflow/.local/lib/python3.12/site-packages/airflow/example_dags/tutorial_objectstorage.py took 0.074 seconds
[2025-07-22T09:02:11.953+0000] {processor.py:161} INFO - Started process (PID=1252) to work on /home/airflow/.local/lib/python3.12/site-packages/airflow/example_dags/tutorial_objectstorage.py
[2025-07-22T09:02:11.954+0000] {processor.py:830} INFO - Processing file /home/airflow/.local/lib/python3.12/site-packages/airflow/example_dags/tutorial_objectstorage.py for tasks to queue
[2025-07-22T09:02:11.957+0000] {logging_mixin.py:188} INFO - [2025-07-22T09:02:11.957+0000] {dagbag.py:545} INFO - Filling up the DagBag from /home/airflow/.local/lib/python3.12/site-packages/airflow/example_dags/tutorial_objectstorage.py
[2025-07-22T09:02:11.965+0000] {processor.py:840} INFO - DAG(s) 'tutorial_objectstorage' retrieved from /home/airflow/.local/lib/python3.12/site-packages/airflow/example_dags/tutorial_objectstorage.py
[2025-07-22T09:02:11.986+0000] {logging_mixin.py:188} INFO - [2025-07-22T09:02:11.985+0000] {dag.py:3096} INFO - Sync 1 DAGs
[2025-07-22T09:02:11.999+0000] {logging_mixin.py:188} INFO - [2025-07-22T09:02:11.999+0000] {dag.py:3954} INFO - Setting next_dagrun for tutorial_objectstorage to None, run_after=None
[2025-07-22T09:02:12.020+0000] {processor.py:183} INFO - Processing /home/airflow/.local/lib/python3.12/site-packages/airflow/example_dags/tutorial_objectstorage.py took 0.074 seconds
[2025-07-22T09:02:42.820+0000] {processor.py:161} INFO - Started process (PID=1312) to work on /home/airflow/.local/lib/python3.12/site-packages/airflow/example_dags/tutorial_objectstorage.py
[2025-07-22T09:02:42.821+0000] {processor.py:830} INFO - Processing file /home/airflow/.local/lib/python3.12/site-packages/airflow/example_dags/tutorial_objectstorage.py for tasks to queue
[2025-07-22T09:02:42.823+0000] {logging_mixin.py:188} INFO - [2025-07-22T09:02:42.823+0000] {dagbag.py:545} INFO - Filling up the DagBag from /home/airflow/.local/lib/python3.12/site-packages/airflow/example_dags/tutorial_objectstorage.py
[2025-07-22T09:02:42.830+0000] {processor.py:840} INFO - DAG(s) 'tutorial_objectstorage' retrieved from /home/airflow/.local/lib/python3.12/site-packages/airflow/example_dags/tutorial_objectstorage.py
[2025-07-22T09:02:42.851+0000] {logging_mixin.py:188} INFO - [2025-07-22T09:02:42.850+0000] {dag.py:3096} INFO - Sync 1 DAGs
[2025-07-22T09:02:42.864+0000] {logging_mixin.py:188} INFO - [2025-07-22T09:02:42.864+0000] {dag.py:3954} INFO - Setting next_dagrun for tutorial_objectstorage to None, run_after=None
[2025-07-22T09:02:42.887+0000] {processor.py:183} INFO - Processing /home/airflow/.local/lib/python3.12/site-packages/airflow/example_dags/tutorial_objectstorage.py took 0.073 seconds
[2025-07-22T09:03:13.147+0000] {processor.py:161} INFO - Started process (PID=1372) to work on /home/airflow/.local/lib/python3.12/site-packages/airflow/example_dags/tutorial_objectstorage.py
[2025-07-22T09:03:13.148+0000] {processor.py:830} INFO - Processing file /home/airflow/.local/lib/python3.12/site-packages/airflow/example_dags/tutorial_objectstorage.py for tasks to queue
[2025-07-22T09:03:13.150+0000] {logging_mixin.py:188} INFO - [2025-07-22T09:03:13.150+0000] {dagbag.py:545} INFO - Filling up the DagBag from /home/airflow/.local/lib/python3.12/site-packages/airflow/example_dags/tutorial_objectstorage.py
[2025-07-22T09:03:13.158+0000] {processor.py:840} INFO - DAG(s) 'tutorial_objectstorage' retrieved from /home/airflow/.local/lib/python3.12/site-packages/airflow/example_dags/tutorial_objectstorage.py
[2025-07-22T09:03:13.183+0000] {logging_mixin.py:188} INFO - [2025-07-22T09:03:13.183+0000] {dag.py:3096} INFO - Sync 1 DAGs
[2025-07-22T09:03:13.201+0000] {logging_mixin.py:188} INFO - [2025-07-22T09:03:13.201+0000] {dag.py:3954} INFO - Setting next_dagrun for tutorial_objectstorage to None, run_after=None
[2025-07-22T09:03:13.227+0000] {processor.py:183} INFO - Processing /home/airflow/.local/lib/python3.12/site-packages/airflow/example_dags/tutorial_objectstorage.py took 0.087 seconds
[2025-07-22T09:03:43.312+0000] {processor.py:161} INFO - Started process (PID=1431) to work on /home/airflow/.local/lib/python3.12/site-packages/airflow/example_dags/tutorial_objectstorage.py
[2025-07-22T09:03:43.313+0000] {processor.py:830} INFO - Processing file /home/airflow/.local/lib/python3.12/site-packages/airflow/example_dags/tutorial_objectstorage.py for tasks to queue
[2025-07-22T09:03:43.315+0000] {logging_mixin.py:188} INFO - [2025-07-22T09:03:43.315+0000] {dagbag.py:545} INFO - Filling up the DagBag from /home/airflow/.local/lib/python3.12/site-packages/airflow/example_dags/tutorial_objectstorage.py
[2025-07-22T09:03:43.323+0000] {processor.py:840} INFO - DAG(s) 'tutorial_objectstorage' retrieved from /home/airflow/.local/lib/python3.12/site-packages/airflow/example_dags/tutorial_objectstorage.py
[2025-07-22T09:03:43.343+0000] {logging_mixin.py:188} INFO - [2025-07-22T09:03:43.343+0000] {dag.py:3096} INFO - Sync 1 DAGs
[2025-07-22T09:03:43.357+0000] {logging_mixin.py:188} INFO - [2025-07-22T09:03:43.357+0000] {dag.py:3954} INFO - Setting next_dagrun for tutorial_objectstorage to None, run_after=None
[2025-07-22T09:03:43.383+0000] {processor.py:183} INFO - Processing /home/airflow/.local/lib/python3.12/site-packages/airflow/example_dags/tutorial_objectstorage.py took 0.077 seconds
[2025-07-22T09:04:13.859+0000] {processor.py:161} INFO - Started process (PID=1490) to work on /home/airflow/.local/lib/python3.12/site-packages/airflow/example_dags/tutorial_objectstorage.py
[2025-07-22T09:04:13.861+0000] {processor.py:830} INFO - Processing file /home/airflow/.local/lib/python3.12/site-packages/airflow/example_dags/tutorial_objectstorage.py for tasks to queue
[2025-07-22T09:04:13.863+0000] {logging_mixin.py:188} INFO - [2025-07-22T09:04:13.863+0000] {dagbag.py:545} INFO - Filling up the DagBag from /home/airflow/.local/lib/python3.12/site-packages/airflow/example_dags/tutorial_objectstorage.py
[2025-07-22T09:04:13.873+0000] {processor.py:840} INFO - DAG(s) 'tutorial_objectstorage' retrieved from /home/airflow/.local/lib/python3.12/site-packages/airflow/example_dags/tutorial_objectstorage.py
[2025-07-22T09:04:13.899+0000] {logging_mixin.py:188} INFO - [2025-07-22T09:04:13.898+0000] {dag.py:3096} INFO - Sync 1 DAGs
[2025-07-22T09:04:13.918+0000] {logging_mixin.py:188} INFO - [2025-07-22T09:04:13.918+0000] {dag.py:3954} INFO - Setting next_dagrun for tutorial_objectstorage to None, run_after=None
[2025-07-22T09:04:13.943+0000] {processor.py:183} INFO - Processing /home/airflow/.local/lib/python3.12/site-packages/airflow/example_dags/tutorial_objectstorage.py took 0.092 seconds
[2025-07-22T09:04:44.292+0000] {processor.py:161} INFO - Started process (PID=1550) to work on /home/airflow/.local/lib/python3.12/site-packages/airflow/example_dags/tutorial_objectstorage.py
[2025-07-22T09:04:44.294+0000] {processor.py:830} INFO - Processing file /home/airflow/.local/lib/python3.12/site-packages/airflow/example_dags/tutorial_objectstorage.py for tasks to queue
[2025-07-22T09:04:44.296+0000] {logging_mixin.py:188} INFO - [2025-07-22T09:04:44.296+0000] {dagbag.py:545} INFO - Filling up the DagBag from /home/airflow/.local/lib/python3.12/site-packages/airflow/example_dags/tutorial_objectstorage.py
[2025-07-22T09:04:44.304+0000] {processor.py:840} INFO - DAG(s) 'tutorial_objectstorage' retrieved from /home/airflow/.local/lib/python3.12/site-packages/airflow/example_dags/tutorial_objectstorage.py
[2025-07-22T09:04:44.326+0000] {logging_mixin.py:188} INFO - [2025-07-22T09:04:44.326+0000] {dag.py:3096} INFO - Sync 1 DAGs
[2025-07-22T09:04:44.340+0000] {logging_mixin.py:188} INFO - [2025-07-22T09:04:44.339+0000] {dag.py:3954} INFO - Setting next_dagrun for tutorial_objectstorage to None, run_after=None
[2025-07-22T09:04:44.361+0000] {processor.py:183} INFO - Processing /home/airflow/.local/lib/python3.12/site-packages/airflow/example_dags/tutorial_objectstorage.py took 0.076 seconds
[2025-07-22T09:05:14.912+0000] {processor.py:161} INFO - Started process (PID=1610) to work on /home/airflow/.local/lib/python3.12/site-packages/airflow/example_dags/tutorial_objectstorage.py
[2025-07-22T09:05:14.914+0000] {processor.py:830} INFO - Processing file /home/airflow/.local/lib/python3.12/site-packages/airflow/example_dags/tutorial_objectstorage.py for tasks to queue
[2025-07-22T09:05:14.916+0000] {logging_mixin.py:188} INFO - [2025-07-22T09:05:14.916+0000] {dagbag.py:545} INFO - Filling up the DagBag from /home/airflow/.local/lib/python3.12/site-packages/airflow/example_dags/tutorial_objectstorage.py
[2025-07-22T09:05:14.925+0000] {processor.py:840} INFO - DAG(s) 'tutorial_objectstorage' retrieved from /home/airflow/.local/lib/python3.12/site-packages/airflow/example_dags/tutorial_objectstorage.py
[2025-07-22T09:05:14.948+0000] {logging_mixin.py:188} INFO - [2025-07-22T09:05:14.948+0000] {dag.py:3096} INFO - Sync 1 DAGs
[2025-07-22T09:05:14.964+0000] {logging_mixin.py:188} INFO - [2025-07-22T09:05:14.963+0000] {dag.py:3954} INFO - Setting next_dagrun for tutorial_objectstorage to None, run_after=None
[2025-07-22T09:05:14.988+0000] {processor.py:183} INFO - Processing /home/airflow/.local/lib/python3.12/site-packages/airflow/example_dags/tutorial_objectstorage.py took 0.083 seconds
[2025-07-22T09:05:45.283+0000] {processor.py:161} INFO - Started process (PID=1670) to work on /home/airflow/.local/lib/python3.12/site-packages/airflow/example_dags/tutorial_objectstorage.py
[2025-07-22T09:05:45.284+0000] {processor.py:830} INFO - Processing file /home/airflow/.local/lib/python3.12/site-packages/airflow/example_dags/tutorial_objectstorage.py for tasks to queue
[2025-07-22T09:05:45.287+0000] {logging_mixin.py:188} INFO - [2025-07-22T09:05:45.286+0000] {dagbag.py:545} INFO - Filling up the DagBag from /home/airflow/.local/lib/python3.12/site-packages/airflow/example_dags/tutorial_objectstorage.py
[2025-07-22T09:05:45.294+0000] {processor.py:840} INFO - DAG(s) 'tutorial_objectstorage' retrieved from /home/airflow/.local/lib/python3.12/site-packages/airflow/example_dags/tutorial_objectstorage.py
[2025-07-22T09:05:45.315+0000] {logging_mixin.py:188} INFO - [2025-07-22T09:05:45.315+0000] {dag.py:3096} INFO - Sync 1 DAGs
[2025-07-22T09:05:45.328+0000] {logging_mixin.py:188} INFO - [2025-07-22T09:05:45.328+0000] {dag.py:3954} INFO - Setting next_dagrun for tutorial_objectstorage to None, run_after=None
[2025-07-22T09:05:45.350+0000] {processor.py:183} INFO - Processing /home/airflow/.local/lib/python3.12/site-packages/airflow/example_dags/tutorial_objectstorage.py took 0.074 seconds
[2025-07-22T09:06:15.404+0000] {processor.py:161} INFO - Started process (PID=1730) to work on /home/airflow/.local/lib/python3.12/site-packages/airflow/example_dags/tutorial_objectstorage.py
[2025-07-22T09:06:15.406+0000] {processor.py:830} INFO - Processing file /home/airflow/.local/lib/python3.12/site-packages/airflow/example_dags/tutorial_objectstorage.py for tasks to queue
[2025-07-22T09:06:15.408+0000] {logging_mixin.py:188} INFO - [2025-07-22T09:06:15.408+0000] {dagbag.py:545} INFO - Filling up the DagBag from /home/airflow/.local/lib/python3.12/site-packages/airflow/example_dags/tutorial_objectstorage.py
[2025-07-22T09:06:15.419+0000] {processor.py:840} INFO - DAG(s) 'tutorial_objectstorage' retrieved from /home/airflow/.local/lib/python3.12/site-packages/airflow/example_dags/tutorial_objectstorage.py
[2025-07-22T09:06:15.448+0000] {logging_mixin.py:188} INFO - [2025-07-22T09:06:15.448+0000] {dag.py:3096} INFO - Sync 1 DAGs
[2025-07-22T09:06:15.471+0000] {logging_mixin.py:188} INFO - [2025-07-22T09:06:15.471+0000] {dag.py:3954} INFO - Setting next_dagrun for tutorial_objectstorage to None, run_after=None
[2025-07-22T09:06:15.507+0000] {processor.py:183} INFO - Processing /home/airflow/.local/lib/python3.12/site-packages/airflow/example_dags/tutorial_objectstorage.py took 0.113 seconds
[2025-07-22T09:06:45.970+0000] {processor.py:161} INFO - Started process (PID=1790) to work on /home/airflow/.local/lib/python3.12/site-packages/airflow/example_dags/tutorial_objectstorage.py
[2025-07-22T09:06:45.972+0000] {processor.py:830} INFO - Processing file /home/airflow/.local/lib/python3.12/site-packages/airflow/example_dags/tutorial_objectstorage.py for tasks to queue
[2025-07-22T09:06:45.974+0000] {logging_mixin.py:188} INFO - [2025-07-22T09:06:45.974+0000] {dagbag.py:545} INFO - Filling up the DagBag from /home/airflow/.local/lib/python3.12/site-packages/airflow/example_dags/tutorial_objectstorage.py
[2025-07-22T09:06:45.982+0000] {processor.py:840} INFO - DAG(s) 'tutorial_objectstorage' retrieved from /home/airflow/.local/lib/python3.12/site-packages/airflow/example_dags/tutorial_objectstorage.py
[2025-07-22T09:06:46.004+0000] {logging_mixin.py:188} INFO - [2025-07-22T09:06:46.004+0000] {dag.py:3096} INFO - Sync 1 DAGs
[2025-07-22T09:06:46.018+0000] {logging_mixin.py:188} INFO - [2025-07-22T09:06:46.018+0000] {dag.py:3954} INFO - Setting next_dagrun for tutorial_objectstorage to None, run_after=None
[2025-07-22T09:06:46.042+0000] {processor.py:183} INFO - Processing /home/airflow/.local/lib/python3.12/site-packages/airflow/example_dags/tutorial_objectstorage.py took 0.078 seconds
[2025-07-22T09:07:16.568+0000] {processor.py:161} INFO - Started process (PID=1850) to work on /home/airflow/.local/lib/python3.12/site-packages/airflow/example_dags/tutorial_objectstorage.py
[2025-07-22T09:07:16.571+0000] {processor.py:830} INFO - Processing file /home/airflow/.local/lib/python3.12/site-packages/airflow/example_dags/tutorial_objectstorage.py for tasks to queue
[2025-07-22T09:07:16.574+0000] {logging_mixin.py:188} INFO - [2025-07-22T09:07:16.573+0000] {dagbag.py:545} INFO - Filling up the DagBag from /home/airflow/.local/lib/python3.12/site-packages/airflow/example_dags/tutorial_objectstorage.py
[2025-07-22T09:07:16.585+0000] {processor.py:840} INFO - DAG(s) 'tutorial_objectstorage' retrieved from /home/airflow/.local/lib/python3.12/site-packages/airflow/example_dags/tutorial_objectstorage.py
[2025-07-22T09:07:16.612+0000] {logging_mixin.py:188} INFO - [2025-07-22T09:07:16.612+0000] {dag.py:3096} INFO - Sync 1 DAGs
[2025-07-22T09:07:16.630+0000] {logging_mixin.py:188} INFO - [2025-07-22T09:07:16.630+0000] {dag.py:3954} INFO - Setting next_dagrun for tutorial_objectstorage to None, run_after=None
[2025-07-22T09:07:16.661+0000] {processor.py:183} INFO - Processing /home/airflow/.local/lib/python3.12/site-packages/airflow/example_dags/tutorial_objectstorage.py took 0.103 seconds
[2025-07-22T09:07:46.923+0000] {processor.py:161} INFO - Started process (PID=1910) to work on /home/airflow/.local/lib/python3.12/site-packages/airflow/example_dags/tutorial_objectstorage.py
[2025-07-22T09:07:46.925+0000] {processor.py:830} INFO - Processing file /home/airflow/.local/lib/python3.12/site-packages/airflow/example_dags/tutorial_objectstorage.py for tasks to queue
[2025-07-22T09:07:46.927+0000] {logging_mixin.py:188} INFO - [2025-07-22T09:07:46.927+0000] {dagbag.py:545} INFO - Filling up the DagBag from /home/airflow/.local/lib/python3.12/site-packages/airflow/example_dags/tutorial_objectstorage.py
[2025-07-22T09:07:46.935+0000] {processor.py:840} INFO - DAG(s) 'tutorial_objectstorage' retrieved from /home/airflow/.local/lib/python3.12/site-packages/airflow/example_dags/tutorial_objectstorage.py
[2025-07-22T09:07:46.959+0000] {logging_mixin.py:188} INFO - [2025-07-22T09:07:46.959+0000] {dag.py:3096} INFO - Sync 1 DAGs
[2025-07-22T09:07:46.974+0000] {logging_mixin.py:188} INFO - [2025-07-22T09:07:46.973+0000] {dag.py:3954} INFO - Setting next_dagrun for tutorial_objectstorage to None, run_after=None
[2025-07-22T09:07:46.997+0000] {processor.py:183} INFO - Processing /home/airflow/.local/lib/python3.12/site-packages/airflow/example_dags/tutorial_objectstorage.py took 0.080 seconds
[2025-07-22T09:08:17.331+0000] {processor.py:161} INFO - Started process (PID=1970) to work on /home/airflow/.local/lib/python3.12/site-packages/airflow/example_dags/tutorial_objectstorage.py
[2025-07-22T09:08:17.332+0000] {processor.py:830} INFO - Processing file /home/airflow/.local/lib/python3.12/site-packages/airflow/example_dags/tutorial_objectstorage.py for tasks to queue
[2025-07-22T09:08:17.336+0000] {logging_mixin.py:188} INFO - [2025-07-22T09:08:17.336+0000] {dagbag.py:545} INFO - Filling up the DagBag from /home/airflow/.local/lib/python3.12/site-packages/airflow/example_dags/tutorial_objectstorage.py
[2025-07-22T09:08:17.350+0000] {processor.py:840} INFO - DAG(s) 'tutorial_objectstorage' retrieved from /home/airflow/.local/lib/python3.12/site-packages/airflow/example_dags/tutorial_objectstorage.py
[2025-07-22T09:08:17.387+0000] {logging_mixin.py:188} INFO - [2025-07-22T09:08:17.387+0000] {dag.py:3096} INFO - Sync 1 DAGs
[2025-07-22T09:08:17.412+0000] {logging_mixin.py:188} INFO - [2025-07-22T09:08:17.411+0000] {dag.py:3954} INFO - Setting next_dagrun for tutorial_objectstorage to None, run_after=None
[2025-07-22T09:08:17.447+0000] {processor.py:183} INFO - Processing /home/airflow/.local/lib/python3.12/site-packages/airflow/example_dags/tutorial_objectstorage.py took 0.125 seconds
[2025-07-22T09:08:47.525+0000] {processor.py:161} INFO - Started process (PID=2030) to work on /home/airflow/.local/lib/python3.12/site-packages/airflow/example_dags/tutorial_objectstorage.py
[2025-07-22T09:08:47.526+0000] {processor.py:830} INFO - Processing file /home/airflow/.local/lib/python3.12/site-packages/airflow/example_dags/tutorial_objectstorage.py for tasks to queue
[2025-07-22T09:08:47.528+0000] {logging_mixin.py:188} INFO - [2025-07-22T09:08:47.528+0000] {dagbag.py:545} INFO - Filling up the DagBag from /home/airflow/.local/lib/python3.12/site-packages/airflow/example_dags/tutorial_objectstorage.py
[2025-07-22T09:08:47.535+0000] {processor.py:840} INFO - DAG(s) 'tutorial_objectstorage' retrieved from /home/airflow/.local/lib/python3.12/site-packages/airflow/example_dags/tutorial_objectstorage.py
[2025-07-22T09:08:47.556+0000] {logging_mixin.py:188} INFO - [2025-07-22T09:08:47.555+0000] {dag.py:3096} INFO - Sync 1 DAGs
[2025-07-22T09:08:47.569+0000] {logging_mixin.py:188} INFO - [2025-07-22T09:08:47.569+0000] {dag.py:3954} INFO - Setting next_dagrun for tutorial_objectstorage to None, run_after=None
[2025-07-22T09:08:47.591+0000] {processor.py:183} INFO - Processing /home/airflow/.local/lib/python3.12/site-packages/airflow/example_dags/tutorial_objectstorage.py took 0.073 seconds
[2025-07-22T09:09:17.945+0000] {processor.py:161} INFO - Started process (PID=2090) to work on /home/airflow/.local/lib/python3.12/site-packages/airflow/example_dags/tutorial_objectstorage.py
[2025-07-22T09:09:17.947+0000] {processor.py:830} INFO - Processing file /home/airflow/.local/lib/python3.12/site-packages/airflow/example_dags/tutorial_objectstorage.py for tasks to queue
[2025-07-22T09:09:17.950+0000] {logging_mixin.py:188} INFO - [2025-07-22T09:09:17.949+0000] {dagbag.py:545} INFO - Filling up the DagBag from /home/airflow/.local/lib/python3.12/site-packages/airflow/example_dags/tutorial_objectstorage.py
[2025-07-22T09:09:17.961+0000] {processor.py:840} INFO - DAG(s) 'tutorial_objectstorage' retrieved from /home/airflow/.local/lib/python3.12/site-packages/airflow/example_dags/tutorial_objectstorage.py
[2025-07-22T09:09:17.987+0000] {logging_mixin.py:188} INFO - [2025-07-22T09:09:17.987+0000] {dag.py:3096} INFO - Sync 1 DAGs
[2025-07-22T09:09:18.003+0000] {logging_mixin.py:188} INFO - [2025-07-22T09:09:18.003+0000] {dag.py:3954} INFO - Setting next_dagrun for tutorial_objectstorage to None, run_after=None
[2025-07-22T09:09:18.029+0000] {processor.py:183} INFO - Processing /home/airflow/.local/lib/python3.12/site-packages/airflow/example_dags/tutorial_objectstorage.py took 0.091 seconds
[2025-07-22T09:09:48.210+0000] {processor.py:161} INFO - Started process (PID=2148) to work on /home/airflow/.local/lib/python3.12/site-packages/airflow/example_dags/tutorial_objectstorage.py
[2025-07-22T09:09:48.211+0000] {processor.py:830} INFO - Processing file /home/airflow/.local/lib/python3.12/site-packages/airflow/example_dags/tutorial_objectstorage.py for tasks to queue
[2025-07-22T09:09:48.214+0000] {logging_mixin.py:188} INFO - [2025-07-22T09:09:48.213+0000] {dagbag.py:545} INFO - Filling up the DagBag from /home/airflow/.local/lib/python3.12/site-packages/airflow/example_dags/tutorial_objectstorage.py
[2025-07-22T09:09:48.222+0000] {processor.py:840} INFO - DAG(s) 'tutorial_objectstorage' retrieved from /home/airflow/.local/lib/python3.12/site-packages/airflow/example_dags/tutorial_objectstorage.py
[2025-07-22T09:09:48.244+0000] {logging_mixin.py:188} INFO - [2025-07-22T09:09:48.244+0000] {dag.py:3096} INFO - Sync 1 DAGs
[2025-07-22T09:09:48.259+0000] {logging_mixin.py:188} INFO - [2025-07-22T09:09:48.258+0000] {dag.py:3954} INFO - Setting next_dagrun for tutorial_objectstorage to None, run_after=None
[2025-07-22T09:09:48.285+0000] {processor.py:183} INFO - Processing /home/airflow/.local/lib/python3.12/site-packages/airflow/example_dags/tutorial_objectstorage.py took 0.082 seconds
[2025-07-22T09:10:18.750+0000] {processor.py:161} INFO - Started process (PID=2208) to work on /home/airflow/.local/lib/python3.12/site-packages/airflow/example_dags/tutorial_objectstorage.py
[2025-07-22T09:10:18.751+0000] {processor.py:830} INFO - Processing file /home/airflow/.local/lib/python3.12/site-packages/airflow/example_dags/tutorial_objectstorage.py for tasks to queue
[2025-07-22T09:10:18.754+0000] {logging_mixin.py:188} INFO - [2025-07-22T09:10:18.754+0000] {dagbag.py:545} INFO - Filling up the DagBag from /home/airflow/.local/lib/python3.12/site-packages/airflow/example_dags/tutorial_objectstorage.py
[2025-07-22T09:10:18.768+0000] {processor.py:840} INFO - DAG(s) 'tutorial_objectstorage' retrieved from /home/airflow/.local/lib/python3.12/site-packages/airflow/example_dags/tutorial_objectstorage.py
[2025-07-22T09:10:18.796+0000] {logging_mixin.py:188} INFO - [2025-07-22T09:10:18.796+0000] {dag.py:3096} INFO - Sync 1 DAGs
[2025-07-22T09:10:18.813+0000] {logging_mixin.py:188} INFO - [2025-07-22T09:10:18.813+0000] {dag.py:3954} INFO - Setting next_dagrun for tutorial_objectstorage to None, run_after=None
[2025-07-22T09:10:18.843+0000] {processor.py:183} INFO - Processing /home/airflow/.local/lib/python3.12/site-packages/airflow/example_dags/tutorial_objectstorage.py took 0.101 seconds
[2025-07-22T09:10:49.094+0000] {processor.py:161} INFO - Started process (PID=2268) to work on /home/airflow/.local/lib/python3.12/site-packages/airflow/example_dags/tutorial_objectstorage.py
[2025-07-22T09:10:49.096+0000] {processor.py:830} INFO - Processing file /home/airflow/.local/lib/python3.12/site-packages/airflow/example_dags/tutorial_objectstorage.py for tasks to queue
[2025-07-22T09:10:49.098+0000] {logging_mixin.py:188} INFO - [2025-07-22T09:10:49.098+0000] {dagbag.py:545} INFO - Filling up the DagBag from /home/airflow/.local/lib/python3.12/site-packages/airflow/example_dags/tutorial_objectstorage.py
[2025-07-22T09:10:49.106+0000] {processor.py:840} INFO - DAG(s) 'tutorial_objectstorage' retrieved from /home/airflow/.local/lib/python3.12/site-packages/airflow/example_dags/tutorial_objectstorage.py
[2025-07-22T09:10:49.140+0000] {logging_mixin.py:188} INFO - [2025-07-22T09:10:49.139+0000] {dag.py:3096} INFO - Sync 1 DAGs
[2025-07-22T09:10:49.174+0000] {logging_mixin.py:188} INFO - [2025-07-22T09:10:49.174+0000] {dag.py:3954} INFO - Setting next_dagrun for tutorial_objectstorage to None, run_after=None
[2025-07-22T09:10:49.215+0000] {processor.py:183} INFO - Processing /home/airflow/.local/lib/python3.12/site-packages/airflow/example_dags/tutorial_objectstorage.py took 0.128 seconds
[2025-07-22T09:11:19.430+0000] {processor.py:161} INFO - Started process (PID=2328) to work on /home/airflow/.local/lib/python3.12/site-packages/airflow/example_dags/tutorial_objectstorage.py
[2025-07-22T09:11:19.431+0000] {processor.py:830} INFO - Processing file /home/airflow/.local/lib/python3.12/site-packages/airflow/example_dags/tutorial_objectstorage.py for tasks to queue
[2025-07-22T09:11:19.433+0000] {logging_mixin.py:188} INFO - [2025-07-22T09:11:19.433+0000] {dagbag.py:545} INFO - Filling up the DagBag from /home/airflow/.local/lib/python3.12/site-packages/airflow/example_dags/tutorial_objectstorage.py
[2025-07-22T09:11:19.441+0000] {processor.py:840} INFO - DAG(s) 'tutorial_objectstorage' retrieved from /home/airflow/.local/lib/python3.12/site-packages/airflow/example_dags/tutorial_objectstorage.py
[2025-07-22T09:11:19.463+0000] {logging_mixin.py:188} INFO - [2025-07-22T09:11:19.463+0000] {dag.py:3096} INFO - Sync 1 DAGs
[2025-07-22T09:11:19.477+0000] {logging_mixin.py:188} INFO - [2025-07-22T09:11:19.477+0000] {dag.py:3954} INFO - Setting next_dagrun for tutorial_objectstorage to None, run_after=None
[2025-07-22T09:11:19.503+0000] {processor.py:183} INFO - Processing /home/airflow/.local/lib/python3.12/site-packages/airflow/example_dags/tutorial_objectstorage.py took 0.080 seconds
[2025-07-22T09:11:49.719+0000] {processor.py:161} INFO - Started process (PID=2388) to work on /home/airflow/.local/lib/python3.12/site-packages/airflow/example_dags/tutorial_objectstorage.py
[2025-07-22T09:11:49.720+0000] {processor.py:830} INFO - Processing file /home/airflow/.local/lib/python3.12/site-packages/airflow/example_dags/tutorial_objectstorage.py for tasks to queue
[2025-07-22T09:11:49.722+0000] {logging_mixin.py:188} INFO - [2025-07-22T09:11:49.722+0000] {dagbag.py:545} INFO - Filling up the DagBag from /home/airflow/.local/lib/python3.12/site-packages/airflow/example_dags/tutorial_objectstorage.py
[2025-07-22T09:11:49.731+0000] {processor.py:840} INFO - DAG(s) 'tutorial_objectstorage' retrieved from /home/airflow/.local/lib/python3.12/site-packages/airflow/example_dags/tutorial_objectstorage.py
[2025-07-22T09:11:49.751+0000] {logging_mixin.py:188} INFO - [2025-07-22T09:11:49.751+0000] {dag.py:3096} INFO - Sync 1 DAGs
[2025-07-22T09:11:49.765+0000] {logging_mixin.py:188} INFO - [2025-07-22T09:11:49.765+0000] {dag.py:3954} INFO - Setting next_dagrun for tutorial_objectstorage to None, run_after=None
[2025-07-22T09:11:49.786+0000] {processor.py:183} INFO - Processing /home/airflow/.local/lib/python3.12/site-packages/airflow/example_dags/tutorial_objectstorage.py took 0.074 seconds
[2025-07-22T09:12:20.337+0000] {processor.py:161} INFO - Started process (PID=2448) to work on /home/airflow/.local/lib/python3.12/site-packages/airflow/example_dags/tutorial_objectstorage.py
[2025-07-22T09:12:20.339+0000] {processor.py:830} INFO - Processing file /home/airflow/.local/lib/python3.12/site-packages/airflow/example_dags/tutorial_objectstorage.py for tasks to queue
[2025-07-22T09:12:20.341+0000] {logging_mixin.py:188} INFO - [2025-07-22T09:12:20.341+0000] {dagbag.py:545} INFO - Filling up the DagBag from /home/airflow/.local/lib/python3.12/site-packages/airflow/example_dags/tutorial_objectstorage.py
[2025-07-22T09:12:20.350+0000] {processor.py:840} INFO - DAG(s) 'tutorial_objectstorage' retrieved from /home/airflow/.local/lib/python3.12/site-packages/airflow/example_dags/tutorial_objectstorage.py
[2025-07-22T09:12:20.373+0000] {logging_mixin.py:188} INFO - [2025-07-22T09:12:20.373+0000] {dag.py:3096} INFO - Sync 1 DAGs
[2025-07-22T09:12:20.391+0000] {logging_mixin.py:188} INFO - [2025-07-22T09:12:20.391+0000] {dag.py:3954} INFO - Setting next_dagrun for tutorial_objectstorage to None, run_after=None
[2025-07-22T09:12:20.414+0000] {processor.py:183} INFO - Processing /home/airflow/.local/lib/python3.12/site-packages/airflow/example_dags/tutorial_objectstorage.py took 0.084 seconds
[2025-07-22T09:12:50.508+0000] {processor.py:161} INFO - Started process (PID=2508) to work on /home/airflow/.local/lib/python3.12/site-packages/airflow/example_dags/tutorial_objectstorage.py
[2025-07-22T09:12:50.510+0000] {processor.py:830} INFO - Processing file /home/airflow/.local/lib/python3.12/site-packages/airflow/example_dags/tutorial_objectstorage.py for tasks to queue
[2025-07-22T09:12:50.513+0000] {logging_mixin.py:188} INFO - [2025-07-22T09:12:50.512+0000] {dagbag.py:545} INFO - Filling up the DagBag from /home/airflow/.local/lib/python3.12/site-packages/airflow/example_dags/tutorial_objectstorage.py
[2025-07-22T09:12:50.523+0000] {processor.py:840} INFO - DAG(s) 'tutorial_objectstorage' retrieved from /home/airflow/.local/lib/python3.12/site-packages/airflow/example_dags/tutorial_objectstorage.py
[2025-07-22T09:12:50.548+0000] {logging_mixin.py:188} INFO - [2025-07-22T09:12:50.548+0000] {dag.py:3096} INFO - Sync 1 DAGs
[2025-07-22T09:12:50.565+0000] {logging_mixin.py:188} INFO - [2025-07-22T09:12:50.565+0000] {dag.py:3954} INFO - Setting next_dagrun for tutorial_objectstorage to None, run_after=None
[2025-07-22T09:12:50.602+0000] {processor.py:183} INFO - Processing /home/airflow/.local/lib/python3.12/site-packages/airflow/example_dags/tutorial_objectstorage.py took 0.103 seconds
[2025-07-22T09:13:21.025+0000] {processor.py:161} INFO - Started process (PID=2568) to work on /home/airflow/.local/lib/python3.12/site-packages/airflow/example_dags/tutorial_objectstorage.py
[2025-07-22T09:13:21.027+0000] {processor.py:830} INFO - Processing file /home/airflow/.local/lib/python3.12/site-packages/airflow/example_dags/tutorial_objectstorage.py for tasks to queue
[2025-07-22T09:13:21.029+0000] {logging_mixin.py:188} INFO - [2025-07-22T09:13:21.029+0000] {dagbag.py:545} INFO - Filling up the DagBag from /home/airflow/.local/lib/python3.12/site-packages/airflow/example_dags/tutorial_objectstorage.py
[2025-07-22T09:13:21.037+0000] {processor.py:840} INFO - DAG(s) 'tutorial_objectstorage' retrieved from /home/airflow/.local/lib/python3.12/site-packages/airflow/example_dags/tutorial_objectstorage.py
[2025-07-22T09:13:21.060+0000] {logging_mixin.py:188} INFO - [2025-07-22T09:13:21.060+0000] {dag.py:3096} INFO - Sync 1 DAGs
[2025-07-22T09:13:21.074+0000] {logging_mixin.py:188} INFO - [2025-07-22T09:13:21.073+0000] {dag.py:3954} INFO - Setting next_dagrun for tutorial_objectstorage to None, run_after=None
[2025-07-22T09:13:21.096+0000] {processor.py:183} INFO - Processing /home/airflow/.local/lib/python3.12/site-packages/airflow/example_dags/tutorial_objectstorage.py took 0.077 seconds
[2025-07-22T09:13:51.239+0000] {processor.py:161} INFO - Started process (PID=2628) to work on /home/airflow/.local/lib/python3.12/site-packages/airflow/example_dags/tutorial_objectstorage.py
[2025-07-22T09:13:51.241+0000] {processor.py:830} INFO - Processing file /home/airflow/.local/lib/python3.12/site-packages/airflow/example_dags/tutorial_objectstorage.py for tasks to queue
[2025-07-22T09:13:51.244+0000] {logging_mixin.py:188} INFO - [2025-07-22T09:13:51.243+0000] {dagbag.py:545} INFO - Filling up the DagBag from /home/airflow/.local/lib/python3.12/site-packages/airflow/example_dags/tutorial_objectstorage.py
[2025-07-22T09:13:51.252+0000] {processor.py:840} INFO - DAG(s) 'tutorial_objectstorage' retrieved from /home/airflow/.local/lib/python3.12/site-packages/airflow/example_dags/tutorial_objectstorage.py
[2025-07-22T09:13:51.277+0000] {logging_mixin.py:188} INFO - [2025-07-22T09:13:51.277+0000] {dag.py:3096} INFO - Sync 1 DAGs
[2025-07-22T09:13:51.293+0000] {logging_mixin.py:188} INFO - [2025-07-22T09:13:51.293+0000] {dag.py:3954} INFO - Setting next_dagrun for tutorial_objectstorage to None, run_after=None
[2025-07-22T09:13:51.323+0000] {processor.py:183} INFO - Processing /home/airflow/.local/lib/python3.12/site-packages/airflow/example_dags/tutorial_objectstorage.py took 0.091 seconds
[2025-07-22T09:14:21.381+0000] {processor.py:161} INFO - Started process (PID=2689) to work on /home/airflow/.local/lib/python3.12/site-packages/airflow/example_dags/tutorial_objectstorage.py
[2025-07-22T09:14:21.383+0000] {processor.py:830} INFO - Processing file /home/airflow/.local/lib/python3.12/site-packages/airflow/example_dags/tutorial_objectstorage.py for tasks to queue
[2025-07-22T09:14:21.385+0000] {logging_mixin.py:188} INFO - [2025-07-22T09:14:21.385+0000] {dagbag.py:545} INFO - Filling up the DagBag from /home/airflow/.local/lib/python3.12/site-packages/airflow/example_dags/tutorial_objectstorage.py
[2025-07-22T09:14:21.393+0000] {processor.py:840} INFO - DAG(s) 'tutorial_objectstorage' retrieved from /home/airflow/.local/lib/python3.12/site-packages/airflow/example_dags/tutorial_objectstorage.py
[2025-07-22T09:14:21.414+0000] {logging_mixin.py:188} INFO - [2025-07-22T09:14:21.413+0000] {dag.py:3096} INFO - Sync 1 DAGs
[2025-07-22T09:14:21.428+0000] {logging_mixin.py:188} INFO - [2025-07-22T09:14:21.427+0000] {dag.py:3954} INFO - Setting next_dagrun for tutorial_objectstorage to None, run_after=None
[2025-07-22T09:14:21.458+0000] {processor.py:183} INFO - Processing /home/airflow/.local/lib/python3.12/site-packages/airflow/example_dags/tutorial_objectstorage.py took 0.083 seconds
[2025-07-22T09:14:51.530+0000] {processor.py:161} INFO - Started process (PID=2749) to work on /home/airflow/.local/lib/python3.12/site-packages/airflow/example_dags/tutorial_objectstorage.py
[2025-07-22T09:14:51.532+0000] {processor.py:830} INFO - Processing file /home/airflow/.local/lib/python3.12/site-packages/airflow/example_dags/tutorial_objectstorage.py for tasks to queue
[2025-07-22T09:14:51.534+0000] {logging_mixin.py:188} INFO - [2025-07-22T09:14:51.533+0000] {dagbag.py:545} INFO - Filling up the DagBag from /home/airflow/.local/lib/python3.12/site-packages/airflow/example_dags/tutorial_objectstorage.py
[2025-07-22T09:14:51.542+0000] {processor.py:840} INFO - DAG(s) 'tutorial_objectstorage' retrieved from /home/airflow/.local/lib/python3.12/site-packages/airflow/example_dags/tutorial_objectstorage.py
[2025-07-22T09:14:51.563+0000] {logging_mixin.py:188} INFO - [2025-07-22T09:14:51.563+0000] {dag.py:3096} INFO - Sync 1 DAGs
[2025-07-22T09:14:51.576+0000] {logging_mixin.py:188} INFO - [2025-07-22T09:14:51.576+0000] {dag.py:3954} INFO - Setting next_dagrun for tutorial_objectstorage to None, run_after=None
[2025-07-22T09:14:51.602+0000] {processor.py:183} INFO - Processing /home/airflow/.local/lib/python3.12/site-packages/airflow/example_dags/tutorial_objectstorage.py took 0.079 seconds
[2025-07-22T09:15:21.688+0000] {processor.py:161} INFO - Started process (PID=2809) to work on /home/airflow/.local/lib/python3.12/site-packages/airflow/example_dags/tutorial_objectstorage.py
[2025-07-22T09:15:21.690+0000] {processor.py:830} INFO - Processing file /home/airflow/.local/lib/python3.12/site-packages/airflow/example_dags/tutorial_objectstorage.py for tasks to queue
[2025-07-22T09:15:21.693+0000] {logging_mixin.py:188} INFO - [2025-07-22T09:15:21.693+0000] {dagbag.py:545} INFO - Filling up the DagBag from /home/airflow/.local/lib/python3.12/site-packages/airflow/example_dags/tutorial_objectstorage.py
[2025-07-22T09:15:21.705+0000] {processor.py:840} INFO - DAG(s) 'tutorial_objectstorage' retrieved from /home/airflow/.local/lib/python3.12/site-packages/airflow/example_dags/tutorial_objectstorage.py
[2025-07-22T09:15:21.755+0000] {logging_mixin.py:188} INFO - [2025-07-22T09:15:21.754+0000] {dag.py:3096} INFO - Sync 1 DAGs
[2025-07-22T09:15:21.793+0000] {logging_mixin.py:188} INFO - [2025-07-22T09:15:21.793+0000] {dag.py:3954} INFO - Setting next_dagrun for tutorial_objectstorage to None, run_after=None
[2025-07-22T09:15:21.848+0000] {processor.py:183} INFO - Processing /home/airflow/.local/lib/python3.12/site-packages/airflow/example_dags/tutorial_objectstorage.py took 0.169 seconds
[2025-07-22T09:15:51.963+0000] {processor.py:161} INFO - Started process (PID=2869) to work on /home/airflow/.local/lib/python3.12/site-packages/airflow/example_dags/tutorial_objectstorage.py
[2025-07-22T09:15:51.964+0000] {processor.py:830} INFO - Processing file /home/airflow/.local/lib/python3.12/site-packages/airflow/example_dags/tutorial_objectstorage.py for tasks to queue
[2025-07-22T09:15:51.968+0000] {logging_mixin.py:188} INFO - [2025-07-22T09:15:51.967+0000] {dagbag.py:545} INFO - Filling up the DagBag from /home/airflow/.local/lib/python3.12/site-packages/airflow/example_dags/tutorial_objectstorage.py
[2025-07-22T09:15:51.976+0000] {processor.py:840} INFO - DAG(s) 'tutorial_objectstorage' retrieved from /home/airflow/.local/lib/python3.12/site-packages/airflow/example_dags/tutorial_objectstorage.py
[2025-07-22T09:15:52.002+0000] {logging_mixin.py:188} INFO - [2025-07-22T09:15:52.001+0000] {dag.py:3096} INFO - Sync 1 DAGs
[2025-07-22T09:15:52.019+0000] {logging_mixin.py:188} INFO - [2025-07-22T09:15:52.019+0000] {dag.py:3954} INFO - Setting next_dagrun for tutorial_objectstorage to None, run_after=None
[2025-07-22T09:15:52.047+0000] {processor.py:183} INFO - Processing /home/airflow/.local/lib/python3.12/site-packages/airflow/example_dags/tutorial_objectstorage.py took 0.092 seconds
[2025-07-22T09:16:22.466+0000] {processor.py:161} INFO - Started process (PID=2929) to work on /home/airflow/.local/lib/python3.12/site-packages/airflow/example_dags/tutorial_objectstorage.py
[2025-07-22T09:16:22.468+0000] {processor.py:830} INFO - Processing file /home/airflow/.local/lib/python3.12/site-packages/airflow/example_dags/tutorial_objectstorage.py for tasks to queue
[2025-07-22T09:16:22.470+0000] {logging_mixin.py:188} INFO - [2025-07-22T09:16:22.470+0000] {dagbag.py:545} INFO - Filling up the DagBag from /home/airflow/.local/lib/python3.12/site-packages/airflow/example_dags/tutorial_objectstorage.py
[2025-07-22T09:16:22.479+0000] {processor.py:840} INFO - DAG(s) 'tutorial_objectstorage' retrieved from /home/airflow/.local/lib/python3.12/site-packages/airflow/example_dags/tutorial_objectstorage.py
[2025-07-22T09:16:22.500+0000] {logging_mixin.py:188} INFO - [2025-07-22T09:16:22.500+0000] {dag.py:3096} INFO - Sync 1 DAGs
[2025-07-22T09:16:22.514+0000] {logging_mixin.py:188} INFO - [2025-07-22T09:16:22.514+0000] {dag.py:3954} INFO - Setting next_dagrun for tutorial_objectstorage to None, run_after=None
[2025-07-22T09:16:22.537+0000] {processor.py:183} INFO - Processing /home/airflow/.local/lib/python3.12/site-packages/airflow/example_dags/tutorial_objectstorage.py took 0.077 seconds
[2025-07-22T09:16:52.625+0000] {processor.py:161} INFO - Started process (PID=2989) to work on /home/airflow/.local/lib/python3.12/site-packages/airflow/example_dags/tutorial_objectstorage.py
[2025-07-22T09:16:52.626+0000] {processor.py:830} INFO - Processing file /home/airflow/.local/lib/python3.12/site-packages/airflow/example_dags/tutorial_objectstorage.py for tasks to queue
[2025-07-22T09:16:52.629+0000] {logging_mixin.py:188} INFO - [2025-07-22T09:16:52.628+0000] {dagbag.py:545} INFO - Filling up the DagBag from /home/airflow/.local/lib/python3.12/site-packages/airflow/example_dags/tutorial_objectstorage.py
[2025-07-22T09:16:52.636+0000] {processor.py:840} INFO - DAG(s) 'tutorial_objectstorage' retrieved from /home/airflow/.local/lib/python3.12/site-packages/airflow/example_dags/tutorial_objectstorage.py
[2025-07-22T09:16:52.657+0000] {logging_mixin.py:188} INFO - [2025-07-22T09:16:52.657+0000] {dag.py:3096} INFO - Sync 1 DAGs
[2025-07-22T09:16:52.671+0000] {logging_mixin.py:188} INFO - [2025-07-22T09:16:52.671+0000] {dag.py:3954} INFO - Setting next_dagrun for tutorial_objectstorage to None, run_after=None
[2025-07-22T09:16:52.694+0000] {processor.py:183} INFO - Processing /home/airflow/.local/lib/python3.12/site-packages/airflow/example_dags/tutorial_objectstorage.py took 0.075 seconds
[2025-07-22T09:17:23.364+0000] {processor.py:161} INFO - Started process (PID=3049) to work on /home/airflow/.local/lib/python3.12/site-packages/airflow/example_dags/tutorial_objectstorage.py
[2025-07-22T09:17:23.365+0000] {processor.py:830} INFO - Processing file /home/airflow/.local/lib/python3.12/site-packages/airflow/example_dags/tutorial_objectstorage.py for tasks to queue
[2025-07-22T09:17:23.367+0000] {logging_mixin.py:188} INFO - [2025-07-22T09:17:23.367+0000] {dagbag.py:545} INFO - Filling up the DagBag from /home/airflow/.local/lib/python3.12/site-packages/airflow/example_dags/tutorial_objectstorage.py
[2025-07-22T09:17:23.375+0000] {processor.py:840} INFO - DAG(s) 'tutorial_objectstorage' retrieved from /home/airflow/.local/lib/python3.12/site-packages/airflow/example_dags/tutorial_objectstorage.py
[2025-07-22T09:17:23.397+0000] {logging_mixin.py:188} INFO - [2025-07-22T09:17:23.397+0000] {dag.py:3096} INFO - Sync 1 DAGs
[2025-07-22T09:17:23.410+0000] {logging_mixin.py:188} INFO - [2025-07-22T09:17:23.410+0000] {dag.py:3954} INFO - Setting next_dagrun for tutorial_objectstorage to None, run_after=None
[2025-07-22T09:17:23.433+0000] {processor.py:183} INFO - Processing /home/airflow/.local/lib/python3.12/site-packages/airflow/example_dags/tutorial_objectstorage.py took 0.076 seconds
[2025-07-22T09:17:53.652+0000] {processor.py:161} INFO - Started process (PID=3109) to work on /home/airflow/.local/lib/python3.12/site-packages/airflow/example_dags/tutorial_objectstorage.py
[2025-07-22T09:17:53.654+0000] {processor.py:830} INFO - Processing file /home/airflow/.local/lib/python3.12/site-packages/airflow/example_dags/tutorial_objectstorage.py for tasks to queue
[2025-07-22T09:17:53.656+0000] {logging_mixin.py:188} INFO - [2025-07-22T09:17:53.656+0000] {dagbag.py:545} INFO - Filling up the DagBag from /home/airflow/.local/lib/python3.12/site-packages/airflow/example_dags/tutorial_objectstorage.py
[2025-07-22T09:17:53.664+0000] {processor.py:840} INFO - DAG(s) 'tutorial_objectstorage' retrieved from /home/airflow/.local/lib/python3.12/site-packages/airflow/example_dags/tutorial_objectstorage.py
[2025-07-22T09:17:53.686+0000] {logging_mixin.py:188} INFO - [2025-07-22T09:17:53.686+0000] {dag.py:3096} INFO - Sync 1 DAGs
[2025-07-22T09:17:53.699+0000] {logging_mixin.py:188} INFO - [2025-07-22T09:17:53.699+0000] {dag.py:3954} INFO - Setting next_dagrun for tutorial_objectstorage to None, run_after=None
[2025-07-22T09:17:53.729+0000] {processor.py:183} INFO - Processing /home/airflow/.local/lib/python3.12/site-packages/airflow/example_dags/tutorial_objectstorage.py took 0.083 seconds
[2025-07-22T09:18:24.400+0000] {processor.py:161} INFO - Started process (PID=3169) to work on /home/airflow/.local/lib/python3.12/site-packages/airflow/example_dags/tutorial_objectstorage.py
[2025-07-22T09:18:24.402+0000] {processor.py:830} INFO - Processing file /home/airflow/.local/lib/python3.12/site-packages/airflow/example_dags/tutorial_objectstorage.py for tasks to queue
[2025-07-22T09:18:24.406+0000] {logging_mixin.py:188} INFO - [2025-07-22T09:18:24.406+0000] {dagbag.py:545} INFO - Filling up the DagBag from /home/airflow/.local/lib/python3.12/site-packages/airflow/example_dags/tutorial_objectstorage.py
[2025-07-22T09:18:24.430+0000] {processor.py:840} INFO - DAG(s) 'tutorial_objectstorage' retrieved from /home/airflow/.local/lib/python3.12/site-packages/airflow/example_dags/tutorial_objectstorage.py
[2025-07-22T09:18:24.475+0000] {logging_mixin.py:188} INFO - [2025-07-22T09:18:24.474+0000] {dag.py:3096} INFO - Sync 1 DAGs
[2025-07-22T09:18:24.506+0000] {logging_mixin.py:188} INFO - [2025-07-22T09:18:24.506+0000] {dag.py:3954} INFO - Setting next_dagrun for tutorial_objectstorage to None, run_after=None
[2025-07-22T09:18:24.534+0000] {processor.py:183} INFO - Processing /home/airflow/.local/lib/python3.12/site-packages/airflow/example_dags/tutorial_objectstorage.py took 0.146 seconds
[2025-07-22T09:18:55.061+0000] {processor.py:161} INFO - Started process (PID=3229) to work on /home/airflow/.local/lib/python3.12/site-packages/airflow/example_dags/tutorial_objectstorage.py
[2025-07-22T09:18:55.062+0000] {processor.py:830} INFO - Processing file /home/airflow/.local/lib/python3.12/site-packages/airflow/example_dags/tutorial_objectstorage.py for tasks to queue
[2025-07-22T09:18:55.066+0000] {logging_mixin.py:188} INFO - [2025-07-22T09:18:55.066+0000] {dagbag.py:545} INFO - Filling up the DagBag from /home/airflow/.local/lib/python3.12/site-packages/airflow/example_dags/tutorial_objectstorage.py
[2025-07-22T09:18:55.076+0000] {processor.py:840} INFO - DAG(s) 'tutorial_objectstorage' retrieved from /home/airflow/.local/lib/python3.12/site-packages/airflow/example_dags/tutorial_objectstorage.py
[2025-07-22T09:18:55.105+0000] {logging_mixin.py:188} INFO - [2025-07-22T09:18:55.105+0000] {dag.py:3096} INFO - Sync 1 DAGs
[2025-07-22T09:18:55.121+0000] {logging_mixin.py:188} INFO - [2025-07-22T09:18:55.121+0000] {dag.py:3954} INFO - Setting next_dagrun for tutorial_objectstorage to None, run_after=None
[2025-07-22T09:18:55.147+0000] {processor.py:183} INFO - Processing /home/airflow/.local/lib/python3.12/site-packages/airflow/example_dags/tutorial_objectstorage.py took 0.097 seconds
[2025-07-22T09:19:25.690+0000] {processor.py:161} INFO - Started process (PID=3289) to work on /home/airflow/.local/lib/python3.12/site-packages/airflow/example_dags/tutorial_objectstorage.py
[2025-07-22T09:19:25.692+0000] {processor.py:830} INFO - Processing file /home/airflow/.local/lib/python3.12/site-packages/airflow/example_dags/tutorial_objectstorage.py for tasks to queue
[2025-07-22T09:19:25.694+0000] {logging_mixin.py:188} INFO - [2025-07-22T09:19:25.694+0000] {dagbag.py:545} INFO - Filling up the DagBag from /home/airflow/.local/lib/python3.12/site-packages/airflow/example_dags/tutorial_objectstorage.py
[2025-07-22T09:19:25.702+0000] {processor.py:840} INFO - DAG(s) 'tutorial_objectstorage' retrieved from /home/airflow/.local/lib/python3.12/site-packages/airflow/example_dags/tutorial_objectstorage.py
[2025-07-22T09:19:25.724+0000] {logging_mixin.py:188} INFO - [2025-07-22T09:19:25.724+0000] {dag.py:3096} INFO - Sync 1 DAGs
[2025-07-22T09:19:25.737+0000] {logging_mixin.py:188} INFO - [2025-07-22T09:19:25.737+0000] {dag.py:3954} INFO - Setting next_dagrun for tutorial_objectstorage to None, run_after=None
[2025-07-22T09:19:25.766+0000] {processor.py:183} INFO - Processing /home/airflow/.local/lib/python3.12/site-packages/airflow/example_dags/tutorial_objectstorage.py took 0.083 seconds
[2025-07-22T09:19:56.056+0000] {processor.py:161} INFO - Started process (PID=3349) to work on /home/airflow/.local/lib/python3.12/site-packages/airflow/example_dags/tutorial_objectstorage.py
[2025-07-22T09:19:56.058+0000] {processor.py:830} INFO - Processing file /home/airflow/.local/lib/python3.12/site-packages/airflow/example_dags/tutorial_objectstorage.py for tasks to queue
[2025-07-22T09:19:56.061+0000] {logging_mixin.py:188} INFO - [2025-07-22T09:19:56.060+0000] {dagbag.py:545} INFO - Filling up the DagBag from /home/airflow/.local/lib/python3.12/site-packages/airflow/example_dags/tutorial_objectstorage.py
[2025-07-22T09:19:56.074+0000] {processor.py:840} INFO - DAG(s) 'tutorial_objectstorage' retrieved from /home/airflow/.local/lib/python3.12/site-packages/airflow/example_dags/tutorial_objectstorage.py
[2025-07-22T09:19:56.118+0000] {logging_mixin.py:188} INFO - [2025-07-22T09:19:56.118+0000] {dag.py:3096} INFO - Sync 1 DAGs
[2025-07-22T09:19:56.137+0000] {logging_mixin.py:188} INFO - [2025-07-22T09:19:56.136+0000] {dag.py:3954} INFO - Setting next_dagrun for tutorial_objectstorage to None, run_after=None
[2025-07-22T09:19:56.165+0000] {processor.py:183} INFO - Processing /home/airflow/.local/lib/python3.12/site-packages/airflow/example_dags/tutorial_objectstorage.py took 0.118 seconds
[2025-07-22T09:20:26.571+0000] {processor.py:161} INFO - Started process (PID=3409) to work on /home/airflow/.local/lib/python3.12/site-packages/airflow/example_dags/tutorial_objectstorage.py
[2025-07-22T09:20:26.573+0000] {processor.py:830} INFO - Processing file /home/airflow/.local/lib/python3.12/site-packages/airflow/example_dags/tutorial_objectstorage.py for tasks to queue
[2025-07-22T09:20:26.576+0000] {logging_mixin.py:188} INFO - [2025-07-22T09:20:26.575+0000] {dagbag.py:545} INFO - Filling up the DagBag from /home/airflow/.local/lib/python3.12/site-packages/airflow/example_dags/tutorial_objectstorage.py
[2025-07-22T09:20:26.585+0000] {processor.py:840} INFO - DAG(s) 'tutorial_objectstorage' retrieved from /home/airflow/.local/lib/python3.12/site-packages/airflow/example_dags/tutorial_objectstorage.py
[2025-07-22T09:20:26.616+0000] {logging_mixin.py:188} INFO - [2025-07-22T09:20:26.615+0000] {dag.py:3096} INFO - Sync 1 DAGs
[2025-07-22T09:20:26.633+0000] {logging_mixin.py:188} INFO - [2025-07-22T09:20:26.632+0000] {dag.py:3954} INFO - Setting next_dagrun for tutorial_objectstorage to None, run_after=None
[2025-07-22T09:20:26.669+0000] {processor.py:183} INFO - Processing /home/airflow/.local/lib/python3.12/site-packages/airflow/example_dags/tutorial_objectstorage.py took 0.113 seconds
[2025-07-22T09:20:56.746+0000] {processor.py:161} INFO - Started process (PID=3469) to work on /home/airflow/.local/lib/python3.12/site-packages/airflow/example_dags/tutorial_objectstorage.py
[2025-07-22T09:20:56.748+0000] {processor.py:830} INFO - Processing file /home/airflow/.local/lib/python3.12/site-packages/airflow/example_dags/tutorial_objectstorage.py for tasks to queue
[2025-07-22T09:20:56.750+0000] {logging_mixin.py:188} INFO - [2025-07-22T09:20:56.750+0000] {dagbag.py:545} INFO - Filling up the DagBag from /home/airflow/.local/lib/python3.12/site-packages/airflow/example_dags/tutorial_objectstorage.py
[2025-07-22T09:20:56.768+0000] {processor.py:840} INFO - DAG(s) 'tutorial_objectstorage' retrieved from /home/airflow/.local/lib/python3.12/site-packages/airflow/example_dags/tutorial_objectstorage.py
[2025-07-22T09:20:56.800+0000] {logging_mixin.py:188} INFO - [2025-07-22T09:20:56.799+0000] {dag.py:3096} INFO - Sync 1 DAGs
[2025-07-22T09:20:56.818+0000] {logging_mixin.py:188} INFO - [2025-07-22T09:20:56.818+0000] {dag.py:3954} INFO - Setting next_dagrun for tutorial_objectstorage to None, run_after=None
[2025-07-22T09:20:56.847+0000] {processor.py:183} INFO - Processing /home/airflow/.local/lib/python3.12/site-packages/airflow/example_dags/tutorial_objectstorage.py took 0.109 seconds
[2025-07-22T09:21:27.047+0000] {processor.py:161} INFO - Started process (PID=3530) to work on /home/airflow/.local/lib/python3.12/site-packages/airflow/example_dags/tutorial_objectstorage.py
[2025-07-22T09:21:27.049+0000] {processor.py:830} INFO - Processing file /home/airflow/.local/lib/python3.12/site-packages/airflow/example_dags/tutorial_objectstorage.py for tasks to queue
[2025-07-22T09:21:27.051+0000] {logging_mixin.py:188} INFO - [2025-07-22T09:21:27.051+0000] {dagbag.py:545} INFO - Filling up the DagBag from /home/airflow/.local/lib/python3.12/site-packages/airflow/example_dags/tutorial_objectstorage.py
[2025-07-22T09:21:27.059+0000] {processor.py:840} INFO - DAG(s) 'tutorial_objectstorage' retrieved from /home/airflow/.local/lib/python3.12/site-packages/airflow/example_dags/tutorial_objectstorage.py
[2025-07-22T09:21:27.083+0000] {logging_mixin.py:188} INFO - [2025-07-22T09:21:27.083+0000] {dag.py:3096} INFO - Sync 1 DAGs
[2025-07-22T09:21:27.096+0000] {logging_mixin.py:188} INFO - [2025-07-22T09:21:27.096+0000] {dag.py:3954} INFO - Setting next_dagrun for tutorial_objectstorage to None, run_after=None
[2025-07-22T09:21:27.120+0000] {processor.py:183} INFO - Processing /home/airflow/.local/lib/python3.12/site-packages/airflow/example_dags/tutorial_objectstorage.py took 0.079 seconds
[2025-07-22T09:21:57.469+0000] {processor.py:161} INFO - Started process (PID=3590) to work on /home/airflow/.local/lib/python3.12/site-packages/airflow/example_dags/tutorial_objectstorage.py
[2025-07-22T09:21:57.470+0000] {processor.py:830} INFO - Processing file /home/airflow/.local/lib/python3.12/site-packages/airflow/example_dags/tutorial_objectstorage.py for tasks to queue
[2025-07-22T09:21:57.473+0000] {logging_mixin.py:188} INFO - [2025-07-22T09:21:57.472+0000] {dagbag.py:545} INFO - Filling up the DagBag from /home/airflow/.local/lib/python3.12/site-packages/airflow/example_dags/tutorial_objectstorage.py
[2025-07-22T09:21:57.480+0000] {processor.py:840} INFO - DAG(s) 'tutorial_objectstorage' retrieved from /home/airflow/.local/lib/python3.12/site-packages/airflow/example_dags/tutorial_objectstorage.py
[2025-07-22T09:21:57.501+0000] {logging_mixin.py:188} INFO - [2025-07-22T09:21:57.501+0000] {dag.py:3096} INFO - Sync 1 DAGs
[2025-07-22T09:21:57.514+0000] {logging_mixin.py:188} INFO - [2025-07-22T09:21:57.514+0000] {dag.py:3954} INFO - Setting next_dagrun for tutorial_objectstorage to None, run_after=None
[2025-07-22T09:21:57.544+0000] {processor.py:183} INFO - Processing /home/airflow/.local/lib/python3.12/site-packages/airflow/example_dags/tutorial_objectstorage.py took 0.082 seconds
[2025-07-22T09:22:27.775+0000] {processor.py:161} INFO - Started process (PID=3650) to work on /home/airflow/.local/lib/python3.12/site-packages/airflow/example_dags/tutorial_objectstorage.py
[2025-07-22T09:22:27.776+0000] {processor.py:830} INFO - Processing file /home/airflow/.local/lib/python3.12/site-packages/airflow/example_dags/tutorial_objectstorage.py for tasks to queue
[2025-07-22T09:22:27.778+0000] {logging_mixin.py:188} INFO - [2025-07-22T09:22:27.778+0000] {dagbag.py:545} INFO - Filling up the DagBag from /home/airflow/.local/lib/python3.12/site-packages/airflow/example_dags/tutorial_objectstorage.py
[2025-07-22T09:22:27.786+0000] {processor.py:840} INFO - DAG(s) 'tutorial_objectstorage' retrieved from /home/airflow/.local/lib/python3.12/site-packages/airflow/example_dags/tutorial_objectstorage.py
[2025-07-22T09:22:27.808+0000] {logging_mixin.py:188} INFO - [2025-07-22T09:22:27.807+0000] {dag.py:3096} INFO - Sync 1 DAGs
[2025-07-22T09:22:27.821+0000] {logging_mixin.py:188} INFO - [2025-07-22T09:22:27.821+0000] {dag.py:3954} INFO - Setting next_dagrun for tutorial_objectstorage to None, run_after=None
[2025-07-22T09:22:27.845+0000] {processor.py:183} INFO - Processing /home/airflow/.local/lib/python3.12/site-packages/airflow/example_dags/tutorial_objectstorage.py took 0.077 seconds
